[2025-09-01 02:00:34] SlimMonoLogger.INFO: Cron ran at: 01-09-2025 02:00:34 AM [] []
[2025-09-01 02:05:31] SlimMonoLogger.INFO: Cron ran at: 01-09-2025 02:05:31 AM [] []
[2025-09-01 02:10:35] SlimMonoLogger.INFO: Cron ran at: 01-09-2025 02:10:35 AM [] []
[2025-09-01 02:15:32] SlimMonoLogger.INFO: Cron ran at: 01-09-2025 02:15:32 AM [] []
[2025-09-01 02:20:36] SlimMonoLogger.INFO: Cron ran at: 01-09-2025 02:20:36 AM [] []
[2025-09-01 02:25:37] SlimMonoLogger.INFO: Cron ran at: 01-09-2025 02:25:37 AM [] []
[2025-09-01 02:30:34] SlimMonoLogger.INFO: Cron ran at: 01-09-2025 02:30:34 AM [] []
[2025-09-01 02:35:36] SlimMonoLogger.INFO: Cron ran at: 01-09-2025 02:35:36 AM [] []
[2025-09-01 02:40:31] SlimMonoLogger.INFO: Cron ran at: 01-09-2025 02:40:31 AM [] []
[2025-09-01 02:45:37] SlimMonoLogger.INFO: Cron ran at: 01-09-2025 02:45:37 AM [] []
[2025-09-01 02:50:33] SlimMonoLogger.INFO: Cron ran at: 01-09-2025 02:50:33 AM [] []
[2025-09-01 02:55:38] SlimMonoLogger.INFO: Cron ran at: 01-09-2025 02:55:38 AM [] []
[2025-09-01 03:00:38] SlimMonoLogger.INFO: Cron ran at: 01-09-2025 03:00:38 AM [] []
[2025-09-01 03:05:31] SlimMonoLogger.INFO: Cron ran at: 01-09-2025 03:05:31 AM [] []
[2025-09-01 03:10:47] SlimMonoLogger.INFO: Cron ran at: 01-09-2025 03:10:47 AM [] []
[2025-09-01 03:15:36] SlimMonoLogger.INFO: Cron ran at: 01-09-2025 03:15:36 AM [] []
[2025-09-01 03:20:36] SlimMonoLogger.INFO: Cron ran at: 01-09-2025 03:20:36 AM [] []
[2025-09-01 03:25:29] SlimMonoLogger.INFO: Cron ran at: 01-09-2025 03:25:29 AM [] []
[2025-09-01 03:30:38] SlimMonoLogger.INFO: Cron ran at: 01-09-2025 03:30:38 AM [] []
[2025-09-01 03:35:35] SlimMonoLogger.INFO: Cron ran at: 01-09-2025 03:35:35 AM [] []
[2025-09-01 03:40:34] SlimMonoLogger.INFO: Cron ran at: 01-09-2025 03:40:34 AM [] []
[2025-09-01 03:45:33] SlimMonoLogger.INFO: Cron ran at: 01-09-2025 03:45:33 AM [] []
[2025-09-01 03:50:30] SlimMonoLogger.INFO: Cron ran at: 01-09-2025 03:50:30 AM [] []
[2025-09-01 03:55:29] SlimMonoLogger.INFO: Cron ran at: 01-09-2025 03:55:29 AM [] []
[2025-09-01 04:00:37] SlimMonoLogger.INFO: Cron ran at: 01-09-2025 04:00:37 AM [] []
[2025-09-01 04:05:33] SlimMonoLogger.INFO: Cron ran at: 01-09-2025 04:05:33 AM [] []
[2025-09-01 04:10:28] SlimMonoLogger.INFO: Cron ran at: 01-09-2025 04:10:28 AM [] []
[2025-09-01 04:15:31] SlimMonoLogger.INFO: Cron ran at: 01-09-2025 04:15:31 AM [] []
[2025-09-01 04:20:36] SlimMonoLogger.INFO: Cron ran at: 01-09-2025 04:20:36 AM [] []
[2025-09-01 04:25:34] SlimMonoLogger.INFO: Cron ran at: 01-09-2025 04:25:34 AM [] []
[2025-09-01 04:30:33] SlimMonoLogger.INFO: Cron ran at: 01-09-2025 04:30:33 AM [] []
[2025-09-01 04:35:33] SlimMonoLogger.INFO: Cron ran at: 01-09-2025 04:35:33 AM [] []
[2025-09-01 04:40:27] SlimMonoLogger.INFO: Cron ran at: 01-09-2025 04:40:27 AM [] []
[2025-09-01 04:45:32] SlimMonoLogger.INFO: Cron ran at: 01-09-2025 04:45:32 AM [] []
[2025-09-01 04:50:28] SlimMonoLogger.INFO: Cron ran at: 01-09-2025 04:50:28 AM [] []
[2025-09-01 04:55:33] SlimMonoLogger.INFO: Cron ran at: 01-09-2025 04:55:33 AM [] []
[2025-09-01 05:00:44] SlimMonoLogger.INFO: Cron ran at: 01-09-2025 05:00:44 AM [] []
[2025-09-01 05:05:38] SlimMonoLogger.INFO: Cron ran at: 01-09-2025 05:05:38 AM [] []
[2025-09-01 05:10:32] SlimMonoLogger.INFO: Cron ran at: 01-09-2025 05:10:32 AM [] []
[2025-09-01 05:15:32] SlimMonoLogger.INFO: Cron ran at: 01-09-2025 05:15:32 AM [] []
[2025-09-01 05:20:34] SlimMonoLogger.INFO: Cron ran at: 01-09-2025 05:20:34 AM [] []
[2025-09-01 05:25:34] SlimMonoLogger.INFO: Cron ran at: 01-09-2025 05:25:34 AM [] []
[2025-09-01 05:30:43] SlimMonoLogger.INFO: Cron ran at: 01-09-2025 05:30:43 AM [] []
[2025-09-01 05:35:43] SlimMonoLogger.INFO: Cron ran at: 01-09-2025 05:35:43 AM [] []
[2025-09-01 05:40:37] SlimMonoLogger.INFO: Cron ran at: 01-09-2025 05:40:37 AM [] []
[2025-09-01 05:45:40] SlimMonoLogger.INFO: Cron ran at: 01-09-2025 05:45:40 AM [] []
[2025-09-01 05:50:42] SlimMonoLogger.INFO: Cron ran at: 01-09-2025 05:50:42 AM [] []
[2025-09-01 05:55:35] SlimMonoLogger.INFO: Cron ran at: 01-09-2025 05:55:35 AM [] []
[2025-09-01 06:00:42] SlimMonoLogger.INFO: Cron ran at: 01-09-2025 06:00:42 AM [] []
[2025-09-01 06:05:31] SlimMonoLogger.INFO: Cron ran at: 01-09-2025 06:05:31 AM [] []
[2025-09-01 06:10:30] SlimMonoLogger.INFO: Cron ran at: 01-09-2025 06:10:30 AM [] []
[2025-09-01 06:16:00] SlimMonoLogger.INFO: Cron ran at: 01-09-2025 06:16:00 AM [] []
[2025-09-01 06:20:44] SlimMonoLogger.INFO: Cron ran at: 01-09-2025 06:20:44 AM [] []
[2025-09-01 06:25:35] SlimMonoLogger.INFO: Cron ran at: 01-09-2025 06:25:35 AM [] []
[2025-09-01 06:30:35] SlimMonoLogger.INFO: Cron ran at: 01-09-2025 06:30:35 AM [] []
[2025-09-01 06:35:33] SlimMonoLogger.INFO: Cron ran at: 01-09-2025 06:35:33 AM [] []
[2025-09-01 06:40:36] SlimMonoLogger.INFO: Cron ran at: 01-09-2025 06:40:36 AM [] []
[2025-09-01 06:45:33] SlimMonoLogger.INFO: Cron ran at: 01-09-2025 06:45:33 AM [] []
[2025-09-01 06:50:30] SlimMonoLogger.INFO: Cron ran at: 01-09-2025 06:50:30 AM [] []
[2025-09-01 06:55:41] SlimMonoLogger.INFO: Cron ran at: 01-09-2025 06:55:41 AM [] []
[2025-09-01 07:00:45] SlimMonoLogger.INFO: Cron ran at: 01-09-2025 07:00:45 AM [] []
[2025-09-01 07:05:34] SlimMonoLogger.INFO: Cron ran at: 01-09-2025 07:05:34 AM [] []
[2025-09-01 07:10:54] SlimMonoLogger.INFO: Cron ran at: 01-09-2025 07:10:54 AM [] []
[2025-09-01 07:15:56] SlimMonoLogger.INFO: Cron ran at: 01-09-2025 07:15:56 AM [] []
[2025-09-01 07:20:44] SlimMonoLogger.INFO: Cron ran at: 01-09-2025 07:20:44 AM [] []
[2025-09-01 07:25:35] SlimMonoLogger.INFO: Cron ran at: 01-09-2025 07:25:35 AM [] []
[2025-09-01 07:30:43] SlimMonoLogger.INFO: Cron ran at: 01-09-2025 07:30:43 AM [] []
[2025-09-01 07:35:37] SlimMonoLogger.INFO: Cron ran at: 01-09-2025 07:35:37 AM [] []
[2025-09-01 07:40:41] SlimMonoLogger.INFO: Cron ran at: 01-09-2025 07:40:41 AM [] []
[2025-09-01 07:45:37] SlimMonoLogger.INFO: Cron ran at: 01-09-2025 07:45:37 AM [] []
[2025-09-01 07:50:35] SlimMonoLogger.INFO: Cron ran at: 01-09-2025 07:50:35 AM [] []
[2025-09-01 07:55:40] SlimMonoLogger.INFO: Cron ran at: 01-09-2025 07:55:40 AM [] []
[2025-09-01 08:00:51] SlimMonoLogger.INFO: Cron ran at: 01-09-2025 08:00:51 AM [] []
[2025-09-01 08:05:46] SlimMonoLogger.INFO: Cron ran at: 01-09-2025 08:05:46 AM [] []
[2025-09-01 08:10:48] SlimMonoLogger.INFO: Cron ran at: 01-09-2025 08:10:48 AM [] []
[2025-09-01 08:15:44] SlimMonoLogger.INFO: Cron ran at: 01-09-2025 08:15:44 AM [] []
[2025-09-01 08:20:49] SlimMonoLogger.INFO: Cron ran at: 01-09-2025 08:20:49 AM [] []
[2025-09-01 08:25:42] SlimMonoLogger.INFO: Cron ran at: 01-09-2025 08:25:42 AM [] []
[2025-09-01 08:31:08] SlimMonoLogger.INFO: Cron ran at: 01-09-2025 08:31:08 AM [] []
[2025-09-01 08:35:58] SlimMonoLogger.INFO: Cron ran at: 01-09-2025 08:35:58 AM [] []
[2025-09-01 08:41:15] SlimMonoLogger.INFO: Cron ran at: 01-09-2025 08:41:15 AM [] []
[2025-09-01 08:46:06] SlimMonoLogger.INFO: Cron ran at: 01-09-2025 08:46:06 AM [] []
[2025-09-01 08:50:58] SlimMonoLogger.INFO: Cron ran at: 01-09-2025 08:50:58 AM [] []
[2025-09-01 08:55:54] SlimMonoLogger.INFO: Cron ran at: 01-09-2025 08:55:54 AM [] []
[2025-09-01 09:01:04] SlimMonoLogger.INFO: Cron ran at: 01-09-2025 09:01:04 AM [] []
[2025-09-01 09:05:49] SlimMonoLogger.INFO: Cron ran at: 01-09-2025 09:05:49 AM [] []
[2025-09-01 09:11:05] SlimMonoLogger.INFO: Cron ran at: 01-09-2025 09:11:05 AM [] []
[2025-09-01 09:16:03] SlimMonoLogger.INFO: Cron ran at: 01-09-2025 09:16:03 AM [] []
[2025-09-01 09:21:03] SlimMonoLogger.INFO: Cron ran at: 01-09-2025 09:21:03 AM [] []
[2025-09-01 09:25:53] SlimMonoLogger.INFO: Cron ran at: 01-09-2025 09:25:53 AM [] []
[2025-09-01 09:31:03] SlimMonoLogger.INFO: Cron ran at: 01-09-2025 09:31:03 AM [] []
[2025-09-01 09:35:53] SlimMonoLogger.INFO: Cron ran at: 01-09-2025 09:35:53 AM [] []
[2025-09-01 09:41:11] SlimMonoLogger.INFO: Cron ran at: 01-09-2025 09:41:11 AM [] []
[2025-09-01 09:46:11] SlimMonoLogger.INFO: Cron ran at: 01-09-2025 09:46:11 AM [] []
[2025-09-01 09:50:58] SlimMonoLogger.INFO: Cron ran at: 01-09-2025 09:50:58 AM [] []
[2025-09-01 09:56:00] SlimMonoLogger.INFO: Cron ran at: 01-09-2025 09:56:00 AM [] []
[2025-09-01 10:01:02] SlimMonoLogger.INFO: Cron ran at: 01-09-2025 10:01:02 AM [] []
[2025-09-01 10:06:07] SlimMonoLogger.INFO: Cron ran at: 01-09-2025 10:06:07 AM [] []
[2025-09-01 10:10:44] SlimMonoLogger.INFO: Cron ran at: 01-09-2025 10:10:44 AM [] []
[2025-09-01 10:15:50] SlimMonoLogger.INFO: Cron ran at: 01-09-2025 10:15:50 AM [] []
[2025-09-01 10:21:01] SlimMonoLogger.INFO: Cron ran at: 01-09-2025 10:21:01 AM [] []
[2025-09-01 10:25:56] SlimMonoLogger.INFO: Cron ran at: 01-09-2025 10:25:56 AM [] []
[2025-09-01 10:31:23] SlimMonoLogger.INFO: Cron ran at: 01-09-2025 10:31:23 AM [] []
[2025-09-01 10:36:03] SlimMonoLogger.INFO: Cron ran at: 01-09-2025 10:36:03 AM [] []
[2025-09-01 10:41:16] SlimMonoLogger.INFO: Cron ran at: 01-09-2025 10:41:16 AM [] []
[2025-09-01 10:46:06] SlimMonoLogger.INFO: Cron ran at: 01-09-2025 10:46:06 AM [] []
[2025-09-01 10:51:12] SlimMonoLogger.INFO: Cron ran at: 01-09-2025 10:51:12 AM [] []
[2025-09-01 10:56:02] SlimMonoLogger.INFO: Cron ran at: 01-09-2025 10:56:02 AM [] []
[2025-09-01 11:01:35] SlimMonoLogger.INFO: Cron ran at: 01-09-2025 11:01:35 AM [] []
[2025-09-01 11:06:05] SlimMonoLogger.INFO: Cron ran at: 01-09-2025 11:06:05 AM [] []
[2025-09-01 11:11:10] SlimMonoLogger.INFO: Cron ran at: 01-09-2025 11:11:10 AM [] []
[2025-09-01 11:16:17] SlimMonoLogger.INFO: Cron ran at: 01-09-2025 11:16:17 AM [] []
[2025-09-01 11:20:59] SlimMonoLogger.INFO: Cron ran at: 01-09-2025 11:20:59 AM [] []
[2025-09-01 11:25:59] SlimMonoLogger.INFO: Cron ran at: 01-09-2025 11:25:59 AM [] []
[2025-09-01 11:30:58] SlimMonoLogger.INFO: Cron ran at: 01-09-2025 11:30:58 AM [] []
[2025-09-01 11:35:54] SlimMonoLogger.INFO: Cron ran at: 01-09-2025 11:35:54 AM [] []
[2025-09-01 11:40:59] SlimMonoLogger.INFO: Cron ran at: 01-09-2025 11:40:59 AM [] []
[2025-09-01 11:46:13] SlimMonoLogger.INFO: Cron ran at: 01-09-2025 11:46:13 AM [] []
[2025-09-01 11:50:54] SlimMonoLogger.INFO: Cron ran at: 01-09-2025 11:50:54 AM [] []
[2025-09-01 11:55:35] SlimMonoLogger.INFO: Cron ran at: 01-09-2025 11:55:35 AM [] []
[2025-09-01 12:00:41] SlimMonoLogger.INFO: Cron ran at: 01-09-2025 12:00:41 PM [] []
[2025-09-01 12:05:34] SlimMonoLogger.INFO: Cron ran at: 01-09-2025 12:05:34 PM [] []
[2025-09-01 12:10:43] SlimMonoLogger.INFO: Cron ran at: 01-09-2025 12:10:43 PM [] []
[2025-09-01 12:15:37] SlimMonoLogger.INFO: Cron ran at: 01-09-2025 12:15:37 PM [] []
[2025-09-01 12:20:40] SlimMonoLogger.INFO: Cron ran at: 01-09-2025 12:20:40 PM [] []
[2025-09-01 12:25:41] SlimMonoLogger.INFO: Cron ran at: 01-09-2025 12:25:41 PM [] []
[2025-09-01 12:30:47] SlimMonoLogger.INFO: Cron ran at: 01-09-2025 12:30:47 PM [] []
[2025-09-01 12:36:06] SlimMonoLogger.INFO: Cron ran at: 01-09-2025 12:36:06 PM [] []
[2025-09-01 12:40:57] SlimMonoLogger.INFO: Cron ran at: 01-09-2025 12:40:57 PM [] []
[2025-09-01 12:45:58] SlimMonoLogger.INFO: Cron ran at: 01-09-2025 12:45:58 PM [] []
[2025-09-01 12:50:52] SlimMonoLogger.INFO: Cron ran at: 01-09-2025 12:50:52 PM [] []
[2025-09-01 12:55:49] SlimMonoLogger.INFO: Cron ran at: 01-09-2025 12:55:49 PM [] []
[2025-09-01 13:01:01] SlimMonoLogger.INFO: Cron ran at: 01-09-2025 01:01:01 PM [] []
[2025-09-01 13:05:56] SlimMonoLogger.INFO: Cron ran at: 01-09-2025 01:05:56 PM [] []
[2025-09-01 13:10:49] SlimMonoLogger.INFO: Cron ran at: 01-09-2025 01:10:49 PM [] []
[2025-09-01 13:15:56] SlimMonoLogger.INFO: Cron ran at: 01-09-2025 01:15:56 PM [] []
[2025-09-01 13:21:04] SlimMonoLogger.INFO: Cron ran at: 01-09-2025 01:21:04 PM [] []
[2025-09-01 13:26:02] SlimMonoLogger.INFO: Cron ran at: 01-09-2025 01:26:02 PM [] []
[2025-09-01 13:30:57] SlimMonoLogger.INFO: Cron ran at: 01-09-2025 01:30:57 PM [] []
[2025-09-01 13:36:10] SlimMonoLogger.INFO: Cron ran at: 01-09-2025 01:36:10 PM [] []
[2025-09-01 13:40:48] SlimMonoLogger.INFO: Cron ran at: 01-09-2025 01:40:48 PM [] []
[2025-09-01 13:45:52] SlimMonoLogger.INFO: Cron ran at: 01-09-2025 01:45:52 PM [] []
[2025-09-01 13:50:59] SlimMonoLogger.INFO: Cron ran at: 01-09-2025 01:50:59 PM [] []
[2025-09-01 13:56:01] SlimMonoLogger.INFO: Cron ran at: 01-09-2025 01:56:01 PM [] []
[2025-09-01 14:01:06] SlimMonoLogger.INFO: Cron ran at: 01-09-2025 02:01:06 PM [] []
[2025-09-01 14:06:11] SlimMonoLogger.INFO: Cron ran at: 01-09-2025 02:06:11 PM [] []
[2025-09-01 14:11:00] SlimMonoLogger.INFO: Cron ran at: 01-09-2025 02:11:00 PM [] []
[2025-09-01 14:16:01] SlimMonoLogger.INFO: Cron ran at: 01-09-2025 02:16:01 PM [] []
[2025-09-01 14:21:05] SlimMonoLogger.INFO: Cron ran at: 01-09-2025 02:21:05 PM [] []
[2025-09-01 14:25:56] SlimMonoLogger.INFO: Cron ran at: 01-09-2025 02:25:56 PM [] []
[2025-09-01 14:31:10] SlimMonoLogger.INFO: Cron ran at: 01-09-2025 02:31:10 PM [] []
[2025-09-01 14:36:00] SlimMonoLogger.INFO: Cron ran at: 01-09-2025 02:36:00 PM [] []
[2025-09-01 14:40:55] SlimMonoLogger.INFO: Cron ran at: 01-09-2025 02:40:55 PM [] []
[2025-09-01 14:46:16] SlimMonoLogger.INFO: Cron ran at: 01-09-2025 02:46:16 PM [] []
[2025-09-01 14:51:09] SlimMonoLogger.INFO: Cron ran at: 01-09-2025 02:51:09 PM [] []
[2025-09-01 14:56:05] SlimMonoLogger.INFO: Cron ran at: 01-09-2025 02:56:05 PM [] []
[2025-09-01 15:01:31] SlimMonoLogger.INFO: Cron ran at: 01-09-2025 03:01:31 PM [] []
[2025-09-01 15:06:09] SlimMonoLogger.INFO: Cron ran at: 01-09-2025 03:06:09 PM [] []
[2025-09-01 15:11:00] SlimMonoLogger.INFO: Cron ran at: 01-09-2025 03:11:00 PM [] []
[2025-09-01 15:16:00] SlimMonoLogger.INFO: Cron ran at: 01-09-2025 03:16:00 PM [] []
[2025-09-01 15:20:58] SlimMonoLogger.INFO: Cron ran at: 01-09-2025 03:20:58 PM [] []
[2025-09-01 15:25:57] SlimMonoLogger.INFO: Cron ran at: 01-09-2025 03:25:57 PM [] []
[2025-09-01 15:31:02] SlimMonoLogger.INFO: Cron ran at: 01-09-2025 03:31:02 PM [] []
[2025-09-01 15:36:10] SlimMonoLogger.INFO: Cron ran at: 01-09-2025 03:36:10 PM [] []
[2025-09-01 15:40:51] SlimMonoLogger.INFO: Cron ran at: 01-09-2025 03:40:51 PM [] []
[2025-09-01 15:45:50] SlimMonoLogger.INFO: Cron ran at: 01-09-2025 03:45:50 PM [] []
[2025-09-01 15:50:51] SlimMonoLogger.INFO: Cron ran at: 01-09-2025 03:50:51 PM [] []
[2025-09-01 15:55:54] SlimMonoLogger.INFO: Cron ran at: 01-09-2025 03:55:54 PM [] []
[2025-09-01 16:01:00] SlimMonoLogger.INFO: Cron ran at: 01-09-2025 04:01:00 PM [] []
[2025-09-01 16:06:02] SlimMonoLogger.INFO: Cron ran at: 01-09-2025 04:06:02 PM [] []
[2025-09-01 16:10:59] SlimMonoLogger.INFO: Cron ran at: 01-09-2025 04:10:59 PM [] []
[2025-09-01 16:16:10] SlimMonoLogger.INFO: Cron ran at: 01-09-2025 04:16:10 PM [] []
[2025-09-01 16:21:19] SlimMonoLogger.INFO: Cron ran at: 01-09-2025 04:21:19 PM [] []
[2025-09-01 16:26:04] SlimMonoLogger.INFO: Cron ran at: 01-09-2025 04:26:04 PM [] []
[2025-09-01 16:31:01] SlimMonoLogger.INFO: Cron ran at: 01-09-2025 04:31:01 PM [] []
[2025-09-01 16:36:10] SlimMonoLogger.INFO: Cron ran at: 01-09-2025 04:36:10 PM [] []
[2025-09-01 16:41:00] SlimMonoLogger.INFO: Cron ran at: 01-09-2025 04:41:00 PM [] []
[2025-09-01 16:46:01] SlimMonoLogger.INFO: Cron ran at: 01-09-2025 04:46:01 PM [] []
[2025-09-01 16:50:47] SlimMonoLogger.INFO: Cron ran at: 01-09-2025 04:50:47 PM [] []
[2025-09-01 16:56:03] SlimMonoLogger.INFO: Cron ran at: 01-09-2025 04:56:03 PM [] []
[2025-09-01 15:00:17] SlimMonoLogger.CRITICAL: PDOException: SQLSTATE[HY000] [1040] Too many connections in /home/latihtal/public_html/agregator1/src/framework/PDO/Database.php:34
Stack trace:
#0 /home/latihtal/public_html/agregator1/src/framework/PDO/Database.php(34): PDO->__construct()
#1 /home/latihtal/public_html/agregator1/src/dependencies.php(73): Slim\PDO\Database->__construct()
#2 /home/latihtal/public_html/agregator1/src/framework/Helper/Set.php(231): {closure}()
#3 /home/latihtal/public_html/agregator1/src/framework/Helper/Set.php(88): Slim\Helper\Set->Slim\Helper\{closure}()
#4 /home/latihtal/public_html/agregator1/src/framework/Slim.php(232): Slim\Helper\Set->get()
#5 /home/latihtal/public_html/agregator1/src/models/Model.php(176): Slim\Slim->__get()
#6 /home/latihtal/public_html/agregator1/src/models/OptionModel.php(180): spark\models\Model->select()
#7 /home/latihtal/public_html/agregator1/src/models/OptionModel.php(40): spark\models\OptionModel->autoloadOptions()
#8 /home/latihtal/public_html/agregator1/src/dependencies.php(99): spark\models\OptionModel->__construct()
#9 /home/latihtal/public_html/agregator1/src/framework/Helper/Set.php(231): {closure}()
#10 /home/latihtal/public_html/agregator1/src/framework/Helper/Set.php(88): Slim\Helper\Set->Slim\Helper\{closure}()
#11 /home/latihtal/public_html/agregator1/src/framework/Slim.php(232): Slim\Helper\Set->get()
#12 /home/latihtal/public_html/agregator1/src/drivers/Views/ThemeManager.php(34): Slim\Slim->__get()
#13 /home/latihtal/public_html/agregator1/src/dependencies.php(142): spark\drivers\Views\ThemeManager->initEngine()
#14 /home/latihtal/public_html/agregator1/src/bootstrap.php(68): require('/home/latihtal/...')
#15 /home/latihtal/public_html/agregator1/index.php(4): require('/home/latihtal/...')
#16 {main} [] []
[2025-09-01 17:06:02] SlimMonoLogger.INFO: Cron ran at: 01-09-2025 05:06:02 PM [] []
[2025-09-01 17:11:09] SlimMonoLogger.INFO: Cron ran at: 01-09-2025 05:11:09 PM [] []
[2025-09-01 17:16:00] SlimMonoLogger.INFO: Cron ran at: 01-09-2025 05:16:00 PM [] []
[2025-09-01 17:21:03] SlimMonoLogger.INFO: Cron ran at: 01-09-2025 05:21:03 PM [] []
[2025-09-01 17:25:39] SlimMonoLogger.INFO: Cron ran at: 01-09-2025 05:25:39 PM [] []
[2025-09-01 17:30:40] SlimMonoLogger.INFO: Cron ran at: 01-09-2025 05:30:40 PM [] []
[2025-09-01 17:35:41] SlimMonoLogger.INFO: Cron ran at: 01-09-2025 05:35:41 PM [] []
[2025-09-01 17:40:42] SlimMonoLogger.INFO: Cron ran at: 01-09-2025 05:40:42 PM [] []
[2025-09-01 17:45:32] SlimMonoLogger.INFO: Cron ran at: 01-09-2025 05:45:32 PM [] []
[2025-09-01 17:50:44] SlimMonoLogger.INFO: Cron ran at: 01-09-2025 05:50:44 PM [] []
[2025-09-01 17:55:43] SlimMonoLogger.INFO: Cron ran at: 01-09-2025 05:55:43 PM [] []
[2025-09-01 18:00:34] SlimMonoLogger.INFO: Cron ran at: 01-09-2025 06:00:34 PM [] []
[2025-09-01 18:05:39] SlimMonoLogger.INFO: Cron ran at: 01-09-2025 06:05:39 PM [] []
[2025-09-01 18:10:44] SlimMonoLogger.INFO: Cron ran at: 01-09-2025 06:10:44 PM [] []
[2025-09-01 18:15:33] SlimMonoLogger.INFO: Cron ran at: 01-09-2025 06:15:33 PM [] []
[2025-09-01 18:20:34] SlimMonoLogger.INFO: Cron ran at: 01-09-2025 06:20:34 PM [] []
[2025-09-01 18:25:37] SlimMonoLogger.INFO: Cron ran at: 01-09-2025 06:25:37 PM [] []
[2025-09-01 18:30:35] SlimMonoLogger.INFO: Cron ran at: 01-09-2025 06:30:35 PM [] []
[2025-09-01 18:35:40] SlimMonoLogger.INFO: Cron ran at: 01-09-2025 06:35:40 PM [] []
[2025-09-01 18:40:41] SlimMonoLogger.INFO: Cron ran at: 01-09-2025 06:40:41 PM [] []
[2025-09-01 18:45:39] SlimMonoLogger.INFO: Cron ran at: 01-09-2025 06:45:39 PM [] []
[2025-09-01 18:50:39] SlimMonoLogger.INFO: Cron ran at: 01-09-2025 06:50:39 PM [] []
[2025-09-01 18:55:54] SlimMonoLogger.INFO: Cron ran at: 01-09-2025 06:55:54 PM [] []
[2025-09-01 19:00:52] SlimMonoLogger.INFO: Cron ran at: 01-09-2025 07:00:52 PM [] []
[2025-09-01 19:05:34] SlimMonoLogger.INFO: Cron ran at: 01-09-2025 07:05:34 PM [] []
[2025-09-01 19:10:41] SlimMonoLogger.INFO: Cron ran at: 01-09-2025 07:10:41 PM [] []
[2025-09-01 19:15:43] SlimMonoLogger.INFO: Cron ran at: 01-09-2025 07:15:43 PM [] []
[2025-09-01 19:20:36] SlimMonoLogger.INFO: Cron ran at: 01-09-2025 07:20:36 PM [] []
[2025-09-01 19:25:32] SlimMonoLogger.INFO: Cron ran at: 01-09-2025 07:25:32 PM [] []
[2025-09-01 19:30:37] SlimMonoLogger.INFO: Cron ran at: 01-09-2025 07:30:37 PM [] []
[2025-09-01 19:35:32] SlimMonoLogger.INFO: Cron ran at: 01-09-2025 07:35:32 PM [] []
[2025-09-01 19:40:35] SlimMonoLogger.INFO: Cron ran at: 01-09-2025 07:40:35 PM [] []
[2025-09-01 19:45:36] SlimMonoLogger.INFO: Cron ran at: 01-09-2025 07:45:36 PM [] []
[2025-09-01 19:50:32] SlimMonoLogger.INFO: Cron ran at: 01-09-2025 07:50:32 PM [] []
[2025-09-01 19:55:40] SlimMonoLogger.INFO: Cron ran at: 01-09-2025 07:55:40 PM [] []
[2025-09-01 20:00:37] SlimMonoLogger.INFO: Cron ran at: 01-09-2025 08:00:37 PM [] []
[2025-09-01 20:05:43] SlimMonoLogger.INFO: Cron ran at: 01-09-2025 08:05:43 PM [] []
[2025-09-01 20:10:43] SlimMonoLogger.INFO: Cron ran at: 01-09-2025 08:10:43 PM [] []
[2025-09-01 20:15:35] SlimMonoLogger.INFO: Cron ran at: 01-09-2025 08:15:35 PM [] []
[2025-09-01 20:20:33] SlimMonoLogger.INFO: Cron ran at: 01-09-2025 08:20:33 PM [] []
[2025-09-01 20:25:37] SlimMonoLogger.INFO: Cron ran at: 01-09-2025 08:25:37 PM [] []
[2025-09-01 20:30:41] SlimMonoLogger.INFO: Cron ran at: 01-09-2025 08:30:41 PM [] []
[2025-09-01 20:35:38] SlimMonoLogger.INFO: Cron ran at: 01-09-2025 08:35:38 PM [] []
[2025-09-01 20:40:56] SlimMonoLogger.INFO: Cron ran at: 01-09-2025 08:40:56 PM [] []
[2025-09-01 20:45:52] SlimMonoLogger.INFO: Cron ran at: 01-09-2025 08:45:52 PM [] []
[2025-09-01 20:50:45] SlimMonoLogger.INFO: Cron ran at: 01-09-2025 08:50:45 PM [] []
[2025-09-01 20:55:47] SlimMonoLogger.INFO: Cron ran at: 01-09-2025 08:55:47 PM [] []
[2025-09-01 21:00:53] SlimMonoLogger.INFO: Cron ran at: 01-09-2025 09:00:53 PM [] []
[2025-09-01 21:05:47] SlimMonoLogger.INFO: Cron ran at: 01-09-2025 09:05:47 PM [] []
[2025-09-01 21:10:43] SlimMonoLogger.INFO: Cron ran at: 01-09-2025 09:10:43 PM [] []
[2025-09-01 21:15:45] SlimMonoLogger.INFO: Cron ran at: 01-09-2025 09:15:45 PM [] []
[2025-09-01 21:20:34] SlimMonoLogger.INFO: Cron ran at: 01-09-2025 09:20:34 PM [] []
[2025-09-01 21:25:36] SlimMonoLogger.INFO: Cron ran at: 01-09-2025 09:25:36 PM [] []
[2025-09-01 21:30:42] SlimMonoLogger.INFO: Cron ran at: 01-09-2025 09:30:42 PM [] []
[2025-09-01 21:35:35] SlimMonoLogger.INFO: Cron ran at: 01-09-2025 09:35:35 PM [] []
[2025-09-01 21:40:33] SlimMonoLogger.INFO: Cron ran at: 01-09-2025 09:40:33 PM [] []
[2025-09-01 21:45:36] SlimMonoLogger.INFO: Cron ran at: 01-09-2025 09:45:36 PM [] []
[2025-09-01 21:50:33] SlimMonoLogger.INFO: Cron ran at: 01-09-2025 09:50:33 PM [] []
[2025-09-01 21:55:39] SlimMonoLogger.INFO: Cron ran at: 01-09-2025 09:55:39 PM [] []
[2025-09-01 22:00:40] SlimMonoLogger.INFO: Cron ran at: 01-09-2025 10:00:40 PM [] []
[2025-09-01 22:05:35] SlimMonoLogger.INFO: Cron ran at: 01-09-2025 10:05:35 PM [] []
[2025-09-01 22:10:35] SlimMonoLogger.INFO: Cron ran at: 01-09-2025 10:10:35 PM [] []
[2025-09-01 22:15:35] SlimMonoLogger.INFO: Cron ran at: 01-09-2025 10:15:35 PM [] []
[2025-09-01 22:20:36] SlimMonoLogger.INFO: Cron ran at: 01-09-2025 10:20:36 PM [] []
[2025-09-01 22:25:31] SlimMonoLogger.INFO: Cron ran at: 01-09-2025 10:25:31 PM [] []
[2025-09-01 22:30:37] SlimMonoLogger.INFO: Cron ran at: 01-09-2025 10:30:37 PM [] []
[2025-09-01 22:35:37] SlimMonoLogger.INFO: Cron ran at: 01-09-2025 10:35:37 PM [] []
[2025-09-01 22:40:30] SlimMonoLogger.INFO: Cron ran at: 01-09-2025 10:40:30 PM [] []
[2025-09-01 22:45:39] SlimMonoLogger.INFO: Cron ran at: 01-09-2025 10:45:39 PM [] []
[2025-09-01 22:50:37] SlimMonoLogger.INFO: Cron ran at: 01-09-2025 10:50:37 PM [] []
[2025-09-01 22:55:34] SlimMonoLogger.INFO: Cron ran at: 01-09-2025 10:55:34 PM [] []
[2025-09-01 23:00:41] SlimMonoLogger.INFO: Cron ran at: 01-09-2025 11:00:41 PM [] []
[2025-09-01 23:05:32] SlimMonoLogger.INFO: Cron ran at: 01-09-2025 11:05:32 PM [] []
[2025-09-01 23:10:31] SlimMonoLogger.INFO: Cron ran at: 01-09-2025 11:10:31 PM [] []
[2025-09-01 23:15:32] SlimMonoLogger.INFO: Cron ran at: 01-09-2025 11:15:32 PM [] []
[2025-09-01 23:20:32] SlimMonoLogger.INFO: Cron ran at: 01-09-2025 11:20:32 PM [] []
[2025-09-01 23:25:31] SlimMonoLogger.INFO: Cron ran at: 01-09-2025 11:25:31 PM [] []
[2025-09-01 23:30:34] SlimMonoLogger.INFO: Cron ran at: 01-09-2025 11:30:34 PM [] []
[2025-09-01 23:35:35] SlimMonoLogger.INFO: Cron ran at: 01-09-2025 11:35:35 PM [] []
[2025-09-01 23:40:35] SlimMonoLogger.INFO: Cron ran at: 01-09-2025 11:40:35 PM [] []
[2025-09-01 23:45:33] SlimMonoLogger.INFO: Cron ran at: 01-09-2025 11:45:33 PM [] []
[2025-09-01 23:50:34] SlimMonoLogger.INFO: Cron ran at: 01-09-2025 11:50:34 PM [] []
[2025-09-01 23:55:29] SlimMonoLogger.INFO: Cron ran at: 01-09-2025 11:55:29 PM [] []
[2025-09-02 00:00:33] SlimMonoLogger.INFO: Cron ran at: 02-09-2025 12:00:33 AM [] []
[2025-09-02 00:05:34] SlimMonoLogger.INFO: Cron ran at: 02-09-2025 12:05:34 AM [] []
[2025-09-02 00:10:29] SlimMonoLogger.INFO: Cron ran at: 02-09-2025 12:10:29 AM [] []
[2025-09-02 00:15:31] SlimMonoLogger.INFO: Cron ran at: 02-09-2025 12:15:31 AM [] []
[2025-09-02 00:20:31] SlimMonoLogger.INFO: Cron ran at: 02-09-2025 12:20:31 AM [] []
[2025-09-02 00:25:30] SlimMonoLogger.INFO: Cron ran at: 02-09-2025 12:25:30 AM [] []
[2025-09-02 00:30:31] SlimMonoLogger.INFO: Cron ran at: 02-09-2025 12:30:31 AM [] []
[2025-09-02 00:35:32] SlimMonoLogger.INFO: Cron ran at: 02-09-2025 12:35:32 AM [] []
[2025-09-02 00:40:29] SlimMonoLogger.INFO: Cron ran at: 02-09-2025 12:40:29 AM [] []
[2025-09-02 00:45:32] SlimMonoLogger.INFO: Cron ran at: 02-09-2025 12:45:32 AM [] []
[2025-09-02 00:50:32] SlimMonoLogger.INFO: Cron ran at: 02-09-2025 12:50:32 AM [] []
[2025-09-02 00:55:32] SlimMonoLogger.INFO: Cron ran at: 02-09-2025 12:55:32 AM [] []
[2025-09-02 01:00:29] SlimMonoLogger.INFO: Cron ran at: 02-09-2025 01:00:29 AM [] []
[2025-09-02 01:05:28] SlimMonoLogger.INFO: Cron ran at: 02-09-2025 01:05:28 AM [] []
[2025-09-02 01:10:36] SlimMonoLogger.INFO: Cron ran at: 02-09-2025 01:10:36 AM [] []
[2025-09-02 01:15:28] SlimMonoLogger.INFO: Cron ran at: 02-09-2025 01:15:28 AM [] []
[2025-09-02 01:20:27] SlimMonoLogger.INFO: Cron ran at: 02-09-2025 01:20:27 AM [] []
[2025-09-02 01:25:29] SlimMonoLogger.INFO: Cron ran at: 02-09-2025 01:25:29 AM [] []
[2025-09-02 01:30:32] SlimMonoLogger.INFO: Cron ran at: 02-09-2025 01:30:32 AM [] []
[2025-09-02 01:35:29] SlimMonoLogger.INFO: Cron ran at: 02-09-2025 01:35:29 AM [] []
[2025-09-02 01:40:28] SlimMonoLogger.INFO: Cron ran at: 02-09-2025 01:40:28 AM [] []
[2025-09-02 01:45:32] SlimMonoLogger.INFO: Cron ran at: 02-09-2025 01:45:32 AM [] []
[2025-09-02 01:50:31] SlimMonoLogger.INFO: Cron ran at: 02-09-2025 01:50:31 AM [] []
[2025-09-02 01:55:30] SlimMonoLogger.INFO: Cron ran at: 02-09-2025 01:55:30 AM [] []
