[2025-04-01 02:00:35] SlimMonoLogger.INFO: Cron ran at: 01-04-2025 02:00:35 AM [] []
[2025-04-01 02:05:28] SlimMonoLogger.INFO: Cron ran at: 01-04-2025 02:05:28 AM [] []
[2025-04-01 02:10:25] SlimMonoLogger.INFO: Cron ran at: 01-04-2025 02:10:25 AM [] []
[2025-04-01 02:15:38] SlimMonoLogger.INFO: Cron ran at: 01-04-2025 02:15:38 AM [] []
[2025-04-01 02:20:30] SlimMonoLogger.INFO: Cron ran at: 01-04-2025 02:20:30 AM [] []
[2025-04-01 02:25:36] SlimMonoLogger.INFO: Cron ran at: 01-04-2025 02:25:36 AM [] []
[2025-04-01 02:32:19] SlimMonoLogger.ERROR: Requests_Exception: cURL error 28: Failed to connect to antropol.mk port 443 after 129038 ms: Could not connect to server in /home/latihtal/public_html/agregator1/src/vendor/rmccue/requests/library/Requests/Transport/cURL.php:422
Stack trace:
#0 /home/latihtal/public_html/agregator1/src/vendor/rmccue/requests/library/Requests/Transport/cURL.php(177): Requests_Transport_cURL->process_response()
#1 /home/latihtal/public_html/agregator1/src/vendor/rmccue/requests/library/Requests.php(379): Requests_Transport_cURL->request()
#2 /home/latihtal/public_html/agregator1/src/vendor/rmccue/requests/library/Requests/Session.php(205): Requests::request()
#3 /home/latihtal/public_html/agregator1/src/vendor/rmccue/requests/library/Requests/Session.php(132): Requests_Session->request()
#4 /home/latihtal/public_html/agregator1/src/drivers/Http/RssImporter.php(144): Requests_Session->get()
#5 /home/latihtal/public_html/agregator1/src/controllers/Dashboard/DashboardFeedsController.php(534): spark\drivers\Http\RssImporter->fetchPosts()
#6 /home/latihtal/public_html/agregator1/src/controllers/Site/SiteController.php(722): spark\controllers\Dashboard\DashboardFeedsController::importFeedPosts()
#7 [internal function]: spark\controllers\Site\SiteController->runTasks()
#8 /home/latihtal/public_html/agregator1/src/framework/Route.php(173): call_user_func_array()
#9 [internal function]: Slim\Route->Slim\{closure}()
#10 /home/latihtal/public_html/agregator1/src/framework/Route.php(468): call_user_func_array()
#11 /home/latihtal/public_html/agregator1/src/framework/Slim.php(1364): Slim\Route->dispatch()
#12 /home/latihtal/public_html/agregator1/src/framework/Middleware/Flash.php(85): Slim\Slim->call()
#13 /home/latihtal/public_html/agregator1/src/framework/Middleware/MethodOverride.php(92): Slim\Middleware\Flash->call()
#14 /home/latihtal/public_html/agregator1/src/middlewares/CsrfGuard/CsrfGuard.php(47): Slim\Middleware\MethodOverride->call()
#15 /home/latihtal/public_html/agregator1/src/framework/Middleware/PrettyExceptions.php(67): spark\middlewares\CsrfGuard\CsrfGuard->call()
#16 /home/latihtal/public_html/agregator1/src/framework/Slim.php(1308): Slim\Middleware\PrettyExceptions->call()
#17 /home/latihtal/public_html/agregator1/index.php(6): Slim\Slim->run()
#18 {main} [] []
[2025-04-01 02:32:35] SlimMonoLogger.INFO: Cron ran at: 01-04-2025 02:32:35 AM [] []
[2025-04-01 02:35:32] SlimMonoLogger.INFO: Cron ran at: 01-04-2025 02:35:32 AM [] []
[2025-04-01 02:40:28] SlimMonoLogger.INFO: Cron ran at: 01-04-2025 02:40:28 AM [] []
[2025-04-01 02:45:32] SlimMonoLogger.INFO: Cron ran at: 01-04-2025 02:45:32 AM [] []
[2025-04-01 02:50:30] SlimMonoLogger.INFO: Cron ran at: 01-04-2025 02:50:30 AM [] []
[2025-04-01 02:55:31] SlimMonoLogger.INFO: Cron ran at: 01-04-2025 02:55:31 AM [] []
[2025-04-01 03:00:39] SlimMonoLogger.INFO: Cron ran at: 01-04-2025 03:00:39 AM [] []
[2025-04-01 03:05:31] SlimMonoLogger.INFO: Cron ran at: 01-04-2025 03:05:31 AM [] []
[2025-04-01 03:10:29] SlimMonoLogger.INFO: Cron ran at: 01-04-2025 03:10:29 AM [] []
[2025-04-01 03:15:36] SlimMonoLogger.INFO: Cron ran at: 01-04-2025 03:15:36 AM [] []
[2025-04-01 03:20:29] SlimMonoLogger.INFO: Cron ran at: 01-04-2025 03:20:29 AM [] []
[2025-04-01 03:25:40] SlimMonoLogger.INFO: Cron ran at: 01-04-2025 03:25:40 AM [] []
[2025-04-01 03:30:38] SlimMonoLogger.INFO: Cron ran at: 01-04-2025 03:30:38 AM [] []
[2025-04-01 03:35:41] SlimMonoLogger.INFO: Cron ran at: 01-04-2025 03:35:41 AM [] []
[2025-04-01 03:40:33] SlimMonoLogger.INFO: Cron ran at: 01-04-2025 03:40:33 AM [] []
[2025-04-01 03:45:38] SlimMonoLogger.INFO: Cron ran at: 01-04-2025 03:45:38 AM [] []
[2025-04-01 03:50:30] SlimMonoLogger.INFO: Cron ran at: 01-04-2025 03:50:30 AM [] []
[2025-04-01 03:55:37] SlimMonoLogger.INFO: Cron ran at: 01-04-2025 03:55:37 AM [] []
[2025-04-01 04:00:28] SlimMonoLogger.INFO: Cron ran at: 01-04-2025 04:00:28 AM [] []
[2025-04-01 04:05:31] SlimMonoLogger.INFO: Cron ran at: 01-04-2025 04:05:31 AM [] []
[2025-04-01 04:10:30] SlimMonoLogger.INFO: Cron ran at: 01-04-2025 04:10:30 AM [] []
[2025-04-01 04:15:32] SlimMonoLogger.INFO: Cron ran at: 01-04-2025 04:15:32 AM [] []
[2025-04-01 04:20:25] SlimMonoLogger.INFO: Cron ran at: 01-04-2025 04:20:25 AM [] []
[2025-04-01 04:25:34] SlimMonoLogger.INFO: Cron ran at: 01-04-2025 04:25:34 AM [] []
[2025-04-01 04:30:36] SlimMonoLogger.INFO: Cron ran at: 01-04-2025 04:30:36 AM [] []
[2025-04-01 04:35:35] SlimMonoLogger.INFO: Cron ran at: 01-04-2025 04:35:35 AM [] []
[2025-04-01 04:40:32] SlimMonoLogger.INFO: Cron ran at: 01-04-2025 04:40:32 AM [] []
[2025-04-01 04:45:29] SlimMonoLogger.INFO: Cron ran at: 01-04-2025 04:45:29 AM [] []
[2025-04-01 04:50:33] SlimMonoLogger.INFO: Cron ran at: 01-04-2025 04:50:33 AM [] []
[2025-04-01 04:55:29] SlimMonoLogger.INFO: Cron ran at: 01-04-2025 04:55:29 AM [] []
[2025-04-01 05:00:35] SlimMonoLogger.INFO: Cron ran at: 01-04-2025 05:00:35 AM [] []
[2025-04-01 05:05:31] SlimMonoLogger.INFO: Cron ran at: 01-04-2025 05:05:31 AM [] []
[2025-04-01 05:10:29] SlimMonoLogger.INFO: Cron ran at: 01-04-2025 05:10:29 AM [] []
[2025-04-01 05:15:32] SlimMonoLogger.INFO: Cron ran at: 01-04-2025 05:15:32 AM [] []
[2025-04-01 05:20:32] SlimMonoLogger.INFO: Cron ran at: 01-04-2025 05:20:32 AM [] []
[2025-04-01 05:25:32] SlimMonoLogger.INFO: Cron ran at: 01-04-2025 05:25:32 AM [] []
[2025-04-01 05:30:29] SlimMonoLogger.INFO: Cron ran at: 01-04-2025 05:30:29 AM [] []
[2025-04-01 05:35:32] SlimMonoLogger.INFO: Cron ran at: 01-04-2025 05:35:32 AM [] []
[2025-04-01 05:40:32] SlimMonoLogger.INFO: Cron ran at: 01-04-2025 05:40:32 AM [] []
[2025-04-01 05:45:37] SlimMonoLogger.INFO: Cron ran at: 01-04-2025 05:45:37 AM [] []
[2025-04-01 05:50:29] SlimMonoLogger.INFO: Cron ran at: 01-04-2025 05:50:29 AM [] []
[2025-04-01 05:55:32] SlimMonoLogger.INFO: Cron ran at: 01-04-2025 05:55:32 AM [] []
[2025-04-01 06:00:35] SlimMonoLogger.INFO: Cron ran at: 01-04-2025 06:00:35 AM [] []
[2025-04-01 06:05:30] SlimMonoLogger.INFO: Cron ran at: 01-04-2025 06:05:30 AM [] []
[2025-04-01 06:10:46] SlimMonoLogger.INFO: Cron ran at: 01-04-2025 06:10:46 AM [] []
[2025-04-01 06:15:29] SlimMonoLogger.INFO: Cron ran at: 01-04-2025 06:15:29 AM [] []
[2025-04-01 06:20:36] SlimMonoLogger.INFO: Cron ran at: 01-04-2025 06:20:36 AM [] []
[2025-04-01 06:25:37] SlimMonoLogger.INFO: Cron ran at: 01-04-2025 06:25:37 AM [] []
[2025-04-01 06:31:03] SlimMonoLogger.INFO: Cron ran at: 01-04-2025 06:31:03 AM [] []
[2025-04-01 06:35:39] SlimMonoLogger.INFO: Cron ran at: 01-04-2025 06:35:39 AM [] []
[2025-04-01 06:40:34] SlimMonoLogger.INFO: Cron ran at: 01-04-2025 06:40:34 AM [] []
[2025-04-01 06:45:27] SlimMonoLogger.INFO: Cron ran at: 01-04-2025 06:45:27 AM [] []
[2025-04-01 06:50:44] SlimMonoLogger.INFO: Cron ran at: 01-04-2025 06:50:44 AM [] []
[2025-04-01 06:55:36] SlimMonoLogger.INFO: Cron ran at: 01-04-2025 06:55:36 AM [] []
[2025-04-01 07:00:35] SlimMonoLogger.INFO: Cron ran at: 01-04-2025 07:00:35 AM [] []
[2025-04-01 07:05:35] SlimMonoLogger.INFO: Cron ran at: 01-04-2025 07:05:35 AM [] []
[2025-04-01 07:10:40] SlimMonoLogger.INFO: Cron ran at: 01-04-2025 07:10:40 AM [] []
[2025-04-01 07:15:41] SlimMonoLogger.INFO: Cron ran at: 01-04-2025 07:15:41 AM [] []
[2025-04-01 07:20:31] SlimMonoLogger.INFO: Cron ran at: 01-04-2025 07:20:31 AM [] []
[2025-04-01 07:25:36] SlimMonoLogger.INFO: Cron ran at: 01-04-2025 07:25:36 AM [] []
[2025-04-01 07:30:36] SlimMonoLogger.INFO: Cron ran at: 01-04-2025 07:30:36 AM [] []
[2025-04-01 07:35:44] SlimMonoLogger.INFO: Cron ran at: 01-04-2025 07:35:44 AM [] []
[2025-04-01 07:40:38] SlimMonoLogger.INFO: Cron ran at: 01-04-2025 07:40:38 AM [] []
[2025-04-01 07:45:38] SlimMonoLogger.INFO: Cron ran at: 01-04-2025 07:45:38 AM [] []
[2025-04-01 07:50:31] SlimMonoLogger.INFO: Cron ran at: 01-04-2025 07:50:31 AM [] []
[2025-04-01 07:56:02] SlimMonoLogger.INFO: Cron ran at: 01-04-2025 07:56:02 AM [] []
[2025-04-01 08:00:35] SlimMonoLogger.INFO: Cron ran at: 01-04-2025 08:00:35 AM [] []
[2025-04-01 08:05:34] SlimMonoLogger.INFO: Cron ran at: 01-04-2025 08:05:34 AM [] []
[2025-04-01 08:10:31] SlimMonoLogger.INFO: Cron ran at: 01-04-2025 08:10:31 AM [] []
[2025-04-01 08:15:35] SlimMonoLogger.INFO: Cron ran at: 01-04-2025 08:15:35 AM [] []
[2025-04-01 08:20:30] SlimMonoLogger.INFO: Cron ran at: 01-04-2025 08:20:30 AM [] []
[2025-04-01 08:25:39] SlimMonoLogger.INFO: Cron ran at: 01-04-2025 08:25:39 AM [] []
[2025-04-01 08:30:27] SlimMonoLogger.INFO: Cron ran at: 01-04-2025 08:30:27 AM [] []
[2025-04-01 08:35:32] SlimMonoLogger.INFO: Cron ran at: 01-04-2025 08:35:32 AM [] []
[2025-04-01 08:40:37] SlimMonoLogger.INFO: Cron ran at: 01-04-2025 08:40:37 AM [] []
[2025-04-01 08:50:33] SlimMonoLogger.INFO: Cron ran at: 01-04-2025 08:50:33 AM [] []
[2025-04-01 08:55:30] SlimMonoLogger.INFO: Cron ran at: 01-04-2025 08:55:30 AM [] []
[2025-04-01 09:00:42] SlimMonoLogger.INFO: Cron ran at: 01-04-2025 09:00:42 AM [] []
[2025-04-01 09:05:30] SlimMonoLogger.INFO: Cron ran at: 01-04-2025 09:05:30 AM [] []
[2025-04-01 09:10:35] SlimMonoLogger.INFO: Cron ran at: 01-04-2025 09:10:35 AM [] []
[2025-04-01 09:15:42] SlimMonoLogger.INFO: Cron ran at: 01-04-2025 09:15:42 AM [] []
[2025-04-01 09:20:40] SlimMonoLogger.INFO: Cron ran at: 01-04-2025 09:20:40 AM [] []
[2025-04-01 09:25:40] SlimMonoLogger.INFO: Cron ran at: 01-04-2025 09:25:40 AM [] []
[2025-04-01 09:30:41] SlimMonoLogger.INFO: Cron ran at: 01-04-2025 09:30:41 AM [] []
[2025-04-01 09:35:43] SlimMonoLogger.INFO: Cron ran at: 01-04-2025 09:35:43 AM [] []
[2025-04-01 09:40:32] SlimMonoLogger.INFO: Cron ran at: 01-04-2025 09:40:32 AM [] []
[2025-04-01 09:45:36] SlimMonoLogger.INFO: Cron ran at: 01-04-2025 09:45:36 AM [] []
[2025-04-01 09:50:40] SlimMonoLogger.INFO: Cron ran at: 01-04-2025 09:50:40 AM [] []
[2025-04-01 09:55:40] SlimMonoLogger.INFO: Cron ran at: 01-04-2025 09:55:40 AM [] []
[2025-04-01 10:00:46] SlimMonoLogger.INFO: Cron ran at: 01-04-2025 10:00:46 AM [] []
[2025-04-01 10:05:36] SlimMonoLogger.INFO: Cron ran at: 01-04-2025 10:05:36 AM [] []
[2025-04-01 10:10:39] SlimMonoLogger.INFO: Cron ran at: 01-04-2025 10:10:39 AM [] []
[2025-04-01 10:15:36] SlimMonoLogger.INFO: Cron ran at: 01-04-2025 10:15:36 AM [] []
[2025-04-01 10:20:34] SlimMonoLogger.INFO: Cron ran at: 01-04-2025 10:20:34 AM [] []
[2025-04-01 10:26:21] SlimMonoLogger.INFO: Cron ran at: 01-04-2025 10:26:21 AM [] []
[2025-04-01 10:30:51] SlimMonoLogger.INFO: Cron ran at: 01-04-2025 10:30:51 AM [] []
[2025-04-01 10:35:46] SlimMonoLogger.INFO: Cron ran at: 01-04-2025 10:35:46 AM [] []
[2025-04-01 10:40:31] SlimMonoLogger.INFO: Cron ran at: 01-04-2025 10:40:31 AM [] []
[2025-04-01 10:45:33] SlimMonoLogger.INFO: Cron ran at: 01-04-2025 10:45:33 AM [] []
[2025-04-01 10:50:34] SlimMonoLogger.INFO: Cron ran at: 01-04-2025 10:50:34 AM [] []
[2025-04-01 11:00:38] SlimMonoLogger.INFO: Cron ran at: 01-04-2025 11:00:38 AM [] []
[2025-04-01 11:05:38] SlimMonoLogger.INFO: Cron ran at: 01-04-2025 11:05:38 AM [] []
[2025-04-01 11:10:35] SlimMonoLogger.INFO: Cron ran at: 01-04-2025 11:10:35 AM [] []
[2025-04-01 11:15:38] SlimMonoLogger.INFO: Cron ran at: 01-04-2025 11:15:38 AM [] []
[2025-04-01 11:20:32] SlimMonoLogger.INFO: Cron ran at: 01-04-2025 11:20:32 AM [] []
[2025-04-01 11:25:35] SlimMonoLogger.INFO: Cron ran at: 01-04-2025 11:25:35 AM [] []
[2025-04-01 11:30:29] SlimMonoLogger.INFO: Cron ran at: 01-04-2025 11:30:29 AM [] []
[2025-04-01 11:35:28] SlimMonoLogger.INFO: Cron ran at: 01-04-2025 11:35:28 AM [] []
[2025-04-01 11:40:34] SlimMonoLogger.INFO: Cron ran at: 01-04-2025 11:40:34 AM [] []
[2025-04-01 11:45:37] SlimMonoLogger.INFO: Cron ran at: 01-04-2025 11:45:37 AM [] []
[2025-04-01 11:50:32] SlimMonoLogger.INFO: Cron ran at: 01-04-2025 11:50:32 AM [] []
[2025-04-01 11:55:30] SlimMonoLogger.INFO: Cron ran at: 01-04-2025 11:55:30 AM [] []
[2025-04-01 12:00:34] SlimMonoLogger.INFO: Cron ran at: 01-04-2025 12:00:34 PM [] []
[2025-04-01 12:05:28] SlimMonoLogger.INFO: Cron ran at: 01-04-2025 12:05:28 PM [] []
[2025-04-01 12:10:32] SlimMonoLogger.INFO: Cron ran at: 01-04-2025 12:10:32 PM [] []
[2025-04-01 12:15:28] SlimMonoLogger.INFO: Cron ran at: 01-04-2025 12:15:28 PM [] []
[2025-04-01 12:20:37] SlimMonoLogger.INFO: Cron ran at: 01-04-2025 12:20:37 PM [] []
[2025-04-01 12:25:36] SlimMonoLogger.INFO: Cron ran at: 01-04-2025 12:25:36 PM [] []
[2025-04-01 12:30:32] SlimMonoLogger.INFO: Cron ran at: 01-04-2025 12:30:32 PM [] []
[2025-04-01 12:35:38] SlimMonoLogger.INFO: Cron ran at: 01-04-2025 12:35:38 PM [] []
[2025-04-01 12:40:33] SlimMonoLogger.INFO: Cron ran at: 01-04-2025 12:40:33 PM [] []
[2025-04-01 12:45:39] SlimMonoLogger.INFO: Cron ran at: 01-04-2025 12:45:39 PM [] []
[2025-04-01 12:50:37] SlimMonoLogger.INFO: Cron ran at: 01-04-2025 12:50:37 PM [] []
[2025-04-01 12:55:33] SlimMonoLogger.INFO: Cron ran at: 01-04-2025 12:55:33 PM [] []
[2025-04-01 13:00:37] SlimMonoLogger.INFO: Cron ran at: 01-04-2025 01:00:37 PM [] []
[2025-04-01 13:05:40] SlimMonoLogger.INFO: Cron ran at: 01-04-2025 01:05:40 PM [] []
[2025-04-01 13:10:37] SlimMonoLogger.INFO: Cron ran at: 01-04-2025 01:10:37 PM [] []
[2025-04-01 13:15:34] SlimMonoLogger.INFO: Cron ran at: 01-04-2025 01:15:34 PM [] []
[2025-04-01 13:20:31] SlimMonoLogger.INFO: Cron ran at: 01-04-2025 01:20:31 PM [] []
[2025-04-01 13:25:40] SlimMonoLogger.INFO: Cron ran at: 01-04-2025 01:25:40 PM [] []
[2025-04-01 13:30:34] SlimMonoLogger.INFO: Cron ran at: 01-04-2025 01:30:34 PM [] []
[2025-04-01 13:35:32] SlimMonoLogger.INFO: Cron ran at: 01-04-2025 01:35:32 PM [] []
[2025-04-01 13:40:34] SlimMonoLogger.INFO: Cron ran at: 01-04-2025 01:40:34 PM [] []
[2025-04-01 13:45:31] SlimMonoLogger.INFO: Cron ran at: 01-04-2025 01:45:31 PM [] []
[2025-04-01 13:50:33] SlimMonoLogger.INFO: Cron ran at: 01-04-2025 01:50:33 PM [] []
[2025-04-01 13:55:31] SlimMonoLogger.INFO: Cron ran at: 01-04-2025 01:55:31 PM [] []
[2025-04-01 14:00:37] SlimMonoLogger.INFO: Cron ran at: 01-04-2025 02:00:37 PM [] []
[2025-04-01 14:05:32] SlimMonoLogger.INFO: Cron ran at: 01-04-2025 02:05:32 PM [] []
[2025-04-01 14:10:32] SlimMonoLogger.INFO: Cron ran at: 01-04-2025 02:10:32 PM [] []
[2025-04-01 14:15:28] SlimMonoLogger.INFO: Cron ran at: 01-04-2025 02:15:28 PM [] []
[2025-04-01 14:20:34] SlimMonoLogger.INFO: Cron ran at: 01-04-2025 02:20:34 PM [] []
[2025-04-01 14:25:31] SlimMonoLogger.INFO: Cron ran at: 01-04-2025 02:25:31 PM [] []
[2025-04-01 14:30:32] SlimMonoLogger.INFO: Cron ran at: 01-04-2025 02:30:32 PM [] []
[2025-04-01 14:35:35] SlimMonoLogger.INFO: Cron ran at: 01-04-2025 02:35:35 PM [] []
[2025-04-01 14:40:32] SlimMonoLogger.INFO: Cron ran at: 01-04-2025 02:40:32 PM [] []
[2025-04-01 14:45:34] SlimMonoLogger.INFO: Cron ran at: 01-04-2025 02:45:34 PM [] []
[2025-04-01 14:50:39] SlimMonoLogger.INFO: Cron ran at: 01-04-2025 02:50:39 PM [] []
[2025-04-01 14:55:29] SlimMonoLogger.INFO: Cron ran at: 01-04-2025 02:55:29 PM [] []
[2025-04-01 15:00:37] SlimMonoLogger.INFO: Cron ran at: 01-04-2025 03:00:37 PM [] []
[2025-04-01 15:05:36] SlimMonoLogger.INFO: Cron ran at: 01-04-2025 03:05:36 PM [] []
[2025-04-01 15:12:27] SlimMonoLogger.ERROR: Requests_Exception: cURL error 28: Failed to connect to antropol.mk port 443 after 131565 ms: Could not connect to server in /home/latihtal/public_html/agregator1/src/vendor/rmccue/requests/library/Requests/Transport/cURL.php:422
Stack trace:
#0 /home/latihtal/public_html/agregator1/src/vendor/rmccue/requests/library/Requests/Transport/cURL.php(177): Requests_Transport_cURL->process_response()
#1 /home/latihtal/public_html/agregator1/src/vendor/rmccue/requests/library/Requests.php(379): Requests_Transport_cURL->request()
#2 /home/latihtal/public_html/agregator1/src/vendor/rmccue/requests/library/Requests/Session.php(205): Requests::request()
#3 /home/latihtal/public_html/agregator1/src/vendor/rmccue/requests/library/Requests/Session.php(132): Requests_Session->request()
#4 /home/latihtal/public_html/agregator1/src/drivers/Http/RssImporter.php(144): Requests_Session->get()
#5 /home/latihtal/public_html/agregator1/src/controllers/Dashboard/DashboardFeedsController.php(534): spark\drivers\Http\RssImporter->fetchPosts()
#6 /home/latihtal/public_html/agregator1/src/controllers/Site/SiteController.php(722): spark\controllers\Dashboard\DashboardFeedsController::importFeedPosts()
#7 [internal function]: spark\controllers\Site\SiteController->runTasks()
#8 /home/latihtal/public_html/agregator1/src/framework/Route.php(173): call_user_func_array()
#9 [internal function]: Slim\Route->Slim\{closure}()
#10 /home/latihtal/public_html/agregator1/src/framework/Route.php(468): call_user_func_array()
#11 /home/latihtal/public_html/agregator1/src/framework/Slim.php(1364): Slim\Route->dispatch()
#12 /home/latihtal/public_html/agregator1/src/framework/Middleware/Flash.php(85): Slim\Slim->call()
#13 /home/latihtal/public_html/agregator1/src/framework/Middleware/MethodOverride.php(92): Slim\Middleware\Flash->call()
#14 /home/latihtal/public_html/agregator1/src/middlewares/CsrfGuard/CsrfGuard.php(47): Slim\Middleware\MethodOverride->call()
#15 /home/latihtal/public_html/agregator1/src/framework/Middleware/PrettyExceptions.php(67): spark\middlewares\CsrfGuard\CsrfGuard->call()
#16 /home/latihtal/public_html/agregator1/src/framework/Slim.php(1308): Slim\Middleware\PrettyExceptions->call()
#17 /home/latihtal/public_html/agregator1/index.php(6): Slim\Slim->run()
#18 {main} [] []
[2025-04-01 15:12:48] SlimMonoLogger.INFO: Cron ran at: 01-04-2025 03:12:48 PM [] []
[2025-04-01 15:15:30] SlimMonoLogger.INFO: Cron ran at: 01-04-2025 03:15:30 PM [] []
[2025-04-01 15:22:25] SlimMonoLogger.ERROR: Requests_Exception: cURL error 28: Failed to connect to antropol.mk port 443 after 132311 ms: Could not connect to server in /home/latihtal/public_html/agregator1/src/vendor/rmccue/requests/library/Requests/Transport/cURL.php:422
Stack trace:
#0 /home/latihtal/public_html/agregator1/src/vendor/rmccue/requests/library/Requests/Transport/cURL.php(177): Requests_Transport_cURL->process_response()
#1 /home/latihtal/public_html/agregator1/src/vendor/rmccue/requests/library/Requests.php(379): Requests_Transport_cURL->request()
#2 /home/latihtal/public_html/agregator1/src/vendor/rmccue/requests/library/Requests/Session.php(205): Requests::request()
#3 /home/latihtal/public_html/agregator1/src/vendor/rmccue/requests/library/Requests/Session.php(132): Requests_Session->request()
#4 /home/latihtal/public_html/agregator1/src/drivers/Http/RssImporter.php(144): Requests_Session->get()
#5 /home/latihtal/public_html/agregator1/src/controllers/Dashboard/DashboardFeedsController.php(534): spark\drivers\Http\RssImporter->fetchPosts()
#6 /home/latihtal/public_html/agregator1/src/controllers/Site/SiteController.php(722): spark\controllers\Dashboard\DashboardFeedsController::importFeedPosts()
#7 [internal function]: spark\controllers\Site\SiteController->runTasks()
#8 /home/latihtal/public_html/agregator1/src/framework/Route.php(173): call_user_func_array()
#9 [internal function]: Slim\Route->Slim\{closure}()
#10 /home/latihtal/public_html/agregator1/src/framework/Route.php(468): call_user_func_array()
#11 /home/latihtal/public_html/agregator1/src/framework/Slim.php(1364): Slim\Route->dispatch()
#12 /home/latihtal/public_html/agregator1/src/framework/Middleware/Flash.php(85): Slim\Slim->call()
#13 /home/latihtal/public_html/agregator1/src/framework/Middleware/MethodOverride.php(92): Slim\Middleware\Flash->call()
#14 /home/latihtal/public_html/agregator1/src/middlewares/CsrfGuard/CsrfGuard.php(47): Slim\Middleware\MethodOverride->call()
#15 /home/latihtal/public_html/agregator1/src/framework/Middleware/PrettyExceptions.php(67): spark\middlewares\CsrfGuard\CsrfGuard->call()
#16 /home/latihtal/public_html/agregator1/src/framework/Slim.php(1308): Slim\Middleware\PrettyExceptions->call()
#17 /home/latihtal/public_html/agregator1/index.php(6): Slim\Slim->run()
#18 {main} [] []
[2025-04-01 15:24:36] SlimMonoLogger.ERROR: Requests_Exception: cURL error 28: Failed to connect to antropol.mk port 443 after 131070 ms: Could not connect to server in /home/latihtal/public_html/agregator1/src/vendor/rmccue/requests/library/Requests/Transport/cURL.php:422
Stack trace:
#0 /home/latihtal/public_html/agregator1/src/vendor/rmccue/requests/library/Requests/Transport/cURL.php(177): Requests_Transport_cURL->process_response()
#1 /home/latihtal/public_html/agregator1/src/vendor/rmccue/requests/library/Requests.php(379): Requests_Transport_cURL->request()
#2 /home/latihtal/public_html/agregator1/src/vendor/rmccue/requests/library/Requests/Session.php(205): Requests::request()
#3 /home/latihtal/public_html/agregator1/src/vendor/rmccue/requests/library/Requests/Session.php(132): Requests_Session->request()
#4 /home/latihtal/public_html/agregator1/src/drivers/Http/RssImporter.php(144): Requests_Session->get()
#5 /home/latihtal/public_html/agregator1/src/controllers/Dashboard/DashboardFeedsController.php(534): spark\drivers\Http\RssImporter->fetchPosts()
#6 /home/latihtal/public_html/agregator1/src/controllers/Site/SiteController.php(722): spark\controllers\Dashboard\DashboardFeedsController::importFeedPosts()
#7 [internal function]: spark\controllers\Site\SiteController->runTasks()
#8 /home/latihtal/public_html/agregator1/src/framework/Route.php(173): call_user_func_array()
#9 [internal function]: Slim\Route->Slim\{closure}()
#10 /home/latihtal/public_html/agregator1/src/framework/Route.php(468): call_user_func_array()
#11 /home/latihtal/public_html/agregator1/src/framework/Slim.php(1364): Slim\Route->dispatch()
#12 /home/latihtal/public_html/agregator1/src/framework/Middleware/Flash.php(85): Slim\Slim->call()
#13 /home/latihtal/public_html/agregator1/src/framework/Middleware/MethodOverride.php(92): Slim\Middleware\Flash->call()
#14 /home/latihtal/public_html/agregator1/src/middlewares/CsrfGuard/CsrfGuard.php(47): Slim\Middleware\MethodOverride->call()
#15 /home/latihtal/public_html/agregator1/src/framework/Middleware/PrettyExceptions.php(67): spark\middlewares\CsrfGuard\CsrfGuard->call()
#16 /home/latihtal/public_html/agregator1/src/framework/Slim.php(1308): Slim\Middleware\PrettyExceptions->call()
#17 /home/latihtal/public_html/agregator1/index.php(6): Slim\Slim->run()
#18 {main} [] []
[2025-04-01 15:24:54] SlimMonoLogger.INFO: Cron ran at: 01-04-2025 03:24:54 PM [] []
[2025-04-01 15:25:27] SlimMonoLogger.INFO: Cron ran at: 01-04-2025 03:25:27 PM [] []
[2025-04-01 15:30:32] SlimMonoLogger.INFO: Cron ran at: 01-04-2025 03:30:32 PM [] []
[2025-04-01 15:35:30] SlimMonoLogger.INFO: Cron ran at: 01-04-2025 03:35:30 PM [] []
[2025-04-01 15:40:38] SlimMonoLogger.INFO: Cron ran at: 01-04-2025 03:40:38 PM [] []
[2025-04-01 15:45:39] SlimMonoLogger.INFO: Cron ran at: 01-04-2025 03:45:39 PM [] []
[2025-04-01 15:52:23] SlimMonoLogger.ERROR: Requests_Exception: cURL error 28: Failed to connect to antropol.mk port 443 after 130116 ms: Could not connect to server in /home/latihtal/public_html/agregator1/src/vendor/rmccue/requests/library/Requests/Transport/cURL.php:422
Stack trace:
#0 /home/latihtal/public_html/agregator1/src/vendor/rmccue/requests/library/Requests/Transport/cURL.php(177): Requests_Transport_cURL->process_response()
#1 /home/latihtal/public_html/agregator1/src/vendor/rmccue/requests/library/Requests.php(379): Requests_Transport_cURL->request()
#2 /home/latihtal/public_html/agregator1/src/vendor/rmccue/requests/library/Requests/Session.php(205): Requests::request()
#3 /home/latihtal/public_html/agregator1/src/vendor/rmccue/requests/library/Requests/Session.php(132): Requests_Session->request()
#4 /home/latihtal/public_html/agregator1/src/drivers/Http/RssImporter.php(144): Requests_Session->get()
#5 /home/latihtal/public_html/agregator1/src/controllers/Dashboard/DashboardFeedsController.php(534): spark\drivers\Http\RssImporter->fetchPosts()
#6 /home/latihtal/public_html/agregator1/src/controllers/Site/SiteController.php(722): spark\controllers\Dashboard\DashboardFeedsController::importFeedPosts()
#7 [internal function]: spark\controllers\Site\SiteController->runTasks()
#8 /home/latihtal/public_html/agregator1/src/framework/Route.php(173): call_user_func_array()
#9 [internal function]: Slim\Route->Slim\{closure}()
#10 /home/latihtal/public_html/agregator1/src/framework/Route.php(468): call_user_func_array()
#11 /home/latihtal/public_html/agregator1/src/framework/Slim.php(1364): Slim\Route->dispatch()
#12 /home/latihtal/public_html/agregator1/src/framework/Middleware/Flash.php(85): Slim\Slim->call()
#13 /home/latihtal/public_html/agregator1/src/framework/Middleware/MethodOverride.php(92): Slim\Middleware\Flash->call()
#14 /home/latihtal/public_html/agregator1/src/middlewares/CsrfGuard/CsrfGuard.php(47): Slim\Middleware\MethodOverride->call()
#15 /home/latihtal/public_html/agregator1/src/framework/Middleware/PrettyExceptions.php(67): spark\middlewares\CsrfGuard\CsrfGuard->call()
#16 /home/latihtal/public_html/agregator1/src/framework/Slim.php(1308): Slim\Middleware\PrettyExceptions->call()
#17 /home/latihtal/public_html/agregator1/index.php(6): Slim\Slim->run()
#18 {main} [] []
[2025-04-01 15:52:47] SlimMonoLogger.INFO: Cron ran at: 01-04-2025 03:52:47 PM [] []
[2025-04-01 15:57:22] SlimMonoLogger.ERROR: Requests_Exception: cURL error 28: Failed to connect to antropol.mk port 443 after 128339 ms: Could not connect to server in /home/latihtal/public_html/agregator1/src/vendor/rmccue/requests/library/Requests/Transport/cURL.php:422
Stack trace:
#0 /home/latihtal/public_html/agregator1/src/vendor/rmccue/requests/library/Requests/Transport/cURL.php(177): Requests_Transport_cURL->process_response()
#1 /home/latihtal/public_html/agregator1/src/vendor/rmccue/requests/library/Requests.php(379): Requests_Transport_cURL->request()
#2 /home/latihtal/public_html/agregator1/src/vendor/rmccue/requests/library/Requests/Session.php(205): Requests::request()
#3 /home/latihtal/public_html/agregator1/src/vendor/rmccue/requests/library/Requests/Session.php(132): Requests_Session->request()
#4 /home/latihtal/public_html/agregator1/src/drivers/Http/RssImporter.php(144): Requests_Session->get()
#5 /home/latihtal/public_html/agregator1/src/controllers/Dashboard/DashboardFeedsController.php(534): spark\drivers\Http\RssImporter->fetchPosts()
#6 /home/latihtal/public_html/agregator1/src/controllers/Site/SiteController.php(722): spark\controllers\Dashboard\DashboardFeedsController::importFeedPosts()
#7 [internal function]: spark\controllers\Site\SiteController->runTasks()
#8 /home/latihtal/public_html/agregator1/src/framework/Route.php(173): call_user_func_array()
#9 [internal function]: Slim\Route->Slim\{closure}()
#10 /home/latihtal/public_html/agregator1/src/framework/Route.php(468): call_user_func_array()
#11 /home/latihtal/public_html/agregator1/src/framework/Slim.php(1364): Slim\Route->dispatch()
#12 /home/latihtal/public_html/agregator1/src/framework/Middleware/Flash.php(85): Slim\Slim->call()
#13 /home/latihtal/public_html/agregator1/src/framework/Middleware/MethodOverride.php(92): Slim\Middleware\Flash->call()
#14 /home/latihtal/public_html/agregator1/src/middlewares/CsrfGuard/CsrfGuard.php(47): Slim\Middleware\MethodOverride->call()
#15 /home/latihtal/public_html/agregator1/src/framework/Middleware/PrettyExceptions.php(67): spark\middlewares\CsrfGuard\CsrfGuard->call()
#16 /home/latihtal/public_html/agregator1/src/framework/Slim.php(1308): Slim\Middleware\PrettyExceptions->call()
#17 /home/latihtal/public_html/agregator1/index.php(6): Slim\Slim->run()
#18 {main} [] []
[2025-04-01 15:57:38] SlimMonoLogger.INFO: Cron ran at: 01-04-2025 03:57:38 PM [] []
[2025-04-01 16:00:37] SlimMonoLogger.INFO: Cron ran at: 01-04-2025 04:00:37 PM [] []
[2025-04-01 16:05:42] SlimMonoLogger.INFO: Cron ran at: 01-04-2025 04:05:42 PM [] []
[2025-04-01 16:10:35] SlimMonoLogger.INFO: Cron ran at: 01-04-2025 04:10:35 PM [] []
[2025-04-01 16:15:35] SlimMonoLogger.INFO: Cron ran at: 01-04-2025 04:15:35 PM [] []
[2025-04-01 16:20:30] SlimMonoLogger.INFO: Cron ran at: 01-04-2025 04:20:30 PM [] []
[2025-04-01 16:27:25] SlimMonoLogger.ERROR: Requests_Exception: cURL error 28: Failed to connect to antropol.mk port 443 after 130745 ms: Could not connect to server in /home/latihtal/public_html/agregator1/src/vendor/rmccue/requests/library/Requests/Transport/cURL.php:422
Stack trace:
#0 /home/latihtal/public_html/agregator1/src/vendor/rmccue/requests/library/Requests/Transport/cURL.php(177): Requests_Transport_cURL->process_response()
#1 /home/latihtal/public_html/agregator1/src/vendor/rmccue/requests/library/Requests.php(379): Requests_Transport_cURL->request()
#2 /home/latihtal/public_html/agregator1/src/vendor/rmccue/requests/library/Requests/Session.php(205): Requests::request()
#3 /home/latihtal/public_html/agregator1/src/vendor/rmccue/requests/library/Requests/Session.php(132): Requests_Session->request()
#4 /home/latihtal/public_html/agregator1/src/drivers/Http/RssImporter.php(144): Requests_Session->get()
#5 /home/latihtal/public_html/agregator1/src/controllers/Dashboard/DashboardFeedsController.php(534): spark\drivers\Http\RssImporter->fetchPosts()
#6 /home/latihtal/public_html/agregator1/src/controllers/Site/SiteController.php(722): spark\controllers\Dashboard\DashboardFeedsController::importFeedPosts()
#7 [internal function]: spark\controllers\Site\SiteController->runTasks()
#8 /home/latihtal/public_html/agregator1/src/framework/Route.php(173): call_user_func_array()
#9 [internal function]: Slim\Route->Slim\{closure}()
#10 /home/latihtal/public_html/agregator1/src/framework/Route.php(468): call_user_func_array()
#11 /home/latihtal/public_html/agregator1/src/framework/Slim.php(1364): Slim\Route->dispatch()
#12 /home/latihtal/public_html/agregator1/src/framework/Middleware/Flash.php(85): Slim\Slim->call()
#13 /home/latihtal/public_html/agregator1/src/framework/Middleware/MethodOverride.php(92): Slim\Middleware\Flash->call()
#14 /home/latihtal/public_html/agregator1/src/middlewares/CsrfGuard/CsrfGuard.php(47): Slim\Middleware\MethodOverride->call()
#15 /home/latihtal/public_html/agregator1/src/framework/Middleware/PrettyExceptions.php(67): spark\middlewares\CsrfGuard\CsrfGuard->call()
#16 /home/latihtal/public_html/agregator1/src/framework/Slim.php(1308): Slim\Middleware\PrettyExceptions->call()
#17 /home/latihtal/public_html/agregator1/index.php(6): Slim\Slim->run()
#18 {main} [] []
[2025-04-01 16:27:43] SlimMonoLogger.INFO: Cron ran at: 01-04-2025 04:27:43 PM [] []
[2025-04-01 16:30:30] SlimMonoLogger.INFO: Cron ran at: 01-04-2025 04:30:30 PM [] []
[2025-04-01 16:35:31] SlimMonoLogger.INFO: Cron ran at: 01-04-2025 04:35:31 PM [] []
[2025-04-01 16:40:35] SlimMonoLogger.INFO: Cron ran at: 01-04-2025 04:40:35 PM [] []
[2025-04-01 16:45:37] SlimMonoLogger.INFO: Cron ran at: 01-04-2025 04:45:37 PM [] []
[2025-04-01 16:50:28] SlimMonoLogger.INFO: Cron ran at: 01-04-2025 04:50:28 PM [] []
[2025-04-01 16:55:34] SlimMonoLogger.INFO: Cron ran at: 01-04-2025 04:55:34 PM [] []
[2025-04-01 17:00:40] SlimMonoLogger.INFO: Cron ran at: 01-04-2025 05:00:40 PM [] []
[2025-04-01 17:05:32] SlimMonoLogger.INFO: Cron ran at: 01-04-2025 05:05:32 PM [] []
[2025-04-01 17:10:36] SlimMonoLogger.INFO: Cron ran at: 01-04-2025 05:10:36 PM [] []
[2025-04-01 17:15:36] SlimMonoLogger.INFO: Cron ran at: 01-04-2025 05:15:36 PM [] []
[2025-04-01 17:20:36] SlimMonoLogger.INFO: Cron ran at: 01-04-2025 05:20:36 PM [] []
[2025-04-01 17:25:41] SlimMonoLogger.INFO: Cron ran at: 01-04-2025 05:25:41 PM [] []
[2025-04-01 17:30:37] SlimMonoLogger.INFO: Cron ran at: 01-04-2025 05:30:37 PM [] []
[2025-04-01 17:35:30] SlimMonoLogger.INFO: Cron ran at: 01-04-2025 05:35:30 PM [] []
[2025-04-01 17:40:35] SlimMonoLogger.INFO: Cron ran at: 01-04-2025 05:40:35 PM [] []
[2025-04-01 17:45:35] SlimMonoLogger.INFO: Cron ran at: 01-04-2025 05:45:35 PM [] []
[2025-04-01 17:50:42] SlimMonoLogger.INFO: Cron ran at: 01-04-2025 05:50:42 PM [] []
[2025-04-01 17:55:33] SlimMonoLogger.INFO: Cron ran at: 01-04-2025 05:55:33 PM [] []
[2025-04-01 18:00:33] SlimMonoLogger.INFO: Cron ran at: 01-04-2025 06:00:33 PM [] []
[2025-04-01 18:05:28] SlimMonoLogger.INFO: Cron ran at: 01-04-2025 06:05:28 PM [] []
[2025-04-01 18:10:46] SlimMonoLogger.INFO: Cron ran at: 01-04-2025 06:10:46 PM [] []
[2025-04-01 18:15:32] SlimMonoLogger.INFO: Cron ran at: 01-04-2025 06:15:32 PM [] []
[2025-04-01 18:20:34] SlimMonoLogger.INFO: Cron ran at: 01-04-2025 06:20:34 PM [] []
[2025-04-01 18:25:37] SlimMonoLogger.INFO: Cron ran at: 01-04-2025 06:25:37 PM [] []
[2025-04-01 18:30:35] SlimMonoLogger.INFO: Cron ran at: 01-04-2025 06:30:35 PM [] []
[2025-04-01 18:35:32] SlimMonoLogger.INFO: Cron ran at: 01-04-2025 06:35:32 PM [] []
[2025-04-01 18:40:32] SlimMonoLogger.INFO: Cron ran at: 01-04-2025 06:40:32 PM [] []
[2025-04-01 18:45:32] SlimMonoLogger.INFO: Cron ran at: 01-04-2025 06:45:32 PM [] []
[2025-04-01 18:50:29] SlimMonoLogger.INFO: Cron ran at: 01-04-2025 06:50:29 PM [] []
[2025-04-01 18:55:38] SlimMonoLogger.INFO: Cron ran at: 01-04-2025 06:55:38 PM [] []
[2025-04-01 19:00:34] SlimMonoLogger.INFO: Cron ran at: 01-04-2025 07:00:34 PM [] []
[2025-04-01 19:05:42] SlimMonoLogger.INFO: Cron ran at: 01-04-2025 07:05:42 PM [] []
[2025-04-01 19:10:38] SlimMonoLogger.INFO: Cron ran at: 01-04-2025 07:10:38 PM [] []
[2025-04-01 19:15:35] SlimMonoLogger.INFO: Cron ran at: 01-04-2025 07:15:35 PM [] []
[2025-04-01 19:20:41] SlimMonoLogger.INFO: Cron ran at: 01-04-2025 07:20:41 PM [] []
[2025-04-01 19:25:32] SlimMonoLogger.INFO: Cron ran at: 01-04-2025 07:25:32 PM [] []
[2025-04-01 19:30:32] SlimMonoLogger.INFO: Cron ran at: 01-04-2025 07:30:32 PM [] []
[2025-04-01 19:35:30] SlimMonoLogger.INFO: Cron ran at: 01-04-2025 07:35:30 PM [] []
[2025-04-01 19:40:31] SlimMonoLogger.INFO: Cron ran at: 01-04-2025 07:40:31 PM [] []
[2025-04-01 19:45:38] SlimMonoLogger.INFO: Cron ran at: 01-04-2025 07:45:38 PM [] []
[2025-04-01 19:50:36] SlimMonoLogger.INFO: Cron ran at: 01-04-2025 07:50:36 PM [] []
[2025-04-01 19:55:35] SlimMonoLogger.INFO: Cron ran at: 01-04-2025 07:55:35 PM [] []
[2025-04-01 20:00:36] SlimMonoLogger.INFO: Cron ran at: 01-04-2025 08:00:36 PM [] []
[2025-04-01 20:05:34] SlimMonoLogger.INFO: Cron ran at: 01-04-2025 08:05:34 PM [] []
[2025-04-01 20:10:31] SlimMonoLogger.INFO: Cron ran at: 01-04-2025 08:10:31 PM [] []
[2025-04-01 20:15:32] SlimMonoLogger.INFO: Cron ran at: 01-04-2025 08:15:32 PM [] []
[2025-04-01 20:20:32] SlimMonoLogger.INFO: Cron ran at: 01-04-2025 08:20:32 PM [] []
[2025-04-01 20:25:32] SlimMonoLogger.INFO: Cron ran at: 01-04-2025 08:25:32 PM [] []
[2025-04-01 20:30:44] SlimMonoLogger.INFO: Cron ran at: 01-04-2025 08:30:44 PM [] []
[2025-04-01 20:35:34] SlimMonoLogger.INFO: Cron ran at: 01-04-2025 08:35:34 PM [] []
[2025-04-01 20:40:43] SlimMonoLogger.INFO: Cron ran at: 01-04-2025 08:40:43 PM [] []
[2025-04-01 20:45:35] SlimMonoLogger.INFO: Cron ran at: 01-04-2025 08:45:35 PM [] []
[2025-04-01 20:50:49] SlimMonoLogger.INFO: Cron ran at: 01-04-2025 08:50:49 PM [] []
[2025-04-01 20:55:45] SlimMonoLogger.INFO: Cron ran at: 01-04-2025 08:55:45 PM [] []
[2025-04-01 21:00:42] SlimMonoLogger.INFO: Cron ran at: 01-04-2025 09:00:42 PM [] []
[2025-04-01 21:05:34] SlimMonoLogger.INFO: Cron ran at: 01-04-2025 09:05:34 PM [] []
[2025-04-01 21:10:32] SlimMonoLogger.INFO: Cron ran at: 01-04-2025 09:10:32 PM [] []
[2025-04-01 21:15:36] SlimMonoLogger.INFO: Cron ran at: 01-04-2025 09:15:36 PM [] []
[2025-04-01 21:20:34] SlimMonoLogger.INFO: Cron ran at: 01-04-2025 09:20:34 PM [] []
[2025-04-01 21:25:44] SlimMonoLogger.INFO: Cron ran at: 01-04-2025 09:25:44 PM [] []
[2025-04-01 21:30:41] SlimMonoLogger.INFO: Cron ran at: 01-04-2025 09:30:41 PM [] []
[2025-04-01 21:35:47] SlimMonoLogger.INFO: Cron ran at: 01-04-2025 09:35:47 PM [] []
[2025-04-01 21:40:41] SlimMonoLogger.INFO: Cron ran at: 01-04-2025 09:40:41 PM [] []
[2025-04-01 21:45:35] SlimMonoLogger.INFO: Cron ran at: 01-04-2025 09:45:35 PM [] []
[2025-04-01 21:50:34] SlimMonoLogger.INFO: Cron ran at: 01-04-2025 09:50:34 PM [] []
[2025-04-01 21:55:33] SlimMonoLogger.INFO: Cron ran at: 01-04-2025 09:55:33 PM [] []
[2025-04-01 22:00:46] SlimMonoLogger.INFO: Cron ran at: 01-04-2025 10:00:46 PM [] []
[2025-04-01 22:05:52] SlimMonoLogger.INFO: Cron ran at: 01-04-2025 10:05:52 PM [] []
[2025-04-01 22:10:34] SlimMonoLogger.INFO: Cron ran at: 01-04-2025 10:10:34 PM [] []
[2025-04-01 22:15:38] SlimMonoLogger.INFO: Cron ran at: 01-04-2025 10:15:38 PM [] []
[2025-04-01 22:20:45] SlimMonoLogger.INFO: Cron ran at: 01-04-2025 10:20:45 PM [] []
[2025-04-01 22:25:54] SlimMonoLogger.INFO: Cron ran at: 01-04-2025 10:25:54 PM [] []
[2025-04-01 22:31:05] SlimMonoLogger.INFO: Cron ran at: 01-04-2025 10:31:05 PM [] []
[2025-04-01 22:35:54] SlimMonoLogger.INFO: Cron ran at: 01-04-2025 10:35:54 PM [] []
[2025-04-01 22:40:36] SlimMonoLogger.INFO: Cron ran at: 01-04-2025 10:40:36 PM [] []
[2025-04-01 22:45:36] SlimMonoLogger.INFO: Cron ran at: 01-04-2025 10:45:36 PM [] []
[2025-04-01 22:50:35] SlimMonoLogger.INFO: Cron ran at: 01-04-2025 10:50:35 PM [] []
[2025-04-01 22:55:42] SlimMonoLogger.INFO: Cron ran at: 01-04-2025 10:55:42 PM [] []
[2025-04-01 23:00:37] SlimMonoLogger.INFO: Cron ran at: 01-04-2025 11:00:37 PM [] []
[2025-04-01 23:05:40] SlimMonoLogger.INFO: Cron ran at: 01-04-2025 11:05:40 PM [] []
[2025-04-01 23:10:45] SlimMonoLogger.INFO: Cron ran at: 01-04-2025 11:10:45 PM [] []
[2025-04-01 23:15:35] SlimMonoLogger.INFO: Cron ran at: 01-04-2025 11:15:35 PM [] []
[2025-04-01 23:20:35] SlimMonoLogger.INFO: Cron ran at: 01-04-2025 11:20:35 PM [] []
[2025-04-01 23:25:28] SlimMonoLogger.INFO: Cron ran at: 01-04-2025 11:25:28 PM [] []
[2025-04-01 23:30:32] SlimMonoLogger.INFO: Cron ran at: 01-04-2025 11:30:32 PM [] []
[2025-04-01 23:35:37] SlimMonoLogger.INFO: Cron ran at: 01-04-2025 11:35:37 PM [] []
[2025-04-01 23:40:34] SlimMonoLogger.INFO: Cron ran at: 01-04-2025 11:40:34 PM [] []
[2025-04-01 23:45:41] SlimMonoLogger.INFO: Cron ran at: 01-04-2025 11:45:41 PM [] []
[2025-04-01 23:50:26] SlimMonoLogger.INFO: Cron ran at: 01-04-2025 11:50:26 PM [] []
[2025-04-01 23:55:31] SlimMonoLogger.INFO: Cron ran at: 01-04-2025 11:55:31 PM [] []
[2025-04-02 00:00:36] SlimMonoLogger.INFO: Cron ran at: 02-04-2025 12:00:36 AM [] []
[2025-04-02 00:05:31] SlimMonoLogger.INFO: Cron ran at: 02-04-2025 12:05:31 AM [] []
[2025-04-02 00:10:29] SlimMonoLogger.INFO: Cron ran at: 02-04-2025 12:10:29 AM [] []
[2025-04-02 00:15:37] SlimMonoLogger.INFO: Cron ran at: 02-04-2025 12:15:37 AM [] []
[2025-04-02 00:20:34] SlimMonoLogger.INFO: Cron ran at: 02-04-2025 12:20:34 AM [] []
[2025-04-02 00:25:38] SlimMonoLogger.INFO: Cron ran at: 02-04-2025 12:25:38 AM [] []
[2025-04-02 00:30:39] SlimMonoLogger.INFO: Cron ran at: 02-04-2025 12:30:39 AM [] []
[2025-04-02 00:35:34] SlimMonoLogger.INFO: Cron ran at: 02-04-2025 12:35:34 AM [] []
[2025-04-02 00:40:35] SlimMonoLogger.INFO: Cron ran at: 02-04-2025 12:40:35 AM [] []
[2025-04-02 00:45:34] SlimMonoLogger.INFO: Cron ran at: 02-04-2025 12:45:34 AM [] []
[2025-04-02 00:50:37] SlimMonoLogger.INFO: Cron ran at: 02-04-2025 12:50:37 AM [] []
[2025-04-02 00:56:00] SlimMonoLogger.INFO: Cron ran at: 02-04-2025 12:56:00 AM [] []
[2025-04-02 01:00:34] SlimMonoLogger.INFO: Cron ran at: 02-04-2025 01:00:34 AM [] []
[2025-04-02 01:05:31] SlimMonoLogger.INFO: Cron ran at: 02-04-2025 01:05:31 AM [] []
[2025-04-02 01:10:33] SlimMonoLogger.INFO: Cron ran at: 02-04-2025 01:10:33 AM [] []
[2025-04-02 01:15:32] SlimMonoLogger.INFO: Cron ran at: 02-04-2025 01:15:32 AM [] []
[2025-04-02 01:20:30] SlimMonoLogger.INFO: Cron ran at: 02-04-2025 01:20:30 AM [] []
[2025-04-02 01:25:31] SlimMonoLogger.INFO: Cron ran at: 02-04-2025 01:25:31 AM [] []
[2025-04-02 01:30:32] SlimMonoLogger.INFO: Cron ran at: 02-04-2025 01:30:32 AM [] []
[2025-04-02 01:35:31] SlimMonoLogger.INFO: Cron ran at: 02-04-2025 01:35:31 AM [] []
[2025-04-02 01:40:32] SlimMonoLogger.INFO: Cron ran at: 02-04-2025 01:40:32 AM [] []
[2025-04-02 01:45:31] SlimMonoLogger.INFO: Cron ran at: 02-04-2025 01:45:31 AM [] []
[2025-04-02 01:50:31] SlimMonoLogger.INFO: Cron ran at: 02-04-2025 01:50:31 AM [] []
[2025-04-02 01:55:33] SlimMonoLogger.INFO: Cron ran at: 02-04-2025 01:55:33 AM [] []
