[2025-05-02 02:00:25] SlimMonoLogger.INFO: Cron ran at: 02-05-2025 02:00:25 AM [] []
[2025-05-02 02:05:24] SlimMonoLogger.INFO: Cron ran at: 02-05-2025 02:05:24 AM [] []
[2025-05-02 02:10:24] SlimMonoLogger.INFO: Cron ran at: 02-05-2025 02:10:24 AM [] []
[2025-05-02 02:15:27] SlimMonoLogger.INFO: Cron ran at: 02-05-2025 02:15:27 AM [] []
[2025-05-02 02:20:27] SlimMonoLogger.INFO: Cron ran at: 02-05-2025 02:20:27 AM [] []
[2025-05-02 02:25:22] SlimMonoLogger.INFO: Cron ran at: 02-05-2025 02:25:22 AM [] []
[2025-05-02 02:30:24] SlimMonoLogger.INFO: Cron ran at: 02-05-2025 02:30:24 AM [] []
[2025-05-02 02:35:26] SlimMonoLogger.INFO: Cron ran at: 02-05-2025 02:35:26 AM [] []
[2025-05-02 02:40:24] SlimMonoLogger.INFO: Cron ran at: 02-05-2025 02:40:24 AM [] []
[2025-05-02 02:45:23] SlimMonoLogger.INFO: Cron ran at: 02-05-2025 02:45:23 AM [] []
[2025-05-02 02:50:24] SlimMonoLogger.INFO: Cron ran at: 02-05-2025 02:50:24 AM [] []
[2025-05-02 02:55:21] SlimMonoLogger.INFO: Cron ran at: 02-05-2025 02:55:21 AM [] []
[2025-05-02 03:00:27] SlimMonoLogger.INFO: Cron ran at: 02-05-2025 03:00:27 AM [] []
[2025-05-02 03:05:24] SlimMonoLogger.INFO: Cron ran at: 02-05-2025 03:05:24 AM [] []
[2025-05-02 03:10:21] SlimMonoLogger.INFO: Cron ran at: 02-05-2025 03:10:21 AM [] []
[2025-05-02 03:15:31] SlimMonoLogger.INFO: Cron ran at: 02-05-2025 03:15:31 AM [] []
[2025-05-02 03:20:29] SlimMonoLogger.INFO: Cron ran at: 02-05-2025 03:20:29 AM [] []
[2025-05-02 03:25:32] SlimMonoLogger.INFO: Cron ran at: 02-05-2025 03:25:32 AM [] []
[2025-05-02 03:30:44] SlimMonoLogger.INFO: Cron ran at: 02-05-2025 03:30:44 AM [] []
[2025-05-02 03:35:34] SlimMonoLogger.INFO: Cron ran at: 02-05-2025 03:35:34 AM [] []
[2025-05-02 03:40:34] SlimMonoLogger.INFO: Cron ran at: 02-05-2025 03:40:34 AM [] []
[2025-05-02 03:45:36] SlimMonoLogger.INFO: Cron ran at: 02-05-2025 03:45:36 AM [] []
[2025-05-02 03:50:29] SlimMonoLogger.INFO: Cron ran at: 02-05-2025 03:50:29 AM [] []
[2025-05-02 03:55:27] SlimMonoLogger.INFO: Cron ran at: 02-05-2025 03:55:27 AM [] []
[2025-05-02 04:00:41] SlimMonoLogger.INFO: Cron ran at: 02-05-2025 04:00:41 AM [] []
[2025-05-02 04:05:34] SlimMonoLogger.INFO: Cron ran at: 02-05-2025 04:05:34 AM [] []
[2025-05-02 04:10:32] SlimMonoLogger.INFO: Cron ran at: 02-05-2025 04:10:32 AM [] []
[2025-05-02 04:15:28] SlimMonoLogger.INFO: Cron ran at: 02-05-2025 04:15:28 AM [] []
[2025-05-02 04:20:28] SlimMonoLogger.INFO: Cron ran at: 02-05-2025 04:20:28 AM [] []
[2025-05-02 04:25:27] SlimMonoLogger.INFO: Cron ran at: 02-05-2025 04:25:27 AM [] []
[2025-05-02 04:30:31] SlimMonoLogger.INFO: Cron ran at: 02-05-2025 04:30:31 AM [] []
[2025-05-02 04:35:36] SlimMonoLogger.INFO: Cron ran at: 02-05-2025 04:35:36 AM [] []
[2025-05-02 04:40:28] SlimMonoLogger.INFO: Cron ran at: 02-05-2025 04:40:28 AM [] []
[2025-05-02 04:45:36] SlimMonoLogger.INFO: Cron ran at: 02-05-2025 04:45:36 AM [] []
[2025-05-02 04:50:33] SlimMonoLogger.INFO: Cron ran at: 02-05-2025 04:50:33 AM [] []
[2025-05-02 04:55:25] SlimMonoLogger.INFO: Cron ran at: 02-05-2025 04:55:25 AM [] []
[2025-05-02 05:00:35] SlimMonoLogger.INFO: Cron ran at: 02-05-2025 05:00:35 AM [] []
[2025-05-02 05:05:31] SlimMonoLogger.INFO: Cron ran at: 02-05-2025 05:05:31 AM [] []
[2025-05-02 05:10:29] SlimMonoLogger.INFO: Cron ran at: 02-05-2025 05:10:29 AM [] []
[2025-05-02 05:15:29] SlimMonoLogger.INFO: Cron ran at: 02-05-2025 05:15:29 AM [] []
[2025-05-02 05:20:30] SlimMonoLogger.INFO: Cron ran at: 02-05-2025 05:20:30 AM [] []
[2025-05-02 05:25:26] SlimMonoLogger.INFO: Cron ran at: 02-05-2025 05:25:26 AM [] []
[2025-05-02 05:30:28] SlimMonoLogger.INFO: Cron ran at: 02-05-2025 05:30:28 AM [] []
[2025-05-02 05:35:43] SlimMonoLogger.INFO: Cron ran at: 02-05-2025 05:35:43 AM [] []
[2025-05-02 05:40:28] SlimMonoLogger.INFO: Cron ran at: 02-05-2025 05:40:28 AM [] []
[2025-05-02 05:45:32] SlimMonoLogger.INFO: Cron ran at: 02-05-2025 05:45:32 AM [] []
[2025-05-02 05:50:33] SlimMonoLogger.INFO: Cron ran at: 02-05-2025 05:50:33 AM [] []
[2025-05-02 05:55:25] SlimMonoLogger.INFO: Cron ran at: 02-05-2025 05:55:25 AM [] []
[2025-05-02 06:00:41] SlimMonoLogger.INFO: Cron ran at: 02-05-2025 06:00:41 AM [] []
[2025-05-02 06:05:31] SlimMonoLogger.INFO: Cron ran at: 02-05-2025 06:05:31 AM [] []
[2025-05-02 06:10:26] SlimMonoLogger.INFO: Cron ran at: 02-05-2025 06:10:26 AM [] []
[2025-05-02 06:15:27] SlimMonoLogger.INFO: Cron ran at: 02-05-2025 06:15:27 AM [] []
[2025-05-02 06:20:27] SlimMonoLogger.INFO: Cron ran at: 02-05-2025 06:20:27 AM [] []
[2025-05-02 06:25:29] SlimMonoLogger.INFO: Cron ran at: 02-05-2025 06:25:29 AM [] []
[2025-05-02 06:30:26] SlimMonoLogger.INFO: Cron ran at: 02-05-2025 06:30:26 AM [] []
[2025-05-02 06:35:25] SlimMonoLogger.INFO: Cron ran at: 02-05-2025 06:35:25 AM [] []
[2025-05-02 06:40:34] SlimMonoLogger.INFO: Cron ran at: 02-05-2025 06:40:34 AM [] []
[2025-05-02 06:45:35] SlimMonoLogger.INFO: Cron ran at: 02-05-2025 06:45:35 AM [] []
[2025-05-02 06:50:25] SlimMonoLogger.INFO: Cron ran at: 02-05-2025 06:50:25 AM [] []
[2025-05-02 06:55:24] SlimMonoLogger.INFO: Cron ran at: 02-05-2025 06:55:24 AM [] []
[2025-05-02 07:00:31] SlimMonoLogger.INFO: Cron ran at: 02-05-2025 07:00:31 AM [] []
[2025-05-02 07:05:22] SlimMonoLogger.INFO: Cron ran at: 02-05-2025 07:05:22 AM [] []
[2025-05-02 07:10:25] SlimMonoLogger.INFO: Cron ran at: 02-05-2025 07:10:25 AM [] []
[2025-05-02 07:15:27] SlimMonoLogger.INFO: Cron ran at: 02-05-2025 07:15:27 AM [] []
[2025-05-02 07:20:30] SlimMonoLogger.INFO: Cron ran at: 02-05-2025 07:20:30 AM [] []
[2025-05-02 07:25:24] SlimMonoLogger.INFO: Cron ran at: 02-05-2025 07:25:24 AM [] []
[2025-05-02 07:30:27] SlimMonoLogger.INFO: Cron ran at: 02-05-2025 07:30:27 AM [] []
[2025-05-02 07:35:25] SlimMonoLogger.INFO: Cron ran at: 02-05-2025 07:35:25 AM [] []
[2025-05-02 07:40:23] SlimMonoLogger.INFO: Cron ran at: 02-05-2025 07:40:23 AM [] []
[2025-05-02 07:45:26] SlimMonoLogger.INFO: Cron ran at: 02-05-2025 07:45:26 AM [] []
[2025-05-02 07:50:26] SlimMonoLogger.INFO: Cron ran at: 02-05-2025 07:50:26 AM [] []
[2025-05-02 07:55:29] SlimMonoLogger.INFO: Cron ran at: 02-05-2025 07:55:29 AM [] []
[2025-05-02 08:00:32] SlimMonoLogger.INFO: Cron ran at: 02-05-2025 08:00:32 AM [] []
[2025-05-02 08:05:31] SlimMonoLogger.INFO: Cron ran at: 02-05-2025 08:05:31 AM [] []
[2025-05-02 08:10:25] SlimMonoLogger.INFO: Cron ran at: 02-05-2025 08:10:25 AM [] []
[2025-05-02 08:15:30] SlimMonoLogger.INFO: Cron ran at: 02-05-2025 08:15:30 AM [] []
[2025-05-02 08:20:26] SlimMonoLogger.INFO: Cron ran at: 02-05-2025 08:20:26 AM [] []
[2025-05-02 08:25:31] SlimMonoLogger.INFO: Cron ran at: 02-05-2025 08:25:31 AM [] []
[2025-05-02 08:30:35] SlimMonoLogger.INFO: Cron ran at: 02-05-2025 08:30:35 AM [] []
[2025-05-02 08:35:32] SlimMonoLogger.INFO: Cron ran at: 02-05-2025 08:35:32 AM [] []
[2025-05-02 08:40:41] SlimMonoLogger.INFO: Cron ran at: 02-05-2025 08:40:41 AM [] []
[2025-05-02 08:45:35] SlimMonoLogger.INFO: Cron ran at: 02-05-2025 08:45:35 AM [] []
[2025-05-02 08:50:32] SlimMonoLogger.INFO: Cron ran at: 02-05-2025 08:50:32 AM [] []
[2025-05-02 08:55:32] SlimMonoLogger.INFO: Cron ran at: 02-05-2025 08:55:32 AM [] []
[2025-05-02 09:00:31] SlimMonoLogger.INFO: Cron ran at: 02-05-2025 09:00:31 AM [] []
[2025-05-02 09:05:35] SlimMonoLogger.INFO: Cron ran at: 02-05-2025 09:05:35 AM [] []
[2025-05-02 09:10:32] SlimMonoLogger.INFO: Cron ran at: 02-05-2025 09:10:32 AM [] []
[2025-05-02 09:15:39] SlimMonoLogger.INFO: Cron ran at: 02-05-2025 09:15:39 AM [] []
[2025-05-02 09:20:32] SlimMonoLogger.INFO: Cron ran at: 02-05-2025 09:20:32 AM [] []
[2025-05-02 09:25:30] SlimMonoLogger.INFO: Cron ran at: 02-05-2025 09:25:30 AM [] []
[2025-05-02 09:30:36] SlimMonoLogger.INFO: Cron ran at: 02-05-2025 09:30:36 AM [] []
[2025-05-02 09:35:38] SlimMonoLogger.INFO: Cron ran at: 02-05-2025 09:35:38 AM [] []
[2025-05-02 09:40:30] SlimMonoLogger.INFO: Cron ran at: 02-05-2025 09:40:30 AM [] []
[2025-05-02 09:45:36] SlimMonoLogger.INFO: Cron ran at: 02-05-2025 09:45:36 AM [] []
[2025-05-02 09:50:33] SlimMonoLogger.INFO: Cron ran at: 02-05-2025 09:50:33 AM [] []
[2025-05-02 09:56:06] SlimMonoLogger.INFO: Cron ran at: 02-05-2025 09:56:06 AM [] []
[2025-05-02 10:00:36] SlimMonoLogger.INFO: Cron ran at: 02-05-2025 10:00:36 AM [] []
[2025-05-02 10:05:38] SlimMonoLogger.INFO: Cron ran at: 02-05-2025 10:05:38 AM [] []
[2025-05-02 10:10:37] SlimMonoLogger.INFO: Cron ran at: 02-05-2025 10:10:37 AM [] []
[2025-05-02 10:15:31] SlimMonoLogger.INFO: Cron ran at: 02-05-2025 10:15:31 AM [] []
[2025-05-02 10:20:35] SlimMonoLogger.INFO: Cron ran at: 02-05-2025 10:20:35 AM [] []
[2025-05-02 10:25:37] SlimMonoLogger.INFO: Cron ran at: 02-05-2025 10:25:37 AM [] []
[2025-05-02 10:30:43] SlimMonoLogger.INFO: Cron ran at: 02-05-2025 10:30:43 AM [] []
[2025-05-02 10:35:47] SlimMonoLogger.INFO: Cron ran at: 02-05-2025 10:35:47 AM [] []
[2025-05-02 10:40:33] SlimMonoLogger.INFO: Cron ran at: 02-05-2025 10:40:33 AM [] []
[2025-05-02 10:45:36] SlimMonoLogger.INFO: Cron ran at: 02-05-2025 10:45:36 AM [] []
[2025-05-02 10:50:36] SlimMonoLogger.INFO: Cron ran at: 02-05-2025 10:50:36 AM [] []
[2025-05-02 10:55:29] SlimMonoLogger.INFO: Cron ran at: 02-05-2025 10:55:29 AM [] []
[2025-05-02 11:00:40] SlimMonoLogger.INFO: Cron ran at: 02-05-2025 11:00:40 AM [] []
[2025-05-02 11:05:35] SlimMonoLogger.INFO: Cron ran at: 02-05-2025 11:05:35 AM [] []
[2025-05-02 11:10:35] SlimMonoLogger.INFO: Cron ran at: 02-05-2025 11:10:35 AM [] []
[2025-05-02 11:15:34] SlimMonoLogger.INFO: Cron ran at: 02-05-2025 11:15:34 AM [] []
[2025-05-02 11:20:29] SlimMonoLogger.INFO: Cron ran at: 02-05-2025 11:20:29 AM [] []
[2025-05-02 11:25:30] SlimMonoLogger.INFO: Cron ran at: 02-05-2025 11:25:30 AM [] []
[2025-05-02 11:30:42] SlimMonoLogger.INFO: Cron ran at: 02-05-2025 11:30:42 AM [] []
[2025-05-02 11:35:42] SlimMonoLogger.INFO: Cron ran at: 02-05-2025 11:35:42 AM [] []
[2025-05-02 11:40:41] SlimMonoLogger.INFO: Cron ran at: 02-05-2025 11:40:41 AM [] []
[2025-05-02 11:45:43] SlimMonoLogger.INFO: Cron ran at: 02-05-2025 11:45:43 AM [] []
[2025-05-02 11:50:31] SlimMonoLogger.INFO: Cron ran at: 02-05-2025 11:50:31 AM [] []
[2025-05-02 11:55:46] SlimMonoLogger.INFO: Cron ran at: 02-05-2025 11:55:46 AM [] []
[2025-05-02 12:00:45] SlimMonoLogger.INFO: Cron ran at: 02-05-2025 12:00:45 PM [] []
[2025-05-02 12:05:38] SlimMonoLogger.INFO: Cron ran at: 02-05-2025 12:05:38 PM [] []
[2025-05-02 12:10:30] SlimMonoLogger.INFO: Cron ran at: 02-05-2025 12:10:30 PM [] []
[2025-05-02 12:15:37] SlimMonoLogger.INFO: Cron ran at: 02-05-2025 12:15:37 PM [] []
[2025-05-02 12:20:42] SlimMonoLogger.INFO: Cron ran at: 02-05-2025 12:20:42 PM [] []
[2025-05-02 12:25:36] SlimMonoLogger.INFO: Cron ran at: 02-05-2025 12:25:36 PM [] []
[2025-05-02 12:30:41] SlimMonoLogger.INFO: Cron ran at: 02-05-2025 12:30:41 PM [] []
[2025-05-02 12:35:43] SlimMonoLogger.INFO: Cron ran at: 02-05-2025 12:35:43 PM [] []
[2025-05-02 12:40:37] SlimMonoLogger.INFO: Cron ran at: 02-05-2025 12:40:37 PM [] []
[2025-05-02 12:45:35] SlimMonoLogger.INFO: Cron ran at: 02-05-2025 12:45:35 PM [] []
[2025-05-02 12:50:58] SlimMonoLogger.INFO: Cron ran at: 02-05-2025 12:50:58 PM [] []
[2025-05-02 12:55:30] SlimMonoLogger.INFO: Cron ran at: 02-05-2025 12:55:30 PM [] []
[2025-05-02 13:00:46] SlimMonoLogger.INFO: Cron ran at: 02-05-2025 01:00:46 PM [] []
[2025-05-02 13:05:43] SlimMonoLogger.INFO: Cron ran at: 02-05-2025 01:05:43 PM [] []
[2025-05-02 13:10:43] SlimMonoLogger.INFO: Cron ran at: 02-05-2025 01:10:43 PM [] []
[2025-05-02 13:15:35] SlimMonoLogger.INFO: Cron ran at: 02-05-2025 01:15:35 PM [] []
[2025-05-02 13:20:40] SlimMonoLogger.INFO: Cron ran at: 02-05-2025 01:20:40 PM [] []
[2025-05-02 13:25:40] SlimMonoLogger.INFO: Cron ran at: 02-05-2025 01:25:40 PM [] []
[2025-05-02 13:30:43] SlimMonoLogger.INFO: Cron ran at: 02-05-2025 01:30:43 PM [] []
[2025-05-02 13:35:45] SlimMonoLogger.INFO: Cron ran at: 02-05-2025 01:35:45 PM [] []
[2025-05-02 13:40:42] SlimMonoLogger.INFO: Cron ran at: 02-05-2025 01:40:42 PM [] []
[2025-05-02 13:45:39] SlimMonoLogger.INFO: Cron ran at: 02-05-2025 01:45:39 PM [] []
[2025-05-02 13:50:32] SlimMonoLogger.INFO: Cron ran at: 02-05-2025 01:50:32 PM [] []
[2025-05-02 13:55:39] SlimMonoLogger.INFO: Cron ran at: 02-05-2025 01:55:39 PM [] []
[2025-05-02 14:00:43] SlimMonoLogger.INFO: Cron ran at: 02-05-2025 02:00:43 PM [] []
[2025-05-02 14:05:38] SlimMonoLogger.INFO: Cron ran at: 02-05-2025 02:05:38 PM [] []
[2025-05-02 14:10:43] SlimMonoLogger.INFO: Cron ran at: 02-05-2025 02:10:43 PM [] []
[2025-05-02 14:15:39] SlimMonoLogger.INFO: Cron ran at: 02-05-2025 02:15:39 PM [] []
[2025-05-02 14:20:51] SlimMonoLogger.INFO: Cron ran at: 02-05-2025 02:20:51 PM [] []
[2025-05-02 14:25:38] SlimMonoLogger.INFO: Cron ran at: 02-05-2025 02:25:38 PM [] []
[2025-05-02 14:30:42] SlimMonoLogger.INFO: Cron ran at: 02-05-2025 02:30:42 PM [] []
[2025-05-02 14:35:42] SlimMonoLogger.INFO: Cron ran at: 02-05-2025 02:35:42 PM [] []
[2025-05-02 14:40:37] SlimMonoLogger.INFO: Cron ran at: 02-05-2025 02:40:37 PM [] []
[2025-05-02 14:45:42] SlimMonoLogger.INFO: Cron ran at: 02-05-2025 02:45:42 PM [] []
[2025-05-02 14:50:45] SlimMonoLogger.INFO: Cron ran at: 02-05-2025 02:50:45 PM [] []
[2025-05-02 14:55:41] SlimMonoLogger.INFO: Cron ran at: 02-05-2025 02:55:41 PM [] []
[2025-05-02 15:01:00] SlimMonoLogger.INFO: Cron ran at: 02-05-2025 03:01:00 PM [] []
[2025-05-02 15:05:34] SlimMonoLogger.INFO: Cron ran at: 02-05-2025 03:05:34 PM [] []
[2025-05-02 15:10:52] SlimMonoLogger.INFO: Cron ran at: 02-05-2025 03:10:52 PM [] []
[2025-05-02 15:15:48] SlimMonoLogger.INFO: Cron ran at: 02-05-2025 03:15:48 PM [] []
[2025-05-02 15:20:39] SlimMonoLogger.INFO: Cron ran at: 02-05-2025 03:20:39 PM [] []
[2025-05-02 15:25:38] SlimMonoLogger.INFO: Cron ran at: 02-05-2025 03:25:38 PM [] []
[2025-05-02 15:30:41] SlimMonoLogger.INFO: Cron ran at: 02-05-2025 03:30:41 PM [] []
[2025-05-02 15:35:51] SlimMonoLogger.INFO: Cron ran at: 02-05-2025 03:35:51 PM [] []
[2025-05-02 15:40:46] SlimMonoLogger.INFO: Cron ran at: 02-05-2025 03:40:46 PM [] []
[2025-05-02 15:45:41] SlimMonoLogger.INFO: Cron ran at: 02-05-2025 03:45:41 PM [] []
[2025-05-02 15:50:49] SlimMonoLogger.INFO: Cron ran at: 02-05-2025 03:50:49 PM [] []
[2025-05-02 15:55:45] SlimMonoLogger.INFO: Cron ran at: 02-05-2025 03:55:45 PM [] []
[2025-05-02 16:00:46] SlimMonoLogger.INFO: Cron ran at: 02-05-2025 04:00:46 PM [] []
[2025-05-02 16:05:48] SlimMonoLogger.INFO: Cron ran at: 02-05-2025 04:05:48 PM [] []
[2025-05-02 16:10:44] SlimMonoLogger.INFO: Cron ran at: 02-05-2025 04:10:44 PM [] []
[2025-05-02 16:15:40] SlimMonoLogger.INFO: Cron ran at: 02-05-2025 04:15:40 PM [] []
[2025-05-02 16:20:35] SlimMonoLogger.INFO: Cron ran at: 02-05-2025 04:20:35 PM [] []
[2025-05-02 16:25:37] SlimMonoLogger.INFO: Cron ran at: 02-05-2025 04:25:37 PM [] []
[2025-05-02 16:30:38] SlimMonoLogger.INFO: Cron ran at: 02-05-2025 04:30:38 PM [] []
[2025-05-02 16:35:46] SlimMonoLogger.INFO: Cron ran at: 02-05-2025 04:35:46 PM [] []
[2025-05-02 16:40:38] SlimMonoLogger.INFO: Cron ran at: 02-05-2025 04:40:38 PM [] []
[2025-05-02 16:45:35] SlimMonoLogger.INFO: Cron ran at: 02-05-2025 04:45:35 PM [] []
[2025-05-02 16:50:37] SlimMonoLogger.INFO: Cron ran at: 02-05-2025 04:50:37 PM [] []
[2025-05-02 16:55:42] SlimMonoLogger.INFO: Cron ran at: 02-05-2025 04:55:42 PM [] []
[2025-05-02 17:00:42] SlimMonoLogger.INFO: Cron ran at: 02-05-2025 05:00:42 PM [] []
[2025-05-02 17:05:40] SlimMonoLogger.INFO: Cron ran at: 02-05-2025 05:05:40 PM [] []
[2025-05-02 17:10:44] SlimMonoLogger.INFO: Cron ran at: 02-05-2025 05:10:44 PM [] []
[2025-05-02 17:15:36] SlimMonoLogger.INFO: Cron ran at: 02-05-2025 05:15:36 PM [] []
[2025-05-02 17:20:39] SlimMonoLogger.INFO: Cron ran at: 02-05-2025 05:20:39 PM [] []
[2025-05-02 17:25:29] SlimMonoLogger.INFO: Cron ran at: 02-05-2025 05:25:29 PM [] []
[2025-05-02 17:30:40] SlimMonoLogger.INFO: Cron ran at: 02-05-2025 05:30:40 PM [] []
[2025-05-02 17:36:07] SlimMonoLogger.INFO: Cron ran at: 02-05-2025 05:36:07 PM [] []
[2025-05-02 17:40:44] SlimMonoLogger.INFO: Cron ran at: 02-05-2025 05:40:44 PM [] []
[2025-05-02 17:45:43] SlimMonoLogger.INFO: Cron ran at: 02-05-2025 05:45:43 PM [] []
[2025-05-02 17:50:28] SlimMonoLogger.INFO: Cron ran at: 02-05-2025 05:50:28 PM [] []
[2025-05-02 17:55:33] SlimMonoLogger.INFO: Cron ran at: 02-05-2025 05:55:33 PM [] []
[2025-05-02 18:00:46] SlimMonoLogger.INFO: Cron ran at: 02-05-2025 06:00:46 PM [] []
[2025-05-02 18:05:43] SlimMonoLogger.INFO: Cron ran at: 02-05-2025 06:05:43 PM [] []
[2025-05-02 18:10:33] SlimMonoLogger.INFO: Cron ran at: 02-05-2025 06:10:33 PM [] []
[2025-05-02 18:15:38] SlimMonoLogger.INFO: Cron ran at: 02-05-2025 06:15:38 PM [] []
[2025-05-02 18:20:43] SlimMonoLogger.INFO: Cron ran at: 02-05-2025 06:20:43 PM [] []
[2025-05-02 18:25:41] SlimMonoLogger.INFO: Cron ran at: 02-05-2025 06:25:41 PM [] []
[2025-05-02 18:30:58] SlimMonoLogger.INFO: Cron ran at: 02-05-2025 06:30:58 PM [] []
[2025-05-02 18:35:42] SlimMonoLogger.INFO: Cron ran at: 02-05-2025 06:35:42 PM [] []
[2025-05-02 18:40:49] SlimMonoLogger.INFO: Cron ran at: 02-05-2025 06:40:49 PM [] []
[2025-05-02 18:45:40] SlimMonoLogger.INFO: Cron ran at: 02-05-2025 06:45:40 PM [] []
[2025-05-02 18:50:45] SlimMonoLogger.INFO: Cron ran at: 02-05-2025 06:50:45 PM [] []
[2025-05-02 18:55:41] SlimMonoLogger.INFO: Cron ran at: 02-05-2025 06:55:41 PM [] []
[2025-05-02 19:00:40] SlimMonoLogger.INFO: Cron ran at: 02-05-2025 07:00:40 PM [] []
[2025-05-02 19:05:43] SlimMonoLogger.INFO: Cron ran at: 02-05-2025 07:05:43 PM [] []
[2025-05-02 19:10:35] SlimMonoLogger.INFO: Cron ran at: 02-05-2025 07:10:35 PM [] []
[2025-05-02 19:15:49] SlimMonoLogger.INFO: Cron ran at: 02-05-2025 07:15:49 PM [] []
[2025-05-02 19:20:31] SlimMonoLogger.INFO: Cron ran at: 02-05-2025 07:20:31 PM [] []
[2025-05-02 19:25:34] SlimMonoLogger.INFO: Cron ran at: 02-05-2025 07:25:34 PM [] []
[2025-05-02 19:30:43] SlimMonoLogger.INFO: Cron ran at: 02-05-2025 07:30:43 PM [] []
[2025-05-02 19:35:49] SlimMonoLogger.INFO: Cron ran at: 02-05-2025 07:35:49 PM [] []
[2025-05-02 19:40:35] SlimMonoLogger.INFO: Cron ran at: 02-05-2025 07:40:35 PM [] []
[2025-05-02 19:45:51] SlimMonoLogger.INFO: Cron ran at: 02-05-2025 07:45:51 PM [] []
[2025-05-02 19:50:31] SlimMonoLogger.INFO: Cron ran at: 02-05-2025 07:50:31 PM [] []
[2025-05-02 19:55:30] SlimMonoLogger.INFO: Cron ran at: 02-05-2025 07:55:30 PM [] []
[2025-05-02 20:00:39] SlimMonoLogger.INFO: Cron ran at: 02-05-2025 08:00:39 PM [] []
[2025-05-02 20:05:39] SlimMonoLogger.INFO: Cron ran at: 02-05-2025 08:05:39 PM [] []
[2025-05-02 20:10:34] SlimMonoLogger.INFO: Cron ran at: 02-05-2025 08:10:34 PM [] []
[2025-05-02 20:15:34] SlimMonoLogger.INFO: Cron ran at: 02-05-2025 08:15:34 PM [] []
[2025-05-02 20:20:30] SlimMonoLogger.INFO: Cron ran at: 02-05-2025 08:20:30 PM [] []
[2025-05-02 20:25:36] SlimMonoLogger.INFO: Cron ran at: 02-05-2025 08:25:36 PM [] []
[2025-05-02 20:32:19] SlimMonoLogger.INFO: Cron ran at: 02-05-2025 08:32:19 PM [] []
[2025-05-02 20:36:03] SlimMonoLogger.INFO: Cron ran at: 02-05-2025 08:36:03 PM [] []
[2025-05-02 20:40:46] SlimMonoLogger.INFO: Cron ran at: 02-05-2025 08:40:46 PM [] []
[2025-05-02 20:45:41] SlimMonoLogger.INFO: Cron ran at: 02-05-2025 08:45:41 PM [] []
[2025-05-02 20:50:38] SlimMonoLogger.INFO: Cron ran at: 02-05-2025 08:50:38 PM [] []
[2025-05-02 20:55:32] SlimMonoLogger.INFO: Cron ran at: 02-05-2025 08:55:32 PM [] []
[2025-05-02 21:00:36] SlimMonoLogger.INFO: Cron ran at: 02-05-2025 09:00:36 PM [] []
[2025-05-02 21:05:29] SlimMonoLogger.INFO: Cron ran at: 02-05-2025 09:05:29 PM [] []
[2025-05-02 21:10:30] SlimMonoLogger.INFO: Cron ran at: 02-05-2025 09:10:30 PM [] []
[2025-05-02 21:15:30] SlimMonoLogger.INFO: Cron ran at: 02-05-2025 09:15:30 PM [] []
[2025-05-02 21:20:31] SlimMonoLogger.INFO: Cron ran at: 02-05-2025 09:20:31 PM [] []
[2025-05-02 21:25:24] SlimMonoLogger.INFO: Cron ran at: 02-05-2025 09:25:24 PM [] []
[2025-05-02 21:30:34] SlimMonoLogger.INFO: Cron ran at: 02-05-2025 09:30:34 PM [] []
[2025-05-02 21:35:29] SlimMonoLogger.INFO: Cron ran at: 02-05-2025 09:35:29 PM [] []
[2025-05-02 21:40:30] SlimMonoLogger.INFO: Cron ran at: 02-05-2025 09:40:30 PM [] []
[2025-05-02 21:45:34] SlimMonoLogger.INFO: Cron ran at: 02-05-2025 09:45:34 PM [] []
[2025-05-02 21:50:28] SlimMonoLogger.INFO: Cron ran at: 02-05-2025 09:50:28 PM [] []
[2025-05-02 21:55:28] SlimMonoLogger.INFO: Cron ran at: 02-05-2025 09:55:28 PM [] []
[2025-05-02 22:00:37] SlimMonoLogger.INFO: Cron ran at: 02-05-2025 10:00:37 PM [] []
[2025-05-02 22:05:34] SlimMonoLogger.INFO: Cron ran at: 02-05-2025 10:05:34 PM [] []
[2025-05-02 22:10:25] SlimMonoLogger.INFO: Cron ran at: 02-05-2025 10:10:25 PM [] []
[2025-05-02 22:15:25] SlimMonoLogger.INFO: Cron ran at: 02-05-2025 10:15:25 PM [] []
[2025-05-02 22:20:28] SlimMonoLogger.INFO: Cron ran at: 02-05-2025 10:20:28 PM [] []
[2025-05-02 22:25:29] SlimMonoLogger.INFO: Cron ran at: 02-05-2025 10:25:29 PM [] []
[2025-05-02 22:30:35] SlimMonoLogger.INFO: Cron ran at: 02-05-2025 10:30:35 PM [] []
[2025-05-02 22:35:38] SlimMonoLogger.INFO: Cron ran at: 02-05-2025 10:35:38 PM [] []
[2025-05-02 22:40:27] SlimMonoLogger.INFO: Cron ran at: 02-05-2025 10:40:27 PM [] []
[2025-05-02 22:45:30] SlimMonoLogger.INFO: Cron ran at: 02-05-2025 10:45:30 PM [] []
[2025-05-02 22:50:26] SlimMonoLogger.INFO: Cron ran at: 02-05-2025 10:50:26 PM [] []
[2025-05-02 22:55:30] SlimMonoLogger.INFO: Cron ran at: 02-05-2025 10:55:30 PM [] []
[2025-05-02 23:00:26] SlimMonoLogger.INFO: Cron ran at: 02-05-2025 11:00:26 PM [] []
[2025-05-02 23:05:22] SlimMonoLogger.INFO: Cron ran at: 02-05-2025 11:05:22 PM [] []
[2025-05-02 23:10:22] SlimMonoLogger.INFO: Cron ran at: 02-05-2025 11:10:22 PM [] []
[2025-05-02 23:15:29] SlimMonoLogger.INFO: Cron ran at: 02-05-2025 11:15:29 PM [] []
[2025-05-02 23:20:38] SlimMonoLogger.INFO: Cron ran at: 02-05-2025 11:20:38 PM [] []
[2025-05-02 23:25:29] SlimMonoLogger.INFO: Cron ran at: 02-05-2025 11:25:29 PM [] []
[2025-05-02 23:30:25] SlimMonoLogger.INFO: Cron ran at: 02-05-2025 11:30:25 PM [] []
[2025-05-02 23:35:27] SlimMonoLogger.INFO: Cron ran at: 02-05-2025 11:35:27 PM [] []
[2025-05-02 23:40:32] SlimMonoLogger.INFO: Cron ran at: 02-05-2025 11:40:32 PM [] []
[2025-05-02 23:45:34] SlimMonoLogger.INFO: Cron ran at: 02-05-2025 11:45:34 PM [] []
[2025-05-02 23:50:30] SlimMonoLogger.INFO: Cron ran at: 02-05-2025 11:50:30 PM [] []
[2025-05-02 23:55:24] SlimMonoLogger.INFO: Cron ran at: 02-05-2025 11:55:24 PM [] []
[2025-05-03 00:00:37] SlimMonoLogger.INFO: Cron ran at: 03-05-2025 12:00:37 AM [] []
[2025-05-03 00:05:23] SlimMonoLogger.INFO: Cron ran at: 03-05-2025 12:05:23 AM [] []
[2025-05-03 00:10:27] SlimMonoLogger.INFO: Cron ran at: 03-05-2025 12:10:27 AM [] []
[2025-05-03 00:15:24] SlimMonoLogger.INFO: Cron ran at: 03-05-2025 12:15:24 AM [] []
[2025-05-03 00:20:26] SlimMonoLogger.INFO: Cron ran at: 03-05-2025 12:20:26 AM [] []
[2025-05-03 00:27:39] SlimMonoLogger.ERROR: Requests_Exception: cURL error 18: transfer closed with outstanding read data remaining in /home/latihtal/public_html/agregator1/src/vendor/rmccue/requests/library/Requests/Transport/cURL.php:422
Stack trace:
#0 /home/latihtal/public_html/agregator1/src/vendor/rmccue/requests/library/Requests/Transport/cURL.php(177): Requests_Transport_cURL->process_response()
#1 /home/latihtal/public_html/agregator1/src/vendor/rmccue/requests/library/Requests.php(379): Requests_Transport_cURL->request()
#2 /home/latihtal/public_html/agregator1/src/vendor/rmccue/requests/library/Requests/Session.php(205): Requests::request()
#3 /home/latihtal/public_html/agregator1/src/vendor/rmccue/requests/library/Requests/Session.php(132): Requests_Session->request()
#4 /home/latihtal/public_html/agregator1/src/drivers/Http/RssImporter.php(144): Requests_Session->get()
#5 /home/latihtal/public_html/agregator1/src/controllers/Dashboard/DashboardFeedsController.php(534): spark\drivers\Http\RssImporter->fetchPosts()
#6 /home/latihtal/public_html/agregator1/src/controllers/Site/SiteController.php(722): spark\controllers\Dashboard\DashboardFeedsController::importFeedPosts()
#7 [internal function]: spark\controllers\Site\SiteController->runTasks()
#8 /home/latihtal/public_html/agregator1/src/framework/Route.php(173): call_user_func_array()
#9 [internal function]: Slim\Route->Slim\{closure}()
#10 /home/latihtal/public_html/agregator1/src/framework/Route.php(468): call_user_func_array()
#11 /home/latihtal/public_html/agregator1/src/framework/Slim.php(1364): Slim\Route->dispatch()
#12 /home/latihtal/public_html/agregator1/src/framework/Middleware/Flash.php(85): Slim\Slim->call()
#13 /home/latihtal/public_html/agregator1/src/framework/Middleware/MethodOverride.php(92): Slim\Middleware\Flash->call()
#14 /home/latihtal/public_html/agregator1/src/middlewares/CsrfGuard/CsrfGuard.php(47): Slim\Middleware\MethodOverride->call()
#15 /home/latihtal/public_html/agregator1/src/framework/Middleware/PrettyExceptions.php(67): spark\middlewares\CsrfGuard\CsrfGuard->call()
#16 /home/latihtal/public_html/agregator1/src/framework/Slim.php(1308): Slim\Middleware\PrettyExceptions->call()
#17 /home/latihtal/public_html/agregator1/index.php(6): Slim\Slim->run()
#18 {main} [] []
[2025-05-03 00:27:52] SlimMonoLogger.INFO: Cron ran at: 03-05-2025 12:27:52 AM [] []
[2025-05-03 00:30:22] SlimMonoLogger.INFO: Cron ran at: 03-05-2025 12:30:22 AM [] []
[2025-05-03 00:35:27] SlimMonoLogger.INFO: Cron ran at: 03-05-2025 12:35:27 AM [] []
[2025-05-03 00:40:33] SlimMonoLogger.INFO: Cron ran at: 03-05-2025 12:40:33 AM [] []
[2025-05-03 00:45:29] SlimMonoLogger.INFO: Cron ran at: 03-05-2025 12:45:29 AM [] []
[2025-05-03 00:50:33] SlimMonoLogger.INFO: Cron ran at: 03-05-2025 12:50:33 AM [] []
[2025-05-03 00:55:38] SlimMonoLogger.INFO: Cron ran at: 03-05-2025 12:55:38 AM [] []
[2025-05-03 01:00:34] SlimMonoLogger.INFO: Cron ran at: 03-05-2025 01:00:34 AM [] []
[2025-05-03 01:05:26] SlimMonoLogger.INFO: Cron ran at: 03-05-2025 01:05:26 AM [] []
[2025-05-03 01:10:24] SlimMonoLogger.INFO: Cron ran at: 03-05-2025 01:10:24 AM [] []
[2025-05-03 01:15:24] SlimMonoLogger.INFO: Cron ran at: 03-05-2025 01:15:24 AM [] []
[2025-05-03 01:22:04] SlimMonoLogger.INFO: Cron ran at: 03-05-2025 01:22:04 AM [] []
[2025-05-03 01:25:20] SlimMonoLogger.INFO: Cron ran at: 03-05-2025 01:25:20 AM [] []
[2025-05-03 01:30:24] SlimMonoLogger.INFO: Cron ran at: 03-05-2025 01:30:24 AM [] []
[2025-05-03 01:35:25] SlimMonoLogger.INFO: Cron ran at: 03-05-2025 01:35:25 AM [] []
[2025-05-03 01:40:21] SlimMonoLogger.INFO: Cron ran at: 03-05-2025 01:40:21 AM [] []
[2025-05-03 01:45:22] SlimMonoLogger.INFO: Cron ran at: 03-05-2025 01:45:22 AM [] []
[2025-05-03 01:50:39] SlimMonoLogger.INFO: Cron ran at: 03-05-2025 01:50:39 AM [] []
[2025-05-03 01:55:38] SlimMonoLogger.INFO: Cron ran at: 03-05-2025 01:55:38 AM [] []
