[2026-03-02 01:01:31] SlimMonoLogger.INFO: Cron ran at: 02-03-2026 01:01:31 AM [] []
[2026-03-02 01:06:19] SlimMonoLogger.INFO: Cron ran at: 02-03-2026 01:06:19 AM [] []
[2026-03-02 01:11:14] SlimMonoLogger.INFO: Cron ran at: 02-03-2026 01:11:14 AM [] []
[2026-03-02 01:17:16] SlimMonoLogger.INFO: Cron ran at: 02-03-2026 01:17:16 AM [] []
[2026-03-02 01:21:14] SlimMonoLogger.INFO: Cron ran at: 02-03-2026 01:21:14 AM [] []
[2026-03-02 01:26:20] SlimMonoLogger.INFO: Cron ran at: 02-03-2026 01:26:20 AM [] []
[2026-03-02 01:31:20] SlimMonoLogger.INFO: Cron ran at: 02-03-2026 01:31:20 AM [] []
[2026-03-02 01:36:16] SlimMonoLogger.INFO: Cron ran at: 02-03-2026 01:36:16 AM [] []
[2026-03-02 01:41:12] SlimMonoLogger.INFO: Cron ran at: 02-03-2026 01:41:12 AM [] []
[2026-03-02 01:46:13] SlimMonoLogger.INFO: Cron ran at: 02-03-2026 01:46:13 AM [] []
[2026-03-02 01:51:12] SlimMonoLogger.INFO: Cron ran at: 02-03-2026 01:51:12 AM [] []
[2026-03-02 01:56:14] SlimMonoLogger.INFO: Cron ran at: 02-03-2026 01:56:14 AM [] []
[2026-03-02 02:01:28] SlimMonoLogger.INFO: Cron ran at: 02-03-2026 02:01:28 AM [] []
[2026-03-02 02:06:14] SlimMonoLogger.INFO: Cron ran at: 02-03-2026 02:06:14 AM [] []
[2026-03-02 02:11:11] SlimMonoLogger.INFO: Cron ran at: 02-03-2026 02:11:11 AM [] []
[2026-03-02 02:16:11] SlimMonoLogger.INFO: Cron ran at: 02-03-2026 02:16:11 AM [] []
[2026-03-02 02:21:18] SlimMonoLogger.INFO: Cron ran at: 02-03-2026 02:21:18 AM [] []
[2026-03-02 02:26:10] SlimMonoLogger.INFO: Cron ran at: 02-03-2026 02:26:10 AM [] []
[2026-03-02 02:31:16] SlimMonoLogger.INFO: Cron ran at: 02-03-2026 02:31:16 AM [] []
[2026-03-02 02:36:14] SlimMonoLogger.INFO: Cron ran at: 02-03-2026 02:36:14 AM [] []
[2026-03-02 02:41:17] SlimMonoLogger.INFO: Cron ran at: 02-03-2026 02:41:17 AM [] []
[2026-03-02 02:46:11] SlimMonoLogger.INFO: Cron ran at: 02-03-2026 02:46:11 AM [] []
[2026-03-02 02:51:13] SlimMonoLogger.INFO: Cron ran at: 02-03-2026 02:51:13 AM [] []
[2026-03-02 02:56:12] SlimMonoLogger.INFO: Cron ran at: 02-03-2026 02:56:12 AM [] []
[2026-03-02 03:01:32] SlimMonoLogger.INFO: Cron ran at: 02-03-2026 03:01:32 AM [] []
[2026-03-02 03:06:18] SlimMonoLogger.INFO: Cron ran at: 02-03-2026 03:06:18 AM [] []
[2026-03-02 03:11:12] SlimMonoLogger.INFO: Cron ran at: 02-03-2026 03:11:12 AM [] []
[2026-03-02 03:16:21] SlimMonoLogger.INFO: Cron ran at: 02-03-2026 03:16:21 AM [] []
[2026-03-02 03:21:22] SlimMonoLogger.INFO: Cron ran at: 02-03-2026 03:21:22 AM [] []
[2026-03-02 03:26:15] SlimMonoLogger.INFO: Cron ran at: 02-03-2026 03:26:15 AM [] []
[2026-03-02 03:31:16] SlimMonoLogger.INFO: Cron ran at: 02-03-2026 03:31:16 AM [] []
[2026-03-02 03:36:20] SlimMonoLogger.INFO: Cron ran at: 02-03-2026 03:36:20 AM [] []
[2026-03-02 03:41:16] SlimMonoLogger.INFO: Cron ran at: 02-03-2026 03:41:16 AM [] []
[2026-03-02 03:46:20] SlimMonoLogger.INFO: Cron ran at: 02-03-2026 03:46:20 AM [] []
[2026-03-02 03:51:19] SlimMonoLogger.INFO: Cron ran at: 02-03-2026 03:51:19 AM [] []
[2026-03-02 03:56:10] SlimMonoLogger.INFO: Cron ran at: 02-03-2026 03:56:10 AM [] []
[2026-03-02 04:01:20] SlimMonoLogger.INFO: Cron ran at: 02-03-2026 04:01:20 AM [] []
[2026-03-02 04:06:15] SlimMonoLogger.INFO: Cron ran at: 02-03-2026 04:06:15 AM [] []
[2026-03-02 04:11:15] SlimMonoLogger.INFO: Cron ran at: 02-03-2026 04:11:15 AM [] []
[2026-03-02 04:16:11] SlimMonoLogger.INFO: Cron ran at: 02-03-2026 04:16:11 AM [] []
[2026-03-02 04:21:17] SlimMonoLogger.INFO: Cron ran at: 02-03-2026 04:21:17 AM [] []
[2026-03-02 04:26:13] SlimMonoLogger.INFO: Cron ran at: 02-03-2026 04:26:13 AM [] []
[2026-03-02 04:31:09] SlimMonoLogger.INFO: Cron ran at: 02-03-2026 04:31:09 AM [] []
[2026-03-02 04:36:22] SlimMonoLogger.INFO: Cron ran at: 02-03-2026 04:36:22 AM [] []
[2026-03-02 04:41:23] SlimMonoLogger.INFO: Cron ran at: 02-03-2026 04:41:23 AM [] []
[2026-03-02 04:46:11] SlimMonoLogger.INFO: Cron ran at: 02-03-2026 04:46:11 AM [] []
[2026-03-02 04:51:14] SlimMonoLogger.INFO: Cron ran at: 02-03-2026 04:51:14 AM [] []
[2026-03-02 04:56:19] SlimMonoLogger.INFO: Cron ran at: 02-03-2026 04:56:19 AM [] []
[2026-03-02 05:01:23] SlimMonoLogger.INFO: Cron ran at: 02-03-2026 05:01:23 AM [] []
[2026-03-02 05:06:11] SlimMonoLogger.INFO: Cron ran at: 02-03-2026 05:06:11 AM [] []
[2026-03-02 05:11:17] SlimMonoLogger.INFO: Cron ran at: 02-03-2026 05:11:17 AM [] []
[2026-03-02 05:16:16] SlimMonoLogger.INFO: Cron ran at: 02-03-2026 05:16:16 AM [] []
[2026-03-02 05:21:16] SlimMonoLogger.INFO: Cron ran at: 02-03-2026 05:21:16 AM [] []
[2026-03-02 05:26:10] SlimMonoLogger.INFO: Cron ran at: 02-03-2026 05:26:10 AM [] []
[2026-03-02 05:31:11] SlimMonoLogger.INFO: Cron ran at: 02-03-2026 05:31:11 AM [] []
[2026-03-02 05:36:19] SlimMonoLogger.INFO: Cron ran at: 02-03-2026 05:36:19 AM [] []
[2026-03-02 05:41:12] SlimMonoLogger.INFO: Cron ran at: 02-03-2026 05:41:12 AM [] []
[2026-03-02 05:46:18] SlimMonoLogger.INFO: Cron ran at: 02-03-2026 05:46:18 AM [] []
[2026-03-02 05:51:09] SlimMonoLogger.INFO: Cron ran at: 02-03-2026 05:51:09 AM [] []
[2026-03-02 05:56:17] SlimMonoLogger.INFO: Cron ran at: 02-03-2026 05:56:17 AM [] []
[2026-03-02 06:01:21] SlimMonoLogger.INFO: Cron ran at: 02-03-2026 06:01:21 AM [] []
[2026-03-02 06:06:13] SlimMonoLogger.INFO: Cron ran at: 02-03-2026 06:06:13 AM [] []
[2026-03-02 06:11:22] SlimMonoLogger.INFO: Cron ran at: 02-03-2026 06:11:22 AM [] []
[2026-03-02 06:16:15] SlimMonoLogger.INFO: Cron ran at: 02-03-2026 06:16:15 AM [] []
[2026-03-02 06:21:23] SlimMonoLogger.INFO: Cron ran at: 02-03-2026 06:21:23 AM [] []
[2026-03-02 06:26:19] SlimMonoLogger.INFO: Cron ran at: 02-03-2026 06:26:19 AM [] []
[2026-03-02 06:31:17] SlimMonoLogger.INFO: Cron ran at: 02-03-2026 06:31:17 AM [] []
[2026-03-02 06:36:15] SlimMonoLogger.INFO: Cron ran at: 02-03-2026 06:36:15 AM [] []
[2026-03-02 06:41:13] SlimMonoLogger.INFO: Cron ran at: 02-03-2026 06:41:13 AM [] []
[2026-03-02 06:46:17] SlimMonoLogger.INFO: Cron ran at: 02-03-2026 06:46:17 AM [] []
[2026-03-02 06:51:23] SlimMonoLogger.INFO: Cron ran at: 02-03-2026 06:51:23 AM [] []
[2026-03-02 06:56:09] SlimMonoLogger.INFO: Cron ran at: 02-03-2026 06:56:09 AM [] []
[2026-03-02 07:01:16] SlimMonoLogger.INFO: Cron ran at: 02-03-2026 07:01:16 AM [] []
[2026-03-02 07:06:17] SlimMonoLogger.INFO: Cron ran at: 02-03-2026 07:06:17 AM [] []
[2026-03-02 07:16:20] SlimMonoLogger.INFO: Cron ran at: 02-03-2026 07:16:20 AM [] []
[2026-03-02 07:19:20] SlimMonoLogger.ERROR: Requests_Exception: cURL error 28: Operation timed out after 500001 milliseconds with 6163 bytes received in /home/latihtal/public_html/agregator1/src/vendor/rmccue/requests/library/Requests/Transport/cURL.php:422
Stack trace:
#0 /home/latihtal/public_html/agregator1/src/vendor/rmccue/requests/library/Requests/Transport/cURL.php(177): Requests_Transport_cURL->process_response()
#1 /home/latihtal/public_html/agregator1/src/vendor/rmccue/requests/library/Requests.php(379): Requests_Transport_cURL->request()
#2 /home/latihtal/public_html/agregator1/src/vendor/rmccue/requests/library/Requests/Session.php(205): Requests::request()
#3 /home/latihtal/public_html/agregator1/src/vendor/rmccue/requests/library/Requests/Session.php(132): Requests_Session->request()
#4 /home/latihtal/public_html/agregator1/src/drivers/Http/RssImporter.php(144): Requests_Session->get()
#5 /home/latihtal/public_html/agregator1/src/controllers/Dashboard/DashboardFeedsController.php(534): spark\drivers\Http\RssImporter->fetchPosts()
#6 /home/latihtal/public_html/agregator1/src/controllers/Site/SiteController.php(722): spark\controllers\Dashboard\DashboardFeedsController::importFeedPosts()
#7 [internal function]: spark\controllers\Site\SiteController->runTasks()
#8 /home/latihtal/public_html/agregator1/src/framework/Route.php(173): call_user_func_array()
#9 [internal function]: Slim\Route->Slim\{closure}()
#10 /home/latihtal/public_html/agregator1/src/framework/Route.php(468): call_user_func_array()
#11 /home/latihtal/public_html/agregator1/src/framework/Slim.php(1364): Slim\Route->dispatch()
#12 /home/latihtal/public_html/agregator1/src/framework/Middleware/Flash.php(85): Slim\Slim->call()
#13 /home/latihtal/public_html/agregator1/src/framework/Middleware/MethodOverride.php(92): Slim\Middleware\Flash->call()
#14 /home/latihtal/public_html/agregator1/src/middlewares/CsrfGuard/CsrfGuard.php(47): Slim\Middleware\MethodOverride->call()
#15 /home/latihtal/public_html/agregator1/src/framework/Middleware/PrettyExceptions.php(67): spark\middlewares\CsrfGuard\CsrfGuard->call()
#16 /home/latihtal/public_html/agregator1/src/framework/Slim.php(1308): Slim\Middleware\PrettyExceptions->call()
#17 /home/latihtal/public_html/agregator1/index.php(6): Slim\Slim->run()
#18 {main} [] []
[2026-03-02 07:19:39] SlimMonoLogger.INFO: Cron ran at: 02-03-2026 07:19:39 AM [] []
[2026-03-02 07:21:20] SlimMonoLogger.INFO: Cron ran at: 02-03-2026 07:21:20 AM [] []
[2026-03-02 07:26:12] SlimMonoLogger.INFO: Cron ran at: 02-03-2026 07:26:12 AM [] []
[2026-03-02 07:31:21] SlimMonoLogger.INFO: Cron ran at: 02-03-2026 07:31:21 AM [] []
[2026-03-02 07:36:17] SlimMonoLogger.INFO: Cron ran at: 02-03-2026 07:36:17 AM [] []
[2026-03-02 07:41:11] SlimMonoLogger.INFO: Cron ran at: 02-03-2026 07:41:11 AM [] []
[2026-03-02 07:46:16] SlimMonoLogger.INFO: Cron ran at: 02-03-2026 07:46:16 AM [] []
[2026-03-02 07:51:08] SlimMonoLogger.INFO: Cron ran at: 02-03-2026 07:51:08 AM [] []
[2026-03-02 07:56:10] SlimMonoLogger.INFO: Cron ran at: 02-03-2026 07:56:10 AM [] []
[2026-03-02 08:01:18] SlimMonoLogger.INFO: Cron ran at: 02-03-2026 08:01:18 AM [] []
[2026-03-02 08:06:10] SlimMonoLogger.INFO: Cron ran at: 02-03-2026 08:06:10 AM [] []
[2026-03-02 08:11:17] SlimMonoLogger.INFO: Cron ran at: 02-03-2026 08:11:17 AM [] []
[2026-03-02 08:16:10] SlimMonoLogger.INFO: Cron ran at: 02-03-2026 08:16:10 AM [] []
[2026-03-02 08:21:40] SlimMonoLogger.INFO: Cron ran at: 02-03-2026 08:21:40 AM [] []
[2026-03-02 08:26:15] SlimMonoLogger.INFO: Cron ran at: 02-03-2026 08:26:15 AM [] []
[2026-03-02 08:31:16] SlimMonoLogger.INFO: Cron ran at: 02-03-2026 08:31:16 AM [] []
[2026-03-02 08:41:47] SlimMonoLogger.INFO: Cron ran at: 02-03-2026 08:41:47 AM [] []
[2026-03-02 08:46:25] SlimMonoLogger.INFO: Cron ran at: 02-03-2026 08:46:25 AM [] []
[2026-03-02 08:51:12] SlimMonoLogger.INFO: Cron ran at: 02-03-2026 08:51:12 AM [] []
[2026-03-02 08:56:36] SlimMonoLogger.INFO: Cron ran at: 02-03-2026 08:56:36 AM [] []
[2026-03-02 09:01:39] SlimMonoLogger.INFO: Cron ran at: 02-03-2026 09:01:39 AM [] []
[2026-03-02 09:06:37] SlimMonoLogger.INFO: Cron ran at: 02-03-2026 09:06:37 AM [] []
[2026-03-02 09:11:40] SlimMonoLogger.INFO: Cron ran at: 02-03-2026 09:11:40 AM [] []
[2026-03-02 09:16:28] SlimMonoLogger.INFO: Cron ran at: 02-03-2026 09:16:28 AM [] []
[2026-03-02 09:21:27] SlimMonoLogger.INFO: Cron ran at: 02-03-2026 09:21:27 AM [] []
[2026-03-02 09:26:35] SlimMonoLogger.INFO: Cron ran at: 02-03-2026 09:26:35 AM [] []
[2026-03-02 09:31:47] SlimMonoLogger.INFO: Cron ran at: 02-03-2026 09:31:47 AM [] []
[2026-03-02 09:36:26] SlimMonoLogger.INFO: Cron ran at: 02-03-2026 09:36:26 AM [] []
[2026-03-02 09:41:22] SlimMonoLogger.INFO: Cron ran at: 02-03-2026 09:41:22 AM [] []
[2026-03-02 09:46:34] SlimMonoLogger.INFO: Cron ran at: 02-03-2026 09:46:34 AM [] []
[2026-03-02 09:51:30] SlimMonoLogger.INFO: Cron ran at: 02-03-2026 09:51:30 AM [] []
[2026-03-02 10:01:48] SlimMonoLogger.INFO: Cron ran at: 02-03-2026 10:01:48 AM [] []
[2026-03-02 10:06:38] SlimMonoLogger.INFO: Cron ran at: 02-03-2026 10:06:38 AM [] []
[2026-03-02 10:11:30] SlimMonoLogger.INFO: Cron ran at: 02-03-2026 10:11:30 AM [] []
[2026-03-02 10:16:26] SlimMonoLogger.INFO: Cron ran at: 02-03-2026 10:16:26 AM [] []
[2026-03-02 10:21:32] SlimMonoLogger.INFO: Cron ran at: 02-03-2026 10:21:32 AM [] []
[2026-03-02 10:26:40] SlimMonoLogger.INFO: Cron ran at: 02-03-2026 10:26:40 AM [] []
[2026-03-02 10:31:29] SlimMonoLogger.INFO: Cron ran at: 02-03-2026 10:31:29 AM [] []
[2026-03-02 10:36:30] SlimMonoLogger.INFO: Cron ran at: 02-03-2026 10:36:30 AM [] []
[2026-03-02 10:41:53] SlimMonoLogger.INFO: Cron ran at: 02-03-2026 10:41:53 AM [] []
[2026-03-02 10:46:29] SlimMonoLogger.INFO: Cron ran at: 02-03-2026 10:46:29 AM [] []
[2026-03-02 10:51:25] SlimMonoLogger.INFO: Cron ran at: 02-03-2026 10:51:25 AM [] []
[2026-03-02 10:56:32] SlimMonoLogger.INFO: Cron ran at: 02-03-2026 10:56:32 AM [] []
[2026-03-02 11:01:42] SlimMonoLogger.INFO: Cron ran at: 02-03-2026 11:01:42 AM [] []
[2026-03-02 11:06:46] SlimMonoLogger.INFO: Cron ran at: 02-03-2026 11:06:46 AM [] []
[2026-03-02 11:11:38] SlimMonoLogger.INFO: Cron ran at: 02-03-2026 11:11:38 AM [] []
[2026-03-02 11:16:41] SlimMonoLogger.INFO: Cron ran at: 02-03-2026 11:16:41 AM [] []
[2026-03-02 11:22:10] SlimMonoLogger.INFO: Cron ran at: 02-03-2026 11:22:10 AM [] []
[2026-03-02 11:26:30] SlimMonoLogger.INFO: Cron ran at: 02-03-2026 11:26:30 AM [] []
[2026-03-02 11:31:41] SlimMonoLogger.INFO: Cron ran at: 02-03-2026 11:31:41 AM [] []
[2026-03-02 11:36:33] SlimMonoLogger.INFO: Cron ran at: 02-03-2026 11:36:33 AM [] []
[2026-03-02 11:41:36] SlimMonoLogger.INFO: Cron ran at: 02-03-2026 11:41:36 AM [] []
[2026-03-02 11:46:26] SlimMonoLogger.INFO: Cron ran at: 02-03-2026 11:46:26 AM [] []
[2026-03-02 11:51:37] SlimMonoLogger.INFO: Cron ran at: 02-03-2026 11:51:37 AM [] []
[2026-03-02 11:56:29] SlimMonoLogger.INFO: Cron ran at: 02-03-2026 11:56:29 AM [] []
[2026-03-02 12:01:31] SlimMonoLogger.INFO: Cron ran at: 02-03-2026 12:01:31 PM [] []
[2026-03-02 12:06:36] SlimMonoLogger.INFO: Cron ran at: 02-03-2026 12:06:36 PM [] []
[2026-03-02 12:11:51] SlimMonoLogger.INFO: Cron ran at: 02-03-2026 12:11:51 PM [] []
[2026-03-02 12:16:26] SlimMonoLogger.INFO: Cron ran at: 02-03-2026 12:16:26 PM [] []
[2026-03-02 12:21:34] SlimMonoLogger.INFO: Cron ran at: 02-03-2026 12:21:34 PM [] []
[2026-03-02 12:26:26] SlimMonoLogger.INFO: Cron ran at: 02-03-2026 12:26:26 PM [] []
[2026-03-02 12:31:35] SlimMonoLogger.INFO: Cron ran at: 02-03-2026 12:31:35 PM [] []
[2026-03-02 12:36:34] SlimMonoLogger.INFO: Cron ran at: 02-03-2026 12:36:34 PM [] []
[2026-03-02 12:41:17] SlimMonoLogger.INFO: Cron ran at: 02-03-2026 12:41:17 PM [] []
[2026-03-02 12:46:45] SlimMonoLogger.INFO: Cron ran at: 02-03-2026 12:46:45 PM [] []
[2026-03-02 12:51:25] SlimMonoLogger.INFO: Cron ran at: 02-03-2026 12:51:25 PM [] []
[2026-03-02 12:56:26] SlimMonoLogger.INFO: Cron ran at: 02-03-2026 12:56:26 PM [] []
[2026-03-02 13:01:41] SlimMonoLogger.INFO: Cron ran at: 02-03-2026 01:01:41 PM [] []
[2026-03-02 13:06:36] SlimMonoLogger.INFO: Cron ran at: 02-03-2026 01:06:36 PM [] []
[2026-03-02 13:11:31] SlimMonoLogger.INFO: Cron ran at: 02-03-2026 01:11:31 PM [] []
[2026-03-02 13:16:22] SlimMonoLogger.INFO: Cron ran at: 02-03-2026 01:16:22 PM [] []
[2026-03-02 13:21:25] SlimMonoLogger.INFO: Cron ran at: 02-03-2026 01:21:25 PM [] []
[2026-03-02 13:26:33] SlimMonoLogger.INFO: Cron ran at: 02-03-2026 01:26:33 PM [] []
[2026-03-02 13:31:29] SlimMonoLogger.INFO: Cron ran at: 02-03-2026 01:31:29 PM [] []
[2026-03-02 13:36:43] SlimMonoLogger.INFO: Cron ran at: 02-03-2026 01:36:43 PM [] []
[2026-03-02 13:41:23] SlimMonoLogger.INFO: Cron ran at: 02-03-2026 01:41:23 PM [] []
[2026-03-02 13:46:29] SlimMonoLogger.INFO: Cron ran at: 02-03-2026 01:46:29 PM [] []
[2026-03-02 13:51:20] SlimMonoLogger.INFO: Cron ran at: 02-03-2026 01:51:20 PM [] []
[2026-03-02 13:56:42] SlimMonoLogger.INFO: Cron ran at: 02-03-2026 01:56:42 PM [] []
[2026-03-02 14:01:40] SlimMonoLogger.INFO: Cron ran at: 02-03-2026 02:01:40 PM [] []
[2026-03-02 14:06:27] SlimMonoLogger.INFO: Cron ran at: 02-03-2026 02:06:27 PM [] []
[2026-03-02 14:11:26] SlimMonoLogger.INFO: Cron ran at: 02-03-2026 02:11:26 PM [] []
[2026-03-02 14:16:41] SlimMonoLogger.INFO: Cron ran at: 02-03-2026 02:16:41 PM [] []
[2026-03-02 14:21:41] SlimMonoLogger.INFO: Cron ran at: 02-03-2026 02:21:41 PM [] []
[2026-03-02 14:26:30] SlimMonoLogger.INFO: Cron ran at: 02-03-2026 02:26:30 PM [] []
[2026-03-02 14:31:24] SlimMonoLogger.INFO: Cron ran at: 02-03-2026 02:31:24 PM [] []
[2026-03-02 14:36:29] SlimMonoLogger.INFO: Cron ran at: 02-03-2026 02:36:29 PM [] []
[2026-03-02 14:41:36] SlimMonoLogger.INFO: Cron ran at: 02-03-2026 02:41:36 PM [] []
[2026-03-02 14:46:33] SlimMonoLogger.INFO: Cron ran at: 02-03-2026 02:46:33 PM [] []
[2026-03-02 14:51:27] SlimMonoLogger.INFO: Cron ran at: 02-03-2026 02:51:27 PM [] []
[2026-03-02 14:56:32] SlimMonoLogger.INFO: Cron ran at: 02-03-2026 02:56:32 PM [] []
[2026-03-02 15:01:44] SlimMonoLogger.INFO: Cron ran at: 02-03-2026 03:01:44 PM [] []
[2026-03-02 15:06:42] SlimMonoLogger.INFO: Cron ran at: 02-03-2026 03:06:42 PM [] []
[2026-03-02 15:11:18] SlimMonoLogger.INFO: Cron ran at: 02-03-2026 03:11:18 PM [] []
[2026-03-02 15:16:32] SlimMonoLogger.INFO: Cron ran at: 02-03-2026 03:16:32 PM [] []
[2026-03-02 15:21:20] SlimMonoLogger.INFO: Cron ran at: 02-03-2026 03:21:20 PM [] []
[2026-03-02 15:26:09] SlimMonoLogger.INFO: Cron ran at: 02-03-2026 03:26:09 PM [] []
[2026-03-02 15:31:39] SlimMonoLogger.INFO: Cron ran at: 02-03-2026 03:31:39 PM [] []
[2026-03-02 15:36:18] SlimMonoLogger.INFO: Cron ran at: 02-03-2026 03:36:18 PM [] []
[2026-03-02 15:41:35] SlimMonoLogger.INFO: Cron ran at: 02-03-2026 03:41:35 PM [] []
[2026-03-02 15:46:29] SlimMonoLogger.INFO: Cron ran at: 02-03-2026 03:46:29 PM [] []
[2026-03-02 15:51:32] SlimMonoLogger.INFO: Cron ran at: 02-03-2026 03:51:32 PM [] []
[2026-03-02 15:56:25] SlimMonoLogger.INFO: Cron ran at: 02-03-2026 03:56:25 PM [] []
[2026-03-02 16:01:39] SlimMonoLogger.INFO: Cron ran at: 02-03-2026 04:01:39 PM [] []
[2026-03-02 16:06:25] SlimMonoLogger.INFO: Cron ran at: 02-03-2026 04:06:25 PM [] []
[2026-03-02 16:11:33] SlimMonoLogger.INFO: Cron ran at: 02-03-2026 04:11:33 PM [] []
[2026-03-02 16:16:28] SlimMonoLogger.INFO: Cron ran at: 02-03-2026 04:16:28 PM [] []
[2026-03-02 16:21:32] SlimMonoLogger.INFO: Cron ran at: 02-03-2026 04:21:32 PM [] []
[2026-03-02 16:26:37] SlimMonoLogger.INFO: Cron ran at: 02-03-2026 04:26:37 PM [] []
[2026-03-02 16:31:34] SlimMonoLogger.INFO: Cron ran at: 02-03-2026 04:31:34 PM [] []
[2026-03-02 16:36:35] SlimMonoLogger.INFO: Cron ran at: 02-03-2026 04:36:35 PM [] []
[2026-03-02 16:41:27] SlimMonoLogger.INFO: Cron ran at: 02-03-2026 04:41:27 PM [] []
[2026-03-02 16:46:44] SlimMonoLogger.INFO: Cron ran at: 02-03-2026 04:46:44 PM [] []
[2026-03-02 16:51:40] SlimMonoLogger.INFO: Cron ran at: 02-03-2026 04:51:40 PM [] []
[2026-03-02 16:56:18] SlimMonoLogger.INFO: Cron ran at: 02-03-2026 04:56:18 PM [] []
[2026-03-02 17:01:53] SlimMonoLogger.INFO: Cron ran at: 02-03-2026 05:01:53 PM [] []
[2026-03-02 17:06:20] SlimMonoLogger.INFO: Cron ran at: 02-03-2026 05:06:20 PM [] []
[2026-03-02 17:11:47] SlimMonoLogger.INFO: Cron ran at: 02-03-2026 05:11:47 PM [] []
[2026-03-02 17:16:22] SlimMonoLogger.INFO: Cron ran at: 02-03-2026 05:16:22 PM [] []
[2026-03-02 17:21:31] SlimMonoLogger.INFO: Cron ran at: 02-03-2026 05:21:31 PM [] []
[2026-03-02 17:26:17] SlimMonoLogger.INFO: Cron ran at: 02-03-2026 05:26:17 PM [] []
[2026-03-02 17:31:31] SlimMonoLogger.INFO: Cron ran at: 02-03-2026 05:31:31 PM [] []
[2026-03-02 17:36:11] SlimMonoLogger.INFO: Cron ran at: 02-03-2026 05:36:11 PM [] []
[2026-03-02 17:41:34] SlimMonoLogger.INFO: Cron ran at: 02-03-2026 05:41:34 PM [] []
[2026-03-02 17:46:31] SlimMonoLogger.INFO: Cron ran at: 02-03-2026 05:46:31 PM [] []
[2026-03-02 17:51:20] SlimMonoLogger.INFO: Cron ran at: 02-03-2026 05:51:20 PM [] []
[2026-03-02 17:56:18] SlimMonoLogger.INFO: Cron ran at: 02-03-2026 05:56:18 PM [] []
[2026-03-02 18:01:41] SlimMonoLogger.INFO: Cron ran at: 02-03-2026 06:01:41 PM [] []
[2026-03-02 18:06:19] SlimMonoLogger.INFO: Cron ran at: 02-03-2026 06:06:19 PM [] []
[2026-03-02 18:11:16] SlimMonoLogger.INFO: Cron ran at: 02-03-2026 06:11:16 PM [] []
[2026-03-02 18:16:27] SlimMonoLogger.INFO: Cron ran at: 02-03-2026 06:16:27 PM [] []
[2026-03-02 18:21:29] SlimMonoLogger.INFO: Cron ran at: 02-03-2026 06:21:29 PM [] []
[2026-03-02 18:26:32] SlimMonoLogger.INFO: Cron ran at: 02-03-2026 06:26:32 PM [] []
[2026-03-02 18:31:37] SlimMonoLogger.INFO: Cron ran at: 02-03-2026 06:31:37 PM [] []
[2026-03-02 18:36:33] SlimMonoLogger.INFO: Cron ran at: 02-03-2026 06:36:33 PM [] []
[2026-03-02 18:41:27] SlimMonoLogger.INFO: Cron ran at: 02-03-2026 06:41:27 PM [] []
[2026-03-02 18:46:31] SlimMonoLogger.INFO: Cron ran at: 02-03-2026 06:46:31 PM [] []
[2026-03-02 18:51:31] SlimMonoLogger.INFO: Cron ran at: 02-03-2026 06:51:31 PM [] []
[2026-03-02 18:56:22] SlimMonoLogger.INFO: Cron ran at: 02-03-2026 06:56:22 PM [] []
[2026-03-02 19:01:56] SlimMonoLogger.INFO: Cron ran at: 02-03-2026 07:01:56 PM [] []
[2026-03-02 19:06:18] SlimMonoLogger.INFO: Cron ran at: 02-03-2026 07:06:18 PM [] []
[2026-03-02 19:11:35] SlimMonoLogger.INFO: Cron ran at: 02-03-2026 07:11:35 PM [] []
[2026-03-02 19:16:22] SlimMonoLogger.INFO: Cron ran at: 02-03-2026 07:16:22 PM [] []
[2026-03-02 19:21:21] SlimMonoLogger.INFO: Cron ran at: 02-03-2026 07:21:21 PM [] []
[2026-03-02 19:26:35] SlimMonoLogger.INFO: Cron ran at: 02-03-2026 07:26:35 PM [] []
[2026-03-02 19:31:43] SlimMonoLogger.INFO: Cron ran at: 02-03-2026 07:31:43 PM [] []
[2026-03-02 19:36:35] SlimMonoLogger.INFO: Cron ran at: 02-03-2026 07:36:35 PM [] []
[2026-03-02 19:41:34] SlimMonoLogger.INFO: Cron ran at: 02-03-2026 07:41:34 PM [] []
[2026-03-02 19:46:45] SlimMonoLogger.INFO: Cron ran at: 02-03-2026 07:46:45 PM [] []
[2026-03-02 19:51:29] SlimMonoLogger.INFO: Cron ran at: 02-03-2026 07:51:29 PM [] []
[2026-03-02 19:56:24] SlimMonoLogger.INFO: Cron ran at: 02-03-2026 07:56:24 PM [] []
[2026-03-02 20:01:29] SlimMonoLogger.INFO: Cron ran at: 02-03-2026 08:01:29 PM [] []
[2026-03-02 20:06:18] SlimMonoLogger.INFO: Cron ran at: 02-03-2026 08:06:18 PM [] []
[2026-03-02 20:11:25] SlimMonoLogger.INFO: Cron ran at: 02-03-2026 08:11:25 PM [] []
[2026-03-02 20:16:53] SlimMonoLogger.INFO: Cron ran at: 02-03-2026 08:16:53 PM [] []
[2026-03-02 20:21:28] SlimMonoLogger.INFO: Cron ran at: 02-03-2026 08:21:28 PM [] []
[2026-03-02 20:26:17] SlimMonoLogger.INFO: Cron ran at: 02-03-2026 08:26:17 PM [] []
[2026-03-02 20:31:28] SlimMonoLogger.INFO: Cron ran at: 02-03-2026 08:31:28 PM [] []
[2026-03-02 20:36:22] SlimMonoLogger.INFO: Cron ran at: 02-03-2026 08:36:22 PM [] []
[2026-03-02 20:41:25] SlimMonoLogger.INFO: Cron ran at: 02-03-2026 08:41:25 PM [] []
[2026-03-02 20:46:31] SlimMonoLogger.INFO: Cron ran at: 02-03-2026 08:46:31 PM [] []
[2026-03-02 20:51:25] SlimMonoLogger.INFO: Cron ran at: 02-03-2026 08:51:25 PM [] []
[2026-03-02 20:56:28] SlimMonoLogger.INFO: Cron ran at: 02-03-2026 08:56:28 PM [] []
[2026-03-02 21:01:34] SlimMonoLogger.INFO: Cron ran at: 02-03-2026 09:01:34 PM [] []
[2026-03-02 21:06:18] SlimMonoLogger.INFO: Cron ran at: 02-03-2026 09:06:18 PM [] []
[2026-03-02 21:11:16] SlimMonoLogger.INFO: Cron ran at: 02-03-2026 09:11:16 PM [] []
[2026-03-02 21:16:12] SlimMonoLogger.INFO: Cron ran at: 02-03-2026 09:16:12 PM [] []
[2026-03-02 21:21:36] SlimMonoLogger.INFO: Cron ran at: 02-03-2026 09:21:36 PM [] []
[2026-03-02 21:26:28] SlimMonoLogger.INFO: Cron ran at: 02-03-2026 09:26:28 PM [] []
[2026-03-02 21:31:20] SlimMonoLogger.INFO: Cron ran at: 02-03-2026 09:31:20 PM [] []
[2026-03-02 21:36:17] SlimMonoLogger.INFO: Cron ran at: 02-03-2026 09:36:17 PM [] []
[2026-03-02 21:41:22] SlimMonoLogger.INFO: Cron ran at: 02-03-2026 09:41:22 PM [] []
[2026-03-02 21:46:29] SlimMonoLogger.INFO: Cron ran at: 02-03-2026 09:46:29 PM [] []
[2026-03-02 21:51:32] SlimMonoLogger.INFO: Cron ran at: 02-03-2026 09:51:32 PM [] []
[2026-03-02 21:56:41] SlimMonoLogger.INFO: Cron ran at: 02-03-2026 09:56:41 PM [] []
[2026-03-02 22:01:45] SlimMonoLogger.INFO: Cron ran at: 02-03-2026 10:01:45 PM [] []
[2026-03-02 22:06:29] SlimMonoLogger.INFO: Cron ran at: 02-03-2026 10:06:29 PM [] []
[2026-03-02 22:11:14] SlimMonoLogger.INFO: Cron ran at: 02-03-2026 10:11:14 PM [] []
[2026-03-02 22:16:22] SlimMonoLogger.INFO: Cron ran at: 02-03-2026 10:16:22 PM [] []
[2026-03-02 22:22:14] SlimMonoLogger.INFO: Cron ran at: 02-03-2026 10:22:14 PM [] []
[2026-03-02 22:26:19] SlimMonoLogger.INFO: Cron ran at: 02-03-2026 10:26:19 PM [] []
[2026-03-02 22:31:32] SlimMonoLogger.INFO: Cron ran at: 02-03-2026 10:31:32 PM [] []
[2026-03-02 22:36:23] SlimMonoLogger.INFO: Cron ran at: 02-03-2026 10:36:23 PM [] []
[2026-03-02 22:41:24] SlimMonoLogger.INFO: Cron ran at: 02-03-2026 10:41:24 PM [] []
[2026-03-02 22:46:38] SlimMonoLogger.INFO: Cron ran at: 02-03-2026 10:46:38 PM [] []
[2026-03-02 22:51:24] SlimMonoLogger.INFO: Cron ran at: 02-03-2026 10:51:24 PM [] []
[2026-03-02 22:56:28] SlimMonoLogger.INFO: Cron ran at: 02-03-2026 10:56:28 PM [] []
[2026-03-02 23:01:29] SlimMonoLogger.INFO: Cron ran at: 02-03-2026 11:01:29 PM [] []
[2026-03-02 23:06:24] SlimMonoLogger.INFO: Cron ran at: 02-03-2026 11:06:24 PM [] []
[2026-03-02 23:11:28] SlimMonoLogger.INFO: Cron ran at: 02-03-2026 11:11:28 PM [] []
[2026-03-02 23:16:28] SlimMonoLogger.INFO: Cron ran at: 02-03-2026 11:16:28 PM [] []
[2026-03-02 23:21:21] SlimMonoLogger.INFO: Cron ran at: 02-03-2026 11:21:21 PM [] []
[2026-03-02 23:26:25] SlimMonoLogger.INFO: Cron ran at: 02-03-2026 11:26:25 PM [] []
[2026-03-02 23:31:25] SlimMonoLogger.INFO: Cron ran at: 02-03-2026 11:31:25 PM [] []
[2026-03-02 23:36:30] SlimMonoLogger.INFO: Cron ran at: 02-03-2026 11:36:30 PM [] []
[2026-03-02 23:41:22] SlimMonoLogger.INFO: Cron ran at: 02-03-2026 11:41:22 PM [] []
[2026-03-02 23:46:24] SlimMonoLogger.INFO: Cron ran at: 02-03-2026 11:46:24 PM [] []
[2026-03-02 23:51:20] SlimMonoLogger.INFO: Cron ran at: 02-03-2026 11:51:20 PM [] []
[2026-03-02 23:56:20] SlimMonoLogger.INFO: Cron ran at: 02-03-2026 11:56:20 PM [] []
[2026-03-03 00:01:34] SlimMonoLogger.INFO: Cron ran at: 03-03-2026 12:01:34 AM [] []
[2026-03-03 00:06:19] SlimMonoLogger.INFO: Cron ran at: 03-03-2026 12:06:19 AM [] []
[2026-03-03 00:11:14] SlimMonoLogger.INFO: Cron ran at: 03-03-2026 12:11:14 AM [] []
[2026-03-03 00:16:11] SlimMonoLogger.INFO: Cron ran at: 03-03-2026 12:16:11 AM [] []
[2026-03-03 00:21:23] SlimMonoLogger.INFO: Cron ran at: 03-03-2026 12:21:23 AM [] []
[2026-03-03 00:26:20] SlimMonoLogger.INFO: Cron ran at: 03-03-2026 12:26:20 AM [] []
[2026-03-03 00:31:13] SlimMonoLogger.INFO: Cron ran at: 03-03-2026 12:31:13 AM [] []
[2026-03-03 00:36:13] SlimMonoLogger.INFO: Cron ran at: 03-03-2026 12:36:13 AM [] []
[2026-03-03 00:41:17] SlimMonoLogger.INFO: Cron ran at: 03-03-2026 12:41:17 AM [] []
[2026-03-03 00:46:19] SlimMonoLogger.INFO: Cron ran at: 03-03-2026 12:46:19 AM [] []
[2026-03-03 00:51:17] SlimMonoLogger.INFO: Cron ran at: 03-03-2026 12:51:17 AM [] []
[2026-03-03 00:56:14] SlimMonoLogger.INFO: Cron ran at: 03-03-2026 12:56:14 AM [] []
