[2025-04-02 02:00:42] SlimMonoLogger.INFO: Cron ran at: 02-04-2025 02:00:42 AM [] []
[2025-04-02 02:05:32] SlimMonoLogger.INFO: Cron ran at: 02-04-2025 02:05:32 AM [] []
[2025-04-02 02:10:28] SlimMonoLogger.INFO: Cron ran at: 02-04-2025 02:10:28 AM [] []
[2025-04-02 02:15:33] SlimMonoLogger.INFO: Cron ran at: 02-04-2025 02:15:33 AM [] []
[2025-04-02 02:20:29] SlimMonoLogger.INFO: Cron ran at: 02-04-2025 02:20:29 AM [] []
[2025-04-02 02:25:28] SlimMonoLogger.INFO: Cron ran at: 02-04-2025 02:25:28 AM [] []
[2025-04-02 02:30:33] SlimMonoLogger.INFO: Cron ran at: 02-04-2025 02:30:33 AM [] []
[2025-04-02 02:35:31] SlimMonoLogger.INFO: Cron ran at: 02-04-2025 02:35:31 AM [] []
[2025-04-02 02:40:35] SlimMonoLogger.INFO: Cron ran at: 02-04-2025 02:40:35 AM [] []
[2025-04-02 02:45:33] SlimMonoLogger.INFO: Cron ran at: 02-04-2025 02:45:33 AM [] []
[2025-04-02 02:50:52] SlimMonoLogger.INFO: Cron ran at: 02-04-2025 02:50:52 AM [] []
[2025-04-02 02:55:43] SlimMonoLogger.INFO: Cron ran at: 02-04-2025 02:55:43 AM [] []
[2025-04-02 03:00:37] SlimMonoLogger.INFO: Cron ran at: 02-04-2025 03:00:37 AM [] []
[2025-04-02 03:05:43] SlimMonoLogger.INFO: Cron ran at: 02-04-2025 03:05:43 AM [] []
[2025-04-02 03:10:44] SlimMonoLogger.INFO: Cron ran at: 02-04-2025 03:10:44 AM [] []
[2025-04-02 03:15:34] SlimMonoLogger.INFO: Cron ran at: 02-04-2025 03:15:34 AM [] []
[2025-04-02 03:20:32] SlimMonoLogger.INFO: Cron ran at: 02-04-2025 03:20:32 AM [] []
[2025-04-02 03:25:44] SlimMonoLogger.INFO: Cron ran at: 02-04-2025 03:25:44 AM [] []
[2025-04-02 03:30:34] SlimMonoLogger.INFO: Cron ran at: 02-04-2025 03:30:34 AM [] []
[2025-04-02 03:35:35] SlimMonoLogger.INFO: Cron ran at: 02-04-2025 03:35:35 AM [] []
[2025-04-02 03:40:41] SlimMonoLogger.INFO: Cron ran at: 02-04-2025 03:40:41 AM [] []
[2025-04-02 03:45:34] SlimMonoLogger.INFO: Cron ran at: 02-04-2025 03:45:34 AM [] []
[2025-04-02 03:50:40] SlimMonoLogger.INFO: Cron ran at: 02-04-2025 03:50:40 AM [] []
[2025-04-02 03:55:40] SlimMonoLogger.INFO: Cron ran at: 02-04-2025 03:55:40 AM [] []
[2025-04-02 04:01:06] SlimMonoLogger.INFO: Cron ran at: 02-04-2025 04:01:06 AM [] []
[2025-04-02 04:05:41] SlimMonoLogger.INFO: Cron ran at: 02-04-2025 04:05:41 AM [] []
[2025-04-02 04:10:31] SlimMonoLogger.INFO: Cron ran at: 02-04-2025 04:10:31 AM [] []
[2025-04-02 04:15:45] SlimMonoLogger.INFO: Cron ran at: 02-04-2025 04:15:45 AM [] []
[2025-04-02 04:20:41] SlimMonoLogger.INFO: Cron ran at: 02-04-2025 04:20:41 AM [] []
[2025-04-02 04:25:48] SlimMonoLogger.INFO: Cron ran at: 02-04-2025 04:25:48 AM [] []
[2025-04-02 04:30:45] SlimMonoLogger.INFO: Cron ran at: 02-04-2025 04:30:45 AM [] []
[2025-04-02 04:35:54] SlimMonoLogger.INFO: Cron ran at: 02-04-2025 04:35:54 AM [] []
[2025-04-02 04:40:31] SlimMonoLogger.INFO: Cron ran at: 02-04-2025 04:40:31 AM [] []
[2025-04-02 04:45:35] SlimMonoLogger.INFO: Cron ran at: 02-04-2025 04:45:35 AM [] []
[2025-04-02 04:50:33] SlimMonoLogger.INFO: Cron ran at: 02-04-2025 04:50:33 AM [] []
[2025-04-02 04:55:32] SlimMonoLogger.INFO: Cron ran at: 02-04-2025 04:55:32 AM [] []
[2025-04-02 05:00:44] SlimMonoLogger.INFO: Cron ran at: 02-04-2025 05:00:44 AM [] []
[2025-04-02 05:05:43] SlimMonoLogger.INFO: Cron ran at: 02-04-2025 05:05:43 AM [] []
[2025-04-02 05:10:46] SlimMonoLogger.INFO: Cron ran at: 02-04-2025 05:10:46 AM [] []
[2025-04-02 05:15:41] SlimMonoLogger.INFO: Cron ran at: 02-04-2025 05:15:41 AM [] []
[2025-04-02 05:20:49] SlimMonoLogger.INFO: Cron ran at: 02-04-2025 05:20:49 AM [] []
[2025-04-02 05:25:37] SlimMonoLogger.INFO: Cron ran at: 02-04-2025 05:25:37 AM [] []
[2025-04-02 05:30:52] SlimMonoLogger.INFO: Cron ran at: 02-04-2025 05:30:52 AM [] []
[2025-04-02 05:35:50] SlimMonoLogger.INFO: Cron ran at: 02-04-2025 05:35:50 AM [] []
[2025-04-02 05:40:43] SlimMonoLogger.INFO: Cron ran at: 02-04-2025 05:40:43 AM [] []
[2025-04-02 05:46:02] SlimMonoLogger.INFO: Cron ran at: 02-04-2025 05:46:02 AM [] []
[2025-04-02 05:50:37] SlimMonoLogger.INFO: Cron ran at: 02-04-2025 05:50:37 AM [] []
[2025-04-02 05:55:50] SlimMonoLogger.INFO: Cron ran at: 02-04-2025 05:55:50 AM [] []
[2025-04-02 06:00:48] SlimMonoLogger.INFO: Cron ran at: 02-04-2025 06:00:48 AM [] []
[2025-04-02 06:06:09] SlimMonoLogger.INFO: Cron ran at: 02-04-2025 06:06:09 AM [] []
[2025-04-02 06:10:55] SlimMonoLogger.INFO: Cron ran at: 02-04-2025 06:10:55 AM [] []
[2025-04-02 06:15:45] SlimMonoLogger.INFO: Cron ran at: 02-04-2025 06:15:45 AM [] []
[2025-04-02 06:20:38] SlimMonoLogger.INFO: Cron ran at: 02-04-2025 06:20:38 AM [] []
[2025-04-02 06:25:53] SlimMonoLogger.INFO: Cron ran at: 02-04-2025 06:25:53 AM [] []
[2025-04-02 06:30:45] SlimMonoLogger.INFO: Cron ran at: 02-04-2025 06:30:45 AM [] []
[2025-04-02 06:35:44] SlimMonoLogger.INFO: Cron ran at: 02-04-2025 06:35:44 AM [] []
[2025-04-02 06:40:37] SlimMonoLogger.INFO: Cron ran at: 02-04-2025 06:40:37 AM [] []
[2025-04-02 06:45:49] SlimMonoLogger.INFO: Cron ran at: 02-04-2025 06:45:49 AM [] []
[2025-04-02 06:51:03] SlimMonoLogger.INFO: Cron ran at: 02-04-2025 06:51:03 AM [] []
[2025-04-02 06:55:37] SlimMonoLogger.INFO: Cron ran at: 02-04-2025 06:55:37 AM [] []
[2025-04-02 07:01:05] SlimMonoLogger.INFO: Cron ran at: 02-04-2025 07:01:05 AM [] []
[2025-04-02 07:05:41] SlimMonoLogger.INFO: Cron ran at: 02-04-2025 07:05:41 AM [] []
[2025-04-02 07:10:38] SlimMonoLogger.INFO: Cron ran at: 02-04-2025 07:10:38 AM [] []
[2025-04-02 07:15:39] SlimMonoLogger.INFO: Cron ran at: 02-04-2025 07:15:39 AM [] []
[2025-04-02 07:20:40] SlimMonoLogger.INFO: Cron ran at: 02-04-2025 07:20:40 AM [] []
[2025-04-02 07:25:35] SlimMonoLogger.INFO: Cron ran at: 02-04-2025 07:25:35 AM [] []
[2025-04-02 07:30:36] SlimMonoLogger.INFO: Cron ran at: 02-04-2025 07:30:36 AM [] []
[2025-04-02 07:35:31] SlimMonoLogger.INFO: Cron ran at: 02-04-2025 07:35:31 AM [] []
[2025-04-02 07:40:33] SlimMonoLogger.INFO: Cron ran at: 02-04-2025 07:40:33 AM [] []
[2025-04-02 07:45:42] SlimMonoLogger.INFO: Cron ran at: 02-04-2025 07:45:42 AM [] []
[2025-04-02 07:50:31] SlimMonoLogger.INFO: Cron ran at: 02-04-2025 07:50:31 AM [] []
[2025-04-02 07:55:44] SlimMonoLogger.INFO: Cron ran at: 02-04-2025 07:55:44 AM [] []
[2025-04-02 08:00:45] SlimMonoLogger.INFO: Cron ran at: 02-04-2025 08:00:45 AM [] []
[2025-04-02 08:05:43] SlimMonoLogger.INFO: Cron ran at: 02-04-2025 08:05:43 AM [] []
[2025-04-02 08:10:29] SlimMonoLogger.INFO: Cron ran at: 02-04-2025 08:10:29 AM [] []
[2025-04-02 08:15:31] SlimMonoLogger.INFO: Cron ran at: 02-04-2025 08:15:31 AM [] []
[2025-04-02 08:20:38] SlimMonoLogger.INFO: Cron ran at: 02-04-2025 08:20:38 AM [] []
[2025-04-02 08:25:35] SlimMonoLogger.INFO: Cron ran at: 02-04-2025 08:25:35 AM [] []
[2025-04-02 08:30:39] SlimMonoLogger.INFO: Cron ran at: 02-04-2025 08:30:39 AM [] []
[2025-04-02 08:35:32] SlimMonoLogger.INFO: Cron ran at: 02-04-2025 08:35:32 AM [] []
[2025-04-02 08:40:34] SlimMonoLogger.INFO: Cron ran at: 02-04-2025 08:40:34 AM [] []
[2025-04-02 08:45:37] SlimMonoLogger.INFO: Cron ran at: 02-04-2025 08:45:37 AM [] []
[2025-04-02 08:50:35] SlimMonoLogger.INFO: Cron ran at: 02-04-2025 08:50:35 AM [] []
[2025-04-02 08:55:33] SlimMonoLogger.INFO: Cron ran at: 02-04-2025 08:55:33 AM [] []
[2025-04-02 09:00:36] SlimMonoLogger.INFO: Cron ran at: 02-04-2025 09:00:36 AM [] []
[2025-04-02 09:05:42] SlimMonoLogger.INFO: Cron ran at: 02-04-2025 09:05:42 AM [] []
[2025-04-02 09:10:40] SlimMonoLogger.INFO: Cron ran at: 02-04-2025 09:10:40 AM [] []
[2025-04-02 09:15:37] SlimMonoLogger.INFO: Cron ran at: 02-04-2025 09:15:37 AM [] []
[2025-04-02 09:20:31] SlimMonoLogger.INFO: Cron ran at: 02-04-2025 09:20:31 AM [] []
[2025-04-02 09:25:31] SlimMonoLogger.INFO: Cron ran at: 02-04-2025 09:25:31 AM [] []
[2025-04-02 09:30:37] SlimMonoLogger.INFO: Cron ran at: 02-04-2025 09:30:37 AM [] []
[2025-04-02 09:35:32] SlimMonoLogger.INFO: Cron ran at: 02-04-2025 09:35:32 AM [] []
[2025-04-02 09:40:29] SlimMonoLogger.INFO: Cron ran at: 02-04-2025 09:40:29 AM [] []
[2025-04-02 09:45:32] SlimMonoLogger.INFO: Cron ran at: 02-04-2025 09:45:32 AM [] []
[2025-04-02 09:50:34] SlimMonoLogger.INFO: Cron ran at: 02-04-2025 09:50:34 AM [] []
[2025-04-02 09:55:34] SlimMonoLogger.INFO: Cron ran at: 02-04-2025 09:55:34 AM [] []
[2025-04-02 10:00:41] SlimMonoLogger.INFO: Cron ran at: 02-04-2025 10:00:41 AM [] []
[2025-04-02 10:05:34] SlimMonoLogger.INFO: Cron ran at: 02-04-2025 10:05:34 AM [] []
[2025-04-02 10:10:33] SlimMonoLogger.INFO: Cron ran at: 02-04-2025 10:10:33 AM [] []
[2025-04-02 10:15:36] SlimMonoLogger.INFO: Cron ran at: 02-04-2025 10:15:36 AM [] []
[2025-04-02 10:20:38] SlimMonoLogger.INFO: Cron ran at: 02-04-2025 10:20:38 AM [] []
[2025-04-02 10:25:32] SlimMonoLogger.INFO: Cron ran at: 02-04-2025 10:25:32 AM [] []
[2025-04-02 10:30:31] SlimMonoLogger.INFO: Cron ran at: 02-04-2025 10:30:31 AM [] []
[2025-04-02 10:35:35] SlimMonoLogger.INFO: Cron ran at: 02-04-2025 10:35:35 AM [] []
[2025-04-02 10:40:37] SlimMonoLogger.INFO: Cron ran at: 02-04-2025 10:40:37 AM [] []
[2025-04-02 10:45:35] SlimMonoLogger.INFO: Cron ran at: 02-04-2025 10:45:35 AM [] []
[2025-04-02 10:50:37] SlimMonoLogger.INFO: Cron ran at: 02-04-2025 10:50:37 AM [] []
[2025-04-02 10:55:37] SlimMonoLogger.INFO: Cron ran at: 02-04-2025 10:55:37 AM [] []
[2025-04-02 11:00:42] SlimMonoLogger.INFO: Cron ran at: 02-04-2025 11:00:42 AM [] []
[2025-04-02 11:05:29] SlimMonoLogger.INFO: Cron ran at: 02-04-2025 11:05:29 AM [] []
[2025-04-02 11:10:27] SlimMonoLogger.INFO: Cron ran at: 02-04-2025 11:10:27 AM [] []
[2025-04-02 11:15:36] SlimMonoLogger.INFO: Cron ran at: 02-04-2025 11:15:36 AM [] []
[2025-04-02 11:20:39] SlimMonoLogger.INFO: Cron ran at: 02-04-2025 11:20:39 AM [] []
[2025-04-02 11:25:35] SlimMonoLogger.INFO: Cron ran at: 02-04-2025 11:25:35 AM [] []
[2025-04-02 11:30:32] SlimMonoLogger.INFO: Cron ran at: 02-04-2025 11:30:32 AM [] []
[2025-04-02 11:35:37] SlimMonoLogger.INFO: Cron ran at: 02-04-2025 11:35:37 AM [] []
[2025-04-02 11:40:31] SlimMonoLogger.INFO: Cron ran at: 02-04-2025 11:40:31 AM [] []
[2025-04-02 11:45:29] SlimMonoLogger.INFO: Cron ran at: 02-04-2025 11:45:29 AM [] []
[2025-04-02 11:50:35] SlimMonoLogger.INFO: Cron ran at: 02-04-2025 11:50:35 AM [] []
[2025-04-02 11:55:30] SlimMonoLogger.INFO: Cron ran at: 02-04-2025 11:55:30 AM [] []
[2025-04-02 12:00:38] SlimMonoLogger.INFO: Cron ran at: 02-04-2025 12:00:38 PM [] []
[2025-04-02 12:05:26] SlimMonoLogger.INFO: Cron ran at: 02-04-2025 12:05:26 PM [] []
[2025-04-02 12:10:32] SlimMonoLogger.INFO: Cron ran at: 02-04-2025 12:10:32 PM [] []
[2025-04-02 12:15:33] SlimMonoLogger.INFO: Cron ran at: 02-04-2025 12:15:33 PM [] []
[2025-04-02 12:20:32] SlimMonoLogger.INFO: Cron ran at: 02-04-2025 12:20:32 PM [] []
[2025-04-02 12:25:31] SlimMonoLogger.INFO: Cron ran at: 02-04-2025 12:25:31 PM [] []
[2025-04-02 12:30:32] SlimMonoLogger.INFO: Cron ran at: 02-04-2025 12:30:32 PM [] []
[2025-04-02 12:35:30] SlimMonoLogger.INFO: Cron ran at: 02-04-2025 12:35:30 PM [] []
[2025-04-02 12:40:36] SlimMonoLogger.INFO: Cron ran at: 02-04-2025 12:40:36 PM [] []
[2025-04-02 12:45:31] SlimMonoLogger.INFO: Cron ran at: 02-04-2025 12:45:31 PM [] []
[2025-04-02 12:50:32] SlimMonoLogger.INFO: Cron ran at: 02-04-2025 12:50:32 PM [] []
[2025-04-02 12:55:36] SlimMonoLogger.INFO: Cron ran at: 02-04-2025 12:55:36 PM [] []
[2025-04-02 13:00:29] SlimMonoLogger.INFO: Cron ran at: 02-04-2025 01:00:29 PM [] []
[2025-04-02 13:05:30] SlimMonoLogger.INFO: Cron ran at: 02-04-2025 01:05:30 PM [] []
[2025-04-02 13:10:41] SlimMonoLogger.INFO: Cron ran at: 02-04-2025 01:10:41 PM [] []
[2025-04-02 13:15:40] SlimMonoLogger.INFO: Cron ran at: 02-04-2025 01:15:40 PM [] []
[2025-04-02 13:20:27] SlimMonoLogger.INFO: Cron ran at: 02-04-2025 01:20:27 PM [] []
[2025-04-02 13:25:33] SlimMonoLogger.INFO: Cron ran at: 02-04-2025 01:25:33 PM [] []
[2025-04-02 13:30:38] SlimMonoLogger.INFO: Cron ran at: 02-04-2025 01:30:38 PM [] []
[2025-04-02 13:35:29] SlimMonoLogger.INFO: Cron ran at: 02-04-2025 01:35:29 PM [] []
[2025-04-02 13:40:30] SlimMonoLogger.INFO: Cron ran at: 02-04-2025 01:40:30 PM [] []
[2025-04-02 13:45:45] SlimMonoLogger.INFO: Cron ran at: 02-04-2025 01:45:45 PM [] []
[2025-04-02 13:50:30] SlimMonoLogger.INFO: Cron ran at: 02-04-2025 01:50:30 PM [] []
[2025-04-02 13:55:39] SlimMonoLogger.INFO: Cron ran at: 02-04-2025 01:55:39 PM [] []
[2025-04-02 14:00:34] SlimMonoLogger.INFO: Cron ran at: 02-04-2025 02:00:34 PM [] []
[2025-04-02 14:05:33] SlimMonoLogger.ERROR: Requests_Exception: cURL error 35: TLS connect error: error:00000000:lib(0):func(0):reason(0) in /home/latihtal/public_html/agregator1/src/vendor/rmccue/requests/library/Requests/Transport/cURL.php:422
Stack trace:
#0 /home/latihtal/public_html/agregator1/src/vendor/rmccue/requests/library/Requests/Transport/cURL.php(177): Requests_Transport_cURL->process_response()
#1 /home/latihtal/public_html/agregator1/src/vendor/rmccue/requests/library/Requests.php(379): Requests_Transport_cURL->request()
#2 /home/latihtal/public_html/agregator1/src/vendor/rmccue/requests/library/Requests/Session.php(205): Requests::request()
#3 /home/latihtal/public_html/agregator1/src/vendor/rmccue/requests/library/Requests/Session.php(132): Requests_Session->request()
#4 /home/latihtal/public_html/agregator1/src/drivers/Http/RssImporter.php(144): Requests_Session->get()
#5 /home/latihtal/public_html/agregator1/src/controllers/Dashboard/DashboardFeedsController.php(534): spark\drivers\Http\RssImporter->fetchPosts()
#6 /home/latihtal/public_html/agregator1/src/controllers/Site/SiteController.php(722): spark\controllers\Dashboard\DashboardFeedsController::importFeedPosts()
#7 [internal function]: spark\controllers\Site\SiteController->runTasks()
#8 /home/latihtal/public_html/agregator1/src/framework/Route.php(173): call_user_func_array()
#9 [internal function]: Slim\Route->Slim\{closure}()
#10 /home/latihtal/public_html/agregator1/src/framework/Route.php(468): call_user_func_array()
#11 /home/latihtal/public_html/agregator1/src/framework/Slim.php(1364): Slim\Route->dispatch()
#12 /home/latihtal/public_html/agregator1/src/framework/Middleware/Flash.php(85): Slim\Slim->call()
#13 /home/latihtal/public_html/agregator1/src/framework/Middleware/MethodOverride.php(92): Slim\Middleware\Flash->call()
#14 /home/latihtal/public_html/agregator1/src/middlewares/CsrfGuard/CsrfGuard.php(47): Slim\Middleware\MethodOverride->call()
#15 /home/latihtal/public_html/agregator1/src/framework/Middleware/PrettyExceptions.php(67): spark\middlewares\CsrfGuard\CsrfGuard->call()
#16 /home/latihtal/public_html/agregator1/src/framework/Slim.php(1308): Slim\Middleware\PrettyExceptions->call()
#17 /home/latihtal/public_html/agregator1/index.php(6): Slim\Slim->run()
#18 {main} [] []
[2025-04-02 14:05:51] SlimMonoLogger.INFO: Cron ran at: 02-04-2025 02:05:51 PM [] []
[2025-04-02 14:10:32] SlimMonoLogger.INFO: Cron ran at: 02-04-2025 02:10:32 PM [] []
[2025-04-02 14:15:28] SlimMonoLogger.INFO: Cron ran at: 02-04-2025 02:15:28 PM [] []
[2025-04-02 14:20:38] SlimMonoLogger.INFO: Cron ran at: 02-04-2025 02:20:38 PM [] []
[2025-04-02 14:25:36] SlimMonoLogger.INFO: Cron ran at: 02-04-2025 02:25:36 PM [] []
[2025-04-02 14:30:30] SlimMonoLogger.INFO: Cron ran at: 02-04-2025 02:30:30 PM [] []
[2025-04-02 14:35:29] SlimMonoLogger.INFO: Cron ran at: 02-04-2025 02:35:29 PM [] []
[2025-04-02 14:40:34] SlimMonoLogger.INFO: Cron ran at: 02-04-2025 02:40:34 PM [] []
[2025-04-02 14:45:28] SlimMonoLogger.INFO: Cron ran at: 02-04-2025 02:45:28 PM [] []
[2025-04-02 14:50:35] SlimMonoLogger.INFO: Cron ran at: 02-04-2025 02:50:35 PM [] []
[2025-04-02 14:55:29] SlimMonoLogger.INFO: Cron ran at: 02-04-2025 02:55:29 PM [] []
[2025-04-02 15:00:36] SlimMonoLogger.INFO: Cron ran at: 02-04-2025 03:00:36 PM [] []
[2025-04-02 15:05:32] SlimMonoLogger.INFO: Cron ran at: 02-04-2025 03:05:32 PM [] []
[2025-04-02 15:10:33] SlimMonoLogger.INFO: Cron ran at: 02-04-2025 03:10:33 PM [] []
[2025-04-02 15:15:32] SlimMonoLogger.INFO: Cron ran at: 02-04-2025 03:15:32 PM [] []
[2025-04-02 15:20:36] SlimMonoLogger.INFO: Cron ran at: 02-04-2025 03:20:36 PM [] []
[2025-04-02 15:25:33] SlimMonoLogger.INFO: Cron ran at: 02-04-2025 03:25:33 PM [] []
[2025-04-02 15:30:45] SlimMonoLogger.INFO: Cron ran at: 02-04-2025 03:30:45 PM [] []
[2025-04-02 15:35:26] SlimMonoLogger.INFO: Cron ran at: 02-04-2025 03:35:26 PM [] []
[2025-04-02 15:40:28] SlimMonoLogger.INFO: Cron ran at: 02-04-2025 03:40:28 PM [] []
[2025-04-02 15:45:30] SlimMonoLogger.INFO: Cron ran at: 02-04-2025 03:45:30 PM [] []
[2025-04-02 15:50:37] SlimMonoLogger.INFO: Cron ran at: 02-04-2025 03:50:37 PM [] []
[2025-04-02 15:55:29] SlimMonoLogger.INFO: Cron ran at: 02-04-2025 03:55:29 PM [] []
[2025-04-02 16:00:37] SlimMonoLogger.INFO: Cron ran at: 02-04-2025 04:00:37 PM [] []
[2025-04-02 16:05:34] SlimMonoLogger.INFO: Cron ran at: 02-04-2025 04:05:34 PM [] []
[2025-04-02 16:10:27] SlimMonoLogger.INFO: Cron ran at: 02-04-2025 04:10:27 PM [] []
[2025-04-02 16:15:32] SlimMonoLogger.INFO: Cron ran at: 02-04-2025 04:15:32 PM [] []
[2025-04-02 16:20:31] SlimMonoLogger.INFO: Cron ran at: 02-04-2025 04:20:31 PM [] []
[2025-04-02 16:25:36] SlimMonoLogger.INFO: Cron ran at: 02-04-2025 04:25:36 PM [] []
[2025-04-02 16:30:31] SlimMonoLogger.INFO: Cron ran at: 02-04-2025 04:30:31 PM [] []
[2025-04-02 16:35:23] SlimMonoLogger.INFO: Cron ran at: 02-04-2025 04:35:23 PM [] []
[2025-04-02 16:40:28] SlimMonoLogger.INFO: Cron ran at: 02-04-2025 04:40:28 PM [] []
[2025-04-02 16:45:25] SlimMonoLogger.INFO: Cron ran at: 02-04-2025 04:45:25 PM [] []
[2025-04-02 16:50:27] SlimMonoLogger.INFO: Cron ran at: 02-04-2025 04:50:27 PM [] []
[2025-04-02 16:55:28] SlimMonoLogger.INFO: Cron ran at: 02-04-2025 04:55:28 PM [] []
[2025-04-02 17:00:39] SlimMonoLogger.INFO: Cron ran at: 02-04-2025 05:00:39 PM [] []
[2025-04-02 17:05:29] SlimMonoLogger.INFO: Cron ran at: 02-04-2025 05:05:29 PM [] []
[2025-04-02 17:10:35] SlimMonoLogger.INFO: Cron ran at: 02-04-2025 05:10:35 PM [] []
[2025-04-02 17:15:38] SlimMonoLogger.INFO: Cron ran at: 02-04-2025 05:15:38 PM [] []
[2025-04-02 17:20:40] SlimMonoLogger.INFO: Cron ran at: 02-04-2025 05:20:40 PM [] []
[2025-04-02 17:25:44] SlimMonoLogger.INFO: Cron ran at: 02-04-2025 05:25:44 PM [] []
[2025-04-02 17:30:40] SlimMonoLogger.INFO: Cron ran at: 02-04-2025 05:30:40 PM [] []
[2025-04-02 17:35:33] SlimMonoLogger.INFO: Cron ran at: 02-04-2025 05:35:33 PM [] []
[2025-04-02 17:40:33] SlimMonoLogger.INFO: Cron ran at: 02-04-2025 05:40:33 PM [] []
[2025-04-02 17:45:36] SlimMonoLogger.INFO: Cron ran at: 02-04-2025 05:45:36 PM [] []
[2025-04-02 17:50:39] SlimMonoLogger.INFO: Cron ran at: 02-04-2025 05:50:39 PM [] []
[2025-04-02 17:55:31] SlimMonoLogger.INFO: Cron ran at: 02-04-2025 05:55:31 PM [] []
[2025-04-02 18:00:34] SlimMonoLogger.INFO: Cron ran at: 02-04-2025 06:00:34 PM [] []
[2025-04-02 18:05:31] SlimMonoLogger.INFO: Cron ran at: 02-04-2025 06:05:31 PM [] []
[2025-04-02 18:10:33] SlimMonoLogger.INFO: Cron ran at: 02-04-2025 06:10:33 PM [] []
[2025-04-02 18:15:30] SlimMonoLogger.INFO: Cron ran at: 02-04-2025 06:15:30 PM [] []
[2025-04-02 18:20:33] SlimMonoLogger.INFO: Cron ran at: 02-04-2025 06:20:33 PM [] []
[2025-04-02 18:25:34] SlimMonoLogger.INFO: Cron ran at: 02-04-2025 06:25:34 PM [] []
[2025-04-02 18:31:52] SlimMonoLogger.INFO: Cron ran at: 02-04-2025 06:31:52 PM [] []
[2025-04-02 18:35:28] SlimMonoLogger.INFO: Cron ran at: 02-04-2025 06:35:28 PM [] []
[2025-04-02 18:40:27] SlimMonoLogger.INFO: Cron ran at: 02-04-2025 06:40:27 PM [] []
[2025-04-02 18:45:30] SlimMonoLogger.INFO: Cron ran at: 02-04-2025 06:45:30 PM [] []
[2025-04-02 18:50:30] SlimMonoLogger.INFO: Cron ran at: 02-04-2025 06:50:30 PM [] []
[2025-04-02 18:55:26] SlimMonoLogger.INFO: Cron ran at: 02-04-2025 06:55:26 PM [] []
[2025-04-02 19:00:34] SlimMonoLogger.INFO: Cron ran at: 02-04-2025 07:00:34 PM [] []
[2025-04-02 19:05:32] SlimMonoLogger.INFO: Cron ran at: 02-04-2025 07:05:32 PM [] []
[2025-04-02 19:10:30] SlimMonoLogger.INFO: Cron ran at: 02-04-2025 07:10:30 PM [] []
[2025-04-02 19:15:29] SlimMonoLogger.INFO: Cron ran at: 02-04-2025 07:15:29 PM [] []
[2025-04-02 19:20:30] SlimMonoLogger.INFO: Cron ran at: 02-04-2025 07:20:30 PM [] []
[2025-04-02 19:25:36] SlimMonoLogger.INFO: Cron ran at: 02-04-2025 07:25:36 PM [] []
[2025-04-02 19:30:32] SlimMonoLogger.INFO: Cron ran at: 02-04-2025 07:30:32 PM [] []
[2025-04-02 19:35:29] SlimMonoLogger.INFO: Cron ran at: 02-04-2025 07:35:29 PM [] []
[2025-04-02 19:40:24] SlimMonoLogger.INFO: Cron ran at: 02-04-2025 07:40:24 PM [] []
[2025-04-02 19:45:36] SlimMonoLogger.INFO: Cron ran at: 02-04-2025 07:45:36 PM [] []
[2025-04-02 19:50:31] SlimMonoLogger.INFO: Cron ran at: 02-04-2025 07:50:31 PM [] []
[2025-04-02 19:55:41] SlimMonoLogger.INFO: Cron ran at: 02-04-2025 07:55:41 PM [] []
[2025-04-02 20:00:33] SlimMonoLogger.INFO: Cron ran at: 02-04-2025 08:00:33 PM [] []
[2025-04-02 20:05:42] SlimMonoLogger.INFO: Cron ran at: 02-04-2025 08:05:42 PM [] []
[2025-04-02 20:12:29] SlimMonoLogger.ERROR: Requests_Exception: cURL error 28: Failed to connect to antropol.mk port 443 after 129171 ms: Could not connect to server in /home/latihtal/public_html/agregator1/src/vendor/rmccue/requests/library/Requests/Transport/cURL.php:422
Stack trace:
#0 /home/latihtal/public_html/agregator1/src/vendor/rmccue/requests/library/Requests/Transport/cURL.php(177): Requests_Transport_cURL->process_response()
#1 /home/latihtal/public_html/agregator1/src/vendor/rmccue/requests/library/Requests.php(379): Requests_Transport_cURL->request()
#2 /home/latihtal/public_html/agregator1/src/vendor/rmccue/requests/library/Requests/Session.php(205): Requests::request()
#3 /home/latihtal/public_html/agregator1/src/vendor/rmccue/requests/library/Requests/Session.php(132): Requests_Session->request()
#4 /home/latihtal/public_html/agregator1/src/drivers/Http/RssImporter.php(144): Requests_Session->get()
#5 /home/latihtal/public_html/agregator1/src/controllers/Dashboard/DashboardFeedsController.php(534): spark\drivers\Http\RssImporter->fetchPosts()
#6 /home/latihtal/public_html/agregator1/src/controllers/Site/SiteController.php(722): spark\controllers\Dashboard\DashboardFeedsController::importFeedPosts()
#7 [internal function]: spark\controllers\Site\SiteController->runTasks()
#8 /home/latihtal/public_html/agregator1/src/framework/Route.php(173): call_user_func_array()
#9 [internal function]: Slim\Route->Slim\{closure}()
#10 /home/latihtal/public_html/agregator1/src/framework/Route.php(468): call_user_func_array()
#11 /home/latihtal/public_html/agregator1/src/framework/Slim.php(1364): Slim\Route->dispatch()
#12 /home/latihtal/public_html/agregator1/src/framework/Middleware/Flash.php(85): Slim\Slim->call()
#13 /home/latihtal/public_html/agregator1/src/framework/Middleware/MethodOverride.php(92): Slim\Middleware\Flash->call()
#14 /home/latihtal/public_html/agregator1/src/middlewares/CsrfGuard/CsrfGuard.php(47): Slim\Middleware\MethodOverride->call()
#15 /home/latihtal/public_html/agregator1/src/framework/Middleware/PrettyExceptions.php(67): spark\middlewares\CsrfGuard\CsrfGuard->call()
#16 /home/latihtal/public_html/agregator1/src/framework/Slim.php(1308): Slim\Middleware\PrettyExceptions->call()
#17 /home/latihtal/public_html/agregator1/index.php(6): Slim\Slim->run()
#18 {main} [] []
[2025-04-02 20:12:59] SlimMonoLogger.INFO: Cron ran at: 02-04-2025 08:12:59 PM [] []
[2025-04-02 20:15:42] SlimMonoLogger.INFO: Cron ran at: 02-04-2025 08:15:42 PM [] []
[2025-04-02 20:20:40] SlimMonoLogger.INFO: Cron ran at: 02-04-2025 08:20:40 PM [] []
[2025-04-02 20:25:37] SlimMonoLogger.INFO: Cron ran at: 02-04-2025 08:25:37 PM [] []
[2025-04-02 20:30:32] SlimMonoLogger.INFO: Cron ran at: 02-04-2025 08:30:32 PM [] []
[2025-04-02 20:35:38] SlimMonoLogger.INFO: Cron ran at: 02-04-2025 08:35:38 PM [] []
[2025-04-02 20:40:52] SlimMonoLogger.INFO: Cron ran at: 02-04-2025 08:40:52 PM [] []
[2025-04-02 20:45:37] SlimMonoLogger.INFO: Cron ran at: 02-04-2025 08:45:37 PM [] []
[2025-04-02 20:50:37] SlimMonoLogger.INFO: Cron ran at: 02-04-2025 08:50:37 PM [] []
[2025-04-02 20:55:31] SlimMonoLogger.INFO: Cron ran at: 02-04-2025 08:55:31 PM [] []
[2025-04-02 21:00:35] SlimMonoLogger.INFO: Cron ran at: 02-04-2025 09:00:35 PM [] []
[2025-04-02 21:05:35] SlimMonoLogger.INFO: Cron ran at: 02-04-2025 09:05:35 PM [] []
[2025-04-02 21:10:35] SlimMonoLogger.INFO: Cron ran at: 02-04-2025 09:10:35 PM [] []
[2025-04-02 21:15:29] SlimMonoLogger.INFO: Cron ran at: 02-04-2025 09:15:29 PM [] []
[2025-04-02 21:20:30] SlimMonoLogger.INFO: Cron ran at: 02-04-2025 09:20:30 PM [] []
[2025-04-02 21:25:27] SlimMonoLogger.INFO: Cron ran at: 02-04-2025 09:25:27 PM [] []
[2025-04-02 21:30:35] SlimMonoLogger.INFO: Cron ran at: 02-04-2025 09:30:35 PM [] []
[2025-04-02 21:35:29] SlimMonoLogger.INFO: Cron ran at: 02-04-2025 09:35:29 PM [] []
[2025-04-02 21:41:15] SlimMonoLogger.INFO: Cron ran at: 02-04-2025 09:41:15 PM [] []
[2025-04-02 21:45:36] SlimMonoLogger.INFO: Cron ran at: 02-04-2025 09:45:36 PM [] []
[2025-04-02 21:50:34] SlimMonoLogger.INFO: Cron ran at: 02-04-2025 09:50:34 PM [] []
[2025-04-02 21:55:34] SlimMonoLogger.INFO: Cron ran at: 02-04-2025 09:55:34 PM [] []
[2025-04-02 22:00:31] SlimMonoLogger.INFO: Cron ran at: 02-04-2025 10:00:31 PM [] []
[2025-04-02 22:05:28] SlimMonoLogger.INFO: Cron ran at: 02-04-2025 10:05:28 PM [] []
[2025-04-02 22:10:26] SlimMonoLogger.INFO: Cron ran at: 02-04-2025 10:10:26 PM [] []
[2025-04-02 22:15:39] SlimMonoLogger.INFO: Cron ran at: 02-04-2025 10:15:39 PM [] []
[2025-04-02 22:20:30] SlimMonoLogger.INFO: Cron ran at: 02-04-2025 10:20:30 PM [] []
[2025-04-02 22:25:30] SlimMonoLogger.INFO: Cron ran at: 02-04-2025 10:25:30 PM [] []
[2025-04-02 22:30:32] SlimMonoLogger.INFO: Cron ran at: 02-04-2025 10:30:32 PM [] []
[2025-04-02 22:35:31] SlimMonoLogger.INFO: Cron ran at: 02-04-2025 10:35:31 PM [] []
[2025-04-02 22:40:27] SlimMonoLogger.INFO: Cron ran at: 02-04-2025 10:40:27 PM [] []
[2025-04-02 22:45:39] SlimMonoLogger.INFO: Cron ran at: 02-04-2025 10:45:39 PM [] []
[2025-04-02 22:50:32] SlimMonoLogger.INFO: Cron ran at: 02-04-2025 10:50:32 PM [] []
[2025-04-02 22:55:29] SlimMonoLogger.INFO: Cron ran at: 02-04-2025 10:55:29 PM [] []
[2025-04-02 23:00:28] SlimMonoLogger.INFO: Cron ran at: 02-04-2025 11:00:28 PM [] []
[2025-04-02 23:05:25] SlimMonoLogger.INFO: Cron ran at: 02-04-2025 11:05:25 PM [] []
[2025-04-02 23:10:24] SlimMonoLogger.INFO: Cron ran at: 02-04-2025 11:10:24 PM [] []
[2025-04-02 23:15:27] SlimMonoLogger.INFO: Cron ran at: 02-04-2025 11:15:27 PM [] []
[2025-04-02 23:20:22] SlimMonoLogger.INFO: Cron ran at: 02-04-2025 11:20:22 PM [] []
[2025-04-02 23:25:27] SlimMonoLogger.INFO: Cron ran at: 02-04-2025 11:25:27 PM [] []
[2025-04-02 23:30:27] SlimMonoLogger.INFO: Cron ran at: 02-04-2025 11:30:27 PM [] []
[2025-04-02 23:35:26] SlimMonoLogger.INFO: Cron ran at: 02-04-2025 11:35:26 PM [] []
[2025-04-02 23:40:30] SlimMonoLogger.INFO: Cron ran at: 02-04-2025 11:40:30 PM [] []
[2025-04-02 23:45:26] SlimMonoLogger.INFO: Cron ran at: 02-04-2025 11:45:26 PM [] []
[2025-04-02 23:50:23] SlimMonoLogger.INFO: Cron ran at: 02-04-2025 11:50:23 PM [] []
[2025-04-02 23:55:27] SlimMonoLogger.INFO: Cron ran at: 02-04-2025 11:55:27 PM [] []
[2025-04-03 00:00:28] SlimMonoLogger.INFO: Cron ran at: 03-04-2025 12:00:28 AM [] []
[2025-04-03 00:05:31] SlimMonoLogger.INFO: Cron ran at: 03-04-2025 12:05:31 AM [] []
[2025-04-03 00:10:24] SlimMonoLogger.INFO: Cron ran at: 03-04-2025 12:10:23 AM [] []
[2025-04-03 00:15:30] SlimMonoLogger.INFO: Cron ran at: 03-04-2025 12:15:30 AM [] []
[2025-04-03 00:20:25] SlimMonoLogger.INFO: Cron ran at: 03-04-2025 12:20:25 AM [] []
[2025-04-03 00:25:35] SlimMonoLogger.INFO: Cron ran at: 03-04-2025 12:25:35 AM [] []
[2025-04-03 00:30:26] SlimMonoLogger.INFO: Cron ran at: 03-04-2025 12:30:26 AM [] []
[2025-04-03 00:35:30] SlimMonoLogger.INFO: Cron ran at: 03-04-2025 12:35:30 AM [] []
[2025-04-03 00:40:26] SlimMonoLogger.INFO: Cron ran at: 03-04-2025 12:40:26 AM [] []
[2025-04-03 00:45:29] SlimMonoLogger.INFO: Cron ran at: 03-04-2025 12:45:29 AM [] []
[2025-04-03 00:50:32] SlimMonoLogger.INFO: Cron ran at: 03-04-2025 12:50:32 AM [] []
[2025-04-03 00:55:28] SlimMonoLogger.INFO: Cron ran at: 03-04-2025 12:55:28 AM [] []
[2025-04-03 01:00:29] SlimMonoLogger.INFO: Cron ran at: 03-04-2025 01:00:29 AM [] []
[2025-04-03 01:05:25] SlimMonoLogger.INFO: Cron ran at: 03-04-2025 01:05:25 AM [] []
[2025-04-03 01:10:30] SlimMonoLogger.INFO: Cron ran at: 03-04-2025 01:10:30 AM [] []
[2025-04-03 01:15:25] SlimMonoLogger.INFO: Cron ran at: 03-04-2025 01:15:25 AM [] []
[2025-04-03 01:20:28] SlimMonoLogger.INFO: Cron ran at: 03-04-2025 01:20:28 AM [] []
[2025-04-03 01:25:27] SlimMonoLogger.INFO: Cron ran at: 03-04-2025 01:25:27 AM [] []
[2025-04-03 01:30:33] SlimMonoLogger.INFO: Cron ran at: 03-04-2025 01:30:33 AM [] []
[2025-04-03 01:35:25] SlimMonoLogger.INFO: Cron ran at: 03-04-2025 01:35:25 AM [] []
[2025-04-03 01:40:23] SlimMonoLogger.INFO: Cron ran at: 03-04-2025 01:40:23 AM [] []
[2025-04-03 01:45:27] SlimMonoLogger.INFO: Cron ran at: 03-04-2025 01:45:27 AM [] []
[2025-04-03 01:50:34] SlimMonoLogger.INFO: Cron ran at: 03-04-2025 01:50:34 AM [] []
[2025-04-03 01:55:27] SlimMonoLogger.INFO: Cron ran at: 03-04-2025 01:55:27 AM [] []
