[2025-09-02 02:00:31] SlimMonoLogger.INFO: Cron ran at: 02-09-2025 02:00:31 AM [] []
[2025-09-02 02:05:30] SlimMonoLogger.INFO: Cron ran at: 02-09-2025 02:05:30 AM [] []
[2025-09-02 02:10:28] SlimMonoLogger.INFO: Cron ran at: 02-09-2025 02:10:28 AM [] []
[2025-09-02 02:15:31] SlimMonoLogger.INFO: Cron ran at: 02-09-2025 02:15:31 AM [] []
[2025-09-02 02:20:32] SlimMonoLogger.INFO: Cron ran at: 02-09-2025 02:20:32 AM [] []
[2025-09-02 02:25:27] SlimMonoLogger.INFO: Cron ran at: 02-09-2025 02:25:27 AM [] []
[2025-09-02 02:30:28] SlimMonoLogger.INFO: Cron ran at: 02-09-2025 02:30:28 AM [] []
[2025-09-02 02:35:28] SlimMonoLogger.INFO: Cron ran at: 02-09-2025 02:35:28 AM [] []
[2025-09-02 02:40:28] SlimMonoLogger.INFO: Cron ran at: 02-09-2025 02:40:28 AM [] []
[2025-09-02 02:45:26] SlimMonoLogger.INFO: Cron ran at: 02-09-2025 02:45:26 AM [] []
[2025-09-02 02:50:41] SlimMonoLogger.INFO: Cron ran at: 02-09-2025 02:50:41 AM [] []
[2025-09-02 02:55:29] SlimMonoLogger.INFO: Cron ran at: 02-09-2025 02:55:29 AM [] []
[2025-09-02 03:00:29] SlimMonoLogger.INFO: Cron ran at: 02-09-2025 03:00:29 AM [] []
[2025-09-02 03:05:38] SlimMonoLogger.INFO: Cron ran at: 02-09-2025 03:05:38 AM [] []
[2025-09-02 03:10:32] SlimMonoLogger.INFO: Cron ran at: 02-09-2025 03:10:32 AM [] []
[2025-09-02 03:15:31] SlimMonoLogger.INFO: Cron ran at: 02-09-2025 03:15:31 AM [] []
[2025-09-02 03:20:27] SlimMonoLogger.INFO: Cron ran at: 02-09-2025 03:20:27 AM [] []
[2025-09-02 03:25:29] SlimMonoLogger.INFO: Cron ran at: 02-09-2025 03:25:29 AM [] []
[2025-09-02 03:30:29] SlimMonoLogger.INFO: Cron ran at: 02-09-2025 03:30:29 AM [] []
[2025-09-02 03:35:34] SlimMonoLogger.INFO: Cron ran at: 02-09-2025 03:35:34 AM [] []
[2025-09-02 03:40:29] SlimMonoLogger.INFO: Cron ran at: 02-09-2025 03:40:29 AM [] []
[2025-09-02 03:45:29] SlimMonoLogger.INFO: Cron ran at: 02-09-2025 03:45:29 AM [] []
[2025-09-02 03:50:28] SlimMonoLogger.INFO: Cron ran at: 02-09-2025 03:50:28 AM [] []
[2025-09-02 03:55:29] SlimMonoLogger.INFO: Cron ran at: 02-09-2025 03:55:29 AM [] []
[2025-09-02 04:00:30] SlimMonoLogger.INFO: Cron ran at: 02-09-2025 04:00:30 AM [] []
[2025-09-02 04:05:28] SlimMonoLogger.INFO: Cron ran at: 02-09-2025 04:05:28 AM [] []
[2025-09-02 04:10:33] SlimMonoLogger.INFO: Cron ran at: 02-09-2025 04:10:33 AM [] []
[2025-09-02 04:15:27] SlimMonoLogger.INFO: Cron ran at: 02-09-2025 04:15:27 AM [] []
[2025-09-02 04:20:31] SlimMonoLogger.INFO: Cron ran at: 02-09-2025 04:20:31 AM [] []
[2025-09-02 04:25:26] SlimMonoLogger.INFO: Cron ran at: 02-09-2025 04:25:26 AM [] []
[2025-09-02 04:30:40] SlimMonoLogger.INFO: Cron ran at: 02-09-2025 04:30:40 AM [] []
[2025-09-02 04:35:28] SlimMonoLogger.INFO: Cron ran at: 02-09-2025 04:35:28 AM [] []
[2025-09-02 04:40:31] SlimMonoLogger.INFO: Cron ran at: 02-09-2025 04:40:31 AM [] []
[2025-09-02 04:45:28] SlimMonoLogger.INFO: Cron ran at: 02-09-2025 04:45:28 AM [] []
[2025-09-02 04:50:33] SlimMonoLogger.INFO: Cron ran at: 02-09-2025 04:50:33 AM [] []
[2025-09-02 04:55:30] SlimMonoLogger.INFO: Cron ran at: 02-09-2025 04:55:30 AM [] []
[2025-09-02 03:00:10] SlimMonoLogger.CRITICAL: PDOException: SQLSTATE[08004] [1040] Too many connections in /home/latihtal/public_html/agregator1/src/framework/PDO/Database.php:34
Stack trace:
#0 /home/latihtal/public_html/agregator1/src/framework/PDO/Database.php(34): PDO->__construct()
#1 /home/latihtal/public_html/agregator1/src/dependencies.php(73): Slim\PDO\Database->__construct()
#2 /home/latihtal/public_html/agregator1/src/framework/Helper/Set.php(231): {closure}()
#3 /home/latihtal/public_html/agregator1/src/framework/Helper/Set.php(88): Slim\Helper\Set->Slim\Helper\{closure}()
#4 /home/latihtal/public_html/agregator1/src/framework/Slim.php(232): Slim\Helper\Set->get()
#5 /home/latihtal/public_html/agregator1/src/models/Model.php(176): Slim\Slim->__get()
#6 /home/latihtal/public_html/agregator1/src/models/OptionModel.php(180): spark\models\Model->select()
#7 /home/latihtal/public_html/agregator1/src/models/OptionModel.php(40): spark\models\OptionModel->autoloadOptions()
#8 /home/latihtal/public_html/agregator1/src/dependencies.php(99): spark\models\OptionModel->__construct()
#9 /home/latihtal/public_html/agregator1/src/framework/Helper/Set.php(231): {closure}()
#10 /home/latihtal/public_html/agregator1/src/framework/Helper/Set.php(88): Slim\Helper\Set->Slim\Helper\{closure}()
#11 /home/latihtal/public_html/agregator1/src/framework/Slim.php(232): Slim\Helper\Set->get()
#12 /home/latihtal/public_html/agregator1/src/drivers/Views/ThemeManager.php(34): Slim\Slim->__get()
#13 /home/latihtal/public_html/agregator1/src/dependencies.php(142): spark\drivers\Views\ThemeManager->initEngine()
#14 /home/latihtal/public_html/agregator1/src/bootstrap.php(68): require('/home/latihtal/...')
#15 /home/latihtal/public_html/agregator1/index.php(4): require('/home/latihtal/...')
#16 {main} [] []
[2025-09-02 05:05:29] SlimMonoLogger.INFO: Cron ran at: 02-09-2025 05:05:29 AM [] []
[2025-09-02 05:10:30] SlimMonoLogger.INFO: Cron ran at: 02-09-2025 05:10:30 AM [] []
[2025-09-02 05:15:27] SlimMonoLogger.INFO: Cron ran at: 02-09-2025 05:15:27 AM [] []
[2025-09-02 05:20:31] SlimMonoLogger.INFO: Cron ran at: 02-09-2025 05:20:31 AM [] []
[2025-09-02 05:25:31] SlimMonoLogger.INFO: Cron ran at: 02-09-2025 05:25:31 AM [] []
[2025-09-02 05:30:29] SlimMonoLogger.INFO: Cron ran at: 02-09-2025 05:30:29 AM [] []
[2025-09-02 05:35:27] SlimMonoLogger.INFO: Cron ran at: 02-09-2025 05:35:27 AM [] []
[2025-09-02 05:40:32] SlimMonoLogger.INFO: Cron ran at: 02-09-2025 05:40:32 AM [] []
[2025-09-02 05:45:34] SlimMonoLogger.INFO: Cron ran at: 02-09-2025 05:45:34 AM [] []
[2025-09-02 05:50:36] SlimMonoLogger.INFO: Cron ran at: 02-09-2025 05:50:36 AM [] []
[2025-09-02 05:55:32] SlimMonoLogger.INFO: Cron ran at: 02-09-2025 05:55:32 AM [] []
[2025-09-02 06:00:35] SlimMonoLogger.INFO: Cron ran at: 02-09-2025 06:00:35 AM [] []
[2025-09-02 06:05:29] SlimMonoLogger.INFO: Cron ran at: 02-09-2025 06:05:29 AM [] []
[2025-09-02 06:10:30] SlimMonoLogger.INFO: Cron ran at: 02-09-2025 06:10:30 AM [] []
[2025-09-02 06:15:28] SlimMonoLogger.INFO: Cron ran at: 02-09-2025 06:15:28 AM [] []
[2025-09-02 06:20:28] SlimMonoLogger.INFO: Cron ran at: 02-09-2025 06:20:28 AM [] []
[2025-09-02 06:25:29] SlimMonoLogger.INFO: Cron ran at: 02-09-2025 06:25:29 AM [] []
[2025-09-02 06:30:31] SlimMonoLogger.INFO: Cron ran at: 02-09-2025 06:30:31 AM [] []
[2025-09-02 06:35:26] SlimMonoLogger.INFO: Cron ran at: 02-09-2025 06:35:26 AM [] []
[2025-09-02 06:40:25] SlimMonoLogger.INFO: Cron ran at: 02-09-2025 06:40:25 AM [] []
[2025-09-02 06:45:33] SlimMonoLogger.INFO: Cron ran at: 02-09-2025 06:45:33 AM [] []
[2025-09-02 06:50:28] SlimMonoLogger.INFO: Cron ran at: 02-09-2025 06:50:28 AM [] []
[2025-09-02 06:55:26] SlimMonoLogger.INFO: Cron ran at: 02-09-2025 06:55:26 AM [] []
[2025-09-02 07:00:29] SlimMonoLogger.INFO: Cron ran at: 02-09-2025 07:00:29 AM [] []
[2025-09-02 07:05:30] SlimMonoLogger.INFO: Cron ran at: 02-09-2025 07:05:30 AM [] []
[2025-09-02 07:10:31] SlimMonoLogger.INFO: Cron ran at: 02-09-2025 07:10:31 AM [] []
[2025-09-02 07:15:27] SlimMonoLogger.INFO: Cron ran at: 02-09-2025 07:15:27 AM [] []
[2025-09-02 07:20:39] SlimMonoLogger.INFO: Cron ran at: 02-09-2025 07:20:39 AM [] []
[2025-09-02 07:25:42] SlimMonoLogger.INFO: Cron ran at: 02-09-2025 07:25:42 AM [] []
[2025-09-02 07:30:32] SlimMonoLogger.INFO: Cron ran at: 02-09-2025 07:30:32 AM [] []
[2025-09-02 07:35:32] SlimMonoLogger.INFO: Cron ran at: 02-09-2025 07:35:32 AM [] []
[2025-09-02 07:40:36] SlimMonoLogger.INFO: Cron ran at: 02-09-2025 07:40:36 AM [] []
[2025-09-02 07:45:46] SlimMonoLogger.INFO: Cron ran at: 02-09-2025 07:45:46 AM [] []
[2025-09-02 07:50:35] SlimMonoLogger.INFO: Cron ran at: 02-09-2025 07:50:35 AM [] []
[2025-09-02 07:55:36] SlimMonoLogger.INFO: Cron ran at: 02-09-2025 07:55:36 AM [] []
[2025-09-02 08:00:41] SlimMonoLogger.INFO: Cron ran at: 02-09-2025 08:00:41 AM [] []
[2025-09-02 08:05:36] SlimMonoLogger.INFO: Cron ran at: 02-09-2025 08:05:36 AM [] []
[2025-09-02 08:10:52] SlimMonoLogger.INFO: Cron ran at: 02-09-2025 08:10:52 AM [] []
[2025-09-02 08:15:39] SlimMonoLogger.INFO: Cron ran at: 02-09-2025 08:15:39 AM [] []
[2025-09-02 08:20:47] SlimMonoLogger.INFO: Cron ran at: 02-09-2025 08:20:47 AM [] []
[2025-09-02 08:25:32] SlimMonoLogger.INFO: Cron ran at: 02-09-2025 08:25:32 AM [] []
[2025-09-02 08:30:41] SlimMonoLogger.INFO: Cron ran at: 02-09-2025 08:30:41 AM [] []
[2025-09-02 08:35:40] SlimMonoLogger.INFO: Cron ran at: 02-09-2025 08:35:40 AM [] []
[2025-09-02 08:40:43] SlimMonoLogger.INFO: Cron ran at: 02-09-2025 08:40:43 AM [] []
[2025-09-02 08:45:52] SlimMonoLogger.INFO: Cron ran at: 02-09-2025 08:45:52 AM [] []
[2025-09-02 08:50:33] SlimMonoLogger.INFO: Cron ran at: 02-09-2025 08:50:33 AM [] []
[2025-09-02 08:55:32] SlimMonoLogger.INFO: Cron ran at: 02-09-2025 08:55:32 AM [] []
[2025-09-02 09:00:42] SlimMonoLogger.INFO: Cron ran at: 02-09-2025 09:00:42 AM [] []
[2025-09-02 09:05:31] SlimMonoLogger.INFO: Cron ran at: 02-09-2025 09:05:31 AM [] []
[2025-09-02 09:10:30] SlimMonoLogger.INFO: Cron ran at: 02-09-2025 09:10:30 AM [] []
[2025-09-02 09:15:38] SlimMonoLogger.INFO: Cron ran at: 02-09-2025 09:15:38 AM [] []
[2025-09-02 09:20:35] SlimMonoLogger.INFO: Cron ran at: 02-09-2025 09:20:35 AM [] []
[2025-09-02 09:25:33] SlimMonoLogger.INFO: Cron ran at: 02-09-2025 09:25:33 AM [] []
[2025-09-02 09:30:38] SlimMonoLogger.INFO: Cron ran at: 02-09-2025 09:30:38 AM [] []
[2025-09-02 09:35:39] SlimMonoLogger.INFO: Cron ran at: 02-09-2025 09:35:39 AM [] []
[2025-09-02 09:40:38] SlimMonoLogger.INFO: Cron ran at: 02-09-2025 09:40:38 AM [] []
[2025-09-02 09:45:31] SlimMonoLogger.INFO: Cron ran at: 02-09-2025 09:45:31 AM [] []
[2025-09-02 09:50:29] SlimMonoLogger.INFO: Cron ran at: 02-09-2025 09:50:29 AM [] []
[2025-09-02 09:55:31] SlimMonoLogger.INFO: Cron ran at: 02-09-2025 09:55:31 AM [] []
[2025-09-02 10:00:33] SlimMonoLogger.INFO: Cron ran at: 02-09-2025 10:00:33 AM [] []
[2025-09-02 10:05:35] SlimMonoLogger.INFO: Cron ran at: 02-09-2025 10:05:35 AM [] []
[2025-09-02 10:10:34] SlimMonoLogger.INFO: Cron ran at: 02-09-2025 10:10:34 AM [] []
[2025-09-02 10:15:43] SlimMonoLogger.INFO: Cron ran at: 02-09-2025 10:15:43 AM [] []
[2025-09-02 10:20:48] SlimMonoLogger.INFO: Cron ran at: 02-09-2025 10:20:48 AM [] []
[2025-09-02 10:25:43] SlimMonoLogger.INFO: Cron ran at: 02-09-2025 10:25:43 AM [] []
[2025-09-02 10:30:48] SlimMonoLogger.INFO: Cron ran at: 02-09-2025 10:30:48 AM [] []
[2025-09-02 10:35:36] SlimMonoLogger.INFO: Cron ran at: 02-09-2025 10:35:36 AM [] []
[2025-09-02 10:40:36] SlimMonoLogger.INFO: Cron ran at: 02-09-2025 10:40:36 AM [] []
[2025-09-02 10:45:34] SlimMonoLogger.INFO: Cron ran at: 02-09-2025 10:45:34 AM [] []
[2025-09-02 10:50:34] SlimMonoLogger.INFO: Cron ran at: 02-09-2025 10:50:34 AM [] []
[2025-09-02 10:55:35] SlimMonoLogger.INFO: Cron ran at: 02-09-2025 10:55:35 AM [] []
[2025-09-02 11:00:49] SlimMonoLogger.INFO: Cron ran at: 02-09-2025 11:00:49 AM [] []
[2025-09-02 11:05:36] SlimMonoLogger.INFO: Cron ran at: 02-09-2025 11:05:36 AM [] []
[2025-09-02 11:10:41] SlimMonoLogger.INFO: Cron ran at: 02-09-2025 11:10:41 AM [] []
[2025-09-02 11:15:40] SlimMonoLogger.INFO: Cron ran at: 02-09-2025 11:15:40 AM [] []
[2025-09-02 11:20:35] SlimMonoLogger.INFO: Cron ran at: 02-09-2025 11:20:35 AM [] []
[2025-09-02 11:25:33] SlimMonoLogger.INFO: Cron ran at: 02-09-2025 11:25:33 AM [] []
[2025-09-02 11:30:31] SlimMonoLogger.INFO: Cron ran at: 02-09-2025 11:30:31 AM [] []
[2025-09-02 11:35:38] SlimMonoLogger.INFO: Cron ran at: 02-09-2025 11:35:38 AM [] []
[2025-09-02 11:40:40] SlimMonoLogger.INFO: Cron ran at: 02-09-2025 11:40:40 AM [] []
[2025-09-02 11:45:42] SlimMonoLogger.INFO: Cron ran at: 02-09-2025 11:45:42 AM [] []
[2025-09-02 11:50:32] SlimMonoLogger.INFO: Cron ran at: 02-09-2025 11:50:32 AM [] []
[2025-09-02 11:55:32] SlimMonoLogger.INFO: Cron ran at: 02-09-2025 11:55:32 AM [] []
[2025-09-02 12:00:35] SlimMonoLogger.INFO: Cron ran at: 02-09-2025 12:00:35 PM [] []
[2025-09-02 12:05:41] SlimMonoLogger.INFO: Cron ran at: 02-09-2025 12:05:41 PM [] []
[2025-09-02 12:10:36] SlimMonoLogger.INFO: Cron ran at: 02-09-2025 12:10:36 PM [] []
[2025-09-02 12:15:36] SlimMonoLogger.INFO: Cron ran at: 02-09-2025 12:15:36 PM [] []
[2025-09-02 12:20:34] SlimMonoLogger.INFO: Cron ran at: 02-09-2025 12:20:34 PM [] []
[2025-09-02 12:25:43] SlimMonoLogger.INFO: Cron ran at: 02-09-2025 12:25:43 PM [] []
[2025-09-02 12:30:40] SlimMonoLogger.INFO: Cron ran at: 02-09-2025 12:30:40 PM [] []
[2025-09-02 12:35:35] SlimMonoLogger.INFO: Cron ran at: 02-09-2025 12:35:35 PM [] []
[2025-09-02 12:40:36] SlimMonoLogger.INFO: Cron ran at: 02-09-2025 12:40:36 PM [] []
[2025-09-02 12:45:41] SlimMonoLogger.INFO: Cron ran at: 02-09-2025 12:45:41 PM [] []
[2025-09-02 12:50:40] SlimMonoLogger.INFO: Cron ran at: 02-09-2025 12:50:40 PM [] []
[2025-09-02 12:55:36] SlimMonoLogger.INFO: Cron ran at: 02-09-2025 12:55:36 PM [] []
[2025-09-02 13:00:47] SlimMonoLogger.INFO: Cron ran at: 02-09-2025 01:00:47 PM [] []
[2025-09-02 13:05:31] SlimMonoLogger.INFO: Cron ran at: 02-09-2025 01:05:31 PM [] []
[2025-09-02 13:10:37] SlimMonoLogger.INFO: Cron ran at: 02-09-2025 01:10:37 PM [] []
[2025-09-02 13:15:35] SlimMonoLogger.INFO: Cron ran at: 02-09-2025 01:15:35 PM [] []
[2025-09-02 13:20:28] SlimMonoLogger.INFO: Cron ran at: 02-09-2025 01:20:28 PM [] []
[2025-09-02 13:25:38] SlimMonoLogger.INFO: Cron ran at: 02-09-2025 01:25:38 PM [] []
[2025-09-02 13:30:47] SlimMonoLogger.INFO: Cron ran at: 02-09-2025 01:30:47 PM [] []
[2025-09-02 13:35:48] SlimMonoLogger.INFO: Cron ran at: 02-09-2025 01:35:48 PM [] []
[2025-09-02 13:40:36] SlimMonoLogger.INFO: Cron ran at: 02-09-2025 01:40:36 PM [] []
[2025-09-02 13:45:43] SlimMonoLogger.INFO: Cron ran at: 02-09-2025 01:45:43 PM [] []
[2025-09-02 13:50:41] SlimMonoLogger.INFO: Cron ran at: 02-09-2025 01:50:41 PM [] []
[2025-09-02 13:55:34] SlimMonoLogger.INFO: Cron ran at: 02-09-2025 01:55:34 PM [] []
[2025-09-02 14:00:54] SlimMonoLogger.INFO: Cron ran at: 02-09-2025 02:00:54 PM [] []
[2025-09-02 14:05:41] SlimMonoLogger.INFO: Cron ran at: 02-09-2025 02:05:41 PM [] []
[2025-09-02 14:10:31] SlimMonoLogger.INFO: Cron ran at: 02-09-2025 02:10:31 PM [] []
[2025-09-02 14:15:37] SlimMonoLogger.INFO: Cron ran at: 02-09-2025 02:15:37 PM [] []
[2025-09-02 14:20:34] SlimMonoLogger.INFO: Cron ran at: 02-09-2025 02:20:34 PM [] []
[2025-09-02 14:25:38] SlimMonoLogger.INFO: Cron ran at: 02-09-2025 02:25:38 PM [] []
[2025-09-02 14:30:31] SlimMonoLogger.INFO: Cron ran at: 02-09-2025 02:30:31 PM [] []
[2025-09-02 14:35:39] SlimMonoLogger.INFO: Cron ran at: 02-09-2025 02:35:39 PM [] []
[2025-09-02 14:40:36] SlimMonoLogger.INFO: Cron ran at: 02-09-2025 02:40:36 PM [] []
[2025-09-02 14:45:38] SlimMonoLogger.INFO: Cron ran at: 02-09-2025 02:45:38 PM [] []
[2025-09-02 14:50:37] SlimMonoLogger.INFO: Cron ran at: 02-09-2025 02:50:37 PM [] []
[2025-09-02 14:55:35] SlimMonoLogger.INFO: Cron ran at: 02-09-2025 02:55:35 PM [] []
[2025-09-02 15:00:46] SlimMonoLogger.INFO: Cron ran at: 02-09-2025 03:00:46 PM [] []
[2025-09-02 15:05:36] SlimMonoLogger.INFO: Cron ran at: 02-09-2025 03:05:36 PM [] []
[2025-09-02 15:10:36] SlimMonoLogger.INFO: Cron ran at: 02-09-2025 03:10:36 PM [] []
[2025-09-02 15:15:33] SlimMonoLogger.INFO: Cron ran at: 02-09-2025 03:15:33 PM [] []
[2025-09-02 15:20:35] SlimMonoLogger.INFO: Cron ran at: 02-09-2025 03:20:35 PM [] []
[2025-09-02 15:25:32] SlimMonoLogger.INFO: Cron ran at: 02-09-2025 03:25:32 PM [] []
[2025-09-02 15:30:33] SlimMonoLogger.INFO: Cron ran at: 02-09-2025 03:30:33 PM [] []
[2025-09-02 15:35:30] SlimMonoLogger.INFO: Cron ran at: 02-09-2025 03:35:30 PM [] []
[2025-09-02 15:40:35] SlimMonoLogger.INFO: Cron ran at: 02-09-2025 03:40:35 PM [] []
[2025-09-02 15:45:33] SlimMonoLogger.INFO: Cron ran at: 02-09-2025 03:45:33 PM [] []
[2025-09-02 15:50:31] SlimMonoLogger.INFO: Cron ran at: 02-09-2025 03:50:31 PM [] []
[2025-09-02 15:55:34] SlimMonoLogger.INFO: Cron ran at: 02-09-2025 03:55:34 PM [] []
[2025-09-02 16:00:36] SlimMonoLogger.INFO: Cron ran at: 02-09-2025 04:00:36 PM [] []
[2025-09-02 16:05:36] SlimMonoLogger.INFO: Cron ran at: 02-09-2025 04:05:36 PM [] []
[2025-09-02 16:10:35] SlimMonoLogger.INFO: Cron ran at: 02-09-2025 04:10:35 PM [] []
[2025-09-02 16:15:33] SlimMonoLogger.INFO: Cron ran at: 02-09-2025 04:15:33 PM [] []
[2025-09-02 16:20:32] SlimMonoLogger.INFO: Cron ran at: 02-09-2025 04:20:32 PM [] []
[2025-09-02 16:25:30] SlimMonoLogger.INFO: Cron ran at: 02-09-2025 04:25:30 PM [] []
[2025-09-02 16:30:34] SlimMonoLogger.INFO: Cron ran at: 02-09-2025 04:30:34 PM [] []
[2025-09-02 16:35:46] SlimMonoLogger.INFO: Cron ran at: 02-09-2025 04:35:46 PM [] []
[2025-09-02 16:40:40] SlimMonoLogger.INFO: Cron ran at: 02-09-2025 04:40:40 PM [] []
[2025-09-02 16:45:47] SlimMonoLogger.INFO: Cron ran at: 02-09-2025 04:45:47 PM [] []
[2025-09-02 16:50:48] SlimMonoLogger.INFO: Cron ran at: 02-09-2025 04:50:48 PM [] []
[2025-09-02 16:55:41] SlimMonoLogger.INFO: Cron ran at: 02-09-2025 04:55:41 PM [] []
[2025-09-02 17:00:47] SlimMonoLogger.INFO: Cron ran at: 02-09-2025 05:00:47 PM [] []
[2025-09-02 17:05:48] SlimMonoLogger.INFO: Cron ran at: 02-09-2025 05:05:48 PM [] []
[2025-09-02 17:10:39] SlimMonoLogger.INFO: Cron ran at: 02-09-2025 05:10:39 PM [] []
[2025-09-02 17:15:29] SlimMonoLogger.INFO: Cron ran at: 02-09-2025 05:15:29 PM [] []
[2025-09-02 17:20:36] SlimMonoLogger.INFO: Cron ran at: 02-09-2025 05:20:36 PM [] []
[2025-09-02 17:25:41] SlimMonoLogger.INFO: Cron ran at: 02-09-2025 05:25:41 PM [] []
[2025-09-02 17:30:34] SlimMonoLogger.INFO: Cron ran at: 02-09-2025 05:30:34 PM [] []
[2025-09-02 17:35:33] SlimMonoLogger.INFO: Cron ran at: 02-09-2025 05:35:33 PM [] []
[2025-09-02 17:40:36] SlimMonoLogger.INFO: Cron ran at: 02-09-2025 05:40:36 PM [] []
[2025-09-02 17:45:30] SlimMonoLogger.INFO: Cron ran at: 02-09-2025 05:45:30 PM [] []
[2025-09-02 17:50:32] SlimMonoLogger.INFO: Cron ran at: 02-09-2025 05:50:32 PM [] []
[2025-09-02 17:55:27] SlimMonoLogger.INFO: Cron ran at: 02-09-2025 05:55:27 PM [] []
[2025-09-02 18:00:36] SlimMonoLogger.INFO: Cron ran at: 02-09-2025 06:00:36 PM [] []
[2025-09-02 18:05:35] SlimMonoLogger.INFO: Cron ran at: 02-09-2025 06:05:35 PM [] []
[2025-09-02 18:10:30] SlimMonoLogger.INFO: Cron ran at: 02-09-2025 06:10:30 PM [] []
[2025-09-02 18:15:38] SlimMonoLogger.INFO: Cron ran at: 02-09-2025 06:15:38 PM [] []
[2025-09-02 18:20:42] SlimMonoLogger.INFO: Cron ran at: 02-09-2025 06:20:42 PM [] []
[2025-09-02 18:25:36] SlimMonoLogger.INFO: Cron ran at: 02-09-2025 06:25:36 PM [] []
[2025-09-02 18:30:41] SlimMonoLogger.INFO: Cron ran at: 02-09-2025 06:30:41 PM [] []
[2025-09-02 18:35:36] SlimMonoLogger.INFO: Cron ran at: 02-09-2025 06:35:36 PM [] []
[2025-09-02 18:40:31] SlimMonoLogger.INFO: Cron ran at: 02-09-2025 06:40:31 PM [] []
[2025-09-02 18:45:34] SlimMonoLogger.INFO: Cron ran at: 02-09-2025 06:45:34 PM [] []
[2025-09-02 18:50:31] SlimMonoLogger.INFO: Cron ran at: 02-09-2025 06:50:31 PM [] []
[2025-09-02 18:55:39] SlimMonoLogger.INFO: Cron ran at: 02-09-2025 06:55:39 PM [] []
[2025-09-02 19:00:44] SlimMonoLogger.INFO: Cron ran at: 02-09-2025 07:00:44 PM [] []
[2025-09-02 19:05:43] SlimMonoLogger.INFO: Cron ran at: 02-09-2025 07:05:43 PM [] []
[2025-09-02 19:10:36] SlimMonoLogger.INFO: Cron ran at: 02-09-2025 07:10:36 PM [] []
[2025-09-02 19:15:38] SlimMonoLogger.INFO: Cron ran at: 02-09-2025 07:15:38 PM [] []
[2025-09-02 19:20:43] SlimMonoLogger.INFO: Cron ran at: 02-09-2025 07:20:43 PM [] []
[2025-09-02 19:25:37] SlimMonoLogger.INFO: Cron ran at: 02-09-2025 07:25:37 PM [] []
[2025-09-02 19:30:35] SlimMonoLogger.INFO: Cron ran at: 02-09-2025 07:30:35 PM [] []
[2025-09-02 19:35:33] SlimMonoLogger.INFO: Cron ran at: 02-09-2025 07:35:33 PM [] []
[2025-09-02 19:40:30] SlimMonoLogger.INFO: Cron ran at: 02-09-2025 07:40:30 PM [] []
[2025-09-02 19:45:36] SlimMonoLogger.INFO: Cron ran at: 02-09-2025 07:45:36 PM [] []
[2025-09-02 19:50:34] SlimMonoLogger.INFO: Cron ran at: 02-09-2025 07:50:34 PM [] []
[2025-09-02 19:55:34] SlimMonoLogger.INFO: Cron ran at: 02-09-2025 07:55:34 PM [] []
[2025-09-02 20:00:34] SlimMonoLogger.INFO: Cron ran at: 02-09-2025 08:00:34 PM [] []
[2025-09-02 20:05:31] SlimMonoLogger.INFO: Cron ran at: 02-09-2025 08:05:31 PM [] []
[2025-09-02 20:10:31] SlimMonoLogger.INFO: Cron ran at: 02-09-2025 08:10:31 PM [] []
[2025-09-02 20:15:28] SlimMonoLogger.INFO: Cron ran at: 02-09-2025 08:15:28 PM [] []
[2025-09-02 20:20:29] SlimMonoLogger.INFO: Cron ran at: 02-09-2025 08:20:29 PM [] []
[2025-09-02 20:25:29] SlimMonoLogger.INFO: Cron ran at: 02-09-2025 08:25:29 PM [] []
[2025-09-02 20:30:37] SlimMonoLogger.INFO: Cron ran at: 02-09-2025 08:30:37 PM [] []
[2025-09-02 20:35:35] SlimMonoLogger.INFO: Cron ran at: 02-09-2025 08:35:35 PM [] []
[2025-09-02 20:40:43] SlimMonoLogger.INFO: Cron ran at: 02-09-2025 08:40:43 PM [] []
[2025-09-02 20:45:38] SlimMonoLogger.INFO: Cron ran at: 02-09-2025 08:45:38 PM [] []
[2025-09-02 20:50:38] SlimMonoLogger.INFO: Cron ran at: 02-09-2025 08:50:38 PM [] []
[2025-09-02 20:55:36] SlimMonoLogger.INFO: Cron ran at: 02-09-2025 08:55:36 PM [] []
[2025-09-02 21:00:36] SlimMonoLogger.INFO: Cron ran at: 02-09-2025 09:00:36 PM [] []
[2025-09-02 21:05:34] SlimMonoLogger.INFO: Cron ran at: 02-09-2025 09:05:34 PM [] []
[2025-09-02 21:10:32] SlimMonoLogger.INFO: Cron ran at: 02-09-2025 09:10:32 PM [] []
[2025-09-02 21:15:30] SlimMonoLogger.INFO: Cron ran at: 02-09-2025 09:15:30 PM [] []
[2025-09-02 21:20:30] SlimMonoLogger.INFO: Cron ran at: 02-09-2025 09:20:30 PM [] []
[2025-09-02 21:25:31] SlimMonoLogger.INFO: Cron ran at: 02-09-2025 09:25:31 PM [] []
[2025-09-02 21:30:36] SlimMonoLogger.INFO: Cron ran at: 02-09-2025 09:30:36 PM [] []
[2025-09-02 21:35:29] SlimMonoLogger.INFO: Cron ran at: 02-09-2025 09:35:29 PM [] []
[2025-09-02 21:40:34] SlimMonoLogger.INFO: Cron ran at: 02-09-2025 09:40:34 PM [] []
[2025-09-02 21:45:30] SlimMonoLogger.INFO: Cron ran at: 02-09-2025 09:45:30 PM [] []
[2025-09-02 21:50:27] SlimMonoLogger.INFO: Cron ran at: 02-09-2025 09:50:27 PM [] []
[2025-09-02 21:55:34] SlimMonoLogger.INFO: Cron ran at: 02-09-2025 09:55:34 PM [] []
[2025-09-02 22:00:38] SlimMonoLogger.INFO: Cron ran at: 02-09-2025 10:00:38 PM [] []
[2025-09-02 22:05:30] SlimMonoLogger.INFO: Cron ran at: 02-09-2025 10:05:30 PM [] []
[2025-09-02 22:10:30] SlimMonoLogger.INFO: Cron ran at: 02-09-2025 10:10:30 PM [] []
[2025-09-02 22:15:34] SlimMonoLogger.INFO: Cron ran at: 02-09-2025 10:15:34 PM [] []
[2025-09-02 22:20:28] SlimMonoLogger.INFO: Cron ran at: 02-09-2025 10:20:28 PM [] []
[2025-09-02 22:25:28] SlimMonoLogger.INFO: Cron ran at: 02-09-2025 10:25:28 PM [] []
[2025-09-02 22:30:28] SlimMonoLogger.INFO: Cron ran at: 02-09-2025 10:30:28 PM [] []
[2025-09-02 22:35:26] SlimMonoLogger.INFO: Cron ran at: 02-09-2025 10:35:26 PM [] []
[2025-09-02 22:40:30] SlimMonoLogger.INFO: Cron ran at: 02-09-2025 10:40:30 PM [] []
[2025-09-02 22:45:31] SlimMonoLogger.INFO: Cron ran at: 02-09-2025 10:45:31 PM [] []
[2025-09-02 22:50:30] SlimMonoLogger.INFO: Cron ran at: 02-09-2025 10:50:30 PM [] []
[2025-09-02 22:55:30] SlimMonoLogger.INFO: Cron ran at: 02-09-2025 10:55:30 PM [] []
[2025-09-02 23:00:30] SlimMonoLogger.INFO: Cron ran at: 02-09-2025 11:00:30 PM [] []
[2025-09-02 23:05:32] SlimMonoLogger.INFO: Cron ran at: 02-09-2025 11:05:32 PM [] []
[2025-09-02 23:10:26] SlimMonoLogger.INFO: Cron ran at: 02-09-2025 11:10:26 PM [] []
[2025-09-02 23:15:26] SlimMonoLogger.INFO: Cron ran at: 02-09-2025 11:15:26 PM [] []
[2025-09-02 23:20:31] SlimMonoLogger.INFO: Cron ran at: 02-09-2025 11:20:31 PM [] []
[2025-09-02 23:25:29] SlimMonoLogger.INFO: Cron ran at: 02-09-2025 11:25:29 PM [] []
[2025-09-02 23:30:35] SlimMonoLogger.INFO: Cron ran at: 02-09-2025 11:30:35 PM [] []
[2025-09-02 23:35:29] SlimMonoLogger.INFO: Cron ran at: 02-09-2025 11:35:29 PM [] []
[2025-09-02 23:40:27] SlimMonoLogger.INFO: Cron ran at: 02-09-2025 11:40:27 PM [] []
[2025-09-02 23:45:25] SlimMonoLogger.INFO: Cron ran at: 02-09-2025 11:45:25 PM [] []
[2025-09-02 23:50:25] SlimMonoLogger.INFO: Cron ran at: 02-09-2025 11:50:25 PM [] []
[2025-09-02 23:55:26] SlimMonoLogger.INFO: Cron ran at: 02-09-2025 11:55:26 PM [] []
[2025-09-03 00:00:33] SlimMonoLogger.INFO: Cron ran at: 03-09-2025 12:00:33 AM [] []
[2025-09-03 00:05:30] SlimMonoLogger.INFO: Cron ran at: 03-09-2025 12:05:30 AM [] []
[2025-09-03 00:10:29] SlimMonoLogger.INFO: Cron ran at: 03-09-2025 12:10:29 AM [] []
[2025-09-03 00:15:33] SlimMonoLogger.INFO: Cron ran at: 03-09-2025 12:15:33 AM [] []
[2025-09-03 00:20:26] SlimMonoLogger.INFO: Cron ran at: 03-09-2025 12:20:26 AM [] []
[2025-09-03 00:25:30] SlimMonoLogger.INFO: Cron ran at: 03-09-2025 12:25:30 AM [] []
[2025-09-03 00:30:31] SlimMonoLogger.INFO: Cron ran at: 03-09-2025 12:30:31 AM [] []
[2025-09-03 00:35:27] SlimMonoLogger.INFO: Cron ran at: 03-09-2025 12:35:27 AM [] []
[2025-09-03 00:40:28] SlimMonoLogger.INFO: Cron ran at: 03-09-2025 12:40:28 AM [] []
[2025-09-03 00:45:30] SlimMonoLogger.INFO: Cron ran at: 03-09-2025 12:45:30 AM [] []
[2025-09-03 00:50:26] SlimMonoLogger.INFO: Cron ran at: 03-09-2025 12:50:26 AM [] []
[2025-09-03 00:55:28] SlimMonoLogger.INFO: Cron ran at: 03-09-2025 12:55:28 AM [] []
[2025-09-03 01:00:29] SlimMonoLogger.INFO: Cron ran at: 03-09-2025 01:00:29 AM [] []
[2025-09-03 01:05:27] SlimMonoLogger.INFO: Cron ran at: 03-09-2025 01:05:27 AM [] []
[2025-09-03 01:10:26] SlimMonoLogger.INFO: Cron ran at: 03-09-2025 01:10:26 AM [] []
[2025-09-03 01:15:29] SlimMonoLogger.INFO: Cron ran at: 03-09-2025 01:15:29 AM [] []
[2025-09-03 01:20:26] SlimMonoLogger.INFO: Cron ran at: 03-09-2025 01:20:26 AM [] []
[2025-09-03 01:25:26] SlimMonoLogger.INFO: Cron ran at: 03-09-2025 01:25:26 AM [] []
[2025-09-03 01:30:31] SlimMonoLogger.INFO: Cron ran at: 03-09-2025 01:30:31 AM [] []
[2025-09-03 01:35:25] SlimMonoLogger.INFO: Cron ran at: 03-09-2025 01:35:25 AM [] []
[2025-09-03 01:40:27] SlimMonoLogger.INFO: Cron ran at: 03-09-2025 01:40:27 AM [] []
[2025-09-03 01:45:28] SlimMonoLogger.INFO: Cron ran at: 03-09-2025 01:45:28 AM [] []
[2025-09-03 01:50:27] SlimMonoLogger.INFO: Cron ran at: 03-09-2025 01:50:27 AM [] []
[2025-09-03 01:55:28] SlimMonoLogger.INFO: Cron ran at: 03-09-2025 01:55:28 AM [] []
