[2025-11-02 01:00:40] SlimMonoLogger.INFO: Cron ran at: 02-11-2025 01:00:40 AM [] []
[2025-11-02 01:05:35] SlimMonoLogger.INFO: Cron ran at: 02-11-2025 01:05:35 AM [] []
[2025-11-02 01:10:33] SlimMonoLogger.INFO: Cron ran at: 02-11-2025 01:10:33 AM [] []
[2025-11-02 01:15:37] SlimMonoLogger.INFO: Cron ran at: 02-11-2025 01:15:37 AM [] []
[2025-11-02 01:20:35] SlimMonoLogger.INFO: Cron ran at: 02-11-2025 01:20:35 AM [] []
[2025-11-02 01:25:34] SlimMonoLogger.INFO: Cron ran at: 02-11-2025 01:25:34 AM [] []
[2025-11-02 01:30:37] SlimMonoLogger.INFO: Cron ran at: 02-11-2025 01:30:37 AM [] []
[2025-11-02 01:35:36] SlimMonoLogger.INFO: Cron ran at: 02-11-2025 01:35:36 AM [] []
[2025-11-02 01:40:33] SlimMonoLogger.INFO: Cron ran at: 02-11-2025 01:40:33 AM [] []
[2025-11-02 01:45:34] SlimMonoLogger.INFO: Cron ran at: 02-11-2025 01:45:34 AM [] []
[2025-11-02 01:50:33] SlimMonoLogger.INFO: Cron ran at: 02-11-2025 01:50:33 AM [] []
[2025-11-02 01:55:39] SlimMonoLogger.INFO: Cron ran at: 02-11-2025 01:55:39 AM [] []
[2025-11-02 02:00:37] SlimMonoLogger.INFO: Cron ran at: 02-11-2025 02:00:37 AM [] []
[2025-11-02 02:05:40] SlimMonoLogger.INFO: Cron ran at: 02-11-2025 02:05:40 AM [] []
[2025-11-02 02:10:33] SlimMonoLogger.INFO: Cron ran at: 02-11-2025 02:10:33 AM [] []
[2025-11-02 02:15:35] SlimMonoLogger.INFO: Cron ran at: 02-11-2025 02:15:35 AM [] []
[2025-11-02 02:20:44] SlimMonoLogger.INFO: Cron ran at: 02-11-2025 02:20:44 AM [] []
[2025-11-02 02:25:42] SlimMonoLogger.INFO: Cron ran at: 02-11-2025 02:25:42 AM [] []
[2025-11-02 02:30:41] SlimMonoLogger.INFO: Cron ran at: 02-11-2025 02:30:41 AM [] []
[2025-11-02 02:35:40] SlimMonoLogger.INFO: Cron ran at: 02-11-2025 02:35:40 AM [] []
[2025-11-02 02:40:42] SlimMonoLogger.INFO: Cron ran at: 02-11-2025 02:40:42 AM [] []
[2025-11-02 02:45:39] SlimMonoLogger.INFO: Cron ran at: 02-11-2025 02:45:39 AM [] []
[2025-11-02 02:50:41] SlimMonoLogger.INFO: Cron ran at: 02-11-2025 02:50:41 AM [] []
[2025-11-02 02:55:41] SlimMonoLogger.INFO: Cron ran at: 02-11-2025 02:55:41 AM [] []
[2025-11-02 03:00:42] SlimMonoLogger.INFO: Cron ran at: 02-11-2025 03:00:42 AM [] []
[2025-11-02 03:05:41] SlimMonoLogger.INFO: Cron ran at: 02-11-2025 03:05:41 AM [] []
[2025-11-02 03:10:41] SlimMonoLogger.INFO: Cron ran at: 02-11-2025 03:10:41 AM [] []
[2025-11-02 03:15:39] SlimMonoLogger.INFO: Cron ran at: 02-11-2025 03:15:39 AM [] []
[2025-11-02 03:20:35] SlimMonoLogger.INFO: Cron ran at: 02-11-2025 03:20:35 AM [] []
[2025-11-02 03:25:38] SlimMonoLogger.INFO: Cron ran at: 02-11-2025 03:25:38 AM [] []
[2025-11-02 03:30:41] SlimMonoLogger.INFO: Cron ran at: 02-11-2025 03:30:41 AM [] []
[2025-11-02 03:35:34] SlimMonoLogger.INFO: Cron ran at: 02-11-2025 03:35:34 AM [] []
[2025-11-02 03:40:34] SlimMonoLogger.INFO: Cron ran at: 02-11-2025 03:40:34 AM [] []
[2025-11-02 03:45:38] SlimMonoLogger.INFO: Cron ran at: 02-11-2025 03:45:38 AM [] []
[2025-11-02 03:50:35] SlimMonoLogger.INFO: Cron ran at: 02-11-2025 03:50:35 AM [] []
[2025-11-02 03:55:36] SlimMonoLogger.INFO: Cron ran at: 02-11-2025 03:55:36 AM [] []
[2025-11-02 04:00:37] SlimMonoLogger.INFO: Cron ran at: 02-11-2025 04:00:37 AM [] []
[2025-11-02 04:05:35] SlimMonoLogger.INFO: Cron ran at: 02-11-2025 04:05:35 AM [] []
[2025-11-02 04:10:33] SlimMonoLogger.INFO: Cron ran at: 02-11-2025 04:10:33 AM [] []
[2025-11-02 04:15:34] SlimMonoLogger.INFO: Cron ran at: 02-11-2025 04:15:34 AM [] []
[2025-11-02 04:20:32] SlimMonoLogger.INFO: Cron ran at: 02-11-2025 04:20:32 AM [] []
[2025-11-02 04:25:33] SlimMonoLogger.INFO: Cron ran at: 02-11-2025 04:25:33 AM [] []
[2025-11-02 04:30:37] SlimMonoLogger.INFO: Cron ran at: 02-11-2025 04:30:37 AM [] []
[2025-11-02 04:35:33] SlimMonoLogger.INFO: Cron ran at: 02-11-2025 04:35:33 AM [] []
[2025-11-02 04:40:35] SlimMonoLogger.INFO: Cron ran at: 02-11-2025 04:40:35 AM [] []
[2025-11-02 04:45:34] SlimMonoLogger.INFO: Cron ran at: 02-11-2025 04:45:34 AM [] []
[2025-11-02 04:50:34] SlimMonoLogger.INFO: Cron ran at: 02-11-2025 04:50:34 AM [] []
[2025-11-02 04:55:35] SlimMonoLogger.INFO: Cron ran at: 02-11-2025 04:55:35 AM [] []
[2025-11-02 05:00:37] SlimMonoLogger.INFO: Cron ran at: 02-11-2025 05:00:37 AM [] []
[2025-11-02 05:05:35] SlimMonoLogger.INFO: Cron ran at: 02-11-2025 05:05:35 AM [] []
[2025-11-02 05:10:34] SlimMonoLogger.INFO: Cron ran at: 02-11-2025 05:10:34 AM [] []
[2025-11-02 05:15:38] SlimMonoLogger.INFO: Cron ran at: 02-11-2025 05:15:38 AM [] []
[2025-11-02 05:20:36] SlimMonoLogger.INFO: Cron ran at: 02-11-2025 05:20:36 AM [] []
[2025-11-02 05:25:36] SlimMonoLogger.INFO: Cron ran at: 02-11-2025 05:25:36 AM [] []
[2025-11-02 05:30:37] SlimMonoLogger.INFO: Cron ran at: 02-11-2025 05:30:37 AM [] []
[2025-11-02 05:35:33] SlimMonoLogger.INFO: Cron ran at: 02-11-2025 05:35:33 AM [] []
[2025-11-02 05:40:38] SlimMonoLogger.INFO: Cron ran at: 02-11-2025 05:40:38 AM [] []
[2025-11-02 05:45:41] SlimMonoLogger.INFO: Cron ran at: 02-11-2025 05:45:41 AM [] []
[2025-11-02 05:50:33] SlimMonoLogger.INFO: Cron ran at: 02-11-2025 05:50:33 AM [] []
[2025-11-02 05:55:34] SlimMonoLogger.INFO: Cron ran at: 02-11-2025 05:55:34 AM [] []
[2025-11-02 06:00:35] SlimMonoLogger.INFO: Cron ran at: 02-11-2025 06:00:35 AM [] []
[2025-11-02 06:05:34] SlimMonoLogger.INFO: Cron ran at: 02-11-2025 06:05:34 AM [] []
[2025-11-02 06:10:33] SlimMonoLogger.INFO: Cron ran at: 02-11-2025 06:10:33 AM [] []
[2025-11-02 06:15:34] SlimMonoLogger.INFO: Cron ran at: 02-11-2025 06:15:34 AM [] []
[2025-11-02 06:20:33] SlimMonoLogger.INFO: Cron ran at: 02-11-2025 06:20:33 AM [] []
[2025-11-02 06:25:32] SlimMonoLogger.INFO: Cron ran at: 02-11-2025 06:25:32 AM [] []
[2025-11-02 06:30:42] SlimMonoLogger.INFO: Cron ran at: 02-11-2025 06:30:42 AM [] []
[2025-11-02 06:35:34] SlimMonoLogger.INFO: Cron ran at: 02-11-2025 06:35:34 AM [] []
[2025-11-02 06:40:32] SlimMonoLogger.INFO: Cron ran at: 02-11-2025 06:40:32 AM [] []
[2025-11-02 06:45:34] SlimMonoLogger.INFO: Cron ran at: 02-11-2025 06:45:34 AM [] []
[2025-11-02 06:50:35] SlimMonoLogger.INFO: Cron ran at: 02-11-2025 06:50:35 AM [] []
[2025-11-02 06:55:33] SlimMonoLogger.INFO: Cron ran at: 02-11-2025 06:55:33 AM [] []
[2025-11-02 07:00:37] SlimMonoLogger.INFO: Cron ran at: 02-11-2025 07:00:37 AM [] []
[2025-11-02 07:05:31] SlimMonoLogger.INFO: Cron ran at: 02-11-2025 07:05:31 AM [] []
[2025-11-02 07:10:33] SlimMonoLogger.INFO: Cron ran at: 02-11-2025 07:10:33 AM [] []
[2025-11-02 07:15:37] SlimMonoLogger.INFO: Cron ran at: 02-11-2025 07:15:37 AM [] []
[2025-11-02 07:20:32] SlimMonoLogger.INFO: Cron ran at: 02-11-2025 07:20:32 AM [] []
[2025-11-02 07:25:31] SlimMonoLogger.INFO: Cron ran at: 02-11-2025 07:25:31 AM [] []
[2025-11-02 07:30:35] SlimMonoLogger.INFO: Cron ran at: 02-11-2025 07:30:35 AM [] []
[2025-11-02 07:35:34] SlimMonoLogger.INFO: Cron ran at: 02-11-2025 07:35:34 AM [] []
[2025-11-02 07:40:41] SlimMonoLogger.INFO: Cron ran at: 02-11-2025 07:40:41 AM [] []
[2025-11-02 07:45:40] SlimMonoLogger.INFO: Cron ran at: 02-11-2025 07:45:40 AM [] []
[2025-11-02 07:50:30] SlimMonoLogger.INFO: Cron ran at: 02-11-2025 07:50:30 AM [] []
[2025-11-02 07:55:35] SlimMonoLogger.INFO: Cron ran at: 02-11-2025 07:55:35 AM [] []
[2025-11-02 08:00:36] SlimMonoLogger.INFO: Cron ran at: 02-11-2025 08:00:36 AM [] []
[2025-11-02 08:05:39] SlimMonoLogger.INFO: Cron ran at: 02-11-2025 08:05:39 AM [] []
[2025-11-02 08:10:42] SlimMonoLogger.INFO: Cron ran at: 02-11-2025 08:10:42 AM [] []
[2025-11-02 08:15:38] SlimMonoLogger.INFO: Cron ran at: 02-11-2025 08:15:38 AM [] []
[2025-11-02 08:20:36] SlimMonoLogger.INFO: Cron ran at: 02-11-2025 08:20:36 AM [] []
[2025-11-02 08:25:32] SlimMonoLogger.INFO: Cron ran at: 02-11-2025 08:25:32 AM [] []
[2025-11-02 08:30:37] SlimMonoLogger.INFO: Cron ran at: 02-11-2025 08:30:37 AM [] []
[2025-11-02 08:35:39] SlimMonoLogger.INFO: Cron ran at: 02-11-2025 08:35:39 AM [] []
[2025-11-02 08:40:46] SlimMonoLogger.INFO: Cron ran at: 02-11-2025 08:40:46 AM [] []
[2025-11-02 08:50:42] SlimMonoLogger.INFO: Cron ran at: 02-11-2025 08:50:42 AM [] []
[2025-11-02 08:55:35] SlimMonoLogger.INFO: Cron ran at: 02-11-2025 08:55:35 AM [] []
[2025-11-02 09:00:44] SlimMonoLogger.INFO: Cron ran at: 02-11-2025 09:00:44 AM [] []
[2025-11-02 09:05:44] SlimMonoLogger.INFO: Cron ran at: 02-11-2025 09:05:44 AM [] []
[2025-11-02 09:10:40] SlimMonoLogger.INFO: Cron ran at: 02-11-2025 09:10:40 AM [] []
[2025-11-02 09:15:39] SlimMonoLogger.INFO: Cron ran at: 02-11-2025 09:15:39 AM [] []
[2025-11-02 09:20:38] SlimMonoLogger.INFO: Cron ran at: 02-11-2025 09:20:38 AM [] []
[2025-11-02 09:25:36] SlimMonoLogger.INFO: Cron ran at: 02-11-2025 09:25:36 AM [] []
[2025-11-02 09:30:34] SlimMonoLogger.INFO: Cron ran at: 02-11-2025 09:30:34 AM [] []
[2025-11-02 09:35:33] SlimMonoLogger.INFO: Cron ran at: 02-11-2025 09:35:33 AM [] []
[2025-11-02 09:45:39] SlimMonoLogger.INFO: Cron ran at: 02-11-2025 09:45:39 AM [] []
[2025-11-02 09:50:34] SlimMonoLogger.INFO: Cron ran at: 02-11-2025 09:50:34 AM [] []
[2025-11-02 09:55:39] SlimMonoLogger.INFO: Cron ran at: 02-11-2025 09:55:39 AM [] []
[2025-11-02 10:05:41] SlimMonoLogger.INFO: Cron ran at: 02-11-2025 10:05:41 AM [] []
[2025-11-02 10:10:40] SlimMonoLogger.INFO: Cron ran at: 02-11-2025 10:10:40 AM [] []
[2025-11-02 10:15:36] SlimMonoLogger.INFO: Cron ran at: 02-11-2025 10:15:36 AM [] []
[2025-11-02 10:20:42] SlimMonoLogger.INFO: Cron ran at: 02-11-2025 10:20:42 AM [] []
[2025-11-02 10:25:41] SlimMonoLogger.INFO: Cron ran at: 02-11-2025 10:25:41 AM [] []
[2025-11-02 10:30:36] SlimMonoLogger.INFO: Cron ran at: 02-11-2025 10:30:36 AM [] []
[2025-11-02 10:35:34] SlimMonoLogger.INFO: Cron ran at: 02-11-2025 10:35:34 AM [] []
[2025-11-02 10:40:38] SlimMonoLogger.INFO: Cron ran at: 02-11-2025 10:40:38 AM [] []
[2025-11-02 10:45:39] SlimMonoLogger.INFO: Cron ran at: 02-11-2025 10:45:39 AM [] []
[2025-11-02 10:50:38] SlimMonoLogger.INFO: Cron ran at: 02-11-2025 10:50:38 AM [] []
[2025-11-02 10:55:42] SlimMonoLogger.INFO: Cron ran at: 02-11-2025 10:55:42 AM [] []
[2025-11-02 11:00:40] SlimMonoLogger.INFO: Cron ran at: 02-11-2025 11:00:40 AM [] []
[2025-11-02 11:05:33] SlimMonoLogger.INFO: Cron ran at: 02-11-2025 11:05:33 AM [] []
[2025-11-02 11:10:36] SlimMonoLogger.INFO: Cron ran at: 02-11-2025 11:10:36 AM [] []
[2025-11-02 11:15:36] SlimMonoLogger.INFO: Cron ran at: 02-11-2025 11:15:36 AM [] []
[2025-11-02 11:20:40] SlimMonoLogger.INFO: Cron ran at: 02-11-2025 11:20:40 AM [] []
[2025-11-02 11:25:38] SlimMonoLogger.INFO: Cron ran at: 02-11-2025 11:25:38 AM [] []
[2025-11-02 11:30:38] SlimMonoLogger.INFO: Cron ran at: 02-11-2025 11:30:38 AM [] []
[2025-11-02 11:35:39] SlimMonoLogger.INFO: Cron ran at: 02-11-2025 11:35:39 AM [] []
[2025-11-02 11:40:46] SlimMonoLogger.INFO: Cron ran at: 02-11-2025 11:40:46 AM [] []
[2025-11-02 11:45:39] SlimMonoLogger.INFO: Cron ran at: 02-11-2025 11:45:39 AM [] []
[2025-11-02 11:50:42] SlimMonoLogger.INFO: Cron ran at: 02-11-2025 11:50:42 AM [] []
[2025-11-02 11:55:39] SlimMonoLogger.INFO: Cron ran at: 02-11-2025 11:55:39 AM [] []
[2025-11-02 12:00:44] SlimMonoLogger.INFO: Cron ran at: 02-11-2025 12:00:44 PM [] []
[2025-11-02 12:05:43] SlimMonoLogger.INFO: Cron ran at: 02-11-2025 12:05:43 PM [] []
[2025-11-02 12:10:36] SlimMonoLogger.INFO: Cron ran at: 02-11-2025 12:10:36 PM [] []
[2025-11-02 12:16:12] SlimMonoLogger.INFO: Cron ran at: 02-11-2025 12:16:12 PM [] []
[2025-11-02 12:20:33] SlimMonoLogger.INFO: Cron ran at: 02-11-2025 12:20:33 PM [] []
[2025-11-02 12:25:36] SlimMonoLogger.INFO: Cron ran at: 02-11-2025 12:25:36 PM [] []
[2025-11-02 12:30:37] SlimMonoLogger.INFO: Cron ran at: 02-11-2025 12:30:37 PM [] []
[2025-11-02 12:35:38] SlimMonoLogger.INFO: Cron ran at: 02-11-2025 12:35:38 PM [] []
[2025-11-02 12:40:51] SlimMonoLogger.INFO: Cron ran at: 02-11-2025 12:40:51 PM [] []
[2025-11-02 12:45:38] SlimMonoLogger.INFO: Cron ran at: 02-11-2025 12:45:38 PM [] []
[2025-11-02 12:50:41] SlimMonoLogger.INFO: Cron ran at: 02-11-2025 12:50:41 PM [] []
[2025-11-02 12:56:30] SlimMonoLogger.ERROR: Requests_Exception: cURL error 35: TLS connect error: error:00000000:lib(0):func(0):reason(0) in /home/latihtal/public_html/agregator1/src/vendor/rmccue/requests/library/Requests/Transport/cURL.php:422
Stack trace:
#0 /home/latihtal/public_html/agregator1/src/vendor/rmccue/requests/library/Requests/Transport/cURL.php(177): Requests_Transport_cURL->process_response()
#1 /home/latihtal/public_html/agregator1/src/vendor/rmccue/requests/library/Requests.php(379): Requests_Transport_cURL->request()
#2 /home/latihtal/public_html/agregator1/src/vendor/rmccue/requests/library/Requests/Session.php(205): Requests::request()
#3 /home/latihtal/public_html/agregator1/src/vendor/rmccue/requests/library/Requests/Session.php(132): Requests_Session->request()
#4 /home/latihtal/public_html/agregator1/src/drivers/Http/RssImporter.php(144): Requests_Session->get()
#5 /home/latihtal/public_html/agregator1/src/controllers/Dashboard/DashboardFeedsController.php(534): spark\drivers\Http\RssImporter->fetchPosts()
#6 /home/latihtal/public_html/agregator1/src/controllers/Site/SiteController.php(722): spark\controllers\Dashboard\DashboardFeedsController::importFeedPosts()
#7 [internal function]: spark\controllers\Site\SiteController->runTasks()
#8 /home/latihtal/public_html/agregator1/src/framework/Route.php(173): call_user_func_array()
#9 [internal function]: Slim\Route->Slim\{closure}()
#10 /home/latihtal/public_html/agregator1/src/framework/Route.php(468): call_user_func_array()
#11 /home/latihtal/public_html/agregator1/src/framework/Slim.php(1364): Slim\Route->dispatch()
#12 /home/latihtal/public_html/agregator1/src/framework/Middleware/Flash.php(85): Slim\Slim->call()
#13 /home/latihtal/public_html/agregator1/src/framework/Middleware/MethodOverride.php(92): Slim\Middleware\Flash->call()
#14 /home/latihtal/public_html/agregator1/src/middlewares/CsrfGuard/CsrfGuard.php(47): Slim\Middleware\MethodOverride->call()
#15 /home/latihtal/public_html/agregator1/src/framework/Middleware/PrettyExceptions.php(67): spark\middlewares\CsrfGuard\CsrfGuard->call()
#16 /home/latihtal/public_html/agregator1/src/framework/Slim.php(1308): Slim\Middleware\PrettyExceptions->call()
#17 /home/latihtal/public_html/agregator1/index.php(6): Slim\Slim->run()
#18 {main} [] []
[2025-11-02 12:56:39] SlimMonoLogger.INFO: Cron ran at: 02-11-2025 12:56:39 PM [] []
[2025-11-02 13:00:40] SlimMonoLogger.INFO: Cron ran at: 02-11-2025 01:00:40 PM [] []
[2025-11-02 13:05:34] SlimMonoLogger.INFO: Cron ran at: 02-11-2025 01:05:34 PM [] []
[2025-11-02 13:10:30] SlimMonoLogger.INFO: Cron ran at: 02-11-2025 01:10:30 PM [] []
[2025-11-02 13:15:36] SlimMonoLogger.INFO: Cron ran at: 02-11-2025 01:15:36 PM [] []
[2025-11-02 13:20:39] SlimMonoLogger.INFO: Cron ran at: 02-11-2025 01:20:39 PM [] []
[2025-11-02 13:25:38] SlimMonoLogger.INFO: Cron ran at: 02-11-2025 01:25:38 PM [] []
[2025-11-02 13:30:42] SlimMonoLogger.INFO: Cron ran at: 02-11-2025 01:30:42 PM [] []
[2025-11-02 13:35:39] SlimMonoLogger.INFO: Cron ran at: 02-11-2025 01:35:39 PM [] []
[2025-11-02 13:40:41] SlimMonoLogger.INFO: Cron ran at: 02-11-2025 01:40:41 PM [] []
[2025-11-02 13:45:47] SlimMonoLogger.INFO: Cron ran at: 02-11-2025 01:45:47 PM [] []
[2025-11-02 13:50:37] SlimMonoLogger.INFO: Cron ran at: 02-11-2025 01:50:37 PM [] []
[2025-11-02 13:55:49] SlimMonoLogger.INFO: Cron ran at: 02-11-2025 01:55:49 PM [] []
[2025-11-02 14:00:39] SlimMonoLogger.INFO: Cron ran at: 02-11-2025 02:00:39 PM [] []
[2025-11-02 14:05:39] SlimMonoLogger.INFO: Cron ran at: 02-11-2025 02:05:39 PM [] []
[2025-11-02 14:10:33] SlimMonoLogger.INFO: Cron ran at: 02-11-2025 02:10:33 PM [] []
[2025-11-02 14:15:40] SlimMonoLogger.INFO: Cron ran at: 02-11-2025 02:15:40 PM [] []
[2025-11-02 14:20:39] SlimMonoLogger.INFO: Cron ran at: 02-11-2025 02:20:39 PM [] []
[2025-11-02 14:25:42] SlimMonoLogger.INFO: Cron ran at: 02-11-2025 02:25:42 PM [] []
[2025-11-02 14:30:43] SlimMonoLogger.INFO: Cron ran at: 02-11-2025 02:30:43 PM [] []
[2025-11-02 14:35:37] SlimMonoLogger.INFO: Cron ran at: 02-11-2025 02:35:37 PM [] []
[2025-11-02 14:40:35] SlimMonoLogger.INFO: Cron ran at: 02-11-2025 02:40:35 PM [] []
[2025-11-02 14:45:32] SlimMonoLogger.INFO: Cron ran at: 02-11-2025 02:45:32 PM [] []
[2025-11-02 14:50:35] SlimMonoLogger.INFO: Cron ran at: 02-11-2025 02:50:35 PM [] []
[2025-11-02 14:55:35] SlimMonoLogger.INFO: Cron ran at: 02-11-2025 02:55:35 PM [] []
[2025-11-02 15:00:41] SlimMonoLogger.INFO: Cron ran at: 02-11-2025 03:00:41 PM [] []
[2025-11-02 15:05:38] SlimMonoLogger.INFO: Cron ran at: 02-11-2025 03:05:38 PM [] []
[2025-11-02 15:10:44] SlimMonoLogger.INFO: Cron ran at: 02-11-2025 03:10:44 PM [] []
[2025-11-02 15:15:36] SlimMonoLogger.INFO: Cron ran at: 02-11-2025 03:15:36 PM [] []
[2025-11-02 15:20:42] SlimMonoLogger.INFO: Cron ran at: 02-11-2025 03:20:42 PM [] []
[2025-11-02 15:25:30] SlimMonoLogger.INFO: Cron ran at: 02-11-2025 03:25:30 PM [] []
[2025-11-02 15:30:33] SlimMonoLogger.INFO: Cron ran at: 02-11-2025 03:30:33 PM [] []
[2025-11-02 15:35:34] SlimMonoLogger.INFO: Cron ran at: 02-11-2025 03:35:34 PM [] []
[2025-11-02 15:40:32] SlimMonoLogger.INFO: Cron ran at: 02-11-2025 03:40:32 PM [] []
[2025-11-02 15:45:34] SlimMonoLogger.INFO: Cron ran at: 02-11-2025 03:45:34 PM [] []
[2025-11-02 15:50:37] SlimMonoLogger.INFO: Cron ran at: 02-11-2025 03:50:37 PM [] []
[2025-11-02 15:55:42] SlimMonoLogger.INFO: Cron ran at: 02-11-2025 03:55:42 PM [] []
[2025-11-02 16:00:38] SlimMonoLogger.INFO: Cron ran at: 02-11-2025 04:00:38 PM [] []
[2025-11-02 16:05:39] SlimMonoLogger.INFO: Cron ran at: 02-11-2025 04:05:39 PM [] []
[2025-11-02 16:10:31] SlimMonoLogger.INFO: Cron ran at: 02-11-2025 04:10:31 PM [] []
[2025-11-02 16:15:36] SlimMonoLogger.INFO: Cron ran at: 02-11-2025 04:15:36 PM [] []
[2025-11-02 16:20:33] SlimMonoLogger.INFO: Cron ran at: 02-11-2025 04:20:33 PM [] []
[2025-11-02 16:25:36] SlimMonoLogger.INFO: Cron ran at: 02-11-2025 04:25:36 PM [] []
[2025-11-02 16:30:38] SlimMonoLogger.INFO: Cron ran at: 02-11-2025 04:30:38 PM [] []
[2025-11-02 16:35:34] SlimMonoLogger.INFO: Cron ran at: 02-11-2025 04:35:34 PM [] []
[2025-11-02 16:40:35] SlimMonoLogger.INFO: Cron ran at: 02-11-2025 04:40:35 PM [] []
[2025-11-02 16:45:35] SlimMonoLogger.INFO: Cron ran at: 02-11-2025 04:45:35 PM [] []
[2025-11-02 16:50:39] SlimMonoLogger.INFO: Cron ran at: 02-11-2025 04:50:39 PM [] []
[2025-11-02 16:55:30] SlimMonoLogger.INFO: Cron ran at: 02-11-2025 04:55:30 PM [] []
[2025-11-02 17:00:40] SlimMonoLogger.INFO: Cron ran at: 02-11-2025 05:00:40 PM [] []
[2025-11-02 17:05:35] SlimMonoLogger.INFO: Cron ran at: 02-11-2025 05:05:35 PM [] []
[2025-11-02 17:10:33] SlimMonoLogger.INFO: Cron ran at: 02-11-2025 05:10:33 PM [] []
[2025-11-02 17:15:37] SlimMonoLogger.INFO: Cron ran at: 02-11-2025 05:15:37 PM [] []
[2025-11-02 17:20:35] SlimMonoLogger.INFO: Cron ran at: 02-11-2025 05:20:35 PM [] []
[2025-11-02 17:25:38] SlimMonoLogger.INFO: Cron ran at: 02-11-2025 05:25:38 PM [] []
[2025-11-02 17:30:41] SlimMonoLogger.INFO: Cron ran at: 02-11-2025 05:30:41 PM [] []
[2025-11-02 17:35:44] SlimMonoLogger.INFO: Cron ran at: 02-11-2025 05:35:44 PM [] []
[2025-11-02 17:40:37] SlimMonoLogger.INFO: Cron ran at: 02-11-2025 05:40:37 PM [] []
[2025-11-02 17:45:38] SlimMonoLogger.INFO: Cron ran at: 02-11-2025 05:45:38 PM [] []
[2025-11-02 17:50:41] SlimMonoLogger.INFO: Cron ran at: 02-11-2025 05:50:41 PM [] []
[2025-11-02 17:55:43] SlimMonoLogger.INFO: Cron ran at: 02-11-2025 05:55:43 PM [] []
[2025-11-02 18:00:47] SlimMonoLogger.INFO: Cron ran at: 02-11-2025 06:00:47 PM [] []
[2025-11-02 18:05:45] SlimMonoLogger.INFO: Cron ran at: 02-11-2025 06:05:45 PM [] []
[2025-11-02 18:10:37] SlimMonoLogger.INFO: Cron ran at: 02-11-2025 06:10:37 PM [] []
[2025-11-02 18:15:44] SlimMonoLogger.INFO: Cron ran at: 02-11-2025 06:15:44 PM [] []
[2025-11-02 18:20:41] SlimMonoLogger.INFO: Cron ran at: 02-11-2025 06:20:41 PM [] []
[2025-11-02 18:25:36] SlimMonoLogger.INFO: Cron ran at: 02-11-2025 06:25:36 PM [] []
[2025-11-02 18:30:38] SlimMonoLogger.INFO: Cron ran at: 02-11-2025 06:30:38 PM [] []
[2025-11-02 18:35:41] SlimMonoLogger.INFO: Cron ran at: 02-11-2025 06:35:41 PM [] []
[2025-11-02 18:40:39] SlimMonoLogger.INFO: Cron ran at: 02-11-2025 06:40:39 PM [] []
[2025-11-02 18:45:32] SlimMonoLogger.INFO: Cron ran at: 02-11-2025 06:45:32 PM [] []
[2025-11-02 18:50:33] SlimMonoLogger.INFO: Cron ran at: 02-11-2025 06:50:33 PM [] []
[2025-11-02 18:55:40] SlimMonoLogger.INFO: Cron ran at: 02-11-2025 06:55:40 PM [] []
[2025-11-02 19:00:35] SlimMonoLogger.INFO: Cron ran at: 02-11-2025 07:00:35 PM [] []
[2025-11-02 19:05:40] SlimMonoLogger.INFO: Cron ran at: 02-11-2025 07:05:40 PM [] []
[2025-11-02 19:10:37] SlimMonoLogger.INFO: Cron ran at: 02-11-2025 07:10:37 PM [] []
[2025-11-02 19:15:38] SlimMonoLogger.INFO: Cron ran at: 02-11-2025 07:15:38 PM [] []
[2025-11-02 19:20:50] SlimMonoLogger.INFO: Cron ran at: 02-11-2025 07:20:50 PM [] []
[2025-11-02 19:25:47] SlimMonoLogger.INFO: Cron ran at: 02-11-2025 07:25:47 PM [] []
[2025-11-02 19:30:50] SlimMonoLogger.INFO: Cron ran at: 02-11-2025 07:30:50 PM [] []
[2025-11-02 19:35:42] SlimMonoLogger.INFO: Cron ran at: 02-11-2025 07:35:42 PM [] []
[2025-11-02 19:40:50] SlimMonoLogger.INFO: Cron ran at: 02-11-2025 07:40:50 PM [] []
[2025-11-02 19:45:47] SlimMonoLogger.INFO: Cron ran at: 02-11-2025 07:45:47 PM [] []
[2025-11-02 19:50:49] SlimMonoLogger.INFO: Cron ran at: 02-11-2025 07:50:49 PM [] []
[2025-11-02 19:55:42] SlimMonoLogger.INFO: Cron ran at: 02-11-2025 07:55:42 PM [] []
[2025-11-02 20:00:53] SlimMonoLogger.INFO: Cron ran at: 02-11-2025 08:00:53 PM [] []
[2025-11-02 20:05:43] SlimMonoLogger.INFO: Cron ran at: 02-11-2025 08:05:43 PM [] []
[2025-11-02 20:10:53] SlimMonoLogger.INFO: Cron ran at: 02-11-2025 08:10:53 PM [] []
[2025-11-02 20:15:41] SlimMonoLogger.INFO: Cron ran at: 02-11-2025 08:15:41 PM [] []
[2025-11-02 20:20:49] SlimMonoLogger.INFO: Cron ran at: 02-11-2025 08:20:49 PM [] []
[2025-11-02 20:25:41] SlimMonoLogger.INFO: Cron ran at: 02-11-2025 08:25:41 PM [] []
[2025-11-02 20:30:43] SlimMonoLogger.INFO: Cron ran at: 02-11-2025 08:30:43 PM [] []
[2025-11-02 20:35:45] SlimMonoLogger.INFO: Cron ran at: 02-11-2025 08:35:45 PM [] []
[2025-11-02 20:40:53] SlimMonoLogger.INFO: Cron ran at: 02-11-2025 08:40:53 PM [] []
[2025-11-02 20:45:45] SlimMonoLogger.INFO: Cron ran at: 02-11-2025 08:45:45 PM [] []
[2025-11-02 20:50:46] SlimMonoLogger.INFO: Cron ran at: 02-11-2025 08:50:46 PM [] []
[2025-11-02 20:55:46] SlimMonoLogger.INFO: Cron ran at: 02-11-2025 08:55:46 PM [] []
[2025-11-02 21:01:09] SlimMonoLogger.INFO: Cron ran at: 02-11-2025 09:01:09 PM [] []
[2025-11-02 21:05:45] SlimMonoLogger.INFO: Cron ran at: 02-11-2025 09:05:45 PM [] []
[2025-11-02 21:10:44] SlimMonoLogger.INFO: Cron ran at: 02-11-2025 09:10:44 PM [] []
[2025-11-02 21:15:39] SlimMonoLogger.INFO: Cron ran at: 02-11-2025 09:15:39 PM [] []
[2025-11-02 21:20:41] SlimMonoLogger.INFO: Cron ran at: 02-11-2025 09:20:41 PM [] []
[2025-11-02 21:25:42] SlimMonoLogger.INFO: Cron ran at: 02-11-2025 09:25:42 PM [] []
[2025-11-02 21:30:48] SlimMonoLogger.INFO: Cron ran at: 02-11-2025 09:30:48 PM [] []
[2025-11-02 21:35:41] SlimMonoLogger.INFO: Cron ran at: 02-11-2025 09:35:41 PM [] []
[2025-11-02 21:40:42] SlimMonoLogger.INFO: Cron ran at: 02-11-2025 09:40:42 PM [] []
[2025-11-02 21:45:42] SlimMonoLogger.INFO: Cron ran at: 02-11-2025 09:45:42 PM [] []
[2025-11-02 21:50:43] SlimMonoLogger.INFO: Cron ran at: 02-11-2025 09:50:43 PM [] []
[2025-11-02 21:55:43] SlimMonoLogger.INFO: Cron ran at: 02-11-2025 09:55:43 PM [] []
[2025-11-02 22:00:43] SlimMonoLogger.INFO: Cron ran at: 02-11-2025 10:00:43 PM [] []
[2025-11-02 22:05:38] SlimMonoLogger.INFO: Cron ran at: 02-11-2025 10:05:38 PM [] []
[2025-11-02 22:10:35] SlimMonoLogger.INFO: Cron ran at: 02-11-2025 10:10:35 PM [] []
[2025-11-02 22:15:40] SlimMonoLogger.INFO: Cron ran at: 02-11-2025 10:15:40 PM [] []
[2025-11-02 22:20:38] SlimMonoLogger.INFO: Cron ran at: 02-11-2025 10:20:38 PM [] []
[2025-11-02 22:25:33] SlimMonoLogger.INFO: Cron ran at: 02-11-2025 10:25:33 PM [] []
[2025-11-02 22:30:36] SlimMonoLogger.INFO: Cron ran at: 02-11-2025 10:30:36 PM [] []
[2025-11-02 22:35:33] SlimMonoLogger.INFO: Cron ran at: 02-11-2025 10:35:33 PM [] []
[2025-11-02 22:40:39] SlimMonoLogger.INFO: Cron ran at: 02-11-2025 10:40:39 PM [] []
[2025-11-02 22:45:40] SlimMonoLogger.INFO: Cron ran at: 02-11-2025 10:45:40 PM [] []
[2025-11-02 22:50:35] SlimMonoLogger.INFO: Cron ran at: 02-11-2025 10:50:35 PM [] []
[2025-11-02 22:55:39] SlimMonoLogger.INFO: Cron ran at: 02-11-2025 10:55:39 PM [] []
[2025-11-02 23:00:52] SlimMonoLogger.INFO: Cron ran at: 02-11-2025 11:00:52 PM [] []
[2025-11-02 23:05:44] SlimMonoLogger.INFO: Cron ran at: 02-11-2025 11:05:44 PM [] []
[2025-11-02 23:10:38] SlimMonoLogger.INFO: Cron ran at: 02-11-2025 11:10:38 PM [] []
[2025-11-02 23:15:40] SlimMonoLogger.INFO: Cron ran at: 02-11-2025 11:15:40 PM [] []
[2025-11-02 23:20:35] SlimMonoLogger.INFO: Cron ran at: 02-11-2025 11:20:35 PM [] []
[2025-11-02 23:25:38] SlimMonoLogger.INFO: Cron ran at: 02-11-2025 11:25:38 PM [] []
[2025-11-02 23:30:46] SlimMonoLogger.INFO: Cron ran at: 02-11-2025 11:30:46 PM [] []
[2025-11-02 23:35:32] SlimMonoLogger.INFO: Cron ran at: 02-11-2025 11:35:32 PM [] []
[2025-11-02 23:40:32] SlimMonoLogger.INFO: Cron ran at: 02-11-2025 11:40:32 PM [] []
[2025-11-02 23:45:36] SlimMonoLogger.INFO: Cron ran at: 02-11-2025 11:45:36 PM [] []
[2025-11-02 23:50:34] SlimMonoLogger.INFO: Cron ran at: 02-11-2025 11:50:34 PM [] []
[2025-11-02 23:55:31] SlimMonoLogger.INFO: Cron ran at: 02-11-2025 11:55:31 PM [] []
[2025-11-03 00:00:46] SlimMonoLogger.INFO: Cron ran at: 03-11-2025 12:00:46 AM [] []
[2025-11-03 00:05:38] SlimMonoLogger.INFO: Cron ran at: 03-11-2025 12:05:38 AM [] []
[2025-11-03 00:10:37] SlimMonoLogger.INFO: Cron ran at: 03-11-2025 12:10:37 AM [] []
[2025-11-03 00:15:39] SlimMonoLogger.INFO: Cron ran at: 03-11-2025 12:15:39 AM [] []
[2025-11-03 00:20:43] SlimMonoLogger.INFO: Cron ran at: 03-11-2025 12:20:43 AM [] []
[2025-11-03 00:25:38] SlimMonoLogger.INFO: Cron ran at: 03-11-2025 12:25:38 AM [] []
[2025-11-03 00:30:38] SlimMonoLogger.INFO: Cron ran at: 03-11-2025 12:30:38 AM [] []
[2025-11-03 00:35:35] SlimMonoLogger.INFO: Cron ran at: 03-11-2025 12:35:35 AM [] []
[2025-11-03 00:40:32] SlimMonoLogger.INFO: Cron ran at: 03-11-2025 12:40:32 AM [] []
[2025-11-03 00:45:36] SlimMonoLogger.INFO: Cron ran at: 03-11-2025 12:45:36 AM [] []
[2025-11-03 00:50:33] SlimMonoLogger.INFO: Cron ran at: 03-11-2025 12:50:33 AM [] []
[2025-11-03 00:55:33] SlimMonoLogger.INFO: Cron ran at: 03-11-2025 12:55:33 AM [] []
