[2025-09-03 02:00:34] SlimMonoLogger.INFO: Cron ran at: 03-09-2025 02:00:34 AM [] []
[2025-09-03 02:05:30] SlimMonoLogger.INFO: Cron ran at: 03-09-2025 02:05:30 AM [] []
[2025-09-03 02:10:27] SlimMonoLogger.INFO: Cron ran at: 03-09-2025 02:10:27 AM [] []
[2025-09-03 02:15:26] SlimMonoLogger.INFO: Cron ran at: 03-09-2025 02:15:26 AM [] []
[2025-09-03 02:20:24] SlimMonoLogger.INFO: Cron ran at: 03-09-2025 02:20:24 AM [] []
[2025-09-03 02:25:27] SlimMonoLogger.INFO: Cron ran at: 03-09-2025 02:25:27 AM [] []
[2025-09-03 02:30:27] SlimMonoLogger.INFO: Cron ran at: 03-09-2025 02:30:27 AM [] []
[2025-09-03 02:35:28] SlimMonoLogger.INFO: Cron ran at: 03-09-2025 02:35:28 AM [] []
[2025-09-03 02:40:31] SlimMonoLogger.INFO: Cron ran at: 03-09-2025 02:40:31 AM [] []
[2025-09-03 02:45:27] SlimMonoLogger.INFO: Cron ran at: 03-09-2025 02:45:27 AM [] []
[2025-09-03 02:50:30] SlimMonoLogger.INFO: Cron ran at: 03-09-2025 02:50:30 AM [] []
[2025-09-03 02:55:25] SlimMonoLogger.INFO: Cron ran at: 03-09-2025 02:55:25 AM [] []
[2025-09-03 03:00:27] SlimMonoLogger.INFO: Cron ran at: 03-09-2025 03:00:27 AM [] []
[2025-09-03 03:05:24] SlimMonoLogger.INFO: Cron ran at: 03-09-2025 03:05:24 AM [] []
[2025-09-03 03:10:28] SlimMonoLogger.INFO: Cron ran at: 03-09-2025 03:10:28 AM [] []
[2025-09-03 03:15:25] SlimMonoLogger.INFO: Cron ran at: 03-09-2025 03:15:25 AM [] []
[2025-09-03 03:20:27] SlimMonoLogger.INFO: Cron ran at: 03-09-2025 03:20:27 AM [] []
[2025-09-03 03:25:25] SlimMonoLogger.INFO: Cron ran at: 03-09-2025 03:25:25 AM [] []
[2025-09-03 03:30:30] SlimMonoLogger.INFO: Cron ran at: 03-09-2025 03:30:30 AM [] []
[2025-09-03 03:35:28] SlimMonoLogger.INFO: Cron ran at: 03-09-2025 03:35:28 AM [] []
[2025-09-03 03:40:26] SlimMonoLogger.INFO: Cron ran at: 03-09-2025 03:40:26 AM [] []
[2025-09-03 03:45:26] SlimMonoLogger.INFO: Cron ran at: 03-09-2025 03:45:26 AM [] []
[2025-09-03 03:50:26] SlimMonoLogger.INFO: Cron ran at: 03-09-2025 03:50:26 AM [] []
[2025-09-03 03:55:26] SlimMonoLogger.INFO: Cron ran at: 03-09-2025 03:55:26 AM [] []
[2025-09-03 04:00:34] SlimMonoLogger.INFO: Cron ran at: 03-09-2025 04:00:34 AM [] []
[2025-09-03 04:05:36] SlimMonoLogger.INFO: Cron ran at: 03-09-2025 04:05:36 AM [] []
[2025-09-03 04:10:28] SlimMonoLogger.INFO: Cron ran at: 03-09-2025 04:10:28 AM [] []
[2025-09-03 04:15:27] SlimMonoLogger.INFO: Cron ran at: 03-09-2025 04:15:27 AM [] []
[2025-09-03 04:20:24] SlimMonoLogger.INFO: Cron ran at: 03-09-2025 04:20:24 AM [] []
[2025-09-03 04:25:29] SlimMonoLogger.INFO: Cron ran at: 03-09-2025 04:25:29 AM [] []
[2025-09-03 04:30:33] SlimMonoLogger.INFO: Cron ran at: 03-09-2025 04:30:33 AM [] []
[2025-09-03 04:35:28] SlimMonoLogger.INFO: Cron ran at: 03-09-2025 04:35:28 AM [] []
[2025-09-03 04:40:26] SlimMonoLogger.INFO: Cron ran at: 03-09-2025 04:40:26 AM [] []
[2025-09-03 04:45:31] SlimMonoLogger.INFO: Cron ran at: 03-09-2025 04:45:31 AM [] []
[2025-09-03 04:50:28] SlimMonoLogger.INFO: Cron ran at: 03-09-2025 04:50:28 AM [] []
[2025-09-03 04:55:26] SlimMonoLogger.INFO: Cron ran at: 03-09-2025 04:55:26 AM [] []
[2025-09-03 05:00:31] SlimMonoLogger.INFO: Cron ran at: 03-09-2025 05:00:31 AM [] []
[2025-09-03 05:05:34] SlimMonoLogger.INFO: Cron ran at: 03-09-2025 05:05:34 AM [] []
[2025-09-03 05:10:30] SlimMonoLogger.INFO: Cron ran at: 03-09-2025 05:10:30 AM [] []
[2025-09-03 05:15:34] SlimMonoLogger.INFO: Cron ran at: 03-09-2025 05:15:34 AM [] []
[2025-09-03 05:20:27] SlimMonoLogger.INFO: Cron ran at: 03-09-2025 05:20:27 AM [] []
[2025-09-03 05:25:26] SlimMonoLogger.INFO: Cron ran at: 03-09-2025 05:25:26 AM [] []
[2025-09-03 05:30:30] SlimMonoLogger.INFO: Cron ran at: 03-09-2025 05:30:30 AM [] []
[2025-09-03 05:35:27] SlimMonoLogger.INFO: Cron ran at: 03-09-2025 05:35:27 AM [] []
[2025-09-03 05:40:26] SlimMonoLogger.INFO: Cron ran at: 03-09-2025 05:40:26 AM [] []
[2025-09-03 05:45:28] SlimMonoLogger.INFO: Cron ran at: 03-09-2025 05:45:28 AM [] []
[2025-09-03 05:50:28] SlimMonoLogger.INFO: Cron ran at: 03-09-2025 05:50:28 AM [] []
[2025-09-03 05:55:32] SlimMonoLogger.INFO: Cron ran at: 03-09-2025 05:55:32 AM [] []
[2025-09-03 06:00:44] SlimMonoLogger.INFO: Cron ran at: 03-09-2025 06:00:44 AM [] []
[2025-09-03 06:05:30] SlimMonoLogger.INFO: Cron ran at: 03-09-2025 06:05:30 AM [] []
[2025-09-03 06:10:29] SlimMonoLogger.INFO: Cron ran at: 03-09-2025 06:10:29 AM [] []
[2025-09-03 06:15:26] SlimMonoLogger.INFO: Cron ran at: 03-09-2025 06:15:26 AM [] []
[2025-09-03 06:20:30] SlimMonoLogger.INFO: Cron ran at: 03-09-2025 06:20:30 AM [] []
[2025-09-03 06:25:30] SlimMonoLogger.INFO: Cron ran at: 03-09-2025 06:25:30 AM [] []
[2025-09-03 06:30:25] SlimMonoLogger.INFO: Cron ran at: 03-09-2025 06:30:25 AM [] []
[2025-09-03 06:35:29] SlimMonoLogger.INFO: Cron ran at: 03-09-2025 06:35:29 AM [] []
[2025-09-03 06:40:25] SlimMonoLogger.INFO: Cron ran at: 03-09-2025 06:40:25 AM [] []
[2025-09-03 06:45:26] SlimMonoLogger.INFO: Cron ran at: 03-09-2025 06:45:26 AM [] []
[2025-09-03 06:50:25] SlimMonoLogger.INFO: Cron ran at: 03-09-2025 06:50:25 AM [] []
[2025-09-03 06:55:30] SlimMonoLogger.INFO: Cron ran at: 03-09-2025 06:55:30 AM [] []
[2025-09-03 07:00:30] SlimMonoLogger.INFO: Cron ran at: 03-09-2025 07:00:30 AM [] []
[2025-09-03 07:05:37] SlimMonoLogger.INFO: Cron ran at: 03-09-2025 07:05:37 AM [] []
[2025-09-03 07:10:30] SlimMonoLogger.INFO: Cron ran at: 03-09-2025 07:10:30 AM [] []
[2025-09-03 07:15:31] SlimMonoLogger.INFO: Cron ran at: 03-09-2025 07:15:31 AM [] []
[2025-09-03 07:20:26] SlimMonoLogger.INFO: Cron ran at: 03-09-2025 07:20:26 AM [] []
[2025-09-03 07:25:28] SlimMonoLogger.INFO: Cron ran at: 03-09-2025 07:25:28 AM [] []
[2025-09-03 07:30:36] SlimMonoLogger.INFO: Cron ran at: 03-09-2025 07:30:36 AM [] []
[2025-09-03 07:35:26] SlimMonoLogger.INFO: Cron ran at: 03-09-2025 07:35:26 AM [] []
[2025-09-03 07:40:33] SlimMonoLogger.INFO: Cron ran at: 03-09-2025 07:40:33 AM [] []
[2025-09-03 07:45:31] SlimMonoLogger.INFO: Cron ran at: 03-09-2025 07:45:31 AM [] []
[2025-09-03 07:50:27] SlimMonoLogger.INFO: Cron ran at: 03-09-2025 07:50:27 AM [] []
[2025-09-03 07:55:27] SlimMonoLogger.INFO: Cron ran at: 03-09-2025 07:55:27 AM [] []
[2025-09-03 08:00:33] SlimMonoLogger.INFO: Cron ran at: 03-09-2025 08:00:33 AM [] []
[2025-09-03 08:05:34] SlimMonoLogger.INFO: Cron ran at: 03-09-2025 08:05:34 AM [] []
[2025-09-03 08:10:32] SlimMonoLogger.INFO: Cron ran at: 03-09-2025 08:10:32 AM [] []
[2025-09-03 08:15:34] SlimMonoLogger.INFO: Cron ran at: 03-09-2025 08:15:34 AM [] []
[2025-09-03 08:20:37] SlimMonoLogger.INFO: Cron ran at: 03-09-2025 08:20:37 AM [] []
[2025-09-03 08:25:42] SlimMonoLogger.INFO: Cron ran at: 03-09-2025 08:25:42 AM [] []
[2025-09-03 08:30:35] SlimMonoLogger.INFO: Cron ran at: 03-09-2025 08:30:35 AM [] []
[2025-09-03 08:35:34] SlimMonoLogger.INFO: Cron ran at: 03-09-2025 08:35:34 AM [] []
[2025-09-03 08:40:39] SlimMonoLogger.INFO: Cron ran at: 03-09-2025 08:40:39 AM [] []
[2025-09-03 08:45:32] SlimMonoLogger.INFO: Cron ran at: 03-09-2025 08:45:32 AM [] []
[2025-09-03 08:50:31] SlimMonoLogger.INFO: Cron ran at: 03-09-2025 08:50:31 AM [] []
[2025-09-03 08:55:44] SlimMonoLogger.INFO: Cron ran at: 03-09-2025 08:55:44 AM [] []
[2025-09-03 09:00:47] SlimMonoLogger.INFO: Cron ran at: 03-09-2025 09:00:47 AM [] []
[2025-09-03 09:05:46] SlimMonoLogger.INFO: Cron ran at: 03-09-2025 09:05:46 AM [] []
[2025-09-03 09:10:41] SlimMonoLogger.INFO: Cron ran at: 03-09-2025 09:10:41 AM [] []
[2025-09-03 09:15:39] SlimMonoLogger.INFO: Cron ran at: 03-09-2025 09:15:39 AM [] []
[2025-09-03 09:20:37] SlimMonoLogger.INFO: Cron ran at: 03-09-2025 09:20:37 AM [] []
[2025-09-03 09:25:44] SlimMonoLogger.INFO: Cron ran at: 03-09-2025 09:25:44 AM [] []
[2025-09-03 09:30:33] SlimMonoLogger.INFO: Cron ran at: 03-09-2025 09:30:33 AM [] []
[2025-09-03 09:35:34] SlimMonoLogger.INFO: Cron ran at: 03-09-2025 09:35:34 AM [] []
[2025-09-03 09:40:47] SlimMonoLogger.INFO: Cron ran at: 03-09-2025 09:40:47 AM [] []
[2025-09-03 09:45:33] SlimMonoLogger.INFO: Cron ran at: 03-09-2025 09:45:33 AM [] []
[2025-09-03 09:50:35] SlimMonoLogger.INFO: Cron ran at: 03-09-2025 09:50:35 AM [] []
[2025-09-03 09:55:31] SlimMonoLogger.INFO: Cron ran at: 03-09-2025 09:55:31 AM [] []
[2025-09-03 10:00:43] SlimMonoLogger.INFO: Cron ran at: 03-09-2025 10:00:43 AM [] []
[2025-09-03 10:10:40] SlimMonoLogger.INFO: Cron ran at: 03-09-2025 10:10:40 AM [] []
[2025-09-03 10:15:38] SlimMonoLogger.INFO: Cron ran at: 03-09-2025 10:15:38 AM [] []
[2025-09-03 10:20:36] SlimMonoLogger.INFO: Cron ran at: 03-09-2025 10:20:36 AM [] []
[2025-09-03 10:25:34] SlimMonoLogger.INFO: Cron ran at: 03-09-2025 10:25:34 AM [] []
[2025-09-03 10:30:42] SlimMonoLogger.INFO: Cron ran at: 03-09-2025 10:30:42 AM [] []
[2025-09-03 10:35:43] SlimMonoLogger.INFO: Cron ran at: 03-09-2025 10:35:43 AM [] []
[2025-09-03 10:40:44] SlimMonoLogger.INFO: Cron ran at: 03-09-2025 10:40:44 AM [] []
[2025-09-03 10:45:44] SlimMonoLogger.INFO: Cron ran at: 03-09-2025 10:45:44 AM [] []
[2025-09-03 10:50:50] SlimMonoLogger.INFO: Cron ran at: 03-09-2025 10:50:50 AM [] []
[2025-09-03 10:55:42] SlimMonoLogger.INFO: Cron ran at: 03-09-2025 10:55:42 AM [] []
[2025-09-03 11:00:40] SlimMonoLogger.INFO: Cron ran at: 03-09-2025 11:00:40 AM [] []
[2025-09-03 11:05:43] SlimMonoLogger.INFO: Cron ran at: 03-09-2025 11:05:43 AM [] []
[2025-09-03 11:10:45] SlimMonoLogger.INFO: Cron ran at: 03-09-2025 11:10:45 AM [] []
[2025-09-03 11:15:50] SlimMonoLogger.INFO: Cron ran at: 03-09-2025 11:15:50 AM [] []
[2025-09-03 11:22:40] SlimMonoLogger.ERROR: Requests_Exception: cURL error 28: Failed to connect to lider.mk port 443 after 131014 ms: Could not connect to server in /home/latihtal/public_html/agregator1/src/vendor/rmccue/requests/library/Requests/Transport/cURL.php:422
Stack trace:
#0 /home/latihtal/public_html/agregator1/src/vendor/rmccue/requests/library/Requests/Transport/cURL.php(177): Requests_Transport_cURL->process_response()
#1 /home/latihtal/public_html/agregator1/src/vendor/rmccue/requests/library/Requests.php(379): Requests_Transport_cURL->request()
#2 /home/latihtal/public_html/agregator1/src/vendor/rmccue/requests/library/Requests/Session.php(205): Requests::request()
#3 /home/latihtal/public_html/agregator1/src/vendor/rmccue/requests/library/Requests/Session.php(132): Requests_Session->request()
#4 /home/latihtal/public_html/agregator1/src/drivers/Http/RssImporter.php(144): Requests_Session->get()
#5 /home/latihtal/public_html/agregator1/src/controllers/Dashboard/DashboardFeedsController.php(534): spark\drivers\Http\RssImporter->fetchPosts()
#6 /home/latihtal/public_html/agregator1/src/controllers/Site/SiteController.php(722): spark\controllers\Dashboard\DashboardFeedsController::importFeedPosts()
#7 [internal function]: spark\controllers\Site\SiteController->runTasks()
#8 /home/latihtal/public_html/agregator1/src/framework/Route.php(173): call_user_func_array()
#9 [internal function]: Slim\Route->Slim\{closure}()
#10 /home/latihtal/public_html/agregator1/src/framework/Route.php(468): call_user_func_array()
#11 /home/latihtal/public_html/agregator1/src/framework/Slim.php(1364): Slim\Route->dispatch()
#12 /home/latihtal/public_html/agregator1/src/framework/Middleware/Flash.php(85): Slim\Slim->call()
#13 /home/latihtal/public_html/agregator1/src/framework/Middleware/MethodOverride.php(92): Slim\Middleware\Flash->call()
#14 /home/latihtal/public_html/agregator1/src/middlewares/CsrfGuard/CsrfGuard.php(47): Slim\Middleware\MethodOverride->call()
#15 /home/latihtal/public_html/agregator1/src/framework/Middleware/PrettyExceptions.php(67): spark\middlewares\CsrfGuard\CsrfGuard->call()
#16 /home/latihtal/public_html/agregator1/src/framework/Slim.php(1308): Slim\Middleware\PrettyExceptions->call()
#17 /home/latihtal/public_html/agregator1/index.php(6): Slim\Slim->run()
#18 {main} [] []
[2025-09-03 11:22:49] SlimMonoLogger.INFO: Cron ran at: 03-09-2025 11:22:49 AM [] []
[2025-09-03 11:27:39] SlimMonoLogger.ERROR: Requests_Exception: cURL error 28: Failed to connect to lider.mk port 443 after 131590 ms: Could not connect to server in /home/latihtal/public_html/agregator1/src/vendor/rmccue/requests/library/Requests/Transport/cURL.php:422
Stack trace:
#0 /home/latihtal/public_html/agregator1/src/vendor/rmccue/requests/library/Requests/Transport/cURL.php(177): Requests_Transport_cURL->process_response()
#1 /home/latihtal/public_html/agregator1/src/vendor/rmccue/requests/library/Requests.php(379): Requests_Transport_cURL->request()
#2 /home/latihtal/public_html/agregator1/src/vendor/rmccue/requests/library/Requests/Session.php(205): Requests::request()
#3 /home/latihtal/public_html/agregator1/src/vendor/rmccue/requests/library/Requests/Session.php(132): Requests_Session->request()
#4 /home/latihtal/public_html/agregator1/src/drivers/Http/RssImporter.php(144): Requests_Session->get()
#5 /home/latihtal/public_html/agregator1/src/controllers/Dashboard/DashboardFeedsController.php(534): spark\drivers\Http\RssImporter->fetchPosts()
#6 /home/latihtal/public_html/agregator1/src/controllers/Site/SiteController.php(722): spark\controllers\Dashboard\DashboardFeedsController::importFeedPosts()
#7 [internal function]: spark\controllers\Site\SiteController->runTasks()
#8 /home/latihtal/public_html/agregator1/src/framework/Route.php(173): call_user_func_array()
#9 [internal function]: Slim\Route->Slim\{closure}()
#10 /home/latihtal/public_html/agregator1/src/framework/Route.php(468): call_user_func_array()
#11 /home/latihtal/public_html/agregator1/src/framework/Slim.php(1364): Slim\Route->dispatch()
#12 /home/latihtal/public_html/agregator1/src/framework/Middleware/Flash.php(85): Slim\Slim->call()
#13 /home/latihtal/public_html/agregator1/src/framework/Middleware/MethodOverride.php(92): Slim\Middleware\Flash->call()
#14 /home/latihtal/public_html/agregator1/src/middlewares/CsrfGuard/CsrfGuard.php(47): Slim\Middleware\MethodOverride->call()
#15 /home/latihtal/public_html/agregator1/src/framework/Middleware/PrettyExceptions.php(67): spark\middlewares\CsrfGuard\CsrfGuard->call()
#16 /home/latihtal/public_html/agregator1/src/framework/Slim.php(1308): Slim\Middleware\PrettyExceptions->call()
#17 /home/latihtal/public_html/agregator1/index.php(6): Slim\Slim->run()
#18 {main} [] []
[2025-09-03 11:29:50] SlimMonoLogger.ERROR: Requests_Exception: cURL error 28: Failed to connect to lider.mk port 443 after 131061 ms: Could not connect to server in /home/latihtal/public_html/agregator1/src/vendor/rmccue/requests/library/Requests/Transport/cURL.php:422
Stack trace:
#0 /home/latihtal/public_html/agregator1/src/vendor/rmccue/requests/library/Requests/Transport/cURL.php(177): Requests_Transport_cURL->process_response()
#1 /home/latihtal/public_html/agregator1/src/vendor/rmccue/requests/library/Requests.php(379): Requests_Transport_cURL->request()
#2 /home/latihtal/public_html/agregator1/src/vendor/rmccue/requests/library/Requests/Session.php(205): Requests::request()
#3 /home/latihtal/public_html/agregator1/src/vendor/rmccue/requests/library/Requests/Session.php(132): Requests_Session->request()
#4 /home/latihtal/public_html/agregator1/src/drivers/Http/RssImporter.php(144): Requests_Session->get()
#5 /home/latihtal/public_html/agregator1/src/controllers/Dashboard/DashboardFeedsController.php(534): spark\drivers\Http\RssImporter->fetchPosts()
#6 /home/latihtal/public_html/agregator1/src/controllers/Site/SiteController.php(722): spark\controllers\Dashboard\DashboardFeedsController::importFeedPosts()
#7 [internal function]: spark\controllers\Site\SiteController->runTasks()
#8 /home/latihtal/public_html/agregator1/src/framework/Route.php(173): call_user_func_array()
#9 [internal function]: Slim\Route->Slim\{closure}()
#10 /home/latihtal/public_html/agregator1/src/framework/Route.php(468): call_user_func_array()
#11 /home/latihtal/public_html/agregator1/src/framework/Slim.php(1364): Slim\Route->dispatch()
#12 /home/latihtal/public_html/agregator1/src/framework/Middleware/Flash.php(85): Slim\Slim->call()
#13 /home/latihtal/public_html/agregator1/src/framework/Middleware/MethodOverride.php(92): Slim\Middleware\Flash->call()
#14 /home/latihtal/public_html/agregator1/src/middlewares/CsrfGuard/CsrfGuard.php(47): Slim\Middleware\MethodOverride->call()
#15 /home/latihtal/public_html/agregator1/src/framework/Middleware/PrettyExceptions.php(67): spark\middlewares\CsrfGuard\CsrfGuard->call()
#16 /home/latihtal/public_html/agregator1/src/framework/Slim.php(1308): Slim\Middleware\PrettyExceptions->call()
#17 /home/latihtal/public_html/agregator1/index.php(6): Slim\Slim->run()
#18 {main} [] []
[2025-09-03 11:29:57] SlimMonoLogger.INFO: Cron ran at: 03-09-2025 11:29:57 AM [] []
[2025-09-03 11:30:39] SlimMonoLogger.INFO: Cron ran at: 03-09-2025 11:30:39 AM [] []
[2025-09-03 11:35:48] SlimMonoLogger.INFO: Cron ran at: 03-09-2025 11:35:48 AM [] []
[2025-09-03 11:42:40] SlimMonoLogger.ERROR: Requests_Exception: cURL error 28: Failed to connect to lider.mk port 443 after 131803 ms: Could not connect to server in /home/latihtal/public_html/agregator1/src/vendor/rmccue/requests/library/Requests/Transport/cURL.php:422
Stack trace:
#0 /home/latihtal/public_html/agregator1/src/vendor/rmccue/requests/library/Requests/Transport/cURL.php(177): Requests_Transport_cURL->process_response()
#1 /home/latihtal/public_html/agregator1/src/vendor/rmccue/requests/library/Requests.php(379): Requests_Transport_cURL->request()
#2 /home/latihtal/public_html/agregator1/src/vendor/rmccue/requests/library/Requests/Session.php(205): Requests::request()
#3 /home/latihtal/public_html/agregator1/src/vendor/rmccue/requests/library/Requests/Session.php(132): Requests_Session->request()
#4 /home/latihtal/public_html/agregator1/src/drivers/Http/RssImporter.php(144): Requests_Session->get()
#5 /home/latihtal/public_html/agregator1/src/controllers/Dashboard/DashboardFeedsController.php(534): spark\drivers\Http\RssImporter->fetchPosts()
#6 /home/latihtal/public_html/agregator1/src/controllers/Site/SiteController.php(722): spark\controllers\Dashboard\DashboardFeedsController::importFeedPosts()
#7 [internal function]: spark\controllers\Site\SiteController->runTasks()
#8 /home/latihtal/public_html/agregator1/src/framework/Route.php(173): call_user_func_array()
#9 [internal function]: Slim\Route->Slim\{closure}()
#10 /home/latihtal/public_html/agregator1/src/framework/Route.php(468): call_user_func_array()
#11 /home/latihtal/public_html/agregator1/src/framework/Slim.php(1364): Slim\Route->dispatch()
#12 /home/latihtal/public_html/agregator1/src/framework/Middleware/Flash.php(85): Slim\Slim->call()
#13 /home/latihtal/public_html/agregator1/src/framework/Middleware/MethodOverride.php(92): Slim\Middleware\Flash->call()
#14 /home/latihtal/public_html/agregator1/src/middlewares/CsrfGuard/CsrfGuard.php(47): Slim\Middleware\MethodOverride->call()
#15 /home/latihtal/public_html/agregator1/src/framework/Middleware/PrettyExceptions.php(67): spark\middlewares\CsrfGuard\CsrfGuard->call()
#16 /home/latihtal/public_html/agregator1/src/framework/Slim.php(1308): Slim\Middleware\PrettyExceptions->call()
#17 /home/latihtal/public_html/agregator1/index.php(6): Slim\Slim->run()
#18 {main} [] []
[2025-09-03 11:42:51] SlimMonoLogger.INFO: Cron ran at: 03-09-2025 11:42:51 AM [] []
[2025-09-03 11:45:44] SlimMonoLogger.INFO: Cron ran at: 03-09-2025 11:45:44 AM [] []
[2025-09-03 11:50:37] SlimMonoLogger.INFO: Cron ran at: 03-09-2025 11:50:37 AM [] []
[2025-09-03 11:55:41] SlimMonoLogger.INFO: Cron ran at: 03-09-2025 11:55:41 AM [] []
[2025-09-03 12:00:48] SlimMonoLogger.INFO: Cron ran at: 03-09-2025 12:00:48 PM [] []
[2025-09-03 12:05:34] SlimMonoLogger.INFO: Cron ran at: 03-09-2025 12:05:34 PM [] []
[2025-09-03 12:10:36] SlimMonoLogger.INFO: Cron ran at: 03-09-2025 12:10:36 PM [] []
[2025-09-03 12:15:44] SlimMonoLogger.INFO: Cron ran at: 03-09-2025 12:15:44 PM [] []
[2025-09-03 12:20:46] SlimMonoLogger.INFO: Cron ran at: 03-09-2025 12:20:46 PM [] []
[2025-09-03 12:25:42] SlimMonoLogger.INFO: Cron ran at: 03-09-2025 12:25:42 PM [] []
[2025-09-03 12:30:39] SlimMonoLogger.INFO: Cron ran at: 03-09-2025 12:30:39 PM [] []
[2025-09-03 12:35:42] SlimMonoLogger.INFO: Cron ran at: 03-09-2025 12:35:42 PM [] []
[2025-09-03 12:40:47] SlimMonoLogger.INFO: Cron ran at: 03-09-2025 12:40:47 PM [] []
[2025-09-03 12:45:39] SlimMonoLogger.INFO: Cron ran at: 03-09-2025 12:45:39 PM [] []
[2025-09-03 12:50:44] SlimMonoLogger.INFO: Cron ran at: 03-09-2025 12:50:44 PM [] []
[2025-09-03 12:55:48] SlimMonoLogger.INFO: Cron ran at: 03-09-2025 12:55:48 PM [] []
[2025-09-03 13:00:43] SlimMonoLogger.INFO: Cron ran at: 03-09-2025 01:00:43 PM [] []
[2025-09-03 13:05:39] SlimMonoLogger.INFO: Cron ran at: 03-09-2025 01:05:39 PM [] []
[2025-09-03 13:10:32] SlimMonoLogger.INFO: Cron ran at: 03-09-2025 01:10:32 PM [] []
[2025-09-03 13:15:45] SlimMonoLogger.INFO: Cron ran at: 03-09-2025 01:15:45 PM [] []
[2025-09-03 13:20:51] SlimMonoLogger.INFO: Cron ran at: 03-09-2025 01:20:51 PM [] []
[2025-09-03 13:25:41] SlimMonoLogger.INFO: Cron ran at: 03-09-2025 01:25:41 PM [] []
[2025-09-03 13:30:36] SlimMonoLogger.INFO: Cron ran at: 03-09-2025 01:30:36 PM [] []
[2025-09-03 13:35:34] SlimMonoLogger.INFO: Cron ran at: 03-09-2025 01:35:34 PM [] []
[2025-09-03 13:40:29] SlimMonoLogger.INFO: Cron ran at: 03-09-2025 01:40:29 PM [] []
[2025-09-03 13:45:33] SlimMonoLogger.INFO: Cron ran at: 03-09-2025 01:45:33 PM [] []
[2025-09-03 13:50:28] SlimMonoLogger.INFO: Cron ran at: 03-09-2025 01:50:28 PM [] []
[2025-09-03 13:55:31] SlimMonoLogger.INFO: Cron ran at: 03-09-2025 01:55:31 PM [] []
[2025-09-03 14:00:38] SlimMonoLogger.INFO: Cron ran at: 03-09-2025 02:00:38 PM [] []
[2025-09-03 14:05:30] SlimMonoLogger.INFO: Cron ran at: 03-09-2025 02:05:30 PM [] []
[2025-09-03 14:10:35] SlimMonoLogger.INFO: Cron ran at: 03-09-2025 02:10:35 PM [] []
[2025-09-03 14:15:38] SlimMonoLogger.INFO: Cron ran at: 03-09-2025 02:15:38 PM [] []
[2025-09-03 14:20:34] SlimMonoLogger.INFO: Cron ran at: 03-09-2025 02:20:34 PM [] []
[2025-09-03 14:25:39] SlimMonoLogger.INFO: Cron ran at: 03-09-2025 02:25:39 PM [] []
[2025-09-03 14:30:42] SlimMonoLogger.INFO: Cron ran at: 03-09-2025 02:30:42 PM [] []
[2025-09-03 14:35:36] SlimMonoLogger.INFO: Cron ran at: 03-09-2025 02:35:36 PM [] []
[2025-09-03 14:40:31] SlimMonoLogger.INFO: Cron ran at: 03-09-2025 02:40:31 PM [] []
[2025-09-03 14:45:40] SlimMonoLogger.INFO: Cron ran at: 03-09-2025 02:45:40 PM [] []
[2025-09-03 14:50:33] SlimMonoLogger.INFO: Cron ran at: 03-09-2025 02:50:33 PM [] []
[2025-09-03 14:55:34] SlimMonoLogger.INFO: Cron ran at: 03-09-2025 02:55:34 PM [] []
[2025-09-03 15:00:38] SlimMonoLogger.INFO: Cron ran at: 03-09-2025 03:00:38 PM [] []
[2025-09-03 15:05:31] SlimMonoLogger.INFO: Cron ran at: 03-09-2025 03:05:31 PM [] []
[2025-09-03 15:10:34] SlimMonoLogger.INFO: Cron ran at: 03-09-2025 03:10:34 PM [] []
[2025-09-03 15:15:34] SlimMonoLogger.INFO: Cron ran at: 03-09-2025 03:15:34 PM [] []
[2025-09-03 15:20:34] SlimMonoLogger.INFO: Cron ran at: 03-09-2025 03:20:34 PM [] []
[2025-09-03 15:25:29] SlimMonoLogger.INFO: Cron ran at: 03-09-2025 03:25:29 PM [] []
[2025-09-03 15:30:33] SlimMonoLogger.INFO: Cron ran at: 03-09-2025 03:30:33 PM [] []
[2025-09-03 15:35:32] SlimMonoLogger.INFO: Cron ran at: 03-09-2025 03:35:32 PM [] []
[2025-09-03 15:40:32] SlimMonoLogger.INFO: Cron ran at: 03-09-2025 03:40:32 PM [] []
[2025-09-03 15:45:29] SlimMonoLogger.INFO: Cron ran at: 03-09-2025 03:45:29 PM [] []
[2025-09-03 15:50:32] SlimMonoLogger.INFO: Cron ran at: 03-09-2025 03:50:32 PM [] []
[2025-09-03 15:55:34] SlimMonoLogger.INFO: Cron ran at: 03-09-2025 03:55:34 PM [] []
[2025-09-03 16:00:32] SlimMonoLogger.INFO: Cron ran at: 03-09-2025 04:00:32 PM [] []
[2025-09-03 16:05:30] SlimMonoLogger.INFO: Cron ran at: 03-09-2025 04:05:30 PM [] []
[2025-09-03 16:10:26] SlimMonoLogger.INFO: Cron ran at: 03-09-2025 04:10:26 PM [] []
[2025-09-03 16:15:51] SlimMonoLogger.INFO: Cron ran at: 03-09-2025 04:15:51 PM [] []
[2025-09-03 16:20:34] SlimMonoLogger.INFO: Cron ran at: 03-09-2025 04:20:34 PM [] []
[2025-09-03 16:25:28] SlimMonoLogger.INFO: Cron ran at: 03-09-2025 04:25:28 PM [] []
[2025-09-03 16:30:33] SlimMonoLogger.INFO: Cron ran at: 03-09-2025 04:30:33 PM [] []
[2025-09-03 16:35:32] SlimMonoLogger.INFO: Cron ran at: 03-09-2025 04:35:32 PM [] []
[2025-09-03 16:40:30] SlimMonoLogger.INFO: Cron ran at: 03-09-2025 04:40:30 PM [] []
[2025-09-03 16:45:35] SlimMonoLogger.INFO: Cron ran at: 03-09-2025 04:45:35 PM [] []
[2025-09-03 16:50:30] SlimMonoLogger.INFO: Cron ran at: 03-09-2025 04:50:30 PM [] []
[2025-09-03 16:55:31] SlimMonoLogger.INFO: Cron ran at: 03-09-2025 04:55:31 PM [] []
[2025-09-03 17:00:31] SlimMonoLogger.INFO: Cron ran at: 03-09-2025 05:00:31 PM [] []
[2025-09-03 17:05:29] SlimMonoLogger.INFO: Cron ran at: 03-09-2025 05:05:29 PM [] []
[2025-09-03 17:10:33] SlimMonoLogger.INFO: Cron ran at: 03-09-2025 05:10:33 PM [] []
[2025-09-03 17:15:27] SlimMonoLogger.INFO: Cron ran at: 03-09-2025 05:15:27 PM [] []
[2025-09-03 17:20:26] SlimMonoLogger.INFO: Cron ran at: 03-09-2025 05:20:26 PM [] []
[2025-09-03 17:25:24] SlimMonoLogger.INFO: Cron ran at: 03-09-2025 05:25:24 PM [] []
[2025-09-03 17:30:31] SlimMonoLogger.INFO: Cron ran at: 03-09-2025 05:30:31 PM [] []
[2025-09-03 17:35:32] SlimMonoLogger.INFO: Cron ran at: 03-09-2025 05:35:32 PM [] []
[2025-09-03 17:40:30] SlimMonoLogger.INFO: Cron ran at: 03-09-2025 05:40:30 PM [] []
[2025-09-03 17:45:30] SlimMonoLogger.INFO: Cron ran at: 03-09-2025 05:45:30 PM [] []
[2025-09-03 17:50:35] SlimMonoLogger.INFO: Cron ran at: 03-09-2025 05:50:35 PM [] []
[2025-09-03 17:55:29] SlimMonoLogger.INFO: Cron ran at: 03-09-2025 05:55:29 PM [] []
[2025-09-03 18:00:35] SlimMonoLogger.INFO: Cron ran at: 03-09-2025 06:00:35 PM [] []
[2025-09-03 18:05:38] SlimMonoLogger.INFO: Cron ran at: 03-09-2025 06:05:38 PM [] []
[2025-09-03 18:10:29] SlimMonoLogger.INFO: Cron ran at: 03-09-2025 06:10:29 PM [] []
[2025-09-03 18:15:30] SlimMonoLogger.INFO: Cron ran at: 03-09-2025 06:15:30 PM [] []
[2025-09-03 18:20:30] SlimMonoLogger.INFO: Cron ran at: 03-09-2025 06:20:30 PM [] []
[2025-09-03 18:25:24] SlimMonoLogger.INFO: Cron ran at: 03-09-2025 06:25:24 PM [] []
[2025-09-03 18:30:32] SlimMonoLogger.INFO: Cron ran at: 03-09-2025 06:30:32 PM [] []
[2025-09-03 18:35:32] SlimMonoLogger.INFO: Cron ran at: 03-09-2025 06:35:32 PM [] []
[2025-09-03 18:40:24] SlimMonoLogger.INFO: Cron ran at: 03-09-2025 06:40:24 PM [] []
[2025-09-03 18:45:29] SlimMonoLogger.INFO: Cron ran at: 03-09-2025 06:45:29 PM [] []
[2025-09-03 18:50:27] SlimMonoLogger.INFO: Cron ran at: 03-09-2025 06:50:27 PM [] []
[2025-09-03 18:55:27] SlimMonoLogger.INFO: Cron ran at: 03-09-2025 06:55:27 PM [] []
[2025-09-03 19:00:36] SlimMonoLogger.INFO: Cron ran at: 03-09-2025 07:00:36 PM [] []
[2025-09-03 19:05:28] SlimMonoLogger.INFO: Cron ran at: 03-09-2025 07:05:28 PM [] []
[2025-09-03 19:10:38] SlimMonoLogger.INFO: Cron ran at: 03-09-2025 07:10:38 PM [] []
[2025-09-03 19:15:32] SlimMonoLogger.INFO: Cron ran at: 03-09-2025 07:15:32 PM [] []
[2025-09-03 19:20:32] SlimMonoLogger.INFO: Cron ran at: 03-09-2025 07:20:32 PM [] []
[2025-09-03 19:25:35] SlimMonoLogger.INFO: Cron ran at: 03-09-2025 07:25:35 PM [] []
[2025-09-03 19:30:33] SlimMonoLogger.INFO: Cron ran at: 03-09-2025 07:30:33 PM [] []
[2025-09-03 19:35:26] SlimMonoLogger.INFO: Cron ran at: 03-09-2025 07:35:26 PM [] []
[2025-09-03 19:40:30] SlimMonoLogger.INFO: Cron ran at: 03-09-2025 07:40:30 PM [] []
[2025-09-03 19:45:35] SlimMonoLogger.INFO: Cron ran at: 03-09-2025 07:45:35 PM [] []
[2025-09-03 19:50:31] SlimMonoLogger.INFO: Cron ran at: 03-09-2025 07:50:31 PM [] []
[2025-09-03 19:55:41] SlimMonoLogger.INFO: Cron ran at: 03-09-2025 07:55:41 PM [] []
[2025-09-03 20:00:42] SlimMonoLogger.INFO: Cron ran at: 03-09-2025 08:00:42 PM [] []
[2025-09-03 20:05:41] SlimMonoLogger.INFO: Cron ran at: 03-09-2025 08:05:41 PM [] []
[2025-09-03 20:10:37] SlimMonoLogger.INFO: Cron ran at: 03-09-2025 08:10:37 PM [] []
[2025-09-03 20:15:35] SlimMonoLogger.INFO: Cron ran at: 03-09-2025 08:15:35 PM [] []
[2025-09-03 20:20:32] SlimMonoLogger.INFO: Cron ran at: 03-09-2025 08:20:32 PM [] []
[2025-09-03 20:25:35] SlimMonoLogger.INFO: Cron ran at: 03-09-2025 08:25:35 PM [] []
[2025-09-03 20:30:31] SlimMonoLogger.INFO: Cron ran at: 03-09-2025 08:30:31 PM [] []
[2025-09-03 20:35:33] SlimMonoLogger.INFO: Cron ran at: 03-09-2025 08:35:33 PM [] []
[2025-09-03 20:40:35] SlimMonoLogger.INFO: Cron ran at: 03-09-2025 08:40:35 PM [] []
[2025-09-03 20:45:41] SlimMonoLogger.INFO: Cron ran at: 03-09-2025 08:45:41 PM [] []
[2025-09-03 20:50:36] SlimMonoLogger.INFO: Cron ran at: 03-09-2025 08:50:36 PM [] []
[2025-09-03 20:55:37] SlimMonoLogger.INFO: Cron ran at: 03-09-2025 08:55:37 PM [] []
[2025-09-03 21:00:42] SlimMonoLogger.INFO: Cron ran at: 03-09-2025 09:00:42 PM [] []
[2025-09-03 21:05:32] SlimMonoLogger.INFO: Cron ran at: 03-09-2025 09:05:32 PM [] []
[2025-09-03 21:10:33] SlimMonoLogger.INFO: Cron ran at: 03-09-2025 09:10:33 PM [] []
[2025-09-03 21:15:32] SlimMonoLogger.INFO: Cron ran at: 03-09-2025 09:15:32 PM [] []
[2025-09-03 21:20:32] SlimMonoLogger.INFO: Cron ran at: 03-09-2025 09:20:32 PM [] []
[2025-09-03 21:25:35] SlimMonoLogger.INFO: Cron ran at: 03-09-2025 09:25:35 PM [] []
[2025-09-03 21:30:38] SlimMonoLogger.INFO: Cron ran at: 03-09-2025 09:30:38 PM [] []
[2025-09-03 21:35:35] SlimMonoLogger.INFO: Cron ran at: 03-09-2025 09:35:35 PM [] []
[2025-09-03 21:40:39] SlimMonoLogger.INFO: Cron ran at: 03-09-2025 09:40:39 PM [] []
[2025-09-03 21:45:31] SlimMonoLogger.INFO: Cron ran at: 03-09-2025 09:45:31 PM [] []
[2025-09-03 21:50:31] SlimMonoLogger.INFO: Cron ran at: 03-09-2025 09:50:31 PM [] []
[2025-09-03 21:55:35] SlimMonoLogger.INFO: Cron ran at: 03-09-2025 09:55:35 PM [] []
[2025-09-03 22:00:34] SlimMonoLogger.INFO: Cron ran at: 03-09-2025 10:00:34 PM [] []
[2025-09-03 22:05:33] SlimMonoLogger.INFO: Cron ran at: 03-09-2025 10:05:33 PM [] []
[2025-09-03 22:10:48] SlimMonoLogger.INFO: Cron ran at: 03-09-2025 10:10:48 PM [] []
[2025-09-03 22:15:31] SlimMonoLogger.INFO: Cron ran at: 03-09-2025 10:15:31 PM [] []
[2025-09-03 22:20:33] SlimMonoLogger.INFO: Cron ran at: 03-09-2025 10:20:33 PM [] []
[2025-09-03 22:25:33] SlimMonoLogger.INFO: Cron ran at: 03-09-2025 10:25:33 PM [] []
[2025-09-03 22:30:40] SlimMonoLogger.INFO: Cron ran at: 03-09-2025 10:30:40 PM [] []
[2025-09-03 22:35:38] SlimMonoLogger.INFO: Cron ran at: 03-09-2025 10:35:38 PM [] []
[2025-09-03 22:40:36] SlimMonoLogger.INFO: Cron ran at: 03-09-2025 10:40:36 PM [] []
[2025-09-03 22:45:31] SlimMonoLogger.INFO: Cron ran at: 03-09-2025 10:45:31 PM [] []
[2025-09-03 22:50:32] SlimMonoLogger.INFO: Cron ran at: 03-09-2025 10:50:32 PM [] []
[2025-09-03 22:55:31] SlimMonoLogger.INFO: Cron ran at: 03-09-2025 10:55:31 PM [] []
[2025-09-03 23:00:31] SlimMonoLogger.INFO: Cron ran at: 03-09-2025 11:00:31 PM [] []
[2025-09-03 23:05:30] SlimMonoLogger.INFO: Cron ran at: 03-09-2025 11:05:30 PM [] []
[2025-09-03 23:10:31] SlimMonoLogger.INFO: Cron ran at: 03-09-2025 11:10:31 PM [] []
[2025-09-03 23:15:37] SlimMonoLogger.INFO: Cron ran at: 03-09-2025 11:15:37 PM [] []
[2025-09-03 23:20:33] SlimMonoLogger.INFO: Cron ran at: 03-09-2025 11:20:33 PM [] []
[2025-09-03 23:25:35] SlimMonoLogger.INFO: Cron ran at: 03-09-2025 11:25:35 PM [] []
[2025-09-03 23:30:33] SlimMonoLogger.INFO: Cron ran at: 03-09-2025 11:30:33 PM [] []
[2025-09-03 23:35:32] SlimMonoLogger.INFO: Cron ran at: 03-09-2025 11:35:32 PM [] []
[2025-09-03 23:40:31] SlimMonoLogger.INFO: Cron ran at: 03-09-2025 11:40:31 PM [] []
[2025-09-03 23:45:25] SlimMonoLogger.INFO: Cron ran at: 03-09-2025 11:45:25 PM [] []
[2025-09-03 23:50:32] SlimMonoLogger.INFO: Cron ran at: 03-09-2025 11:50:32 PM [] []
[2025-09-03 23:55:31] SlimMonoLogger.INFO: Cron ran at: 03-09-2025 11:55:31 PM [] []
[2025-09-04 00:00:36] SlimMonoLogger.INFO: Cron ran at: 04-09-2025 12:00:36 AM [] []
[2025-09-04 00:05:33] SlimMonoLogger.INFO: Cron ran at: 04-09-2025 12:05:33 AM [] []
[2025-09-04 00:10:29] SlimMonoLogger.INFO: Cron ran at: 04-09-2025 12:10:29 AM [] []
[2025-09-04 00:15:35] SlimMonoLogger.INFO: Cron ran at: 04-09-2025 12:15:35 AM [] []
[2025-09-04 00:20:26] SlimMonoLogger.INFO: Cron ran at: 04-09-2025 12:20:26 AM [] []
[2025-09-04 00:25:36] SlimMonoLogger.INFO: Cron ran at: 04-09-2025 12:25:36 AM [] []
[2025-09-04 00:30:30] SlimMonoLogger.INFO: Cron ran at: 04-09-2025 12:30:30 AM [] []
[2025-09-04 00:35:23] SlimMonoLogger.INFO: Cron ran at: 04-09-2025 12:35:23 AM [] []
[2025-09-04 00:40:25] SlimMonoLogger.INFO: Cron ran at: 04-09-2025 12:40:25 AM [] []
[2025-09-04 00:45:25] SlimMonoLogger.INFO: Cron ran at: 04-09-2025 12:45:25 AM [] []
[2025-09-04 00:50:32] SlimMonoLogger.INFO: Cron ran at: 04-09-2025 12:50:32 AM [] []
[2025-09-04 00:55:31] SlimMonoLogger.INFO: Cron ran at: 04-09-2025 12:55:31 AM [] []
[2025-09-04 01:00:29] SlimMonoLogger.INFO: Cron ran at: 04-09-2025 01:00:29 AM [] []
[2025-09-04 01:05:29] SlimMonoLogger.INFO: Cron ran at: 04-09-2025 01:05:29 AM [] []
[2025-09-04 01:10:30] SlimMonoLogger.INFO: Cron ran at: 04-09-2025 01:10:30 AM [] []
[2025-09-04 01:15:30] SlimMonoLogger.INFO: Cron ran at: 04-09-2025 01:15:30 AM [] []
[2025-09-04 01:20:32] SlimMonoLogger.INFO: Cron ran at: 04-09-2025 01:20:32 AM [] []
[2025-09-04 01:25:30] SlimMonoLogger.INFO: Cron ran at: 04-09-2025 01:25:30 AM [] []
[2025-09-04 01:30:32] SlimMonoLogger.INFO: Cron ran at: 04-09-2025 01:30:32 AM [] []
[2025-09-04 01:35:29] SlimMonoLogger.INFO: Cron ran at: 04-09-2025 01:35:29 AM [] []
[2025-09-04 01:40:33] SlimMonoLogger.INFO: Cron ran at: 04-09-2025 01:40:33 AM [] []
[2025-09-04 01:45:24] SlimMonoLogger.INFO: Cron ran at: 04-09-2025 01:45:24 AM [] []
[2025-09-04 01:50:28] SlimMonoLogger.INFO: Cron ran at: 04-09-2025 01:50:28 AM [] []
[2025-09-04 01:55:33] SlimMonoLogger.INFO: Cron ran at: 04-09-2025 01:55:33 AM [] []
