[2026-03-03 01:01:22] SlimMonoLogger.INFO: Cron ran at: 03-03-2026 01:01:22 AM [] []
[2026-03-03 01:06:13] SlimMonoLogger.INFO: Cron ran at: 03-03-2026 01:06:13 AM [] []
[2026-03-03 01:11:21] SlimMonoLogger.INFO: Cron ran at: 03-03-2026 01:11:21 AM [] []
[2026-03-03 01:16:27] SlimMonoLogger.INFO: Cron ran at: 03-03-2026 01:16:27 AM [] []
[2026-03-03 01:21:15] SlimMonoLogger.INFO: Cron ran at: 03-03-2026 01:21:15 AM [] []
[2026-03-03 01:26:13] SlimMonoLogger.INFO: Cron ran at: 03-03-2026 01:26:13 AM [] []
[2026-03-03 01:31:20] SlimMonoLogger.INFO: Cron ran at: 03-03-2026 01:31:20 AM [] []
[2026-03-03 01:36:17] SlimMonoLogger.INFO: Cron ran at: 03-03-2026 01:36:17 AM [] []
[2026-03-03 01:41:19] SlimMonoLogger.INFO: Cron ran at: 03-03-2026 01:41:19 AM [] []
[2026-03-03 01:46:21] SlimMonoLogger.INFO: Cron ran at: 03-03-2026 01:46:21 AM [] []
[2026-03-03 01:51:27] SlimMonoLogger.INFO: Cron ran at: 03-03-2026 01:51:27 AM [] []
[2026-03-03 01:56:18] SlimMonoLogger.INFO: Cron ran at: 03-03-2026 01:56:18 AM [] []
[2026-03-03 02:01:29] SlimMonoLogger.INFO: Cron ran at: 03-03-2026 02:01:29 AM [] []
[2026-03-03 02:06:15] SlimMonoLogger.INFO: Cron ran at: 03-03-2026 02:06:15 AM [] []
[2026-03-03 02:11:18] SlimMonoLogger.INFO: Cron ran at: 03-03-2026 02:11:18 AM [] []
[2026-03-03 02:16:20] SlimMonoLogger.INFO: Cron ran at: 03-03-2026 02:16:20 AM [] []
[2026-03-03 02:21:16] SlimMonoLogger.INFO: Cron ran at: 03-03-2026 02:21:16 AM [] []
[2026-03-03 02:26:20] SlimMonoLogger.INFO: Cron ran at: 03-03-2026 02:26:20 AM [] []
[2026-03-03 02:31:14] SlimMonoLogger.INFO: Cron ran at: 03-03-2026 02:31:14 AM [] []
[2026-03-03 02:36:20] SlimMonoLogger.INFO: Cron ran at: 03-03-2026 02:36:20 AM [] []
[2026-03-03 02:41:21] SlimMonoLogger.INFO: Cron ran at: 03-03-2026 02:41:21 AM [] []
[2026-03-03 02:46:23] SlimMonoLogger.INFO: Cron ran at: 03-03-2026 02:46:23 AM [] []
[2026-03-03 02:51:21] SlimMonoLogger.INFO: Cron ran at: 03-03-2026 02:51:21 AM [] []
[2026-03-03 02:56:19] SlimMonoLogger.INFO: Cron ran at: 03-03-2026 02:56:19 AM [] []
[2026-03-03 03:01:38] SlimMonoLogger.INFO: Cron ran at: 03-03-2026 03:01:38 AM [] []
[2026-03-03 03:06:25] SlimMonoLogger.INFO: Cron ran at: 03-03-2026 03:06:25 AM [] []
[2026-03-03 03:11:24] SlimMonoLogger.INFO: Cron ran at: 03-03-2026 03:11:24 AM [] []
[2026-03-03 03:16:28] SlimMonoLogger.INFO: Cron ran at: 03-03-2026 03:16:28 AM [] []
[2026-03-03 03:21:16] SlimMonoLogger.INFO: Cron ran at: 03-03-2026 03:21:16 AM [] []
[2026-03-03 03:26:15] SlimMonoLogger.INFO: Cron ran at: 03-03-2026 03:26:15 AM [] []
[2026-03-03 03:31:29] SlimMonoLogger.INFO: Cron ran at: 03-03-2026 03:31:29 AM [] []
[2026-03-03 03:36:23] SlimMonoLogger.INFO: Cron ran at: 03-03-2026 03:36:23 AM [] []
[2026-03-03 03:41:41] SlimMonoLogger.INFO: Cron ran at: 03-03-2026 03:41:41 AM [] []
[2026-03-03 03:46:18] SlimMonoLogger.INFO: Cron ran at: 03-03-2026 03:46:18 AM [] []
[2026-03-03 03:51:17] SlimMonoLogger.INFO: Cron ran at: 03-03-2026 03:51:17 AM [] []
[2026-03-03 03:56:32] SlimMonoLogger.INFO: Cron ran at: 03-03-2026 03:56:32 AM [] []
[2026-03-03 04:01:28] SlimMonoLogger.INFO: Cron ran at: 03-03-2026 04:01:28 AM [] []
[2026-03-03 04:06:37] SlimMonoLogger.INFO: Cron ran at: 03-03-2026 04:06:37 AM [] []
[2026-03-03 04:11:21] SlimMonoLogger.INFO: Cron ran at: 03-03-2026 04:11:21 AM [] []
[2026-03-03 04:16:28] SlimMonoLogger.INFO: Cron ran at: 03-03-2026 04:16:28 AM [] []
[2026-03-03 04:21:20] SlimMonoLogger.INFO: Cron ran at: 03-03-2026 04:21:20 AM [] []
[2026-03-03 04:26:14] SlimMonoLogger.INFO: Cron ran at: 03-03-2026 04:26:14 AM [] []
[2026-03-03 04:31:34] SlimMonoLogger.INFO: Cron ran at: 03-03-2026 04:31:34 AM [] []
[2026-03-03 04:36:17] SlimMonoLogger.INFO: Cron ran at: 03-03-2026 04:36:17 AM [] []
[2026-03-03 04:41:16] SlimMonoLogger.INFO: Cron ran at: 03-03-2026 04:41:16 AM [] []
[2026-03-03 04:46:15] SlimMonoLogger.INFO: Cron ran at: 03-03-2026 04:46:15 AM [] []
[2026-03-03 04:51:18] SlimMonoLogger.INFO: Cron ran at: 03-03-2026 04:51:18 AM [] []
[2026-03-03 04:56:18] SlimMonoLogger.INFO: Cron ran at: 03-03-2026 04:56:18 AM [] []
[2026-03-03 05:01:26] SlimMonoLogger.INFO: Cron ran at: 03-03-2026 05:01:26 AM [] []
[2026-03-03 05:06:43] SlimMonoLogger.INFO: Cron ran at: 03-03-2026 05:06:43 AM [] []
[2026-03-03 05:11:14] SlimMonoLogger.INFO: Cron ran at: 03-03-2026 05:11:14 AM [] []
[2026-03-03 05:16:20] SlimMonoLogger.INFO: Cron ran at: 03-03-2026 05:16:20 AM [] []
[2026-03-03 05:21:17] SlimMonoLogger.INFO: Cron ran at: 03-03-2026 05:21:17 AM [] []
[2026-03-03 05:26:10] SlimMonoLogger.INFO: Cron ran at: 03-03-2026 05:26:10 AM [] []
[2026-03-03 05:31:10] SlimMonoLogger.INFO: Cron ran at: 03-03-2026 05:31:10 AM [] []
[2026-03-03 05:36:06] SlimMonoLogger.INFO: Cron ran at: 03-03-2026 05:36:06 AM [] []
[2026-03-03 05:41:19] SlimMonoLogger.INFO: Cron ran at: 03-03-2026 05:41:19 AM [] []
[2026-03-03 05:46:07] SlimMonoLogger.INFO: Cron ran at: 03-03-2026 05:46:07 AM [] []
[2026-03-03 05:51:05] SlimMonoLogger.INFO: Cron ran at: 03-03-2026 05:51:05 AM [] []
[2026-03-03 05:56:13] SlimMonoLogger.INFO: Cron ran at: 03-03-2026 05:56:13 AM [] []
[2026-03-03 06:01:11] SlimMonoLogger.INFO: Cron ran at: 03-03-2026 06:01:11 AM [] []
[2026-03-03 06:06:22] SlimMonoLogger.INFO: Cron ran at: 03-03-2026 06:06:22 AM [] []
[2026-03-03 06:11:19] SlimMonoLogger.INFO: Cron ran at: 03-03-2026 06:11:19 AM [] []
[2026-03-03 06:16:17] SlimMonoLogger.INFO: Cron ran at: 03-03-2026 06:16:17 AM [] []
[2026-03-03 06:21:18] SlimMonoLogger.INFO: Cron ran at: 03-03-2026 06:21:18 AM [] []
[2026-03-03 06:26:13] SlimMonoLogger.INFO: Cron ran at: 03-03-2026 06:26:13 AM [] []
[2026-03-03 06:31:20] SlimMonoLogger.INFO: Cron ran at: 03-03-2026 06:31:20 AM [] []
[2026-03-03 06:36:19] SlimMonoLogger.INFO: Cron ran at: 03-03-2026 06:36:19 AM [] []
[2026-03-03 06:41:16] SlimMonoLogger.INFO: Cron ran at: 03-03-2026 06:41:16 AM [] []
[2026-03-03 06:46:24] SlimMonoLogger.INFO: Cron ran at: 03-03-2026 06:46:24 AM [] []
[2026-03-03 06:51:19] SlimMonoLogger.INFO: Cron ran at: 03-03-2026 06:51:19 AM [] []
[2026-03-03 06:56:19] SlimMonoLogger.INFO: Cron ran at: 03-03-2026 06:56:19 AM [] []
[2026-03-03 07:01:25] SlimMonoLogger.INFO: Cron ran at: 03-03-2026 07:01:25 AM [] []
[2026-03-03 07:06:17] SlimMonoLogger.INFO: Cron ran at: 03-03-2026 07:06:17 AM [] []
[2026-03-03 07:11:15] SlimMonoLogger.INFO: Cron ran at: 03-03-2026 07:11:15 AM [] []
[2026-03-03 07:16:10] SlimMonoLogger.INFO: Cron ran at: 03-03-2026 07:16:10 AM [] []
[2026-03-03 07:21:16] SlimMonoLogger.INFO: Cron ran at: 03-03-2026 07:21:16 AM [] []
[2026-03-03 07:26:11] SlimMonoLogger.INFO: Cron ran at: 03-03-2026 07:26:11 AM [] []
[2026-03-03 07:31:22] SlimMonoLogger.INFO: Cron ran at: 03-03-2026 07:31:22 AM [] []
[2026-03-03 07:36:10] SlimMonoLogger.INFO: Cron ran at: 03-03-2026 07:36:10 AM [] []
[2026-03-03 07:41:10] SlimMonoLogger.INFO: Cron ran at: 03-03-2026 07:41:10 AM [] []
[2026-03-03 07:46:13] SlimMonoLogger.INFO: Cron ran at: 03-03-2026 07:46:13 AM [] []
[2026-03-03 07:51:34] SlimMonoLogger.INFO: Cron ran at: 03-03-2026 07:51:34 AM [] []
[2026-03-03 07:56:48] SlimMonoLogger.INFO: Cron ran at: 03-03-2026 07:56:48 AM [] []
[2026-03-03 08:01:36] SlimMonoLogger.INFO: Cron ran at: 03-03-2026 08:01:36 AM [] []
[2026-03-03 08:06:19] SlimMonoLogger.INFO: Cron ran at: 03-03-2026 08:06:19 AM [] []
[2026-03-03 08:11:23] SlimMonoLogger.INFO: Cron ran at: 03-03-2026 08:11:23 AM [] []
[2026-03-03 08:16:30] SlimMonoLogger.INFO: Cron ran at: 03-03-2026 08:16:30 AM [] []
[2026-03-03 08:21:30] SlimMonoLogger.INFO: Cron ran at: 03-03-2026 08:21:30 AM [] []
[2026-03-03 08:26:14] SlimMonoLogger.INFO: Cron ran at: 03-03-2026 08:26:14 AM [] []
[2026-03-03 08:32:14] SlimMonoLogger.INFO: Cron ran at: 03-03-2026 08:32:14 AM [] []
[2026-03-03 08:46:46] SlimMonoLogger.INFO: Cron ran at: 03-03-2026 08:46:46 AM [] []
[2026-03-03 08:51:17] SlimMonoLogger.INFO: Cron ran at: 03-03-2026 08:51:17 AM [] []
[2026-03-03 08:56:42] SlimMonoLogger.INFO: Cron ran at: 03-03-2026 08:56:42 AM [] []
[2026-03-03 09:02:27] SlimMonoLogger.INFO: Cron ran at: 03-03-2026 09:02:27 AM [] []
[2026-03-03 09:07:07] SlimMonoLogger.INFO: Cron ran at: 03-03-2026 09:07:07 AM [] []
[2026-03-03 09:12:03] SlimMonoLogger.INFO: Cron ran at: 03-03-2026 09:12:03 AM [] []
[2026-03-03 09:17:07] SlimMonoLogger.INFO: Cron ran at: 03-03-2026 09:17:07 AM [] []
[2026-03-03 09:21:52] SlimMonoLogger.INFO: Cron ran at: 03-03-2026 09:21:52 AM [] []
[2026-03-03 09:27:47] SlimMonoLogger.ERROR: Requests_Exception: cURL error 18: transfer closed with outstanding read data remaining in /home/latihtal/public_html/agregator1/src/vendor/rmccue/requests/library/Requests/Transport/cURL.php:422
Stack trace:
#0 /home/latihtal/public_html/agregator1/src/vendor/rmccue/requests/library/Requests/Transport/cURL.php(177): Requests_Transport_cURL->process_response()
#1 /home/latihtal/public_html/agregator1/src/vendor/rmccue/requests/library/Requests.php(379): Requests_Transport_cURL->request()
#2 /home/latihtal/public_html/agregator1/src/vendor/rmccue/requests/library/Requests/Session.php(205): Requests::request()
#3 /home/latihtal/public_html/agregator1/src/vendor/rmccue/requests/library/Requests/Session.php(132): Requests_Session->request()
#4 /home/latihtal/public_html/agregator1/src/drivers/Http/RssImporter.php(144): Requests_Session->get()
#5 /home/latihtal/public_html/agregator1/src/controllers/Dashboard/DashboardFeedsController.php(534): spark\drivers\Http\RssImporter->fetchPosts()
#6 /home/latihtal/public_html/agregator1/src/controllers/Site/SiteController.php(722): spark\controllers\Dashboard\DashboardFeedsController::importFeedPosts()
#7 [internal function]: spark\controllers\Site\SiteController->runTasks()
#8 /home/latihtal/public_html/agregator1/src/framework/Route.php(173): call_user_func_array()
#9 [internal function]: Slim\Route->Slim\{closure}()
#10 /home/latihtal/public_html/agregator1/src/framework/Route.php(468): call_user_func_array()
#11 /home/latihtal/public_html/agregator1/src/framework/Slim.php(1364): Slim\Route->dispatch()
#12 /home/latihtal/public_html/agregator1/src/framework/Middleware/Flash.php(85): Slim\Slim->call()
#13 /home/latihtal/public_html/agregator1/src/framework/Middleware/MethodOverride.php(92): Slim\Middleware\Flash->call()
#14 /home/latihtal/public_html/agregator1/src/middlewares/CsrfGuard/CsrfGuard.php(47): Slim\Middleware\MethodOverride->call()
#15 /home/latihtal/public_html/agregator1/src/framework/Middleware/PrettyExceptions.php(67): spark\middlewares\CsrfGuard\CsrfGuard->call()
#16 /home/latihtal/public_html/agregator1/src/framework/Slim.php(1308): Slim\Middleware\PrettyExceptions->call()
#17 /home/latihtal/public_html/agregator1/index.php(6): Slim\Slim->run()
#18 {main} [] []
[2026-03-03 09:27:56] SlimMonoLogger.INFO: Cron ran at: 03-03-2026 09:27:56 AM [] []
[2026-03-03 09:32:02] SlimMonoLogger.INFO: Cron ran at: 03-03-2026 09:32:02 AM [] []
[2026-03-03 09:38:27] SlimMonoLogger.INFO: Cron ran at: 03-03-2026 09:38:27 AM [] []
[2026-03-03 09:42:41] SlimMonoLogger.INFO: Cron ran at: 03-03-2026 09:42:41 AM [] []
[2026-03-03 09:46:47] SlimMonoLogger.INFO: Cron ran at: 03-03-2026 09:46:47 AM [] []
[2026-03-03 09:51:58] SlimMonoLogger.INFO: Cron ran at: 03-03-2026 09:51:58 AM [] []
[2026-03-03 09:56:57] SlimMonoLogger.INFO: Cron ran at: 03-03-2026 09:56:57 AM [] []
[2026-03-03 10:01:57] SlimMonoLogger.INFO: Cron ran at: 03-03-2026 10:01:57 AM [] []
[2026-03-03 10:07:00] SlimMonoLogger.INFO: Cron ran at: 03-03-2026 10:07:00 AM [] []
[2026-03-03 10:12:11] SlimMonoLogger.INFO: Cron ran at: 03-03-2026 10:12:11 AM [] []
[2026-03-03 10:17:02] SlimMonoLogger.INFO: Cron ran at: 03-03-2026 10:17:02 AM [] []
[2026-03-03 10:22:00] SlimMonoLogger.INFO: Cron ran at: 03-03-2026 10:22:00 AM [] []
[2026-03-03 10:31:43] SlimMonoLogger.INFO: Cron ran at: 03-03-2026 10:31:43 AM [] []
[2026-03-03 10:36:47] SlimMonoLogger.INFO: Cron ran at: 03-03-2026 10:36:47 AM [] []
[2026-03-03 10:41:36] SlimMonoLogger.INFO: Cron ran at: 03-03-2026 10:41:36 AM [] []
[2026-03-03 10:46:37] SlimMonoLogger.INFO: Cron ran at: 03-03-2026 10:46:37 AM [] []
[2026-03-03 10:52:10] SlimMonoLogger.INFO: Cron ran at: 03-03-2026 10:52:10 AM [] []
[2026-03-03 10:56:46] SlimMonoLogger.INFO: Cron ran at: 03-03-2026 10:56:46 AM [] []
[2026-03-03 11:02:10] SlimMonoLogger.INFO: Cron ran at: 03-03-2026 11:02:10 AM [] []
[2026-03-03 11:07:11] SlimMonoLogger.INFO: Cron ran at: 03-03-2026 11:07:11 AM [] []
[2026-03-03 11:11:38] SlimMonoLogger.INFO: Cron ran at: 03-03-2026 11:11:38 AM [] []
[2026-03-03 11:16:52] SlimMonoLogger.INFO: Cron ran at: 03-03-2026 11:16:52 AM [] []
[2026-03-03 11:21:30] SlimMonoLogger.INFO: Cron ran at: 03-03-2026 11:21:30 AM [] []
[2026-03-03 11:26:44] SlimMonoLogger.INFO: Cron ran at: 03-03-2026 11:26:44 AM [] []
[2026-03-03 11:31:45] SlimMonoLogger.INFO: Cron ran at: 03-03-2026 11:31:45 AM [] []
[2026-03-03 11:36:30] SlimMonoLogger.INFO: Cron ran at: 03-03-2026 11:36:30 AM [] []
[2026-03-03 11:42:26] SlimMonoLogger.INFO: Cron ran at: 03-03-2026 11:42:26 AM [] []
[2026-03-03 11:46:59] SlimMonoLogger.INFO: Cron ran at: 03-03-2026 11:46:59 AM [] []
[2026-03-03 11:51:42] SlimMonoLogger.INFO: Cron ran at: 03-03-2026 11:51:42 AM [] []
[2026-03-03 11:56:18] SlimMonoLogger.INFO: Cron ran at: 03-03-2026 11:56:18 AM [] []
[2026-03-03 12:01:37] SlimMonoLogger.INFO: Cron ran at: 03-03-2026 12:01:37 PM [] []
[2026-03-03 12:06:26] SlimMonoLogger.INFO: Cron ran at: 03-03-2026 12:06:26 PM [] []
[2026-03-03 12:11:49] SlimMonoLogger.INFO: Cron ran at: 03-03-2026 12:11:49 PM [] []
[2026-03-03 12:16:26] SlimMonoLogger.INFO: Cron ran at: 03-03-2026 12:16:26 PM [] []
[2026-03-03 12:21:33] SlimMonoLogger.INFO: Cron ran at: 03-03-2026 12:21:33 PM [] []
[2026-03-03 12:26:18] SlimMonoLogger.INFO: Cron ran at: 03-03-2026 12:26:18 PM [] []
[2026-03-03 12:31:28] SlimMonoLogger.INFO: Cron ran at: 03-03-2026 12:31:28 PM [] []
[2026-03-03 12:36:39] SlimMonoLogger.INFO: Cron ran at: 03-03-2026 12:36:39 PM [] []
[2026-03-03 12:41:15] SlimMonoLogger.INFO: Cron ran at: 03-03-2026 12:41:15 PM [] []
[2026-03-03 12:46:17] SlimMonoLogger.INFO: Cron ran at: 03-03-2026 12:46:17 PM [] []
[2026-03-03 12:51:29] SlimMonoLogger.INFO: Cron ran at: 03-03-2026 12:51:29 PM [] []
[2026-03-03 12:56:26] SlimMonoLogger.INFO: Cron ran at: 03-03-2026 12:56:26 PM [] []
[2026-03-03 13:01:39] SlimMonoLogger.INFO: Cron ran at: 03-03-2026 01:01:39 PM [] []
[2026-03-03 13:06:23] SlimMonoLogger.INFO: Cron ran at: 03-03-2026 01:06:23 PM [] []
[2026-03-03 13:11:39] SlimMonoLogger.INFO: Cron ran at: 03-03-2026 01:11:39 PM [] []
[2026-03-03 13:16:32] SlimMonoLogger.INFO: Cron ran at: 03-03-2026 01:16:32 PM [] []
[2026-03-03 13:21:16] SlimMonoLogger.INFO: Cron ran at: 03-03-2026 01:21:16 PM [] []
[2026-03-03 13:26:19] SlimMonoLogger.INFO: Cron ran at: 03-03-2026 01:26:19 PM [] []
[2026-03-03 13:31:43] SlimMonoLogger.INFO: Cron ran at: 03-03-2026 01:31:43 PM [] []
[2026-03-03 13:36:19] SlimMonoLogger.INFO: Cron ran at: 03-03-2026 01:36:19 PM [] []
[2026-03-03 13:41:29] SlimMonoLogger.INFO: Cron ran at: 03-03-2026 01:41:29 PM [] []
[2026-03-03 13:46:24] SlimMonoLogger.INFO: Cron ran at: 03-03-2026 01:46:24 PM [] []
[2026-03-03 13:51:32] SlimMonoLogger.INFO: Cron ran at: 03-03-2026 01:51:32 PM [] []
[2026-03-03 13:56:35] SlimMonoLogger.INFO: Cron ran at: 03-03-2026 01:56:35 PM [] []
[2026-03-03 14:01:40] SlimMonoLogger.INFO: Cron ran at: 03-03-2026 02:01:40 PM [] []
[2026-03-03 14:06:23] SlimMonoLogger.INFO: Cron ran at: 03-03-2026 02:06:23 PM [] []
[2026-03-03 14:11:21] SlimMonoLogger.INFO: Cron ran at: 03-03-2026 02:11:21 PM [] []
[2026-03-03 14:16:29] SlimMonoLogger.INFO: Cron ran at: 03-03-2026 02:16:29 PM [] []
[2026-03-03 14:21:29] SlimMonoLogger.INFO: Cron ran at: 03-03-2026 02:21:29 PM [] []
[2026-03-03 14:26:16] SlimMonoLogger.INFO: Cron ran at: 03-03-2026 02:26:16 PM [] []
[2026-03-03 14:31:31] SlimMonoLogger.INFO: Cron ran at: 03-03-2026 02:31:31 PM [] []
[2026-03-03 14:36:36] SlimMonoLogger.INFO: Cron ran at: 03-03-2026 02:36:36 PM [] []
[2026-03-03 14:41:39] SlimMonoLogger.INFO: Cron ran at: 03-03-2026 02:41:39 PM [] []
[2026-03-03 14:46:49] SlimMonoLogger.INFO: Cron ran at: 03-03-2026 02:46:49 PM [] []
[2026-03-03 14:51:48] SlimMonoLogger.INFO: Cron ran at: 03-03-2026 02:51:48 PM [] []
[2026-03-03 14:56:57] SlimMonoLogger.INFO: Cron ran at: 03-03-2026 02:56:57 PM [] []
[2026-03-03 15:01:52] SlimMonoLogger.INFO: Cron ran at: 03-03-2026 03:01:52 PM [] []
[2026-03-03 15:06:39] SlimMonoLogger.INFO: Cron ran at: 03-03-2026 03:06:39 PM [] []
[2026-03-03 15:11:37] SlimMonoLogger.INFO: Cron ran at: 03-03-2026 03:11:37 PM [] []
[2026-03-03 15:16:42] SlimMonoLogger.INFO: Cron ran at: 03-03-2026 03:16:42 PM [] []
[2026-03-03 15:21:48] SlimMonoLogger.INFO: Cron ran at: 03-03-2026 03:21:48 PM [] []
[2026-03-03 15:27:06] SlimMonoLogger.INFO: Cron ran at: 03-03-2026 03:27:06 PM [] []
[2026-03-03 15:31:50] SlimMonoLogger.INFO: Cron ran at: 03-03-2026 03:31:50 PM [] []
[2026-03-03 15:36:48] SlimMonoLogger.INFO: Cron ran at: 03-03-2026 03:36:48 PM [] []
[2026-03-03 15:41:31] SlimMonoLogger.INFO: Cron ran at: 03-03-2026 03:41:31 PM [] []
[2026-03-03 15:46:44] SlimMonoLogger.INFO: Cron ran at: 03-03-2026 03:46:44 PM [] []
[2026-03-03 15:51:42] SlimMonoLogger.INFO: Cron ran at: 03-03-2026 03:51:42 PM [] []
[2026-03-03 15:56:34] SlimMonoLogger.INFO: Cron ran at: 03-03-2026 03:56:34 PM [] []
[2026-03-03 16:01:44] SlimMonoLogger.INFO: Cron ran at: 03-03-2026 04:01:44 PM [] []
[2026-03-03 16:06:55] SlimMonoLogger.INFO: Cron ran at: 03-03-2026 04:06:55 PM [] []
[2026-03-03 16:11:49] SlimMonoLogger.INFO: Cron ran at: 03-03-2026 04:11:49 PM [] []
[2026-03-03 16:16:39] SlimMonoLogger.INFO: Cron ran at: 03-03-2026 04:16:39 PM [] []
[2026-03-03 16:21:40] SlimMonoLogger.INFO: Cron ran at: 03-03-2026 04:21:40 PM [] []
[2026-03-03 16:26:52] SlimMonoLogger.INFO: Cron ran at: 03-03-2026 04:26:52 PM [] []
[2026-03-03 16:31:39] SlimMonoLogger.INFO: Cron ran at: 03-03-2026 04:31:39 PM [] []
[2026-03-03 16:36:38] SlimMonoLogger.INFO: Cron ran at: 03-03-2026 04:36:38 PM [] []
[2026-03-03 16:41:36] SlimMonoLogger.INFO: Cron ran at: 03-03-2026 04:41:36 PM [] []
[2026-03-03 16:46:49] SlimMonoLogger.INFO: Cron ran at: 03-03-2026 04:46:49 PM [] []
[2026-03-03 16:51:43] SlimMonoLogger.INFO: Cron ran at: 03-03-2026 04:51:43 PM [] []
[2026-03-03 16:56:43] SlimMonoLogger.INFO: Cron ran at: 03-03-2026 04:56:43 PM [] []
[2026-03-03 17:01:38] SlimMonoLogger.INFO: Cron ran at: 03-03-2026 05:01:38 PM [] []
[2026-03-03 17:06:37] SlimMonoLogger.INFO: Cron ran at: 03-03-2026 05:06:37 PM [] []
[2026-03-03 17:11:30] SlimMonoLogger.INFO: Cron ran at: 03-03-2026 05:11:30 PM [] []
[2026-03-03 17:16:34] SlimMonoLogger.INFO: Cron ran at: 03-03-2026 05:16:34 PM [] []
[2026-03-03 17:28:34] SlimMonoLogger.ERROR: Requests_Exception: cURL error 28: Connection timed out after 500002 milliseconds in /home/latihtal/public_html/agregator1/src/vendor/rmccue/requests/library/Requests/Transport/cURL.php:422
Stack trace:
#0 /home/latihtal/public_html/agregator1/src/vendor/rmccue/requests/library/Requests/Transport/cURL.php(177): Requests_Transport_cURL->process_response()
#1 /home/latihtal/public_html/agregator1/src/vendor/rmccue/requests/library/Requests.php(379): Requests_Transport_cURL->request()
#2 /home/latihtal/public_html/agregator1/src/vendor/rmccue/requests/library/Requests/Session.php(205): Requests::request()
#3 /home/latihtal/public_html/agregator1/src/vendor/rmccue/requests/library/Requests/Session.php(132): Requests_Session->request()
#4 /home/latihtal/public_html/agregator1/src/drivers/Http/RssImporter.php(144): Requests_Session->get()
#5 /home/latihtal/public_html/agregator1/src/controllers/Dashboard/DashboardFeedsController.php(534): spark\drivers\Http\RssImporter->fetchPosts()
#6 /home/latihtal/public_html/agregator1/src/controllers/Site/SiteController.php(722): spark\controllers\Dashboard\DashboardFeedsController::importFeedPosts()
#7 [internal function]: spark\controllers\Site\SiteController->runTasks()
#8 /home/latihtal/public_html/agregator1/src/framework/Route.php(173): call_user_func_array()
#9 [internal function]: Slim\Route->Slim\{closure}()
#10 /home/latihtal/public_html/agregator1/src/framework/Route.php(468): call_user_func_array()
#11 /home/latihtal/public_html/agregator1/src/framework/Slim.php(1364): Slim\Route->dispatch()
#12 /home/latihtal/public_html/agregator1/src/framework/Middleware/Flash.php(85): Slim\Slim->call()
#13 /home/latihtal/public_html/agregator1/src/framework/Middleware/MethodOverride.php(92): Slim\Middleware\Flash->call()
#14 /home/latihtal/public_html/agregator1/src/middlewares/CsrfGuard/CsrfGuard.php(47): Slim\Middleware\MethodOverride->call()
#15 /home/latihtal/public_html/agregator1/src/framework/Middleware/PrettyExceptions.php(67): spark\middlewares\CsrfGuard\CsrfGuard->call()
#16 /home/latihtal/public_html/agregator1/src/framework/Slim.php(1308): Slim\Middleware\PrettyExceptions->call()
#17 /home/latihtal/public_html/agregator1/index.php(6): Slim\Slim->run()
#18 {main} [] []
[2026-03-03 17:35:16] SlimMonoLogger.ERROR: Requests_Exception: cURL error 28: Connection timed out after 500001 milliseconds in /home/latihtal/public_html/agregator1/src/vendor/rmccue/requests/library/Requests/Transport/cURL.php:422
Stack trace:
#0 /home/latihtal/public_html/agregator1/src/vendor/rmccue/requests/library/Requests/Transport/cURL.php(177): Requests_Transport_cURL->process_response()
#1 /home/latihtal/public_html/agregator1/src/vendor/rmccue/requests/library/Requests.php(379): Requests_Transport_cURL->request()
#2 /home/latihtal/public_html/agregator1/src/vendor/rmccue/requests/library/Requests/Session.php(205): Requests::request()
#3 /home/latihtal/public_html/agregator1/src/vendor/rmccue/requests/library/Requests/Session.php(132): Requests_Session->request()
#4 /home/latihtal/public_html/agregator1/src/drivers/Http/RssImporter.php(144): Requests_Session->get()
#5 /home/latihtal/public_html/agregator1/src/controllers/Dashboard/DashboardFeedsController.php(534): spark\drivers\Http\RssImporter->fetchPosts()
#6 /home/latihtal/public_html/agregator1/src/controllers/Site/SiteController.php(722): spark\controllers\Dashboard\DashboardFeedsController::importFeedPosts()
#7 [internal function]: spark\controllers\Site\SiteController->runTasks()
#8 /home/latihtal/public_html/agregator1/src/framework/Route.php(173): call_user_func_array()
#9 [internal function]: Slim\Route->Slim\{closure}()
#10 /home/latihtal/public_html/agregator1/src/framework/Route.php(468): call_user_func_array()
#11 /home/latihtal/public_html/agregator1/src/framework/Slim.php(1364): Slim\Route->dispatch()
#12 /home/latihtal/public_html/agregator1/src/framework/Middleware/Flash.php(85): Slim\Slim->call()
#13 /home/latihtal/public_html/agregator1/src/framework/Middleware/MethodOverride.php(92): Slim\Middleware\Flash->call()
#14 /home/latihtal/public_html/agregator1/src/middlewares/CsrfGuard/CsrfGuard.php(47): Slim\Middleware\MethodOverride->call()
#15 /home/latihtal/public_html/agregator1/src/framework/Middleware/PrettyExceptions.php(67): spark\middlewares\CsrfGuard\CsrfGuard->call()
#16 /home/latihtal/public_html/agregator1/src/framework/Slim.php(1308): Slim\Middleware\PrettyExceptions->call()
#17 /home/latihtal/public_html/agregator1/index.php(6): Slim\Slim->run()
#18 {main} [] []
[2026-03-03 17:36:04] SlimMonoLogger.INFO: Cron ran at: 03-03-2026 05:36:04 PM [] []
[2026-03-03 17:37:27] SlimMonoLogger.ERROR: Requests_Exception: cURL error 28: Connection timed out after 500002 milliseconds in /home/latihtal/public_html/agregator1/src/vendor/rmccue/requests/library/Requests/Transport/cURL.php:422
Stack trace:
#0 /home/latihtal/public_html/agregator1/src/vendor/rmccue/requests/library/Requests/Transport/cURL.php(177): Requests_Transport_cURL->process_response()
#1 /home/latihtal/public_html/agregator1/src/vendor/rmccue/requests/library/Requests.php(379): Requests_Transport_cURL->request()
#2 /home/latihtal/public_html/agregator1/src/vendor/rmccue/requests/library/Requests/Session.php(205): Requests::request()
#3 /home/latihtal/public_html/agregator1/src/vendor/rmccue/requests/library/Requests/Session.php(132): Requests_Session->request()
#4 /home/latihtal/public_html/agregator1/src/drivers/Http/RssImporter.php(144): Requests_Session->get()
#5 /home/latihtal/public_html/agregator1/src/controllers/Dashboard/DashboardFeedsController.php(534): spark\drivers\Http\RssImporter->fetchPosts()
#6 /home/latihtal/public_html/agregator1/src/controllers/Site/SiteController.php(722): spark\controllers\Dashboard\DashboardFeedsController::importFeedPosts()
#7 [internal function]: spark\controllers\Site\SiteController->runTasks()
#8 /home/latihtal/public_html/agregator1/src/framework/Route.php(173): call_user_func_array()
#9 [internal function]: Slim\Route->Slim\{closure}()
#10 /home/latihtal/public_html/agregator1/src/framework/Route.php(468): call_user_func_array()
#11 /home/latihtal/public_html/agregator1/src/framework/Slim.php(1364): Slim\Route->dispatch()
#12 /home/latihtal/public_html/agregator1/src/framework/Middleware/Flash.php(85): Slim\Slim->call()
#13 /home/latihtal/public_html/agregator1/src/framework/Middleware/MethodOverride.php(92): Slim\Middleware\Flash->call()
#14 /home/latihtal/public_html/agregator1/src/middlewares/CsrfGuard/CsrfGuard.php(47): Slim\Middleware\MethodOverride->call()
#15 /home/latihtal/public_html/agregator1/src/framework/Middleware/PrettyExceptions.php(67): spark\middlewares\CsrfGuard\CsrfGuard->call()
#16 /home/latihtal/public_html/agregator1/src/framework/Slim.php(1308): Slim\Middleware\PrettyExceptions->call()
#17 /home/latihtal/public_html/agregator1/index.php(6): Slim\Slim->run()
#18 {main} [] []
[2026-03-03 17:38:33] SlimMonoLogger.INFO: Cron ran at: 03-03-2026 05:38:33 PM [] []
[2026-03-03 17:39:12] SlimMonoLogger.ERROR: Requests_Exception: cURL error 28: Connection timed out after 500002 milliseconds in /home/latihtal/public_html/agregator1/src/vendor/rmccue/requests/library/Requests/Transport/cURL.php:422
Stack trace:
#0 /home/latihtal/public_html/agregator1/src/vendor/rmccue/requests/library/Requests/Transport/cURL.php(177): Requests_Transport_cURL->process_response()
#1 /home/latihtal/public_html/agregator1/src/vendor/rmccue/requests/library/Requests.php(379): Requests_Transport_cURL->request()
#2 /home/latihtal/public_html/agregator1/src/vendor/rmccue/requests/library/Requests/Session.php(205): Requests::request()
#3 /home/latihtal/public_html/agregator1/src/vendor/rmccue/requests/library/Requests/Session.php(132): Requests_Session->request()
#4 /home/latihtal/public_html/agregator1/src/drivers/Http/RssImporter.php(144): Requests_Session->get()
#5 /home/latihtal/public_html/agregator1/src/controllers/Dashboard/DashboardFeedsController.php(534): spark\drivers\Http\RssImporter->fetchPosts()
#6 /home/latihtal/public_html/agregator1/src/controllers/Site/SiteController.php(722): spark\controllers\Dashboard\DashboardFeedsController::importFeedPosts()
#7 [internal function]: spark\controllers\Site\SiteController->runTasks()
#8 /home/latihtal/public_html/agregator1/src/framework/Route.php(173): call_user_func_array()
#9 [internal function]: Slim\Route->Slim\{closure}()
#10 /home/latihtal/public_html/agregator1/src/framework/Route.php(468): call_user_func_array()
#11 /home/latihtal/public_html/agregator1/src/framework/Slim.php(1364): Slim\Route->dispatch()
#12 /home/latihtal/public_html/agregator1/src/framework/Middleware/Flash.php(85): Slim\Slim->call()
#13 /home/latihtal/public_html/agregator1/src/framework/Middleware/MethodOverride.php(92): Slim\Middleware\Flash->call()
#14 /home/latihtal/public_html/agregator1/src/middlewares/CsrfGuard/CsrfGuard.php(47): Slim\Middleware\MethodOverride->call()
#15 /home/latihtal/public_html/agregator1/src/framework/Middleware/PrettyExceptions.php(67): spark\middlewares\CsrfGuard\CsrfGuard->call()
#16 /home/latihtal/public_html/agregator1/src/framework/Slim.php(1308): Slim\Middleware\PrettyExceptions->call()
#17 /home/latihtal/public_html/agregator1/index.php(6): Slim\Slim->run()
#18 {main} [] []
[2026-03-03 17:40:17] SlimMonoLogger.INFO: Cron ran at: 03-03-2026 05:40:17 PM [] []
[2026-03-03 17:41:27] SlimMonoLogger.INFO: Cron ran at: 03-03-2026 05:41:27 PM [] []
[2026-03-03 17:43:56] SlimMonoLogger.ERROR: Requests_Exception: cURL error 28: Connection timed out after 500001 milliseconds in /home/latihtal/public_html/agregator1/src/vendor/rmccue/requests/library/Requests/Transport/cURL.php:422
Stack trace:
#0 /home/latihtal/public_html/agregator1/src/vendor/rmccue/requests/library/Requests/Transport/cURL.php(177): Requests_Transport_cURL->process_response()
#1 /home/latihtal/public_html/agregator1/src/vendor/rmccue/requests/library/Requests.php(379): Requests_Transport_cURL->request()
#2 /home/latihtal/public_html/agregator1/src/vendor/rmccue/requests/library/Requests/Session.php(205): Requests::request()
#3 /home/latihtal/public_html/agregator1/src/vendor/rmccue/requests/library/Requests/Session.php(132): Requests_Session->request()
#4 /home/latihtal/public_html/agregator1/src/drivers/Http/RssImporter.php(144): Requests_Session->get()
#5 /home/latihtal/public_html/agregator1/src/controllers/Dashboard/DashboardFeedsController.php(534): spark\drivers\Http\RssImporter->fetchPosts()
#6 /home/latihtal/public_html/agregator1/src/controllers/Site/SiteController.php(722): spark\controllers\Dashboard\DashboardFeedsController::importFeedPosts()
#7 [internal function]: spark\controllers\Site\SiteController->runTasks()
#8 /home/latihtal/public_html/agregator1/src/framework/Route.php(173): call_user_func_array()
#9 [internal function]: Slim\Route->Slim\{closure}()
#10 /home/latihtal/public_html/agregator1/src/framework/Route.php(468): call_user_func_array()
#11 /home/latihtal/public_html/agregator1/src/framework/Slim.php(1364): Slim\Route->dispatch()
#12 /home/latihtal/public_html/agregator1/src/framework/Middleware/Flash.php(85): Slim\Slim->call()
#13 /home/latihtal/public_html/agregator1/src/framework/Middleware/MethodOverride.php(92): Slim\Middleware\Flash->call()
#14 /home/latihtal/public_html/agregator1/src/middlewares/CsrfGuard/CsrfGuard.php(47): Slim\Middleware\MethodOverride->call()
#15 /home/latihtal/public_html/agregator1/src/framework/Middleware/PrettyExceptions.php(67): spark\middlewares\CsrfGuard\CsrfGuard->call()
#16 /home/latihtal/public_html/agregator1/src/framework/Slim.php(1308): Slim\Middleware\PrettyExceptions->call()
#17 /home/latihtal/public_html/agregator1/index.php(6): Slim\Slim->run()
#18 {main} [] []
[2026-03-03 17:45:13] SlimMonoLogger.INFO: Cron ran at: 03-03-2026 05:45:13 PM [] []
[2026-03-03 17:46:25] SlimMonoLogger.INFO: Cron ran at: 03-03-2026 05:46:25 PM [] []
[2026-03-03 17:51:35] SlimMonoLogger.INFO: Cron ran at: 03-03-2026 05:51:35 PM [] []
[2026-03-03 17:56:29] SlimMonoLogger.INFO: Cron ran at: 03-03-2026 05:56:29 PM [] []
[2026-03-03 18:01:44] SlimMonoLogger.INFO: Cron ran at: 03-03-2026 06:01:44 PM [] []
[2026-03-03 18:06:27] SlimMonoLogger.INFO: Cron ran at: 03-03-2026 06:06:27 PM [] []
[2026-03-03 18:11:38] SlimMonoLogger.INFO: Cron ran at: 03-03-2026 06:11:38 PM [] []
[2026-03-03 18:16:33] SlimMonoLogger.INFO: Cron ran at: 03-03-2026 06:16:33 PM [] []
[2026-03-03 18:21:34] SlimMonoLogger.INFO: Cron ran at: 03-03-2026 06:21:34 PM [] []
[2026-03-03 18:26:41] SlimMonoLogger.INFO: Cron ran at: 03-03-2026 06:26:41 PM [] []
[2026-03-03 18:31:43] SlimMonoLogger.INFO: Cron ran at: 03-03-2026 06:31:43 PM [] []
[2026-03-03 18:36:41] SlimMonoLogger.INFO: Cron ran at: 03-03-2026 06:36:41 PM [] []
[2026-03-03 18:41:46] SlimMonoLogger.INFO: Cron ran at: 03-03-2026 06:41:46 PM [] []
[2026-03-03 18:46:37] SlimMonoLogger.INFO: Cron ran at: 03-03-2026 06:46:37 PM [] []
[2026-03-03 18:51:40] SlimMonoLogger.INFO: Cron ran at: 03-03-2026 06:51:40 PM [] []
[2026-03-03 18:56:43] SlimMonoLogger.INFO: Cron ran at: 03-03-2026 06:56:43 PM [] []
[2026-03-03 19:02:03] SlimMonoLogger.INFO: Cron ran at: 03-03-2026 07:02:03 PM [] []
[2026-03-03 19:06:29] SlimMonoLogger.INFO: Cron ran at: 03-03-2026 07:06:29 PM [] []
[2026-03-03 19:12:15] SlimMonoLogger.INFO: Cron ran at: 03-03-2026 07:12:15 PM [] []
[2026-03-03 19:17:35] SlimMonoLogger.INFO: Cron ran at: 03-03-2026 07:17:35 PM [] []
[2026-03-03 19:21:53] SlimMonoLogger.INFO: Cron ran at: 03-03-2026 07:21:53 PM [] []
[2026-03-03 19:27:38] SlimMonoLogger.INFO: Cron ran at: 03-03-2026 07:27:38 PM [] []
[2026-03-03 19:34:07] SlimMonoLogger.INFO: Cron ran at: 03-03-2026 07:34:07 PM [] []
[2026-03-03 19:43:04] SlimMonoLogger.INFO: Cron ran at: 03-03-2026 07:43:04 PM [] []
[2026-03-03 19:44:27] SlimMonoLogger.ERROR: Requests_Exception: cURL error 28: Operation timed out after 500001 milliseconds with 0 bytes received in /home/latihtal/public_html/agregator1/src/vendor/rmccue/requests/library/Requests/Transport/cURL.php:422
Stack trace:
#0 /home/latihtal/public_html/agregator1/src/vendor/rmccue/requests/library/Requests/Transport/cURL.php(177): Requests_Transport_cURL->process_response()
#1 /home/latihtal/public_html/agregator1/src/vendor/rmccue/requests/library/Requests.php(379): Requests_Transport_cURL->request()
#2 /home/latihtal/public_html/agregator1/src/vendor/rmccue/requests/library/Requests/Session.php(205): Requests::request()
#3 /home/latihtal/public_html/agregator1/src/vendor/rmccue/requests/library/Requests/Session.php(132): Requests_Session->request()
#4 /home/latihtal/public_html/agregator1/src/drivers/Http/RssImporter.php(144): Requests_Session->get()
#5 /home/latihtal/public_html/agregator1/src/controllers/Dashboard/DashboardFeedsController.php(534): spark\drivers\Http\RssImporter->fetchPosts()
#6 /home/latihtal/public_html/agregator1/src/controllers/Site/SiteController.php(722): spark\controllers\Dashboard\DashboardFeedsController::importFeedPosts()
#7 [internal function]: spark\controllers\Site\SiteController->runTasks()
#8 /home/latihtal/public_html/agregator1/src/framework/Route.php(173): call_user_func_array()
#9 [internal function]: Slim\Route->Slim\{closure}()
#10 /home/latihtal/public_html/agregator1/src/framework/Route.php(468): call_user_func_array()
#11 /home/latihtal/public_html/agregator1/src/framework/Slim.php(1364): Slim\Route->dispatch()
#12 /home/latihtal/public_html/agregator1/src/framework/Middleware/Flash.php(85): Slim\Slim->call()
#13 /home/latihtal/public_html/agregator1/src/framework/Middleware/MethodOverride.php(92): Slim\Middleware\Flash->call()
#14 /home/latihtal/public_html/agregator1/src/middlewares/CsrfGuard/CsrfGuard.php(47): Slim\Middleware\MethodOverride->call()
#15 /home/latihtal/public_html/agregator1/src/framework/Middleware/PrettyExceptions.php(67): spark\middlewares\CsrfGuard\CsrfGuard->call()
#16 /home/latihtal/public_html/agregator1/src/framework/Slim.php(1308): Slim\Middleware\PrettyExceptions->call()
#17 /home/latihtal/public_html/agregator1/index.php(6): Slim\Slim->run()
#18 {main} [] []
[2026-03-03 19:45:02] SlimMonoLogger.INFO: Cron ran at: 03-03-2026 07:45:02 PM [] []
[2026-03-03 19:48:14] SlimMonoLogger.ERROR: Requests_Exception: cURL error 28: Failed to connect to racin.mk port 443 after 129693 ms: Could not connect to server in /home/latihtal/public_html/agregator1/src/vendor/rmccue/requests/library/Requests/Transport/cURL.php:422
Stack trace:
#0 /home/latihtal/public_html/agregator1/src/vendor/rmccue/requests/library/Requests/Transport/cURL.php(177): Requests_Transport_cURL->process_response()
#1 /home/latihtal/public_html/agregator1/src/vendor/rmccue/requests/library/Requests.php(379): Requests_Transport_cURL->request()
#2 /home/latihtal/public_html/agregator1/src/vendor/rmccue/requests/library/Requests/Session.php(205): Requests::request()
#3 /home/latihtal/public_html/agregator1/src/vendor/rmccue/requests/library/Requests/Session.php(132): Requests_Session->request()
#4 /home/latihtal/public_html/agregator1/src/drivers/Http/RssImporter.php(144): Requests_Session->get()
#5 /home/latihtal/public_html/agregator1/src/controllers/Dashboard/DashboardFeedsController.php(534): spark\drivers\Http\RssImporter->fetchPosts()
#6 /home/latihtal/public_html/agregator1/src/controllers/Site/SiteController.php(722): spark\controllers\Dashboard\DashboardFeedsController::importFeedPosts()
#7 [internal function]: spark\controllers\Site\SiteController->runTasks()
#8 /home/latihtal/public_html/agregator1/src/framework/Route.php(173): call_user_func_array()
#9 [internal function]: Slim\Route->Slim\{closure}()
#10 /home/latihtal/public_html/agregator1/src/framework/Route.php(468): call_user_func_array()
#11 /home/latihtal/public_html/agregator1/src/framework/Slim.php(1364): Slim\Route->dispatch()
#12 /home/latihtal/public_html/agregator1/src/framework/Middleware/Flash.php(85): Slim\Slim->call()
#13 /home/latihtal/public_html/agregator1/src/framework/Middleware/MethodOverride.php(92): Slim\Middleware\Flash->call()
#14 /home/latihtal/public_html/agregator1/src/middlewares/CsrfGuard/CsrfGuard.php(47): Slim\Middleware\MethodOverride->call()
#15 /home/latihtal/public_html/agregator1/src/framework/Middleware/PrettyExceptions.php(67): spark\middlewares\CsrfGuard\CsrfGuard->call()
#16 /home/latihtal/public_html/agregator1/src/framework/Slim.php(1308): Slim\Middleware\PrettyExceptions->call()
#17 /home/latihtal/public_html/agregator1/index.php(6): Slim\Slim->run()
#18 {main} [] []
[2026-03-03 19:49:41] SlimMonoLogger.INFO: Cron ran at: 03-03-2026 07:49:41 PM [] []
[2026-03-03 19:53:39] SlimMonoLogger.INFO: Cron ran at: 03-03-2026 07:53:39 PM [] []
[2026-03-03 19:56:53] SlimMonoLogger.INFO: Cron ran at: 03-03-2026 07:56:53 PM [] []
[2026-03-03 20:01:50] SlimMonoLogger.INFO: Cron ran at: 03-03-2026 08:01:50 PM [] []
[2026-03-03 20:06:37] SlimMonoLogger.INFO: Cron ran at: 03-03-2026 08:06:37 PM [] []
[2026-03-03 20:12:05] SlimMonoLogger.INFO: Cron ran at: 03-03-2026 08:12:05 PM [] []
[2026-03-03 20:16:54] SlimMonoLogger.INFO: Cron ran at: 03-03-2026 08:16:54 PM [] []
[2026-03-03 20:21:36] SlimMonoLogger.INFO: Cron ran at: 03-03-2026 08:21:36 PM [] []
[2026-03-03 20:26:36] SlimMonoLogger.INFO: Cron ran at: 03-03-2026 08:26:36 PM [] []
[2026-03-03 20:31:32] SlimMonoLogger.INFO: Cron ran at: 03-03-2026 08:31:32 PM [] []
[2026-03-03 20:36:39] SlimMonoLogger.INFO: Cron ran at: 03-03-2026 08:36:39 PM [] []
[2026-03-03 20:41:53] SlimMonoLogger.INFO: Cron ran at: 03-03-2026 08:41:53 PM [] []
[2026-03-03 20:46:37] SlimMonoLogger.INFO: Cron ran at: 03-03-2026 08:46:37 PM [] []
[2026-03-03 20:51:47] SlimMonoLogger.INFO: Cron ran at: 03-03-2026 08:51:47 PM [] []
[2026-03-03 20:56:43] SlimMonoLogger.INFO: Cron ran at: 03-03-2026 08:56:43 PM [] []
[2026-03-03 21:01:28] SlimMonoLogger.INFO: Cron ran at: 03-03-2026 09:01:28 PM [] []
[2026-03-03 21:06:28] SlimMonoLogger.INFO: Cron ran at: 03-03-2026 09:06:28 PM [] []
[2026-03-03 21:11:34] SlimMonoLogger.INFO: Cron ran at: 03-03-2026 09:11:34 PM [] []
[2026-03-03 21:16:33] SlimMonoLogger.INFO: Cron ran at: 03-03-2026 09:16:33 PM [] []
[2026-03-03 21:21:25] SlimMonoLogger.INFO: Cron ran at: 03-03-2026 09:21:25 PM [] []
[2026-03-03 21:26:15] SlimMonoLogger.INFO: Cron ran at: 03-03-2026 09:26:15 PM [] []
[2026-03-03 21:31:23] SlimMonoLogger.INFO: Cron ran at: 03-03-2026 09:31:23 PM [] []
[2026-03-03 21:36:32] SlimMonoLogger.INFO: Cron ran at: 03-03-2026 09:36:32 PM [] []
[2026-03-03 21:41:32] SlimMonoLogger.INFO: Cron ran at: 03-03-2026 09:41:32 PM [] []
[2026-03-03 21:46:27] SlimMonoLogger.INFO: Cron ran at: 03-03-2026 09:46:27 PM [] []
[2026-03-03 21:51:26] SlimMonoLogger.INFO: Cron ran at: 03-03-2026 09:51:26 PM [] []
[2026-03-03 21:56:26] SlimMonoLogger.INFO: Cron ran at: 03-03-2026 09:56:26 PM [] []
[2026-03-03 22:01:35] SlimMonoLogger.INFO: Cron ran at: 03-03-2026 10:01:35 PM [] []
[2026-03-03 22:06:21] SlimMonoLogger.INFO: Cron ran at: 03-03-2026 10:06:21 PM [] []
[2026-03-03 22:11:27] SlimMonoLogger.INFO: Cron ran at: 03-03-2026 10:11:27 PM [] []
[2026-03-03 22:16:19] SlimMonoLogger.INFO: Cron ran at: 03-03-2026 10:16:19 PM [] []
[2026-03-03 22:21:19] SlimMonoLogger.INFO: Cron ran at: 03-03-2026 10:21:19 PM [] []
[2026-03-03 22:26:18] SlimMonoLogger.INFO: Cron ran at: 03-03-2026 10:26:18 PM [] []
[2026-03-03 22:31:25] SlimMonoLogger.INFO: Cron ran at: 03-03-2026 10:31:25 PM [] []
[2026-03-03 22:36:15] SlimMonoLogger.INFO: Cron ran at: 03-03-2026 10:36:15 PM [] []
[2026-03-03 22:41:19] SlimMonoLogger.INFO: Cron ran at: 03-03-2026 10:41:19 PM [] []
[2026-03-03 22:46:17] SlimMonoLogger.INFO: Cron ran at: 03-03-2026 10:46:17 PM [] []
[2026-03-03 22:51:19] SlimMonoLogger.INFO: Cron ran at: 03-03-2026 10:51:19 PM [] []
[2026-03-03 22:56:11] SlimMonoLogger.INFO: Cron ran at: 03-03-2026 10:56:11 PM [] []
[2026-03-03 23:01:26] SlimMonoLogger.INFO: Cron ran at: 03-03-2026 11:01:26 PM [] []
[2026-03-03 23:06:07] SlimMonoLogger.INFO: Cron ran at: 03-03-2026 11:06:07 PM [] []
[2026-03-03 23:11:07] SlimMonoLogger.INFO: Cron ran at: 03-03-2026 11:11:07 PM [] []
[2026-03-03 23:16:12] SlimMonoLogger.INFO: Cron ran at: 03-03-2026 11:16:12 PM [] []
[2026-03-03 23:22:00] SlimMonoLogger.INFO: Cron ran at: 03-03-2026 11:22:00 PM [] []
[2026-03-03 23:27:27] SlimMonoLogger.INFO: Cron ran at: 03-03-2026 11:27:27 PM [] []
[2026-03-03 23:31:11] SlimMonoLogger.INFO: Cron ran at: 03-03-2026 11:31:11 PM [] []
[2026-03-03 23:41:19] SlimMonoLogger.INFO: Cron ran at: 03-03-2026 11:41:19 PM [] []
[2026-03-03 23:46:11] SlimMonoLogger.INFO: Cron ran at: 03-03-2026 11:46:11 PM [] []
[2026-03-03 23:51:16] SlimMonoLogger.INFO: Cron ran at: 03-03-2026 11:51:16 PM [] []
[2026-03-03 23:56:13] SlimMonoLogger.INFO: Cron ran at: 03-03-2026 11:56:13 PM [] []
[2026-03-04 00:06:37] SlimMonoLogger.INFO: Cron ran at: 04-03-2026 12:06:37 AM [] []
[2026-03-04 00:11:23] SlimMonoLogger.INFO: Cron ran at: 04-03-2026 12:11:23 AM [] []
[2026-03-04 00:16:11] SlimMonoLogger.INFO: Cron ran at: 04-03-2026 12:16:11 AM [] []
[2026-03-04 00:21:12] SlimMonoLogger.INFO: Cron ran at: 04-03-2026 12:21:12 AM [] []
[2026-03-04 00:26:16] SlimMonoLogger.INFO: Cron ran at: 04-03-2026 12:26:16 AM [] []
[2026-03-04 00:31:38] SlimMonoLogger.INFO: Cron ran at: 04-03-2026 12:31:38 AM [] []
[2026-03-04 00:36:17] SlimMonoLogger.INFO: Cron ran at: 04-03-2026 12:36:17 AM [] []
[2026-03-04 00:41:18] SlimMonoLogger.INFO: Cron ran at: 04-03-2026 12:41:18 AM [] []
[2026-03-04 00:46:10] SlimMonoLogger.INFO: Cron ran at: 04-03-2026 12:46:10 AM [] []
[2026-03-04 00:51:19] SlimMonoLogger.INFO: Cron ran at: 04-03-2026 12:51:19 AM [] []
[2026-03-04 00:56:16] SlimMonoLogger.INFO: Cron ran at: 04-03-2026 12:56:16 AM [] []
