[2026-02-03 01:01:25] SlimMonoLogger.INFO: Cron ran at: 03-02-2026 01:01:25 AM [] []
[2026-02-03 01:06:18] SlimMonoLogger.INFO: Cron ran at: 03-02-2026 01:06:18 AM [] []
[2026-02-03 01:11:21] SlimMonoLogger.INFO: Cron ran at: 03-02-2026 01:11:21 AM [] []
[2026-02-03 01:16:18] SlimMonoLogger.INFO: Cron ran at: 03-02-2026 01:16:18 AM [] []
[2026-02-03 01:21:15] SlimMonoLogger.INFO: Cron ran at: 03-02-2026 01:21:15 AM [] []
[2026-02-03 01:26:19] SlimMonoLogger.INFO: Cron ran at: 03-02-2026 01:26:19 AM [] []
[2026-02-03 01:31:30] SlimMonoLogger.INFO: Cron ran at: 03-02-2026 01:31:30 AM [] []
[2026-02-03 01:36:19] SlimMonoLogger.INFO: Cron ran at: 03-02-2026 01:36:19 AM [] []
[2026-02-03 01:41:21] SlimMonoLogger.INFO: Cron ran at: 03-02-2026 01:41:21 AM [] []
[2026-02-03 01:46:26] SlimMonoLogger.INFO: Cron ran at: 03-02-2026 01:46:26 AM [] []
[2026-02-03 01:51:15] SlimMonoLogger.INFO: Cron ran at: 03-02-2026 01:51:15 AM [] []
[2026-02-03 01:56:22] SlimMonoLogger.INFO: Cron ran at: 03-02-2026 01:56:22 AM [] []
[2026-02-03 02:01:20] SlimMonoLogger.INFO: Cron ran at: 03-02-2026 02:01:20 AM [] []
[2026-02-03 02:06:26] SlimMonoLogger.INFO: Cron ran at: 03-02-2026 02:06:26 AM [] []
[2026-02-03 02:11:18] SlimMonoLogger.INFO: Cron ran at: 03-02-2026 02:11:18 AM [] []
[2026-02-03 02:16:27] SlimMonoLogger.INFO: Cron ran at: 03-02-2026 02:16:27 AM [] []
[2026-02-03 02:21:21] SlimMonoLogger.INFO: Cron ran at: 03-02-2026 02:21:21 AM [] []
[2026-02-03 02:26:18] SlimMonoLogger.INFO: Cron ran at: 03-02-2026 02:26:18 AM [] []
[2026-02-03 02:31:18] SlimMonoLogger.INFO: Cron ran at: 03-02-2026 02:31:18 AM [] []
[2026-02-03 02:36:22] SlimMonoLogger.INFO: Cron ran at: 03-02-2026 02:36:22 AM [] []
[2026-02-03 02:41:18] SlimMonoLogger.INFO: Cron ran at: 03-02-2026 02:41:18 AM [] []
[2026-02-03 02:46:22] SlimMonoLogger.INFO: Cron ran at: 03-02-2026 02:46:22 AM [] []
[2026-02-03 02:51:22] SlimMonoLogger.INFO: Cron ran at: 03-02-2026 02:51:22 AM [] []
[2026-02-03 02:56:19] SlimMonoLogger.INFO: Cron ran at: 03-02-2026 02:56:19 AM [] []
[2026-02-03 03:01:25] SlimMonoLogger.INFO: Cron ran at: 03-02-2026 03:01:25 AM [] []
[2026-02-03 03:06:18] SlimMonoLogger.INFO: Cron ran at: 03-02-2026 03:06:18 AM [] []
[2026-02-03 03:11:15] SlimMonoLogger.INFO: Cron ran at: 03-02-2026 03:11:15 AM [] []
[2026-02-03 03:16:16] SlimMonoLogger.INFO: Cron ran at: 03-02-2026 03:16:16 AM [] []
[2026-02-03 03:21:23] SlimMonoLogger.INFO: Cron ran at: 03-02-2026 03:21:23 AM [] []
[2026-02-03 03:26:19] SlimMonoLogger.INFO: Cron ran at: 03-02-2026 03:26:19 AM [] []
[2026-02-03 03:31:32] SlimMonoLogger.INFO: Cron ran at: 03-02-2026 03:31:32 AM [] []
[2026-02-03 03:36:19] SlimMonoLogger.INFO: Cron ran at: 03-02-2026 03:36:19 AM [] []
[2026-02-03 03:41:15] SlimMonoLogger.INFO: Cron ran at: 03-02-2026 03:41:15 AM [] []
[2026-02-03 03:46:13] SlimMonoLogger.INFO: Cron ran at: 03-02-2026 03:46:13 AM [] []
[2026-02-03 03:51:24] SlimMonoLogger.INFO: Cron ran at: 03-02-2026 03:51:24 AM [] []
[2026-02-03 03:56:14] SlimMonoLogger.INFO: Cron ran at: 03-02-2026 03:56:14 AM [] []
[2026-02-03 04:01:29] SlimMonoLogger.INFO: Cron ran at: 03-02-2026 04:01:29 AM [] []
[2026-02-03 04:06:18] SlimMonoLogger.INFO: Cron ran at: 03-02-2026 04:06:18 AM [] []
[2026-02-03 04:11:23] SlimMonoLogger.INFO: Cron ran at: 03-02-2026 04:11:23 AM [] []
[2026-02-03 04:16:11] SlimMonoLogger.INFO: Cron ran at: 03-02-2026 04:16:11 AM [] []
[2026-02-03 04:21:13] SlimMonoLogger.INFO: Cron ran at: 03-02-2026 04:21:13 AM [] []
[2026-02-03 04:26:12] SlimMonoLogger.INFO: Cron ran at: 03-02-2026 04:26:12 AM [] []
[2026-02-03 04:31:14] SlimMonoLogger.INFO: Cron ran at: 03-02-2026 04:31:14 AM [] []
[2026-02-03 04:36:12] SlimMonoLogger.INFO: Cron ran at: 03-02-2026 04:36:12 AM [] []
[2026-02-03 04:41:13] SlimMonoLogger.INFO: Cron ran at: 03-02-2026 04:41:13 AM [] []
[2026-02-03 04:46:09] SlimMonoLogger.INFO: Cron ran at: 03-02-2026 04:46:09 AM [] []
[2026-02-03 04:51:11] SlimMonoLogger.INFO: Cron ran at: 03-02-2026 04:51:11 AM [] []
[2026-02-03 04:56:13] SlimMonoLogger.INFO: Cron ran at: 03-02-2026 04:56:13 AM [] []
[2026-02-03 05:01:19] SlimMonoLogger.INFO: Cron ran at: 03-02-2026 05:01:19 AM [] []
[2026-02-03 05:06:16] SlimMonoLogger.INFO: Cron ran at: 03-02-2026 05:06:16 AM [] []
[2026-02-03 05:11:17] SlimMonoLogger.INFO: Cron ran at: 03-02-2026 05:11:17 AM [] []
[2026-02-03 05:16:16] SlimMonoLogger.INFO: Cron ran at: 03-02-2026 05:16:16 AM [] []
[2026-02-03 05:21:13] SlimMonoLogger.INFO: Cron ran at: 03-02-2026 05:21:13 AM [] []
[2026-02-03 05:26:15] SlimMonoLogger.INFO: Cron ran at: 03-02-2026 05:26:15 AM [] []
[2026-02-03 05:31:18] SlimMonoLogger.INFO: Cron ran at: 03-02-2026 05:31:18 AM [] []
[2026-02-03 05:36:13] SlimMonoLogger.INFO: Cron ran at: 03-02-2026 05:36:13 AM [] []
[2026-02-03 05:41:12] SlimMonoLogger.INFO: Cron ran at: 03-02-2026 05:41:12 AM [] []
[2026-02-03 05:46:13] SlimMonoLogger.INFO: Cron ran at: 03-02-2026 05:46:13 AM [] []
[2026-02-03 05:51:13] SlimMonoLogger.INFO: Cron ran at: 03-02-2026 05:51:13 AM [] []
[2026-02-03 05:56:08] SlimMonoLogger.INFO: Cron ran at: 03-02-2026 05:56:08 AM [] []
[2026-02-03 06:01:25] SlimMonoLogger.INFO: Cron ran at: 03-02-2026 06:01:25 AM [] []
[2026-02-03 06:06:09] SlimMonoLogger.INFO: Cron ran at: 03-02-2026 06:06:09 AM [] []
[2026-02-03 06:11:10] SlimMonoLogger.INFO: Cron ran at: 03-02-2026 06:11:10 AM [] []
[2026-02-03 06:16:14] SlimMonoLogger.INFO: Cron ran at: 03-02-2026 06:16:14 AM [] []
[2026-02-03 06:21:13] SlimMonoLogger.INFO: Cron ran at: 03-02-2026 06:21:13 AM [] []
[2026-02-03 06:26:12] SlimMonoLogger.INFO: Cron ran at: 03-02-2026 06:26:12 AM [] []
[2026-02-03 06:31:25] SlimMonoLogger.INFO: Cron ran at: 03-02-2026 06:31:25 AM [] []
[2026-02-03 06:36:12] SlimMonoLogger.INFO: Cron ran at: 03-02-2026 06:36:12 AM [] []
[2026-02-03 06:41:14] SlimMonoLogger.INFO: Cron ran at: 03-02-2026 06:41:14 AM [] []
[2026-02-03 06:46:11] SlimMonoLogger.INFO: Cron ran at: 03-02-2026 06:46:11 AM [] []
[2026-02-03 06:51:19] SlimMonoLogger.INFO: Cron ran at: 03-02-2026 06:51:19 AM [] []
[2026-02-03 06:56:14] SlimMonoLogger.INFO: Cron ran at: 03-02-2026 06:56:14 AM [] []
[2026-02-03 07:01:19] SlimMonoLogger.INFO: Cron ran at: 03-02-2026 07:01:19 AM [] []
[2026-02-03 07:06:19] SlimMonoLogger.INFO: Cron ran at: 03-02-2026 07:06:19 AM [] []
[2026-02-03 07:11:14] SlimMonoLogger.INFO: Cron ran at: 03-02-2026 07:11:14 AM [] []
[2026-02-03 07:16:10] SlimMonoLogger.INFO: Cron ran at: 03-02-2026 07:16:10 AM [] []
[2026-02-03 07:21:11] SlimMonoLogger.INFO: Cron ran at: 03-02-2026 07:21:11 AM [] []
[2026-02-03 07:26:10] SlimMonoLogger.INFO: Cron ran at: 03-02-2026 07:26:10 AM [] []
[2026-02-03 07:31:16] SlimMonoLogger.INFO: Cron ran at: 03-02-2026 07:31:16 AM [] []
[2026-02-03 07:36:15] SlimMonoLogger.INFO: Cron ran at: 03-02-2026 07:36:15 AM [] []
[2026-02-03 07:41:17] SlimMonoLogger.INFO: Cron ran at: 03-02-2026 07:41:17 AM [] []
[2026-02-03 07:46:17] SlimMonoLogger.INFO: Cron ran at: 03-02-2026 07:46:17 AM [] []
[2026-02-03 07:51:10] SlimMonoLogger.INFO: Cron ran at: 03-02-2026 07:51:10 AM [] []
[2026-02-03 07:56:11] SlimMonoLogger.INFO: Cron ran at: 03-02-2026 07:56:11 AM [] []
[2026-02-03 08:01:11] SlimMonoLogger.INFO: Cron ran at: 03-02-2026 08:01:11 AM [] []
[2026-02-03 08:06:16] SlimMonoLogger.INFO: Cron ran at: 03-02-2026 08:06:16 AM [] []
[2026-02-03 08:11:28] SlimMonoLogger.INFO: Cron ran at: 03-02-2026 08:11:28 AM [] []
[2026-02-03 08:16:16] SlimMonoLogger.INFO: Cron ran at: 03-02-2026 08:16:16 AM [] []
[2026-02-03 08:21:20] SlimMonoLogger.INFO: Cron ran at: 03-02-2026 08:21:20 AM [] []
[2026-02-03 08:26:14] SlimMonoLogger.INFO: Cron ran at: 03-02-2026 08:26:14 AM [] []
[2026-02-03 08:31:19] SlimMonoLogger.INFO: Cron ran at: 03-02-2026 08:31:19 AM [] []
[2026-02-03 08:46:32] SlimMonoLogger.INFO: Cron ran at: 03-02-2026 08:46:32 AM [] []
[2026-02-03 08:51:25] SlimMonoLogger.INFO: Cron ran at: 03-02-2026 08:51:25 AM [] []
[2026-02-03 08:56:33] SlimMonoLogger.INFO: Cron ran at: 03-02-2026 08:56:33 AM [] []
[2026-02-03 09:01:41] SlimMonoLogger.INFO: Cron ran at: 03-02-2026 09:01:41 AM [] []
[2026-02-03 09:06:28] SlimMonoLogger.INFO: Cron ran at: 03-02-2026 09:06:28 AM [] []
[2026-02-03 09:11:23] SlimMonoLogger.INFO: Cron ran at: 03-02-2026 09:11:23 AM [] []
[2026-02-03 09:16:19] SlimMonoLogger.INFO: Cron ran at: 03-02-2026 09:16:19 AM [] []
[2026-02-03 09:21:26] SlimMonoLogger.INFO: Cron ran at: 03-02-2026 09:21:26 AM [] []
[2026-02-03 09:26:28] SlimMonoLogger.INFO: Cron ran at: 03-02-2026 09:26:28 AM [] []
[2026-02-03 09:36:30] SlimMonoLogger.INFO: Cron ran at: 03-02-2026 09:36:30 AM [] []
[2026-02-03 09:46:34] SlimMonoLogger.INFO: Cron ran at: 03-02-2026 09:46:34 AM [] []
[2026-02-03 09:51:27] SlimMonoLogger.INFO: Cron ran at: 03-02-2026 09:51:27 AM [] []
[2026-02-03 09:56:49] SlimMonoLogger.INFO: Cron ran at: 03-02-2026 09:56:49 AM [] []
[2026-02-03 10:01:40] SlimMonoLogger.INFO: Cron ran at: 03-02-2026 10:01:40 AM [] []
[2026-02-03 10:06:26] SlimMonoLogger.INFO: Cron ran at: 03-02-2026 10:06:26 AM [] []
[2026-02-03 10:11:38] SlimMonoLogger.INFO: Cron ran at: 03-02-2026 10:11:38 AM [] []
[2026-02-03 10:16:16] SlimMonoLogger.INFO: Cron ran at: 03-02-2026 10:16:16 AM [] []
[2026-02-03 10:21:20] SlimMonoLogger.INFO: Cron ran at: 03-02-2026 10:21:20 AM [] []
[2026-02-03 10:26:16] SlimMonoLogger.INFO: Cron ran at: 03-02-2026 10:26:16 AM [] []
[2026-02-03 10:31:22] SlimMonoLogger.INFO: Cron ran at: 03-02-2026 10:31:22 AM [] []
[2026-02-03 10:36:23] SlimMonoLogger.INFO: Cron ran at: 03-02-2026 10:36:23 AM [] []
[2026-02-03 10:41:19] SlimMonoLogger.INFO: Cron ran at: 03-02-2026 10:41:19 AM [] []
[2026-02-03 10:46:17] SlimMonoLogger.INFO: Cron ran at: 03-02-2026 10:46:17 AM [] []
[2026-02-03 10:51:25] SlimMonoLogger.INFO: Cron ran at: 03-02-2026 10:51:25 AM [] []
[2026-02-03 10:56:22] SlimMonoLogger.INFO: Cron ran at: 03-02-2026 10:56:22 AM [] []
[2026-02-03 11:01:26] SlimMonoLogger.INFO: Cron ran at: 03-02-2026 11:01:26 AM [] []
[2026-02-03 11:06:16] SlimMonoLogger.INFO: Cron ran at: 03-02-2026 11:06:16 AM [] []
[2026-02-03 11:11:14] SlimMonoLogger.INFO: Cron ran at: 03-02-2026 11:11:14 AM [] []
[2026-02-03 11:16:26] SlimMonoLogger.INFO: Cron ran at: 03-02-2026 11:16:26 AM [] []
[2026-02-03 11:21:20] SlimMonoLogger.INFO: Cron ran at: 03-02-2026 11:21:20 AM [] []
[2026-02-03 11:26:18] SlimMonoLogger.INFO: Cron ran at: 03-02-2026 11:26:18 AM [] []
[2026-02-03 11:31:19] SlimMonoLogger.INFO: Cron ran at: 03-02-2026 11:31:19 AM [] []
[2026-02-03 11:36:22] SlimMonoLogger.INFO: Cron ran at: 03-02-2026 11:36:22 AM [] []
[2026-02-03 11:41:21] SlimMonoLogger.INFO: Cron ran at: 03-02-2026 11:41:21 AM [] []
[2026-02-03 11:46:21] SlimMonoLogger.INFO: Cron ran at: 03-02-2026 11:46:21 AM [] []
[2026-02-03 11:51:24] SlimMonoLogger.INFO: Cron ran at: 03-02-2026 11:51:24 AM [] []
[2026-02-03 11:56:19] SlimMonoLogger.INFO: Cron ran at: 03-02-2026 11:56:19 AM [] []
[2026-02-03 12:01:34] SlimMonoLogger.INFO: Cron ran at: 03-02-2026 12:01:34 PM [] []
[2026-02-03 12:06:28] SlimMonoLogger.INFO: Cron ran at: 03-02-2026 12:06:28 PM [] []
[2026-02-03 12:12:38] SlimMonoLogger.INFO: Cron ran at: 03-02-2026 12:12:38 PM [] []
[2026-02-03 12:16:16] SlimMonoLogger.INFO: Cron ran at: 03-02-2026 12:16:16 PM [] []
[2026-02-03 12:21:18] SlimMonoLogger.INFO: Cron ran at: 03-02-2026 12:21:18 PM [] []
[2026-02-03 12:26:25] SlimMonoLogger.INFO: Cron ran at: 03-02-2026 12:26:25 PM [] []
[2026-02-03 12:31:25] SlimMonoLogger.INFO: Cron ran at: 03-02-2026 12:31:25 PM [] []
[2026-02-03 12:36:14] SlimMonoLogger.INFO: Cron ran at: 03-02-2026 12:36:14 PM [] []
[2026-02-03 12:41:27] SlimMonoLogger.INFO: Cron ran at: 03-02-2026 12:41:27 PM [] []
[2026-02-03 12:46:17] SlimMonoLogger.INFO: Cron ran at: 03-02-2026 12:46:17 PM [] []
[2026-02-03 12:51:25] SlimMonoLogger.INFO: Cron ran at: 03-02-2026 12:51:25 PM [] []
[2026-02-03 12:56:12] SlimMonoLogger.INFO: Cron ran at: 03-02-2026 12:56:12 PM [] []
[2026-02-03 13:01:29] SlimMonoLogger.INFO: Cron ran at: 03-02-2026 01:01:29 PM [] []
[2026-02-03 13:06:22] SlimMonoLogger.INFO: Cron ran at: 03-02-2026 01:06:22 PM [] []
[2026-02-03 13:11:20] SlimMonoLogger.INFO: Cron ran at: 03-02-2026 01:11:20 PM [] []
[2026-02-03 13:16:23] SlimMonoLogger.INFO: Cron ran at: 03-02-2026 01:16:23 PM [] []
[2026-02-03 13:21:28] SlimMonoLogger.INFO: Cron ran at: 03-02-2026 01:21:28 PM [] []
[2026-02-03 13:26:37] SlimMonoLogger.INFO: Cron ran at: 03-02-2026 01:26:37 PM [] []
[2026-02-03 13:31:36] SlimMonoLogger.INFO: Cron ran at: 03-02-2026 01:31:36 PM [] []
[2026-02-03 13:36:33] SlimMonoLogger.INFO: Cron ran at: 03-02-2026 01:36:33 PM [] []
[2026-02-03 13:41:29] SlimMonoLogger.INFO: Cron ran at: 03-02-2026 01:41:29 PM [] []
[2026-02-03 13:46:37] SlimMonoLogger.INFO: Cron ran at: 03-02-2026 01:46:37 PM [] []
[2026-02-03 13:51:22] SlimMonoLogger.INFO: Cron ran at: 03-02-2026 01:51:22 PM [] []
[2026-02-03 13:56:25] SlimMonoLogger.INFO: Cron ran at: 03-02-2026 01:56:25 PM [] []
[2026-02-03 14:01:25] SlimMonoLogger.INFO: Cron ran at: 03-02-2026 02:01:25 PM [] []
[2026-02-03 14:06:32] SlimMonoLogger.INFO: Cron ran at: 03-02-2026 02:06:32 PM [] []
[2026-02-03 14:11:35] SlimMonoLogger.INFO: Cron ran at: 03-02-2026 02:11:35 PM [] []
[2026-02-03 14:16:24] SlimMonoLogger.INFO: Cron ran at: 03-02-2026 02:16:24 PM [] []
[2026-02-03 14:21:23] SlimMonoLogger.INFO: Cron ran at: 03-02-2026 02:21:23 PM [] []
[2026-02-03 14:26:35] SlimMonoLogger.INFO: Cron ran at: 03-02-2026 02:26:35 PM [] []
[2026-02-03 14:31:39] SlimMonoLogger.INFO: Cron ran at: 03-02-2026 02:31:39 PM [] []
[2026-02-03 14:36:19] SlimMonoLogger.INFO: Cron ran at: 03-02-2026 02:36:19 PM [] []
[2026-02-03 14:41:33] SlimMonoLogger.INFO: Cron ran at: 03-02-2026 02:41:33 PM [] []
[2026-02-03 14:46:33] SlimMonoLogger.INFO: Cron ran at: 03-02-2026 02:46:33 PM [] []
[2026-02-03 14:51:27] SlimMonoLogger.INFO: Cron ran at: 03-02-2026 02:51:27 PM [] []
[2026-02-03 14:56:28] SlimMonoLogger.INFO: Cron ran at: 03-02-2026 02:56:28 PM [] []
[2026-02-03 15:01:50] SlimMonoLogger.INFO: Cron ran at: 03-02-2026 03:01:50 PM [] []
[2026-02-03 15:06:34] SlimMonoLogger.INFO: Cron ran at: 03-02-2026 03:06:34 PM [] []
[2026-02-03 15:11:25] SlimMonoLogger.INFO: Cron ran at: 03-02-2026 03:11:25 PM [] []
[2026-02-03 15:16:27] SlimMonoLogger.INFO: Cron ran at: 03-02-2026 03:16:27 PM [] []
[2026-02-03 15:21:28] SlimMonoLogger.INFO: Cron ran at: 03-02-2026 03:21:28 PM [] []
[2026-02-03 15:26:27] SlimMonoLogger.INFO: Cron ran at: 03-02-2026 03:26:27 PM [] []
[2026-02-03 15:31:36] SlimMonoLogger.INFO: Cron ran at: 03-02-2026 03:31:36 PM [] []
[2026-02-03 15:36:35] SlimMonoLogger.INFO: Cron ran at: 03-02-2026 03:36:35 PM [] []
[2026-02-03 15:41:47] SlimMonoLogger.INFO: Cron ran at: 03-02-2026 03:41:47 PM [] []
[2026-02-03 15:46:34] SlimMonoLogger.INFO: Cron ran at: 03-02-2026 03:46:34 PM [] []
[2026-02-03 15:51:26] SlimMonoLogger.INFO: Cron ran at: 03-02-2026 03:51:26 PM [] []
[2026-02-03 15:56:25] SlimMonoLogger.INFO: Cron ran at: 03-02-2026 03:56:25 PM [] []
[2026-02-03 16:01:36] SlimMonoLogger.INFO: Cron ran at: 03-02-2026 04:01:36 PM [] []
[2026-02-03 16:06:32] SlimMonoLogger.INFO: Cron ran at: 03-02-2026 04:06:32 PM [] []
[2026-02-03 16:11:33] SlimMonoLogger.INFO: Cron ran at: 03-02-2026 04:11:33 PM [] []
[2026-02-03 16:16:38] SlimMonoLogger.INFO: Cron ran at: 03-02-2026 04:16:38 PM [] []
[2026-02-03 16:21:31] SlimMonoLogger.INFO: Cron ran at: 03-02-2026 04:21:31 PM [] []
[2026-02-03 16:26:33] SlimMonoLogger.INFO: Cron ran at: 03-02-2026 04:26:33 PM [] []
[2026-02-03 16:31:33] SlimMonoLogger.INFO: Cron ran at: 03-02-2026 04:31:33 PM [] []
[2026-02-03 16:36:29] SlimMonoLogger.INFO: Cron ran at: 03-02-2026 04:36:29 PM [] []
[2026-02-03 16:41:23] SlimMonoLogger.INFO: Cron ran at: 03-02-2026 04:41:23 PM [] []
[2026-02-03 16:46:32] SlimMonoLogger.INFO: Cron ran at: 03-02-2026 04:46:32 PM [] []
[2026-02-03 16:51:27] SlimMonoLogger.INFO: Cron ran at: 03-02-2026 04:51:27 PM [] []
[2026-02-03 16:56:26] SlimMonoLogger.INFO: Cron ran at: 03-02-2026 04:56:26 PM [] []
[2026-02-03 17:01:25] SlimMonoLogger.INFO: Cron ran at: 03-02-2026 05:01:25 PM [] []
[2026-02-03 17:06:30] SlimMonoLogger.INFO: Cron ran at: 03-02-2026 05:06:30 PM [] []
[2026-02-03 17:11:21] SlimMonoLogger.INFO: Cron ran at: 03-02-2026 05:11:21 PM [] []
[2026-02-03 17:16:48] SlimMonoLogger.INFO: Cron ran at: 03-02-2026 05:16:48 PM [] []
[2026-02-03 17:21:29] SlimMonoLogger.INFO: Cron ran at: 03-02-2026 05:21:29 PM [] []
[2026-02-03 17:26:26] SlimMonoLogger.INFO: Cron ran at: 03-02-2026 05:26:26 PM [] []
[2026-02-03 17:31:31] SlimMonoLogger.INFO: Cron ran at: 03-02-2026 05:31:31 PM [] []
[2026-02-03 17:36:26] SlimMonoLogger.INFO: Cron ran at: 03-02-2026 05:36:26 PM [] []
[2026-02-03 17:41:34] SlimMonoLogger.INFO: Cron ran at: 03-02-2026 05:41:34 PM [] []
[2026-02-03 17:46:33] SlimMonoLogger.INFO: Cron ran at: 03-02-2026 05:46:33 PM [] []
[2026-02-03 17:51:21] SlimMonoLogger.INFO: Cron ran at: 03-02-2026 05:51:21 PM [] []
[2026-02-03 17:56:21] SlimMonoLogger.INFO: Cron ran at: 03-02-2026 05:56:21 PM [] []
[2026-02-03 18:01:31] SlimMonoLogger.INFO: Cron ran at: 03-02-2026 06:01:31 PM [] []
[2026-02-03 18:06:31] SlimMonoLogger.INFO: Cron ran at: 03-02-2026 06:06:31 PM [] []
[2026-02-03 18:11:29] SlimMonoLogger.INFO: Cron ran at: 03-02-2026 06:11:29 PM [] []
[2026-02-03 18:16:30] SlimMonoLogger.INFO: Cron ran at: 03-02-2026 06:16:30 PM [] []
[2026-02-03 18:21:26] SlimMonoLogger.INFO: Cron ran at: 03-02-2026 06:21:26 PM [] []
[2026-02-03 18:26:23] SlimMonoLogger.INFO: Cron ran at: 03-02-2026 06:26:23 PM [] []
[2026-02-03 18:31:36] SlimMonoLogger.INFO: Cron ran at: 03-02-2026 06:31:36 PM [] []
[2026-02-03 18:36:34] SlimMonoLogger.INFO: Cron ran at: 03-02-2026 06:36:34 PM [] []
[2026-02-03 18:41:41] SlimMonoLogger.INFO: Cron ran at: 03-02-2026 06:41:41 PM [] []
[2026-02-03 18:46:27] SlimMonoLogger.INFO: Cron ran at: 03-02-2026 06:46:27 PM [] []
[2026-02-03 18:51:26] SlimMonoLogger.INFO: Cron ran at: 03-02-2026 06:51:26 PM [] []
[2026-02-03 18:56:28] SlimMonoLogger.INFO: Cron ran at: 03-02-2026 06:56:28 PM [] []
[2026-02-03 19:01:16] SlimMonoLogger.INFO: Cron ran at: 03-02-2026 07:01:16 PM [] []
[2026-02-03 19:06:17] SlimMonoLogger.INFO: Cron ran at: 03-02-2026 07:06:17 PM [] []
[2026-02-03 19:11:17] SlimMonoLogger.INFO: Cron ran at: 03-02-2026 07:11:17 PM [] []
[2026-02-03 19:16:24] SlimMonoLogger.INFO: Cron ran at: 03-02-2026 07:16:24 PM [] []
[2026-02-03 19:21:26] SlimMonoLogger.INFO: Cron ran at: 03-02-2026 07:21:26 PM [] []
[2026-02-03 19:26:21] SlimMonoLogger.INFO: Cron ran at: 03-02-2026 07:26:21 PM [] []
[2026-02-03 19:31:42] SlimMonoLogger.INFO: Cron ran at: 03-02-2026 07:31:42 PM [] []
[2026-02-03 19:36:31] SlimMonoLogger.INFO: Cron ran at: 03-02-2026 07:36:31 PM [] []
[2026-02-03 19:41:20] SlimMonoLogger.INFO: Cron ran at: 03-02-2026 07:41:20 PM [] []
[2026-02-03 19:46:14] SlimMonoLogger.INFO: Cron ran at: 03-02-2026 07:46:14 PM [] []
[2026-02-03 19:51:21] SlimMonoLogger.INFO: Cron ran at: 03-02-2026 07:51:21 PM [] []
[2026-02-03 19:56:25] SlimMonoLogger.INFO: Cron ran at: 03-02-2026 07:56:25 PM [] []
[2026-02-03 20:01:20] SlimMonoLogger.INFO: Cron ran at: 03-02-2026 08:01:20 PM [] []
[2026-02-03 20:06:38] SlimMonoLogger.INFO: Cron ran at: 03-02-2026 08:06:38 PM [] []
[2026-02-03 20:16:25] SlimMonoLogger.INFO: Cron ran at: 03-02-2026 08:16:25 PM [] []
[2026-02-03 20:18:54] SlimMonoLogger.ERROR: Requests_Exception: cURL error 28: Operation timed out after 500006 milliseconds with 5814 bytes received in /home/latihtal/public_html/agregator1/src/vendor/rmccue/requests/library/Requests/Transport/cURL.php:422
Stack trace:
#0 /home/latihtal/public_html/agregator1/src/vendor/rmccue/requests/library/Requests/Transport/cURL.php(177): Requests_Transport_cURL->process_response()
#1 /home/latihtal/public_html/agregator1/src/vendor/rmccue/requests/library/Requests.php(379): Requests_Transport_cURL->request()
#2 /home/latihtal/public_html/agregator1/src/vendor/rmccue/requests/library/Requests/Session.php(205): Requests::request()
#3 /home/latihtal/public_html/agregator1/src/vendor/rmccue/requests/library/Requests/Session.php(132): Requests_Session->request()
#4 /home/latihtal/public_html/agregator1/src/drivers/Http/RssImporter.php(144): Requests_Session->get()
#5 /home/latihtal/public_html/agregator1/src/controllers/Dashboard/DashboardFeedsController.php(534): spark\drivers\Http\RssImporter->fetchPosts()
#6 /home/latihtal/public_html/agregator1/src/controllers/Site/SiteController.php(722): spark\controllers\Dashboard\DashboardFeedsController::importFeedPosts()
#7 [internal function]: spark\controllers\Site\SiteController->runTasks()
#8 /home/latihtal/public_html/agregator1/src/framework/Route.php(173): call_user_func_array()
#9 [internal function]: Slim\Route->Slim\{closure}()
#10 /home/latihtal/public_html/agregator1/src/framework/Route.php(468): call_user_func_array()
#11 /home/latihtal/public_html/agregator1/src/framework/Slim.php(1364): Slim\Route->dispatch()
#12 /home/latihtal/public_html/agregator1/src/framework/Middleware/Flash.php(85): Slim\Slim->call()
#13 /home/latihtal/public_html/agregator1/src/framework/Middleware/MethodOverride.php(92): Slim\Middleware\Flash->call()
#14 /home/latihtal/public_html/agregator1/src/middlewares/CsrfGuard/CsrfGuard.php(47): Slim\Middleware\MethodOverride->call()
#15 /home/latihtal/public_html/agregator1/src/framework/Middleware/PrettyExceptions.php(67): spark\middlewares\CsrfGuard\CsrfGuard->call()
#16 /home/latihtal/public_html/agregator1/src/framework/Slim.php(1308): Slim\Middleware\PrettyExceptions->call()
#17 /home/latihtal/public_html/agregator1/index.php(6): Slim\Slim->run()
#18 {main} [] []
[2026-02-03 20:19:51] SlimMonoLogger.INFO: Cron ran at: 03-02-2026 08:19:51 PM [] []
[2026-02-03 20:21:19] SlimMonoLogger.INFO: Cron ran at: 03-02-2026 08:21:19 PM [] []
[2026-02-03 20:26:24] SlimMonoLogger.INFO: Cron ran at: 03-02-2026 08:26:24 PM [] []
[2026-02-03 20:31:36] SlimMonoLogger.INFO: Cron ran at: 03-02-2026 08:31:36 PM [] []
[2026-02-03 20:36:34] SlimMonoLogger.INFO: Cron ran at: 03-02-2026 08:36:34 PM [] []
[2026-02-03 20:41:41] SlimMonoLogger.INFO: Cron ran at: 03-02-2026 08:41:41 PM [] []
[2026-02-03 20:46:38] SlimMonoLogger.INFO: Cron ran at: 03-02-2026 08:46:38 PM [] []
[2026-02-03 20:51:41] SlimMonoLogger.INFO: Cron ran at: 03-02-2026 08:51:41 PM [] []
[2026-02-03 20:56:29] SlimMonoLogger.INFO: Cron ran at: 03-02-2026 08:56:29 PM [] []
[2026-02-03 21:01:41] SlimMonoLogger.INFO: Cron ran at: 03-02-2026 09:01:41 PM [] []
[2026-02-03 21:06:23] SlimMonoLogger.INFO: Cron ran at: 03-02-2026 09:06:23 PM [] []
[2026-02-03 21:11:39] SlimMonoLogger.INFO: Cron ran at: 03-02-2026 09:11:39 PM [] []
[2026-02-03 21:16:29] SlimMonoLogger.INFO: Cron ran at: 03-02-2026 09:16:29 PM [] []
[2026-02-03 21:21:24] SlimMonoLogger.INFO: Cron ran at: 03-02-2026 09:21:24 PM [] []
[2026-02-03 21:26:35] SlimMonoLogger.INFO: Cron ran at: 03-02-2026 09:26:35 PM [] []
[2026-02-03 21:31:27] SlimMonoLogger.INFO: Cron ran at: 03-02-2026 09:31:27 PM [] []
[2026-02-03 21:36:34] SlimMonoLogger.INFO: Cron ran at: 03-02-2026 09:36:34 PM [] []
[2026-02-03 21:41:40] SlimMonoLogger.INFO: Cron ran at: 03-02-2026 09:41:40 PM [] []
[2026-02-03 21:46:24] SlimMonoLogger.INFO: Cron ran at: 03-02-2026 09:46:24 PM [] []
[2026-02-03 21:51:42] SlimMonoLogger.INFO: Cron ran at: 03-02-2026 09:51:42 PM [] []
[2026-02-03 21:56:27] SlimMonoLogger.INFO: Cron ran at: 03-02-2026 09:56:27 PM [] []
[2026-02-03 22:01:32] SlimMonoLogger.INFO: Cron ran at: 03-02-2026 10:01:32 PM [] []
[2026-02-03 22:06:20] SlimMonoLogger.INFO: Cron ran at: 03-02-2026 10:06:20 PM [] []
[2026-02-03 22:11:23] SlimMonoLogger.INFO: Cron ran at: 03-02-2026 10:11:23 PM [] []
[2026-02-03 22:16:25] SlimMonoLogger.INFO: Cron ran at: 03-02-2026 10:16:25 PM [] []
[2026-02-03 22:21:18] SlimMonoLogger.INFO: Cron ran at: 03-02-2026 10:21:18 PM [] []
[2026-02-03 22:26:38] SlimMonoLogger.INFO: Cron ran at: 03-02-2026 10:26:38 PM [] []
[2026-02-03 22:31:43] SlimMonoLogger.INFO: Cron ran at: 03-02-2026 10:31:43 PM [] []
[2026-02-03 22:36:18] SlimMonoLogger.INFO: Cron ran at: 03-02-2026 10:36:18 PM [] []
[2026-02-03 22:41:24] SlimMonoLogger.INFO: Cron ran at: 03-02-2026 10:41:24 PM [] []
[2026-02-03 22:46:29] SlimMonoLogger.INFO: Cron ran at: 03-02-2026 10:46:29 PM [] []
[2026-02-03 22:51:34] SlimMonoLogger.INFO: Cron ran at: 03-02-2026 10:51:34 PM [] []
[2026-02-03 22:56:24] SlimMonoLogger.INFO: Cron ran at: 03-02-2026 10:56:24 PM [] []
[2026-02-03 23:01:29] SlimMonoLogger.INFO: Cron ran at: 03-02-2026 11:01:29 PM [] []
[2026-02-03 23:06:23] SlimMonoLogger.INFO: Cron ran at: 03-02-2026 11:06:23 PM [] []
[2026-02-03 23:11:26] SlimMonoLogger.INFO: Cron ran at: 03-02-2026 11:11:26 PM [] []
[2026-02-03 23:16:29] SlimMonoLogger.INFO: Cron ran at: 03-02-2026 11:16:29 PM [] []
[2026-02-03 23:21:33] SlimMonoLogger.INFO: Cron ran at: 03-02-2026 11:21:33 PM [] []
[2026-02-03 23:26:22] SlimMonoLogger.INFO: Cron ran at: 03-02-2026 11:26:22 PM [] []
[2026-02-03 23:31:30] SlimMonoLogger.INFO: Cron ran at: 03-02-2026 11:31:30 PM [] []
[2026-02-03 23:36:27] SlimMonoLogger.INFO: Cron ran at: 03-02-2026 11:36:27 PM [] []
[2026-02-03 23:41:31] SlimMonoLogger.INFO: Cron ran at: 03-02-2026 11:41:31 PM [] []
[2026-02-03 23:46:25] SlimMonoLogger.INFO: Cron ran at: 03-02-2026 11:46:25 PM [] []
[2026-02-03 23:51:27] SlimMonoLogger.INFO: Cron ran at: 03-02-2026 11:51:27 PM [] []
[2026-02-03 23:56:31] SlimMonoLogger.INFO: Cron ran at: 03-02-2026 11:56:31 PM [] []
[2026-02-04 00:01:36] SlimMonoLogger.INFO: Cron ran at: 04-02-2026 12:01:36 AM [] []
[2026-02-04 00:06:38] SlimMonoLogger.INFO: Cron ran at: 04-02-2026 12:06:38 AM [] []
[2026-02-04 00:11:39] SlimMonoLogger.INFO: Cron ran at: 04-02-2026 12:11:39 AM [] []
[2026-02-04 00:16:31] SlimMonoLogger.INFO: Cron ran at: 04-02-2026 12:16:31 AM [] []
[2026-02-04 00:21:34] SlimMonoLogger.INFO: Cron ran at: 04-02-2026 12:21:34 AM [] []
[2026-02-04 00:26:30] SlimMonoLogger.INFO: Cron ran at: 04-02-2026 12:26:30 AM [] []
[2026-02-04 00:31:32] SlimMonoLogger.INFO: Cron ran at: 04-02-2026 12:31:32 AM [] []
[2026-02-04 00:36:27] SlimMonoLogger.INFO: Cron ran at: 04-02-2026 12:36:27 AM [] []
[2026-02-04 00:41:36] SlimMonoLogger.INFO: Cron ran at: 04-02-2026 12:41:36 AM [] []
[2026-02-04 00:46:38] SlimMonoLogger.INFO: Cron ran at: 04-02-2026 12:46:38 AM [] []
[2026-02-04 00:51:40] SlimMonoLogger.INFO: Cron ran at: 04-02-2026 12:51:40 AM [] []
[2026-02-04 00:56:32] SlimMonoLogger.INFO: Cron ran at: 04-02-2026 12:56:32 AM [] []
