[2026-02-04 01:01:38] SlimMonoLogger.INFO: Cron ran at: 04-02-2026 01:01:38 AM [] []
[2026-02-04 01:06:29] SlimMonoLogger.INFO: Cron ran at: 04-02-2026 01:06:29 AM [] []
[2026-02-04 01:11:34] SlimMonoLogger.INFO: Cron ran at: 04-02-2026 01:11:34 AM [] []
[2026-02-04 01:16:37] SlimMonoLogger.INFO: Cron ran at: 04-02-2026 01:16:37 AM [] []
[2026-02-04 01:21:42] SlimMonoLogger.INFO: Cron ran at: 04-02-2026 01:21:42 AM [] []
[2026-02-04 01:26:33] SlimMonoLogger.INFO: Cron ran at: 04-02-2026 01:26:33 AM [] []
[2026-02-04 01:31:37] SlimMonoLogger.INFO: Cron ran at: 04-02-2026 01:31:37 AM [] []
[2026-02-04 01:36:27] SlimMonoLogger.INFO: Cron ran at: 04-02-2026 01:36:27 AM [] []
[2026-02-04 01:41:44] SlimMonoLogger.INFO: Cron ran at: 04-02-2026 01:41:44 AM [] []
[2026-02-04 01:46:18] SlimMonoLogger.INFO: Cron ran at: 04-02-2026 01:46:18 AM [] []
[2026-02-04 01:51:19] SlimMonoLogger.INFO: Cron ran at: 04-02-2026 01:51:19 AM [] []
[2026-02-04 01:56:20] SlimMonoLogger.INFO: Cron ran at: 04-02-2026 01:56:20 AM [] []
[2026-02-04 02:01:23] SlimMonoLogger.INFO: Cron ran at: 04-02-2026 02:01:23 AM [] []
[2026-02-04 02:06:22] SlimMonoLogger.INFO: Cron ran at: 04-02-2026 02:06:22 AM [] []
[2026-02-04 02:11:24] SlimMonoLogger.INFO: Cron ran at: 04-02-2026 02:11:24 AM [] []
[2026-02-04 02:16:29] SlimMonoLogger.INFO: Cron ran at: 04-02-2026 02:16:29 AM [] []
[2026-02-04 02:21:19] SlimMonoLogger.INFO: Cron ran at: 04-02-2026 02:21:19 AM [] []
[2026-02-04 02:26:20] SlimMonoLogger.INFO: Cron ran at: 04-02-2026 02:26:20 AM [] []
[2026-02-04 02:31:24] SlimMonoLogger.INFO: Cron ran at: 04-02-2026 02:31:24 AM [] []
[2026-02-04 02:36:23] SlimMonoLogger.INFO: Cron ran at: 04-02-2026 02:36:23 AM [] []
[2026-02-04 02:41:27] SlimMonoLogger.INFO: Cron ran at: 04-02-2026 02:41:27 AM [] []
[2026-02-04 02:46:26] SlimMonoLogger.INFO: Cron ran at: 04-02-2026 02:46:26 AM [] []
[2026-02-04 02:51:33] SlimMonoLogger.INFO: Cron ran at: 04-02-2026 02:51:33 AM [] []
[2026-02-04 02:56:21] SlimMonoLogger.INFO: Cron ran at: 04-02-2026 02:56:21 AM [] []
[2026-02-04 03:01:26] SlimMonoLogger.INFO: Cron ran at: 04-02-2026 03:01:26 AM [] []
[2026-02-04 03:06:23] SlimMonoLogger.INFO: Cron ran at: 04-02-2026 03:06:23 AM [] []
[2026-02-04 03:11:24] SlimMonoLogger.INFO: Cron ran at: 04-02-2026 03:11:24 AM [] []
[2026-02-04 03:16:24] SlimMonoLogger.INFO: Cron ran at: 04-02-2026 03:16:24 AM [] []
[2026-02-04 03:21:19] SlimMonoLogger.INFO: Cron ran at: 04-02-2026 03:21:19 AM [] []
[2026-02-04 03:26:22] SlimMonoLogger.INFO: Cron ran at: 04-02-2026 03:26:22 AM [] []
[2026-02-04 03:31:21] SlimMonoLogger.INFO: Cron ran at: 04-02-2026 03:31:21 AM [] []
[2026-02-04 03:36:24] SlimMonoLogger.INFO: Cron ran at: 04-02-2026 03:36:24 AM [] []
[2026-02-04 03:41:45] SlimMonoLogger.INFO: Cron ran at: 04-02-2026 03:41:45 AM [] []
[2026-02-04 03:46:24] SlimMonoLogger.INFO: Cron ran at: 04-02-2026 03:46:24 AM [] []
[2026-02-04 03:51:21] SlimMonoLogger.INFO: Cron ran at: 04-02-2026 03:51:21 AM [] []
[2026-02-04 03:56:31] SlimMonoLogger.INFO: Cron ran at: 04-02-2026 03:56:31 AM [] []
[2026-02-04 04:01:32] SlimMonoLogger.INFO: Cron ran at: 04-02-2026 04:01:32 AM [] []
[2026-02-04 04:06:22] SlimMonoLogger.INFO: Cron ran at: 04-02-2026 04:06:22 AM [] []
[2026-02-04 04:11:31] SlimMonoLogger.INFO: Cron ran at: 04-02-2026 04:11:31 AM [] []
[2026-02-04 04:16:28] SlimMonoLogger.INFO: Cron ran at: 04-02-2026 04:16:28 AM [] []
[2026-02-04 04:21:27] SlimMonoLogger.INFO: Cron ran at: 04-02-2026 04:21:27 AM [] []
[2026-02-04 04:26:24] SlimMonoLogger.INFO: Cron ran at: 04-02-2026 04:26:24 AM [] []
[2026-02-04 04:31:30] SlimMonoLogger.INFO: Cron ran at: 04-02-2026 04:31:30 AM [] []
[2026-02-04 04:36:21] SlimMonoLogger.INFO: Cron ran at: 04-02-2026 04:36:21 AM [] []
[2026-02-04 04:41:25] SlimMonoLogger.INFO: Cron ran at: 04-02-2026 04:41:25 AM [] []
[2026-02-04 04:46:22] SlimMonoLogger.INFO: Cron ran at: 04-02-2026 04:46:22 AM [] []
[2026-02-04 04:51:27] SlimMonoLogger.INFO: Cron ran at: 04-02-2026 04:51:27 AM [] []
[2026-02-04 04:56:20] SlimMonoLogger.INFO: Cron ran at: 04-02-2026 04:56:20 AM [] []
[2026-02-04 05:01:27] SlimMonoLogger.INFO: Cron ran at: 04-02-2026 05:01:27 AM [] []
[2026-02-04 05:06:23] SlimMonoLogger.INFO: Cron ran at: 04-02-2026 05:06:23 AM [] []
[2026-02-04 05:11:25] SlimMonoLogger.INFO: Cron ran at: 04-02-2026 05:11:25 AM [] []
[2026-02-04 05:16:35] SlimMonoLogger.INFO: Cron ran at: 04-02-2026 05:16:35 AM [] []
[2026-02-04 05:21:26] SlimMonoLogger.INFO: Cron ran at: 04-02-2026 05:21:26 AM [] []
[2026-02-04 05:26:24] SlimMonoLogger.INFO: Cron ran at: 04-02-2026 05:26:24 AM [] []
[2026-02-04 05:31:25] SlimMonoLogger.INFO: Cron ran at: 04-02-2026 05:31:25 AM [] []
[2026-02-04 05:36:20] SlimMonoLogger.INFO: Cron ran at: 04-02-2026 05:36:20 AM [] []
[2026-02-04 05:41:21] SlimMonoLogger.INFO: Cron ran at: 04-02-2026 05:41:21 AM [] []
[2026-02-04 05:46:17] SlimMonoLogger.INFO: Cron ran at: 04-02-2026 05:46:17 AM [] []
[2026-02-04 05:51:18] SlimMonoLogger.INFO: Cron ran at: 04-02-2026 05:51:18 AM [] []
[2026-02-04 05:56:20] SlimMonoLogger.INFO: Cron ran at: 04-02-2026 05:56:20 AM [] []
[2026-02-04 06:01:30] SlimMonoLogger.INFO: Cron ran at: 04-02-2026 06:01:30 AM [] []
[2026-02-04 06:06:36] SlimMonoLogger.INFO: Cron ran at: 04-02-2026 06:06:36 AM [] []
[2026-02-04 06:11:19] SlimMonoLogger.INFO: Cron ran at: 04-02-2026 06:11:19 AM [] []
[2026-02-04 06:16:21] SlimMonoLogger.INFO: Cron ran at: 04-02-2026 06:16:21 AM [] []
[2026-02-04 06:21:24] SlimMonoLogger.INFO: Cron ran at: 04-02-2026 06:21:24 AM [] []
[2026-02-04 06:26:19] SlimMonoLogger.INFO: Cron ran at: 04-02-2026 06:26:19 AM [] []
[2026-02-04 06:31:32] SlimMonoLogger.INFO: Cron ran at: 04-02-2026 06:31:32 AM [] []
[2026-02-04 06:36:28] SlimMonoLogger.INFO: Cron ran at: 04-02-2026 06:36:28 AM [] []
[2026-02-04 06:41:26] SlimMonoLogger.INFO: Cron ran at: 04-02-2026 06:41:26 AM [] []
[2026-02-04 06:46:20] SlimMonoLogger.INFO: Cron ran at: 04-02-2026 06:46:20 AM [] []
[2026-02-04 06:51:23] SlimMonoLogger.INFO: Cron ran at: 04-02-2026 06:51:23 AM [] []
[2026-02-04 06:56:20] SlimMonoLogger.INFO: Cron ran at: 04-02-2026 06:56:20 AM [] []
[2026-02-04 07:01:32] SlimMonoLogger.INFO: Cron ran at: 04-02-2026 07:01:32 AM [] []
[2026-02-04 07:06:20] SlimMonoLogger.INFO: Cron ran at: 04-02-2026 07:06:20 AM [] []
[2026-02-04 07:11:30] SlimMonoLogger.INFO: Cron ran at: 04-02-2026 07:11:30 AM [] []
[2026-02-04 07:16:26] SlimMonoLogger.INFO: Cron ran at: 04-02-2026 07:16:26 AM [] []
[2026-02-04 07:21:22] SlimMonoLogger.INFO: Cron ran at: 04-02-2026 07:21:22 AM [] []
[2026-02-04 07:26:23] SlimMonoLogger.INFO: Cron ran at: 04-02-2026 07:26:23 AM [] []
[2026-02-04 07:31:28] SlimMonoLogger.INFO: Cron ran at: 04-02-2026 07:31:28 AM [] []
[2026-02-04 07:36:25] SlimMonoLogger.INFO: Cron ran at: 04-02-2026 07:36:25 AM [] []
[2026-02-04 07:41:17] SlimMonoLogger.INFO: Cron ran at: 04-02-2026 07:41:17 AM [] []
[2026-02-04 07:46:16] SlimMonoLogger.INFO: Cron ran at: 04-02-2026 07:46:16 AM [] []
[2026-02-04 07:51:22] SlimMonoLogger.INFO: Cron ran at: 04-02-2026 07:51:22 AM [] []
[2026-02-04 07:56:19] SlimMonoLogger.INFO: Cron ran at: 04-02-2026 07:56:19 AM [] []
[2026-02-04 08:01:20] SlimMonoLogger.INFO: Cron ran at: 04-02-2026 08:01:20 AM [] []
[2026-02-04 08:06:23] SlimMonoLogger.INFO: Cron ran at: 04-02-2026 08:06:23 AM [] []
[2026-02-04 08:11:26] SlimMonoLogger.INFO: Cron ran at: 04-02-2026 08:11:26 AM [] []
[2026-02-04 08:16:20] SlimMonoLogger.INFO: Cron ran at: 04-02-2026 08:16:20 AM [] []
[2026-02-04 08:21:20] SlimMonoLogger.INFO: Cron ran at: 04-02-2026 08:21:20 AM [] []
[2026-02-04 08:26:25] SlimMonoLogger.INFO: Cron ran at: 04-02-2026 08:26:25 AM [] []
[2026-02-04 08:31:35] SlimMonoLogger.INFO: Cron ran at: 04-02-2026 08:31:35 AM [] []
[2026-02-04 08:36:27] SlimMonoLogger.INFO: Cron ran at: 04-02-2026 08:36:27 AM [] []
[2026-02-04 08:41:31] SlimMonoLogger.INFO: Cron ran at: 04-02-2026 08:41:31 AM [] []
[2026-02-04 08:46:25] SlimMonoLogger.INFO: Cron ran at: 04-02-2026 08:46:25 AM [] []
[2026-02-04 08:51:12] SlimMonoLogger.INFO: Cron ran at: 04-02-2026 08:51:12 AM [] []
[2026-02-04 08:56:16] SlimMonoLogger.INFO: Cron ran at: 04-02-2026 08:56:16 AM [] []
[2026-02-04 09:06:38] SlimMonoLogger.INFO: Cron ran at: 04-02-2026 09:06:38 AM [] []
[2026-02-04 09:11:22] SlimMonoLogger.INFO: Cron ran at: 04-02-2026 09:11:22 AM [] []
[2026-02-04 09:16:33] SlimMonoLogger.INFO: Cron ran at: 04-02-2026 09:16:33 AM [] []
[2026-02-04 09:21:27] SlimMonoLogger.INFO: Cron ran at: 04-02-2026 09:21:27 AM [] []
[2026-02-04 09:26:46] SlimMonoLogger.INFO: Cron ran at: 04-02-2026 09:26:46 AM [] []
[2026-02-04 09:31:40] SlimMonoLogger.INFO: Cron ran at: 04-02-2026 09:31:40 AM [] []
[2026-02-04 09:36:27] SlimMonoLogger.INFO: Cron ran at: 04-02-2026 09:36:27 AM [] []
[2026-02-04 09:46:41] SlimMonoLogger.INFO: Cron ran at: 04-02-2026 09:46:41 AM [] []
[2026-02-04 09:51:20] SlimMonoLogger.INFO: Cron ran at: 04-02-2026 09:51:20 AM [] []
[2026-02-04 09:56:28] SlimMonoLogger.INFO: Cron ran at: 04-02-2026 09:56:28 AM [] []
[2026-02-04 10:01:35] SlimMonoLogger.INFO: Cron ran at: 04-02-2026 10:01:35 AM [] []
[2026-02-04 10:07:03] SlimMonoLogger.INFO: Cron ran at: 04-02-2026 10:07:03 AM [] []
[2026-02-04 10:11:48] SlimMonoLogger.INFO: Cron ran at: 04-02-2026 10:11:48 AM [] []
[2026-02-04 10:16:50] SlimMonoLogger.INFO: Cron ran at: 04-02-2026 10:16:50 AM [] []
[2026-02-04 10:21:20] SlimMonoLogger.INFO: Cron ran at: 04-02-2026 10:21:20 AM [] []
[2026-02-04 10:26:39] SlimMonoLogger.INFO: Cron ran at: 04-02-2026 10:26:39 AM [] []
[2026-02-04 10:31:31] SlimMonoLogger.INFO: Cron ran at: 04-02-2026 10:31:31 AM [] []
[2026-02-04 10:36:25] SlimMonoLogger.INFO: Cron ran at: 04-02-2026 10:36:25 AM [] []
[2026-02-04 10:41:29] SlimMonoLogger.INFO: Cron ran at: 04-02-2026 10:41:29 AM [] []
[2026-02-04 10:46:31] SlimMonoLogger.INFO: Cron ran at: 04-02-2026 10:46:31 AM [] []
[2026-02-04 10:51:29] SlimMonoLogger.INFO: Cron ran at: 04-02-2026 10:51:29 AM [] []
[2026-02-04 10:56:27] SlimMonoLogger.INFO: Cron ran at: 04-02-2026 10:56:27 AM [] []
[2026-02-04 11:01:41] SlimMonoLogger.INFO: Cron ran at: 04-02-2026 11:01:41 AM [] []
[2026-02-04 11:06:32] SlimMonoLogger.INFO: Cron ran at: 04-02-2026 11:06:32 AM [] []
[2026-02-04 11:11:29] SlimMonoLogger.INFO: Cron ran at: 04-02-2026 11:11:29 AM [] []
[2026-02-04 11:16:27] SlimMonoLogger.INFO: Cron ran at: 04-02-2026 11:16:27 AM [] []
[2026-02-04 11:21:26] SlimMonoLogger.INFO: Cron ran at: 04-02-2026 11:21:26 AM [] []
[2026-02-04 11:26:24] SlimMonoLogger.INFO: Cron ran at: 04-02-2026 11:26:24 AM [] []
[2026-02-04 11:31:29] SlimMonoLogger.INFO: Cron ran at: 04-02-2026 11:31:29 AM [] []
[2026-02-04 11:36:44] SlimMonoLogger.INFO: Cron ran at: 04-02-2026 11:36:44 AM [] []
[2026-02-04 11:41:32] SlimMonoLogger.INFO: Cron ran at: 04-02-2026 11:41:32 AM [] []
[2026-02-04 11:46:39] SlimMonoLogger.INFO: Cron ran at: 04-02-2026 11:46:39 AM [] []
[2026-02-04 11:51:37] SlimMonoLogger.INFO: Cron ran at: 04-02-2026 11:51:37 AM [] []
[2026-02-04 11:56:22] SlimMonoLogger.INFO: Cron ran at: 04-02-2026 11:56:22 AM [] []
[2026-02-04 12:01:32] SlimMonoLogger.INFO: Cron ran at: 04-02-2026 12:01:32 PM [] []
[2026-02-04 12:07:00] SlimMonoLogger.INFO: Cron ran at: 04-02-2026 12:07:00 PM [] []
[2026-02-04 12:11:23] SlimMonoLogger.INFO: Cron ran at: 04-02-2026 12:11:23 PM [] []
[2026-02-04 12:16:05] SlimMonoLogger.INFO: Cron ran at: 04-02-2026 12:16:05 PM [] []
[2026-02-04 12:21:22] SlimMonoLogger.INFO: Cron ran at: 04-02-2026 12:21:22 PM [] []
[2026-02-04 12:26:17] SlimMonoLogger.INFO: Cron ran at: 04-02-2026 12:26:17 PM [] []
[2026-02-04 12:31:16] SlimMonoLogger.INFO: Cron ran at: 04-02-2026 12:31:16 PM [] []
[2026-02-04 12:36:22] SlimMonoLogger.INFO: Cron ran at: 04-02-2026 12:36:22 PM [] []
[2026-02-04 12:41:19] SlimMonoLogger.INFO: Cron ran at: 04-02-2026 12:41:19 PM [] []
[2026-02-04 12:46:23] SlimMonoLogger.INFO: Cron ran at: 04-02-2026 12:46:23 PM [] []
[2026-02-04 12:51:18] SlimMonoLogger.INFO: Cron ran at: 04-02-2026 12:51:18 PM [] []
[2026-02-04 12:56:21] SlimMonoLogger.INFO: Cron ran at: 04-02-2026 12:56:21 PM [] []
[2026-02-04 13:01:31] SlimMonoLogger.INFO: Cron ran at: 04-02-2026 01:01:31 PM [] []
[2026-02-04 13:06:18] SlimMonoLogger.INFO: Cron ran at: 04-02-2026 01:06:18 PM [] []
[2026-02-04 13:11:32] SlimMonoLogger.INFO: Cron ran at: 04-02-2026 01:11:32 PM [] []
[2026-02-04 13:16:39] SlimMonoLogger.INFO: Cron ran at: 04-02-2026 01:16:39 PM [] []
[2026-02-04 13:21:31] SlimMonoLogger.INFO: Cron ran at: 04-02-2026 01:21:31 PM [] []
[2026-02-04 13:26:21] SlimMonoLogger.INFO: Cron ran at: 04-02-2026 01:26:21 PM [] []
[2026-02-04 13:31:26] SlimMonoLogger.INFO: Cron ran at: 04-02-2026 01:31:26 PM [] []
[2026-02-04 13:36:28] SlimMonoLogger.INFO: Cron ran at: 04-02-2026 01:36:28 PM [] []
[2026-02-04 13:41:24] SlimMonoLogger.INFO: Cron ran at: 04-02-2026 01:41:24 PM [] []
[2026-02-04 13:46:26] SlimMonoLogger.INFO: Cron ran at: 04-02-2026 01:46:26 PM [] []
[2026-02-04 13:51:23] SlimMonoLogger.INFO: Cron ran at: 04-02-2026 01:51:23 PM [] []
[2026-02-04 13:56:35] SlimMonoLogger.INFO: Cron ran at: 04-02-2026 01:56:35 PM [] []
[2026-02-04 14:01:32] SlimMonoLogger.INFO: Cron ran at: 04-02-2026 02:01:32 PM [] []
[2026-02-04 14:06:30] SlimMonoLogger.INFO: Cron ran at: 04-02-2026 02:06:30 PM [] []
[2026-02-04 14:11:36] SlimMonoLogger.INFO: Cron ran at: 04-02-2026 02:11:36 PM [] []
[2026-02-04 14:16:30] SlimMonoLogger.INFO: Cron ran at: 04-02-2026 02:16:30 PM [] []
[2026-02-04 14:21:39] SlimMonoLogger.INFO: Cron ran at: 04-02-2026 02:21:39 PM [] []
[2026-02-04 14:26:36] SlimMonoLogger.INFO: Cron ran at: 04-02-2026 02:26:36 PM [] []
[2026-02-04 14:31:28] SlimMonoLogger.INFO: Cron ran at: 04-02-2026 02:31:28 PM [] []
[2026-02-04 14:36:33] SlimMonoLogger.INFO: Cron ran at: 04-02-2026 02:36:33 PM [] []
[2026-02-04 14:41:40] SlimMonoLogger.INFO: Cron ran at: 04-02-2026 02:41:40 PM [] []
[2026-02-04 14:46:34] SlimMonoLogger.INFO: Cron ran at: 04-02-2026 02:46:34 PM [] []
[2026-02-04 14:51:33] SlimMonoLogger.INFO: Cron ran at: 04-02-2026 02:51:33 PM [] []
[2026-02-04 14:56:35] SlimMonoLogger.INFO: Cron ran at: 04-02-2026 02:56:35 PM [] []
[2026-02-04 15:01:48] SlimMonoLogger.INFO: Cron ran at: 04-02-2026 03:01:48 PM [] []
[2026-02-04 15:06:30] SlimMonoLogger.INFO: Cron ran at: 04-02-2026 03:06:30 PM [] []
[2026-02-04 15:11:29] SlimMonoLogger.INFO: Cron ran at: 04-02-2026 03:11:29 PM [] []
[2026-02-04 15:16:36] SlimMonoLogger.INFO: Cron ran at: 04-02-2026 03:16:36 PM [] []
[2026-02-04 15:21:45] SlimMonoLogger.INFO: Cron ran at: 04-02-2026 03:21:45 PM [] []
[2026-02-04 15:26:31] SlimMonoLogger.INFO: Cron ran at: 04-02-2026 03:26:31 PM [] []
[2026-02-04 15:31:31] SlimMonoLogger.INFO: Cron ran at: 04-02-2026 03:31:31 PM [] []
[2026-02-04 15:36:21] SlimMonoLogger.INFO: Cron ran at: 04-02-2026 03:36:21 PM [] []
[2026-02-04 15:41:38] SlimMonoLogger.INFO: Cron ran at: 04-02-2026 03:41:38 PM [] []
[2026-02-04 15:46:33] SlimMonoLogger.INFO: Cron ran at: 04-02-2026 03:46:33 PM [] []
[2026-02-04 15:51:17] SlimMonoLogger.INFO: Cron ran at: 04-02-2026 03:51:17 PM [] []
[2026-02-04 15:56:17] SlimMonoLogger.INFO: Cron ran at: 04-02-2026 03:56:17 PM [] []
[2026-02-04 16:01:33] SlimMonoLogger.INFO: Cron ran at: 04-02-2026 04:01:33 PM [] []
[2026-02-04 16:07:39] SlimMonoLogger.INFO: Cron ran at: 04-02-2026 04:07:39 PM [] []
[2026-02-04 16:11:32] SlimMonoLogger.INFO: Cron ran at: 04-02-2026 04:11:32 PM [] []
[2026-02-04 16:16:40] SlimMonoLogger.INFO: Cron ran at: 04-02-2026 04:16:40 PM [] []
[2026-02-04 16:21:54] SlimMonoLogger.INFO: Cron ran at: 04-02-2026 04:21:54 PM [] []
[2026-02-04 16:26:29] SlimMonoLogger.INFO: Cron ran at: 04-02-2026 04:26:29 PM [] []
[2026-02-04 16:31:29] SlimMonoLogger.INFO: Cron ran at: 04-02-2026 04:31:29 PM [] []
[2026-02-04 16:36:32] SlimMonoLogger.INFO: Cron ran at: 04-02-2026 04:36:32 PM [] []
[2026-02-04 16:41:30] SlimMonoLogger.INFO: Cron ran at: 04-02-2026 04:41:30 PM [] []
[2026-02-04 16:46:31] SlimMonoLogger.INFO: Cron ran at: 04-02-2026 04:46:31 PM [] []
[2026-02-04 16:51:31] SlimMonoLogger.INFO: Cron ran at: 04-02-2026 04:51:31 PM [] []
[2026-02-04 16:56:15] SlimMonoLogger.INFO: Cron ran at: 04-02-2026 04:56:15 PM [] []
[2026-02-04 17:01:35] SlimMonoLogger.INFO: Cron ran at: 04-02-2026 05:01:35 PM [] []
[2026-02-04 17:06:17] SlimMonoLogger.INFO: Cron ran at: 04-02-2026 05:06:17 PM [] []
[2026-02-04 17:11:15] SlimMonoLogger.INFO: Cron ran at: 04-02-2026 05:11:15 PM [] []
[2026-02-04 17:16:30] SlimMonoLogger.INFO: Cron ran at: 04-02-2026 05:16:30 PM [] []
[2026-02-04 17:21:23] SlimMonoLogger.INFO: Cron ran at: 04-02-2026 05:21:23 PM [] []
[2026-02-04 17:26:27] SlimMonoLogger.INFO: Cron ran at: 04-02-2026 05:26:27 PM [] []
[2026-02-04 17:31:31] SlimMonoLogger.INFO: Cron ran at: 04-02-2026 05:31:31 PM [] []
[2026-02-04 17:36:22] SlimMonoLogger.INFO: Cron ran at: 04-02-2026 05:36:22 PM [] []
[2026-02-04 17:41:32] SlimMonoLogger.INFO: Cron ran at: 04-02-2026 05:41:32 PM [] []
[2026-02-04 17:46:51] SlimMonoLogger.INFO: Cron ran at: 04-02-2026 05:46:51 PM [] []
[2026-02-04 17:51:38] SlimMonoLogger.INFO: Cron ran at: 04-02-2026 05:51:38 PM [] []
[2026-02-04 17:56:31] SlimMonoLogger.INFO: Cron ran at: 04-02-2026 05:56:31 PM [] []
[2026-02-04 18:01:57] SlimMonoLogger.INFO: Cron ran at: 04-02-2026 06:01:57 PM [] []
[2026-02-04 18:06:24] SlimMonoLogger.INFO: Cron ran at: 04-02-2026 06:06:24 PM [] []
[2026-02-04 18:11:20] SlimMonoLogger.INFO: Cron ran at: 04-02-2026 06:11:20 PM [] []
[2026-02-04 18:16:20] SlimMonoLogger.INFO: Cron ran at: 04-02-2026 06:16:20 PM [] []
[2026-02-04 18:21:29] SlimMonoLogger.INFO: Cron ran at: 04-02-2026 06:21:29 PM [] []
[2026-02-04 18:26:19] SlimMonoLogger.INFO: Cron ran at: 04-02-2026 06:26:19 PM [] []
[2026-02-04 18:31:33] SlimMonoLogger.INFO: Cron ran at: 04-02-2026 06:31:33 PM [] []
[2026-02-04 18:36:19] SlimMonoLogger.INFO: Cron ran at: 04-02-2026 06:36:19 PM [] []
[2026-02-04 18:41:31] SlimMonoLogger.INFO: Cron ran at: 04-02-2026 06:41:31 PM [] []
[2026-02-04 18:46:26] SlimMonoLogger.INFO: Cron ran at: 04-02-2026 06:46:26 PM [] []
[2026-02-04 18:51:39] SlimMonoLogger.INFO: Cron ran at: 04-02-2026 06:51:39 PM [] []
[2026-02-04 18:56:33] SlimMonoLogger.INFO: Cron ran at: 04-02-2026 06:56:33 PM [] []
[2026-02-04 19:01:27] SlimMonoLogger.INFO: Cron ran at: 04-02-2026 07:01:27 PM [] []
[2026-02-04 19:06:31] SlimMonoLogger.INFO: Cron ran at: 04-02-2026 07:06:31 PM [] []
[2026-02-04 19:11:29] SlimMonoLogger.INFO: Cron ran at: 04-02-2026 07:11:29 PM [] []
[2026-02-04 19:16:31] SlimMonoLogger.INFO: Cron ran at: 04-02-2026 07:16:31 PM [] []
[2026-02-04 19:21:20] SlimMonoLogger.INFO: Cron ran at: 04-02-2026 07:21:20 PM [] []
[2026-02-04 19:26:26] SlimMonoLogger.INFO: Cron ran at: 04-02-2026 07:26:26 PM [] []
[2026-02-04 19:31:33] SlimMonoLogger.INFO: Cron ran at: 04-02-2026 07:31:33 PM [] []
[2026-02-04 19:36:25] SlimMonoLogger.INFO: Cron ran at: 04-02-2026 07:36:25 PM [] []
[2026-02-04 19:41:25] SlimMonoLogger.INFO: Cron ran at: 04-02-2026 07:41:25 PM [] []
[2026-02-04 19:46:39] SlimMonoLogger.INFO: Cron ran at: 04-02-2026 07:46:39 PM [] []
[2026-02-04 19:51:37] SlimMonoLogger.INFO: Cron ran at: 04-02-2026 07:51:37 PM [] []
[2026-02-04 19:56:34] SlimMonoLogger.INFO: Cron ran at: 04-02-2026 07:56:34 PM [] []
[2026-02-04 20:06:39] SlimMonoLogger.INFO: Cron ran at: 04-02-2026 08:06:39 PM [] []
[2026-02-04 20:09:06] SlimMonoLogger.ERROR: Requests_Exception: cURL error 28: Operation timed out after 500002 milliseconds with 16028 bytes received in /home/latihtal/public_html/agregator1/src/vendor/rmccue/requests/library/Requests/Transport/cURL.php:422
Stack trace:
#0 /home/latihtal/public_html/agregator1/src/vendor/rmccue/requests/library/Requests/Transport/cURL.php(177): Requests_Transport_cURL->process_response()
#1 /home/latihtal/public_html/agregator1/src/vendor/rmccue/requests/library/Requests.php(379): Requests_Transport_cURL->request()
#2 /home/latihtal/public_html/agregator1/src/vendor/rmccue/requests/library/Requests/Session.php(205): Requests::request()
#3 /home/latihtal/public_html/agregator1/src/vendor/rmccue/requests/library/Requests/Session.php(132): Requests_Session->request()
#4 /home/latihtal/public_html/agregator1/src/drivers/Http/RssImporter.php(144): Requests_Session->get()
#5 /home/latihtal/public_html/agregator1/src/controllers/Dashboard/DashboardFeedsController.php(534): spark\drivers\Http\RssImporter->fetchPosts()
#6 /home/latihtal/public_html/agregator1/src/controllers/Site/SiteController.php(722): spark\controllers\Dashboard\DashboardFeedsController::importFeedPosts()
#7 [internal function]: spark\controllers\Site\SiteController->runTasks()
#8 /home/latihtal/public_html/agregator1/src/framework/Route.php(173): call_user_func_array()
#9 [internal function]: Slim\Route->Slim\{closure}()
#10 /home/latihtal/public_html/agregator1/src/framework/Route.php(468): call_user_func_array()
#11 /home/latihtal/public_html/agregator1/src/framework/Slim.php(1364): Slim\Route->dispatch()
#12 /home/latihtal/public_html/agregator1/src/framework/Middleware/Flash.php(85): Slim\Slim->call()
#13 /home/latihtal/public_html/agregator1/src/framework/Middleware/MethodOverride.php(92): Slim\Middleware\Flash->call()
#14 /home/latihtal/public_html/agregator1/src/middlewares/CsrfGuard/CsrfGuard.php(47): Slim\Middleware\MethodOverride->call()
#15 /home/latihtal/public_html/agregator1/src/framework/Middleware/PrettyExceptions.php(67): spark\middlewares\CsrfGuard\CsrfGuard->call()
#16 /home/latihtal/public_html/agregator1/src/framework/Slim.php(1308): Slim\Middleware\PrettyExceptions->call()
#17 /home/latihtal/public_html/agregator1/index.php(6): Slim\Slim->run()
#18 {main} [] []
[2026-02-04 20:09:59] SlimMonoLogger.INFO: Cron ran at: 04-02-2026 08:09:59 PM [] []
[2026-02-04 20:11:21] SlimMonoLogger.INFO: Cron ran at: 04-02-2026 08:11:21 PM [] []
[2026-02-04 20:16:31] SlimMonoLogger.INFO: Cron ran at: 04-02-2026 08:16:31 PM [] []
[2026-02-04 20:21:27] SlimMonoLogger.INFO: Cron ran at: 04-02-2026 08:21:27 PM [] []
[2026-02-04 20:26:26] SlimMonoLogger.INFO: Cron ran at: 04-02-2026 08:26:26 PM [] []
[2026-02-04 20:31:37] SlimMonoLogger.INFO: Cron ran at: 04-02-2026 08:31:37 PM [] []
[2026-02-04 20:36:32] SlimMonoLogger.INFO: Cron ran at: 04-02-2026 08:36:32 PM [] []
[2026-02-04 20:41:42] SlimMonoLogger.INFO: Cron ran at: 04-02-2026 08:41:42 PM [] []
[2026-02-04 20:46:44] SlimMonoLogger.INFO: Cron ran at: 04-02-2026 08:46:44 PM [] []
[2026-02-04 20:51:39] SlimMonoLogger.INFO: Cron ran at: 04-02-2026 08:51:39 PM [] []
[2026-02-04 20:56:20] SlimMonoLogger.INFO: Cron ran at: 04-02-2026 08:56:20 PM [] []
[2026-02-04 21:01:31] SlimMonoLogger.INFO: Cron ran at: 04-02-2026 09:01:31 PM [] []
[2026-02-04 21:06:27] SlimMonoLogger.INFO: Cron ran at: 04-02-2026 09:06:27 PM [] []
[2026-02-04 21:11:33] SlimMonoLogger.INFO: Cron ran at: 04-02-2026 09:11:33 PM [] []
[2026-02-04 21:16:30] SlimMonoLogger.INFO: Cron ran at: 04-02-2026 09:16:30 PM [] []
[2026-02-04 21:21:40] SlimMonoLogger.INFO: Cron ran at: 04-02-2026 09:21:40 PM [] []
[2026-02-04 21:26:24] SlimMonoLogger.INFO: Cron ran at: 04-02-2026 09:26:24 PM [] []
[2026-02-04 21:31:29] SlimMonoLogger.INFO: Cron ran at: 04-02-2026 09:31:29 PM [] []
[2026-02-04 21:36:24] SlimMonoLogger.INFO: Cron ran at: 04-02-2026 09:36:24 PM [] []
[2026-02-04 21:41:33] SlimMonoLogger.INFO: Cron ran at: 04-02-2026 09:41:33 PM [] []
[2026-02-04 21:46:30] SlimMonoLogger.INFO: Cron ran at: 04-02-2026 09:46:30 PM [] []
[2026-02-04 21:51:44] SlimMonoLogger.INFO: Cron ran at: 04-02-2026 09:51:44 PM [] []
[2026-02-04 21:56:31] SlimMonoLogger.INFO: Cron ran at: 04-02-2026 09:56:31 PM [] []
[2026-02-04 22:01:28] SlimMonoLogger.INFO: Cron ran at: 04-02-2026 10:01:28 PM [] []
[2026-02-04 21:05:16] SlimMonoLogger.CRITICAL: PDOException: SQLSTATE[HY000] [1040] Too many connections in /home/latihtal/public_html/agregator1/src/framework/PDO/Database.php:34
Stack trace:
#0 /home/latihtal/public_html/agregator1/src/framework/PDO/Database.php(34): PDO->__construct()
#1 /home/latihtal/public_html/agregator1/src/dependencies.php(73): Slim\PDO\Database->__construct()
#2 /home/latihtal/public_html/agregator1/src/framework/Helper/Set.php(231): {closure}()
#3 /home/latihtal/public_html/agregator1/src/framework/Helper/Set.php(88): Slim\Helper\Set->Slim\Helper\{closure}()
#4 /home/latihtal/public_html/agregator1/src/framework/Slim.php(232): Slim\Helper\Set->get()
#5 /home/latihtal/public_html/agregator1/src/models/Model.php(176): Slim\Slim->__get()
#6 /home/latihtal/public_html/agregator1/src/models/OptionModel.php(180): spark\models\Model->select()
#7 /home/latihtal/public_html/agregator1/src/models/OptionModel.php(40): spark\models\OptionModel->autoloadOptions()
#8 /home/latihtal/public_html/agregator1/src/dependencies.php(99): spark\models\OptionModel->__construct()
#9 /home/latihtal/public_html/agregator1/src/framework/Helper/Set.php(231): {closure}()
#10 /home/latihtal/public_html/agregator1/src/framework/Helper/Set.php(88): Slim\Helper\Set->Slim\Helper\{closure}()
#11 /home/latihtal/public_html/agregator1/src/framework/Slim.php(232): Slim\Helper\Set->get()
#12 /home/latihtal/public_html/agregator1/src/drivers/Views/ThemeManager.php(34): Slim\Slim->__get()
#13 /home/latihtal/public_html/agregator1/src/dependencies.php(142): spark\drivers\Views\ThemeManager->initEngine()
#14 /home/latihtal/public_html/agregator1/src/bootstrap.php(68): require('/home/latihtal/...')
#15 /home/latihtal/public_html/agregator1/index.php(4): require('/home/latihtal/...')
#16 {main} [] []
[2026-02-04 22:11:36] SlimMonoLogger.INFO: Cron ran at: 04-02-2026 10:11:36 PM [] []
[2026-02-04 22:16:43] SlimMonoLogger.INFO: Cron ran at: 04-02-2026 10:16:43 PM [] []
[2026-02-04 22:21:45] SlimMonoLogger.INFO: Cron ran at: 04-02-2026 10:21:45 PM [] []
[2026-02-04 22:26:39] SlimMonoLogger.INFO: Cron ran at: 04-02-2026 10:26:39 PM [] []
[2026-02-04 22:31:25] SlimMonoLogger.INFO: Cron ran at: 04-02-2026 10:31:25 PM [] []
[2026-02-04 22:36:24] SlimMonoLogger.INFO: Cron ran at: 04-02-2026 10:36:24 PM [] []
[2026-02-04 22:41:40] SlimMonoLogger.INFO: Cron ran at: 04-02-2026 10:41:40 PM [] []
[2026-02-04 22:46:21] SlimMonoLogger.INFO: Cron ran at: 04-02-2026 10:46:21 PM [] []
[2026-02-04 22:51:25] SlimMonoLogger.INFO: Cron ran at: 04-02-2026 10:51:25 PM [] []
[2026-02-04 22:56:24] SlimMonoLogger.INFO: Cron ran at: 04-02-2026 10:56:24 PM [] []
[2026-02-04 23:01:37] SlimMonoLogger.INFO: Cron ran at: 04-02-2026 11:01:37 PM [] []
[2026-02-04 23:06:24] SlimMonoLogger.INFO: Cron ran at: 04-02-2026 11:06:24 PM [] []
[2026-02-04 23:11:18] SlimMonoLogger.INFO: Cron ran at: 04-02-2026 11:11:18 PM [] []
[2026-02-04 23:16:22] SlimMonoLogger.INFO: Cron ran at: 04-02-2026 11:16:22 PM [] []
[2026-02-04 23:21:23] SlimMonoLogger.INFO: Cron ran at: 04-02-2026 11:21:23 PM [] []
[2026-02-04 23:26:28] SlimMonoLogger.INFO: Cron ran at: 04-02-2026 11:26:28 PM [] []
[2026-02-04 23:31:18] SlimMonoLogger.INFO: Cron ran at: 04-02-2026 11:31:18 PM [] []
[2026-02-04 23:36:20] SlimMonoLogger.INFO: Cron ran at: 04-02-2026 11:36:20 PM [] []
[2026-02-04 23:40:11] SlimMonoLogger.ERROR: Requests_Exception: cURL error 18: transfer closed with outstanding read data remaining in /home/latihtal/public_html/agregator1/src/vendor/rmccue/requests/library/Requests/Transport/cURL.php:422
Stack trace:
#0 /home/latihtal/public_html/agregator1/src/vendor/rmccue/requests/library/Requests/Transport/cURL.php(177): Requests_Transport_cURL->process_response()
#1 /home/latihtal/public_html/agregator1/src/vendor/rmccue/requests/library/Requests.php(379): Requests_Transport_cURL->request()
#2 /home/latihtal/public_html/agregator1/src/vendor/rmccue/requests/library/Requests/Session.php(205): Requests::request()
#3 /home/latihtal/public_html/agregator1/src/vendor/rmccue/requests/library/Requests/Session.php(132): Requests_Session->request()
#4 /home/latihtal/public_html/agregator1/src/drivers/Http/RssImporter.php(144): Requests_Session->get()
#5 /home/latihtal/public_html/agregator1/src/controllers/Dashboard/DashboardFeedsController.php(534): spark\drivers\Http\RssImporter->fetchPosts()
#6 /home/latihtal/public_html/agregator1/src/controllers/Site/SiteController.php(722): spark\controllers\Dashboard\DashboardFeedsController::importFeedPosts()
#7 [internal function]: spark\controllers\Site\SiteController->runTasks()
#8 /home/latihtal/public_html/agregator1/src/framework/Route.php(173): call_user_func_array()
#9 [internal function]: Slim\Route->Slim\{closure}()
#10 /home/latihtal/public_html/agregator1/src/framework/Route.php(468): call_user_func_array()
#11 /home/latihtal/public_html/agregator1/src/framework/Slim.php(1364): Slim\Route->dispatch()
#12 /home/latihtal/public_html/agregator1/src/framework/Middleware/Flash.php(85): Slim\Slim->call()
#13 /home/latihtal/public_html/agregator1/src/framework/Middleware/MethodOverride.php(92): Slim\Middleware\Flash->call()
#14 /home/latihtal/public_html/agregator1/src/middlewares/CsrfGuard/CsrfGuard.php(47): Slim\Middleware\MethodOverride->call()
#15 /home/latihtal/public_html/agregator1/src/framework/Middleware/PrettyExceptions.php(67): spark\middlewares\CsrfGuard\CsrfGuard->call()
#16 /home/latihtal/public_html/agregator1/src/framework/Slim.php(1308): Slim\Middleware\PrettyExceptions->call()
#17 /home/latihtal/public_html/agregator1/index.php(6): Slim\Slim->run()
#18 {main} [] []
[2026-02-04 23:41:26] SlimMonoLogger.INFO: Cron ran at: 04-02-2026 11:41:26 PM [] []
[2026-02-04 23:46:28] SlimMonoLogger.INFO: Cron ran at: 04-02-2026 11:46:28 PM [] []
[2026-02-04 23:51:20] SlimMonoLogger.INFO: Cron ran at: 04-02-2026 11:51:20 PM [] []
[2026-02-04 23:56:26] SlimMonoLogger.INFO: Cron ran at: 04-02-2026 11:56:26 PM [] []
[2026-02-05 00:01:29] SlimMonoLogger.INFO: Cron ran at: 05-02-2026 12:01:29 AM [] []
[2026-02-05 00:06:20] SlimMonoLogger.INFO: Cron ran at: 05-02-2026 12:06:20 AM [] []
[2026-02-05 00:11:26] SlimMonoLogger.INFO: Cron ran at: 05-02-2026 12:11:26 AM [] []
[2026-02-05 00:16:26] SlimMonoLogger.INFO: Cron ran at: 05-02-2026 12:16:26 AM [] []
[2026-02-05 00:21:24] SlimMonoLogger.INFO: Cron ran at: 05-02-2026 12:21:24 AM [] []
[2026-02-05 00:26:20] SlimMonoLogger.INFO: Cron ran at: 05-02-2026 12:26:20 AM [] []
[2026-02-05 00:31:27] SlimMonoLogger.INFO: Cron ran at: 05-02-2026 12:31:27 AM [] []
[2026-02-05 00:36:18] SlimMonoLogger.INFO: Cron ran at: 05-02-2026 12:36:18 AM [] []
[2026-02-05 00:41:28] SlimMonoLogger.INFO: Cron ran at: 05-02-2026 12:41:28 AM [] []
[2026-02-05 00:46:24] SlimMonoLogger.INFO: Cron ran at: 05-02-2026 12:46:24 AM [] []
[2026-02-05 00:51:23] SlimMonoLogger.INFO: Cron ran at: 05-02-2026 12:51:23 AM [] []
[2026-02-05 00:56:25] SlimMonoLogger.INFO: Cron ran at: 05-02-2026 12:56:25 AM [] []
