[2026-03-04 01:01:15] SlimMonoLogger.INFO: Cron ran at: 04-03-2026 01:01:15 AM [] []
[2026-03-04 01:06:14] SlimMonoLogger.INFO: Cron ran at: 04-03-2026 01:06:14 AM [] []
[2026-03-04 01:11:30] SlimMonoLogger.INFO: Cron ran at: 04-03-2026 01:11:30 AM [] []
[2026-03-04 01:16:14] SlimMonoLogger.INFO: Cron ran at: 04-03-2026 01:16:14 AM [] []
[2026-03-04 01:21:15] SlimMonoLogger.INFO: Cron ran at: 04-03-2026 01:21:15 AM [] []
[2026-03-04 01:26:22] SlimMonoLogger.INFO: Cron ran at: 04-03-2026 01:26:22 AM [] []
[2026-03-04 01:31:18] SlimMonoLogger.INFO: Cron ran at: 04-03-2026 01:31:18 AM [] []
[2026-03-04 01:36:59] SlimMonoLogger.INFO: Cron ran at: 04-03-2026 01:36:59 AM [] []
[2026-03-04 01:41:28] SlimMonoLogger.INFO: Cron ran at: 04-03-2026 01:41:28 AM [] []
[2026-03-04 01:46:23] SlimMonoLogger.INFO: Cron ran at: 04-03-2026 01:46:23 AM [] []
[2026-03-04 01:51:14] SlimMonoLogger.INFO: Cron ran at: 04-03-2026 01:51:14 AM [] []
[2026-03-04 01:56:16] SlimMonoLogger.INFO: Cron ran at: 04-03-2026 01:56:16 AM [] []
[2026-03-04 02:01:38] SlimMonoLogger.INFO: Cron ran at: 04-03-2026 02:01:38 AM [] []
[2026-03-04 02:06:20] SlimMonoLogger.INFO: Cron ran at: 04-03-2026 02:06:20 AM [] []
[2026-03-04 02:11:22] SlimMonoLogger.INFO: Cron ran at: 04-03-2026 02:11:22 AM [] []
[2026-03-04 02:16:22] SlimMonoLogger.INFO: Cron ran at: 04-03-2026 02:16:22 AM [] []
[2026-03-04 02:21:16] SlimMonoLogger.INFO: Cron ran at: 04-03-2026 02:21:16 AM [] []
[2026-03-04 02:26:17] SlimMonoLogger.INFO: Cron ran at: 04-03-2026 02:26:17 AM [] []
[2026-03-04 02:31:29] SlimMonoLogger.INFO: Cron ran at: 04-03-2026 02:31:29 AM [] []
[2026-03-04 02:36:21] SlimMonoLogger.INFO: Cron ran at: 04-03-2026 02:36:21 AM [] []
[2026-03-04 02:41:14] SlimMonoLogger.INFO: Cron ran at: 04-03-2026 02:41:14 AM [] []
[2026-03-04 02:46:13] SlimMonoLogger.INFO: Cron ran at: 04-03-2026 02:46:13 AM [] []
[2026-03-04 02:51:21] SlimMonoLogger.INFO: Cron ran at: 04-03-2026 02:51:21 AM [] []
[2026-03-04 02:56:11] SlimMonoLogger.INFO: Cron ran at: 04-03-2026 02:56:11 AM [] []
[2026-03-04 03:01:33] SlimMonoLogger.INFO: Cron ran at: 04-03-2026 03:01:33 AM [] []
[2026-03-04 03:06:14] SlimMonoLogger.INFO: Cron ran at: 04-03-2026 03:06:14 AM [] []
[2026-03-04 03:11:20] SlimMonoLogger.INFO: Cron ran at: 04-03-2026 03:11:20 AM [] []
[2026-03-04 03:16:15] SlimMonoLogger.INFO: Cron ran at: 04-03-2026 03:16:15 AM [] []
[2026-03-04 03:21:24] SlimMonoLogger.INFO: Cron ran at: 04-03-2026 03:21:24 AM [] []
[2026-03-04 03:26:30] SlimMonoLogger.INFO: Cron ran at: 04-03-2026 03:26:30 AM [] []
[2026-03-04 03:31:23] SlimMonoLogger.INFO: Cron ran at: 04-03-2026 03:31:23 AM [] []
[2026-03-04 03:36:16] SlimMonoLogger.INFO: Cron ran at: 04-03-2026 03:36:16 AM [] []
[2026-03-04 03:41:20] SlimMonoLogger.INFO: Cron ran at: 04-03-2026 03:41:20 AM [] []
[2026-03-04 03:46:21] SlimMonoLogger.INFO: Cron ran at: 04-03-2026 03:46:21 AM [] []
[2026-03-04 03:51:21] SlimMonoLogger.INFO: Cron ran at: 04-03-2026 03:51:21 AM [] []
[2026-03-04 03:56:13] SlimMonoLogger.INFO: Cron ran at: 04-03-2026 03:56:13 AM [] []
[2026-03-04 04:01:29] SlimMonoLogger.INFO: Cron ran at: 04-03-2026 04:01:29 AM [] []
[2026-03-04 04:06:22] SlimMonoLogger.INFO: Cron ran at: 04-03-2026 04:06:22 AM [] []
[2026-03-04 04:11:18] SlimMonoLogger.INFO: Cron ran at: 04-03-2026 04:11:18 AM [] []
[2026-03-04 04:16:14] SlimMonoLogger.INFO: Cron ran at: 04-03-2026 04:16:14 AM [] []
[2026-03-04 04:21:20] SlimMonoLogger.INFO: Cron ran at: 04-03-2026 04:21:20 AM [] []
[2026-03-04 04:26:18] SlimMonoLogger.INFO: Cron ran at: 04-03-2026 04:26:18 AM [] []
[2026-03-04 04:31:24] SlimMonoLogger.INFO: Cron ran at: 04-03-2026 04:31:24 AM [] []
[2026-03-04 04:36:17] SlimMonoLogger.INFO: Cron ran at: 04-03-2026 04:36:17 AM [] []
[2026-03-04 04:41:12] SlimMonoLogger.INFO: Cron ran at: 04-03-2026 04:41:12 AM [] []
[2026-03-04 04:46:15] SlimMonoLogger.INFO: Cron ran at: 04-03-2026 04:46:15 AM [] []
[2026-03-04 04:51:20] SlimMonoLogger.INFO: Cron ran at: 04-03-2026 04:51:20 AM [] []
[2026-03-04 04:56:22] SlimMonoLogger.INFO: Cron ran at: 04-03-2026 04:56:22 AM [] []
[2026-03-04 05:01:24] SlimMonoLogger.INFO: Cron ran at: 04-03-2026 05:01:24 AM [] []
[2026-03-04 05:06:13] SlimMonoLogger.INFO: Cron ran at: 04-03-2026 05:06:13 AM [] []
[2026-03-04 05:11:19] SlimMonoLogger.INFO: Cron ran at: 04-03-2026 05:11:19 AM [] []
[2026-03-04 05:16:19] SlimMonoLogger.INFO: Cron ran at: 04-03-2026 05:16:19 AM [] []
[2026-03-04 05:21:18] SlimMonoLogger.INFO: Cron ran at: 04-03-2026 05:21:18 AM [] []
[2026-03-04 05:26:19] SlimMonoLogger.INFO: Cron ran at: 04-03-2026 05:26:19 AM [] []
[2026-03-04 05:31:18] SlimMonoLogger.INFO: Cron ran at: 04-03-2026 05:31:18 AM [] []
[2026-03-04 05:36:18] SlimMonoLogger.INFO: Cron ran at: 04-03-2026 05:36:18 AM [] []
[2026-03-04 05:41:27] SlimMonoLogger.INFO: Cron ran at: 04-03-2026 05:41:27 AM [] []
[2026-03-04 05:46:21] SlimMonoLogger.INFO: Cron ran at: 04-03-2026 05:46:21 AM [] []
[2026-03-04 05:51:12] SlimMonoLogger.INFO: Cron ran at: 04-03-2026 05:51:12 AM [] []
[2026-03-04 05:56:19] SlimMonoLogger.INFO: Cron ran at: 04-03-2026 05:56:19 AM [] []
[2026-03-04 06:01:38] SlimMonoLogger.INFO: Cron ran at: 04-03-2026 06:01:38 AM [] []
[2026-03-04 06:06:14] SlimMonoLogger.INFO: Cron ran at: 04-03-2026 06:06:14 AM [] []
[2026-03-04 06:11:18] SlimMonoLogger.INFO: Cron ran at: 04-03-2026 06:11:18 AM [] []
[2026-03-04 06:16:26] SlimMonoLogger.INFO: Cron ran at: 04-03-2026 06:16:26 AM [] []
[2026-03-04 06:21:18] SlimMonoLogger.INFO: Cron ran at: 04-03-2026 06:21:18 AM [] []
[2026-03-04 06:26:24] SlimMonoLogger.INFO: Cron ran at: 04-03-2026 06:26:24 AM [] []
[2026-03-04 06:31:25] SlimMonoLogger.INFO: Cron ran at: 04-03-2026 06:31:25 AM [] []
[2026-03-04 06:36:20] SlimMonoLogger.INFO: Cron ran at: 04-03-2026 06:36:20 AM [] []
[2026-03-04 06:41:19] SlimMonoLogger.INFO: Cron ran at: 04-03-2026 06:41:19 AM [] []
[2026-03-04 06:46:19] SlimMonoLogger.INFO: Cron ran at: 04-03-2026 06:46:19 AM [] []
[2026-03-04 06:51:15] SlimMonoLogger.INFO: Cron ran at: 04-03-2026 06:51:15 AM [] []
[2026-03-04 06:56:18] SlimMonoLogger.INFO: Cron ran at: 04-03-2026 06:56:18 AM [] []
[2026-03-04 07:01:23] SlimMonoLogger.INFO: Cron ran at: 04-03-2026 07:01:23 AM [] []
[2026-03-04 07:06:18] SlimMonoLogger.INFO: Cron ran at: 04-03-2026 07:06:18 AM [] []
[2026-03-04 07:11:14] SlimMonoLogger.INFO: Cron ran at: 04-03-2026 07:11:14 AM [] []
[2026-03-04 07:16:30] SlimMonoLogger.INFO: Cron ran at: 04-03-2026 07:16:30 AM [] []
[2026-03-04 07:21:27] SlimMonoLogger.INFO: Cron ran at: 04-03-2026 07:21:27 AM [] []
[2026-03-04 07:26:26] SlimMonoLogger.INFO: Cron ran at: 04-03-2026 07:26:26 AM [] []
[2026-03-04 07:31:24] SlimMonoLogger.INFO: Cron ran at: 04-03-2026 07:31:24 AM [] []
[2026-03-04 07:36:26] SlimMonoLogger.INFO: Cron ran at: 04-03-2026 07:36:26 AM [] []
[2026-03-04 07:41:30] SlimMonoLogger.INFO: Cron ran at: 04-03-2026 07:41:30 AM [] []
[2026-03-04 07:46:16] SlimMonoLogger.INFO: Cron ran at: 04-03-2026 07:46:16 AM [] []
[2026-03-04 07:51:29] SlimMonoLogger.INFO: Cron ran at: 04-03-2026 07:51:29 AM [] []
[2026-03-04 07:56:16] SlimMonoLogger.INFO: Cron ran at: 04-03-2026 07:56:16 AM [] []
[2026-03-04 08:01:26] SlimMonoLogger.INFO: Cron ran at: 04-03-2026 08:01:26 AM [] []
[2026-03-04 08:06:18] SlimMonoLogger.INFO: Cron ran at: 04-03-2026 08:06:18 AM [] []
[2026-03-04 08:11:13] SlimMonoLogger.INFO: Cron ran at: 04-03-2026 08:11:13 AM [] []
[2026-03-04 08:16:12] SlimMonoLogger.INFO: Cron ran at: 04-03-2026 08:16:12 AM [] []
[2026-03-04 08:21:19] SlimMonoLogger.INFO: Cron ran at: 04-03-2026 08:21:19 AM [] []
[2026-03-04 08:26:12] SlimMonoLogger.INFO: Cron ran at: 04-03-2026 08:26:12 AM [] []
[2026-03-04 08:31:09] SlimMonoLogger.INFO: Cron ran at: 04-03-2026 08:31:09 AM [] []
[2026-03-04 08:36:15] SlimMonoLogger.INFO: Cron ran at: 04-03-2026 08:36:15 AM [] []
[2026-03-04 08:41:15] SlimMonoLogger.INFO: Cron ran at: 04-03-2026 08:41:15 AM [] []
[2026-03-04 08:46:11] SlimMonoLogger.INFO: Cron ran at: 04-03-2026 08:46:11 AM [] []
[2026-03-04 08:51:11] SlimMonoLogger.INFO: Cron ran at: 04-03-2026 08:51:11 AM [] []
[2026-03-04 08:56:13] SlimMonoLogger.INFO: Cron ran at: 04-03-2026 08:56:13 AM [] []
[2026-03-04 09:01:28] SlimMonoLogger.INFO: Cron ran at: 04-03-2026 09:01:28 AM [] []
[2026-03-04 09:06:18] SlimMonoLogger.INFO: Cron ran at: 04-03-2026 09:06:18 AM [] []
[2026-03-04 09:11:16] SlimMonoLogger.INFO: Cron ran at: 04-03-2026 09:11:16 AM [] []
[2026-03-04 09:16:37] SlimMonoLogger.INFO: Cron ran at: 04-03-2026 09:16:37 AM [] []
[2026-03-04 09:21:30] SlimMonoLogger.INFO: Cron ran at: 04-03-2026 09:21:30 AM [] []
[2026-03-04 09:26:38] SlimMonoLogger.INFO: Cron ran at: 04-03-2026 09:26:38 AM [] []
[2026-03-04 09:31:30] SlimMonoLogger.INFO: Cron ran at: 04-03-2026 09:31:30 AM [] []
[2026-03-04 09:36:27] SlimMonoLogger.INFO: Cron ran at: 04-03-2026 09:36:27 AM [] []
[2026-03-04 09:46:25] SlimMonoLogger.INFO: Cron ran at: 04-03-2026 09:46:25 AM [] []
[2026-03-04 09:51:30] SlimMonoLogger.INFO: Cron ran at: 04-03-2026 09:51:30 AM [] []
[2026-03-04 09:56:23] SlimMonoLogger.INFO: Cron ran at: 04-03-2026 09:56:23 AM [] []
[2026-03-04 10:01:36] SlimMonoLogger.INFO: Cron ran at: 04-03-2026 10:01:36 AM [] []
[2026-03-04 10:06:18] SlimMonoLogger.INFO: Cron ran at: 04-03-2026 10:06:18 AM [] []
[2026-03-04 10:11:20] SlimMonoLogger.INFO: Cron ran at: 04-03-2026 10:11:20 AM [] []
[2026-03-04 10:16:23] SlimMonoLogger.INFO: Cron ran at: 04-03-2026 10:16:23 AM [] []
[2026-03-04 10:21:30] SlimMonoLogger.INFO: Cron ran at: 04-03-2026 10:21:30 AM [] []
[2026-03-04 10:26:29] SlimMonoLogger.INFO: Cron ran at: 04-03-2026 10:26:29 AM [] []
[2026-03-04 10:31:14] SlimMonoLogger.INFO: Cron ran at: 04-03-2026 10:31:14 AM [] []
[2026-03-04 10:36:13] SlimMonoLogger.INFO: Cron ran at: 04-03-2026 10:36:13 AM [] []
[2026-03-04 10:41:38] SlimMonoLogger.INFO: Cron ran at: 04-03-2026 10:41:38 AM [] []
[2026-03-04 10:49:13] SlimMonoLogger.INFO: Cron ran at: 04-03-2026 10:49:13 AM [] []
[2026-03-04 10:51:15] SlimMonoLogger.INFO: Cron ran at: 04-03-2026 10:51:15 AM [] []
[2026-03-04 10:56:19] SlimMonoLogger.INFO: Cron ran at: 04-03-2026 10:56:19 AM [] []
[2026-03-04 11:01:33] SlimMonoLogger.INFO: Cron ran at: 04-03-2026 11:01:33 AM [] []
[2026-03-04 11:06:16] SlimMonoLogger.INFO: Cron ran at: 04-03-2026 11:06:16 AM [] []
[2026-03-04 11:11:12] SlimMonoLogger.INFO: Cron ran at: 04-03-2026 11:11:12 AM [] []
[2026-03-04 11:16:11] SlimMonoLogger.INFO: Cron ran at: 04-03-2026 11:16:11 AM [] []
[2026-03-04 11:21:18] SlimMonoLogger.INFO: Cron ran at: 04-03-2026 11:21:18 AM [] []
[2026-03-04 11:26:29] SlimMonoLogger.INFO: Cron ran at: 04-03-2026 11:26:29 AM [] []
[2026-03-04 11:31:30] SlimMonoLogger.INFO: Cron ran at: 04-03-2026 11:31:30 AM [] []
[2026-03-04 11:36:25] SlimMonoLogger.INFO: Cron ran at: 04-03-2026 11:36:25 AM [] []
[2026-03-04 11:41:17] SlimMonoLogger.INFO: Cron ran at: 04-03-2026 11:41:17 AM [] []
[2026-03-04 11:46:13] SlimMonoLogger.INFO: Cron ran at: 04-03-2026 11:46:13 AM [] []
[2026-03-04 11:51:22] SlimMonoLogger.INFO: Cron ran at: 04-03-2026 11:51:22 AM [] []
[2026-03-04 11:56:21] SlimMonoLogger.INFO: Cron ran at: 04-03-2026 11:56:21 AM [] []
[2026-03-04 12:01:38] SlimMonoLogger.INFO: Cron ran at: 04-03-2026 12:01:38 PM [] []
[2026-03-04 12:06:31] SlimMonoLogger.INFO: Cron ran at: 04-03-2026 12:06:31 PM [] []
[2026-03-04 12:11:21] SlimMonoLogger.INFO: Cron ran at: 04-03-2026 12:11:21 PM [] []
[2026-03-04 12:16:17] SlimMonoLogger.INFO: Cron ran at: 04-03-2026 12:16:17 PM [] []
[2026-03-04 12:21:27] SlimMonoLogger.INFO: Cron ran at: 04-03-2026 12:21:27 PM [] []
[2026-03-04 12:26:26] SlimMonoLogger.INFO: Cron ran at: 04-03-2026 12:26:26 PM [] []
[2026-03-04 12:31:45] SlimMonoLogger.INFO: Cron ran at: 04-03-2026 12:31:45 PM [] []
[2026-03-04 12:36:29] SlimMonoLogger.INFO: Cron ran at: 04-03-2026 12:36:29 PM [] []
[2026-03-04 12:41:24] SlimMonoLogger.INFO: Cron ran at: 04-03-2026 12:41:24 PM [] []
[2026-03-04 12:46:22] SlimMonoLogger.INFO: Cron ran at: 04-03-2026 12:46:22 PM [] []
[2026-03-04 12:51:22] SlimMonoLogger.INFO: Cron ran at: 04-03-2026 12:51:22 PM [] []
[2026-03-04 12:56:28] SlimMonoLogger.INFO: Cron ran at: 04-03-2026 12:56:28 PM [] []
[2026-03-04 13:01:31] SlimMonoLogger.INFO: Cron ran at: 04-03-2026 01:01:31 PM [] []
[2026-03-04 13:06:24] SlimMonoLogger.INFO: Cron ran at: 04-03-2026 01:06:24 PM [] []
[2026-03-04 13:11:31] SlimMonoLogger.INFO: Cron ran at: 04-03-2026 01:11:31 PM [] []
[2026-03-04 13:16:27] SlimMonoLogger.INFO: Cron ran at: 04-03-2026 01:16:27 PM [] []
[2026-03-04 13:21:35] SlimMonoLogger.INFO: Cron ran at: 04-03-2026 01:21:35 PM [] []
[2026-03-04 13:26:45] SlimMonoLogger.INFO: Cron ran at: 04-03-2026 01:26:45 PM [] []
[2026-03-04 13:31:37] SlimMonoLogger.INFO: Cron ran at: 04-03-2026 01:31:37 PM [] []
[2026-03-04 13:36:09] SlimMonoLogger.INFO: Cron ran at: 04-03-2026 01:36:09 PM [] []
[2026-03-04 13:41:51] SlimMonoLogger.INFO: Cron ran at: 04-03-2026 01:41:51 PM [] []
[2026-03-04 13:46:38] SlimMonoLogger.INFO: Cron ran at: 04-03-2026 01:46:38 PM [] []
[2026-03-04 13:51:45] SlimMonoLogger.INFO: Cron ran at: 04-03-2026 01:51:45 PM [] []
[2026-03-04 13:56:27] SlimMonoLogger.INFO: Cron ran at: 04-03-2026 01:56:27 PM [] []
[2026-03-04 14:01:47] SlimMonoLogger.INFO: Cron ran at: 04-03-2026 02:01:47 PM [] []
[2026-03-04 14:06:31] SlimMonoLogger.INFO: Cron ran at: 04-03-2026 02:06:31 PM [] []
[2026-03-04 14:11:39] SlimMonoLogger.INFO: Cron ran at: 04-03-2026 02:11:39 PM [] []
[2026-03-04 14:16:48] SlimMonoLogger.INFO: Cron ran at: 04-03-2026 02:16:48 PM [] []
[2026-03-04 14:21:28] SlimMonoLogger.INFO: Cron ran at: 04-03-2026 02:21:28 PM [] []
[2026-03-04 14:26:34] SlimMonoLogger.INFO: Cron ran at: 04-03-2026 02:26:34 PM [] []
[2026-03-04 14:31:38] SlimMonoLogger.INFO: Cron ran at: 04-03-2026 02:31:38 PM [] []
[2026-03-04 14:36:41] SlimMonoLogger.INFO: Cron ran at: 04-03-2026 02:36:41 PM [] []
[2026-03-04 14:41:43] SlimMonoLogger.INFO: Cron ran at: 04-03-2026 02:41:43 PM [] []
[2026-03-04 14:46:45] SlimMonoLogger.INFO: Cron ran at: 04-03-2026 02:46:45 PM [] []
[2026-03-04 14:51:40] SlimMonoLogger.INFO: Cron ran at: 04-03-2026 02:51:40 PM [] []
[2026-03-04 14:56:37] SlimMonoLogger.INFO: Cron ran at: 04-03-2026 02:56:37 PM [] []
[2026-03-04 15:01:47] SlimMonoLogger.INFO: Cron ran at: 04-03-2026 03:01:47 PM [] []
[2026-03-04 15:06:36] SlimMonoLogger.INFO: Cron ran at: 04-03-2026 03:06:36 PM [] []
[2026-03-04 15:11:47] SlimMonoLogger.INFO: Cron ran at: 04-03-2026 03:11:47 PM [] []
[2026-03-04 15:16:21] SlimMonoLogger.INFO: Cron ran at: 04-03-2026 03:16:21 PM [] []
[2026-03-04 15:21:50] SlimMonoLogger.INFO: Cron ran at: 04-03-2026 03:21:50 PM [] []
[2026-03-04 15:26:29] SlimMonoLogger.INFO: Cron ran at: 04-03-2026 03:26:29 PM [] []
[2026-03-04 15:31:41] SlimMonoLogger.INFO: Cron ran at: 04-03-2026 03:31:41 PM [] []
[2026-03-04 15:36:30] SlimMonoLogger.INFO: Cron ran at: 04-03-2026 03:36:30 PM [] []
[2026-03-04 15:41:34] SlimMonoLogger.INFO: Cron ran at: 04-03-2026 03:41:34 PM [] []
[2026-03-04 15:46:36] SlimMonoLogger.INFO: Cron ran at: 04-03-2026 03:46:36 PM [] []
[2026-03-04 15:51:41] SlimMonoLogger.INFO: Cron ran at: 04-03-2026 03:51:41 PM [] []
[2026-03-04 15:56:37] SlimMonoLogger.INFO: Cron ran at: 04-03-2026 03:56:37 PM [] []
[2026-03-04 16:01:43] SlimMonoLogger.INFO: Cron ran at: 04-03-2026 04:01:43 PM [] []
[2026-03-04 16:06:38] SlimMonoLogger.INFO: Cron ran at: 04-03-2026 04:06:38 PM [] []
[2026-03-04 16:11:48] SlimMonoLogger.INFO: Cron ran at: 04-03-2026 04:11:48 PM [] []
[2026-03-04 16:16:42] SlimMonoLogger.INFO: Cron ran at: 04-03-2026 04:16:42 PM [] []
[2026-03-04 16:21:35] SlimMonoLogger.INFO: Cron ran at: 04-03-2026 04:21:35 PM [] []
[2026-03-04 16:26:53] SlimMonoLogger.INFO: Cron ran at: 04-03-2026 04:26:53 PM [] []
[2026-03-04 16:31:30] SlimMonoLogger.INFO: Cron ran at: 04-03-2026 04:31:30 PM [] []
[2026-03-04 16:36:47] SlimMonoLogger.INFO: Cron ran at: 04-03-2026 04:36:47 PM [] []
[2026-03-04 16:41:31] SlimMonoLogger.INFO: Cron ran at: 04-03-2026 04:41:31 PM [] []
[2026-03-04 16:46:32] SlimMonoLogger.INFO: Cron ran at: 04-03-2026 04:46:32 PM [] []
[2026-03-04 16:51:34] SlimMonoLogger.INFO: Cron ran at: 04-03-2026 04:51:34 PM [] []
[2026-03-04 16:56:24] SlimMonoLogger.INFO: Cron ran at: 04-03-2026 04:56:24 PM [] []
[2026-03-04 17:01:49] SlimMonoLogger.INFO: Cron ran at: 04-03-2026 05:01:49 PM [] []
[2026-03-04 17:06:35] SlimMonoLogger.INFO: Cron ran at: 04-03-2026 05:06:35 PM [] []
[2026-03-04 17:11:36] SlimMonoLogger.INFO: Cron ran at: 04-03-2026 05:11:36 PM [] []
[2026-03-04 17:16:30] SlimMonoLogger.INFO: Cron ran at: 04-03-2026 05:16:30 PM [] []
[2026-03-04 17:21:51] SlimMonoLogger.INFO: Cron ran at: 04-03-2026 05:21:51 PM [] []
[2026-03-04 17:26:32] SlimMonoLogger.INFO: Cron ran at: 04-03-2026 05:26:32 PM [] []
[2026-03-04 17:38:27] SlimMonoLogger.ERROR: Requests_Exception: cURL error 28: Connection timed out after 500002 milliseconds in /home/latihtal/public_html/agregator1/src/vendor/rmccue/requests/library/Requests/Transport/cURL.php:422
Stack trace:
#0 /home/latihtal/public_html/agregator1/src/vendor/rmccue/requests/library/Requests/Transport/cURL.php(177): Requests_Transport_cURL->process_response()
#1 /home/latihtal/public_html/agregator1/src/vendor/rmccue/requests/library/Requests.php(379): Requests_Transport_cURL->request()
#2 /home/latihtal/public_html/agregator1/src/vendor/rmccue/requests/library/Requests/Session.php(205): Requests::request()
#3 /home/latihtal/public_html/agregator1/src/vendor/rmccue/requests/library/Requests/Session.php(132): Requests_Session->request()
#4 /home/latihtal/public_html/agregator1/src/drivers/Http/RssImporter.php(144): Requests_Session->get()
#5 /home/latihtal/public_html/agregator1/src/controllers/Dashboard/DashboardFeedsController.php(534): spark\drivers\Http\RssImporter->fetchPosts()
#6 /home/latihtal/public_html/agregator1/src/controllers/Site/SiteController.php(722): spark\controllers\Dashboard\DashboardFeedsController::importFeedPosts()
#7 [internal function]: spark\controllers\Site\SiteController->runTasks()
#8 /home/latihtal/public_html/agregator1/src/framework/Route.php(173): call_user_func_array()
#9 [internal function]: Slim\Route->Slim\{closure}()
#10 /home/latihtal/public_html/agregator1/src/framework/Route.php(468): call_user_func_array()
#11 /home/latihtal/public_html/agregator1/src/framework/Slim.php(1364): Slim\Route->dispatch()
#12 /home/latihtal/public_html/agregator1/src/framework/Middleware/Flash.php(85): Slim\Slim->call()
#13 /home/latihtal/public_html/agregator1/src/framework/Middleware/MethodOverride.php(92): Slim\Middleware\Flash->call()
#14 /home/latihtal/public_html/agregator1/src/middlewares/CsrfGuard/CsrfGuard.php(47): Slim\Middleware\MethodOverride->call()
#15 /home/latihtal/public_html/agregator1/src/framework/Middleware/PrettyExceptions.php(67): spark\middlewares\CsrfGuard\CsrfGuard->call()
#16 /home/latihtal/public_html/agregator1/src/framework/Slim.php(1308): Slim\Middleware\PrettyExceptions->call()
#17 /home/latihtal/public_html/agregator1/index.php(6): Slim\Slim->run()
#18 {main} [] []
[2026-03-04 17:45:03] SlimMonoLogger.ERROR: Requests_Exception: cURL error 28: Connection timed out after 500001 milliseconds in /home/latihtal/public_html/agregator1/src/vendor/rmccue/requests/library/Requests/Transport/cURL.php:422
Stack trace:
#0 /home/latihtal/public_html/agregator1/src/vendor/rmccue/requests/library/Requests/Transport/cURL.php(177): Requests_Transport_cURL->process_response()
#1 /home/latihtal/public_html/agregator1/src/vendor/rmccue/requests/library/Requests.php(379): Requests_Transport_cURL->request()
#2 /home/latihtal/public_html/agregator1/src/vendor/rmccue/requests/library/Requests/Session.php(205): Requests::request()
#3 /home/latihtal/public_html/agregator1/src/vendor/rmccue/requests/library/Requests/Session.php(132): Requests_Session->request()
#4 /home/latihtal/public_html/agregator1/src/drivers/Http/RssImporter.php(144): Requests_Session->get()
#5 /home/latihtal/public_html/agregator1/src/controllers/Dashboard/DashboardFeedsController.php(534): spark\drivers\Http\RssImporter->fetchPosts()
#6 /home/latihtal/public_html/agregator1/src/controllers/Site/SiteController.php(722): spark\controllers\Dashboard\DashboardFeedsController::importFeedPosts()
#7 [internal function]: spark\controllers\Site\SiteController->runTasks()
#8 /home/latihtal/public_html/agregator1/src/framework/Route.php(173): call_user_func_array()
#9 [internal function]: Slim\Route->Slim\{closure}()
#10 /home/latihtal/public_html/agregator1/src/framework/Route.php(468): call_user_func_array()
#11 /home/latihtal/public_html/agregator1/src/framework/Slim.php(1364): Slim\Route->dispatch()
#12 /home/latihtal/public_html/agregator1/src/framework/Middleware/Flash.php(85): Slim\Slim->call()
#13 /home/latihtal/public_html/agregator1/src/framework/Middleware/MethodOverride.php(92): Slim\Middleware\Flash->call()
#14 /home/latihtal/public_html/agregator1/src/middlewares/CsrfGuard/CsrfGuard.php(47): Slim\Middleware\MethodOverride->call()
#15 /home/latihtal/public_html/agregator1/src/framework/Middleware/PrettyExceptions.php(67): spark\middlewares\CsrfGuard\CsrfGuard->call()
#16 /home/latihtal/public_html/agregator1/src/framework/Slim.php(1308): Slim\Middleware\PrettyExceptions->call()
#17 /home/latihtal/public_html/agregator1/index.php(6): Slim\Slim->run()
#18 {main} [] []
[2026-03-04 17:45:30] SlimMonoLogger.INFO: Cron ran at: 04-03-2026 05:45:30 PM [] []
[2026-03-04 17:46:15] SlimMonoLogger.INFO: Cron ran at: 04-03-2026 05:46:15 PM [] []
[2026-03-04 17:48:06] SlimMonoLogger.ERROR: Requests_Exception: cURL error 28: Connection timed out after 500001 milliseconds in /home/latihtal/public_html/agregator1/src/vendor/rmccue/requests/library/Requests/Transport/cURL.php:422
Stack trace:
#0 /home/latihtal/public_html/agregator1/src/vendor/rmccue/requests/library/Requests/Transport/cURL.php(177): Requests_Transport_cURL->process_response()
#1 /home/latihtal/public_html/agregator1/src/vendor/rmccue/requests/library/Requests.php(379): Requests_Transport_cURL->request()
#2 /home/latihtal/public_html/agregator1/src/vendor/rmccue/requests/library/Requests/Session.php(205): Requests::request()
#3 /home/latihtal/public_html/agregator1/src/vendor/rmccue/requests/library/Requests/Session.php(132): Requests_Session->request()
#4 /home/latihtal/public_html/agregator1/src/drivers/Http/RssImporter.php(144): Requests_Session->get()
#5 /home/latihtal/public_html/agregator1/src/controllers/Dashboard/DashboardFeedsController.php(534): spark\drivers\Http\RssImporter->fetchPosts()
#6 /home/latihtal/public_html/agregator1/src/controllers/Site/SiteController.php(722): spark\controllers\Dashboard\DashboardFeedsController::importFeedPosts()
#7 [internal function]: spark\controllers\Site\SiteController->runTasks()
#8 /home/latihtal/public_html/agregator1/src/framework/Route.php(173): call_user_func_array()
#9 [internal function]: Slim\Route->Slim\{closure}()
#10 /home/latihtal/public_html/agregator1/src/framework/Route.php(468): call_user_func_array()
#11 /home/latihtal/public_html/agregator1/src/framework/Slim.php(1364): Slim\Route->dispatch()
#12 /home/latihtal/public_html/agregator1/src/framework/Middleware/Flash.php(85): Slim\Slim->call()
#13 /home/latihtal/public_html/agregator1/src/framework/Middleware/MethodOverride.php(92): Slim\Middleware\Flash->call()
#14 /home/latihtal/public_html/agregator1/src/middlewares/CsrfGuard/CsrfGuard.php(47): Slim\Middleware\MethodOverride->call()
#15 /home/latihtal/public_html/agregator1/src/framework/Middleware/PrettyExceptions.php(67): spark\middlewares\CsrfGuard\CsrfGuard->call()
#16 /home/latihtal/public_html/agregator1/src/framework/Slim.php(1308): Slim\Middleware\PrettyExceptions->call()
#17 /home/latihtal/public_html/agregator1/index.php(6): Slim\Slim->run()
#18 {main} [] []
[2026-03-04 17:48:30] SlimMonoLogger.INFO: Cron ran at: 04-03-2026 05:48:30 PM [] []
[2026-03-04 17:48:42] SlimMonoLogger.ERROR: Requests_Exception: cURL error 28: Operation timed out after 500000 milliseconds with 0 bytes received in /home/latihtal/public_html/agregator1/src/vendor/rmccue/requests/library/Requests/Transport/cURL.php:422
Stack trace:
#0 /home/latihtal/public_html/agregator1/src/vendor/rmccue/requests/library/Requests/Transport/cURL.php(177): Requests_Transport_cURL->process_response()
#1 /home/latihtal/public_html/agregator1/src/vendor/rmccue/requests/library/Requests.php(379): Requests_Transport_cURL->request()
#2 /home/latihtal/public_html/agregator1/src/vendor/rmccue/requests/library/Requests/Session.php(205): Requests::request()
#3 /home/latihtal/public_html/agregator1/src/vendor/rmccue/requests/library/Requests/Session.php(132): Requests_Session->request()
#4 /home/latihtal/public_html/agregator1/src/drivers/Http/RssImporter.php(144): Requests_Session->get()
#5 /home/latihtal/public_html/agregator1/src/controllers/Dashboard/DashboardFeedsController.php(534): spark\drivers\Http\RssImporter->fetchPosts()
#6 /home/latihtal/public_html/agregator1/src/controllers/Site/SiteController.php(722): spark\controllers\Dashboard\DashboardFeedsController::importFeedPosts()
#7 [internal function]: spark\controllers\Site\SiteController->runTasks()
#8 /home/latihtal/public_html/agregator1/src/framework/Route.php(173): call_user_func_array()
#9 [internal function]: Slim\Route->Slim\{closure}()
#10 /home/latihtal/public_html/agregator1/src/framework/Route.php(468): call_user_func_array()
#11 /home/latihtal/public_html/agregator1/src/framework/Slim.php(1364): Slim\Route->dispatch()
#12 /home/latihtal/public_html/agregator1/src/framework/Middleware/Flash.php(85): Slim\Slim->call()
#13 /home/latihtal/public_html/agregator1/src/framework/Middleware/MethodOverride.php(92): Slim\Middleware\Flash->call()
#14 /home/latihtal/public_html/agregator1/src/middlewares/CsrfGuard/CsrfGuard.php(47): Slim\Middleware\MethodOverride->call()
#15 /home/latihtal/public_html/agregator1/src/framework/Middleware/PrettyExceptions.php(67): spark\middlewares\CsrfGuard\CsrfGuard->call()
#16 /home/latihtal/public_html/agregator1/src/framework/Slim.php(1308): Slim\Middleware\PrettyExceptions->call()
#17 /home/latihtal/public_html/agregator1/index.php(6): Slim\Slim->run()
#18 {main} [] []
[2026-03-04 17:49:33] SlimMonoLogger.INFO: Cron ran at: 04-03-2026 05:49:33 PM [] []
[2026-03-04 17:51:19] SlimMonoLogger.INFO: Cron ran at: 04-03-2026 05:51:19 PM [] []
[2026-03-04 17:56:28] SlimMonoLogger.INFO: Cron ran at: 04-03-2026 05:56:28 PM [] []
[2026-03-04 18:01:27] SlimMonoLogger.INFO: Cron ran at: 04-03-2026 06:01:27 PM [] []
[2026-03-04 18:06:26] SlimMonoLogger.INFO: Cron ran at: 04-03-2026 06:06:26 PM [] []
[2026-03-04 18:11:12] SlimMonoLogger.INFO: Cron ran at: 04-03-2026 06:11:12 PM [] []
[2026-03-04 18:16:10] SlimMonoLogger.INFO: Cron ran at: 04-03-2026 06:16:10 PM [] []
[2026-03-04 18:21:20] SlimMonoLogger.INFO: Cron ran at: 04-03-2026 06:21:20 PM [] []
[2026-03-04 18:26:13] SlimMonoLogger.INFO: Cron ran at: 04-03-2026 06:26:13 PM [] []
[2026-03-04 18:31:25] SlimMonoLogger.INFO: Cron ran at: 04-03-2026 06:31:25 PM [] []
[2026-03-04 18:36:39] SlimMonoLogger.INFO: Cron ran at: 04-03-2026 06:36:39 PM [] []
[2026-03-04 18:41:22] SlimMonoLogger.INFO: Cron ran at: 04-03-2026 06:41:22 PM [] []
[2026-03-04 18:45:54] SlimMonoLogger.ERROR: PDOException: SQLSTATE[HY000]: General error: 2006 Server has gone away in /home/latihtal/public_html/agregator1/src/framework/PDO/Statement/StatementContainer.php:518
Stack trace:
#0 /home/latihtal/public_html/agregator1/src/framework/PDO/Statement/StatementContainer.php(518): PDO->prepare()
#1 /home/latihtal/public_html/agregator1/src/framework/PDO/Statement/StatementContainer.php(428): Slim\PDO\Statement\StatementContainer->getStatement()
#2 /home/latihtal/public_html/agregator1/src/framework/PDO/Statement/SelectStatement.php(411): Slim\PDO\Statement\StatementContainer->execute()
#3 /home/latihtal/public_html/agregator1/src/models/Model.php(212): Slim\PDO\Statement\SelectStatement->execute()
#4 /home/latihtal/public_html/agregator1/src/controllers/Dashboard/DashboardFeedsController.php(546): spark\models\Model->countRows()
#5 /home/latihtal/public_html/agregator1/src/controllers/Site/SiteController.php(722): spark\controllers\Dashboard\DashboardFeedsController::importFeedPosts()
#6 [internal function]: spark\controllers\Site\SiteController->runTasks()
#7 /home/latihtal/public_html/agregator1/src/framework/Route.php(173): call_user_func_array()
#8 [internal function]: Slim\Route->Slim\{closure}()
#9 /home/latihtal/public_html/agregator1/src/framework/Route.php(468): call_user_func_array()
#10 /home/latihtal/public_html/agregator1/src/framework/Slim.php(1364): Slim\Route->dispatch()
#11 /home/latihtal/public_html/agregator1/src/framework/Middleware/Flash.php(85): Slim\Slim->call()
#12 /home/latihtal/public_html/agregator1/src/framework/Middleware/MethodOverride.php(92): Slim\Middleware\Flash->call()
#13 /home/latihtal/public_html/agregator1/src/middlewares/CsrfGuard/CsrfGuard.php(47): Slim\Middleware\MethodOverride->call()
#14 /home/latihtal/public_html/agregator1/src/framework/Middleware/PrettyExceptions.php(67): spark\middlewares\CsrfGuard\CsrfGuard->call()
#15 /home/latihtal/public_html/agregator1/src/framework/Slim.php(1308): Slim\Middleware\PrettyExceptions->call()
#16 /home/latihtal/public_html/agregator1/index.php(6): Slim\Slim->run()
#17 {main} [] []
[2026-03-04 18:51:19] SlimMonoLogger.INFO: Cron ran at: 04-03-2026 06:51:19 PM [] []
[2026-03-04 18:56:29] SlimMonoLogger.INFO: Cron ran at: 04-03-2026 06:56:29 PM [] []
[2026-03-04 19:01:40] SlimMonoLogger.INFO: Cron ran at: 04-03-2026 07:01:40 PM [] []
[2026-03-04 19:06:23] SlimMonoLogger.INFO: Cron ran at: 04-03-2026 07:06:23 PM [] []
[2026-03-04 19:11:28] SlimMonoLogger.INFO: Cron ran at: 04-03-2026 07:11:28 PM [] []
[2026-03-04 19:16:36] SlimMonoLogger.INFO: Cron ran at: 04-03-2026 07:16:36 PM [] []
[2026-03-04 19:21:31] SlimMonoLogger.INFO: Cron ran at: 04-03-2026 07:21:31 PM [] []
[2026-03-04 19:26:36] SlimMonoLogger.INFO: Cron ran at: 04-03-2026 07:26:36 PM [] []
[2026-03-04 19:31:48] SlimMonoLogger.INFO: Cron ran at: 04-03-2026 07:31:48 PM [] []
[2026-03-04 19:36:40] SlimMonoLogger.INFO: Cron ran at: 04-03-2026 07:36:40 PM [] []
[2026-03-04 19:41:43] SlimMonoLogger.INFO: Cron ran at: 04-03-2026 07:41:43 PM [] []
[2026-03-04 19:46:32] SlimMonoLogger.INFO: Cron ran at: 04-03-2026 07:46:32 PM [] []
[2026-03-04 19:51:45] SlimMonoLogger.INFO: Cron ran at: 04-03-2026 07:51:45 PM [] []
[2026-03-04 19:56:48] SlimMonoLogger.INFO: Cron ran at: 04-03-2026 07:56:48 PM [] []
[2026-03-04 20:01:56] SlimMonoLogger.INFO: Cron ran at: 04-03-2026 08:01:56 PM [] []
[2026-03-04 20:06:36] SlimMonoLogger.INFO: Cron ran at: 04-03-2026 08:06:36 PM [] []
[2026-03-04 20:11:36] SlimMonoLogger.INFO: Cron ran at: 04-03-2026 08:11:36 PM [] []
[2026-03-04 20:16:44] SlimMonoLogger.INFO: Cron ran at: 04-03-2026 08:16:44 PM [] []
[2026-03-04 20:21:50] SlimMonoLogger.INFO: Cron ran at: 04-03-2026 08:21:50 PM [] []
[2026-03-04 20:26:52] SlimMonoLogger.INFO: Cron ran at: 04-03-2026 08:26:52 PM [] []
[2026-03-04 20:31:34] SlimMonoLogger.INFO: Cron ran at: 04-03-2026 08:31:34 PM [] []
[2026-03-04 20:36:35] SlimMonoLogger.INFO: Cron ran at: 04-03-2026 08:36:35 PM [] []
[2026-03-04 20:41:38] SlimMonoLogger.INFO: Cron ran at: 04-03-2026 08:41:38 PM [] []
[2026-03-04 20:46:44] SlimMonoLogger.INFO: Cron ran at: 04-03-2026 08:46:44 PM [] []
[2026-03-04 20:51:29] SlimMonoLogger.INFO: Cron ran at: 04-03-2026 08:51:29 PM [] []
[2026-03-04 20:56:37] SlimMonoLogger.INFO: Cron ran at: 04-03-2026 08:56:37 PM [] []
[2026-03-04 21:01:32] SlimMonoLogger.INFO: Cron ran at: 04-03-2026 09:01:32 PM [] []
[2026-03-04 21:06:33] SlimMonoLogger.INFO: Cron ran at: 04-03-2026 09:06:33 PM [] []
[2026-03-04 21:11:26] SlimMonoLogger.INFO: Cron ran at: 04-03-2026 09:11:26 PM [] []
[2026-03-04 21:16:50] SlimMonoLogger.INFO: Cron ran at: 04-03-2026 09:16:50 PM [] []
[2026-03-04 21:21:31] SlimMonoLogger.INFO: Cron ran at: 04-03-2026 09:21:31 PM [] []
[2026-03-04 21:26:28] SlimMonoLogger.INFO: Cron ran at: 04-03-2026 09:26:28 PM [] []
[2026-03-04 21:31:29] SlimMonoLogger.INFO: Cron ran at: 04-03-2026 09:31:29 PM [] []
[2026-03-04 21:36:44] SlimMonoLogger.INFO: Cron ran at: 04-03-2026 09:36:44 PM [] []
[2026-03-04 21:41:26] SlimMonoLogger.INFO: Cron ran at: 04-03-2026 09:41:26 PM [] []
[2026-03-04 21:46:27] SlimMonoLogger.INFO: Cron ran at: 04-03-2026 09:46:27 PM [] []
[2026-03-04 21:51:29] SlimMonoLogger.INFO: Cron ran at: 04-03-2026 09:51:29 PM [] []
[2026-03-04 21:56:23] SlimMonoLogger.INFO: Cron ran at: 04-03-2026 09:56:23 PM [] []
[2026-03-04 22:01:40] SlimMonoLogger.INFO: Cron ran at: 04-03-2026 10:01:40 PM [] []
[2026-03-04 22:06:25] SlimMonoLogger.INFO: Cron ran at: 04-03-2026 10:06:25 PM [] []
[2026-03-04 22:11:37] SlimMonoLogger.INFO: Cron ran at: 04-03-2026 10:11:37 PM [] []
[2026-03-04 22:16:33] SlimMonoLogger.INFO: Cron ran at: 04-03-2026 10:16:33 PM [] []
[2026-03-04 22:21:32] SlimMonoLogger.INFO: Cron ran at: 04-03-2026 10:21:32 PM [] []
[2026-03-04 22:26:21] SlimMonoLogger.INFO: Cron ran at: 04-03-2026 10:26:21 PM [] []
[2026-03-04 22:37:20] SlimMonoLogger.INFO: Cron ran at: 04-03-2026 10:37:20 PM [] []
[2026-03-04 22:38:47] SlimMonoLogger.ERROR: Requests_Exception: cURL error 28: Operation timed out after 500001 milliseconds with 25110 bytes received in /home/latihtal/public_html/agregator1/src/vendor/rmccue/requests/library/Requests/Transport/cURL.php:422
Stack trace:
#0 /home/latihtal/public_html/agregator1/src/vendor/rmccue/requests/library/Requests/Transport/cURL.php(177): Requests_Transport_cURL->process_response()
#1 /home/latihtal/public_html/agregator1/src/vendor/rmccue/requests/library/Requests.php(379): Requests_Transport_cURL->request()
#2 /home/latihtal/public_html/agregator1/src/vendor/rmccue/requests/library/Requests/Session.php(205): Requests::request()
#3 /home/latihtal/public_html/agregator1/src/vendor/rmccue/requests/library/Requests/Session.php(132): Requests_Session->request()
#4 /home/latihtal/public_html/agregator1/src/drivers/Http/RssImporter.php(144): Requests_Session->get()
#5 /home/latihtal/public_html/agregator1/src/controllers/Dashboard/DashboardFeedsController.php(534): spark\drivers\Http\RssImporter->fetchPosts()
#6 /home/latihtal/public_html/agregator1/src/controllers/Site/SiteController.php(722): spark\controllers\Dashboard\DashboardFeedsController::importFeedPosts()
#7 [internal function]: spark\controllers\Site\SiteController->runTasks()
#8 /home/latihtal/public_html/agregator1/src/framework/Route.php(173): call_user_func_array()
#9 [internal function]: Slim\Route->Slim\{closure}()
#10 /home/latihtal/public_html/agregator1/src/framework/Route.php(468): call_user_func_array()
#11 /home/latihtal/public_html/agregator1/src/framework/Slim.php(1364): Slim\Route->dispatch()
#12 /home/latihtal/public_html/agregator1/src/framework/Middleware/Flash.php(85): Slim\Slim->call()
#13 /home/latihtal/public_html/agregator1/src/framework/Middleware/MethodOverride.php(92): Slim\Middleware\Flash->call()
#14 /home/latihtal/public_html/agregator1/src/middlewares/CsrfGuard/CsrfGuard.php(47): Slim\Middleware\MethodOverride->call()
#15 /home/latihtal/public_html/agregator1/src/framework/Middleware/PrettyExceptions.php(67): spark\middlewares\CsrfGuard\CsrfGuard->call()
#16 /home/latihtal/public_html/agregator1/src/framework/Slim.php(1308): Slim\Middleware\PrettyExceptions->call()
#17 /home/latihtal/public_html/agregator1/index.php(6): Slim\Slim->run()
#18 {main} [] []
[2026-03-04 22:40:42] SlimMonoLogger.INFO: Cron ran at: 04-03-2026 10:40:42 PM [] []
[2026-03-04 22:41:53] SlimMonoLogger.INFO: Cron ran at: 04-03-2026 10:41:53 PM [] []
[2026-03-04 22:46:28] SlimMonoLogger.INFO: Cron ran at: 04-03-2026 10:46:28 PM [] []
[2026-03-04 22:51:21] SlimMonoLogger.INFO: Cron ran at: 04-03-2026 10:51:21 PM [] []
[2026-03-04 22:56:34] SlimMonoLogger.INFO: Cron ran at: 04-03-2026 10:56:34 PM [] []
[2026-03-04 23:01:46] SlimMonoLogger.INFO: Cron ran at: 04-03-2026 11:01:46 PM [] []
[2026-03-04 23:06:25] SlimMonoLogger.INFO: Cron ran at: 04-03-2026 11:06:25 PM [] []
[2026-03-04 23:11:19] SlimMonoLogger.INFO: Cron ran at: 04-03-2026 11:11:19 PM [] []
[2026-03-04 23:23:40] SlimMonoLogger.ERROR: Requests_Exception: cURL error 28: Connection timed out after 500001 milliseconds in /home/latihtal/public_html/agregator1/src/vendor/rmccue/requests/library/Requests/Transport/cURL.php:422
Stack trace:
#0 /home/latihtal/public_html/agregator1/src/vendor/rmccue/requests/library/Requests/Transport/cURL.php(177): Requests_Transport_cURL->process_response()
#1 /home/latihtal/public_html/agregator1/src/vendor/rmccue/requests/library/Requests.php(379): Requests_Transport_cURL->request()
#2 /home/latihtal/public_html/agregator1/src/vendor/rmccue/requests/library/Requests/Session.php(205): Requests::request()
#3 /home/latihtal/public_html/agregator1/src/vendor/rmccue/requests/library/Requests/Session.php(132): Requests_Session->request()
#4 /home/latihtal/public_html/agregator1/src/drivers/Http/RssImporter.php(144): Requests_Session->get()
#5 /home/latihtal/public_html/agregator1/src/controllers/Dashboard/DashboardFeedsController.php(534): spark\drivers\Http\RssImporter->fetchPosts()
#6 /home/latihtal/public_html/agregator1/src/controllers/Site/SiteController.php(722): spark\controllers\Dashboard\DashboardFeedsController::importFeedPosts()
#7 [internal function]: spark\controllers\Site\SiteController->runTasks()
#8 /home/latihtal/public_html/agregator1/src/framework/Route.php(173): call_user_func_array()
#9 [internal function]: Slim\Route->Slim\{closure}()
#10 /home/latihtal/public_html/agregator1/src/framework/Route.php(468): call_user_func_array()
#11 /home/latihtal/public_html/agregator1/src/framework/Slim.php(1364): Slim\Route->dispatch()
#12 /home/latihtal/public_html/agregator1/src/framework/Middleware/Flash.php(85): Slim\Slim->call()
#13 /home/latihtal/public_html/agregator1/src/framework/Middleware/MethodOverride.php(92): Slim\Middleware\Flash->call()
#14 /home/latihtal/public_html/agregator1/src/middlewares/CsrfGuard/CsrfGuard.php(47): Slim\Middleware\MethodOverride->call()
#15 /home/latihtal/public_html/agregator1/src/framework/Middleware/PrettyExceptions.php(67): spark\middlewares\CsrfGuard\CsrfGuard->call()
#16 /home/latihtal/public_html/agregator1/src/framework/Slim.php(1308): Slim\Middleware\PrettyExceptions->call()
#17 /home/latihtal/public_html/agregator1/index.php(6): Slim\Slim->run()
#18 {main} [] []
[2026-03-04 23:25:02] SlimMonoLogger.INFO: Cron ran at: 04-03-2026 11:25:02 PM [] []
[2026-03-04 23:26:19] SlimMonoLogger.INFO: Cron ran at: 04-03-2026 11:26:19 PM [] []
[2026-03-04 23:29:20] SlimMonoLogger.ERROR: Requests_Exception: cURL error 28: Operation timed out after 500002 milliseconds with 272 bytes received in /home/latihtal/public_html/agregator1/src/vendor/rmccue/requests/library/Requests/Transport/cURL.php:422
Stack trace:
#0 /home/latihtal/public_html/agregator1/src/vendor/rmccue/requests/library/Requests/Transport/cURL.php(177): Requests_Transport_cURL->process_response()
#1 /home/latihtal/public_html/agregator1/src/vendor/rmccue/requests/library/Requests.php(379): Requests_Transport_cURL->request()
#2 /home/latihtal/public_html/agregator1/src/vendor/rmccue/requests/library/Requests/Session.php(205): Requests::request()
#3 /home/latihtal/public_html/agregator1/src/vendor/rmccue/requests/library/Requests/Session.php(132): Requests_Session->request()
#4 /home/latihtal/public_html/agregator1/src/drivers/Http/RssImporter.php(144): Requests_Session->get()
#5 /home/latihtal/public_html/agregator1/src/controllers/Dashboard/DashboardFeedsController.php(534): spark\drivers\Http\RssImporter->fetchPosts()
#6 /home/latihtal/public_html/agregator1/src/controllers/Site/SiteController.php(722): spark\controllers\Dashboard\DashboardFeedsController::importFeedPosts()
#7 [internal function]: spark\controllers\Site\SiteController->runTasks()
#8 /home/latihtal/public_html/agregator1/src/framework/Route.php(173): call_user_func_array()
#9 [internal function]: Slim\Route->Slim\{closure}()
#10 /home/latihtal/public_html/agregator1/src/framework/Route.php(468): call_user_func_array()
#11 /home/latihtal/public_html/agregator1/src/framework/Slim.php(1364): Slim\Route->dispatch()
#12 /home/latihtal/public_html/agregator1/src/framework/Middleware/Flash.php(85): Slim\Slim->call()
#13 /home/latihtal/public_html/agregator1/src/framework/Middleware/MethodOverride.php(92): Slim\Middleware\Flash->call()
#14 /home/latihtal/public_html/agregator1/src/middlewares/CsrfGuard/CsrfGuard.php(47): Slim\Middleware\MethodOverride->call()
#15 /home/latihtal/public_html/agregator1/src/framework/Middleware/PrettyExceptions.php(67): spark\middlewares\CsrfGuard\CsrfGuard->call()
#16 /home/latihtal/public_html/agregator1/src/framework/Slim.php(1308): Slim\Middleware\PrettyExceptions->call()
#17 /home/latihtal/public_html/agregator1/index.php(6): Slim\Slim->run()
#18 {main} [] []
[2026-03-04 23:30:28] SlimMonoLogger.INFO: Cron ran at: 04-03-2026 11:30:28 PM [] []
[2026-03-04 23:31:38] SlimMonoLogger.INFO: Cron ran at: 04-03-2026 11:31:38 PM [] []
[2026-03-04 23:36:28] SlimMonoLogger.INFO: Cron ran at: 04-03-2026 11:36:28 PM [] []
[2026-03-04 23:46:37] SlimMonoLogger.INFO: Cron ran at: 04-03-2026 11:46:37 PM [] []
[2026-03-04 23:50:33] SlimMonoLogger.ERROR: Requests_Exception: cURL error 28: Connection timed out after 500002 milliseconds in /home/latihtal/public_html/agregator1/src/vendor/rmccue/requests/library/Requests/Transport/cURL.php:422
Stack trace:
#0 /home/latihtal/public_html/agregator1/src/vendor/rmccue/requests/library/Requests/Transport/cURL.php(177): Requests_Transport_cURL->process_response()
#1 /home/latihtal/public_html/agregator1/src/vendor/rmccue/requests/library/Requests.php(379): Requests_Transport_cURL->request()
#2 /home/latihtal/public_html/agregator1/src/vendor/rmccue/requests/library/Requests/Session.php(205): Requests::request()
#3 /home/latihtal/public_html/agregator1/src/vendor/rmccue/requests/library/Requests/Session.php(132): Requests_Session->request()
#4 /home/latihtal/public_html/agregator1/src/drivers/Http/RssImporter.php(144): Requests_Session->get()
#5 /home/latihtal/public_html/agregator1/src/controllers/Dashboard/DashboardFeedsController.php(534): spark\drivers\Http\RssImporter->fetchPosts()
#6 /home/latihtal/public_html/agregator1/src/controllers/Site/SiteController.php(722): spark\controllers\Dashboard\DashboardFeedsController::importFeedPosts()
#7 [internal function]: spark\controllers\Site\SiteController->runTasks()
#8 /home/latihtal/public_html/agregator1/src/framework/Route.php(173): call_user_func_array()
#9 [internal function]: Slim\Route->Slim\{closure}()
#10 /home/latihtal/public_html/agregator1/src/framework/Route.php(468): call_user_func_array()
#11 /home/latihtal/public_html/agregator1/src/framework/Slim.php(1364): Slim\Route->dispatch()
#12 /home/latihtal/public_html/agregator1/src/framework/Middleware/Flash.php(85): Slim\Slim->call()
#13 /home/latihtal/public_html/agregator1/src/framework/Middleware/MethodOverride.php(92): Slim\Middleware\Flash->call()
#14 /home/latihtal/public_html/agregator1/src/middlewares/CsrfGuard/CsrfGuard.php(47): Slim\Middleware\MethodOverride->call()
#15 /home/latihtal/public_html/agregator1/src/framework/Middleware/PrettyExceptions.php(67): spark\middlewares\CsrfGuard\CsrfGuard->call()
#16 /home/latihtal/public_html/agregator1/src/framework/Slim.php(1308): Slim\Middleware\PrettyExceptions->call()
#17 /home/latihtal/public_html/agregator1/index.php(6): Slim\Slim->run()
#18 {main} [] []
[2026-03-04 23:50:59] SlimMonoLogger.INFO: Cron ran at: 04-03-2026 11:50:59 PM [] []
[2026-03-04 23:51:13] SlimMonoLogger.INFO: Cron ran at: 04-03-2026 11:51:13 PM [] []
[2026-03-04 23:56:09] SlimMonoLogger.INFO: Cron ran at: 04-03-2026 11:56:09 PM [] []
[2026-03-05 00:01:24] SlimMonoLogger.INFO: Cron ran at: 05-03-2026 12:01:24 AM [] []
[2026-03-05 00:06:41] SlimMonoLogger.INFO: Cron ran at: 05-03-2026 12:06:41 AM [] []
[2026-03-05 00:11:47] SlimMonoLogger.INFO: Cron ran at: 05-03-2026 12:11:47 AM [] []
[2026-03-05 00:16:25] SlimMonoLogger.INFO: Cron ran at: 05-03-2026 12:16:25 AM [] []
[2026-03-05 00:21:13] SlimMonoLogger.INFO: Cron ran at: 05-03-2026 12:21:13 AM [] []
[2026-03-05 00:26:45] SlimMonoLogger.INFO: Cron ran at: 05-03-2026 12:26:45 AM [] []
[2026-03-05 00:31:19] SlimMonoLogger.INFO: Cron ran at: 05-03-2026 12:31:19 AM [] []
[2026-03-05 00:36:40] SlimMonoLogger.INFO: Cron ran at: 05-03-2026 12:36:40 AM [] []
[2026-03-05 00:41:28] SlimMonoLogger.INFO: Cron ran at: 05-03-2026 12:41:28 AM [] []
[2026-03-05 00:46:32] SlimMonoLogger.INFO: Cron ran at: 05-03-2026 12:46:32 AM [] []
[2026-03-05 00:52:04] SlimMonoLogger.INFO: Cron ran at: 05-03-2026 12:52:04 AM [] []
[2026-03-05 00:56:22] SlimMonoLogger.INFO: Cron ran at: 05-03-2026 12:56:22 AM [] []
