[2025-04-04 02:00:41] SlimMonoLogger.INFO: Cron ran at: 04-04-2025 02:00:41 AM [] []
[2025-04-04 02:05:41] SlimMonoLogger.INFO: Cron ran at: 04-04-2025 02:05:41 AM [] []
[2025-04-04 02:10:29] SlimMonoLogger.INFO: Cron ran at: 04-04-2025 02:10:29 AM [] []
[2025-04-04 02:15:27] SlimMonoLogger.INFO: Cron ran at: 04-04-2025 02:15:27 AM [] []
[2025-04-04 02:20:30] SlimMonoLogger.INFO: Cron ran at: 04-04-2025 02:20:30 AM [] []
[2025-04-04 02:25:28] SlimMonoLogger.INFO: Cron ran at: 04-04-2025 02:25:28 AM [] []
[2025-04-04 02:30:31] SlimMonoLogger.INFO: Cron ran at: 04-04-2025 02:30:31 AM [] []
[2025-04-04 02:35:29] SlimMonoLogger.INFO: Cron ran at: 04-04-2025 02:35:29 AM [] []
[2025-04-04 02:40:31] SlimMonoLogger.INFO: Cron ran at: 04-04-2025 02:40:31 AM [] []
[2025-04-04 02:45:26] SlimMonoLogger.INFO: Cron ran at: 04-04-2025 02:45:26 AM [] []
[2025-04-04 02:50:26] SlimMonoLogger.INFO: Cron ran at: 04-04-2025 02:50:26 AM [] []
[2025-04-04 02:55:29] SlimMonoLogger.INFO: Cron ran at: 04-04-2025 02:55:29 AM [] []
[2025-04-04 03:00:30] SlimMonoLogger.INFO: Cron ran at: 04-04-2025 03:00:30 AM [] []
[2025-04-04 03:05:34] SlimMonoLogger.INFO: Cron ran at: 04-04-2025 03:05:34 AM [] []
[2025-04-04 03:12:25] SlimMonoLogger.ERROR: Requests_Exception: cURL error 28: Failed to connect to antropol.mk port 443 after 129182 ms: Could not connect to server in /home/latihtal/public_html/agregator1/src/vendor/rmccue/requests/library/Requests/Transport/cURL.php:422
Stack trace:
#0 /home/latihtal/public_html/agregator1/src/vendor/rmccue/requests/library/Requests/Transport/cURL.php(177): Requests_Transport_cURL->process_response()
#1 /home/latihtal/public_html/agregator1/src/vendor/rmccue/requests/library/Requests.php(379): Requests_Transport_cURL->request()
#2 /home/latihtal/public_html/agregator1/src/vendor/rmccue/requests/library/Requests/Session.php(205): Requests::request()
#3 /home/latihtal/public_html/agregator1/src/vendor/rmccue/requests/library/Requests/Session.php(132): Requests_Session->request()
#4 /home/latihtal/public_html/agregator1/src/drivers/Http/RssImporter.php(144): Requests_Session->get()
#5 /home/latihtal/public_html/agregator1/src/controllers/Dashboard/DashboardFeedsController.php(534): spark\drivers\Http\RssImporter->fetchPosts()
#6 /home/latihtal/public_html/agregator1/src/controllers/Site/SiteController.php(722): spark\controllers\Dashboard\DashboardFeedsController::importFeedPosts()
#7 [internal function]: spark\controllers\Site\SiteController->runTasks()
#8 /home/latihtal/public_html/agregator1/src/framework/Route.php(173): call_user_func_array()
#9 [internal function]: Slim\Route->Slim\{closure}()
#10 /home/latihtal/public_html/agregator1/src/framework/Route.php(468): call_user_func_array()
#11 /home/latihtal/public_html/agregator1/src/framework/Slim.php(1364): Slim\Route->dispatch()
#12 /home/latihtal/public_html/agregator1/src/framework/Middleware/Flash.php(85): Slim\Slim->call()
#13 /home/latihtal/public_html/agregator1/src/framework/Middleware/MethodOverride.php(92): Slim\Middleware\Flash->call()
#14 /home/latihtal/public_html/agregator1/src/middlewares/CsrfGuard/CsrfGuard.php(47): Slim\Middleware\MethodOverride->call()
#15 /home/latihtal/public_html/agregator1/src/framework/Middleware/PrettyExceptions.php(67): spark\middlewares\CsrfGuard\CsrfGuard->call()
#16 /home/latihtal/public_html/agregator1/src/framework/Slim.php(1308): Slim\Middleware\PrettyExceptions->call()
#17 /home/latihtal/public_html/agregator1/index.php(6): Slim\Slim->run()
#18 {main} [] []
[2025-04-04 03:12:43] SlimMonoLogger.INFO: Cron ran at: 04-04-2025 03:12:43 AM [] []
[2025-04-04 03:15:36] SlimMonoLogger.INFO: Cron ran at: 04-04-2025 03:15:36 AM [] []
[2025-04-04 03:20:37] SlimMonoLogger.INFO: Cron ran at: 04-04-2025 03:20:37 AM [] []
[2025-04-04 03:25:29] SlimMonoLogger.INFO: Cron ran at: 04-04-2025 03:25:29 AM [] []
[2025-04-04 03:30:38] SlimMonoLogger.INFO: Cron ran at: 04-04-2025 03:30:38 AM [] []
[2025-04-04 03:35:50] SlimMonoLogger.INFO: Cron ran at: 04-04-2025 03:35:50 AM [] []
[2025-04-04 03:40:35] SlimMonoLogger.INFO: Cron ran at: 04-04-2025 03:40:35 AM [] []
[2025-04-04 03:45:35] SlimMonoLogger.INFO: Cron ran at: 04-04-2025 03:45:35 AM [] []
[2025-04-04 03:50:38] SlimMonoLogger.INFO: Cron ran at: 04-04-2025 03:50:38 AM [] []
[2025-04-04 03:55:47] SlimMonoLogger.INFO: Cron ran at: 04-04-2025 03:55:47 AM [] []
[2025-04-04 04:00:36] SlimMonoLogger.INFO: Cron ran at: 04-04-2025 04:00:36 AM [] []
[2025-04-04 04:05:43] SlimMonoLogger.INFO: Cron ran at: 04-04-2025 04:05:43 AM [] []
[2025-04-04 04:10:30] SlimMonoLogger.INFO: Cron ran at: 04-04-2025 04:10:30 AM [] []
[2025-04-04 04:15:29] SlimMonoLogger.INFO: Cron ran at: 04-04-2025 04:15:29 AM [] []
[2025-04-04 04:20:34] SlimMonoLogger.INFO: Cron ran at: 04-04-2025 04:20:34 AM [] []
[2025-04-04 04:25:33] SlimMonoLogger.INFO: Cron ran at: 04-04-2025 04:25:33 AM [] []
[2025-04-04 04:30:32] SlimMonoLogger.INFO: Cron ran at: 04-04-2025 04:30:32 AM [] []
[2025-04-04 04:35:37] SlimMonoLogger.INFO: Cron ran at: 04-04-2025 04:35:37 AM [] []
[2025-04-04 04:40:31] SlimMonoLogger.INFO: Cron ran at: 04-04-2025 04:40:31 AM [] []
[2025-04-04 04:45:29] SlimMonoLogger.INFO: Cron ran at: 04-04-2025 04:45:29 AM [] []
[2025-04-04 04:50:33] SlimMonoLogger.INFO: Cron ran at: 04-04-2025 04:50:33 AM [] []
[2025-04-04 04:55:42] SlimMonoLogger.INFO: Cron ran at: 04-04-2025 04:55:42 AM [] []
[2025-04-04 05:00:35] SlimMonoLogger.INFO: Cron ran at: 04-04-2025 05:00:35 AM [] []
[2025-04-04 05:05:33] SlimMonoLogger.INFO: Cron ran at: 04-04-2025 05:05:33 AM [] []
[2025-04-04 05:10:33] SlimMonoLogger.INFO: Cron ran at: 04-04-2025 05:10:33 AM [] []
[2025-04-04 05:15:34] SlimMonoLogger.INFO: Cron ran at: 04-04-2025 05:15:34 AM [] []
[2025-04-04 05:20:28] SlimMonoLogger.INFO: Cron ran at: 04-04-2025 05:20:28 AM [] []
[2025-04-04 05:25:36] SlimMonoLogger.INFO: Cron ran at: 04-04-2025 05:25:36 AM [] []
[2025-04-04 05:30:38] SlimMonoLogger.INFO: Cron ran at: 04-04-2025 05:30:38 AM [] []
[2025-04-04 05:35:37] SlimMonoLogger.INFO: Cron ran at: 04-04-2025 05:35:37 AM [] []
[2025-04-04 05:40:42] SlimMonoLogger.INFO: Cron ran at: 04-04-2025 05:40:42 AM [] []
[2025-04-04 05:45:55] SlimMonoLogger.INFO: Cron ran at: 04-04-2025 05:45:55 AM [] []
[2025-04-04 05:50:37] SlimMonoLogger.INFO: Cron ran at: 04-04-2025 05:50:37 AM [] []
[2025-04-04 05:55:35] SlimMonoLogger.INFO: Cron ran at: 04-04-2025 05:55:35 AM [] []
[2025-04-04 06:00:52] SlimMonoLogger.INFO: Cron ran at: 04-04-2025 06:00:52 AM [] []
[2025-04-04 06:05:38] SlimMonoLogger.INFO: Cron ran at: 04-04-2025 06:05:38 AM [] []
[2025-04-04 06:10:39] SlimMonoLogger.INFO: Cron ran at: 04-04-2025 06:10:39 AM [] []
[2025-04-04 06:15:29] SlimMonoLogger.INFO: Cron ran at: 04-04-2025 06:15:29 AM [] []
[2025-04-04 06:20:31] SlimMonoLogger.INFO: Cron ran at: 04-04-2025 06:20:31 AM [] []
[2025-04-04 06:25:35] SlimMonoLogger.INFO: Cron ran at: 04-04-2025 06:25:35 AM [] []
[2025-04-04 06:30:34] SlimMonoLogger.INFO: Cron ran at: 04-04-2025 06:30:34 AM [] []
[2025-04-04 06:35:30] SlimMonoLogger.INFO: Cron ran at: 04-04-2025 06:35:30 AM [] []
[2025-04-04 06:40:30] SlimMonoLogger.INFO: Cron ran at: 04-04-2025 06:40:30 AM [] []
[2025-04-04 06:45:31] SlimMonoLogger.INFO: Cron ran at: 04-04-2025 06:45:31 AM [] []
[2025-04-04 06:50:28] SlimMonoLogger.INFO: Cron ran at: 04-04-2025 06:50:28 AM [] []
[2025-04-04 06:55:33] SlimMonoLogger.INFO: Cron ran at: 04-04-2025 06:55:33 AM [] []
[2025-04-04 07:00:36] SlimMonoLogger.INFO: Cron ran at: 04-04-2025 07:00:36 AM [] []
[2025-04-04 07:05:35] SlimMonoLogger.INFO: Cron ran at: 04-04-2025 07:05:35 AM [] []
[2025-04-04 07:10:30] SlimMonoLogger.INFO: Cron ran at: 04-04-2025 07:10:30 AM [] []
[2025-04-04 07:15:37] SlimMonoLogger.INFO: Cron ran at: 04-04-2025 07:15:37 AM [] []
[2025-04-04 07:20:44] SlimMonoLogger.INFO: Cron ran at: 04-04-2025 07:20:44 AM [] []
[2025-04-04 07:25:31] SlimMonoLogger.INFO: Cron ran at: 04-04-2025 07:25:31 AM [] []
[2025-04-04 07:30:31] SlimMonoLogger.INFO: Cron ran at: 04-04-2025 07:30:31 AM [] []
[2025-04-04 07:35:40] SlimMonoLogger.INFO: Cron ran at: 04-04-2025 07:35:40 AM [] []
[2025-04-04 07:40:32] SlimMonoLogger.INFO: Cron ran at: 04-04-2025 07:40:32 AM [] []
[2025-04-04 07:45:28] SlimMonoLogger.INFO: Cron ran at: 04-04-2025 07:45:28 AM [] []
[2025-04-04 07:50:30] SlimMonoLogger.INFO: Cron ran at: 04-04-2025 07:50:30 AM [] []
[2025-04-04 07:55:35] SlimMonoLogger.INFO: Cron ran at: 04-04-2025 07:55:35 AM [] []
[2025-04-04 08:00:36] SlimMonoLogger.INFO: Cron ran at: 04-04-2025 08:00:36 AM [] []
[2025-04-04 08:05:31] SlimMonoLogger.INFO: Cron ran at: 04-04-2025 08:05:31 AM [] []
[2025-04-04 08:10:33] SlimMonoLogger.INFO: Cron ran at: 04-04-2025 08:10:33 AM [] []
[2025-04-04 08:15:46] SlimMonoLogger.INFO: Cron ran at: 04-04-2025 08:15:46 AM [] []
[2025-04-04 08:20:50] SlimMonoLogger.INFO: Cron ran at: 04-04-2025 08:20:50 AM [] []
[2025-04-04 08:25:34] SlimMonoLogger.INFO: Cron ran at: 04-04-2025 08:25:34 AM [] []
[2025-04-04 08:30:33] SlimMonoLogger.INFO: Cron ran at: 04-04-2025 08:30:33 AM [] []
[2025-04-04 08:35:37] SlimMonoLogger.INFO: Cron ran at: 04-04-2025 08:35:37 AM [] []
[2025-04-04 08:40:34] SlimMonoLogger.INFO: Cron ran at: 04-04-2025 08:40:34 AM [] []
[2025-04-04 08:45:43] SlimMonoLogger.INFO: Cron ran at: 04-04-2025 08:45:43 AM [] []
[2025-04-04 08:50:36] SlimMonoLogger.INFO: Cron ran at: 04-04-2025 08:50:36 AM [] []
[2025-04-04 08:55:33] SlimMonoLogger.INFO: Cron ran at: 04-04-2025 08:55:33 AM [] []
[2025-04-04 09:00:37] SlimMonoLogger.INFO: Cron ran at: 04-04-2025 09:00:37 AM [] []
[2025-04-04 09:05:31] SlimMonoLogger.INFO: Cron ran at: 04-04-2025 09:05:31 AM [] []
[2025-04-04 09:10:35] SlimMonoLogger.INFO: Cron ran at: 04-04-2025 09:10:35 AM [] []
[2025-04-04 09:15:28] SlimMonoLogger.INFO: Cron ran at: 04-04-2025 09:15:28 AM [] []
[2025-04-04 09:20:37] SlimMonoLogger.INFO: Cron ran at: 04-04-2025 09:20:37 AM [] []
[2025-04-04 09:25:25] SlimMonoLogger.INFO: Cron ran at: 04-04-2025 09:25:25 AM [] []
[2025-04-04 09:30:38] SlimMonoLogger.INFO: Cron ran at: 04-04-2025 09:30:38 AM [] []
[2025-04-04 09:35:34] SlimMonoLogger.INFO: Cron ran at: 04-04-2025 09:35:34 AM [] []
[2025-04-04 09:40:31] SlimMonoLogger.INFO: Cron ran at: 04-04-2025 09:40:31 AM [] []
[2025-04-04 09:47:16] SlimMonoLogger.INFO: Cron ran at: 04-04-2025 09:47:16 AM [] []
[2025-04-04 09:50:32] SlimMonoLogger.INFO: Cron ran at: 04-04-2025 09:50:32 AM [] []
[2025-04-04 09:55:27] SlimMonoLogger.INFO: Cron ran at: 04-04-2025 09:55:27 AM [] []
[2025-04-04 10:00:32] SlimMonoLogger.INFO: Cron ran at: 04-04-2025 10:00:32 AM [] []
[2025-04-04 10:05:29] SlimMonoLogger.INFO: Cron ran at: 04-04-2025 10:05:29 AM [] []
[2025-04-04 10:10:36] SlimMonoLogger.INFO: Cron ran at: 04-04-2025 10:10:36 AM [] []
[2025-04-04 10:15:30] SlimMonoLogger.INFO: Cron ran at: 04-04-2025 10:15:30 AM [] []
[2025-04-04 10:20:35] SlimMonoLogger.INFO: Cron ran at: 04-04-2025 10:20:35 AM [] []
[2025-04-04 10:25:31] SlimMonoLogger.INFO: Cron ran at: 04-04-2025 10:25:31 AM [] []
[2025-04-04 10:30:43] SlimMonoLogger.INFO: Cron ran at: 04-04-2025 10:30:43 AM [] []
[2025-04-04 10:35:36] SlimMonoLogger.INFO: Cron ran at: 04-04-2025 10:35:36 AM [] []
[2025-04-04 10:40:38] SlimMonoLogger.INFO: Cron ran at: 04-04-2025 10:40:38 AM [] []
[2025-04-04 10:45:31] SlimMonoLogger.INFO: Cron ran at: 04-04-2025 10:45:31 AM [] []
[2025-04-04 10:50:55] SlimMonoLogger.INFO: Cron ran at: 04-04-2025 10:50:55 AM [] []
[2025-04-04 10:55:34] SlimMonoLogger.INFO: Cron ran at: 04-04-2025 10:55:34 AM [] []
[2025-04-04 11:00:47] SlimMonoLogger.INFO: Cron ran at: 04-04-2025 11:00:47 AM [] []
[2025-04-04 11:05:33] SlimMonoLogger.INFO: Cron ran at: 04-04-2025 11:05:33 AM [] []
[2025-04-04 11:10:30] SlimMonoLogger.INFO: Cron ran at: 04-04-2025 11:10:30 AM [] []
[2025-04-04 11:15:29] SlimMonoLogger.INFO: Cron ran at: 04-04-2025 11:15:29 AM [] []
[2025-04-04 11:20:31] SlimMonoLogger.INFO: Cron ran at: 04-04-2025 11:20:31 AM [] []
[2025-04-04 11:25:36] SlimMonoLogger.INFO: Cron ran at: 04-04-2025 11:25:36 AM [] []
[2025-04-04 11:30:33] SlimMonoLogger.INFO: Cron ran at: 04-04-2025 11:30:33 AM [] []
[2025-04-04 11:35:31] SlimMonoLogger.INFO: Cron ran at: 04-04-2025 11:35:31 AM [] []
[2025-04-04 11:40:29] SlimMonoLogger.INFO: Cron ran at: 04-04-2025 11:40:29 AM [] []
[2025-04-04 11:45:30] SlimMonoLogger.INFO: Cron ran at: 04-04-2025 11:45:30 AM [] []
[2025-04-04 11:50:33] SlimMonoLogger.INFO: Cron ran at: 04-04-2025 11:50:33 AM [] []
[2025-04-04 11:55:29] SlimMonoLogger.INFO: Cron ran at: 04-04-2025 11:55:29 AM [] []
[2025-04-04 12:00:34] SlimMonoLogger.INFO: Cron ran at: 04-04-2025 12:00:34 PM [] []
[2025-04-04 12:05:33] SlimMonoLogger.INFO: Cron ran at: 04-04-2025 12:05:33 PM [] []
[2025-04-04 12:10:33] SlimMonoLogger.INFO: Cron ran at: 04-04-2025 12:10:33 PM [] []
[2025-04-04 12:15:32] SlimMonoLogger.INFO: Cron ran at: 04-04-2025 12:15:32 PM [] []
[2025-04-04 12:20:29] SlimMonoLogger.INFO: Cron ran at: 04-04-2025 12:20:29 PM [] []
[2025-04-04 12:25:36] SlimMonoLogger.INFO: Cron ran at: 04-04-2025 12:25:36 PM [] []
[2025-04-04 12:30:30] SlimMonoLogger.INFO: Cron ran at: 04-04-2025 12:30:30 PM [] []
[2025-04-04 12:35:32] SlimMonoLogger.INFO: Cron ran at: 04-04-2025 12:35:32 PM [] []
[2025-04-04 12:40:26] SlimMonoLogger.INFO: Cron ran at: 04-04-2025 12:40:26 PM [] []
[2025-04-04 12:45:27] SlimMonoLogger.INFO: Cron ran at: 04-04-2025 12:45:27 PM [] []
[2025-04-04 12:50:36] SlimMonoLogger.INFO: Cron ran at: 04-04-2025 12:50:36 PM [] []
[2025-04-04 12:55:49] SlimMonoLogger.INFO: Cron ran at: 04-04-2025 12:55:49 PM [] []
[2025-04-04 13:00:38] SlimMonoLogger.INFO: Cron ran at: 04-04-2025 01:00:38 PM [] []
[2025-04-04 13:05:30] SlimMonoLogger.INFO: Cron ran at: 04-04-2025 01:05:30 PM [] []
[2025-04-04 13:10:32] SlimMonoLogger.INFO: Cron ran at: 04-04-2025 01:10:32 PM [] []
[2025-04-04 13:15:33] SlimMonoLogger.INFO: Cron ran at: 04-04-2025 01:15:33 PM [] []
[2025-04-04 13:20:44] SlimMonoLogger.INFO: Cron ran at: 04-04-2025 01:20:44 PM [] []
[2025-04-04 13:25:35] SlimMonoLogger.INFO: Cron ran at: 04-04-2025 01:25:35 PM [] []
[2025-04-04 13:30:30] SlimMonoLogger.INFO: Cron ran at: 04-04-2025 01:30:30 PM [] []
[2025-04-04 13:35:30] SlimMonoLogger.INFO: Cron ran at: 04-04-2025 01:35:30 PM [] []
[2025-04-04 13:40:36] SlimMonoLogger.INFO: Cron ran at: 04-04-2025 01:40:36 PM [] []
[2025-04-04 13:45:30] SlimMonoLogger.INFO: Cron ran at: 04-04-2025 01:45:30 PM [] []
[2025-04-04 13:50:34] SlimMonoLogger.INFO: Cron ran at: 04-04-2025 01:50:34 PM [] []
[2025-04-04 13:55:31] SlimMonoLogger.INFO: Cron ran at: 04-04-2025 01:55:31 PM [] []
[2025-04-04 14:00:41] SlimMonoLogger.INFO: Cron ran at: 04-04-2025 02:00:41 PM [] []
[2025-04-04 14:05:31] SlimMonoLogger.INFO: Cron ran at: 04-04-2025 02:05:31 PM [] []
[2025-04-04 14:10:32] SlimMonoLogger.INFO: Cron ran at: 04-04-2025 02:10:32 PM [] []
[2025-04-04 14:15:32] SlimMonoLogger.INFO: Cron ran at: 04-04-2025 02:15:32 PM [] []
[2025-04-04 14:20:40] SlimMonoLogger.INFO: Cron ran at: 04-04-2025 02:20:40 PM [] []
[2025-04-04 14:25:48] SlimMonoLogger.INFO: Cron ran at: 04-04-2025 02:25:48 PM [] []
[2025-04-04 14:30:34] SlimMonoLogger.INFO: Cron ran at: 04-04-2025 02:30:34 PM [] []
[2025-04-04 14:35:59] SlimMonoLogger.INFO: Cron ran at: 04-04-2025 02:35:59 PM [] []
[2025-04-04 14:40:34] SlimMonoLogger.INFO: Cron ran at: 04-04-2025 02:40:34 PM [] []
[2025-04-04 14:45:30] SlimMonoLogger.INFO: Cron ran at: 04-04-2025 02:45:30 PM [] []
[2025-04-04 14:50:32] SlimMonoLogger.INFO: Cron ran at: 04-04-2025 02:50:32 PM [] []
[2025-04-04 14:55:36] SlimMonoLogger.INFO: Cron ran at: 04-04-2025 02:55:36 PM [] []
[2025-04-04 15:00:36] SlimMonoLogger.INFO: Cron ran at: 04-04-2025 03:00:36 PM [] []
[2025-04-04 15:05:34] SlimMonoLogger.INFO: Cron ran at: 04-04-2025 03:05:34 PM [] []
[2025-04-04 15:10:31] SlimMonoLogger.INFO: Cron ran at: 04-04-2025 03:10:31 PM [] []
[2025-04-04 15:15:30] SlimMonoLogger.INFO: Cron ran at: 04-04-2025 03:15:30 PM [] []
[2025-04-04 15:20:41] SlimMonoLogger.INFO: Cron ran at: 04-04-2025 03:20:41 PM [] []
[2025-04-04 15:25:38] SlimMonoLogger.INFO: Cron ran at: 04-04-2025 03:25:38 PM [] []
[2025-04-04 15:30:43] SlimMonoLogger.INFO: Cron ran at: 04-04-2025 03:30:43 PM [] []
[2025-04-04 15:35:32] SlimMonoLogger.INFO: Cron ran at: 04-04-2025 03:35:32 PM [] []
[2025-04-04 15:40:34] SlimMonoLogger.INFO: Cron ran at: 04-04-2025 03:40:34 PM [] []
[2025-04-04 15:45:41] SlimMonoLogger.INFO: Cron ran at: 04-04-2025 03:45:41 PM [] []
[2025-04-04 15:50:30] SlimMonoLogger.INFO: Cron ran at: 04-04-2025 03:50:30 PM [] []
[2025-04-04 15:55:35] SlimMonoLogger.INFO: Cron ran at: 04-04-2025 03:55:35 PM [] []
[2025-04-04 16:00:44] SlimMonoLogger.INFO: Cron ran at: 04-04-2025 04:00:44 PM [] []
[2025-04-04 16:05:37] SlimMonoLogger.INFO: Cron ran at: 04-04-2025 04:05:37 PM [] []
[2025-04-04 16:10:35] SlimMonoLogger.INFO: Cron ran at: 04-04-2025 04:10:35 PM [] []
[2025-04-04 16:15:33] SlimMonoLogger.INFO: Cron ran at: 04-04-2025 04:15:33 PM [] []
[2025-04-04 16:20:36] SlimMonoLogger.INFO: Cron ran at: 04-04-2025 04:20:36 PM [] []
[2025-04-04 16:25:31] SlimMonoLogger.INFO: Cron ran at: 04-04-2025 04:25:31 PM [] []
[2025-04-04 16:30:34] SlimMonoLogger.INFO: Cron ran at: 04-04-2025 04:30:34 PM [] []
[2025-04-04 16:35:31] SlimMonoLogger.INFO: Cron ran at: 04-04-2025 04:35:31 PM [] []
[2025-04-04 16:40:31] SlimMonoLogger.INFO: Cron ran at: 04-04-2025 04:40:31 PM [] []
[2025-04-04 16:45:32] SlimMonoLogger.INFO: Cron ran at: 04-04-2025 04:45:32 PM [] []
[2025-04-04 16:50:29] SlimMonoLogger.INFO: Cron ran at: 04-04-2025 04:50:29 PM [] []
[2025-04-04 16:55:30] SlimMonoLogger.INFO: Cron ran at: 04-04-2025 04:55:30 PM [] []
[2025-04-04 17:00:37] SlimMonoLogger.INFO: Cron ran at: 04-04-2025 05:00:37 PM [] []
[2025-04-04 17:05:36] SlimMonoLogger.INFO: Cron ran at: 04-04-2025 05:05:36 PM [] []
[2025-04-04 17:10:28] SlimMonoLogger.INFO: Cron ran at: 04-04-2025 05:10:28 PM [] []
[2025-04-04 17:15:36] SlimMonoLogger.INFO: Cron ran at: 04-04-2025 05:15:36 PM [] []
[2025-04-04 17:20:31] SlimMonoLogger.INFO: Cron ran at: 04-04-2025 05:20:31 PM [] []
[2025-04-04 17:25:28] SlimMonoLogger.INFO: Cron ran at: 04-04-2025 05:25:28 PM [] []
[2025-04-04 17:30:26] SlimMonoLogger.INFO: Cron ran at: 04-04-2025 05:30:26 PM [] []
[2025-04-04 17:35:34] SlimMonoLogger.INFO: Cron ran at: 04-04-2025 05:35:34 PM [] []
[2025-04-04 17:40:34] SlimMonoLogger.INFO: Cron ran at: 04-04-2025 05:40:34 PM [] []
[2025-04-04 17:45:28] SlimMonoLogger.INFO: Cron ran at: 04-04-2025 05:45:28 PM [] []
[2025-04-04 17:50:36] SlimMonoLogger.INFO: Cron ran at: 04-04-2025 05:50:36 PM [] []
[2025-04-04 17:55:29] SlimMonoLogger.INFO: Cron ran at: 04-04-2025 05:55:29 PM [] []
[2025-04-04 18:01:07] SlimMonoLogger.INFO: Cron ran at: 04-04-2025 06:01:07 PM [] []
[2025-04-04 18:08:11] SlimMonoLogger.INFO: Cron ran at: 04-04-2025 06:08:11 PM [] []
[2025-04-04 18:13:13] SlimMonoLogger.INFO: Cron ran at: 04-04-2025 06:13:13 PM [] []
[2025-04-04 18:15:39] SlimMonoLogger.INFO: Cron ran at: 04-04-2025 06:15:39 PM [] []
[2025-04-04 18:20:29] SlimMonoLogger.INFO: Cron ran at: 04-04-2025 06:20:29 PM [] []
[2025-04-04 18:25:29] SlimMonoLogger.INFO: Cron ran at: 04-04-2025 06:25:29 PM [] []
[2025-04-04 18:30:31] SlimMonoLogger.INFO: Cron ran at: 04-04-2025 06:30:31 PM [] []
[2025-04-04 18:35:41] SlimMonoLogger.INFO: Cron ran at: 04-04-2025 06:35:41 PM [] []
[2025-04-04 18:40:27] SlimMonoLogger.INFO: Cron ran at: 04-04-2025 06:40:27 PM [] []
[2025-04-04 18:45:36] SlimMonoLogger.INFO: Cron ran at: 04-04-2025 06:45:36 PM [] []
[2025-04-04 18:50:29] SlimMonoLogger.INFO: Cron ran at: 04-04-2025 06:50:29 PM [] []
[2025-04-04 18:55:29] SlimMonoLogger.INFO: Cron ran at: 04-04-2025 06:55:29 PM [] []
[2025-04-04 19:00:40] SlimMonoLogger.INFO: Cron ran at: 04-04-2025 07:00:40 PM [] []
[2025-04-04 19:05:41] SlimMonoLogger.INFO: Cron ran at: 04-04-2025 07:05:41 PM [] []
[2025-04-04 19:10:32] SlimMonoLogger.INFO: Cron ran at: 04-04-2025 07:10:32 PM [] []
[2025-04-04 19:15:32] SlimMonoLogger.INFO: Cron ran at: 04-04-2025 07:15:32 PM [] []
[2025-04-04 19:20:28] SlimMonoLogger.INFO: Cron ran at: 04-04-2025 07:20:28 PM [] []
[2025-04-04 19:25:37] SlimMonoLogger.INFO: Cron ran at: 04-04-2025 07:25:37 PM [] []
[2025-04-04 19:30:40] SlimMonoLogger.INFO: Cron ran at: 04-04-2025 07:30:40 PM [] []
[2025-04-04 19:35:34] SlimMonoLogger.INFO: Cron ran at: 04-04-2025 07:35:34 PM [] []
[2025-04-04 19:40:36] SlimMonoLogger.INFO: Cron ran at: 04-04-2025 07:40:36 PM [] []
[2025-04-04 19:45:26] SlimMonoLogger.INFO: Cron ran at: 04-04-2025 07:45:26 PM [] []
[2025-04-04 19:50:31] SlimMonoLogger.INFO: Cron ran at: 04-04-2025 07:50:31 PM [] []
[2025-04-04 19:55:38] SlimMonoLogger.INFO: Cron ran at: 04-04-2025 07:55:38 PM [] []
[2025-04-04 20:00:31] SlimMonoLogger.INFO: Cron ran at: 04-04-2025 08:00:31 PM [] []
[2025-04-04 20:05:36] SlimMonoLogger.INFO: Cron ran at: 04-04-2025 08:05:36 PM [] []
[2025-04-04 20:10:34] SlimMonoLogger.INFO: Cron ran at: 04-04-2025 08:10:34 PM [] []
[2025-04-04 20:15:31] SlimMonoLogger.INFO: Cron ran at: 04-04-2025 08:15:31 PM [] []
[2025-04-04 20:20:32] SlimMonoLogger.INFO: Cron ran at: 04-04-2025 08:20:32 PM [] []
[2025-04-04 20:25:39] SlimMonoLogger.INFO: Cron ran at: 04-04-2025 08:25:39 PM [] []
[2025-04-04 20:32:37] SlimMonoLogger.INFO: Cron ran at: 04-04-2025 08:32:37 PM [] []
[2025-04-04 20:35:44] SlimMonoLogger.INFO: Cron ran at: 04-04-2025 08:35:44 PM [] []
[2025-04-04 20:41:54] SlimMonoLogger.INFO: Cron ran at: 04-04-2025 08:41:54 PM [] []
[2025-04-04 20:48:11] SlimMonoLogger.INFO: Cron ran at: 04-04-2025 08:48:11 PM [] []
[2025-04-04 20:52:04] SlimMonoLogger.INFO: Cron ran at: 04-04-2025 08:52:04 PM [] []
[2025-04-04 20:56:17] SlimMonoLogger.INFO: Cron ran at: 04-04-2025 08:56:17 PM [] []
[2025-04-04 21:00:58] SlimMonoLogger.INFO: Cron ran at: 04-04-2025 09:00:58 PM [] []
[2025-04-04 21:06:34] SlimMonoLogger.INFO: Cron ran at: 04-04-2025 09:06:34 PM [] []
[2025-04-04 21:11:17] SlimMonoLogger.INFO: Cron ran at: 04-04-2025 09:11:17 PM [] []
[2025-04-04 21:16:15] SlimMonoLogger.INFO: Cron ran at: 04-04-2025 09:16:15 PM [] []
[2025-04-04 21:22:47] SlimMonoLogger.INFO: Cron ran at: 04-04-2025 09:22:47 PM [] []
[2025-04-04 21:26:06] SlimMonoLogger.INFO: Cron ran at: 04-04-2025 09:26:06 PM [] []
[2025-04-04 21:31:46] SlimMonoLogger.INFO: Cron ran at: 04-04-2025 09:31:46 PM [] []
[2025-04-04 21:36:28] SlimMonoLogger.INFO: Cron ran at: 04-04-2025 09:36:28 PM [] []
[2025-04-04 21:41:18] SlimMonoLogger.INFO: Cron ran at: 04-04-2025 09:41:18 PM [] []
[2025-04-04 21:47:32] SlimMonoLogger.INFO: Cron ran at: 04-04-2025 09:47:32 PM [] []
[2025-04-04 21:56:02] SlimMonoLogger.INFO: Cron ran at: 04-04-2025 09:56:02 PM [] []
[2025-04-04 21:56:48] SlimMonoLogger.INFO: Cron ran at: 04-04-2025 09:56:48 PM [] []
[2025-04-04 22:05:35] SlimMonoLogger.INFO: Cron ran at: 04-04-2025 10:05:35 PM [] []
[2025-04-04 22:10:36] SlimMonoLogger.INFO: Cron ran at: 04-04-2025 10:10:36 PM [] []
[2025-04-04 22:15:35] SlimMonoLogger.INFO: Cron ran at: 04-04-2025 10:15:35 PM [] []
[2025-04-04 22:20:33] SlimMonoLogger.INFO: Cron ran at: 04-04-2025 10:20:33 PM [] []
[2025-04-04 22:25:30] SlimMonoLogger.INFO: Cron ran at: 04-04-2025 10:25:30 PM [] []
[2025-04-04 22:30:37] SlimMonoLogger.INFO: Cron ran at: 04-04-2025 10:30:37 PM [] []
[2025-04-04 22:35:28] SlimMonoLogger.INFO: Cron ran at: 04-04-2025 10:35:28 PM [] []
[2025-04-04 22:40:37] SlimMonoLogger.INFO: Cron ran at: 04-04-2025 10:40:37 PM [] []
[2025-04-04 22:45:33] SlimMonoLogger.INFO: Cron ran at: 04-04-2025 10:45:33 PM [] []
[2025-04-04 22:50:30] SlimMonoLogger.INFO: Cron ran at: 04-04-2025 10:50:30 PM [] []
[2025-04-04 22:55:33] SlimMonoLogger.INFO: Cron ran at: 04-04-2025 10:55:33 PM [] []
[2025-04-04 23:01:42] SlimMonoLogger.INFO: Cron ran at: 04-04-2025 11:01:42 PM [] []
[2025-04-04 23:05:32] SlimMonoLogger.INFO: Cron ran at: 04-04-2025 11:05:32 PM [] []
[2025-04-04 23:10:39] SlimMonoLogger.INFO: Cron ran at: 04-04-2025 11:10:39 PM [] []
[2025-04-04 23:15:34] SlimMonoLogger.INFO: Cron ran at: 04-04-2025 11:15:34 PM [] []
[2025-04-04 23:20:43] SlimMonoLogger.INFO: Cron ran at: 04-04-2025 11:20:43 PM [] []
[2025-04-04 23:25:37] SlimMonoLogger.INFO: Cron ran at: 04-04-2025 11:25:37 PM [] []
[2025-04-04 23:30:30] SlimMonoLogger.INFO: Cron ran at: 04-04-2025 11:30:30 PM [] []
[2025-04-04 23:35:33] SlimMonoLogger.INFO: Cron ran at: 04-04-2025 11:35:33 PM [] []
[2025-04-04 23:40:38] SlimMonoLogger.INFO: Cron ran at: 04-04-2025 11:40:38 PM [] []
[2025-04-04 23:45:43] SlimMonoLogger.INFO: Cron ran at: 04-04-2025 11:45:43 PM [] []
[2025-04-04 23:50:36] SlimMonoLogger.INFO: Cron ran at: 04-04-2025 11:50:36 PM [] []
[2025-04-04 23:55:37] SlimMonoLogger.INFO: Cron ran at: 04-04-2025 11:55:37 PM [] []
[2025-04-05 00:00:42] SlimMonoLogger.INFO: Cron ran at: 05-04-2025 12:00:42 AM [] []
[2025-04-05 00:05:55] SlimMonoLogger.INFO: Cron ran at: 05-04-2025 12:05:55 AM [] []
[2025-04-05 00:10:43] SlimMonoLogger.INFO: Cron ran at: 05-04-2025 12:10:43 AM [] []
[2025-04-05 00:15:41] SlimMonoLogger.INFO: Cron ran at: 05-04-2025 12:15:41 AM [] []
[2025-04-05 00:20:40] SlimMonoLogger.INFO: Cron ran at: 05-04-2025 12:20:40 AM [] []
[2025-04-05 00:25:41] SlimMonoLogger.INFO: Cron ran at: 05-04-2025 12:25:41 AM [] []
[2025-04-05 00:30:39] SlimMonoLogger.INFO: Cron ran at: 05-04-2025 12:30:39 AM [] []
[2025-04-05 00:35:36] SlimMonoLogger.INFO: Cron ran at: 05-04-2025 12:35:36 AM [] []
[2025-04-05 00:40:39] SlimMonoLogger.INFO: Cron ran at: 05-04-2025 12:40:39 AM [] []
[2025-04-05 00:45:33] SlimMonoLogger.INFO: Cron ran at: 05-04-2025 12:45:33 AM [] []
[2025-04-05 00:51:02] SlimMonoLogger.INFO: Cron ran at: 05-04-2025 12:51:02 AM [] []
[2025-04-05 00:55:31] SlimMonoLogger.INFO: Cron ran at: 05-04-2025 12:55:31 AM [] []
[2025-04-05 01:00:32] SlimMonoLogger.INFO: Cron ran at: 05-04-2025 01:00:32 AM [] []
[2025-04-05 01:05:34] SlimMonoLogger.INFO: Cron ran at: 05-04-2025 01:05:34 AM [] []
[2025-04-05 01:10:36] SlimMonoLogger.INFO: Cron ran at: 05-04-2025 01:10:36 AM [] []
[2025-04-05 01:15:42] SlimMonoLogger.INFO: Cron ran at: 05-04-2025 01:15:42 AM [] []
[2025-04-05 01:20:36] SlimMonoLogger.INFO: Cron ran at: 05-04-2025 01:20:36 AM [] []
[2025-04-05 01:25:34] SlimMonoLogger.INFO: Cron ran at: 05-04-2025 01:25:34 AM [] []
[2025-04-05 01:30:45] SlimMonoLogger.INFO: Cron ran at: 05-04-2025 01:30:45 AM [] []
[2025-04-05 01:35:41] SlimMonoLogger.INFO: Cron ran at: 05-04-2025 01:35:41 AM [] []
[2025-04-05 01:40:38] SlimMonoLogger.INFO: Cron ran at: 05-04-2025 01:40:38 AM [] []
[2025-04-05 01:45:37] SlimMonoLogger.INFO: Cron ran at: 05-04-2025 01:45:37 AM [] []
[2025-04-05 01:50:38] SlimMonoLogger.INFO: Cron ran at: 05-04-2025 01:50:38 AM [] []
[2025-04-05 01:55:47] SlimMonoLogger.INFO: Cron ran at: 05-04-2025 01:55:47 AM [] []
