[2025-11-04 01:00:47] SlimMonoLogger.INFO: Cron ran at: 04-11-2025 01:00:47 AM [] []
[2025-11-04 01:05:34] SlimMonoLogger.INFO: Cron ran at: 04-11-2025 01:05:34 AM [] []
[2025-11-04 01:10:35] SlimMonoLogger.INFO: Cron ran at: 04-11-2025 01:10:35 AM [] []
[2025-11-04 01:15:36] SlimMonoLogger.INFO: Cron ran at: 04-11-2025 01:15:36 AM [] []
[2025-11-04 01:20:35] SlimMonoLogger.INFO: Cron ran at: 04-11-2025 01:20:35 AM [] []
[2025-11-04 01:25:37] SlimMonoLogger.INFO: Cron ran at: 04-11-2025 01:25:37 AM [] []
[2025-11-04 01:30:37] SlimMonoLogger.INFO: Cron ran at: 04-11-2025 01:30:37 AM [] []
[2025-11-04 01:35:34] SlimMonoLogger.INFO: Cron ran at: 04-11-2025 01:35:34 AM [] []
[2025-11-04 01:40:33] SlimMonoLogger.INFO: Cron ran at: 04-11-2025 01:40:33 AM [] []
[2025-11-04 01:45:33] SlimMonoLogger.INFO: Cron ran at: 04-11-2025 01:45:33 AM [] []
[2025-11-04 01:50:37] SlimMonoLogger.INFO: Cron ran at: 04-11-2025 01:50:37 AM [] []
[2025-11-04 01:55:38] SlimMonoLogger.INFO: Cron ran at: 04-11-2025 01:55:38 AM [] []
[2025-11-04 02:00:37] SlimMonoLogger.INFO: Cron ran at: 04-11-2025 02:00:37 AM [] []
[2025-11-04 02:05:35] SlimMonoLogger.INFO: Cron ran at: 04-11-2025 02:05:35 AM [] []
[2025-11-04 02:10:43] SlimMonoLogger.INFO: Cron ran at: 04-11-2025 02:10:43 AM [] []
[2025-11-04 02:15:37] SlimMonoLogger.INFO: Cron ran at: 04-11-2025 02:15:37 AM [] []
[2025-11-04 02:20:33] SlimMonoLogger.INFO: Cron ran at: 04-11-2025 02:20:33 AM [] []
[2025-11-04 02:25:34] SlimMonoLogger.INFO: Cron ran at: 04-11-2025 02:25:34 AM [] []
[2025-11-04 02:30:37] SlimMonoLogger.INFO: Cron ran at: 04-11-2025 02:30:37 AM [] []
[2025-11-04 02:35:37] SlimMonoLogger.INFO: Cron ran at: 04-11-2025 02:35:37 AM [] []
[2025-11-04 02:40:34] SlimMonoLogger.INFO: Cron ran at: 04-11-2025 02:40:34 AM [] []
[2025-11-04 02:45:33] SlimMonoLogger.INFO: Cron ran at: 04-11-2025 02:45:33 AM [] []
[2025-11-04 02:50:32] SlimMonoLogger.INFO: Cron ran at: 04-11-2025 02:50:32 AM [] []
[2025-11-04 02:55:35] SlimMonoLogger.INFO: Cron ran at: 04-11-2025 02:55:35 AM [] []
[2025-11-04 03:00:34] SlimMonoLogger.INFO: Cron ran at: 04-11-2025 03:00:34 AM [] []
[2025-11-04 03:05:34] SlimMonoLogger.INFO: Cron ran at: 04-11-2025 03:05:34 AM [] []
[2025-11-04 03:10:33] SlimMonoLogger.INFO: Cron ran at: 04-11-2025 03:10:33 AM [] []
[2025-11-04 03:15:36] SlimMonoLogger.INFO: Cron ran at: 04-11-2025 03:15:36 AM [] []
[2025-11-04 03:20:36] SlimMonoLogger.INFO: Cron ran at: 04-11-2025 03:20:36 AM [] []
[2025-11-04 03:25:34] SlimMonoLogger.INFO: Cron ran at: 04-11-2025 03:25:34 AM [] []
[2025-11-04 03:30:36] SlimMonoLogger.INFO: Cron ran at: 04-11-2025 03:30:36 AM [] []
[2025-11-04 03:35:34] SlimMonoLogger.INFO: Cron ran at: 04-11-2025 03:35:34 AM [] []
[2025-11-04 03:40:33] SlimMonoLogger.INFO: Cron ran at: 04-11-2025 03:40:33 AM [] []
[2025-11-04 03:45:34] SlimMonoLogger.INFO: Cron ran at: 04-11-2025 03:45:34 AM [] []
[2025-11-04 03:50:36] SlimMonoLogger.INFO: Cron ran at: 04-11-2025 03:50:36 AM [] []
[2025-11-04 03:55:37] SlimMonoLogger.INFO: Cron ran at: 04-11-2025 03:55:37 AM [] []
[2025-11-04 04:00:35] SlimMonoLogger.INFO: Cron ran at: 04-11-2025 04:00:35 AM [] []
[2025-11-04 04:05:32] SlimMonoLogger.INFO: Cron ran at: 04-11-2025 04:05:32 AM [] []
[2025-11-04 04:10:32] SlimMonoLogger.INFO: Cron ran at: 04-11-2025 04:10:32 AM [] []
[2025-11-04 04:15:34] SlimMonoLogger.INFO: Cron ran at: 04-11-2025 04:15:34 AM [] []
[2025-11-04 04:20:33] SlimMonoLogger.INFO: Cron ran at: 04-11-2025 04:20:33 AM [] []
[2025-11-04 04:25:36] SlimMonoLogger.INFO: Cron ran at: 04-11-2025 04:25:36 AM [] []
[2025-11-04 04:30:37] SlimMonoLogger.INFO: Cron ran at: 04-11-2025 04:30:37 AM [] []
[2025-11-04 04:35:33] SlimMonoLogger.INFO: Cron ran at: 04-11-2025 04:35:33 AM [] []
[2025-11-04 04:40:32] SlimMonoLogger.INFO: Cron ran at: 04-11-2025 04:40:32 AM [] []
[2025-11-04 04:45:34] SlimMonoLogger.INFO: Cron ran at: 04-11-2025 04:45:34 AM [] []
[2025-11-04 04:50:34] SlimMonoLogger.INFO: Cron ran at: 04-11-2025 04:50:34 AM [] []
[2025-11-04 04:55:37] SlimMonoLogger.INFO: Cron ran at: 04-11-2025 04:55:37 AM [] []
[2025-11-04 05:00:39] SlimMonoLogger.INFO: Cron ran at: 04-11-2025 05:00:39 AM [] []
[2025-11-04 05:05:35] SlimMonoLogger.INFO: Cron ran at: 04-11-2025 05:05:35 AM [] []
[2025-11-04 05:10:34] SlimMonoLogger.INFO: Cron ran at: 04-11-2025 05:10:34 AM [] []
[2025-11-04 05:15:34] SlimMonoLogger.INFO: Cron ran at: 04-11-2025 05:15:34 AM [] []
[2025-11-04 05:20:36] SlimMonoLogger.INFO: Cron ran at: 04-11-2025 05:20:36 AM [] []
[2025-11-04 05:25:38] SlimMonoLogger.INFO: Cron ran at: 04-11-2025 05:25:38 AM [] []
[2025-11-04 05:30:34] SlimMonoLogger.INFO: Cron ran at: 04-11-2025 05:30:34 AM [] []
[2025-11-04 05:35:41] SlimMonoLogger.INFO: Cron ran at: 04-11-2025 05:35:41 AM [] []
[2025-11-04 05:40:35] SlimMonoLogger.INFO: Cron ran at: 04-11-2025 05:40:35 AM [] []
[2025-11-04 05:45:40] SlimMonoLogger.INFO: Cron ran at: 04-11-2025 05:45:40 AM [] []
[2025-11-04 05:50:50] SlimMonoLogger.INFO: Cron ran at: 04-11-2025 05:50:50 AM [] []
[2025-11-04 05:55:33] SlimMonoLogger.INFO: Cron ran at: 04-11-2025 05:55:33 AM [] []
[2025-11-04 06:00:40] SlimMonoLogger.INFO: Cron ran at: 04-11-2025 06:00:40 AM [] []
[2025-11-04 06:05:34] SlimMonoLogger.INFO: Cron ran at: 04-11-2025 06:05:34 AM [] []
[2025-11-04 06:10:35] SlimMonoLogger.INFO: Cron ran at: 04-11-2025 06:10:35 AM [] []
[2025-11-04 06:15:39] SlimMonoLogger.INFO: Cron ran at: 04-11-2025 06:15:39 AM [] []
[2025-11-04 06:20:34] SlimMonoLogger.INFO: Cron ran at: 04-11-2025 06:20:34 AM [] []
[2025-11-04 06:25:37] SlimMonoLogger.INFO: Cron ran at: 04-11-2025 06:25:37 AM [] []
[2025-11-04 06:30:38] SlimMonoLogger.INFO: Cron ran at: 04-11-2025 06:30:38 AM [] []
[2025-11-04 06:35:35] SlimMonoLogger.INFO: Cron ran at: 04-11-2025 06:35:35 AM [] []
[2025-11-04 06:40:33] SlimMonoLogger.INFO: Cron ran at: 04-11-2025 06:40:33 AM [] []
[2025-11-04 06:45:38] SlimMonoLogger.INFO: Cron ran at: 04-11-2025 06:45:38 AM [] []
[2025-11-04 06:50:34] SlimMonoLogger.INFO: Cron ran at: 04-11-2025 06:50:34 AM [] []
[2025-11-04 06:55:35] SlimMonoLogger.INFO: Cron ran at: 04-11-2025 06:55:35 AM [] []
[2025-11-04 07:00:36] SlimMonoLogger.INFO: Cron ran at: 04-11-2025 07:00:36 AM [] []
[2025-11-04 07:05:38] SlimMonoLogger.INFO: Cron ran at: 04-11-2025 07:05:38 AM [] []
[2025-11-04 07:10:34] SlimMonoLogger.INFO: Cron ran at: 04-11-2025 07:10:34 AM [] []
[2025-11-04 07:15:41] SlimMonoLogger.INFO: Cron ran at: 04-11-2025 07:15:41 AM [] []
[2025-11-04 07:20:38] SlimMonoLogger.INFO: Cron ran at: 04-11-2025 07:20:38 AM [] []
[2025-11-04 07:25:37] SlimMonoLogger.INFO: Cron ran at: 04-11-2025 07:25:37 AM [] []
[2025-11-04 07:30:42] SlimMonoLogger.INFO: Cron ran at: 04-11-2025 07:30:42 AM [] []
[2025-11-04 07:35:40] SlimMonoLogger.INFO: Cron ran at: 04-11-2025 07:35:40 AM [] []
[2025-11-04 07:40:36] SlimMonoLogger.INFO: Cron ran at: 04-11-2025 07:40:36 AM [] []
[2025-11-04 07:45:43] SlimMonoLogger.INFO: Cron ran at: 04-11-2025 07:45:43 AM [] []
[2025-11-04 07:50:34] SlimMonoLogger.INFO: Cron ran at: 04-11-2025 07:50:34 AM [] []
[2025-11-04 07:55:34] SlimMonoLogger.INFO: Cron ran at: 04-11-2025 07:55:34 AM [] []
[2025-11-04 08:00:45] SlimMonoLogger.INFO: Cron ran at: 04-11-2025 08:00:45 AM [] []
[2025-11-04 08:05:40] SlimMonoLogger.INFO: Cron ran at: 04-11-2025 08:05:40 AM [] []
[2025-11-04 08:10:37] SlimMonoLogger.INFO: Cron ran at: 04-11-2025 08:10:37 AM [] []
[2025-11-04 08:15:39] SlimMonoLogger.INFO: Cron ran at: 04-11-2025 08:15:39 AM [] []
[2025-11-04 08:20:43] SlimMonoLogger.INFO: Cron ran at: 04-11-2025 08:20:43 AM [] []
[2025-11-04 08:25:34] SlimMonoLogger.INFO: Cron ran at: 04-11-2025 08:25:34 AM [] []
[2025-11-04 08:30:41] SlimMonoLogger.INFO: Cron ran at: 04-11-2025 08:30:41 AM [] []
[2025-11-04 08:35:43] SlimMonoLogger.INFO: Cron ran at: 04-11-2025 08:35:43 AM [] []
[2025-11-04 08:40:47] SlimMonoLogger.INFO: Cron ran at: 04-11-2025 08:40:47 AM [] []
[2025-11-04 08:45:41] SlimMonoLogger.INFO: Cron ran at: 04-11-2025 08:45:41 AM [] []
[2025-11-04 08:50:41] SlimMonoLogger.INFO: Cron ran at: 04-11-2025 08:50:41 AM [] []
[2025-11-04 08:55:37] SlimMonoLogger.INFO: Cron ran at: 04-11-2025 08:55:37 AM [] []
[2025-11-04 09:00:47] SlimMonoLogger.INFO: Cron ran at: 04-11-2025 09:00:47 AM [] []
[2025-11-04 09:05:41] SlimMonoLogger.INFO: Cron ran at: 04-11-2025 09:05:41 AM [] []
[2025-11-04 09:10:47] SlimMonoLogger.INFO: Cron ran at: 04-11-2025 09:10:47 AM [] []
[2025-11-04 09:15:35] SlimMonoLogger.INFO: Cron ran at: 04-11-2025 09:15:35 AM [] []
[2025-11-04 09:20:48] SlimMonoLogger.INFO: Cron ran at: 04-11-2025 09:20:48 AM [] []
[2025-11-04 09:25:37] SlimMonoLogger.INFO: Cron ran at: 04-11-2025 09:25:37 AM [] []
[2025-11-04 09:30:41] SlimMonoLogger.INFO: Cron ran at: 04-11-2025 09:30:41 AM [] []
[2025-11-04 09:35:41] SlimMonoLogger.INFO: Cron ran at: 04-11-2025 09:35:41 AM [] []
[2025-11-04 09:40:41] SlimMonoLogger.INFO: Cron ran at: 04-11-2025 09:40:41 AM [] []
[2025-11-04 09:45:40] SlimMonoLogger.INFO: Cron ran at: 04-11-2025 09:45:40 AM [] []
[2025-11-04 09:50:40] SlimMonoLogger.INFO: Cron ran at: 04-11-2025 09:50:40 AM [] []
[2025-11-04 09:55:40] SlimMonoLogger.INFO: Cron ran at: 04-11-2025 09:55:40 AM [] []
[2025-11-04 10:00:46] SlimMonoLogger.INFO: Cron ran at: 04-11-2025 10:00:46 AM [] []
[2025-11-04 10:05:36] SlimMonoLogger.INFO: Cron ran at: 04-11-2025 10:05:36 AM [] []
[2025-11-04 10:10:43] SlimMonoLogger.INFO: Cron ran at: 04-11-2025 10:10:43 AM [] []
[2025-11-04 10:15:42] SlimMonoLogger.INFO: Cron ran at: 04-11-2025 10:15:42 AM [] []
[2025-11-04 10:20:37] SlimMonoLogger.INFO: Cron ran at: 04-11-2025 10:20:37 AM [] []
[2025-11-04 10:25:43] SlimMonoLogger.INFO: Cron ran at: 04-11-2025 10:25:43 AM [] []
[2025-11-04 10:30:49] SlimMonoLogger.INFO: Cron ran at: 04-11-2025 10:30:49 AM [] []
[2025-11-04 10:35:41] SlimMonoLogger.INFO: Cron ran at: 04-11-2025 10:35:41 AM [] []
[2025-11-04 10:40:44] SlimMonoLogger.INFO: Cron ran at: 04-11-2025 10:40:44 AM [] []
[2025-11-04 10:45:46] SlimMonoLogger.INFO: Cron ran at: 04-11-2025 10:45:46 AM [] []
[2025-11-04 10:50:39] SlimMonoLogger.INFO: Cron ran at: 04-11-2025 10:50:39 AM [] []
[2025-11-04 10:55:41] SlimMonoLogger.INFO: Cron ran at: 04-11-2025 10:55:41 AM [] []
[2025-11-04 11:02:53] SlimMonoLogger.ERROR: Requests_Exception: cURL error 28: Failed to connect to bulevar.mk port 443 after 131196 ms: Could not connect to server in /home/latihtal/public_html/agregator1/src/vendor/rmccue/requests/library/Requests/Transport/cURL.php:422
Stack trace:
#0 /home/latihtal/public_html/agregator1/src/vendor/rmccue/requests/library/Requests/Transport/cURL.php(177): Requests_Transport_cURL->process_response()
#1 /home/latihtal/public_html/agregator1/src/vendor/rmccue/requests/library/Requests.php(379): Requests_Transport_cURL->request()
#2 /home/latihtal/public_html/agregator1/src/vendor/rmccue/requests/library/Requests/Session.php(205): Requests::request()
#3 /home/latihtal/public_html/agregator1/src/vendor/rmccue/requests/library/Requests/Session.php(132): Requests_Session->request()
#4 /home/latihtal/public_html/agregator1/src/drivers/Http/RssImporter.php(144): Requests_Session->get()
#5 /home/latihtal/public_html/agregator1/src/controllers/Dashboard/DashboardFeedsController.php(534): spark\drivers\Http\RssImporter->fetchPosts()
#6 /home/latihtal/public_html/agregator1/src/controllers/Site/SiteController.php(722): spark\controllers\Dashboard\DashboardFeedsController::importFeedPosts()
#7 [internal function]: spark\controllers\Site\SiteController->runTasks()
#8 /home/latihtal/public_html/agregator1/src/framework/Route.php(173): call_user_func_array()
#9 [internal function]: Slim\Route->Slim\{closure}()
#10 /home/latihtal/public_html/agregator1/src/framework/Route.php(468): call_user_func_array()
#11 /home/latihtal/public_html/agregator1/src/framework/Slim.php(1364): Slim\Route->dispatch()
#12 /home/latihtal/public_html/agregator1/src/framework/Middleware/Flash.php(85): Slim\Slim->call()
#13 /home/latihtal/public_html/agregator1/src/framework/Middleware/MethodOverride.php(92): Slim\Middleware\Flash->call()
#14 /home/latihtal/public_html/agregator1/src/middlewares/CsrfGuard/CsrfGuard.php(47): Slim\Middleware\MethodOverride->call()
#15 /home/latihtal/public_html/agregator1/src/framework/Middleware/PrettyExceptions.php(67): spark\middlewares\CsrfGuard\CsrfGuard->call()
#16 /home/latihtal/public_html/agregator1/src/framework/Slim.php(1308): Slim\Middleware\PrettyExceptions->call()
#17 /home/latihtal/public_html/agregator1/index.php(6): Slim\Slim->run()
#18 {main} [] []
[2025-11-04 11:03:02] SlimMonoLogger.INFO: Cron ran at: 04-11-2025 11:03:02 AM [] []
[2025-11-04 11:05:39] SlimMonoLogger.INFO: Cron ran at: 04-11-2025 11:05:39 AM [] []
[2025-11-04 11:10:42] SlimMonoLogger.INFO: Cron ran at: 04-11-2025 11:10:42 AM [] []
[2025-11-04 11:15:41] SlimMonoLogger.INFO: Cron ran at: 04-11-2025 11:15:41 AM [] []
[2025-11-04 11:20:37] SlimMonoLogger.INFO: Cron ran at: 04-11-2025 11:20:37 AM [] []
[2025-11-04 11:25:40] SlimMonoLogger.INFO: Cron ran at: 04-11-2025 11:25:40 AM [] []
[2025-11-04 11:30:46] SlimMonoLogger.INFO: Cron ran at: 04-11-2025 11:30:46 AM [] []
[2025-11-04 11:35:41] SlimMonoLogger.INFO: Cron ran at: 04-11-2025 11:35:41 AM [] []
[2025-11-04 11:40:39] SlimMonoLogger.INFO: Cron ran at: 04-11-2025 11:40:39 AM [] []
[2025-11-04 11:45:47] SlimMonoLogger.INFO: Cron ran at: 04-11-2025 11:45:47 AM [] []
[2025-11-04 11:50:50] SlimMonoLogger.INFO: Cron ran at: 04-11-2025 11:50:50 AM [] []
[2025-11-04 11:55:47] SlimMonoLogger.INFO: Cron ran at: 04-11-2025 11:55:47 AM [] []
[2025-11-04 12:00:50] SlimMonoLogger.INFO: Cron ran at: 04-11-2025 12:00:50 PM [] []
[2025-11-04 12:05:48] SlimMonoLogger.INFO: Cron ran at: 04-11-2025 12:05:48 PM [] []
[2025-11-04 12:10:48] SlimMonoLogger.INFO: Cron ran at: 04-11-2025 12:10:48 PM [] []
[2025-11-04 12:16:49] SlimMonoLogger.INFO: Cron ran at: 04-11-2025 12:16:49 PM [] []
[2025-11-04 12:20:44] SlimMonoLogger.INFO: Cron ran at: 04-11-2025 12:20:44 PM [] []
[2025-11-04 12:25:37] SlimMonoLogger.INFO: Cron ran at: 04-11-2025 12:25:37 PM [] []
[2025-11-04 12:30:42] SlimMonoLogger.INFO: Cron ran at: 04-11-2025 12:30:42 PM [] []
[2025-11-04 12:35:39] SlimMonoLogger.INFO: Cron ran at: 04-11-2025 12:35:39 PM [] []
[2025-11-04 12:40:40] SlimMonoLogger.INFO: Cron ran at: 04-11-2025 12:40:40 PM [] []
[2025-11-04 12:45:39] SlimMonoLogger.INFO: Cron ran at: 04-11-2025 12:45:39 PM [] []
[2025-11-04 12:50:34] SlimMonoLogger.INFO: Cron ran at: 04-11-2025 12:50:34 PM [] []
[2025-11-04 12:55:33] SlimMonoLogger.INFO: Cron ran at: 04-11-2025 12:55:33 PM [] []
[2025-11-04 13:00:38] SlimMonoLogger.INFO: Cron ran at: 04-11-2025 01:00:38 PM [] []
[2025-11-04 13:05:37] SlimMonoLogger.INFO: Cron ran at: 04-11-2025 01:05:37 PM [] []
[2025-11-04 13:10:40] SlimMonoLogger.INFO: Cron ran at: 04-11-2025 01:10:40 PM [] []
[2025-11-04 13:15:42] SlimMonoLogger.INFO: Cron ran at: 04-11-2025 01:15:42 PM [] []
[2025-11-04 13:20:40] SlimMonoLogger.INFO: Cron ran at: 04-11-2025 01:20:40 PM [] []
[2025-11-04 13:25:41] SlimMonoLogger.INFO: Cron ran at: 04-11-2025 01:25:41 PM [] []
[2025-11-04 13:30:37] SlimMonoLogger.INFO: Cron ran at: 04-11-2025 01:30:37 PM [] []
[2025-11-04 13:35:44] SlimMonoLogger.INFO: Cron ran at: 04-11-2025 01:35:44 PM [] []
[2025-11-04 13:40:39] SlimMonoLogger.INFO: Cron ran at: 04-11-2025 01:40:39 PM [] []
[2025-11-04 13:45:42] SlimMonoLogger.INFO: Cron ran at: 04-11-2025 01:45:42 PM [] []
[2025-11-04 13:50:34] SlimMonoLogger.INFO: Cron ran at: 04-11-2025 01:50:34 PM [] []
[2025-11-04 13:55:39] SlimMonoLogger.INFO: Cron ran at: 04-11-2025 01:55:39 PM [] []
[2025-11-04 14:00:32] SlimMonoLogger.INFO: Cron ran at: 04-11-2025 02:00:32 PM [] []
[2025-11-04 14:05:40] SlimMonoLogger.INFO: Cron ran at: 04-11-2025 02:05:40 PM [] []
[2025-11-04 14:10:34] SlimMonoLogger.INFO: Cron ran at: 04-11-2025 02:10:34 PM [] []
[2025-11-04 14:15:40] SlimMonoLogger.INFO: Cron ran at: 04-11-2025 02:15:40 PM [] []
[2025-11-04 14:20:35] SlimMonoLogger.INFO: Cron ran at: 04-11-2025 02:20:35 PM [] []
[2025-11-04 14:25:39] SlimMonoLogger.INFO: Cron ran at: 04-11-2025 02:25:39 PM [] []
[2025-11-04 14:30:45] SlimMonoLogger.INFO: Cron ran at: 04-11-2025 02:30:45 PM [] []
[2025-11-04 14:35:37] SlimMonoLogger.INFO: Cron ran at: 04-11-2025 02:35:37 PM [] []
[2025-11-04 14:40:36] SlimMonoLogger.INFO: Cron ran at: 04-11-2025 02:40:36 PM [] []
[2025-11-04 14:45:40] SlimMonoLogger.INFO: Cron ran at: 04-11-2025 02:45:40 PM [] []
[2025-11-04 14:50:35] SlimMonoLogger.INFO: Cron ran at: 04-11-2025 02:50:35 PM [] []
[2025-11-04 14:55:35] SlimMonoLogger.INFO: Cron ran at: 04-11-2025 02:55:35 PM [] []
[2025-11-04 15:00:42] SlimMonoLogger.INFO: Cron ran at: 04-11-2025 03:00:42 PM [] []
[2025-11-04 15:05:42] SlimMonoLogger.INFO: Cron ran at: 04-11-2025 03:05:42 PM [] []
[2025-11-04 15:10:41] SlimMonoLogger.INFO: Cron ran at: 04-11-2025 03:10:41 PM [] []
[2025-11-04 15:15:38] SlimMonoLogger.INFO: Cron ran at: 04-11-2025 03:15:38 PM [] []
[2025-11-04 15:20:45] SlimMonoLogger.INFO: Cron ran at: 04-11-2025 03:20:45 PM [] []
[2025-11-04 15:25:34] SlimMonoLogger.INFO: Cron ran at: 04-11-2025 03:25:34 PM [] []
[2025-11-04 15:30:41] SlimMonoLogger.INFO: Cron ran at: 04-11-2025 03:30:41 PM [] []
[2025-11-04 15:35:39] SlimMonoLogger.INFO: Cron ran at: 04-11-2025 03:35:39 PM [] []
[2025-11-04 15:40:35] SlimMonoLogger.INFO: Cron ran at: 04-11-2025 03:40:35 PM [] []
[2025-11-04 15:45:39] SlimMonoLogger.INFO: Cron ran at: 04-11-2025 03:45:39 PM [] []
[2025-11-04 15:50:36] SlimMonoLogger.INFO: Cron ran at: 04-11-2025 03:50:36 PM [] []
[2025-11-04 15:55:34] SlimMonoLogger.INFO: Cron ran at: 04-11-2025 03:55:34 PM [] []
[2025-11-04 16:00:42] SlimMonoLogger.INFO: Cron ran at: 04-11-2025 04:00:42 PM [] []
[2025-11-04 16:05:38] SlimMonoLogger.INFO: Cron ran at: 04-11-2025 04:05:38 PM [] []
[2025-11-04 16:10:38] SlimMonoLogger.INFO: Cron ran at: 04-11-2025 04:10:38 PM [] []
[2025-11-04 16:15:37] SlimMonoLogger.INFO: Cron ran at: 04-11-2025 04:15:37 PM [] []
[2025-11-04 16:20:42] SlimMonoLogger.INFO: Cron ran at: 04-11-2025 04:20:42 PM [] []
[2025-11-04 16:25:39] SlimMonoLogger.INFO: Cron ran at: 04-11-2025 04:25:39 PM [] []
[2025-11-04 16:30:40] SlimMonoLogger.INFO: Cron ran at: 04-11-2025 04:30:40 PM [] []
[2025-11-04 16:35:42] SlimMonoLogger.INFO: Cron ran at: 04-11-2025 04:35:42 PM [] []
[2025-11-04 16:40:47] SlimMonoLogger.INFO: Cron ran at: 04-11-2025 04:40:47 PM [] []
[2025-11-04 16:45:33] SlimMonoLogger.INFO: Cron ran at: 04-11-2025 04:45:33 PM [] []
[2025-11-04 16:50:36] SlimMonoLogger.INFO: Cron ran at: 04-11-2025 04:50:36 PM [] []
[2025-11-04 16:55:39] SlimMonoLogger.INFO: Cron ran at: 04-11-2025 04:55:39 PM [] []
[2025-11-04 17:00:42] SlimMonoLogger.INFO: Cron ran at: 04-11-2025 05:00:42 PM [] []
[2025-11-04 17:05:36] SlimMonoLogger.INFO: Cron ran at: 04-11-2025 05:05:36 PM [] []
[2025-11-04 17:11:00] SlimMonoLogger.INFO: Cron ran at: 04-11-2025 05:11:00 PM [] []
[2025-11-04 17:15:34] SlimMonoLogger.INFO: Cron ran at: 04-11-2025 05:15:34 PM [] []
[2025-11-04 17:20:41] SlimMonoLogger.INFO: Cron ran at: 04-11-2025 05:20:41 PM [] []
[2025-11-04 17:25:38] SlimMonoLogger.INFO: Cron ran at: 04-11-2025 05:25:38 PM [] []
[2025-11-04 17:30:39] SlimMonoLogger.INFO: Cron ran at: 04-11-2025 05:30:39 PM [] []
[2025-11-04 17:35:38] SlimMonoLogger.INFO: Cron ran at: 04-11-2025 05:35:38 PM [] []
[2025-11-04 17:40:39] SlimMonoLogger.INFO: Cron ran at: 04-11-2025 05:40:39 PM [] []
[2025-11-04 17:45:48] SlimMonoLogger.INFO: Cron ran at: 04-11-2025 05:45:48 PM [] []
[2025-11-04 17:50:50] SlimMonoLogger.INFO: Cron ran at: 04-11-2025 05:50:50 PM [] []
[2025-11-04 17:55:43] SlimMonoLogger.INFO: Cron ran at: 04-11-2025 05:55:43 PM [] []
[2025-11-04 18:00:44] SlimMonoLogger.INFO: Cron ran at: 04-11-2025 06:00:44 PM [] []
[2025-11-04 18:05:41] SlimMonoLogger.INFO: Cron ran at: 04-11-2025 06:05:41 PM [] []
[2025-11-04 18:10:43] SlimMonoLogger.INFO: Cron ran at: 04-11-2025 06:10:43 PM [] []
[2025-11-04 18:15:46] SlimMonoLogger.INFO: Cron ran at: 04-11-2025 06:15:46 PM [] []
[2025-11-04 18:20:37] SlimMonoLogger.INFO: Cron ran at: 04-11-2025 06:20:37 PM [] []
[2025-11-04 18:25:39] SlimMonoLogger.ERROR: Requests_Exception: cURL error 56: Recv failure: Connection reset by peer in /home/latihtal/public_html/agregator1/src/vendor/rmccue/requests/library/Requests/Transport/cURL.php:422
Stack trace:
#0 /home/latihtal/public_html/agregator1/src/vendor/rmccue/requests/library/Requests/Transport/cURL.php(177): Requests_Transport_cURL->process_response()
#1 /home/latihtal/public_html/agregator1/src/vendor/rmccue/requests/library/Requests.php(379): Requests_Transport_cURL->request()
#2 /home/latihtal/public_html/agregator1/src/vendor/rmccue/requests/library/Requests/Session.php(205): Requests::request()
#3 /home/latihtal/public_html/agregator1/src/vendor/rmccue/requests/library/Requests/Session.php(132): Requests_Session->request()
#4 /home/latihtal/public_html/agregator1/src/drivers/Http/RssImporter.php(144): Requests_Session->get()
#5 /home/latihtal/public_html/agregator1/src/controllers/Dashboard/DashboardFeedsController.php(534): spark\drivers\Http\RssImporter->fetchPosts()
#6 /home/latihtal/public_html/agregator1/src/controllers/Site/SiteController.php(722): spark\controllers\Dashboard\DashboardFeedsController::importFeedPosts()
#7 [internal function]: spark\controllers\Site\SiteController->runTasks()
#8 /home/latihtal/public_html/agregator1/src/framework/Route.php(173): call_user_func_array()
#9 [internal function]: Slim\Route->Slim\{closure}()
#10 /home/latihtal/public_html/agregator1/src/framework/Route.php(468): call_user_func_array()
#11 /home/latihtal/public_html/agregator1/src/framework/Slim.php(1364): Slim\Route->dispatch()
#12 /home/latihtal/public_html/agregator1/src/framework/Middleware/Flash.php(85): Slim\Slim->call()
#13 /home/latihtal/public_html/agregator1/src/framework/Middleware/MethodOverride.php(92): Slim\Middleware\Flash->call()
#14 /home/latihtal/public_html/agregator1/src/middlewares/CsrfGuard/CsrfGuard.php(47): Slim\Middleware\MethodOverride->call()
#15 /home/latihtal/public_html/agregator1/src/framework/Middleware/PrettyExceptions.php(67): spark\middlewares\CsrfGuard\CsrfGuard->call()
#16 /home/latihtal/public_html/agregator1/src/framework/Slim.php(1308): Slim\Middleware\PrettyExceptions->call()
#17 /home/latihtal/public_html/agregator1/index.php(6): Slim\Slim->run()
#18 {main} [] []
[2025-11-04 18:25:52] SlimMonoLogger.INFO: Cron ran at: 04-11-2025 06:25:52 PM [] []
[2025-11-04 18:30:40] SlimMonoLogger.INFO: Cron ran at: 04-11-2025 06:30:40 PM [] []
[2025-11-04 18:35:40] SlimMonoLogger.INFO: Cron ran at: 04-11-2025 06:35:40 PM [] []
[2025-11-04 18:40:42] SlimMonoLogger.INFO: Cron ran at: 04-11-2025 06:40:42 PM [] []
[2025-11-04 18:45:41] SlimMonoLogger.INFO: Cron ran at: 04-11-2025 06:45:41 PM [] []
[2025-11-04 18:50:32] SlimMonoLogger.INFO: Cron ran at: 04-11-2025 06:50:32 PM [] []
[2025-11-04 18:55:35] SlimMonoLogger.INFO: Cron ran at: 04-11-2025 06:55:35 PM [] []
[2025-11-04 19:00:41] SlimMonoLogger.INFO: Cron ran at: 04-11-2025 07:00:41 PM [] []
[2025-11-04 19:05:41] SlimMonoLogger.INFO: Cron ran at: 04-11-2025 07:05:41 PM [] []
[2025-11-04 19:10:35] SlimMonoLogger.INFO: Cron ran at: 04-11-2025 07:10:35 PM [] []
[2025-11-04 19:15:33] SlimMonoLogger.INFO: Cron ran at: 04-11-2025 07:15:33 PM [] []
[2025-11-04 19:20:31] SlimMonoLogger.INFO: Cron ran at: 04-11-2025 07:20:31 PM [] []
[2025-11-04 19:25:32] SlimMonoLogger.INFO: Cron ran at: 04-11-2025 07:25:32 PM [] []
[2025-11-04 19:30:41] SlimMonoLogger.INFO: Cron ran at: 04-11-2025 07:30:41 PM [] []
[2025-11-04 19:35:34] SlimMonoLogger.INFO: Cron ran at: 04-11-2025 07:35:34 PM [] []
[2025-11-04 19:40:36] SlimMonoLogger.INFO: Cron ran at: 04-11-2025 07:40:36 PM [] []
[2025-11-04 19:45:40] SlimMonoLogger.INFO: Cron ran at: 04-11-2025 07:45:40 PM [] []
[2025-11-04 19:50:50] SlimMonoLogger.INFO: Cron ran at: 04-11-2025 07:50:50 PM [] []
[2025-11-04 19:55:35] SlimMonoLogger.INFO: Cron ran at: 04-11-2025 07:55:35 PM [] []
[2025-11-04 20:00:39] SlimMonoLogger.INFO: Cron ran at: 04-11-2025 08:00:39 PM [] []
[2025-11-04 20:05:40] SlimMonoLogger.INFO: Cron ran at: 04-11-2025 08:05:40 PM [] []
[2025-11-04 20:10:37] SlimMonoLogger.INFO: Cron ran at: 04-11-2025 08:10:37 PM [] []
[2025-11-04 20:15:34] SlimMonoLogger.INFO: Cron ran at: 04-11-2025 08:15:34 PM [] []
[2025-11-04 20:20:44] SlimMonoLogger.INFO: Cron ran at: 04-11-2025 08:20:44 PM [] []
[2025-11-04 20:25:42] SlimMonoLogger.INFO: Cron ran at: 04-11-2025 08:25:42 PM [] []
[2025-11-04 20:30:47] SlimMonoLogger.INFO: Cron ran at: 04-11-2025 08:30:47 PM [] []
[2025-11-04 20:35:51] SlimMonoLogger.INFO: Cron ran at: 04-11-2025 08:35:51 PM [] []
[2025-11-04 20:40:57] SlimMonoLogger.INFO: Cron ran at: 04-11-2025 08:40:57 PM [] []
[2025-11-04 20:45:45] SlimMonoLogger.INFO: Cron ran at: 04-11-2025 08:45:45 PM [] []
[2025-11-04 20:50:43] SlimMonoLogger.INFO: Cron ran at: 04-11-2025 08:50:43 PM [] []
[2025-11-04 20:55:49] SlimMonoLogger.INFO: Cron ran at: 04-11-2025 08:55:49 PM [] []
[2025-11-04 21:00:52] SlimMonoLogger.INFO: Cron ran at: 04-11-2025 09:00:52 PM [] []
[2025-11-04 21:05:40] SlimMonoLogger.INFO: Cron ran at: 04-11-2025 09:05:40 PM [] []
[2025-11-04 21:10:40] SlimMonoLogger.INFO: Cron ran at: 04-11-2025 09:10:40 PM [] []
[2025-11-04 21:15:46] SlimMonoLogger.INFO: Cron ran at: 04-11-2025 09:15:46 PM [] []
[2025-11-04 21:20:36] SlimMonoLogger.INFO: Cron ran at: 04-11-2025 09:20:36 PM [] []
[2025-11-04 21:25:38] SlimMonoLogger.INFO: Cron ran at: 04-11-2025 09:25:38 PM [] []
[2025-11-04 21:30:46] SlimMonoLogger.INFO: Cron ran at: 04-11-2025 09:30:46 PM [] []
[2025-11-04 21:35:37] SlimMonoLogger.INFO: Cron ran at: 04-11-2025 09:35:37 PM [] []
[2025-11-04 21:40:37] SlimMonoLogger.INFO: Cron ran at: 04-11-2025 09:40:37 PM [] []
[2025-11-04 21:45:46] SlimMonoLogger.INFO: Cron ran at: 04-11-2025 09:45:46 PM [] []
[2025-11-04 21:50:47] SlimMonoLogger.INFO: Cron ran at: 04-11-2025 09:50:47 PM [] []
[2025-11-04 21:55:36] SlimMonoLogger.INFO: Cron ran at: 04-11-2025 09:55:36 PM [] []
[2025-11-04 22:00:38] SlimMonoLogger.INFO: Cron ran at: 04-11-2025 10:00:38 PM [] []
[2025-11-04 22:05:40] SlimMonoLogger.INFO: Cron ran at: 04-11-2025 10:05:40 PM [] []
[2025-11-04 22:10:35] SlimMonoLogger.INFO: Cron ran at: 04-11-2025 10:10:35 PM [] []
[2025-11-04 22:15:36] SlimMonoLogger.INFO: Cron ran at: 04-11-2025 10:15:36 PM [] []
[2025-11-04 22:20:42] SlimMonoLogger.INFO: Cron ran at: 04-11-2025 10:20:42 PM [] []
[2025-11-04 22:25:34] SlimMonoLogger.INFO: Cron ran at: 04-11-2025 10:25:34 PM [] []
[2025-11-04 22:30:41] SlimMonoLogger.INFO: Cron ran at: 04-11-2025 10:30:41 PM [] []
[2025-11-04 22:35:40] SlimMonoLogger.INFO: Cron ran at: 04-11-2025 10:35:40 PM [] []
[2025-11-04 22:40:40] SlimMonoLogger.INFO: Cron ran at: 04-11-2025 10:40:40 PM [] []
[2025-11-04 22:45:34] SlimMonoLogger.INFO: Cron ran at: 04-11-2025 10:45:34 PM [] []
[2025-11-04 22:50:35] SlimMonoLogger.INFO: Cron ran at: 04-11-2025 10:50:35 PM [] []
[2025-11-04 22:55:34] SlimMonoLogger.INFO: Cron ran at: 04-11-2025 10:55:34 PM [] []
[2025-11-04 23:00:40] SlimMonoLogger.INFO: Cron ran at: 04-11-2025 11:00:40 PM [] []
[2025-11-04 23:05:42] SlimMonoLogger.INFO: Cron ran at: 04-11-2025 11:05:42 PM [] []
[2025-11-04 23:10:37] SlimMonoLogger.INFO: Cron ran at: 04-11-2025 11:10:37 PM [] []
[2025-11-04 23:15:40] SlimMonoLogger.INFO: Cron ran at: 04-11-2025 11:15:40 PM [] []
[2025-11-04 23:20:37] SlimMonoLogger.INFO: Cron ran at: 04-11-2025 11:20:37 PM [] []
[2025-11-04 23:25:31] SlimMonoLogger.INFO: Cron ran at: 04-11-2025 11:25:31 PM [] []
[2025-11-04 23:30:35] SlimMonoLogger.INFO: Cron ran at: 04-11-2025 11:30:35 PM [] []
[2025-11-04 23:35:38] SlimMonoLogger.INFO: Cron ran at: 04-11-2025 11:35:38 PM [] []
[2025-11-04 23:40:31] SlimMonoLogger.INFO: Cron ran at: 04-11-2025 11:40:31 PM [] []
[2025-11-04 23:45:32] SlimMonoLogger.INFO: Cron ran at: 04-11-2025 11:45:32 PM [] []
[2025-11-04 23:50:35] SlimMonoLogger.INFO: Cron ran at: 04-11-2025 11:50:35 PM [] []
[2025-11-04 23:55:32] SlimMonoLogger.INFO: Cron ran at: 04-11-2025 11:55:32 PM [] []
[2025-11-05 00:00:37] SlimMonoLogger.INFO: Cron ran at: 05-11-2025 12:00:37 AM [] []
[2025-11-05 00:05:34] SlimMonoLogger.INFO: Cron ran at: 05-11-2025 12:05:34 AM [] []
[2025-11-05 00:10:33] SlimMonoLogger.INFO: Cron ran at: 05-11-2025 12:10:33 AM [] []
[2025-11-05 00:15:37] SlimMonoLogger.INFO: Cron ran at: 05-11-2025 12:15:37 AM [] []
[2025-11-05 00:20:34] SlimMonoLogger.INFO: Cron ran at: 05-11-2025 12:20:34 AM [] []
[2025-11-05 00:25:34] SlimMonoLogger.INFO: Cron ran at: 05-11-2025 12:25:34 AM [] []
[2025-11-05 00:30:38] SlimMonoLogger.INFO: Cron ran at: 05-11-2025 12:30:38 AM [] []
[2025-11-05 00:35:33] SlimMonoLogger.INFO: Cron ran at: 05-11-2025 12:35:33 AM [] []
[2025-11-05 00:40:39] SlimMonoLogger.INFO: Cron ran at: 05-11-2025 12:40:39 AM [] []
[2025-11-05 00:45:32] SlimMonoLogger.INFO: Cron ran at: 05-11-2025 12:45:32 AM [] []
[2025-11-05 00:50:34] SlimMonoLogger.INFO: Cron ran at: 05-11-2025 12:50:34 AM [] []
[2025-11-05 00:55:34] SlimMonoLogger.INFO: Cron ran at: 05-11-2025 12:55:34 AM [] []
