[2026-02-05 01:01:28] SlimMonoLogger.INFO: Cron ran at: 05-02-2026 01:01:28 AM [] []
[2026-02-05 01:06:21] SlimMonoLogger.INFO: Cron ran at: 05-02-2026 01:06:21 AM [] []
[2026-02-05 01:11:14] SlimMonoLogger.INFO: Cron ran at: 05-02-2026 01:11:14 AM [] []
[2026-02-05 01:16:17] SlimMonoLogger.INFO: Cron ran at: 05-02-2026 01:16:17 AM [] []
[2026-02-05 01:21:21] SlimMonoLogger.INFO: Cron ran at: 05-02-2026 01:21:21 AM [] []
[2026-02-05 01:26:19] SlimMonoLogger.INFO: Cron ran at: 05-02-2026 01:26:19 AM [] []
[2026-02-05 01:31:22] SlimMonoLogger.INFO: Cron ran at: 05-02-2026 01:31:22 AM [] []
[2026-02-05 01:36:27] SlimMonoLogger.INFO: Cron ran at: 05-02-2026 01:36:27 AM [] []
[2026-02-05 01:41:19] SlimMonoLogger.INFO: Cron ran at: 05-02-2026 01:41:19 AM [] []
[2026-02-05 01:46:27] SlimMonoLogger.INFO: Cron ran at: 05-02-2026 01:46:27 AM [] []
[2026-02-05 01:51:26] SlimMonoLogger.INFO: Cron ran at: 05-02-2026 01:51:26 AM [] []
[2026-02-05 01:56:24] SlimMonoLogger.INFO: Cron ran at: 05-02-2026 01:56:24 AM [] []
[2026-02-05 02:01:30] SlimMonoLogger.INFO: Cron ran at: 05-02-2026 02:01:30 AM [] []
[2026-02-05 02:06:23] SlimMonoLogger.INFO: Cron ran at: 05-02-2026 02:06:23 AM [] []
[2026-02-05 02:11:21] SlimMonoLogger.INFO: Cron ran at: 05-02-2026 02:11:21 AM [] []
[2026-02-05 02:16:27] SlimMonoLogger.INFO: Cron ran at: 05-02-2026 02:16:27 AM [] []
[2026-02-05 02:21:21] SlimMonoLogger.INFO: Cron ran at: 05-02-2026 02:21:21 AM [] []
[2026-02-05 02:26:25] SlimMonoLogger.INFO: Cron ran at: 05-02-2026 02:26:25 AM [] []
[2026-02-05 02:31:28] SlimMonoLogger.INFO: Cron ran at: 05-02-2026 02:31:28 AM [] []
[2026-02-05 02:36:25] SlimMonoLogger.INFO: Cron ran at: 05-02-2026 02:36:25 AM [] []
[2026-02-05 02:41:23] SlimMonoLogger.INFO: Cron ran at: 05-02-2026 02:41:23 AM [] []
[2026-02-05 02:46:24] SlimMonoLogger.INFO: Cron ran at: 05-02-2026 02:46:24 AM [] []
[2026-02-05 02:51:21] SlimMonoLogger.INFO: Cron ran at: 05-02-2026 02:51:21 AM [] []
[2026-02-05 02:56:15] SlimMonoLogger.INFO: Cron ran at: 05-02-2026 02:56:15 AM [] []
[2026-02-05 03:01:26] SlimMonoLogger.INFO: Cron ran at: 05-02-2026 03:01:26 AM [] []
[2026-02-05 03:06:10] SlimMonoLogger.INFO: Cron ran at: 05-02-2026 03:06:10 AM [] []
[2026-02-05 03:11:12] SlimMonoLogger.INFO: Cron ran at: 05-02-2026 03:11:12 AM [] []
[2026-02-05 03:16:28] SlimMonoLogger.INFO: Cron ran at: 05-02-2026 03:16:28 AM [] []
[2026-02-05 03:21:18] SlimMonoLogger.INFO: Cron ran at: 05-02-2026 03:21:18 AM [] []
[2026-02-05 03:26:31] SlimMonoLogger.INFO: Cron ran at: 05-02-2026 03:26:31 AM [] []
[2026-02-05 03:31:21] SlimMonoLogger.INFO: Cron ran at: 05-02-2026 03:31:21 AM [] []
[2026-02-05 03:36:26] SlimMonoLogger.INFO: Cron ran at: 05-02-2026 03:36:26 AM [] []
[2026-02-05 03:41:28] SlimMonoLogger.INFO: Cron ran at: 05-02-2026 03:41:28 AM [] []
[2026-02-05 03:46:24] SlimMonoLogger.INFO: Cron ran at: 05-02-2026 03:46:24 AM [] []
[2026-02-05 03:51:18] SlimMonoLogger.INFO: Cron ran at: 05-02-2026 03:51:18 AM [] []
[2026-02-05 03:56:21] SlimMonoLogger.INFO: Cron ran at: 05-02-2026 03:56:21 AM [] []
[2026-02-05 04:01:27] SlimMonoLogger.INFO: Cron ran at: 05-02-2026 04:01:27 AM [] []
[2026-02-05 04:06:11] SlimMonoLogger.INFO: Cron ran at: 05-02-2026 04:06:11 AM [] []
[2026-02-05 04:11:14] SlimMonoLogger.INFO: Cron ran at: 05-02-2026 04:11:14 AM [] []
[2026-02-05 04:16:12] SlimMonoLogger.INFO: Cron ran at: 05-02-2026 04:16:12 AM [] []
[2026-02-05 04:21:13] SlimMonoLogger.INFO: Cron ran at: 05-02-2026 04:21:13 AM [] []
[2026-02-05 04:26:11] SlimMonoLogger.INFO: Cron ran at: 05-02-2026 04:26:11 AM [] []
[2026-02-05 04:31:20] SlimMonoLogger.INFO: Cron ran at: 05-02-2026 04:31:20 AM [] []
[2026-02-05 04:36:12] SlimMonoLogger.INFO: Cron ran at: 05-02-2026 04:36:12 AM [] []
[2026-02-05 04:41:14] SlimMonoLogger.INFO: Cron ran at: 05-02-2026 04:41:14 AM [] []
[2026-02-05 04:46:12] SlimMonoLogger.INFO: Cron ran at: 05-02-2026 04:46:12 AM [] []
[2026-02-05 04:51:13] SlimMonoLogger.INFO: Cron ran at: 05-02-2026 04:51:13 AM [] []
[2026-02-05 04:56:11] SlimMonoLogger.INFO: Cron ran at: 05-02-2026 04:56:11 AM [] []
[2026-02-05 05:01:18] SlimMonoLogger.INFO: Cron ran at: 05-02-2026 05:01:18 AM [] []
[2026-02-05 05:06:12] SlimMonoLogger.INFO: Cron ran at: 05-02-2026 05:06:12 AM [] []
[2026-02-05 05:11:13] SlimMonoLogger.INFO: Cron ran at: 05-02-2026 05:11:13 AM [] []
[2026-02-05 05:16:11] SlimMonoLogger.INFO: Cron ran at: 05-02-2026 05:16:11 AM [] []
[2026-02-05 05:21:16] SlimMonoLogger.INFO: Cron ran at: 05-02-2026 05:21:16 AM [] []
[2026-02-05 05:26:12] SlimMonoLogger.INFO: Cron ran at: 05-02-2026 05:26:12 AM [] []
[2026-02-05 05:31:15] SlimMonoLogger.INFO: Cron ran at: 05-02-2026 05:31:15 AM [] []
[2026-02-05 05:36:08] SlimMonoLogger.INFO: Cron ran at: 05-02-2026 05:36:08 AM [] []
[2026-02-05 05:41:07] SlimMonoLogger.INFO: Cron ran at: 05-02-2026 05:41:07 AM [] []
[2026-02-05 05:46:13] SlimMonoLogger.INFO: Cron ran at: 05-02-2026 05:46:13 AM [] []
[2026-02-05 05:51:11] SlimMonoLogger.INFO: Cron ran at: 05-02-2026 05:51:11 AM [] []
[2026-02-05 05:56:09] SlimMonoLogger.INFO: Cron ran at: 05-02-2026 05:56:09 AM [] []
[2026-02-05 06:01:27] SlimMonoLogger.INFO: Cron ran at: 05-02-2026 06:01:27 AM [] []
[2026-02-05 06:06:20] SlimMonoLogger.INFO: Cron ran at: 05-02-2026 06:06:20 AM [] []
[2026-02-05 06:11:21] SlimMonoLogger.INFO: Cron ran at: 05-02-2026 06:11:21 AM [] []
[2026-02-05 06:16:25] SlimMonoLogger.INFO: Cron ran at: 05-02-2026 06:16:25 AM [] []
[2026-02-05 06:21:35] SlimMonoLogger.INFO: Cron ran at: 05-02-2026 06:21:35 AM [] []
[2026-02-05 06:26:41] SlimMonoLogger.INFO: Cron ran at: 05-02-2026 06:26:41 AM [] []
[2026-02-05 06:31:27] SlimMonoLogger.INFO: Cron ran at: 05-02-2026 06:31:27 AM [] []
[2026-02-05 06:36:12] SlimMonoLogger.INFO: Cron ran at: 05-02-2026 06:36:12 AM [] []
[2026-02-05 06:41:13] SlimMonoLogger.INFO: Cron ran at: 05-02-2026 06:41:13 AM [] []
[2026-02-05 06:46:17] SlimMonoLogger.INFO: Cron ran at: 05-02-2026 06:46:17 AM [] []
[2026-02-05 06:51:12] SlimMonoLogger.INFO: Cron ran at: 05-02-2026 06:51:12 AM [] []
[2026-02-05 06:56:18] SlimMonoLogger.INFO: Cron ran at: 05-02-2026 06:56:18 AM [] []
[2026-02-05 07:01:30] SlimMonoLogger.INFO: Cron ran at: 05-02-2026 07:01:30 AM [] []
[2026-02-05 07:06:14] SlimMonoLogger.INFO: Cron ran at: 05-02-2026 07:06:14 AM [] []
[2026-02-05 07:11:20] SlimMonoLogger.INFO: Cron ran at: 05-02-2026 07:11:20 AM [] []
[2026-02-05 07:16:17] SlimMonoLogger.INFO: Cron ran at: 05-02-2026 07:16:17 AM [] []
[2026-02-05 07:21:18] SlimMonoLogger.INFO: Cron ran at: 05-02-2026 07:21:18 AM [] []
[2026-02-05 07:26:22] SlimMonoLogger.INFO: Cron ran at: 05-02-2026 07:26:22 AM [] []
[2026-02-05 07:31:42] SlimMonoLogger.INFO: Cron ran at: 05-02-2026 07:31:42 AM [] []
[2026-02-05 07:36:32] SlimMonoLogger.INFO: Cron ran at: 05-02-2026 07:36:32 AM [] []
[2026-02-05 07:41:22] SlimMonoLogger.INFO: Cron ran at: 05-02-2026 07:41:22 AM [] []
[2026-02-05 07:46:18] SlimMonoLogger.INFO: Cron ran at: 05-02-2026 07:46:18 AM [] []
[2026-02-05 07:51:13] SlimMonoLogger.INFO: Cron ran at: 05-02-2026 07:51:13 AM [] []
[2026-02-05 07:56:16] SlimMonoLogger.INFO: Cron ran at: 05-02-2026 07:56:16 AM [] []
[2026-02-05 08:01:19] SlimMonoLogger.INFO: Cron ran at: 05-02-2026 08:01:19 AM [] []
[2026-02-05 08:06:19] SlimMonoLogger.INFO: Cron ran at: 05-02-2026 08:06:19 AM [] []
[2026-02-05 08:11:20] SlimMonoLogger.INFO: Cron ran at: 05-02-2026 08:11:20 AM [] []
[2026-02-05 08:16:19] SlimMonoLogger.INFO: Cron ran at: 05-02-2026 08:16:19 AM [] []
[2026-02-05 08:21:22] SlimMonoLogger.INFO: Cron ran at: 05-02-2026 08:21:22 AM [] []
[2026-02-05 08:26:14] SlimMonoLogger.INFO: Cron ran at: 05-02-2026 08:26:14 AM [] []
[2026-02-05 08:31:37] SlimMonoLogger.INFO: Cron ran at: 05-02-2026 08:31:37 AM [] []
[2026-02-05 08:36:18] SlimMonoLogger.INFO: Cron ran at: 05-02-2026 08:36:18 AM [] []
[2026-02-05 08:46:24] SlimMonoLogger.INFO: Cron ran at: 05-02-2026 08:46:24 AM [] []
[2026-02-05 08:51:18] SlimMonoLogger.INFO: Cron ran at: 05-02-2026 08:51:18 AM [] []
[2026-02-05 08:56:21] SlimMonoLogger.INFO: Cron ran at: 05-02-2026 08:56:21 AM [] []
[2026-02-05 09:01:24] SlimMonoLogger.INFO: Cron ran at: 05-02-2026 09:01:24 AM [] []
[2026-02-05 09:06:41] SlimMonoLogger.INFO: Cron ran at: 05-02-2026 09:06:41 AM [] []
[2026-02-05 09:11:30] SlimMonoLogger.INFO: Cron ran at: 05-02-2026 09:11:30 AM [] []
[2026-02-05 09:16:35] SlimMonoLogger.INFO: Cron ran at: 05-02-2026 09:16:35 AM [] []
[2026-02-05 09:21:25] SlimMonoLogger.INFO: Cron ran at: 05-02-2026 09:21:25 AM [] []
[2026-02-05 09:26:36] SlimMonoLogger.INFO: Cron ran at: 05-02-2026 09:26:36 AM [] []
[2026-02-05 09:31:20] SlimMonoLogger.INFO: Cron ran at: 05-02-2026 09:31:20 AM [] []
[2026-02-05 09:36:24] SlimMonoLogger.INFO: Cron ran at: 05-02-2026 09:36:24 AM [] []
[2026-02-05 09:41:32] SlimMonoLogger.INFO: Cron ran at: 05-02-2026 09:41:32 AM [] []
[2026-02-05 09:46:19] SlimMonoLogger.INFO: Cron ran at: 05-02-2026 09:46:19 AM [] []
[2026-02-05 09:51:19] SlimMonoLogger.INFO: Cron ran at: 05-02-2026 09:51:19 AM [] []
[2026-02-05 09:56:18] SlimMonoLogger.INFO: Cron ran at: 05-02-2026 09:56:18 AM [] []
[2026-02-05 10:01:44] SlimMonoLogger.INFO: Cron ran at: 05-02-2026 10:01:44 AM [] []
[2026-02-05 10:06:26] SlimMonoLogger.INFO: Cron ran at: 05-02-2026 10:06:26 AM [] []
[2026-02-05 10:11:29] SlimMonoLogger.INFO: Cron ran at: 05-02-2026 10:11:29 AM [] []
[2026-02-05 10:16:25] SlimMonoLogger.INFO: Cron ran at: 05-02-2026 10:16:25 AM [] []
[2026-02-05 10:21:26] SlimMonoLogger.INFO: Cron ran at: 05-02-2026 10:21:26 AM [] []
[2026-02-05 10:26:31] SlimMonoLogger.INFO: Cron ran at: 05-02-2026 10:26:31 AM [] []
[2026-02-05 10:31:24] SlimMonoLogger.INFO: Cron ran at: 05-02-2026 10:31:24 AM [] []
[2026-02-05 10:36:20] SlimMonoLogger.INFO: Cron ran at: 05-02-2026 10:36:20 AM [] []
[2026-02-05 10:41:23] SlimMonoLogger.INFO: Cron ran at: 05-02-2026 10:41:23 AM [] []
[2026-02-05 10:46:38] SlimMonoLogger.INFO: Cron ran at: 05-02-2026 10:46:38 AM [] []
[2026-02-05 10:51:16] SlimMonoLogger.INFO: Cron ran at: 05-02-2026 10:51:16 AM [] []
[2026-02-05 10:56:14] SlimMonoLogger.INFO: Cron ran at: 05-02-2026 10:56:14 AM [] []
[2026-02-05 11:01:31] SlimMonoLogger.INFO: Cron ran at: 05-02-2026 11:01:31 AM [] []
[2026-02-05 11:06:25] SlimMonoLogger.INFO: Cron ran at: 05-02-2026 11:06:25 AM [] []
[2026-02-05 11:11:21] SlimMonoLogger.INFO: Cron ran at: 05-02-2026 11:11:21 AM [] []
[2026-02-05 11:16:23] SlimMonoLogger.INFO: Cron ran at: 05-02-2026 11:16:23 AM [] []
[2026-02-05 11:21:28] SlimMonoLogger.INFO: Cron ran at: 05-02-2026 11:21:28 AM [] []
[2026-02-05 11:26:33] SlimMonoLogger.INFO: Cron ran at: 05-02-2026 11:26:33 AM [] []
[2026-02-05 11:31:27] SlimMonoLogger.INFO: Cron ran at: 05-02-2026 11:31:27 AM [] []
[2026-02-05 11:36:28] SlimMonoLogger.INFO: Cron ran at: 05-02-2026 11:36:28 AM [] []
[2026-02-05 11:41:22] SlimMonoLogger.INFO: Cron ran at: 05-02-2026 11:41:22 AM [] []
[2026-02-05 11:46:12] SlimMonoLogger.INFO: Cron ran at: 05-02-2026 11:46:12 AM [] []
[2026-02-05 11:51:21] SlimMonoLogger.INFO: Cron ran at: 05-02-2026 11:51:21 AM [] []
[2026-02-05 11:56:38] SlimMonoLogger.INFO: Cron ran at: 05-02-2026 11:56:38 AM [] []
[2026-02-05 12:01:17] SlimMonoLogger.INFO: Cron ran at: 05-02-2026 12:01:17 PM [] []
[2026-02-05 12:06:19] SlimMonoLogger.INFO: Cron ran at: 05-02-2026 12:06:19 PM [] []
[2026-02-05 12:11:19] SlimMonoLogger.INFO: Cron ran at: 05-02-2026 12:11:19 PM [] []
[2026-02-05 12:16:31] SlimMonoLogger.INFO: Cron ran at: 05-02-2026 12:16:31 PM [] []
[2026-02-05 12:21:37] SlimMonoLogger.INFO: Cron ran at: 05-02-2026 12:21:37 PM [] []
[2026-02-05 12:26:17] SlimMonoLogger.INFO: Cron ran at: 05-02-2026 12:26:17 PM [] []
[2026-02-05 12:31:25] SlimMonoLogger.INFO: Cron ran at: 05-02-2026 12:31:25 PM [] []
[2026-02-05 12:36:24] SlimMonoLogger.INFO: Cron ran at: 05-02-2026 12:36:24 PM [] []
[2026-02-05 12:41:21] SlimMonoLogger.INFO: Cron ran at: 05-02-2026 12:41:21 PM [] []
[2026-02-05 12:46:23] SlimMonoLogger.INFO: Cron ran at: 05-02-2026 12:46:23 PM [] []
[2026-02-05 12:51:23] SlimMonoLogger.INFO: Cron ran at: 05-02-2026 12:51:23 PM [] []
[2026-02-05 12:56:23] SlimMonoLogger.INFO: Cron ran at: 05-02-2026 12:56:23 PM [] []
[2026-02-05 13:01:42] SlimMonoLogger.INFO: Cron ran at: 05-02-2026 01:01:42 PM [] []
[2026-02-05 13:06:29] SlimMonoLogger.INFO: Cron ran at: 05-02-2026 01:06:29 PM [] []
[2026-02-05 13:11:28] SlimMonoLogger.INFO: Cron ran at: 05-02-2026 01:11:28 PM [] []
[2026-02-05 13:16:28] SlimMonoLogger.INFO: Cron ran at: 05-02-2026 01:16:28 PM [] []
[2026-02-05 13:21:25] SlimMonoLogger.INFO: Cron ran at: 05-02-2026 01:21:25 PM [] []
[2026-02-05 13:26:18] SlimMonoLogger.INFO: Cron ran at: 05-02-2026 01:26:18 PM [] []
[2026-02-05 13:31:20] SlimMonoLogger.INFO: Cron ran at: 05-02-2026 01:31:20 PM [] []
[2026-02-05 13:36:27] SlimMonoLogger.INFO: Cron ran at: 05-02-2026 01:36:27 PM [] []
[2026-02-05 13:41:27] SlimMonoLogger.INFO: Cron ran at: 05-02-2026 01:41:27 PM [] []
[2026-02-05 13:46:18] SlimMonoLogger.INFO: Cron ran at: 05-02-2026 01:46:18 PM [] []
[2026-02-05 13:51:25] SlimMonoLogger.INFO: Cron ran at: 05-02-2026 01:51:25 PM [] []
[2026-02-05 14:01:39] SlimMonoLogger.INFO: Cron ran at: 05-02-2026 02:01:39 PM [] []
[2026-02-05 14:03:31] SlimMonoLogger.ERROR: Requests_Exception: cURL error 28: Connection timed out after 500001 milliseconds in /home/latihtal/public_html/agregator1/src/vendor/rmccue/requests/library/Requests/Transport/cURL.php:422
Stack trace:
#0 /home/latihtal/public_html/agregator1/src/vendor/rmccue/requests/library/Requests/Transport/cURL.php(177): Requests_Transport_cURL->process_response()
#1 /home/latihtal/public_html/agregator1/src/vendor/rmccue/requests/library/Requests.php(379): Requests_Transport_cURL->request()
#2 /home/latihtal/public_html/agregator1/src/vendor/rmccue/requests/library/Requests/Session.php(205): Requests::request()
#3 /home/latihtal/public_html/agregator1/src/vendor/rmccue/requests/library/Requests/Session.php(132): Requests_Session->request()
#4 /home/latihtal/public_html/agregator1/src/drivers/Http/RssImporter.php(144): Requests_Session->get()
#5 /home/latihtal/public_html/agregator1/src/controllers/Dashboard/DashboardFeedsController.php(534): spark\drivers\Http\RssImporter->fetchPosts()
#6 /home/latihtal/public_html/agregator1/src/controllers/Site/SiteController.php(722): spark\controllers\Dashboard\DashboardFeedsController::importFeedPosts()
#7 [internal function]: spark\controllers\Site\SiteController->runTasks()
#8 /home/latihtal/public_html/agregator1/src/framework/Route.php(173): call_user_func_array()
#9 [internal function]: Slim\Route->Slim\{closure}()
#10 /home/latihtal/public_html/agregator1/src/framework/Route.php(468): call_user_func_array()
#11 /home/latihtal/public_html/agregator1/src/framework/Slim.php(1364): Slim\Route->dispatch()
#12 /home/latihtal/public_html/agregator1/src/framework/Middleware/Flash.php(85): Slim\Slim->call()
#13 /home/latihtal/public_html/agregator1/src/framework/Middleware/MethodOverride.php(92): Slim\Middleware\Flash->call()
#14 /home/latihtal/public_html/agregator1/src/middlewares/CsrfGuard/CsrfGuard.php(47): Slim\Middleware\MethodOverride->call()
#15 /home/latihtal/public_html/agregator1/src/framework/Middleware/PrettyExceptions.php(67): spark\middlewares\CsrfGuard\CsrfGuard->call()
#16 /home/latihtal/public_html/agregator1/src/framework/Slim.php(1308): Slim\Middleware\PrettyExceptions->call()
#17 /home/latihtal/public_html/agregator1/index.php(6): Slim\Slim->run()
#18 {main} [] []
[2026-02-05 14:04:45] SlimMonoLogger.INFO: Cron ran at: 05-02-2026 02:04:45 PM [] []
[2026-02-05 14:06:17] SlimMonoLogger.INFO: Cron ran at: 05-02-2026 02:06:17 PM [] []
[2026-02-05 14:11:34] SlimMonoLogger.INFO: Cron ran at: 05-02-2026 02:11:34 PM [] []
[2026-02-05 14:16:16] SlimMonoLogger.INFO: Cron ran at: 05-02-2026 02:16:16 PM [] []
[2026-02-05 14:21:27] SlimMonoLogger.INFO: Cron ran at: 05-02-2026 02:21:27 PM [] []
[2026-02-05 14:26:24] SlimMonoLogger.INFO: Cron ran at: 05-02-2026 02:26:24 PM [] []
[2026-02-05 14:31:21] SlimMonoLogger.INFO: Cron ran at: 05-02-2026 02:31:21 PM [] []
[2026-02-05 14:36:17] SlimMonoLogger.INFO: Cron ran at: 05-02-2026 02:36:17 PM [] []
[2026-02-05 14:41:31] SlimMonoLogger.INFO: Cron ran at: 05-02-2026 02:41:31 PM [] []
[2026-02-05 14:46:24] SlimMonoLogger.INFO: Cron ran at: 05-02-2026 02:46:24 PM [] []
[2026-02-05 14:51:20] SlimMonoLogger.INFO: Cron ran at: 05-02-2026 02:51:20 PM [] []
[2026-02-05 14:56:10] SlimMonoLogger.INFO: Cron ran at: 05-02-2026 02:56:10 PM [] []
[2026-02-05 15:01:23] SlimMonoLogger.INFO: Cron ran at: 05-02-2026 03:01:23 PM [] []
[2026-02-05 15:06:27] SlimMonoLogger.INFO: Cron ran at: 05-02-2026 03:06:27 PM [] []
[2026-02-05 15:11:19] SlimMonoLogger.INFO: Cron ran at: 05-02-2026 03:11:19 PM [] []
[2026-02-05 15:16:19] SlimMonoLogger.INFO: Cron ran at: 05-02-2026 03:16:19 PM [] []
[2026-02-05 15:21:26] SlimMonoLogger.INFO: Cron ran at: 05-02-2026 03:21:26 PM [] []
[2026-02-05 15:26:23] SlimMonoLogger.INFO: Cron ran at: 05-02-2026 03:26:23 PM [] []
[2026-02-05 15:31:27] SlimMonoLogger.INFO: Cron ran at: 05-02-2026 03:31:27 PM [] []
[2026-02-05 15:36:24] SlimMonoLogger.INFO: Cron ran at: 05-02-2026 03:36:24 PM [] []
[2026-02-05 15:41:36] SlimMonoLogger.INFO: Cron ran at: 05-02-2026 03:41:36 PM [] []
[2026-02-05 15:46:15] SlimMonoLogger.INFO: Cron ran at: 05-02-2026 03:46:15 PM [] []
[2026-02-05 15:51:21] SlimMonoLogger.INFO: Cron ran at: 05-02-2026 03:51:21 PM [] []
[2026-02-05 15:56:15] SlimMonoLogger.INFO: Cron ran at: 05-02-2026 03:56:15 PM [] []
[2026-02-05 16:01:28] SlimMonoLogger.INFO: Cron ran at: 05-02-2026 04:01:28 PM [] []
[2026-02-05 16:06:18] SlimMonoLogger.INFO: Cron ran at: 05-02-2026 04:06:18 PM [] []
[2026-02-05 16:11:12] SlimMonoLogger.INFO: Cron ran at: 05-02-2026 04:11:12 PM [] []
[2026-02-05 16:16:24] SlimMonoLogger.INFO: Cron ran at: 05-02-2026 04:16:24 PM [] []
[2026-02-05 16:21:18] SlimMonoLogger.INFO: Cron ran at: 05-02-2026 04:21:18 PM [] []
[2026-02-05 16:26:17] SlimMonoLogger.INFO: Cron ran at: 05-02-2026 04:26:17 PM [] []
[2026-02-05 16:31:21] SlimMonoLogger.INFO: Cron ran at: 05-02-2026 04:31:21 PM [] []
[2026-02-05 16:36:26] SlimMonoLogger.INFO: Cron ran at: 05-02-2026 04:36:26 PM [] []
[2026-02-05 16:41:26] SlimMonoLogger.INFO: Cron ran at: 05-02-2026 04:41:26 PM [] []
[2026-02-05 16:46:16] SlimMonoLogger.INFO: Cron ran at: 05-02-2026 04:46:16 PM [] []
[2026-02-05 16:51:17] SlimMonoLogger.INFO: Cron ran at: 05-02-2026 04:51:17 PM [] []
[2026-02-05 16:56:22] SlimMonoLogger.INFO: Cron ran at: 05-02-2026 04:56:22 PM [] []
[2026-02-05 17:01:30] SlimMonoLogger.INFO: Cron ran at: 05-02-2026 05:01:30 PM [] []
[2026-02-05 17:06:16] SlimMonoLogger.INFO: Cron ran at: 05-02-2026 05:06:16 PM [] []
[2026-02-05 17:11:20] SlimMonoLogger.INFO: Cron ran at: 05-02-2026 05:11:20 PM [] []
[2026-02-05 17:16:18] SlimMonoLogger.INFO: Cron ran at: 05-02-2026 05:16:18 PM [] []
[2026-02-05 17:21:18] SlimMonoLogger.INFO: Cron ran at: 05-02-2026 05:21:18 PM [] []
[2026-02-05 17:26:19] SlimMonoLogger.INFO: Cron ran at: 05-02-2026 05:26:19 PM [] []
[2026-02-05 17:31:27] SlimMonoLogger.INFO: Cron ran at: 05-02-2026 05:31:27 PM [] []
[2026-02-05 17:36:28] SlimMonoLogger.INFO: Cron ran at: 05-02-2026 05:36:28 PM [] []
[2026-02-05 17:41:10] SlimMonoLogger.INFO: Cron ran at: 05-02-2026 05:41:10 PM [] []
[2026-02-05 17:46:27] SlimMonoLogger.INFO: Cron ran at: 05-02-2026 05:46:27 PM [] []
[2026-02-05 17:51:14] SlimMonoLogger.INFO: Cron ran at: 05-02-2026 05:51:14 PM [] []
[2026-02-05 17:56:17] SlimMonoLogger.INFO: Cron ran at: 05-02-2026 05:56:17 PM [] []
[2026-02-05 18:01:21] SlimMonoLogger.INFO: Cron ran at: 05-02-2026 06:01:21 PM [] []
[2026-02-05 18:06:24] SlimMonoLogger.INFO: Cron ran at: 05-02-2026 06:06:24 PM [] []
[2026-02-05 18:11:19] SlimMonoLogger.INFO: Cron ran at: 05-02-2026 06:11:19 PM [] []
[2026-02-05 18:16:15] SlimMonoLogger.INFO: Cron ran at: 05-02-2026 06:16:15 PM [] []
[2026-02-05 18:21:15] SlimMonoLogger.INFO: Cron ran at: 05-02-2026 06:21:15 PM [] []
[2026-02-05 18:26:22] SlimMonoLogger.INFO: Cron ran at: 05-02-2026 06:26:22 PM [] []
[2026-02-05 18:31:23] SlimMonoLogger.INFO: Cron ran at: 05-02-2026 06:31:23 PM [] []
[2026-02-05 18:36:10] SlimMonoLogger.INFO: Cron ran at: 05-02-2026 06:36:10 PM [] []
[2026-02-05 18:41:18] SlimMonoLogger.INFO: Cron ran at: 05-02-2026 06:41:18 PM [] []
[2026-02-05 18:46:18] SlimMonoLogger.INFO: Cron ran at: 05-02-2026 06:46:18 PM [] []
[2026-02-05 18:51:17] SlimMonoLogger.INFO: Cron ran at: 05-02-2026 06:51:17 PM [] []
[2026-02-05 18:56:19] SlimMonoLogger.INFO: Cron ran at: 05-02-2026 06:56:19 PM [] []
[2026-02-05 19:01:21] SlimMonoLogger.INFO: Cron ran at: 05-02-2026 07:01:21 PM [] []
[2026-02-05 19:06:20] SlimMonoLogger.INFO: Cron ran at: 05-02-2026 07:06:20 PM [] []
[2026-02-05 19:11:18] SlimMonoLogger.INFO: Cron ran at: 05-02-2026 07:11:18 PM [] []
[2026-02-05 19:16:23] SlimMonoLogger.INFO: Cron ran at: 05-02-2026 07:16:23 PM [] []
[2026-02-05 19:21:26] SlimMonoLogger.INFO: Cron ran at: 05-02-2026 07:21:26 PM [] []
[2026-02-05 19:26:16] SlimMonoLogger.INFO: Cron ran at: 05-02-2026 07:26:16 PM [] []
[2026-02-05 19:31:18] SlimMonoLogger.INFO: Cron ran at: 05-02-2026 07:31:18 PM [] []
[2026-02-05 19:36:15] SlimMonoLogger.INFO: Cron ran at: 05-02-2026 07:36:15 PM [] []
[2026-02-05 19:41:27] SlimMonoLogger.INFO: Cron ran at: 05-02-2026 07:41:27 PM [] []
[2026-02-05 19:46:18] SlimMonoLogger.INFO: Cron ran at: 05-02-2026 07:46:18 PM [] []
[2026-02-05 19:51:23] SlimMonoLogger.INFO: Cron ran at: 05-02-2026 07:51:23 PM [] []
[2026-02-05 19:56:09] SlimMonoLogger.INFO: Cron ran at: 05-02-2026 07:56:09 PM [] []
[2026-02-05 20:01:15] SlimMonoLogger.INFO: Cron ran at: 05-02-2026 08:01:15 PM [] []
[2026-02-05 20:06:13] SlimMonoLogger.INFO: Cron ran at: 05-02-2026 08:06:13 PM [] []
[2026-02-05 20:11:17] SlimMonoLogger.INFO: Cron ran at: 05-02-2026 08:11:17 PM [] []
[2026-02-05 20:16:21] SlimMonoLogger.INFO: Cron ran at: 05-02-2026 08:16:21 PM [] []
[2026-02-05 20:21:20] SlimMonoLogger.INFO: Cron ran at: 05-02-2026 08:21:20 PM [] []
[2026-02-05 20:26:39] SlimMonoLogger.INFO: Cron ran at: 05-02-2026 08:26:39 PM [] []
[2026-02-05 20:31:20] SlimMonoLogger.INFO: Cron ran at: 05-02-2026 08:31:20 PM [] []
[2026-02-05 20:36:12] SlimMonoLogger.INFO: Cron ran at: 05-02-2026 08:36:12 PM [] []
[2026-02-05 20:41:13] SlimMonoLogger.INFO: Cron ran at: 05-02-2026 08:41:13 PM [] []
[2026-02-05 20:46:14] SlimMonoLogger.INFO: Cron ran at: 05-02-2026 08:46:14 PM [] []
[2026-02-05 20:51:26] SlimMonoLogger.INFO: Cron ran at: 05-02-2026 08:51:26 PM [] []
[2026-02-05 20:56:20] SlimMonoLogger.INFO: Cron ran at: 05-02-2026 08:56:20 PM [] []
[2026-02-05 21:01:34] SlimMonoLogger.INFO: Cron ran at: 05-02-2026 09:01:34 PM [] []
[2026-02-05 21:06:14] SlimMonoLogger.INFO: Cron ran at: 05-02-2026 09:06:14 PM [] []
[2026-02-05 21:11:19] SlimMonoLogger.INFO: Cron ran at: 05-02-2026 09:11:19 PM [] []
[2026-02-05 21:16:24] SlimMonoLogger.INFO: Cron ran at: 05-02-2026 09:16:24 PM [] []
[2026-02-05 21:21:35] SlimMonoLogger.INFO: Cron ran at: 05-02-2026 09:21:35 PM [] []
[2026-02-05 21:26:18] SlimMonoLogger.INFO: Cron ran at: 05-02-2026 09:26:18 PM [] []
[2026-02-05 21:31:22] SlimMonoLogger.INFO: Cron ran at: 05-02-2026 09:31:22 PM [] []
[2026-02-05 21:36:24] SlimMonoLogger.INFO: Cron ran at: 05-02-2026 09:36:24 PM [] []
[2026-02-05 21:41:17] SlimMonoLogger.INFO: Cron ran at: 05-02-2026 09:41:17 PM [] []
[2026-02-05 21:46:13] SlimMonoLogger.INFO: Cron ran at: 05-02-2026 09:46:13 PM [] []
[2026-02-05 21:51:21] SlimMonoLogger.INFO: Cron ran at: 05-02-2026 09:51:21 PM [] []
[2026-02-05 21:56:18] SlimMonoLogger.INFO: Cron ran at: 05-02-2026 09:56:18 PM [] []
[2026-02-05 22:01:10] SlimMonoLogger.INFO: Cron ran at: 05-02-2026 10:01:10 PM [] []
[2026-02-05 22:06:14] SlimMonoLogger.INFO: Cron ran at: 05-02-2026 10:06:14 PM [] []
[2026-02-05 22:11:14] SlimMonoLogger.INFO: Cron ran at: 05-02-2026 10:11:14 PM [] []
[2026-02-05 22:16:16] SlimMonoLogger.INFO: Cron ran at: 05-02-2026 10:16:16 PM [] []
[2026-02-05 22:21:12] SlimMonoLogger.INFO: Cron ran at: 05-02-2026 10:21:12 PM [] []
[2026-02-05 22:26:12] SlimMonoLogger.INFO: Cron ran at: 05-02-2026 10:26:12 PM [] []
[2026-02-05 22:31:23] SlimMonoLogger.INFO: Cron ran at: 05-02-2026 10:31:23 PM [] []
[2026-02-05 22:36:17] SlimMonoLogger.INFO: Cron ran at: 05-02-2026 10:36:17 PM [] []
[2026-02-05 22:41:19] SlimMonoLogger.INFO: Cron ran at: 05-02-2026 10:41:19 PM [] []
[2026-02-05 22:46:19] SlimMonoLogger.INFO: Cron ran at: 05-02-2026 10:46:19 PM [] []
[2026-02-05 22:51:17] SlimMonoLogger.INFO: Cron ran at: 05-02-2026 10:51:17 PM [] []
[2026-02-05 22:56:11] SlimMonoLogger.INFO: Cron ran at: 05-02-2026 10:56:11 PM [] []
[2026-02-05 23:01:21] SlimMonoLogger.INFO: Cron ran at: 05-02-2026 11:01:21 PM [] []
[2026-02-05 23:06:17] SlimMonoLogger.INFO: Cron ran at: 05-02-2026 11:06:17 PM [] []
[2026-02-05 23:11:23] SlimMonoLogger.INFO: Cron ran at: 05-02-2026 11:11:23 PM [] []
[2026-02-05 23:16:19] SlimMonoLogger.INFO: Cron ran at: 05-02-2026 11:16:19 PM [] []
[2026-02-05 23:21:22] SlimMonoLogger.INFO: Cron ran at: 05-02-2026 11:21:22 PM [] []
[2026-02-05 23:26:45] SlimMonoLogger.INFO: Cron ran at: 05-02-2026 11:26:45 PM [] []
[2026-02-05 23:31:17] SlimMonoLogger.INFO: Cron ran at: 05-02-2026 11:31:17 PM [] []
[2026-02-05 23:36:10] SlimMonoLogger.INFO: Cron ran at: 05-02-2026 11:36:10 PM [] []
[2026-02-05 23:41:07] SlimMonoLogger.INFO: Cron ran at: 05-02-2026 11:41:07 PM [] []
[2026-02-05 23:46:09] SlimMonoLogger.INFO: Cron ran at: 05-02-2026 11:46:09 PM [] []
[2026-02-05 23:51:09] SlimMonoLogger.INFO: Cron ran at: 05-02-2026 11:51:09 PM [] []
[2026-02-05 23:56:13] SlimMonoLogger.INFO: Cron ran at: 05-02-2026 11:56:13 PM [] []
[2026-02-06 00:01:16] SlimMonoLogger.INFO: Cron ran at: 06-02-2026 12:01:16 AM [] []
[2026-02-06 00:06:29] SlimMonoLogger.INFO: Cron ran at: 06-02-2026 12:06:29 AM [] []
[2026-02-06 00:11:17] SlimMonoLogger.INFO: Cron ran at: 06-02-2026 12:11:17 AM [] []
[2026-02-06 00:16:10] SlimMonoLogger.INFO: Cron ran at: 06-02-2026 12:16:10 AM [] []
[2026-02-06 00:21:14] SlimMonoLogger.INFO: Cron ran at: 06-02-2026 12:21:14 AM [] []
[2026-02-06 00:26:14] SlimMonoLogger.INFO: Cron ran at: 06-02-2026 12:26:14 AM [] []
[2026-02-06 00:31:31] SlimMonoLogger.INFO: Cron ran at: 06-02-2026 12:31:31 AM [] []
[2026-02-06 00:36:14] SlimMonoLogger.INFO: Cron ran at: 06-02-2026 12:36:14 AM [] []
[2026-02-06 00:41:21] SlimMonoLogger.INFO: Cron ran at: 06-02-2026 12:41:21 AM [] []
[2026-02-06 00:46:15] SlimMonoLogger.INFO: Cron ran at: 06-02-2026 12:46:15 AM [] []
[2026-02-06 00:51:21] SlimMonoLogger.INFO: Cron ran at: 06-02-2026 12:51:21 AM [] []
[2026-02-06 00:56:10] SlimMonoLogger.INFO: Cron ran at: 06-02-2026 12:56:10 AM [] []
