[2025-04-05 02:00:35] SlimMonoLogger.INFO: Cron ran at: 05-04-2025 02:00:35 AM [] []
[2025-04-05 02:05:35] SlimMonoLogger.INFO: Cron ran at: 05-04-2025 02:05:35 AM [] []
[2025-04-05 02:10:38] SlimMonoLogger.INFO: Cron ran at: 05-04-2025 02:10:38 AM [] []
[2025-04-05 02:15:40] SlimMonoLogger.INFO: Cron ran at: 05-04-2025 02:15:40 AM [] []
[2025-04-05 02:20:35] SlimMonoLogger.INFO: Cron ran at: 05-04-2025 02:20:35 AM [] []
[2025-04-05 02:25:36] SlimMonoLogger.INFO: Cron ran at: 05-04-2025 02:25:36 AM [] []
[2025-04-05 02:30:28] SlimMonoLogger.INFO: Cron ran at: 05-04-2025 02:30:28 AM [] []
[2025-04-05 02:35:36] SlimMonoLogger.INFO: Cron ran at: 05-04-2025 02:35:36 AM [] []
[2025-04-05 02:40:38] SlimMonoLogger.INFO: Cron ran at: 05-04-2025 02:40:38 AM [] []
[2025-04-05 02:45:37] SlimMonoLogger.INFO: Cron ran at: 05-04-2025 02:45:37 AM [] []
[2025-04-05 02:50:47] SlimMonoLogger.INFO: Cron ran at: 05-04-2025 02:50:47 AM [] []
[2025-04-05 02:55:35] SlimMonoLogger.INFO: Cron ran at: 05-04-2025 02:55:35 AM [] []
[2025-04-05 03:00:32] SlimMonoLogger.INFO: Cron ran at: 05-04-2025 03:00:32 AM [] []
[2025-04-05 03:05:30] SlimMonoLogger.INFO: Cron ran at: 05-04-2025 03:05:30 AM [] []
[2025-04-05 03:10:34] SlimMonoLogger.INFO: Cron ran at: 05-04-2025 03:10:34 AM [] []
[2025-04-05 03:15:33] SlimMonoLogger.INFO: Cron ran at: 05-04-2025 03:15:33 AM [] []
[2025-04-05 03:20:34] SlimMonoLogger.INFO: Cron ran at: 05-04-2025 03:20:34 AM [] []
[2025-04-05 03:25:38] SlimMonoLogger.INFO: Cron ran at: 05-04-2025 03:25:38 AM [] []
[2025-04-05 03:30:36] SlimMonoLogger.INFO: Cron ran at: 05-04-2025 03:30:36 AM [] []
[2025-04-05 03:35:33] SlimMonoLogger.INFO: Cron ran at: 05-04-2025 03:35:33 AM [] []
[2025-04-05 03:40:32] SlimMonoLogger.INFO: Cron ran at: 05-04-2025 03:40:32 AM [] []
[2025-04-05 03:45:31] SlimMonoLogger.INFO: Cron ran at: 05-04-2025 03:45:31 AM [] []
[2025-04-05 03:50:28] SlimMonoLogger.INFO: Cron ran at: 05-04-2025 03:50:28 AM [] []
[2025-04-05 03:55:41] SlimMonoLogger.INFO: Cron ran at: 05-04-2025 03:55:41 AM [] []
[2025-04-05 04:00:42] SlimMonoLogger.INFO: Cron ran at: 05-04-2025 04:00:42 AM [] []
[2025-04-05 04:05:39] SlimMonoLogger.INFO: Cron ran at: 05-04-2025 04:05:39 AM [] []
[2025-04-05 04:10:32] SlimMonoLogger.INFO: Cron ran at: 05-04-2025 04:10:32 AM [] []
[2025-04-05 04:15:30] SlimMonoLogger.INFO: Cron ran at: 05-04-2025 04:15:30 AM [] []
[2025-04-05 04:20:33] SlimMonoLogger.INFO: Cron ran at: 05-04-2025 04:20:33 AM [] []
[2025-04-05 04:25:34] SlimMonoLogger.INFO: Cron ran at: 05-04-2025 04:25:34 AM [] []
[2025-04-05 04:30:31] SlimMonoLogger.INFO: Cron ran at: 05-04-2025 04:30:31 AM [] []
[2025-04-05 04:35:36] SlimMonoLogger.INFO: Cron ran at: 05-04-2025 04:35:36 AM [] []
[2025-04-05 04:40:30] SlimMonoLogger.INFO: Cron ran at: 05-04-2025 04:40:30 AM [] []
[2025-04-05 04:45:30] SlimMonoLogger.INFO: Cron ran at: 05-04-2025 04:45:30 AM [] []
[2025-04-05 04:50:27] SlimMonoLogger.INFO: Cron ran at: 05-04-2025 04:50:27 AM [] []
[2025-04-05 04:55:33] SlimMonoLogger.INFO: Cron ran at: 05-04-2025 04:55:33 AM [] []
[2025-04-05 05:00:32] SlimMonoLogger.INFO: Cron ran at: 05-04-2025 05:00:32 AM [] []
[2025-04-05 05:05:31] SlimMonoLogger.INFO: Cron ran at: 05-04-2025 05:05:31 AM [] []
[2025-04-05 05:10:37] SlimMonoLogger.INFO: Cron ran at: 05-04-2025 05:10:37 AM [] []
[2025-04-05 05:15:34] SlimMonoLogger.INFO: Cron ran at: 05-04-2025 05:15:34 AM [] []
[2025-04-05 05:20:31] SlimMonoLogger.INFO: Cron ran at: 05-04-2025 05:20:31 AM [] []
[2025-04-05 05:25:27] SlimMonoLogger.INFO: Cron ran at: 05-04-2025 05:25:27 AM [] []
[2025-04-05 05:30:32] SlimMonoLogger.INFO: Cron ran at: 05-04-2025 05:30:32 AM [] []
[2025-04-05 05:35:29] SlimMonoLogger.INFO: Cron ran at: 05-04-2025 05:35:29 AM [] []
[2025-04-05 05:40:31] SlimMonoLogger.INFO: Cron ran at: 05-04-2025 05:40:31 AM [] []
[2025-04-05 05:45:28] SlimMonoLogger.INFO: Cron ran at: 05-04-2025 05:45:28 AM [] []
[2025-04-05 05:50:30] SlimMonoLogger.INFO: Cron ran at: 05-04-2025 05:50:30 AM [] []
[2025-04-05 05:55:29] SlimMonoLogger.INFO: Cron ran at: 05-04-2025 05:55:29 AM [] []
[2025-04-05 06:00:34] SlimMonoLogger.INFO: Cron ran at: 05-04-2025 06:00:34 AM [] []
[2025-04-05 06:05:37] SlimMonoLogger.INFO: Cron ran at: 05-04-2025 06:05:37 AM [] []
[2025-04-05 06:10:37] SlimMonoLogger.INFO: Cron ran at: 05-04-2025 06:10:37 AM [] []
[2025-04-05 06:15:38] SlimMonoLogger.INFO: Cron ran at: 05-04-2025 06:15:38 AM [] []
[2025-04-05 06:20:41] SlimMonoLogger.INFO: Cron ran at: 05-04-2025 06:20:41 AM [] []
[2025-04-05 06:25:43] SlimMonoLogger.INFO: Cron ran at: 05-04-2025 06:25:43 AM [] []
[2025-04-05 06:30:43] SlimMonoLogger.INFO: Cron ran at: 05-04-2025 06:30:43 AM [] []
[2025-04-05 06:35:47] SlimMonoLogger.INFO: Cron ran at: 05-04-2025 06:35:47 AM [] []
[2025-04-05 06:40:39] SlimMonoLogger.INFO: Cron ran at: 05-04-2025 06:40:39 AM [] []
[2025-04-05 06:45:40] SlimMonoLogger.INFO: Cron ran at: 05-04-2025 06:45:40 AM [] []
[2025-04-05 06:50:46] SlimMonoLogger.INFO: Cron ran at: 05-04-2025 06:50:46 AM [] []
[2025-04-05 06:55:45] SlimMonoLogger.INFO: Cron ran at: 05-04-2025 06:55:45 AM [] []
[2025-04-05 07:00:42] SlimMonoLogger.INFO: Cron ran at: 05-04-2025 07:00:42 AM [] []
[2025-04-05 07:05:43] SlimMonoLogger.INFO: Cron ran at: 05-04-2025 07:05:43 AM [] []
[2025-04-05 07:10:36] SlimMonoLogger.INFO: Cron ran at: 05-04-2025 07:10:36 AM [] []
[2025-04-05 07:15:33] SlimMonoLogger.INFO: Cron ran at: 05-04-2025 07:15:33 AM [] []
[2025-04-05 07:20:34] SlimMonoLogger.INFO: Cron ran at: 05-04-2025 07:20:34 AM [] []
[2025-04-05 07:25:35] SlimMonoLogger.INFO: Cron ran at: 05-04-2025 07:25:35 AM [] []
[2025-04-05 07:30:37] SlimMonoLogger.INFO: Cron ran at: 05-04-2025 07:30:37 AM [] []
[2025-04-05 07:35:34] SlimMonoLogger.INFO: Cron ran at: 05-04-2025 07:35:34 AM [] []
[2025-04-05 07:40:35] SlimMonoLogger.INFO: Cron ran at: 05-04-2025 07:40:35 AM [] []
[2025-04-05 07:45:31] SlimMonoLogger.INFO: Cron ran at: 05-04-2025 07:45:31 AM [] []
[2025-04-05 07:50:31] SlimMonoLogger.INFO: Cron ran at: 05-04-2025 07:50:31 AM [] []
[2025-04-05 07:55:33] SlimMonoLogger.INFO: Cron ran at: 05-04-2025 07:55:33 AM [] []
[2025-04-05 08:00:32] SlimMonoLogger.INFO: Cron ran at: 05-04-2025 08:00:32 AM [] []
[2025-04-05 08:05:31] SlimMonoLogger.INFO: Cron ran at: 05-04-2025 08:05:31 AM [] []
[2025-04-05 08:10:28] SlimMonoLogger.INFO: Cron ran at: 05-04-2025 08:10:28 AM [] []
[2025-04-05 08:15:33] SlimMonoLogger.INFO: Cron ran at: 05-04-2025 08:15:33 AM [] []
[2025-04-05 08:20:35] SlimMonoLogger.INFO: Cron ran at: 05-04-2025 08:20:35 AM [] []
[2025-04-05 08:25:32] SlimMonoLogger.INFO: Cron ran at: 05-04-2025 08:25:32 AM [] []
[2025-04-05 08:30:31] SlimMonoLogger.INFO: Cron ran at: 05-04-2025 08:30:31 AM [] []
[2025-04-05 08:35:34] SlimMonoLogger.INFO: Cron ran at: 05-04-2025 08:35:34 AM [] []
[2025-04-05 08:40:31] SlimMonoLogger.INFO: Cron ran at: 05-04-2025 08:40:31 AM [] []
[2025-04-05 08:45:30] SlimMonoLogger.INFO: Cron ran at: 05-04-2025 08:45:30 AM [] []
[2025-04-05 08:50:30] SlimMonoLogger.INFO: Cron ran at: 05-04-2025 08:50:30 AM [] []
[2025-04-05 08:55:30] SlimMonoLogger.INFO: Cron ran at: 05-04-2025 08:55:30 AM [] []
[2025-04-05 09:00:09] SlimMonoLogger.INFO: Cron ran at: 05-04-2025 09:00:09 AM [] []
[2025-04-05 09:05:36] SlimMonoLogger.INFO: Cron ran at: 05-04-2025 09:05:36 AM [] []
[2025-04-05 09:10:28] SlimMonoLogger.INFO: Cron ran at: 05-04-2025 09:10:28 AM [] []
[2025-04-05 09:15:34] SlimMonoLogger.INFO: Cron ran at: 05-04-2025 09:15:34 AM [] []
[2025-04-05 09:20:35] SlimMonoLogger.INFO: Cron ran at: 05-04-2025 09:20:35 AM [] []
[2025-04-05 09:25:28] SlimMonoLogger.INFO: Cron ran at: 05-04-2025 09:25:28 AM [] []
[2025-04-05 09:30:32] SlimMonoLogger.INFO: Cron ran at: 05-04-2025 09:30:32 AM [] []
[2025-04-05 09:35:36] SlimMonoLogger.INFO: Cron ran at: 05-04-2025 09:35:36 AM [] []
[2025-04-05 09:40:50] SlimMonoLogger.INFO: Cron ran at: 05-04-2025 09:40:50 AM [] []
[2025-04-05 09:45:35] SlimMonoLogger.INFO: Cron ran at: 05-04-2025 09:45:35 AM [] []
[2025-04-05 09:50:39] SlimMonoLogger.INFO: Cron ran at: 05-04-2025 09:50:39 AM [] []
[2025-04-05 09:55:37] SlimMonoLogger.INFO: Cron ran at: 05-04-2025 09:55:37 AM [] []
[2025-04-05 10:00:41] SlimMonoLogger.INFO: Cron ran at: 05-04-2025 10:00:41 AM [] []
[2025-04-05 10:05:36] SlimMonoLogger.INFO: Cron ran at: 05-04-2025 10:05:36 AM [] []
[2025-04-05 10:10:30] SlimMonoLogger.INFO: Cron ran at: 05-04-2025 10:10:30 AM [] []
[2025-04-05 10:15:31] SlimMonoLogger.INFO: Cron ran at: 05-04-2025 10:15:31 AM [] []
[2025-04-05 10:20:36] SlimMonoLogger.INFO: Cron ran at: 05-04-2025 10:20:36 AM [] []
[2025-04-05 10:25:32] SlimMonoLogger.INFO: Cron ran at: 05-04-2025 10:25:32 AM [] []
[2025-04-05 10:30:44] SlimMonoLogger.INFO: Cron ran at: 05-04-2025 10:30:44 AM [] []
[2025-04-05 10:35:37] SlimMonoLogger.INFO: Cron ran at: 05-04-2025 10:35:37 AM [] []
[2025-04-05 10:40:38] SlimMonoLogger.INFO: Cron ran at: 05-04-2025 10:40:38 AM [] []
[2025-04-05 10:45:30] SlimMonoLogger.INFO: Cron ran at: 05-04-2025 10:45:30 AM [] []
[2025-04-05 10:50:39] SlimMonoLogger.INFO: Cron ran at: 05-04-2025 10:50:39 AM [] []
[2025-04-05 10:55:29] SlimMonoLogger.INFO: Cron ran at: 05-04-2025 10:55:29 AM [] []
[2025-04-05 11:00:44] SlimMonoLogger.INFO: Cron ran at: 05-04-2025 11:00:44 AM [] []
[2025-04-05 11:05:40] SlimMonoLogger.INFO: Cron ran at: 05-04-2025 11:05:40 AM [] []
[2025-04-05 11:10:40] SlimMonoLogger.INFO: Cron ran at: 05-04-2025 11:10:40 AM [] []
[2025-04-05 11:15:43] SlimMonoLogger.INFO: Cron ran at: 05-04-2025 11:15:43 AM [] []
[2025-04-05 11:20:48] SlimMonoLogger.INFO: Cron ran at: 05-04-2025 11:20:48 AM [] []
[2025-04-05 11:25:36] SlimMonoLogger.INFO: Cron ran at: 05-04-2025 11:25:36 AM [] []
[2025-04-05 11:30:53] SlimMonoLogger.INFO: Cron ran at: 05-04-2025 11:30:53 AM [] []
[2025-04-05 11:35:58] SlimMonoLogger.INFO: Cron ran at: 05-04-2025 11:35:58 AM [] []
[2025-04-05 11:41:14] SlimMonoLogger.INFO: Cron ran at: 05-04-2025 11:41:14 AM [] []
[2025-04-05 11:45:37] SlimMonoLogger.INFO: Cron ran at: 05-04-2025 11:45:37 AM [] []
[2025-04-05 11:50:32] SlimMonoLogger.INFO: Cron ran at: 05-04-2025 11:50:32 AM [] []
[2025-04-05 11:55:34] SlimMonoLogger.INFO: Cron ran at: 05-04-2025 11:55:34 AM [] []
[2025-04-05 12:00:33] SlimMonoLogger.INFO: Cron ran at: 05-04-2025 12:00:33 PM [] []
[2025-04-05 12:05:33] SlimMonoLogger.INFO: Cron ran at: 05-04-2025 12:05:33 PM [] []
[2025-04-05 12:10:37] SlimMonoLogger.INFO: Cron ran at: 05-04-2025 12:10:37 PM [] []
[2025-04-05 12:15:34] SlimMonoLogger.INFO: Cron ran at: 05-04-2025 12:15:34 PM [] []
[2025-04-05 12:20:33] SlimMonoLogger.INFO: Cron ran at: 05-04-2025 12:20:33 PM [] []
[2025-04-05 12:25:33] SlimMonoLogger.INFO: Cron ran at: 05-04-2025 12:25:33 PM [] []
[2025-04-05 12:30:32] SlimMonoLogger.INFO: Cron ran at: 05-04-2025 12:30:32 PM [] []
[2025-04-05 12:35:35] SlimMonoLogger.INFO: Cron ran at: 05-04-2025 12:35:35 PM [] []
[2025-04-05 12:40:39] SlimMonoLogger.INFO: Cron ran at: 05-04-2025 12:40:39 PM [] []
[2025-04-05 12:45:40] SlimMonoLogger.INFO: Cron ran at: 05-04-2025 12:45:40 PM [] []
[2025-04-05 12:50:48] SlimMonoLogger.INFO: Cron ran at: 05-04-2025 12:50:48 PM [] []
[2025-04-05 12:55:37] SlimMonoLogger.INFO: Cron ran at: 05-04-2025 12:55:37 PM [] []
[2025-04-05 13:00:45] SlimMonoLogger.INFO: Cron ran at: 05-04-2025 01:00:45 PM [] []
[2025-04-05 13:05:37] SlimMonoLogger.INFO: Cron ran at: 05-04-2025 01:05:37 PM [] []
[2025-04-05 13:10:30] SlimMonoLogger.INFO: Cron ran at: 05-04-2025 01:10:30 PM [] []
[2025-04-05 13:15:36] SlimMonoLogger.INFO: Cron ran at: 05-04-2025 01:15:36 PM [] []
[2025-04-05 13:20:35] SlimMonoLogger.INFO: Cron ran at: 05-04-2025 01:20:35 PM [] []
[2025-04-05 13:27:21] SlimMonoLogger.ERROR: Requests_Exception: cURL error 28: Failed to connect to antropol.mk port 443 after 129106 ms: Could not connect to server in /home/latihtal/public_html/agregator1/src/vendor/rmccue/requests/library/Requests/Transport/cURL.php:422
Stack trace:
#0 /home/latihtal/public_html/agregator1/src/vendor/rmccue/requests/library/Requests/Transport/cURL.php(177): Requests_Transport_cURL->process_response()
#1 /home/latihtal/public_html/agregator1/src/vendor/rmccue/requests/library/Requests.php(379): Requests_Transport_cURL->request()
#2 /home/latihtal/public_html/agregator1/src/vendor/rmccue/requests/library/Requests/Session.php(205): Requests::request()
#3 /home/latihtal/public_html/agregator1/src/vendor/rmccue/requests/library/Requests/Session.php(132): Requests_Session->request()
#4 /home/latihtal/public_html/agregator1/src/drivers/Http/RssImporter.php(144): Requests_Session->get()
#5 /home/latihtal/public_html/agregator1/src/controllers/Dashboard/DashboardFeedsController.php(534): spark\drivers\Http\RssImporter->fetchPosts()
#6 /home/latihtal/public_html/agregator1/src/controllers/Site/SiteController.php(722): spark\controllers\Dashboard\DashboardFeedsController::importFeedPosts()
#7 [internal function]: spark\controllers\Site\SiteController->runTasks()
#8 /home/latihtal/public_html/agregator1/src/framework/Route.php(173): call_user_func_array()
#9 [internal function]: Slim\Route->Slim\{closure}()
#10 /home/latihtal/public_html/agregator1/src/framework/Route.php(468): call_user_func_array()
#11 /home/latihtal/public_html/agregator1/src/framework/Slim.php(1364): Slim\Route->dispatch()
#12 /home/latihtal/public_html/agregator1/src/framework/Middleware/Flash.php(85): Slim\Slim->call()
#13 /home/latihtal/public_html/agregator1/src/framework/Middleware/MethodOverride.php(92): Slim\Middleware\Flash->call()
#14 /home/latihtal/public_html/agregator1/src/middlewares/CsrfGuard/CsrfGuard.php(47): Slim\Middleware\MethodOverride->call()
#15 /home/latihtal/public_html/agregator1/src/framework/Middleware/PrettyExceptions.php(67): spark\middlewares\CsrfGuard\CsrfGuard->call()
#16 /home/latihtal/public_html/agregator1/src/framework/Slim.php(1308): Slim\Middleware\PrettyExceptions->call()
#17 /home/latihtal/public_html/agregator1/index.php(6): Slim\Slim->run()
#18 {main} [] []
[2025-04-05 13:27:39] SlimMonoLogger.INFO: Cron ran at: 05-04-2025 01:27:39 PM [] []
[2025-04-05 13:30:34] SlimMonoLogger.INFO: Cron ran at: 05-04-2025 01:30:34 PM [] []
[2025-04-05 13:35:45] SlimMonoLogger.INFO: Cron ran at: 05-04-2025 01:35:45 PM [] []
[2025-04-05 13:40:29] SlimMonoLogger.INFO: Cron ran at: 05-04-2025 01:40:29 PM [] []
[2025-04-05 13:45:33] SlimMonoLogger.INFO: Cron ran at: 05-04-2025 01:45:33 PM [] []
[2025-04-05 13:50:28] SlimMonoLogger.INFO: Cron ran at: 05-04-2025 01:50:28 PM [] []
[2025-04-05 13:55:27] SlimMonoLogger.INFO: Cron ran at: 05-04-2025 01:55:27 PM [] []
[2025-04-05 14:00:42] SlimMonoLogger.INFO: Cron ran at: 05-04-2025 02:00:42 PM [] []
[2025-04-05 14:05:35] SlimMonoLogger.INFO: Cron ran at: 05-04-2025 02:05:35 PM [] []
[2025-04-05 14:10:41] SlimMonoLogger.INFO: Cron ran at: 05-04-2025 02:10:41 PM [] []
[2025-04-05 14:15:30] SlimMonoLogger.INFO: Cron ran at: 05-04-2025 02:15:30 PM [] []
[2025-04-05 14:20:35] SlimMonoLogger.INFO: Cron ran at: 05-04-2025 02:20:35 PM [] []
[2025-04-05 14:25:30] SlimMonoLogger.INFO: Cron ran at: 05-04-2025 02:25:30 PM [] []
[2025-04-05 14:30:30] SlimMonoLogger.INFO: Cron ran at: 05-04-2025 02:30:30 PM [] []
[2025-04-05 14:35:32] SlimMonoLogger.INFO: Cron ran at: 05-04-2025 02:35:32 PM [] []
[2025-04-05 14:40:25] SlimMonoLogger.INFO: Cron ran at: 05-04-2025 02:40:25 PM [] []
[2025-04-05 14:45:39] SlimMonoLogger.INFO: Cron ran at: 05-04-2025 02:45:39 PM [] []
[2025-04-05 14:50:26] SlimMonoLogger.INFO: Cron ran at: 05-04-2025 02:50:26 PM [] []
[2025-04-05 14:55:35] SlimMonoLogger.INFO: Cron ran at: 05-04-2025 02:55:35 PM [] []
[2025-04-05 15:00:27] SlimMonoLogger.INFO: Cron ran at: 05-04-2025 03:00:27 PM [] []
[2025-04-05 15:05:27] SlimMonoLogger.INFO: Cron ran at: 05-04-2025 03:05:27 PM [] []
[2025-04-05 15:10:26] SlimMonoLogger.INFO: Cron ran at: 05-04-2025 03:10:26 PM [] []
[2025-04-05 15:15:31] SlimMonoLogger.INFO: Cron ran at: 05-04-2025 03:15:31 PM [] []
[2025-04-05 15:20:42] SlimMonoLogger.INFO: Cron ran at: 05-04-2025 03:20:42 PM [] []
[2025-04-05 15:25:32] SlimMonoLogger.INFO: Cron ran at: 05-04-2025 03:25:32 PM [] []
[2025-04-05 15:30:32] SlimMonoLogger.INFO: Cron ran at: 05-04-2025 03:30:32 PM [] []
[2025-04-05 15:35:31] SlimMonoLogger.INFO: Cron ran at: 05-04-2025 03:35:31 PM [] []
[2025-04-05 15:40:26] SlimMonoLogger.INFO: Cron ran at: 05-04-2025 03:40:26 PM [] []
[2025-04-05 15:45:31] SlimMonoLogger.INFO: Cron ran at: 05-04-2025 03:45:31 PM [] []
[2025-04-05 15:50:30] SlimMonoLogger.INFO: Cron ran at: 05-04-2025 03:50:30 PM [] []
[2025-04-05 15:55:30] SlimMonoLogger.INFO: Cron ran at: 05-04-2025 03:55:30 PM [] []
[2025-04-05 16:00:35] SlimMonoLogger.INFO: Cron ran at: 05-04-2025 04:00:35 PM [] []
[2025-04-05 16:05:24] SlimMonoLogger.INFO: Cron ran at: 05-04-2025 04:05:24 PM [] []
[2025-04-05 16:10:32] SlimMonoLogger.INFO: Cron ran at: 05-04-2025 04:10:32 PM [] []
[2025-04-05 16:15:29] SlimMonoLogger.INFO: Cron ran at: 05-04-2025 04:15:29 PM [] []
[2025-04-05 16:20:31] SlimMonoLogger.INFO: Cron ran at: 05-04-2025 04:20:31 PM [] []
[2025-04-05 16:25:25] SlimMonoLogger.INFO: Cron ran at: 05-04-2025 04:25:25 PM [] []
[2025-04-05 16:30:28] SlimMonoLogger.INFO: Cron ran at: 05-04-2025 04:30:28 PM [] []
[2025-04-05 16:35:29] SlimMonoLogger.INFO: Cron ran at: 05-04-2025 04:35:29 PM [] []
[2025-04-05 16:40:30] SlimMonoLogger.INFO: Cron ran at: 05-04-2025 04:40:30 PM [] []
[2025-04-05 16:45:30] SlimMonoLogger.INFO: Cron ran at: 05-04-2025 04:45:30 PM [] []
[2025-04-05 16:50:29] SlimMonoLogger.INFO: Cron ran at: 05-04-2025 04:50:29 PM [] []
[2025-04-05 16:55:35] SlimMonoLogger.INFO: Cron ran at: 05-04-2025 04:55:35 PM [] []
[2025-04-05 17:00:39] SlimMonoLogger.INFO: Cron ran at: 05-04-2025 05:00:39 PM [] []
[2025-04-05 17:05:33] SlimMonoLogger.INFO: Cron ran at: 05-04-2025 05:05:33 PM [] []
[2025-04-05 17:10:35] SlimMonoLogger.INFO: Cron ran at: 05-04-2025 05:10:35 PM [] []
[2025-04-05 17:15:43] SlimMonoLogger.INFO: Cron ran at: 05-04-2025 05:15:43 PM [] []
[2025-04-05 17:20:30] SlimMonoLogger.INFO: Cron ran at: 05-04-2025 05:20:30 PM [] []
[2025-04-05 17:25:28] SlimMonoLogger.INFO: Cron ran at: 05-04-2025 05:25:28 PM [] []
[2025-04-05 17:30:39] SlimMonoLogger.INFO: Cron ran at: 05-04-2025 05:30:39 PM [] []
[2025-04-05 17:35:36] SlimMonoLogger.INFO: Cron ran at: 05-04-2025 05:35:36 PM [] []
[2025-04-05 17:40:31] SlimMonoLogger.INFO: Cron ran at: 05-04-2025 05:40:31 PM [] []
[2025-04-05 17:45:27] SlimMonoLogger.INFO: Cron ran at: 05-04-2025 05:45:27 PM [] []
[2025-04-05 17:50:36] SlimMonoLogger.INFO: Cron ran at: 05-04-2025 05:50:36 PM [] []
[2025-04-05 17:55:30] SlimMonoLogger.INFO: Cron ran at: 05-04-2025 05:55:30 PM [] []
[2025-04-05 18:00:36] SlimMonoLogger.INFO: Cron ran at: 05-04-2025 06:00:36 PM [] []
[2025-04-05 18:05:32] SlimMonoLogger.INFO: Cron ran at: 05-04-2025 06:05:32 PM [] []
[2025-04-05 18:10:28] SlimMonoLogger.INFO: Cron ran at: 05-04-2025 06:10:28 PM [] []
[2025-04-05 18:15:53] SlimMonoLogger.INFO: Cron ran at: 05-04-2025 06:15:53 PM [] []
[2025-04-05 18:20:34] SlimMonoLogger.INFO: Cron ran at: 05-04-2025 06:20:34 PM [] []
[2025-04-05 18:25:31] SlimMonoLogger.INFO: Cron ran at: 05-04-2025 06:25:31 PM [] []
[2025-04-05 18:30:30] SlimMonoLogger.INFO: Cron ran at: 05-04-2025 06:30:30 PM [] []
[2025-04-05 18:35:38] SlimMonoLogger.INFO: Cron ran at: 05-04-2025 06:35:38 PM [] []
[2025-04-05 18:40:36] SlimMonoLogger.INFO: Cron ran at: 05-04-2025 06:40:36 PM [] []
[2025-04-05 18:45:32] SlimMonoLogger.INFO: Cron ran at: 05-04-2025 06:45:32 PM [] []
[2025-04-05 18:50:30] SlimMonoLogger.INFO: Cron ran at: 05-04-2025 06:50:30 PM [] []
[2025-04-05 18:57:23] SlimMonoLogger.INFO: Cron ran at: 05-04-2025 06:57:23 PM [] []
[2025-04-05 19:00:28] SlimMonoLogger.INFO: Cron ran at: 05-04-2025 07:00:28 PM [] []
[2025-04-05 19:05:34] SlimMonoLogger.INFO: Cron ran at: 05-04-2025 07:05:34 PM [] []
[2025-04-05 19:10:28] SlimMonoLogger.INFO: Cron ran at: 05-04-2025 07:10:28 PM [] []
[2025-04-05 19:15:38] SlimMonoLogger.INFO: Cron ran at: 05-04-2025 07:15:38 PM [] []
[2025-04-05 19:20:27] SlimMonoLogger.INFO: Cron ran at: 05-04-2025 07:20:27 PM [] []
[2025-04-05 19:25:33] SlimMonoLogger.INFO: Cron ran at: 05-04-2025 07:25:33 PM [] []
[2025-04-05 19:30:40] SlimMonoLogger.INFO: Cron ran at: 05-04-2025 07:30:40 PM [] []
[2025-04-05 19:35:41] SlimMonoLogger.INFO: Cron ran at: 05-04-2025 07:35:41 PM [] []
[2025-04-05 19:40:38] SlimMonoLogger.INFO: Cron ran at: 05-04-2025 07:40:38 PM [] []
[2025-04-05 19:45:35] SlimMonoLogger.INFO: Cron ran at: 05-04-2025 07:45:35 PM [] []
[2025-04-05 19:50:28] SlimMonoLogger.INFO: Cron ran at: 05-04-2025 07:50:28 PM [] []
[2025-04-05 19:55:32] SlimMonoLogger.INFO: Cron ran at: 05-04-2025 07:55:32 PM [] []
[2025-04-05 20:00:29] SlimMonoLogger.INFO: Cron ran at: 05-04-2025 08:00:29 PM [] []
[2025-04-05 20:05:30] SlimMonoLogger.INFO: Cron ran at: 05-04-2025 08:05:30 PM [] []
[2025-04-05 20:10:30] SlimMonoLogger.INFO: Cron ran at: 05-04-2025 08:10:30 PM [] []
[2025-04-05 20:15:35] SlimMonoLogger.INFO: Cron ran at: 05-04-2025 08:15:35 PM [] []
[2025-04-05 20:20:35] SlimMonoLogger.INFO: Cron ran at: 05-04-2025 08:20:35 PM [] []
[2025-04-05 20:25:33] SlimMonoLogger.INFO: Cron ran at: 05-04-2025 08:25:33 PM [] []
[2025-04-05 20:30:53] SlimMonoLogger.INFO: Cron ran at: 05-04-2025 08:30:53 PM [] []
[2025-04-05 20:35:53] SlimMonoLogger.INFO: Cron ran at: 05-04-2025 08:35:53 PM [] []
[2025-04-05 20:41:23] SlimMonoLogger.INFO: Cron ran at: 05-04-2025 08:41:23 PM [] []
[2025-04-05 20:46:49] SlimMonoLogger.INFO: Cron ran at: 05-04-2025 08:46:49 PM [] []
[2025-04-05 20:50:42] SlimMonoLogger.INFO: Cron ran at: 05-04-2025 08:50:42 PM [] []
[2025-04-05 20:55:43] SlimMonoLogger.INFO: Cron ran at: 05-04-2025 08:55:43 PM [] []
[2025-04-05 21:01:26] SlimMonoLogger.INFO: Cron ran at: 05-04-2025 09:01:26 PM [] []
[2025-04-05 21:06:34] SlimMonoLogger.INFO: Cron ran at: 05-04-2025 09:06:34 PM [] []
[2025-04-05 21:10:43] SlimMonoLogger.INFO: Cron ran at: 05-04-2025 09:10:43 PM [] []
[2025-04-05 21:15:47] SlimMonoLogger.INFO: Cron ran at: 05-04-2025 09:15:47 PM [] []
[2025-04-05 21:20:51] SlimMonoLogger.INFO: Cron ran at: 05-04-2025 09:20:51 PM [] []
[2025-04-05 21:26:13] SlimMonoLogger.INFO: Cron ran at: 05-04-2025 09:26:13 PM [] []
[2025-04-05 21:30:45] SlimMonoLogger.INFO: Cron ran at: 05-04-2025 09:30:45 PM [] []
[2025-04-05 21:35:49] SlimMonoLogger.INFO: Cron ran at: 05-04-2025 09:35:49 PM [] []
[2025-04-05 21:40:54] SlimMonoLogger.INFO: Cron ran at: 05-04-2025 09:40:54 PM [] []
[2025-04-05 21:45:45] SlimMonoLogger.INFO: Cron ran at: 05-04-2025 09:45:45 PM [] []
[2025-04-05 21:50:57] SlimMonoLogger.INFO: Cron ran at: 05-04-2025 09:50:57 PM [] []
[2025-04-05 21:55:43] SlimMonoLogger.INFO: Cron ran at: 05-04-2025 09:55:43 PM [] []
[2025-04-05 22:01:00] SlimMonoLogger.INFO: Cron ran at: 05-04-2025 10:01:00 PM [] []
[2025-04-05 22:05:53] SlimMonoLogger.INFO: Cron ran at: 05-04-2025 10:05:53 PM [] []
[2025-04-05 22:10:55] SlimMonoLogger.INFO: Cron ran at: 05-04-2025 10:10:55 PM [] []
[2025-04-05 22:16:00] SlimMonoLogger.INFO: Cron ran at: 05-04-2025 10:16:00 PM [] []
[2025-04-05 22:20:37] SlimMonoLogger.INFO: Cron ran at: 05-04-2025 10:20:37 PM [] []
[2025-04-05 22:25:51] SlimMonoLogger.INFO: Cron ran at: 05-04-2025 10:25:51 PM [] []
[2025-04-05 22:30:45] SlimMonoLogger.INFO: Cron ran at: 05-04-2025 10:30:45 PM [] []
[2025-04-05 22:35:41] SlimMonoLogger.INFO: Cron ran at: 05-04-2025 10:35:41 PM [] []
[2025-04-05 22:40:47] SlimMonoLogger.INFO: Cron ran at: 05-04-2025 10:40:47 PM [] []
[2025-04-05 22:45:45] SlimMonoLogger.INFO: Cron ran at: 05-04-2025 10:45:45 PM [] []
[2025-04-05 22:50:34] SlimMonoLogger.INFO: Cron ran at: 05-04-2025 10:50:34 PM [] []
[2025-04-05 22:55:31] SlimMonoLogger.INFO: Cron ran at: 05-04-2025 10:55:31 PM [] []
[2025-04-05 23:00:29] SlimMonoLogger.INFO: Cron ran at: 05-04-2025 11:00:29 PM [] []
[2025-04-05 23:05:27] SlimMonoLogger.INFO: Cron ran at: 05-04-2025 11:05:27 PM [] []
[2025-04-05 23:10:27] SlimMonoLogger.INFO: Cron ran at: 05-04-2025 11:10:27 PM [] []
[2025-04-05 23:15:27] SlimMonoLogger.INFO: Cron ran at: 05-04-2025 11:15:27 PM [] []
[2025-04-05 23:20:24] SlimMonoLogger.INFO: Cron ran at: 05-04-2025 11:20:24 PM [] []
[2025-04-05 23:25:25] SlimMonoLogger.INFO: Cron ran at: 05-04-2025 11:25:25 PM [] []
[2025-04-05 23:30:24] SlimMonoLogger.INFO: Cron ran at: 05-04-2025 11:30:24 PM [] []
[2025-04-05 23:35:34] SlimMonoLogger.INFO: Cron ran at: 05-04-2025 11:35:34 PM [] []
[2025-04-05 23:40:31] SlimMonoLogger.INFO: Cron ran at: 05-04-2025 11:40:31 PM [] []
[2025-04-05 23:45:31] SlimMonoLogger.INFO: Cron ran at: 05-04-2025 11:45:31 PM [] []
[2025-04-05 23:50:26] SlimMonoLogger.INFO: Cron ran at: 05-04-2025 11:50:26 PM [] []
[2025-04-05 23:55:24] SlimMonoLogger.INFO: Cron ran at: 05-04-2025 11:55:24 PM [] []
[2025-04-06 00:00:51] SlimMonoLogger.INFO: Cron ran at: 06-04-2025 12:00:51 AM [] []
[2025-04-06 00:05:27] SlimMonoLogger.INFO: Cron ran at: 06-04-2025 12:05:27 AM [] []
[2025-04-06 00:10:23] SlimMonoLogger.INFO: Cron ran at: 06-04-2025 12:10:23 AM [] []
[2025-04-06 00:15:51] SlimMonoLogger.INFO: Cron ran at: 06-04-2025 12:15:51 AM [] []
[2025-04-06 00:20:25] SlimMonoLogger.INFO: Cron ran at: 06-04-2025 12:20:25 AM [] []
[2025-04-06 00:25:28] SlimMonoLogger.INFO: Cron ran at: 06-04-2025 12:25:28 AM [] []
[2025-04-06 00:30:25] SlimMonoLogger.INFO: Cron ran at: 06-04-2025 12:30:25 AM [] []
[2025-04-06 00:35:21] SlimMonoLogger.INFO: Cron ran at: 06-04-2025 12:35:21 AM [] []
[2025-04-06 00:40:21] SlimMonoLogger.INFO: Cron ran at: 06-04-2025 12:40:21 AM [] []
[2025-04-06 00:45:24] SlimMonoLogger.INFO: Cron ran at: 06-04-2025 12:45:24 AM [] []
[2025-04-06 00:50:24] SlimMonoLogger.INFO: Cron ran at: 06-04-2025 12:50:24 AM [] []
[2025-04-06 00:55:22] SlimMonoLogger.INFO: Cron ran at: 06-04-2025 12:55:22 AM [] []
[2025-04-06 01:00:24] SlimMonoLogger.INFO: Cron ran at: 06-04-2025 01:00:24 AM [] []
[2025-04-06 01:05:32] SlimMonoLogger.INFO: Cron ran at: 06-04-2025 01:05:32 AM [] []
[2025-04-06 01:10:23] SlimMonoLogger.INFO: Cron ran at: 06-04-2025 01:10:23 AM [] []
[2025-04-06 01:15:22] SlimMonoLogger.INFO: Cron ran at: 06-04-2025 01:15:22 AM [] []
[2025-04-06 01:20:29] SlimMonoLogger.INFO: Cron ran at: 06-04-2025 01:20:29 AM [] []
[2025-04-06 01:25:21] SlimMonoLogger.INFO: Cron ran at: 06-04-2025 01:25:21 AM [] []
[2025-04-06 01:30:23] SlimMonoLogger.INFO: Cron ran at: 06-04-2025 01:30:23 AM [] []
[2025-04-06 01:35:27] SlimMonoLogger.INFO: Cron ran at: 06-04-2025 01:35:27 AM [] []
[2025-04-06 01:40:23] SlimMonoLogger.INFO: Cron ran at: 06-04-2025 01:40:23 AM [] []
[2025-04-06 01:45:22] SlimMonoLogger.INFO: Cron ran at: 06-04-2025 01:45:22 AM [] []
[2025-04-06 01:50:22] SlimMonoLogger.INFO: Cron ran at: 06-04-2025 01:50:22 AM [] []
[2025-04-06 01:55:24] SlimMonoLogger.INFO: Cron ran at: 06-04-2025 01:55:24 AM [] []
