[2025-07-05 02:00:30] SlimMonoLogger.INFO: Cron ran at: 05-07-2025 02:00:30 AM [] []
[2025-07-05 02:05:28] SlimMonoLogger.INFO: Cron ran at: 05-07-2025 02:05:28 AM [] []
[2025-07-05 02:10:30] SlimMonoLogger.INFO: Cron ran at: 05-07-2025 02:10:30 AM [] []
[2025-07-05 02:15:25] SlimMonoLogger.INFO: Cron ran at: 05-07-2025 02:15:25 AM [] []
[2025-07-05 02:20:22] SlimMonoLogger.INFO: Cron ran at: 05-07-2025 02:20:22 AM [] []
[2025-07-05 02:25:24] SlimMonoLogger.INFO: Cron ran at: 05-07-2025 02:25:24 AM [] []
[2025-07-05 02:30:30] SlimMonoLogger.INFO: Cron ran at: 05-07-2025 02:30:30 AM [] []
[2025-07-05 02:35:25] SlimMonoLogger.INFO: Cron ran at: 05-07-2025 02:35:25 AM [] []
[2025-07-05 02:40:22] SlimMonoLogger.INFO: Cron ran at: 05-07-2025 02:40:22 AM [] []
[2025-07-05 02:45:21] SlimMonoLogger.INFO: Cron ran at: 05-07-2025 02:45:21 AM [] []
[2025-07-05 02:50:20] SlimMonoLogger.INFO: Cron ran at: 05-07-2025 02:50:20 AM [] []
[2025-07-05 02:55:20] SlimMonoLogger.INFO: Cron ran at: 05-07-2025 02:55:20 AM [] []
[2025-07-05 03:00:21] SlimMonoLogger.INFO: Cron ran at: 05-07-2025 03:00:21 AM [] []
[2025-07-05 03:05:20] SlimMonoLogger.INFO: Cron ran at: 05-07-2025 03:05:20 AM [] []
[2025-07-05 03:10:21] SlimMonoLogger.INFO: Cron ran at: 05-07-2025 03:10:21 AM [] []
[2025-07-05 03:15:22] SlimMonoLogger.INFO: Cron ran at: 05-07-2025 03:15:22 AM [] []
[2025-07-05 03:20:19] SlimMonoLogger.INFO: Cron ran at: 05-07-2025 03:20:19 AM [] []
[2025-07-05 03:25:19] SlimMonoLogger.INFO: Cron ran at: 05-07-2025 03:25:19 AM [] []
[2025-07-05 03:30:27] SlimMonoLogger.INFO: Cron ran at: 05-07-2025 03:30:27 AM [] []
[2025-07-05 03:35:26] SlimMonoLogger.INFO: Cron ran at: 05-07-2025 03:35:26 AM [] []
[2025-07-05 03:40:22] SlimMonoLogger.INFO: Cron ran at: 05-07-2025 03:40:22 AM [] []
[2025-07-05 03:45:22] SlimMonoLogger.INFO: Cron ran at: 05-07-2025 03:45:22 AM [] []
[2025-07-05 03:50:21] SlimMonoLogger.INFO: Cron ran at: 05-07-2025 03:50:21 AM [] []
[2025-07-05 03:55:18] SlimMonoLogger.INFO: Cron ran at: 05-07-2025 03:55:18 AM [] []
[2025-07-05 04:00:22] SlimMonoLogger.INFO: Cron ran at: 05-07-2025 04:00:22 AM [] []
[2025-07-05 04:05:21] SlimMonoLogger.INFO: Cron ran at: 05-07-2025 04:05:21 AM [] []
[2025-07-05 04:10:22] SlimMonoLogger.INFO: Cron ran at: 05-07-2025 04:10:22 AM [] []
[2025-07-05 04:15:23] SlimMonoLogger.INFO: Cron ran at: 05-07-2025 04:15:23 AM [] []
[2025-07-05 04:20:22] SlimMonoLogger.INFO: Cron ran at: 05-07-2025 04:20:22 AM [] []
[2025-07-05 04:25:22] SlimMonoLogger.INFO: Cron ran at: 05-07-2025 04:25:22 AM [] []
[2025-07-05 04:30:22] SlimMonoLogger.INFO: Cron ran at: 05-07-2025 04:30:22 AM [] []
[2025-07-05 04:35:22] SlimMonoLogger.INFO: Cron ran at: 05-07-2025 04:35:22 AM [] []
[2025-07-05 04:40:20] SlimMonoLogger.INFO: Cron ran at: 05-07-2025 04:40:20 AM [] []
[2025-07-05 04:45:22] SlimMonoLogger.INFO: Cron ran at: 05-07-2025 04:45:22 AM [] []
[2025-07-05 04:50:23] SlimMonoLogger.INFO: Cron ran at: 05-07-2025 04:50:23 AM [] []
[2025-07-05 04:55:23] SlimMonoLogger.INFO: Cron ran at: 05-07-2025 04:55:23 AM [] []
[2025-07-05 05:00:22] SlimMonoLogger.INFO: Cron ran at: 05-07-2025 05:00:22 AM [] []
[2025-07-05 05:05:18] SlimMonoLogger.INFO: Cron ran at: 05-07-2025 05:05:18 AM [] []
[2025-07-05 05:10:19] SlimMonoLogger.INFO: Cron ran at: 05-07-2025 05:10:19 AM [] []
[2025-07-05 05:15:21] SlimMonoLogger.INFO: Cron ran at: 05-07-2025 05:15:21 AM [] []
[2025-07-05 05:20:20] SlimMonoLogger.INFO: Cron ran at: 05-07-2025 05:20:20 AM [] []
[2025-07-05 05:25:21] SlimMonoLogger.INFO: Cron ran at: 05-07-2025 05:25:21 AM [] []
[2025-07-05 05:30:22] SlimMonoLogger.INFO: Cron ran at: 05-07-2025 05:30:22 AM [] []
[2025-07-05 05:35:22] SlimMonoLogger.INFO: Cron ran at: 05-07-2025 05:35:22 AM [] []
[2025-07-05 05:40:23] SlimMonoLogger.INFO: Cron ran at: 05-07-2025 05:40:23 AM [] []
[2025-07-05 05:45:20] SlimMonoLogger.INFO: Cron ran at: 05-07-2025 05:45:20 AM [] []
[2025-07-05 05:50:19] SlimMonoLogger.INFO: Cron ran at: 05-07-2025 05:50:19 AM [] []
[2025-07-05 05:55:20] SlimMonoLogger.INFO: Cron ran at: 05-07-2025 05:55:20 AM [] []
[2025-07-05 06:00:26] SlimMonoLogger.INFO: Cron ran at: 05-07-2025 06:00:26 AM [] []
[2025-07-05 06:05:23] SlimMonoLogger.INFO: Cron ran at: 05-07-2025 06:05:23 AM [] []
[2025-07-05 06:10:21] SlimMonoLogger.INFO: Cron ran at: 05-07-2025 06:10:21 AM [] []
[2025-07-05 06:15:22] SlimMonoLogger.INFO: Cron ran at: 05-07-2025 06:15:22 AM [] []
[2025-07-05 06:20:20] SlimMonoLogger.INFO: Cron ran at: 05-07-2025 06:20:20 AM [] []
[2025-07-05 06:25:21] SlimMonoLogger.INFO: Cron ran at: 05-07-2025 06:25:21 AM [] []
[2025-07-05 06:30:26] SlimMonoLogger.INFO: Cron ran at: 05-07-2025 06:30:26 AM [] []
[2025-07-05 06:35:27] SlimMonoLogger.INFO: Cron ran at: 05-07-2025 06:35:27 AM [] []
[2025-07-05 06:40:23] SlimMonoLogger.INFO: Cron ran at: 05-07-2025 06:40:23 AM [] []
[2025-07-05 06:45:22] SlimMonoLogger.INFO: Cron ran at: 05-07-2025 06:45:22 AM [] []
[2025-07-05 06:50:22] SlimMonoLogger.INFO: Cron ran at: 05-07-2025 06:50:22 AM [] []
[2025-07-05 06:55:22] SlimMonoLogger.INFO: Cron ran at: 05-07-2025 06:55:22 AM [] []
[2025-07-05 07:00:26] SlimMonoLogger.INFO: Cron ran at: 05-07-2025 07:00:26 AM [] []
[2025-07-05 07:05:24] SlimMonoLogger.INFO: Cron ran at: 05-07-2025 07:05:24 AM [] []
[2025-07-05 07:10:21] SlimMonoLogger.INFO: Cron ran at: 05-07-2025 07:10:21 AM [] []
[2025-07-05 07:15:21] SlimMonoLogger.INFO: Cron ran at: 05-07-2025 07:15:21 AM [] []
[2025-07-05 07:20:21] SlimMonoLogger.INFO: Cron ran at: 05-07-2025 07:20:21 AM [] []
[2025-07-05 07:25:22] SlimMonoLogger.INFO: Cron ran at: 05-07-2025 07:25:22 AM [] []
[2025-07-05 07:30:24] SlimMonoLogger.INFO: Cron ran at: 05-07-2025 07:30:24 AM [] []
[2025-07-05 07:35:21] SlimMonoLogger.INFO: Cron ran at: 05-07-2025 07:35:21 AM [] []
[2025-07-05 07:40:21] SlimMonoLogger.INFO: Cron ran at: 05-07-2025 07:40:21 AM [] []
[2025-07-05 07:45:22] SlimMonoLogger.INFO: Cron ran at: 05-07-2025 07:45:22 AM [] []
[2025-07-05 07:50:22] SlimMonoLogger.INFO: Cron ran at: 05-07-2025 07:50:22 AM [] []
[2025-07-05 07:55:25] SlimMonoLogger.INFO: Cron ran at: 05-07-2025 07:55:25 AM [] []
[2025-07-05 08:00:23] SlimMonoLogger.INFO: Cron ran at: 05-07-2025 08:00:23 AM [] []
[2025-07-05 08:05:20] SlimMonoLogger.INFO: Cron ran at: 05-07-2025 08:05:20 AM [] []
[2025-07-05 08:10:22] SlimMonoLogger.INFO: Cron ran at: 05-07-2025 08:10:22 AM [] []
[2025-07-05 08:15:26] SlimMonoLogger.INFO: Cron ran at: 05-07-2025 08:15:26 AM [] []
[2025-07-05 08:20:27] SlimMonoLogger.INFO: Cron ran at: 05-07-2025 08:20:27 AM [] []
[2025-07-05 08:25:26] SlimMonoLogger.INFO: Cron ran at: 05-07-2025 08:25:26 AM [] []
[2025-07-05 08:30:26] SlimMonoLogger.INFO: Cron ran at: 05-07-2025 08:30:26 AM [] []
[2025-07-05 08:35:27] SlimMonoLogger.INFO: Cron ran at: 05-07-2025 08:35:27 AM [] []
[2025-07-05 08:40:25] SlimMonoLogger.INFO: Cron ran at: 05-07-2025 08:40:25 AM [] []
[2025-07-05 08:45:23] SlimMonoLogger.INFO: Cron ran at: 05-07-2025 08:45:23 AM [] []
[2025-07-05 08:50:26] SlimMonoLogger.INFO: Cron ran at: 05-07-2025 08:50:26 AM [] []
[2025-07-05 08:55:23] SlimMonoLogger.INFO: Cron ran at: 05-07-2025 08:55:23 AM [] []
[2025-07-05 09:00:31] SlimMonoLogger.INFO: Cron ran at: 05-07-2025 09:00:31 AM [] []
[2025-07-05 09:05:22] SlimMonoLogger.INFO: Cron ran at: 05-07-2025 09:05:22 AM [] []
[2025-07-05 09:10:26] SlimMonoLogger.INFO: Cron ran at: 05-07-2025 09:10:26 AM [] []
[2025-07-05 09:15:30] SlimMonoLogger.INFO: Cron ran at: 05-07-2025 09:15:30 AM [] []
[2025-07-05 09:20:27] SlimMonoLogger.INFO: Cron ran at: 05-07-2025 09:20:27 AM [] []
[2025-07-05 09:25:24] SlimMonoLogger.INFO: Cron ran at: 05-07-2025 09:25:24 AM [] []
[2025-07-05 09:31:04] SlimMonoLogger.INFO: Cron ran at: 05-07-2025 09:31:04 AM [] []
[2025-07-05 09:35:35] SlimMonoLogger.INFO: Cron ran at: 05-07-2025 09:35:35 AM [] []
[2025-07-05 09:40:36] SlimMonoLogger.INFO: Cron ran at: 05-07-2025 09:40:36 AM [] []
[2025-07-05 09:45:32] SlimMonoLogger.INFO: Cron ran at: 05-07-2025 09:45:32 AM [] []
[2025-07-05 09:50:34] SlimMonoLogger.INFO: Cron ran at: 05-07-2025 09:50:34 AM [] []
[2025-07-05 09:55:31] SlimMonoLogger.INFO: Cron ran at: 05-07-2025 09:55:31 AM [] []
[2025-07-05 10:00:35] SlimMonoLogger.INFO: Cron ran at: 05-07-2025 10:00:35 AM [] []
[2025-07-05 10:05:31] SlimMonoLogger.INFO: Cron ran at: 05-07-2025 10:05:31 AM [] []
[2025-07-05 10:10:28] SlimMonoLogger.INFO: Cron ran at: 05-07-2025 10:10:28 AM [] []
[2025-07-05 10:15:29] SlimMonoLogger.INFO: Cron ran at: 05-07-2025 10:15:29 AM [] []
[2025-07-05 10:20:31] SlimMonoLogger.INFO: Cron ran at: 05-07-2025 10:20:31 AM [] []
[2025-07-05 10:25:33] SlimMonoLogger.INFO: Cron ran at: 05-07-2025 10:25:33 AM [] []
[2025-07-05 10:30:37] SlimMonoLogger.INFO: Cron ran at: 05-07-2025 10:30:37 AM [] []
[2025-07-05 10:35:29] SlimMonoLogger.INFO: Cron ran at: 05-07-2025 10:35:29 AM [] []
[2025-07-05 10:40:27] SlimMonoLogger.INFO: Cron ran at: 05-07-2025 10:40:27 AM [] []
[2025-07-05 10:45:29] SlimMonoLogger.INFO: Cron ran at: 05-07-2025 10:45:29 AM [] []
[2025-07-05 10:50:23] SlimMonoLogger.INFO: Cron ran at: 05-07-2025 10:50:23 AM [] []
[2025-07-05 10:55:33] SlimMonoLogger.INFO: Cron ran at: 05-07-2025 10:55:33 AM [] []
[2025-07-05 11:00:28] SlimMonoLogger.INFO: Cron ran at: 05-07-2025 11:00:28 AM [] []
[2025-07-05 11:05:29] SlimMonoLogger.INFO: Cron ran at: 05-07-2025 11:05:29 AM [] []
[2025-07-05 11:10:29] SlimMonoLogger.INFO: Cron ran at: 05-07-2025 11:10:29 AM [] []
[2025-07-05 11:15:29] SlimMonoLogger.INFO: Cron ran at: 05-07-2025 11:15:29 AM [] []
[2025-07-05 11:20:30] SlimMonoLogger.INFO: Cron ran at: 05-07-2025 11:20:30 AM [] []
[2025-07-05 11:25:33] SlimMonoLogger.INFO: Cron ran at: 05-07-2025 11:25:33 AM [] []
[2025-07-05 11:30:34] SlimMonoLogger.INFO: Cron ran at: 05-07-2025 11:30:34 AM [] []
[2025-07-05 11:35:31] SlimMonoLogger.INFO: Cron ran at: 05-07-2025 11:35:31 AM [] []
[2025-07-05 11:40:29] SlimMonoLogger.INFO: Cron ran at: 05-07-2025 11:40:29 AM [] []
[2025-07-05 11:45:36] SlimMonoLogger.INFO: Cron ran at: 05-07-2025 11:45:36 AM [] []
[2025-07-05 11:50:28] SlimMonoLogger.INFO: Cron ran at: 05-07-2025 11:50:28 AM [] []
[2025-07-05 11:55:34] SlimMonoLogger.INFO: Cron ran at: 05-07-2025 11:55:34 AM [] []
[2025-07-05 12:00:30] SlimMonoLogger.INFO: Cron ran at: 05-07-2025 12:00:30 PM [] []
[2025-07-05 12:05:32] SlimMonoLogger.INFO: Cron ran at: 05-07-2025 12:05:32 PM [] []
[2025-07-05 12:10:34] SlimMonoLogger.INFO: Cron ran at: 05-07-2025 12:10:34 PM [] []
[2025-07-05 12:15:32] SlimMonoLogger.INFO: Cron ran at: 05-07-2025 12:15:32 PM [] []
[2025-07-05 12:20:35] SlimMonoLogger.INFO: Cron ran at: 05-07-2025 12:20:35 PM [] []
[2025-07-05 12:25:39] SlimMonoLogger.INFO: Cron ran at: 05-07-2025 12:25:39 PM [] []
[2025-07-05 12:30:51] SlimMonoLogger.INFO: Cron ran at: 05-07-2025 12:30:51 PM [] []
[2025-07-05 12:35:38] SlimMonoLogger.INFO: Cron ran at: 05-07-2025 12:35:38 PM [] []
[2025-07-05 12:40:37] SlimMonoLogger.INFO: Cron ran at: 05-07-2025 12:40:37 PM [] []
[2025-07-05 12:45:40] SlimMonoLogger.INFO: Cron ran at: 05-07-2025 12:45:40 PM [] []
[2025-07-05 12:50:34] SlimMonoLogger.INFO: Cron ran at: 05-07-2025 12:50:34 PM [] []
[2025-07-05 12:55:35] SlimMonoLogger.INFO: Cron ran at: 05-07-2025 12:55:35 PM [] []
[2025-07-05 13:00:30] SlimMonoLogger.INFO: Cron ran at: 05-07-2025 01:00:30 PM [] []
[2025-07-05 13:05:31] SlimMonoLogger.INFO: Cron ran at: 05-07-2025 01:05:31 PM [] []
[2025-07-05 13:10:33] SlimMonoLogger.INFO: Cron ran at: 05-07-2025 01:10:33 PM [] []
[2025-07-05 13:15:29] SlimMonoLogger.INFO: Cron ran at: 05-07-2025 01:15:29 PM [] []
[2025-07-05 13:20:28] SlimMonoLogger.INFO: Cron ran at: 05-07-2025 01:20:28 PM [] []
[2025-07-05 13:25:28] SlimMonoLogger.INFO: Cron ran at: 05-07-2025 01:25:28 PM [] []
[2025-07-05 13:30:31] SlimMonoLogger.INFO: Cron ran at: 05-07-2025 01:30:31 PM [] []
[2025-07-05 13:35:34] SlimMonoLogger.INFO: Cron ran at: 05-07-2025 01:35:34 PM [] []
[2025-07-05 13:40:35] SlimMonoLogger.INFO: Cron ran at: 05-07-2025 01:40:35 PM [] []
[2025-07-05 13:45:37] SlimMonoLogger.INFO: Cron ran at: 05-07-2025 01:45:37 PM [] []
[2025-07-05 13:50:29] SlimMonoLogger.INFO: Cron ran at: 05-07-2025 01:50:29 PM [] []
[2025-07-05 13:55:28] SlimMonoLogger.INFO: Cron ran at: 05-07-2025 01:55:28 PM [] []
[2025-07-05 14:00:36] SlimMonoLogger.INFO: Cron ran at: 05-07-2025 02:00:36 PM [] []
[2025-07-05 14:05:27] SlimMonoLogger.INFO: Cron ran at: 05-07-2025 02:05:27 PM [] []
[2025-07-05 14:10:26] SlimMonoLogger.INFO: Cron ran at: 05-07-2025 02:10:26 PM [] []
[2025-07-05 14:15:32] SlimMonoLogger.INFO: Cron ran at: 05-07-2025 02:15:32 PM [] []
[2025-07-05 14:20:29] SlimMonoLogger.INFO: Cron ran at: 05-07-2025 02:20:29 PM [] []
[2025-07-05 14:25:31] SlimMonoLogger.INFO: Cron ran at: 05-07-2025 02:25:31 PM [] []
[2025-07-05 14:30:37] SlimMonoLogger.INFO: Cron ran at: 05-07-2025 02:30:37 PM [] []
[2025-07-05 14:35:31] SlimMonoLogger.INFO: Cron ran at: 05-07-2025 02:35:31 PM [] []
[2025-07-05 14:40:37] SlimMonoLogger.INFO: Cron ran at: 05-07-2025 02:40:37 PM [] []
[2025-07-05 14:45:35] SlimMonoLogger.INFO: Cron ran at: 05-07-2025 02:45:35 PM [] []
[2025-07-05 14:50:30] SlimMonoLogger.INFO: Cron ran at: 05-07-2025 02:50:30 PM [] []
[2025-07-05 14:55:35] SlimMonoLogger.INFO: Cron ran at: 05-07-2025 02:55:35 PM [] []
[2025-07-05 15:00:34] SlimMonoLogger.INFO: Cron ran at: 05-07-2025 03:00:34 PM [] []
[2025-07-05 15:05:33] SlimMonoLogger.INFO: Cron ran at: 05-07-2025 03:05:33 PM [] []
[2025-07-05 15:10:30] SlimMonoLogger.INFO: Cron ran at: 05-07-2025 03:10:30 PM [] []
[2025-07-05 15:15:28] SlimMonoLogger.INFO: Cron ran at: 05-07-2025 03:15:28 PM [] []
[2025-07-05 15:20:29] SlimMonoLogger.INFO: Cron ran at: 05-07-2025 03:20:29 PM [] []
[2025-07-05 15:25:26] SlimMonoLogger.INFO: Cron ran at: 05-07-2025 03:25:26 PM [] []
[2025-07-05 15:30:29] SlimMonoLogger.INFO: Cron ran at: 05-07-2025 03:30:29 PM [] []
[2025-07-05 15:35:27] SlimMonoLogger.INFO: Cron ran at: 05-07-2025 03:35:27 PM [] []
[2025-07-05 15:40:32] SlimMonoLogger.INFO: Cron ran at: 05-07-2025 03:40:32 PM [] []
[2025-07-05 15:45:34] SlimMonoLogger.INFO: Cron ran at: 05-07-2025 03:45:34 PM [] []
[2025-07-05 15:50:26] SlimMonoLogger.INFO: Cron ran at: 05-07-2025 03:50:26 PM [] []
[2025-07-05 15:55:30] SlimMonoLogger.INFO: Cron ran at: 05-07-2025 03:55:30 PM [] []
[2025-07-05 16:00:27] SlimMonoLogger.INFO: Cron ran at: 05-07-2025 04:00:27 PM [] []
[2025-07-05 16:05:31] SlimMonoLogger.INFO: Cron ran at: 05-07-2025 04:05:31 PM [] []
[2025-07-05 16:10:31] SlimMonoLogger.INFO: Cron ran at: 05-07-2025 04:10:31 PM [] []
[2025-07-05 16:15:32] SlimMonoLogger.INFO: Cron ran at: 05-07-2025 04:15:32 PM [] []
[2025-07-05 16:20:29] SlimMonoLogger.INFO: Cron ran at: 05-07-2025 04:20:29 PM [] []
[2025-07-05 16:25:30] SlimMonoLogger.INFO: Cron ran at: 05-07-2025 04:25:30 PM [] []
[2025-07-05 16:30:32] SlimMonoLogger.INFO: Cron ran at: 05-07-2025 04:30:32 PM [] []
[2025-07-05 16:35:31] SlimMonoLogger.INFO: Cron ran at: 05-07-2025 04:35:31 PM [] []
[2025-07-05 16:40:34] SlimMonoLogger.INFO: Cron ran at: 05-07-2025 04:40:34 PM [] []
[2025-07-05 16:45:31] SlimMonoLogger.INFO: Cron ran at: 05-07-2025 04:45:31 PM [] []
[2025-07-05 16:50:29] SlimMonoLogger.INFO: Cron ran at: 05-07-2025 04:50:29 PM [] []
[2025-07-05 16:55:29] SlimMonoLogger.INFO: Cron ran at: 05-07-2025 04:55:29 PM [] []
[2025-07-05 17:00:27] SlimMonoLogger.INFO: Cron ran at: 05-07-2025 05:00:27 PM [] []
[2025-07-05 17:05:56] SlimMonoLogger.INFO: Cron ran at: 05-07-2025 05:05:56 PM [] []
[2025-07-05 17:10:34] SlimMonoLogger.INFO: Cron ran at: 05-07-2025 05:10:34 PM [] []
[2025-07-05 17:15:32] SlimMonoLogger.INFO: Cron ran at: 05-07-2025 05:15:32 PM [] []
[2025-07-05 17:20:25] SlimMonoLogger.INFO: Cron ran at: 05-07-2025 05:20:25 PM [] []
[2025-07-05 17:25:25] SlimMonoLogger.INFO: Cron ran at: 05-07-2025 05:25:25 PM [] []
[2025-07-05 17:30:33] SlimMonoLogger.INFO: Cron ran at: 05-07-2025 05:30:33 PM [] []
[2025-07-05 17:35:25] SlimMonoLogger.INFO: Cron ran at: 05-07-2025 05:35:25 PM [] []
[2025-07-05 17:40:31] SlimMonoLogger.INFO: Cron ran at: 05-07-2025 05:40:31 PM [] []
[2025-07-05 17:45:25] SlimMonoLogger.INFO: Cron ran at: 05-07-2025 05:45:25 PM [] []
[2025-07-05 17:50:25] SlimMonoLogger.INFO: Cron ran at: 05-07-2025 05:50:25 PM [] []
[2025-07-05 17:55:28] SlimMonoLogger.INFO: Cron ran at: 05-07-2025 05:55:28 PM [] []
[2025-07-05 18:00:30] SlimMonoLogger.INFO: Cron ran at: 05-07-2025 06:00:30 PM [] []
[2025-07-05 18:05:26] SlimMonoLogger.INFO: Cron ran at: 05-07-2025 06:05:26 PM [] []
[2025-07-05 18:10:32] SlimMonoLogger.INFO: Cron ran at: 05-07-2025 06:10:32 PM [] []
[2025-07-05 18:15:33] SlimMonoLogger.INFO: Cron ran at: 05-07-2025 06:15:33 PM [] []
[2025-07-05 18:20:28] SlimMonoLogger.INFO: Cron ran at: 05-07-2025 06:20:28 PM [] []
[2025-07-05 18:25:31] SlimMonoLogger.INFO: Cron ran at: 05-07-2025 06:25:31 PM [] []
[2025-07-05 18:30:30] SlimMonoLogger.INFO: Cron ran at: 05-07-2025 06:30:30 PM [] []
[2025-07-05 18:35:29] SlimMonoLogger.INFO: Cron ran at: 05-07-2025 06:35:29 PM [] []
[2025-07-05 18:40:35] SlimMonoLogger.INFO: Cron ran at: 05-07-2025 06:40:35 PM [] []
[2025-07-05 18:45:33] SlimMonoLogger.INFO: Cron ran at: 05-07-2025 06:45:33 PM [] []
[2025-07-05 18:50:39] SlimMonoLogger.INFO: Cron ran at: 05-07-2025 06:50:39 PM [] []
[2025-07-05 18:55:54] SlimMonoLogger.INFO: Cron ran at: 05-07-2025 06:55:54 PM [] []
[2025-07-05 19:00:44] SlimMonoLogger.INFO: Cron ran at: 05-07-2025 07:00:44 PM [] []
[2025-07-05 19:05:32] SlimMonoLogger.INFO: Cron ran at: 05-07-2025 07:05:32 PM [] []
[2025-07-05 19:10:34] SlimMonoLogger.INFO: Cron ran at: 05-07-2025 07:10:34 PM [] []
[2025-07-05 19:15:37] SlimMonoLogger.INFO: Cron ran at: 05-07-2025 07:15:37 PM [] []
[2025-07-05 19:20:36] SlimMonoLogger.INFO: Cron ran at: 05-07-2025 07:20:36 PM [] []
[2025-07-05 19:25:30] SlimMonoLogger.INFO: Cron ran at: 05-07-2025 07:25:30 PM [] []
[2025-07-05 17:30:16] SlimMonoLogger.CRITICAL: PDOException: SQLSTATE[HY000] [1040] Too many connections in /home/latihtal/public_html/agregator1/src/framework/PDO/Database.php:34
Stack trace:
#0 /home/latihtal/public_html/agregator1/src/framework/PDO/Database.php(34): PDO->__construct()
#1 /home/latihtal/public_html/agregator1/src/dependencies.php(76): Slim\PDO\Database->__construct()
#2 /home/latihtal/public_html/agregator1/src/framework/Helper/Set.php(231): {closure}()
#3 /home/latihtal/public_html/agregator1/src/framework/Helper/Set.php(88): Slim\Helper\Set->Slim\Helper\{closure}()
#4 /home/latihtal/public_html/agregator1/src/framework/Slim.php(232): Slim\Helper\Set->get()
#5 /home/latihtal/public_html/agregator1/src/models/Model.php(176): Slim\Slim->__get()
#6 /home/latihtal/public_html/agregator1/src/models/OptionModel.php(180): spark\models\Model->select()
#7 /home/latihtal/public_html/agregator1/src/models/OptionModel.php(40): spark\models\OptionModel->autoloadOptions()
#8 /home/latihtal/public_html/agregator1/src/dependencies.php(99): spark\models\OptionModel->__construct()
#9 /home/latihtal/public_html/agregator1/src/framework/Helper/Set.php(231): {closure}()
#10 /home/latihtal/public_html/agregator1/src/framework/Helper/Set.php(88): Slim\Helper\Set->Slim\Helper\{closure}()
#11 /home/latihtal/public_html/agregator1/src/framework/Slim.php(232): Slim\Helper\Set->get()
#12 /home/latihtal/public_html/agregator1/src/drivers/Views/ThemeManager.php(34): Slim\Slim->__get()
#13 /home/latihtal/public_html/agregator1/src/dependencies.php(142): spark\drivers\Views\ThemeManager->initEngine()
#14 /home/latihtal/public_html/agregator1/src/bootstrap.php(68): require('/home/latihtal/...')
#15 /home/latihtal/public_html/agregator1/index.php(4): require('/home/latihtal/...')
#16 {main} [] []
[2025-07-05 19:35:29] SlimMonoLogger.INFO: Cron ran at: 05-07-2025 07:35:29 PM [] []
[2025-07-05 19:40:24] SlimMonoLogger.INFO: Cron ran at: 05-07-2025 07:40:24 PM [] []
[2025-07-05 19:45:25] SlimMonoLogger.INFO: Cron ran at: 05-07-2025 07:45:25 PM [] []
[2025-07-05 19:50:26] SlimMonoLogger.INFO: Cron ran at: 05-07-2025 07:50:26 PM [] []
[2025-07-05 19:55:33] SlimMonoLogger.INFO: Cron ran at: 05-07-2025 07:55:33 PM [] []
[2025-07-05 20:00:35] SlimMonoLogger.INFO: Cron ran at: 05-07-2025 08:00:35 PM [] []
[2025-07-05 20:05:30] SlimMonoLogger.INFO: Cron ran at: 05-07-2025 08:05:30 PM [] []
[2025-07-05 20:10:28] SlimMonoLogger.INFO: Cron ran at: 05-07-2025 08:10:28 PM [] []
[2025-07-05 20:15:34] SlimMonoLogger.INFO: Cron ran at: 05-07-2025 08:15:34 PM [] []
[2025-07-05 20:20:27] SlimMonoLogger.INFO: Cron ran at: 05-07-2025 08:20:27 PM [] []
[2025-07-05 20:25:24] SlimMonoLogger.INFO: Cron ran at: 05-07-2025 08:25:24 PM [] []
[2025-07-05 20:30:28] SlimMonoLogger.INFO: Cron ran at: 05-07-2025 08:30:28 PM [] []
[2025-07-05 20:35:31] SlimMonoLogger.INFO: Cron ran at: 05-07-2025 08:35:31 PM [] []
[2025-07-05 20:40:31] SlimMonoLogger.INFO: Cron ran at: 05-07-2025 08:40:31 PM [] []
[2025-07-05 20:45:24] SlimMonoLogger.INFO: Cron ran at: 05-07-2025 08:45:24 PM [] []
[2025-07-05 20:50:24] SlimMonoLogger.INFO: Cron ran at: 05-07-2025 08:50:24 PM [] []
[2025-07-05 20:55:24] SlimMonoLogger.INFO: Cron ran at: 05-07-2025 08:55:24 PM [] []
[2025-07-05 21:00:29] SlimMonoLogger.INFO: Cron ran at: 05-07-2025 09:00:29 PM [] []
[2025-07-05 21:05:22] SlimMonoLogger.INFO: Cron ran at: 05-07-2025 09:05:22 PM [] []
[2025-07-05 21:10:22] SlimMonoLogger.INFO: Cron ran at: 05-07-2025 09:10:22 PM [] []
[2025-07-05 21:15:22] SlimMonoLogger.INFO: Cron ran at: 05-07-2025 09:15:22 PM [] []
[2025-07-05 21:20:22] SlimMonoLogger.INFO: Cron ran at: 05-07-2025 09:20:22 PM [] []
[2025-07-05 21:25:20] SlimMonoLogger.INFO: Cron ran at: 05-07-2025 09:25:20 PM [] []
[2025-07-05 21:30:26] SlimMonoLogger.INFO: Cron ran at: 05-07-2025 09:30:26 PM [] []
[2025-07-05 21:35:27] SlimMonoLogger.INFO: Cron ran at: 05-07-2025 09:35:27 PM [] []
[2025-07-05 21:40:21] SlimMonoLogger.INFO: Cron ran at: 05-07-2025 09:40:21 PM [] []
[2025-07-05 21:45:22] SlimMonoLogger.INFO: Cron ran at: 05-07-2025 09:45:22 PM [] []
[2025-07-05 21:50:27] SlimMonoLogger.INFO: Cron ran at: 05-07-2025 09:50:27 PM [] []
[2025-07-05 21:55:21] SlimMonoLogger.INFO: Cron ran at: 05-07-2025 09:55:21 PM [] []
[2025-07-05 22:00:27] SlimMonoLogger.INFO: Cron ran at: 05-07-2025 10:00:27 PM [] []
[2025-07-05 22:05:20] SlimMonoLogger.INFO: Cron ran at: 05-07-2025 10:05:20 PM [] []
[2025-07-05 22:10:21] SlimMonoLogger.INFO: Cron ran at: 05-07-2025 10:10:21 PM [] []
[2025-07-05 22:15:23] SlimMonoLogger.INFO: Cron ran at: 05-07-2025 10:15:23 PM [] []
[2025-07-05 22:20:25] SlimMonoLogger.INFO: Cron ran at: 05-07-2025 10:20:25 PM [] []
[2025-07-05 22:25:23] SlimMonoLogger.INFO: Cron ran at: 05-07-2025 10:25:23 PM [] []
[2025-07-05 22:30:28] SlimMonoLogger.INFO: Cron ran at: 05-07-2025 10:30:28 PM [] []
[2025-07-05 22:35:22] SlimMonoLogger.INFO: Cron ran at: 05-07-2025 10:35:22 PM [] []
[2025-07-05 22:40:22] SlimMonoLogger.INFO: Cron ran at: 05-07-2025 10:40:22 PM [] []
[2025-07-05 22:45:20] SlimMonoLogger.INFO: Cron ran at: 05-07-2025 10:45:20 PM [] []
[2025-07-05 22:50:19] SlimMonoLogger.INFO: Cron ran at: 05-07-2025 10:50:19 PM [] []
[2025-07-05 22:55:22] SlimMonoLogger.INFO: Cron ran at: 05-07-2025 10:55:22 PM [] []
[2025-07-05 23:00:23] SlimMonoLogger.INFO: Cron ran at: 05-07-2025 11:00:23 PM [] []
[2025-07-05 23:05:19] SlimMonoLogger.INFO: Cron ran at: 05-07-2025 11:05:19 PM [] []
[2025-07-05 23:10:20] SlimMonoLogger.INFO: Cron ran at: 05-07-2025 11:10:20 PM [] []
[2025-07-05 23:15:23] SlimMonoLogger.INFO: Cron ran at: 05-07-2025 11:15:23 PM [] []
[2025-07-05 23:20:20] SlimMonoLogger.INFO: Cron ran at: 05-07-2025 11:20:20 PM [] []
[2025-07-05 23:25:26] SlimMonoLogger.INFO: Cron ran at: 05-07-2025 11:25:26 PM [] []
[2025-07-05 23:30:22] SlimMonoLogger.INFO: Cron ran at: 05-07-2025 11:30:22 PM [] []
[2025-07-05 23:35:20] SlimMonoLogger.INFO: Cron ran at: 05-07-2025 11:35:20 PM [] []
[2025-07-05 23:40:21] SlimMonoLogger.INFO: Cron ran at: 05-07-2025 11:40:21 PM [] []
[2025-07-05 23:46:54] SlimMonoLogger.INFO: Cron ran at: 05-07-2025 11:46:54 PM [] []
[2025-07-05 23:50:20] SlimMonoLogger.INFO: Cron ran at: 05-07-2025 11:50:20 PM [] []
[2025-07-05 23:55:21] SlimMonoLogger.INFO: Cron ran at: 05-07-2025 11:55:21 PM [] []
[2025-07-06 00:00:24] SlimMonoLogger.INFO: Cron ran at: 06-07-2025 12:00:24 AM [] []
[2025-07-06 00:05:19] SlimMonoLogger.INFO: Cron ran at: 06-07-2025 12:05:19 AM [] []
[2025-07-06 00:10:22] SlimMonoLogger.INFO: Cron ran at: 06-07-2025 12:10:22 AM [] []
[2025-07-06 00:15:22] SlimMonoLogger.INFO: Cron ran at: 06-07-2025 12:15:22 AM [] []
[2025-07-06 00:20:24] SlimMonoLogger.INFO: Cron ran at: 06-07-2025 12:20:24 AM [] []
[2025-07-06 00:25:20] SlimMonoLogger.INFO: Cron ran at: 06-07-2025 12:25:20 AM [] []
[2025-07-06 00:30:22] SlimMonoLogger.INFO: Cron ran at: 06-07-2025 12:30:22 AM [] []
[2025-07-06 00:35:20] SlimMonoLogger.INFO: Cron ran at: 06-07-2025 12:35:20 AM [] []
[2025-07-06 00:40:19] SlimMonoLogger.INFO: Cron ran at: 06-07-2025 12:40:19 AM [] []
[2025-07-06 00:45:21] SlimMonoLogger.INFO: Cron ran at: 06-07-2025 12:45:21 AM [] []
[2025-07-06 00:50:20] SlimMonoLogger.INFO: Cron ran at: 06-07-2025 12:50:20 AM [] []
[2025-07-06 00:55:20] SlimMonoLogger.INFO: Cron ran at: 06-07-2025 12:55:20 AM [] []
[2025-07-06 01:00:24] SlimMonoLogger.INFO: Cron ran at: 06-07-2025 01:00:24 AM [] []
[2025-07-06 01:05:18] SlimMonoLogger.INFO: Cron ran at: 06-07-2025 01:05:18 AM [] []
[2025-07-06 01:10:21] SlimMonoLogger.INFO: Cron ran at: 06-07-2025 01:10:21 AM [] []
[2025-07-06 01:15:23] SlimMonoLogger.INFO: Cron ran at: 06-07-2025 01:15:23 AM [] []
[2025-07-06 01:20:22] SlimMonoLogger.INFO: Cron ran at: 06-07-2025 01:20:22 AM [] []
[2025-07-06 01:25:27] SlimMonoLogger.INFO: Cron ran at: 06-07-2025 01:25:27 AM [] []
[2025-07-06 01:30:27] SlimMonoLogger.INFO: Cron ran at: 06-07-2025 01:30:27 AM [] []
[2025-07-06 01:35:23] SlimMonoLogger.INFO: Cron ran at: 06-07-2025 01:35:23 AM [] []
[2025-07-06 01:40:29] SlimMonoLogger.INFO: Cron ran at: 06-07-2025 01:40:29 AM [] []
[2025-07-06 01:45:22] SlimMonoLogger.INFO: Cron ran at: 06-07-2025 01:45:22 AM [] []
[2025-07-06 01:50:21] SlimMonoLogger.INFO: Cron ran at: 06-07-2025 01:50:21 AM [] []
[2025-07-06 01:55:19] SlimMonoLogger.INFO: Cron ran at: 06-07-2025 01:55:19 AM [] []
