[2025-12-05 01:00:52] SlimMonoLogger.INFO: Cron ran at: 05-12-2025 01:00:52 AM [] []
[2025-12-05 01:05:51] SlimMonoLogger.INFO: Cron ran at: 05-12-2025 01:05:51 AM [] []
[2025-12-05 01:10:49] SlimMonoLogger.INFO: Cron ran at: 05-12-2025 01:10:49 AM [] []
[2025-12-05 01:15:50] SlimMonoLogger.INFO: Cron ran at: 05-12-2025 01:15:50 AM [] []
[2025-12-05 01:20:51] SlimMonoLogger.INFO: Cron ran at: 05-12-2025 01:20:51 AM [] []
[2025-12-05 01:25:48] SlimMonoLogger.INFO: Cron ran at: 05-12-2025 01:25:48 AM [] []
[2025-12-05 01:30:50] SlimMonoLogger.INFO: Cron ran at: 05-12-2025 01:30:50 AM [] []
[2025-12-05 01:35:47] SlimMonoLogger.INFO: Cron ran at: 05-12-2025 01:35:47 AM [] []
[2025-12-05 01:40:48] SlimMonoLogger.INFO: Cron ran at: 05-12-2025 01:40:48 AM [] []
[2025-12-05 01:45:56] SlimMonoLogger.INFO: Cron ran at: 05-12-2025 01:45:56 AM [] []
[2025-12-05 01:50:56] SlimMonoLogger.INFO: Cron ran at: 05-12-2025 01:50:56 AM [] []
[2025-12-05 01:55:56] SlimMonoLogger.INFO: Cron ran at: 05-12-2025 01:55:56 AM [] []
[2025-12-05 02:00:57] SlimMonoLogger.INFO: Cron ran at: 05-12-2025 02:00:57 AM [] []
[2025-12-05 02:05:56] SlimMonoLogger.INFO: Cron ran at: 05-12-2025 02:05:56 AM [] []
[2025-12-05 02:11:16] SlimMonoLogger.INFO: Cron ran at: 05-12-2025 02:11:16 AM [] []
[2025-12-05 02:16:01] SlimMonoLogger.INFO: Cron ran at: 05-12-2025 02:16:01 AM [] []
[2025-12-05 02:21:05] SlimMonoLogger.INFO: Cron ran at: 05-12-2025 02:21:05 AM [] []
[2025-12-05 02:25:58] SlimMonoLogger.INFO: Cron ran at: 05-12-2025 02:25:58 AM [] []
[2025-12-05 02:31:04] SlimMonoLogger.INFO: Cron ran at: 05-12-2025 02:31:04 AM [] []
[2025-12-05 02:36:00] SlimMonoLogger.INFO: Cron ran at: 05-12-2025 02:36:00 AM [] []
[2025-12-05 02:41:02] SlimMonoLogger.INFO: Cron ran at: 05-12-2025 02:41:02 AM [] []
[2025-12-05 02:46:00] SlimMonoLogger.INFO: Cron ran at: 05-12-2025 02:46:00 AM [] []
[2025-12-05 02:51:04] SlimMonoLogger.INFO: Cron ran at: 05-12-2025 02:51:04 AM [] []
[2025-12-05 02:56:01] SlimMonoLogger.INFO: Cron ran at: 05-12-2025 02:56:01 AM [] []
[2025-12-05 03:01:02] SlimMonoLogger.INFO: Cron ran at: 05-12-2025 03:01:02 AM [] []
[2025-12-05 03:06:10] SlimMonoLogger.INFO: Cron ran at: 05-12-2025 03:06:10 AM [] []
[2025-12-05 03:11:11] SlimMonoLogger.INFO: Cron ran at: 05-12-2025 03:11:11 AM [] []
[2025-12-05 03:16:10] SlimMonoLogger.INFO: Cron ran at: 05-12-2025 03:16:10 AM [] []
[2025-12-05 03:21:00] SlimMonoLogger.INFO: Cron ran at: 05-12-2025 03:21:00 AM [] []
[2025-12-05 03:26:00] SlimMonoLogger.INFO: Cron ran at: 05-12-2025 03:26:00 AM [] []
[2025-12-05 03:31:04] SlimMonoLogger.INFO: Cron ran at: 05-12-2025 03:31:04 AM [] []
[2025-12-05 03:35:58] SlimMonoLogger.INFO: Cron ran at: 05-12-2025 03:35:58 AM [] []
[2025-12-05 03:41:03] SlimMonoLogger.INFO: Cron ran at: 05-12-2025 03:41:03 AM [] []
[2025-12-05 03:46:06] SlimMonoLogger.INFO: Cron ran at: 05-12-2025 03:46:06 AM [] []
[2025-12-05 03:50:58] SlimMonoLogger.INFO: Cron ran at: 05-12-2025 03:50:58 AM [] []
[2025-12-05 03:55:58] SlimMonoLogger.INFO: Cron ran at: 05-12-2025 03:55:58 AM [] []
[2025-12-05 04:01:08] SlimMonoLogger.INFO: Cron ran at: 05-12-2025 04:01:08 AM [] []
[2025-12-05 04:06:06] SlimMonoLogger.INFO: Cron ran at: 05-12-2025 04:06:06 AM [] []
[2025-12-05 04:10:59] SlimMonoLogger.INFO: Cron ran at: 05-12-2025 04:10:59 AM [] []
[2025-12-05 04:16:03] SlimMonoLogger.INFO: Cron ran at: 05-12-2025 04:16:03 AM [] []
[2025-12-05 04:20:56] SlimMonoLogger.INFO: Cron ran at: 05-12-2025 04:20:56 AM [] []
[2025-12-05 04:26:02] SlimMonoLogger.INFO: Cron ran at: 05-12-2025 04:26:02 AM [] []
[2025-12-05 04:31:04] SlimMonoLogger.INFO: Cron ran at: 05-12-2025 04:31:04 AM [] []
[2025-12-05 04:36:14] SlimMonoLogger.INFO: Cron ran at: 05-12-2025 04:36:14 AM [] []
[2025-12-05 04:41:09] SlimMonoLogger.INFO: Cron ran at: 05-12-2025 04:41:09 AM [] []
[2025-12-05 04:46:01] SlimMonoLogger.INFO: Cron ran at: 05-12-2025 04:46:01 AM [] []
[2025-12-05 04:50:59] SlimMonoLogger.INFO: Cron ran at: 05-12-2025 04:50:59 AM [] []
[2025-12-05 04:56:06] SlimMonoLogger.INFO: Cron ran at: 05-12-2025 04:56:06 AM [] []
[2025-12-05 05:01:05] SlimMonoLogger.INFO: Cron ran at: 05-12-2025 05:01:05 AM [] []
[2025-12-05 05:05:58] SlimMonoLogger.INFO: Cron ran at: 05-12-2025 05:05:58 AM [] []
[2025-12-05 05:11:00] SlimMonoLogger.INFO: Cron ran at: 05-12-2025 05:11:00 AM [] []
[2025-12-05 05:16:05] SlimMonoLogger.INFO: Cron ran at: 05-12-2025 05:16:05 AM [] []
[2025-12-05 05:20:59] SlimMonoLogger.INFO: Cron ran at: 05-12-2025 05:20:59 AM [] []
[2025-12-05 05:26:00] SlimMonoLogger.INFO: Cron ran at: 05-12-2025 05:26:00 AM [] []
[2025-12-05 05:31:35] SlimMonoLogger.INFO: Cron ran at: 05-12-2025 05:31:35 AM [] []
[2025-12-05 05:35:58] SlimMonoLogger.INFO: Cron ran at: 05-12-2025 05:35:58 AM [] []
[2025-12-05 05:40:58] SlimMonoLogger.INFO: Cron ran at: 05-12-2025 05:40:58 AM [] []
[2025-12-05 05:46:05] SlimMonoLogger.INFO: Cron ran at: 05-12-2025 05:46:05 AM [] []
[2025-12-05 05:51:03] SlimMonoLogger.INFO: Cron ran at: 05-12-2025 05:51:03 AM [] []
[2025-12-05 05:56:03] SlimMonoLogger.INFO: Cron ran at: 05-12-2025 05:56:03 AM [] []
[2025-12-05 06:01:19] SlimMonoLogger.INFO: Cron ran at: 05-12-2025 06:01:19 AM [] []
[2025-12-05 06:06:11] SlimMonoLogger.INFO: Cron ran at: 05-12-2025 06:06:11 AM [] []
[2025-12-05 06:10:58] SlimMonoLogger.INFO: Cron ran at: 05-12-2025 06:10:58 AM [] []
[2025-12-05 06:15:59] SlimMonoLogger.INFO: Cron ran at: 05-12-2025 06:15:59 AM [] []
[2025-12-05 06:21:15] SlimMonoLogger.INFO: Cron ran at: 05-12-2025 06:21:15 AM [] []
[2025-12-05 06:26:00] SlimMonoLogger.INFO: Cron ran at: 05-12-2025 06:26:00 AM [] []
[2025-12-05 06:31:00] SlimMonoLogger.INFO: Cron ran at: 05-12-2025 06:31:00 AM [] []
[2025-12-05 06:36:01] SlimMonoLogger.INFO: Cron ran at: 05-12-2025 06:36:01 AM [] []
[2025-12-05 06:41:02] SlimMonoLogger.INFO: Cron ran at: 05-12-2025 06:41:02 AM [] []
[2025-12-05 06:46:16] SlimMonoLogger.INFO: Cron ran at: 05-12-2025 06:46:16 AM [] []
[2025-12-05 06:51:02] SlimMonoLogger.INFO: Cron ran at: 05-12-2025 06:51:02 AM [] []
[2025-12-05 06:56:06] SlimMonoLogger.INFO: Cron ran at: 05-12-2025 06:56:06 AM [] []
[2025-12-05 07:01:07] SlimMonoLogger.INFO: Cron ran at: 05-12-2025 07:01:07 AM [] []
[2025-12-05 07:06:01] SlimMonoLogger.INFO: Cron ran at: 05-12-2025 07:06:01 AM [] []
[2025-12-05 07:11:00] SlimMonoLogger.INFO: Cron ran at: 05-12-2025 07:11:00 AM [] []
[2025-12-05 07:16:05] SlimMonoLogger.INFO: Cron ran at: 05-12-2025 07:16:05 AM [] []
[2025-12-05 07:20:59] SlimMonoLogger.INFO: Cron ran at: 05-12-2025 07:20:59 AM [] []
[2025-12-05 07:26:02] SlimMonoLogger.INFO: Cron ran at: 05-12-2025 07:26:02 AM [] []
[2025-12-05 07:31:12] SlimMonoLogger.INFO: Cron ran at: 05-12-2025 07:31:12 AM [] []
[2025-12-05 07:36:04] SlimMonoLogger.INFO: Cron ran at: 05-12-2025 07:36:04 AM [] []
[2025-12-05 07:41:05] SlimMonoLogger.INFO: Cron ran at: 05-12-2025 07:41:05 AM [] []
[2025-12-05 07:46:04] SlimMonoLogger.INFO: Cron ran at: 05-12-2025 07:46:04 AM [] []
[2025-12-05 07:51:11] SlimMonoLogger.INFO: Cron ran at: 05-12-2025 07:51:11 AM [] []
[2025-12-05 07:56:07] SlimMonoLogger.INFO: Cron ran at: 05-12-2025 07:56:07 AM [] []
[2025-12-05 08:01:12] SlimMonoLogger.INFO: Cron ran at: 05-12-2025 08:01:12 AM [] []
[2025-12-05 08:06:13] SlimMonoLogger.INFO: Cron ran at: 05-12-2025 08:06:13 AM [] []
[2025-12-05 08:11:05] SlimMonoLogger.INFO: Cron ran at: 05-12-2025 08:11:05 AM [] []
[2025-12-05 08:16:09] SlimMonoLogger.INFO: Cron ran at: 05-12-2025 08:16:09 AM [] []
[2025-12-05 08:21:05] SlimMonoLogger.INFO: Cron ran at: 05-12-2025 08:21:05 AM [] []
[2025-12-05 08:26:01] SlimMonoLogger.INFO: Cron ran at: 05-12-2025 08:26:01 AM [] []
[2025-12-05 08:31:06] SlimMonoLogger.INFO: Cron ran at: 05-12-2025 08:31:06 AM [] []
[2025-12-05 08:36:07] SlimMonoLogger.INFO: Cron ran at: 05-12-2025 08:36:07 AM [] []
[2025-12-05 08:41:23] SlimMonoLogger.INFO: Cron ran at: 05-12-2025 08:41:23 AM [] []
[2025-12-05 08:46:09] SlimMonoLogger.INFO: Cron ran at: 05-12-2025 08:46:09 AM [] []
[2025-12-05 08:51:13] SlimMonoLogger.INFO: Cron ran at: 05-12-2025 08:51:13 AM [] []
[2025-12-05 08:56:10] SlimMonoLogger.INFO: Cron ran at: 05-12-2025 08:56:10 AM [] []
[2025-12-05 09:06:17] SlimMonoLogger.INFO: Cron ran at: 05-12-2025 09:06:17 AM [] []
[2025-12-05 09:11:09] SlimMonoLogger.INFO: Cron ran at: 05-12-2025 09:11:09 AM [] []
[2025-12-05 09:16:17] SlimMonoLogger.INFO: Cron ran at: 05-12-2025 09:16:17 AM [] []
[2025-12-05 09:21:21] SlimMonoLogger.INFO: Cron ran at: 05-12-2025 09:21:21 AM [] []
[2025-12-05 09:26:25] SlimMonoLogger.INFO: Cron ran at: 05-12-2025 09:26:25 AM [] []
[2025-12-05 09:31:15] SlimMonoLogger.INFO: Cron ran at: 05-12-2025 09:31:15 AM [] []
[2025-12-05 09:36:07] SlimMonoLogger.INFO: Cron ran at: 05-12-2025 09:36:07 AM [] []
[2025-12-05 09:46:28] SlimMonoLogger.INFO: Cron ran at: 05-12-2025 09:46:28 AM [] []
[2025-12-05 09:51:09] SlimMonoLogger.INFO: Cron ran at: 05-12-2025 09:51:09 AM [] []
[2025-12-05 09:56:06] SlimMonoLogger.INFO: Cron ran at: 05-12-2025 09:56:06 AM [] []
[2025-12-05 10:01:28] SlimMonoLogger.INFO: Cron ran at: 05-12-2025 10:01:28 AM [] []
[2025-12-05 10:06:21] SlimMonoLogger.INFO: Cron ran at: 05-12-2025 10:06:21 AM [] []
[2025-12-05 10:11:04] SlimMonoLogger.INFO: Cron ran at: 05-12-2025 10:11:04 AM [] []
[2025-12-05 10:16:14] SlimMonoLogger.INFO: Cron ran at: 05-12-2025 10:16:14 AM [] []
[2025-12-05 10:21:13] SlimMonoLogger.INFO: Cron ran at: 05-12-2025 10:21:13 AM [] []
[2025-12-05 10:26:10] SlimMonoLogger.INFO: Cron ran at: 05-12-2025 10:26:10 AM [] []
[2025-12-05 10:31:11] SlimMonoLogger.INFO: Cron ran at: 05-12-2025 10:31:11 AM [] []
[2025-12-05 10:36:14] SlimMonoLogger.INFO: Cron ran at: 05-12-2025 10:36:14 AM [] []
[2025-12-05 10:41:06] SlimMonoLogger.INFO: Cron ran at: 05-12-2025 10:41:06 AM [] []
[2025-12-05 10:46:12] SlimMonoLogger.INFO: Cron ran at: 05-12-2025 10:46:12 AM [] []
[2025-12-05 10:51:11] SlimMonoLogger.INFO: Cron ran at: 05-12-2025 10:51:11 AM [] []
[2025-12-05 10:55:58] SlimMonoLogger.INFO: Cron ran at: 05-12-2025 10:55:58 AM [] []
[2025-12-05 11:01:01] SlimMonoLogger.INFO: Cron ran at: 05-12-2025 11:01:01 AM [] []
[2025-12-05 11:05:57] SlimMonoLogger.INFO: Cron ran at: 05-12-2025 11:05:57 AM [] []
[2025-12-05 11:10:56] SlimMonoLogger.INFO: Cron ran at: 05-12-2025 11:10:56 AM [] []
[2025-12-05 11:16:16] SlimMonoLogger.INFO: Cron ran at: 05-12-2025 11:16:16 AM [] []
[2025-12-05 11:21:04] SlimMonoLogger.INFO: Cron ran at: 05-12-2025 11:21:04 AM [] []
[2025-12-05 11:25:56] SlimMonoLogger.INFO: Cron ran at: 05-12-2025 11:25:56 AM [] []
[2025-12-05 11:30:57] SlimMonoLogger.INFO: Cron ran at: 05-12-2025 11:30:57 AM [] []
[2025-12-05 11:36:00] SlimMonoLogger.INFO: Cron ran at: 05-12-2025 11:36:00 AM [] []
[2025-12-05 11:41:16] SlimMonoLogger.INFO: Cron ran at: 05-12-2025 11:41:16 AM [] []
[2025-12-05 11:46:03] SlimMonoLogger.INFO: Cron ran at: 05-12-2025 11:46:03 AM [] []
[2025-12-05 11:50:57] SlimMonoLogger.INFO: Cron ran at: 05-12-2025 11:50:57 AM [] []
[2025-12-05 11:56:10] SlimMonoLogger.INFO: Cron ran at: 05-12-2025 11:56:10 AM [] []
[2025-12-05 12:00:59] SlimMonoLogger.INFO: Cron ran at: 05-12-2025 12:00:59 PM [] []
[2025-12-05 12:06:15] SlimMonoLogger.INFO: Cron ran at: 05-12-2025 12:06:15 PM [] []
[2025-12-05 12:11:03] SlimMonoLogger.INFO: Cron ran at: 05-12-2025 12:11:03 PM [] []
[2025-12-05 12:16:01] SlimMonoLogger.INFO: Cron ran at: 05-12-2025 12:16:01 PM [] []
[2025-12-05 12:21:08] SlimMonoLogger.INFO: Cron ran at: 05-12-2025 12:21:08 PM [] []
[2025-12-05 12:26:21] SlimMonoLogger.INFO: Cron ran at: 05-12-2025 12:26:21 PM [] []
[2025-12-05 12:31:11] SlimMonoLogger.INFO: Cron ran at: 05-12-2025 12:31:11 PM [] []
[2025-12-05 12:36:00] SlimMonoLogger.INFO: Cron ran at: 05-12-2025 12:36:00 PM [] []
[2025-12-05 12:40:53] SlimMonoLogger.INFO: Cron ran at: 05-12-2025 12:40:53 PM [] []
[2025-12-05 12:45:54] SlimMonoLogger.INFO: Cron ran at: 05-12-2025 12:45:54 PM [] []
[2025-12-05 12:51:00] SlimMonoLogger.INFO: Cron ran at: 05-12-2025 12:51:00 PM [] []
[2025-12-05 12:56:03] SlimMonoLogger.INFO: Cron ran at: 05-12-2025 12:56:03 PM [] []
[2025-12-05 13:01:08] SlimMonoLogger.INFO: Cron ran at: 05-12-2025 01:01:08 PM [] []
[2025-12-05 13:06:00] SlimMonoLogger.INFO: Cron ran at: 05-12-2025 01:06:00 PM [] []
[2025-12-05 13:11:00] SlimMonoLogger.INFO: Cron ran at: 05-12-2025 01:11:00 PM [] []
[2025-12-05 13:16:05] SlimMonoLogger.INFO: Cron ran at: 05-12-2025 01:16:05 PM [] []
[2025-12-05 13:21:17] SlimMonoLogger.INFO: Cron ran at: 05-12-2025 01:21:17 PM [] []
[2025-12-05 13:26:16] SlimMonoLogger.INFO: Cron ran at: 05-12-2025 01:26:16 PM [] []
[2025-12-05 13:31:15] SlimMonoLogger.INFO: Cron ran at: 05-12-2025 01:31:15 PM [] []
[2025-12-05 13:35:57] SlimMonoLogger.INFO: Cron ran at: 05-12-2025 01:35:57 PM [] []
[2025-12-05 13:41:02] SlimMonoLogger.INFO: Cron ran at: 05-12-2025 01:41:02 PM [] []
[2025-12-05 13:45:58] SlimMonoLogger.INFO: Cron ran at: 05-12-2025 01:45:58 PM [] []
[2025-12-05 13:51:05] SlimMonoLogger.INFO: Cron ran at: 05-12-2025 01:51:05 PM [] []
[2025-12-05 13:56:01] SlimMonoLogger.INFO: Cron ran at: 05-12-2025 01:56:01 PM [] []
[2025-12-05 14:01:15] SlimMonoLogger.INFO: Cron ran at: 05-12-2025 02:01:15 PM [] []
[2025-12-05 14:05:59] SlimMonoLogger.INFO: Cron ran at: 05-12-2025 02:05:59 PM [] []
[2025-12-05 14:11:03] SlimMonoLogger.INFO: Cron ran at: 05-12-2025 02:11:03 PM [] []
[2025-12-05 14:16:00] SlimMonoLogger.INFO: Cron ran at: 05-12-2025 02:16:00 PM [] []
[2025-12-05 14:21:04] SlimMonoLogger.INFO: Cron ran at: 05-12-2025 02:21:04 PM [] []
[2025-12-05 14:26:03] SlimMonoLogger.INFO: Cron ran at: 05-12-2025 02:26:03 PM [] []
[2025-12-05 14:31:07] SlimMonoLogger.INFO: Cron ran at: 05-12-2025 02:31:07 PM [] []
[2025-12-05 14:35:57] SlimMonoLogger.INFO: Cron ran at: 05-12-2025 02:35:57 PM [] []
[2025-12-05 14:41:01] SlimMonoLogger.INFO: Cron ran at: 05-12-2025 02:41:01 PM [] []
[2025-12-05 14:46:02] SlimMonoLogger.INFO: Cron ran at: 05-12-2025 02:46:02 PM [] []
[2025-12-05 14:51:00] SlimMonoLogger.INFO: Cron ran at: 05-12-2025 02:51:00 PM [] []
[2025-12-05 14:55:55] SlimMonoLogger.INFO: Cron ran at: 05-12-2025 02:55:55 PM [] []
[2025-12-05 15:01:05] SlimMonoLogger.INFO: Cron ran at: 05-12-2025 03:01:05 PM [] []
[2025-12-05 15:05:58] SlimMonoLogger.INFO: Cron ran at: 05-12-2025 03:05:58 PM [] []
[2025-12-05 15:10:58] SlimMonoLogger.INFO: Cron ran at: 05-12-2025 03:10:58 PM [] []
[2025-12-05 15:16:05] SlimMonoLogger.INFO: Cron ran at: 05-12-2025 03:16:05 PM [] []
[2025-12-05 15:20:57] SlimMonoLogger.INFO: Cron ran at: 05-12-2025 03:20:57 PM [] []
[2025-12-05 15:25:56] SlimMonoLogger.INFO: Cron ran at: 05-12-2025 03:25:56 PM [] []
[2025-12-05 15:30:55] SlimMonoLogger.INFO: Cron ran at: 05-12-2025 03:30:55 PM [] []
[2025-12-05 15:35:56] SlimMonoLogger.INFO: Cron ran at: 05-12-2025 03:35:56 PM [] []
[2025-12-05 15:41:06] SlimMonoLogger.INFO: Cron ran at: 05-12-2025 03:41:06 PM [] []
[2025-12-05 15:46:01] SlimMonoLogger.INFO: Cron ran at: 05-12-2025 03:46:01 PM [] []
[2025-12-05 15:51:04] SlimMonoLogger.INFO: Cron ran at: 05-12-2025 03:51:04 PM [] []
[2025-12-05 15:55:50] SlimMonoLogger.INFO: Cron ran at: 05-12-2025 03:55:50 PM [] []
[2025-12-05 16:01:06] SlimMonoLogger.INFO: Cron ran at: 05-12-2025 04:01:06 PM [] []
[2025-12-05 16:06:02] SlimMonoLogger.INFO: Cron ran at: 05-12-2025 04:06:02 PM [] []
[2025-12-05 16:10:55] SlimMonoLogger.INFO: Cron ran at: 05-12-2025 04:10:55 PM [] []
[2025-12-05 16:16:00] SlimMonoLogger.INFO: Cron ran at: 05-12-2025 04:16:00 PM [] []
[2025-12-05 16:20:55] SlimMonoLogger.INFO: Cron ran at: 05-12-2025 04:20:55 PM [] []
[2025-12-05 16:25:54] SlimMonoLogger.INFO: Cron ran at: 05-12-2025 04:25:54 PM [] []
[2025-12-05 16:30:53] SlimMonoLogger.INFO: Cron ran at: 05-12-2025 04:30:53 PM [] []
[2025-12-05 16:35:59] SlimMonoLogger.INFO: Cron ran at: 05-12-2025 04:35:59 PM [] []
[2025-12-05 16:40:51] SlimMonoLogger.INFO: Cron ran at: 05-12-2025 04:40:51 PM [] []
[2025-12-05 16:45:52] SlimMonoLogger.INFO: Cron ran at: 05-12-2025 04:45:52 PM [] []
[2025-12-05 16:50:58] SlimMonoLogger.INFO: Cron ran at: 05-12-2025 04:50:58 PM [] []
[2025-12-05 16:55:52] SlimMonoLogger.INFO: Cron ran at: 05-12-2025 04:55:52 PM [] []
[2025-12-05 17:00:53] SlimMonoLogger.INFO: Cron ran at: 05-12-2025 05:00:53 PM [] []
[2025-12-05 17:05:51] SlimMonoLogger.INFO: Cron ran at: 05-12-2025 05:05:51 PM [] []
[2025-12-05 17:10:52] SlimMonoLogger.INFO: Cron ran at: 05-12-2025 05:10:52 PM [] []
[2025-12-05 17:15:55] SlimMonoLogger.INFO: Cron ran at: 05-12-2025 05:15:55 PM [] []
[2025-12-05 17:20:49] SlimMonoLogger.INFO: Cron ran at: 05-12-2025 05:20:49 PM [] []
[2025-12-05 17:25:54] SlimMonoLogger.INFO: Cron ran at: 05-12-2025 05:25:54 PM [] []
[2025-12-05 17:30:54] SlimMonoLogger.INFO: Cron ran at: 05-12-2025 05:30:54 PM [] []
[2025-12-05 17:35:56] SlimMonoLogger.INFO: Cron ran at: 05-12-2025 05:35:56 PM [] []
[2025-12-05 17:40:50] SlimMonoLogger.INFO: Cron ran at: 05-12-2025 05:40:50 PM [] []
[2025-12-05 17:45:54] SlimMonoLogger.INFO: Cron ran at: 05-12-2025 05:45:54 PM [] []
[2025-12-05 17:50:51] SlimMonoLogger.INFO: Cron ran at: 05-12-2025 05:50:51 PM [] []
[2025-12-05 17:55:58] SlimMonoLogger.INFO: Cron ran at: 05-12-2025 05:55:58 PM [] []
[2025-12-05 18:01:08] SlimMonoLogger.INFO: Cron ran at: 05-12-2025 06:01:08 PM [] []
[2025-12-05 18:05:51] SlimMonoLogger.INFO: Cron ran at: 05-12-2025 06:05:51 PM [] []
[2025-12-05 18:10:58] SlimMonoLogger.INFO: Cron ran at: 05-12-2025 06:10:58 PM [] []
[2025-12-05 18:15:59] SlimMonoLogger.INFO: Cron ran at: 05-12-2025 06:15:59 PM [] []
[2025-12-05 18:20:59] SlimMonoLogger.INFO: Cron ran at: 05-12-2025 06:20:59 PM [] []
[2025-12-05 18:25:50] SlimMonoLogger.INFO: Cron ran at: 05-12-2025 06:25:50 PM [] []
[2025-12-05 18:30:55] SlimMonoLogger.INFO: Cron ran at: 05-12-2025 06:30:55 PM [] []
[2025-12-05 18:35:50] SlimMonoLogger.INFO: Cron ran at: 05-12-2025 06:35:50 PM [] []
[2025-12-05 18:40:48] SlimMonoLogger.INFO: Cron ran at: 05-12-2025 06:40:48 PM [] []
[2025-12-05 18:45:48] SlimMonoLogger.INFO: Cron ran at: 05-12-2025 06:45:48 PM [] []
[2025-12-05 18:50:45] SlimMonoLogger.INFO: Cron ran at: 05-12-2025 06:50:45 PM [] []
[2025-12-05 18:55:55] SlimMonoLogger.INFO: Cron ran at: 05-12-2025 06:55:55 PM [] []
[2025-12-05 19:00:58] SlimMonoLogger.INFO: Cron ran at: 05-12-2025 07:00:58 PM [] []
[2025-12-05 19:05:54] SlimMonoLogger.INFO: Cron ran at: 05-12-2025 07:05:54 PM [] []
[2025-12-05 19:10:53] SlimMonoLogger.INFO: Cron ran at: 05-12-2025 07:10:53 PM [] []
[2025-12-05 19:15:52] SlimMonoLogger.INFO: Cron ran at: 05-12-2025 07:15:52 PM [] []
[2025-12-05 19:20:37] SlimMonoLogger.ERROR: Requests_Exception: cURL error 52: Empty reply from server in /home/latihtal/public_html/agregator1/src/vendor/rmccue/requests/library/Requests/Transport/cURL.php:422
Stack trace:
#0 /home/latihtal/public_html/agregator1/src/vendor/rmccue/requests/library/Requests/Transport/cURL.php(177): Requests_Transport_cURL->process_response()
#1 /home/latihtal/public_html/agregator1/src/vendor/rmccue/requests/library/Requests.php(379): Requests_Transport_cURL->request()
#2 /home/latihtal/public_html/agregator1/src/vendor/rmccue/requests/library/Requests/Session.php(205): Requests::request()
#3 /home/latihtal/public_html/agregator1/src/vendor/rmccue/requests/library/Requests/Session.php(132): Requests_Session->request()
#4 /home/latihtal/public_html/agregator1/src/drivers/Http/RssImporter.php(144): Requests_Session->get()
#5 /home/latihtal/public_html/agregator1/src/controllers/Dashboard/DashboardFeedsController.php(534): spark\drivers\Http\RssImporter->fetchPosts()
#6 /home/latihtal/public_html/agregator1/src/controllers/Site/SiteController.php(722): spark\controllers\Dashboard\DashboardFeedsController::importFeedPosts()
#7 [internal function]: spark\controllers\Site\SiteController->runTasks()
#8 /home/latihtal/public_html/agregator1/src/framework/Route.php(173): call_user_func_array()
#9 [internal function]: Slim\Route->Slim\{closure}()
#10 /home/latihtal/public_html/agregator1/src/framework/Route.php(468): call_user_func_array()
#11 /home/latihtal/public_html/agregator1/src/framework/Slim.php(1364): Slim\Route->dispatch()
#12 /home/latihtal/public_html/agregator1/src/framework/Middleware/Flash.php(85): Slim\Slim->call()
#13 /home/latihtal/public_html/agregator1/src/framework/Middleware/MethodOverride.php(92): Slim\Middleware\Flash->call()
#14 /home/latihtal/public_html/agregator1/src/middlewares/CsrfGuard/CsrfGuard.php(47): Slim\Middleware\MethodOverride->call()
#15 /home/latihtal/public_html/agregator1/src/framework/Middleware/PrettyExceptions.php(67): spark\middlewares\CsrfGuard\CsrfGuard->call()
#16 /home/latihtal/public_html/agregator1/src/framework/Slim.php(1308): Slim\Middleware\PrettyExceptions->call()
#17 /home/latihtal/public_html/agregator1/index.php(6): Slim\Slim->run()
#18 {main} [] []
[2025-12-05 19:20:53] SlimMonoLogger.INFO: Cron ran at: 05-12-2025 07:20:53 PM [] []
[2025-12-05 19:25:59] SlimMonoLogger.INFO: Cron ran at: 05-12-2025 07:25:59 PM [] []
[2025-12-05 19:31:05] SlimMonoLogger.INFO: Cron ran at: 05-12-2025 07:31:05 PM [] []
[2025-12-05 19:35:59] SlimMonoLogger.INFO: Cron ran at: 05-12-2025 07:35:59 PM [] []
[2025-12-05 19:40:51] SlimMonoLogger.INFO: Cron ran at: 05-12-2025 07:40:51 PM [] []
[2025-12-05 19:45:58] SlimMonoLogger.INFO: Cron ran at: 05-12-2025 07:45:58 PM [] []
[2025-12-05 19:50:56] SlimMonoLogger.INFO: Cron ran at: 05-12-2025 07:50:56 PM [] []
[2025-12-05 19:55:51] SlimMonoLogger.INFO: Cron ran at: 05-12-2025 07:55:51 PM [] []
[2025-12-05 20:01:07] SlimMonoLogger.INFO: Cron ran at: 05-12-2025 08:01:07 PM [] []
[2025-12-05 20:05:52] SlimMonoLogger.INFO: Cron ran at: 05-12-2025 08:05:52 PM [] []
[2025-12-05 20:10:59] SlimMonoLogger.INFO: Cron ran at: 05-12-2025 08:10:59 PM [] []
[2025-12-05 20:16:02] SlimMonoLogger.INFO: Cron ran at: 05-12-2025 08:16:02 PM [] []
[2025-12-05 20:21:03] SlimMonoLogger.INFO: Cron ran at: 05-12-2025 08:21:03 PM [] []
[2025-12-05 20:25:53] SlimMonoLogger.INFO: Cron ran at: 05-12-2025 08:25:53 PM [] []
[2025-12-05 20:30:51] SlimMonoLogger.INFO: Cron ran at: 05-12-2025 08:30:51 PM [] []
[2025-12-05 20:35:50] SlimMonoLogger.INFO: Cron ran at: 05-12-2025 08:35:50 PM [] []
[2025-12-05 20:40:51] SlimMonoLogger.INFO: Cron ran at: 05-12-2025 08:40:51 PM [] []
[2025-12-05 20:45:48] SlimMonoLogger.INFO: Cron ran at: 05-12-2025 08:45:48 PM [] []
[2025-12-05 20:50:56] SlimMonoLogger.INFO: Cron ran at: 05-12-2025 08:50:56 PM [] []
[2025-12-05 20:55:50] SlimMonoLogger.INFO: Cron ran at: 05-12-2025 08:55:50 PM [] []
[2025-12-05 21:00:51] SlimMonoLogger.INFO: Cron ran at: 05-12-2025 09:00:51 PM [] []
[2025-12-05 21:05:54] SlimMonoLogger.INFO: Cron ran at: 05-12-2025 09:05:54 PM [] []
[2025-12-05 21:10:55] SlimMonoLogger.INFO: Cron ran at: 05-12-2025 09:10:55 PM [] []
[2025-12-05 21:16:00] SlimMonoLogger.INFO: Cron ran at: 05-12-2025 09:16:00 PM [] []
[2025-12-05 21:21:00] SlimMonoLogger.INFO: Cron ran at: 05-12-2025 09:21:00 PM [] []
[2025-12-05 21:25:54] SlimMonoLogger.INFO: Cron ran at: 05-12-2025 09:25:54 PM [] []
[2025-12-05 21:30:58] SlimMonoLogger.INFO: Cron ran at: 05-12-2025 09:30:58 PM [] []
[2025-12-05 21:35:52] SlimMonoLogger.INFO: Cron ran at: 05-12-2025 09:35:52 PM [] []
[2025-12-05 21:40:58] SlimMonoLogger.INFO: Cron ran at: 05-12-2025 09:40:58 PM [] []
[2025-12-05 21:45:54] SlimMonoLogger.INFO: Cron ran at: 05-12-2025 09:45:54 PM [] []
[2025-12-05 21:50:54] SlimMonoLogger.INFO: Cron ran at: 05-12-2025 09:50:54 PM [] []
[2025-12-05 21:55:57] SlimMonoLogger.INFO: Cron ran at: 05-12-2025 09:55:57 PM [] []
[2025-12-05 22:01:01] SlimMonoLogger.INFO: Cron ran at: 05-12-2025 10:01:01 PM [] []
[2025-12-05 22:05:54] SlimMonoLogger.INFO: Cron ran at: 05-12-2025 10:05:54 PM [] []
[2025-12-05 22:11:00] SlimMonoLogger.INFO: Cron ran at: 05-12-2025 10:11:00 PM [] []
[2025-12-05 22:15:56] SlimMonoLogger.INFO: Cron ran at: 05-12-2025 10:15:56 PM [] []
[2025-12-05 22:20:57] SlimMonoLogger.INFO: Cron ran at: 05-12-2025 10:20:57 PM [] []
[2025-12-05 22:25:52] SlimMonoLogger.INFO: Cron ran at: 05-12-2025 10:25:52 PM [] []
[2025-12-05 22:31:00] SlimMonoLogger.INFO: Cron ran at: 05-12-2025 10:31:00 PM [] []
[2025-12-05 22:35:57] SlimMonoLogger.INFO: Cron ran at: 05-12-2025 10:35:57 PM [] []
[2025-12-05 22:40:55] SlimMonoLogger.INFO: Cron ran at: 05-12-2025 10:40:55 PM [] []
[2025-12-05 22:45:50] SlimMonoLogger.INFO: Cron ran at: 05-12-2025 10:45:50 PM [] []
[2025-12-05 22:50:55] SlimMonoLogger.INFO: Cron ran at: 05-12-2025 10:50:55 PM [] []
[2025-12-05 22:55:55] SlimMonoLogger.INFO: Cron ran at: 05-12-2025 10:55:55 PM [] []
[2025-12-05 23:00:57] SlimMonoLogger.INFO: Cron ran at: 05-12-2025 11:00:57 PM [] []
[2025-12-05 23:05:54] SlimMonoLogger.INFO: Cron ran at: 05-12-2025 11:05:54 PM [] []
[2025-12-05 23:11:01] SlimMonoLogger.INFO: Cron ran at: 05-12-2025 11:11:01 PM [] []
[2025-12-05 23:16:05] SlimMonoLogger.INFO: Cron ran at: 05-12-2025 11:16:05 PM [] []
[2025-12-05 23:20:52] SlimMonoLogger.INFO: Cron ran at: 05-12-2025 11:20:52 PM [] []
[2025-12-05 23:25:51] SlimMonoLogger.INFO: Cron ran at: 05-12-2025 11:25:51 PM [] []
[2025-12-05 23:30:54] SlimMonoLogger.INFO: Cron ran at: 05-12-2025 11:30:54 PM [] []
[2025-12-05 23:35:50] SlimMonoLogger.INFO: Cron ran at: 05-12-2025 11:35:50 PM [] []
[2025-12-05 23:40:54] SlimMonoLogger.INFO: Cron ran at: 05-12-2025 11:40:54 PM [] []
[2025-12-05 23:45:48] SlimMonoLogger.INFO: Cron ran at: 05-12-2025 11:45:48 PM [] []
[2025-12-05 23:50:56] SlimMonoLogger.INFO: Cron ran at: 05-12-2025 11:50:56 PM [] []
[2025-12-05 23:55:54] SlimMonoLogger.INFO: Cron ran at: 05-12-2025 11:55:54 PM [] []
[2025-12-06 00:00:51] SlimMonoLogger.INFO: Cron ran at: 06-12-2025 12:00:51 AM [] []
[2025-12-06 00:06:04] SlimMonoLogger.INFO: Cron ran at: 06-12-2025 12:06:04 AM [] []
[2025-12-06 00:10:51] SlimMonoLogger.INFO: Cron ran at: 06-12-2025 12:10:51 AM [] []
[2025-12-06 00:15:46] SlimMonoLogger.INFO: Cron ran at: 06-12-2025 12:15:46 AM [] []
[2025-12-06 00:20:50] SlimMonoLogger.INFO: Cron ran at: 06-12-2025 12:20:50 AM [] []
[2025-12-06 00:25:55] SlimMonoLogger.INFO: Cron ran at: 06-12-2025 12:25:55 AM [] []
[2025-12-06 00:30:48] SlimMonoLogger.INFO: Cron ran at: 06-12-2025 12:30:48 AM [] []
[2025-12-06 00:35:55] SlimMonoLogger.INFO: Cron ran at: 06-12-2025 12:35:55 AM [] []
[2025-12-06 00:40:48] SlimMonoLogger.INFO: Cron ran at: 06-12-2025 12:40:48 AM [] []
[2025-12-06 00:45:51] SlimMonoLogger.INFO: Cron ran at: 06-12-2025 12:45:51 AM [] []
[2025-12-06 00:50:55] SlimMonoLogger.INFO: Cron ran at: 06-12-2025 12:50:55 AM [] []
[2025-12-06 00:55:48] SlimMonoLogger.INFO: Cron ran at: 06-12-2025 12:55:48 AM [] []
