[2026-03-06 01:01:27] SlimMonoLogger.INFO: Cron ran at: 06-03-2026 01:01:27 AM [] []
[2026-03-06 01:06:24] SlimMonoLogger.INFO: Cron ran at: 06-03-2026 01:06:24 AM [] []
[2026-03-06 01:11:21] SlimMonoLogger.INFO: Cron ran at: 06-03-2026 01:11:21 AM [] []
[2026-03-06 01:16:13] SlimMonoLogger.INFO: Cron ran at: 06-03-2026 01:16:13 AM [] []
[2026-03-06 01:21:19] SlimMonoLogger.INFO: Cron ran at: 06-03-2026 01:21:19 AM [] []
[2026-03-06 01:26:27] SlimMonoLogger.INFO: Cron ran at: 06-03-2026 01:26:27 AM [] []
[2026-03-06 01:31:22] SlimMonoLogger.INFO: Cron ran at: 06-03-2026 01:31:22 AM [] []
[2026-03-06 01:36:16] SlimMonoLogger.INFO: Cron ran at: 06-03-2026 01:36:16 AM [] []
[2026-03-06 01:41:14] SlimMonoLogger.INFO: Cron ran at: 06-03-2026 01:41:14 AM [] []
[2026-03-06 01:46:21] SlimMonoLogger.INFO: Cron ran at: 06-03-2026 01:46:21 AM [] []
[2026-03-06 01:51:15] SlimMonoLogger.INFO: Cron ran at: 06-03-2026 01:51:15 AM [] []
[2026-03-06 01:56:19] SlimMonoLogger.INFO: Cron ran at: 06-03-2026 01:56:19 AM [] []
[2026-03-06 02:01:21] SlimMonoLogger.INFO: Cron ran at: 06-03-2026 02:01:21 AM [] []
[2026-03-06 02:06:18] SlimMonoLogger.INFO: Cron ran at: 06-03-2026 02:06:18 AM [] []
[2026-03-06 02:11:19] SlimMonoLogger.INFO: Cron ran at: 06-03-2026 02:11:19 AM [] []
[2026-03-06 02:16:15] SlimMonoLogger.INFO: Cron ran at: 06-03-2026 02:16:15 AM [] []
[2026-03-06 02:21:14] SlimMonoLogger.INFO: Cron ran at: 06-03-2026 02:21:14 AM [] []
[2026-03-06 02:26:13] SlimMonoLogger.INFO: Cron ran at: 06-03-2026 02:26:13 AM [] []
[2026-03-06 02:31:14] SlimMonoLogger.INFO: Cron ran at: 06-03-2026 02:31:14 AM [] []
[2026-03-06 02:36:10] SlimMonoLogger.INFO: Cron ran at: 06-03-2026 02:36:10 AM [] []
[2026-03-06 02:41:17] SlimMonoLogger.INFO: Cron ran at: 06-03-2026 02:41:17 AM [] []
[2026-03-06 02:46:13] SlimMonoLogger.INFO: Cron ran at: 06-03-2026 02:46:13 AM [] []
[2026-03-06 02:51:12] SlimMonoLogger.INFO: Cron ran at: 06-03-2026 02:51:12 AM [] []
[2026-03-06 02:56:16] SlimMonoLogger.INFO: Cron ran at: 06-03-2026 02:56:16 AM [] []
[2026-03-06 03:01:29] SlimMonoLogger.INFO: Cron ran at: 06-03-2026 03:01:29 AM [] []
[2026-03-06 03:06:17] SlimMonoLogger.INFO: Cron ran at: 06-03-2026 03:06:17 AM [] []
[2026-03-06 03:11:25] SlimMonoLogger.INFO: Cron ran at: 06-03-2026 03:11:25 AM [] []
[2026-03-06 03:18:33] SlimMonoLogger.INFO: Cron ran at: 06-03-2026 03:18:33 AM [] []
[2026-03-06 03:22:38] SlimMonoLogger.INFO: Cron ran at: 06-03-2026 03:22:38 AM [] []
[2026-03-06 03:26:14] SlimMonoLogger.INFO: Cron ran at: 06-03-2026 03:26:14 AM [] []
[2026-03-06 03:31:14] SlimMonoLogger.INFO: Cron ran at: 06-03-2026 03:31:14 AM [] []
[2026-03-06 03:36:21] SlimMonoLogger.INFO: Cron ran at: 06-03-2026 03:36:21 AM [] []
[2026-03-06 03:41:15] SlimMonoLogger.INFO: Cron ran at: 06-03-2026 03:41:15 AM [] []
[2026-03-06 03:46:16] SlimMonoLogger.INFO: Cron ran at: 06-03-2026 03:46:16 AM [] []
[2026-03-06 03:51:19] SlimMonoLogger.INFO: Cron ran at: 06-03-2026 03:51:19 AM [] []
[2026-03-06 03:56:12] SlimMonoLogger.INFO: Cron ran at: 06-03-2026 03:56:12 AM [] []
[2026-03-06 04:01:25] SlimMonoLogger.INFO: Cron ran at: 06-03-2026 04:01:25 AM [] []
[2026-03-06 04:06:15] SlimMonoLogger.INFO: Cron ran at: 06-03-2026 04:06:15 AM [] []
[2026-03-06 04:11:17] SlimMonoLogger.INFO: Cron ran at: 06-03-2026 04:11:17 AM [] []
[2026-03-06 04:17:08] SlimMonoLogger.INFO: Cron ran at: 06-03-2026 04:17:08 AM [] []
[2026-03-06 04:21:17] SlimMonoLogger.INFO: Cron ran at: 06-03-2026 04:21:17 AM [] []
[2026-03-06 04:26:11] SlimMonoLogger.INFO: Cron ran at: 06-03-2026 04:26:11 AM [] []
[2026-03-06 04:31:14] SlimMonoLogger.INFO: Cron ran at: 06-03-2026 04:31:14 AM [] []
[2026-03-06 04:36:13] SlimMonoLogger.INFO: Cron ran at: 06-03-2026 04:36:13 AM [] []
[2026-03-06 04:41:18] SlimMonoLogger.INFO: Cron ran at: 06-03-2026 04:41:18 AM [] []
[2026-03-06 04:46:32] SlimMonoLogger.INFO: Cron ran at: 06-03-2026 04:46:32 AM [] []
[2026-03-06 04:51:28] SlimMonoLogger.INFO: Cron ran at: 06-03-2026 04:51:28 AM [] []
[2026-03-06 04:56:24] SlimMonoLogger.INFO: Cron ran at: 06-03-2026 04:56:24 AM [] []
[2026-03-06 05:01:37] SlimMonoLogger.INFO: Cron ran at: 06-03-2026 05:01:37 AM [] []
[2026-03-06 05:06:30] SlimMonoLogger.INFO: Cron ran at: 06-03-2026 05:06:30 AM [] []
[2026-03-06 05:11:31] SlimMonoLogger.INFO: Cron ran at: 06-03-2026 05:11:31 AM [] []
[2026-03-06 05:16:25] SlimMonoLogger.INFO: Cron ran at: 06-03-2026 05:16:25 AM [] []
[2026-03-06 05:21:31] SlimMonoLogger.INFO: Cron ran at: 06-03-2026 05:21:31 AM [] []
[2026-03-06 05:26:32] SlimMonoLogger.INFO: Cron ran at: 06-03-2026 05:26:32 AM [] []
[2026-03-06 05:31:30] SlimMonoLogger.INFO: Cron ran at: 06-03-2026 05:31:30 AM [] []
[2026-03-06 05:36:36] SlimMonoLogger.INFO: Cron ran at: 06-03-2026 05:36:36 AM [] []
[2026-03-06 05:41:24] SlimMonoLogger.INFO: Cron ran at: 06-03-2026 05:41:24 AM [] []
[2026-03-06 05:46:24] SlimMonoLogger.INFO: Cron ran at: 06-03-2026 05:46:24 AM [] []
[2026-03-06 05:51:28] SlimMonoLogger.INFO: Cron ran at: 06-03-2026 05:51:28 AM [] []
[2026-03-06 05:56:33] SlimMonoLogger.INFO: Cron ran at: 06-03-2026 05:56:33 AM [] []
[2026-03-06 06:01:29] SlimMonoLogger.INFO: Cron ran at: 06-03-2026 06:01:29 AM [] []
[2026-03-06 06:06:24] SlimMonoLogger.INFO: Cron ran at: 06-03-2026 06:06:24 AM [] []
[2026-03-06 06:11:21] SlimMonoLogger.INFO: Cron ran at: 06-03-2026 06:11:21 AM [] []
[2026-03-06 06:16:25] SlimMonoLogger.INFO: Cron ran at: 06-03-2026 06:16:25 AM [] []
[2026-03-06 06:21:23] SlimMonoLogger.INFO: Cron ran at: 06-03-2026 06:21:23 AM [] []
[2026-03-06 06:26:25] SlimMonoLogger.INFO: Cron ran at: 06-03-2026 06:26:25 AM [] []
[2026-03-06 06:31:26] SlimMonoLogger.INFO: Cron ran at: 06-03-2026 06:31:26 AM [] []
[2026-03-06 06:36:23] SlimMonoLogger.INFO: Cron ran at: 06-03-2026 06:36:23 AM [] []
[2026-03-06 06:41:30] SlimMonoLogger.INFO: Cron ran at: 06-03-2026 06:41:30 AM [] []
[2026-03-06 06:46:30] SlimMonoLogger.INFO: Cron ran at: 06-03-2026 06:46:30 AM [] []
[2026-03-06 06:51:29] SlimMonoLogger.INFO: Cron ran at: 06-03-2026 06:51:29 AM [] []
[2026-03-06 06:56:19] SlimMonoLogger.INFO: Cron ran at: 06-03-2026 06:56:19 AM [] []
[2026-03-06 07:01:23] SlimMonoLogger.INFO: Cron ran at: 06-03-2026 07:01:23 AM [] []
[2026-03-06 07:06:11] SlimMonoLogger.INFO: Cron ran at: 06-03-2026 07:06:11 AM [] []
[2026-03-06 07:11:23] SlimMonoLogger.INFO: Cron ran at: 06-03-2026 07:11:23 AM [] []
[2026-03-06 07:16:27] SlimMonoLogger.INFO: Cron ran at: 06-03-2026 07:16:27 AM [] []
[2026-03-06 07:21:28] SlimMonoLogger.INFO: Cron ran at: 06-03-2026 07:21:28 AM [] []
[2026-03-06 07:26:30] SlimMonoLogger.INFO: Cron ran at: 06-03-2026 07:26:30 AM [] []
[2026-03-06 07:31:25] SlimMonoLogger.INFO: Cron ran at: 06-03-2026 07:31:25 AM [] []
[2026-03-06 07:36:24] SlimMonoLogger.INFO: Cron ran at: 06-03-2026 07:36:24 AM [] []
[2026-03-06 07:41:31] SlimMonoLogger.INFO: Cron ran at: 06-03-2026 07:41:31 AM [] []
[2026-03-06 07:46:37] SlimMonoLogger.INFO: Cron ran at: 06-03-2026 07:46:37 AM [] []
[2026-03-06 07:51:30] SlimMonoLogger.INFO: Cron ran at: 06-03-2026 07:51:30 AM [] []
[2026-03-06 07:56:28] SlimMonoLogger.INFO: Cron ran at: 06-03-2026 07:56:28 AM [] []
[2026-03-06 08:01:50] SlimMonoLogger.INFO: Cron ran at: 06-03-2026 08:01:50 AM [] []
[2026-03-06 08:06:15] SlimMonoLogger.INFO: Cron ran at: 06-03-2026 08:06:15 AM [] []
[2026-03-06 08:11:38] SlimMonoLogger.INFO: Cron ran at: 06-03-2026 08:11:38 AM [] []
[2026-03-06 08:16:34] SlimMonoLogger.INFO: Cron ran at: 06-03-2026 08:16:34 AM [] []
[2026-03-06 08:21:31] SlimMonoLogger.INFO: Cron ran at: 06-03-2026 08:21:31 AM [] []
[2026-03-06 08:26:29] SlimMonoLogger.INFO: Cron ran at: 06-03-2026 08:26:29 AM [] []
[2026-03-06 08:31:24] SlimMonoLogger.INFO: Cron ran at: 06-03-2026 08:31:24 AM [] []
[2026-03-06 08:36:28] SlimMonoLogger.ERROR: PDOException: SQLSTATE[HY000]: General error: 2006 Server has gone away in /home/latihtal/public_html/agregator1/src/framework/PDO/Statement/StatementContainer.php:518
Stack trace:
#0 /home/latihtal/public_html/agregator1/src/framework/PDO/Statement/StatementContainer.php(518): PDO->prepare()
#1 /home/latihtal/public_html/agregator1/src/framework/PDO/Statement/StatementContainer.php(428): Slim\PDO\Statement\StatementContainer->getStatement()
#2 /home/latihtal/public_html/agregator1/src/framework/PDO/Statement/SelectStatement.php(411): Slim\PDO\Statement\StatementContainer->execute()
#3 /home/latihtal/public_html/agregator1/src/models/Model.php(212): Slim\PDO\Statement\SelectStatement->execute()
#4 /home/latihtal/public_html/agregator1/src/controllers/Dashboard/DashboardFeedsController.php(546): spark\models\Model->countRows()
#5 /home/latihtal/public_html/agregator1/src/controllers/Site/SiteController.php(722): spark\controllers\Dashboard\DashboardFeedsController::importFeedPosts()
#6 [internal function]: spark\controllers\Site\SiteController->runTasks()
#7 /home/latihtal/public_html/agregator1/src/framework/Route.php(173): call_user_func_array()
#8 [internal function]: Slim\Route->Slim\{closure}()
#9 /home/latihtal/public_html/agregator1/src/framework/Route.php(468): call_user_func_array()
#10 /home/latihtal/public_html/agregator1/src/framework/Slim.php(1364): Slim\Route->dispatch()
#11 /home/latihtal/public_html/agregator1/src/framework/Middleware/Flash.php(85): Slim\Slim->call()
#12 /home/latihtal/public_html/agregator1/src/framework/Middleware/MethodOverride.php(92): Slim\Middleware\Flash->call()
#13 /home/latihtal/public_html/agregator1/src/middlewares/CsrfGuard/CsrfGuard.php(47): Slim\Middleware\MethodOverride->call()
#14 /home/latihtal/public_html/agregator1/src/framework/Middleware/PrettyExceptions.php(67): spark\middlewares\CsrfGuard\CsrfGuard->call()
#15 /home/latihtal/public_html/agregator1/src/framework/Slim.php(1308): Slim\Middleware\PrettyExceptions->call()
#16 /home/latihtal/public_html/agregator1/index.php(6): Slim\Slim->run()
#17 {main} [] []
[2026-03-06 08:41:30] SlimMonoLogger.INFO: Cron ran at: 06-03-2026 08:41:30 AM [] []
[2026-03-06 08:46:50] SlimMonoLogger.INFO: Cron ran at: 06-03-2026 08:46:50 AM [] []
[2026-03-06 08:51:48] SlimMonoLogger.INFO: Cron ran at: 06-03-2026 08:51:48 AM [] []
[2026-03-06 09:07:24] SlimMonoLogger.INFO: Cron ran at: 06-03-2026 09:07:24 AM [] []
[2026-03-06 09:11:51] SlimMonoLogger.INFO: Cron ran at: 06-03-2026 09:11:51 AM [] []
[2026-03-06 09:16:49] SlimMonoLogger.INFO: Cron ran at: 06-03-2026 09:16:49 AM [] []
[2026-03-06 09:21:56] SlimMonoLogger.INFO: Cron ran at: 06-03-2026 09:21:56 AM [] []
[2026-03-06 09:26:52] SlimMonoLogger.INFO: Cron ran at: 06-03-2026 09:26:52 AM [] []
[2026-03-06 09:31:45] SlimMonoLogger.INFO: Cron ran at: 06-03-2026 09:31:45 AM [] []
[2026-03-06 09:36:35] SlimMonoLogger.INFO: Cron ran at: 06-03-2026 09:36:35 AM [] []
[2026-03-06 09:47:06] SlimMonoLogger.INFO: Cron ran at: 06-03-2026 09:47:06 AM [] []
[2026-03-06 09:51:46] SlimMonoLogger.INFO: Cron ran at: 06-03-2026 09:51:46 AM [] []
[2026-03-06 10:07:08] SlimMonoLogger.INFO: Cron ran at: 06-03-2026 10:07:08 AM [] []
[2026-03-06 10:11:38] SlimMonoLogger.INFO: Cron ran at: 06-03-2026 10:11:38 AM [] []
[2026-03-06 10:16:45] SlimMonoLogger.INFO: Cron ran at: 06-03-2026 10:16:45 AM [] []
[2026-03-06 10:21:45] SlimMonoLogger.INFO: Cron ran at: 06-03-2026 10:21:45 AM [] []
[2026-03-06 10:26:57] SlimMonoLogger.INFO: Cron ran at: 06-03-2026 10:26:57 AM [] []
[2026-03-06 10:31:53] SlimMonoLogger.INFO: Cron ran at: 06-03-2026 10:31:53 AM [] []
[2026-03-06 10:36:40] SlimMonoLogger.INFO: Cron ran at: 06-03-2026 10:36:40 AM [] []
[2026-03-06 10:41:41] SlimMonoLogger.INFO: Cron ran at: 06-03-2026 10:41:41 AM [] []
[2026-03-06 10:46:47] SlimMonoLogger.INFO: Cron ran at: 06-03-2026 10:46:47 AM [] []
[2026-03-06 10:51:55] SlimMonoLogger.INFO: Cron ran at: 06-03-2026 10:51:55 AM [] []
[2026-03-06 10:56:43] SlimMonoLogger.INFO: Cron ran at: 06-03-2026 10:56:43 AM [] []
[2026-03-06 11:01:40] SlimMonoLogger.INFO: Cron ran at: 06-03-2026 11:01:40 AM [] []
[2026-03-06 11:06:40] SlimMonoLogger.INFO: Cron ran at: 06-03-2026 11:06:40 AM [] []
[2026-03-06 11:11:47] SlimMonoLogger.INFO: Cron ran at: 06-03-2026 11:11:47 AM [] []
[2026-03-06 11:16:44] SlimMonoLogger.INFO: Cron ran at: 06-03-2026 11:16:44 AM [] []
[2026-03-06 11:21:56] SlimMonoLogger.INFO: Cron ran at: 06-03-2026 11:21:56 AM [] []
[2026-03-06 11:26:35] SlimMonoLogger.INFO: Cron ran at: 06-03-2026 11:26:35 AM [] []
[2026-03-06 11:31:46] SlimMonoLogger.INFO: Cron ran at: 06-03-2026 11:31:46 AM [] []
[2026-03-06 11:36:53] SlimMonoLogger.INFO: Cron ran at: 06-03-2026 11:36:53 AM [] []
[2026-03-06 11:42:04] SlimMonoLogger.INFO: Cron ran at: 06-03-2026 11:42:04 AM [] []
[2026-03-06 11:47:06] SlimMonoLogger.INFO: Cron ran at: 06-03-2026 11:47:06 AM [] []
[2026-03-06 11:51:52] SlimMonoLogger.INFO: Cron ran at: 06-03-2026 11:51:52 AM [] []
[2026-03-06 11:56:51] SlimMonoLogger.INFO: Cron ran at: 06-03-2026 11:56:51 AM [] []
[2026-03-06 12:01:39] SlimMonoLogger.INFO: Cron ran at: 06-03-2026 12:01:39 PM [] []
[2026-03-06 12:06:43] SlimMonoLogger.INFO: Cron ran at: 06-03-2026 12:06:43 PM [] []
[2026-03-06 12:11:59] SlimMonoLogger.INFO: Cron ran at: 06-03-2026 12:11:59 PM [] []
[2026-03-06 12:16:53] SlimMonoLogger.INFO: Cron ran at: 06-03-2026 12:16:53 PM [] []
[2026-03-06 12:21:55] SlimMonoLogger.INFO: Cron ran at: 06-03-2026 12:21:55 PM [] []
[2026-03-06 12:27:06] SlimMonoLogger.INFO: Cron ran at: 06-03-2026 12:27:06 PM [] []
[2026-03-06 12:31:46] SlimMonoLogger.INFO: Cron ran at: 06-03-2026 12:31:46 PM [] []
[2026-03-06 12:37:03] SlimMonoLogger.INFO: Cron ran at: 06-03-2026 12:37:03 PM [] []
[2026-03-06 12:41:59] SlimMonoLogger.INFO: Cron ran at: 06-03-2026 12:41:59 PM [] []
[2026-03-06 12:46:48] SlimMonoLogger.INFO: Cron ran at: 06-03-2026 12:46:48 PM [] []
[2026-03-06 12:51:52] SlimMonoLogger.INFO: Cron ran at: 06-03-2026 12:51:52 PM [] []
[2026-03-06 12:56:50] SlimMonoLogger.INFO: Cron ran at: 06-03-2026 12:56:50 PM [] []
[2026-03-06 13:01:40] SlimMonoLogger.INFO: Cron ran at: 06-03-2026 01:01:40 PM [] []
[2026-03-06 13:06:37] SlimMonoLogger.INFO: Cron ran at: 06-03-2026 01:06:37 PM [] []
[2026-03-06 13:11:47] SlimMonoLogger.INFO: Cron ran at: 06-03-2026 01:11:47 PM [] []
[2026-03-06 13:16:54] SlimMonoLogger.INFO: Cron ran at: 06-03-2026 01:16:54 PM [] []
[2026-03-06 13:21:44] SlimMonoLogger.INFO: Cron ran at: 06-03-2026 01:21:44 PM [] []
[2026-03-06 13:26:55] SlimMonoLogger.INFO: Cron ran at: 06-03-2026 01:26:55 PM [] []
[2026-03-06 13:31:45] SlimMonoLogger.INFO: Cron ran at: 06-03-2026 01:31:45 PM [] []
[2026-03-06 13:36:44] SlimMonoLogger.INFO: Cron ran at: 06-03-2026 01:36:44 PM [] []
[2026-03-06 13:41:53] SlimMonoLogger.INFO: Cron ran at: 06-03-2026 01:41:53 PM [] []
[2026-03-06 13:46:50] SlimMonoLogger.INFO: Cron ran at: 06-03-2026 01:46:50 PM [] []
[2026-03-06 13:51:46] SlimMonoLogger.INFO: Cron ran at: 06-03-2026 01:51:46 PM [] []
[2026-03-06 13:56:25] SlimMonoLogger.INFO: Cron ran at: 06-03-2026 01:56:25 PM [] []
[2026-03-06 14:01:58] SlimMonoLogger.INFO: Cron ran at: 06-03-2026 02:01:58 PM [] []
[2026-03-06 14:06:34] SlimMonoLogger.INFO: Cron ran at: 06-03-2026 02:06:34 PM [] []
[2026-03-06 14:11:45] SlimMonoLogger.INFO: Cron ran at: 06-03-2026 02:11:45 PM [] []
[2026-03-06 14:16:49] SlimMonoLogger.INFO: Cron ran at: 06-03-2026 02:16:49 PM [] []
[2026-03-06 14:21:43] SlimMonoLogger.INFO: Cron ran at: 06-03-2026 02:21:43 PM [] []
[2026-03-06 14:26:40] SlimMonoLogger.INFO: Cron ran at: 06-03-2026 02:26:40 PM [] []
[2026-03-06 14:31:49] SlimMonoLogger.INFO: Cron ran at: 06-03-2026 02:31:49 PM [] []
[2026-03-06 14:36:50] SlimMonoLogger.INFO: Cron ran at: 06-03-2026 02:36:50 PM [] []
[2026-03-06 14:41:47] SlimMonoLogger.INFO: Cron ran at: 06-03-2026 02:41:47 PM [] []
[2026-03-06 14:46:41] SlimMonoLogger.INFO: Cron ran at: 06-03-2026 02:46:41 PM [] []
[2026-03-06 14:51:31] SlimMonoLogger.INFO: Cron ran at: 06-03-2026 02:51:31 PM [] []
[2026-03-06 14:56:27] SlimMonoLogger.INFO: Cron ran at: 06-03-2026 02:56:27 PM [] []
[2026-03-06 15:01:47] SlimMonoLogger.INFO: Cron ran at: 06-03-2026 03:01:47 PM [] []
[2026-03-06 15:06:51] SlimMonoLogger.INFO: Cron ran at: 06-03-2026 03:06:51 PM [] []
[2026-03-06 15:11:28] SlimMonoLogger.INFO: Cron ran at: 06-03-2026 03:11:28 PM [] []
[2026-03-06 15:16:40] SlimMonoLogger.INFO: Cron ran at: 06-03-2026 03:16:40 PM [] []
[2026-03-06 15:21:46] SlimMonoLogger.INFO: Cron ran at: 06-03-2026 03:21:46 PM [] []
[2026-03-06 15:31:57] SlimMonoLogger.INFO: Cron ran at: 06-03-2026 03:31:57 PM [] []
[2026-03-06 15:34:16] SlimMonoLogger.ERROR: Requests_Exception: cURL error 28: Operation timed out after 500001 milliseconds with 0 bytes received in /home/latihtal/public_html/agregator1/src/vendor/rmccue/requests/library/Requests/Transport/cURL.php:422
Stack trace:
#0 /home/latihtal/public_html/agregator1/src/vendor/rmccue/requests/library/Requests/Transport/cURL.php(177): Requests_Transport_cURL->process_response()
#1 /home/latihtal/public_html/agregator1/src/vendor/rmccue/requests/library/Requests.php(379): Requests_Transport_cURL->request()
#2 /home/latihtal/public_html/agregator1/src/vendor/rmccue/requests/library/Requests/Session.php(205): Requests::request()
#3 /home/latihtal/public_html/agregator1/src/vendor/rmccue/requests/library/Requests/Session.php(132): Requests_Session->request()
#4 /home/latihtal/public_html/agregator1/src/drivers/Http/RssImporter.php(144): Requests_Session->get()
#5 /home/latihtal/public_html/agregator1/src/controllers/Dashboard/DashboardFeedsController.php(534): spark\drivers\Http\RssImporter->fetchPosts()
#6 /home/latihtal/public_html/agregator1/src/controllers/Site/SiteController.php(722): spark\controllers\Dashboard\DashboardFeedsController::importFeedPosts()
#7 [internal function]: spark\controllers\Site\SiteController->runTasks()
#8 /home/latihtal/public_html/agregator1/src/framework/Route.php(173): call_user_func_array()
#9 [internal function]: Slim\Route->Slim\{closure}()
#10 /home/latihtal/public_html/agregator1/src/framework/Route.php(468): call_user_func_array()
#11 /home/latihtal/public_html/agregator1/src/framework/Slim.php(1364): Slim\Route->dispatch()
#12 /home/latihtal/public_html/agregator1/src/framework/Middleware/Flash.php(85): Slim\Slim->call()
#13 /home/latihtal/public_html/agregator1/src/framework/Middleware/MethodOverride.php(92): Slim\Middleware\Flash->call()
#14 /home/latihtal/public_html/agregator1/src/middlewares/CsrfGuard/CsrfGuard.php(47): Slim\Middleware\MethodOverride->call()
#15 /home/latihtal/public_html/agregator1/src/framework/Middleware/PrettyExceptions.php(67): spark\middlewares\CsrfGuard\CsrfGuard->call()
#16 /home/latihtal/public_html/agregator1/src/framework/Slim.php(1308): Slim\Middleware\PrettyExceptions->call()
#17 /home/latihtal/public_html/agregator1/index.php(6): Slim\Slim->run()
#18 {main} [] []
[2026-03-06 15:35:11] SlimMonoLogger.INFO: Cron ran at: 06-03-2026 03:35:11 PM [] []
[2026-03-06 15:36:51] SlimMonoLogger.INFO: Cron ran at: 06-03-2026 03:36:51 PM [] []
[2026-03-06 15:41:52] SlimMonoLogger.INFO: Cron ran at: 06-03-2026 03:41:52 PM [] []
[2026-03-06 15:46:34] SlimMonoLogger.INFO: Cron ran at: 06-03-2026 03:46:34 PM [] []
[2026-03-06 15:51:45] SlimMonoLogger.INFO: Cron ran at: 06-03-2026 03:51:45 PM [] []
[2026-03-06 15:56:47] SlimMonoLogger.INFO: Cron ran at: 06-03-2026 03:56:47 PM [] []
[2026-03-06 16:01:37] SlimMonoLogger.INFO: Cron ran at: 06-03-2026 04:01:37 PM [] []
[2026-03-06 16:06:36] SlimMonoLogger.INFO: Cron ran at: 06-03-2026 04:06:36 PM [] []
[2026-03-06 16:11:39] SlimMonoLogger.INFO: Cron ran at: 06-03-2026 04:11:39 PM [] []
[2026-03-06 16:17:16] SlimMonoLogger.INFO: Cron ran at: 06-03-2026 04:17:16 PM [] []
[2026-03-06 16:21:38] SlimMonoLogger.INFO: Cron ran at: 06-03-2026 04:21:38 PM [] []
[2026-03-06 16:26:39] SlimMonoLogger.INFO: Cron ran at: 06-03-2026 04:26:39 PM [] []
[2026-03-06 16:31:48] SlimMonoLogger.INFO: Cron ran at: 06-03-2026 04:31:48 PM [] []
[2026-03-06 16:36:55] SlimMonoLogger.INFO: Cron ran at: 06-03-2026 04:36:55 PM [] []
[2026-03-06 16:41:45] SlimMonoLogger.INFO: Cron ran at: 06-03-2026 04:41:45 PM [] []
[2026-03-06 16:46:41] SlimMonoLogger.INFO: Cron ran at: 06-03-2026 04:46:41 PM [] []
[2026-03-06 16:51:31] SlimMonoLogger.INFO: Cron ran at: 06-03-2026 04:51:31 PM [] []
[2026-03-06 16:56:37] SlimMonoLogger.INFO: Cron ran at: 06-03-2026 04:56:37 PM [] []
[2026-03-06 17:01:46] SlimMonoLogger.INFO: Cron ran at: 06-03-2026 05:01:46 PM [] []
[2026-03-06 17:06:37] SlimMonoLogger.INFO: Cron ran at: 06-03-2026 05:06:37 PM [] []
[2026-03-06 17:11:35] SlimMonoLogger.INFO: Cron ran at: 06-03-2026 05:11:35 PM [] []
[2026-03-06 17:16:42] SlimMonoLogger.INFO: Cron ran at: 06-03-2026 05:16:42 PM [] []
[2026-03-06 17:21:54] SlimMonoLogger.INFO: Cron ran at: 06-03-2026 05:21:54 PM [] []
[2026-03-06 17:26:37] SlimMonoLogger.INFO: Cron ran at: 06-03-2026 05:26:37 PM [] []
[2026-03-06 17:31:41] SlimMonoLogger.INFO: Cron ran at: 06-03-2026 05:31:41 PM [] []
[2026-03-06 17:36:39] SlimMonoLogger.INFO: Cron ran at: 06-03-2026 05:36:39 PM [] []
[2026-03-06 17:41:43] SlimMonoLogger.INFO: Cron ran at: 06-03-2026 05:41:43 PM [] []
[2026-03-06 17:46:43] SlimMonoLogger.INFO: Cron ran at: 06-03-2026 05:46:43 PM [] []
[2026-03-06 17:51:37] SlimMonoLogger.INFO: Cron ran at: 06-03-2026 05:51:37 PM [] []
[2026-03-06 17:56:38] SlimMonoLogger.INFO: Cron ran at: 06-03-2026 05:56:38 PM [] []
[2026-03-06 18:01:50] SlimMonoLogger.INFO: Cron ran at: 06-03-2026 06:01:50 PM [] []
[2026-03-06 18:06:41] SlimMonoLogger.INFO: Cron ran at: 06-03-2026 06:06:41 PM [] []
[2026-03-06 18:11:35] SlimMonoLogger.INFO: Cron ran at: 06-03-2026 06:11:35 PM [] []
[2026-03-06 18:16:31] SlimMonoLogger.INFO: Cron ran at: 06-03-2026 06:16:31 PM [] []
[2026-03-06 18:21:40] SlimMonoLogger.INFO: Cron ran at: 06-03-2026 06:21:40 PM [] []
[2026-03-06 18:26:19] SlimMonoLogger.INFO: Cron ran at: 06-03-2026 06:26:19 PM [] []
[2026-03-06 18:31:33] SlimMonoLogger.INFO: Cron ran at: 06-03-2026 06:31:33 PM [] []
[2026-03-06 18:36:32] SlimMonoLogger.INFO: Cron ran at: 06-03-2026 06:36:32 PM [] []
[2026-03-06 18:41:41] SlimMonoLogger.INFO: Cron ran at: 06-03-2026 06:41:41 PM [] []
[2026-03-06 18:46:47] SlimMonoLogger.INFO: Cron ran at: 06-03-2026 06:46:47 PM [] []
[2026-03-06 18:51:37] SlimMonoLogger.INFO: Cron ran at: 06-03-2026 06:51:37 PM [] []
[2026-03-06 18:56:31] SlimMonoLogger.INFO: Cron ran at: 06-03-2026 06:56:31 PM [] []
[2026-03-06 19:01:35] SlimMonoLogger.INFO: Cron ran at: 06-03-2026 07:01:35 PM [] []
[2026-03-06 19:06:33] SlimMonoLogger.INFO: Cron ran at: 06-03-2026 07:06:33 PM [] []
[2026-03-06 19:11:26] SlimMonoLogger.INFO: Cron ran at: 06-03-2026 07:11:26 PM [] []
[2026-03-06 19:16:30] SlimMonoLogger.INFO: Cron ran at: 06-03-2026 07:16:30 PM [] []
[2026-03-06 19:21:39] SlimMonoLogger.INFO: Cron ran at: 06-03-2026 07:21:39 PM [] []
[2026-03-06 19:26:21] SlimMonoLogger.INFO: Cron ran at: 06-03-2026 07:26:21 PM [] []
[2026-03-06 19:31:21] SlimMonoLogger.INFO: Cron ran at: 06-03-2026 07:31:21 PM [] []
[2026-03-06 19:36:36] SlimMonoLogger.INFO: Cron ran at: 06-03-2026 07:36:36 PM [] []
[2026-03-06 19:41:34] SlimMonoLogger.INFO: Cron ran at: 06-03-2026 07:41:34 PM [] []
[2026-03-06 19:46:29] SlimMonoLogger.INFO: Cron ran at: 06-03-2026 07:46:29 PM [] []
[2026-03-06 19:51:33] SlimMonoLogger.INFO: Cron ran at: 06-03-2026 07:51:33 PM [] []
[2026-03-06 19:56:27] SlimMonoLogger.INFO: Cron ran at: 06-03-2026 07:56:27 PM [] []
[2026-03-06 20:01:40] SlimMonoLogger.INFO: Cron ran at: 06-03-2026 08:01:40 PM [] []
[2026-03-06 20:06:43] SlimMonoLogger.INFO: Cron ran at: 06-03-2026 08:06:43 PM [] []
[2026-03-06 20:11:51] SlimMonoLogger.INFO: Cron ran at: 06-03-2026 08:11:51 PM [] []
[2026-03-06 20:16:37] SlimMonoLogger.INFO: Cron ran at: 06-03-2026 08:16:37 PM [] []
[2026-03-06 20:21:43] SlimMonoLogger.INFO: Cron ran at: 06-03-2026 08:21:43 PM [] []
[2026-03-06 20:26:42] SlimMonoLogger.INFO: Cron ran at: 06-03-2026 08:26:42 PM [] []
[2026-03-06 20:31:31] SlimMonoLogger.INFO: Cron ran at: 06-03-2026 08:31:31 PM [] []
[2026-03-06 20:36:38] SlimMonoLogger.INFO: Cron ran at: 06-03-2026 08:36:38 PM [] []
[2026-03-06 20:41:32] SlimMonoLogger.INFO: Cron ran at: 06-03-2026 08:41:32 PM [] []
[2026-03-06 20:46:47] SlimMonoLogger.INFO: Cron ran at: 06-03-2026 08:46:47 PM [] []
[2026-03-06 20:51:33] SlimMonoLogger.INFO: Cron ran at: 06-03-2026 08:51:33 PM [] []
[2026-03-06 20:56:33] SlimMonoLogger.INFO: Cron ran at: 06-03-2026 08:56:33 PM [] []
[2026-03-06 21:01:47] SlimMonoLogger.INFO: Cron ran at: 06-03-2026 09:01:47 PM [] []
[2026-03-06 21:06:57] SlimMonoLogger.INFO: Cron ran at: 06-03-2026 09:06:57 PM [] []
[2026-03-06 21:11:37] SlimMonoLogger.INFO: Cron ran at: 06-03-2026 09:11:37 PM [] []
[2026-03-06 21:16:35] SlimMonoLogger.INFO: Cron ran at: 06-03-2026 09:16:35 PM [] []
[2026-03-06 21:21:36] SlimMonoLogger.INFO: Cron ran at: 06-03-2026 09:21:36 PM [] []
[2026-03-06 21:26:35] SlimMonoLogger.INFO: Cron ran at: 06-03-2026 09:26:35 PM [] []
[2026-03-06 21:31:52] SlimMonoLogger.INFO: Cron ran at: 06-03-2026 09:31:52 PM [] []
[2026-03-06 21:36:28] SlimMonoLogger.INFO: Cron ran at: 06-03-2026 09:36:28 PM [] []
[2026-03-06 21:41:39] SlimMonoLogger.INFO: Cron ran at: 06-03-2026 09:41:39 PM [] []
[2026-03-06 21:46:38] SlimMonoLogger.INFO: Cron ran at: 06-03-2026 09:46:38 PM [] []
[2026-03-06 21:51:39] SlimMonoLogger.INFO: Cron ran at: 06-03-2026 09:51:39 PM [] []
[2026-03-06 21:56:53] SlimMonoLogger.INFO: Cron ran at: 06-03-2026 09:56:53 PM [] []
[2026-03-06 22:06:48] SlimMonoLogger.INFO: Cron ran at: 06-03-2026 10:06:48 PM [] []
[2026-03-06 22:08:43] SlimMonoLogger.ERROR: Requests_Exception: cURL error 28: Operation timed out after 500002 milliseconds with 6090 bytes received in /home/latihtal/public_html/agregator1/src/vendor/rmccue/requests/library/Requests/Transport/cURL.php:422
Stack trace:
#0 /home/latihtal/public_html/agregator1/src/vendor/rmccue/requests/library/Requests/Transport/cURL.php(177): Requests_Transport_cURL->process_response()
#1 /home/latihtal/public_html/agregator1/src/vendor/rmccue/requests/library/Requests.php(379): Requests_Transport_cURL->request()
#2 /home/latihtal/public_html/agregator1/src/vendor/rmccue/requests/library/Requests/Session.php(205): Requests::request()
#3 /home/latihtal/public_html/agregator1/src/vendor/rmccue/requests/library/Requests/Session.php(132): Requests_Session->request()
#4 /home/latihtal/public_html/agregator1/src/drivers/Http/RssImporter.php(144): Requests_Session->get()
#5 /home/latihtal/public_html/agregator1/src/controllers/Dashboard/DashboardFeedsController.php(534): spark\drivers\Http\RssImporter->fetchPosts()
#6 /home/latihtal/public_html/agregator1/src/controllers/Site/SiteController.php(722): spark\controllers\Dashboard\DashboardFeedsController::importFeedPosts()
#7 [internal function]: spark\controllers\Site\SiteController->runTasks()
#8 /home/latihtal/public_html/agregator1/src/framework/Route.php(173): call_user_func_array()
#9 [internal function]: Slim\Route->Slim\{closure}()
#10 /home/latihtal/public_html/agregator1/src/framework/Route.php(468): call_user_func_array()
#11 /home/latihtal/public_html/agregator1/src/framework/Slim.php(1364): Slim\Route->dispatch()
#12 /home/latihtal/public_html/agregator1/src/framework/Middleware/Flash.php(85): Slim\Slim->call()
#13 /home/latihtal/public_html/agregator1/src/framework/Middleware/MethodOverride.php(92): Slim\Middleware\Flash->call()
#14 /home/latihtal/public_html/agregator1/src/middlewares/CsrfGuard/CsrfGuard.php(47): Slim\Middleware\MethodOverride->call()
#15 /home/latihtal/public_html/agregator1/src/framework/Middleware/PrettyExceptions.php(67): spark\middlewares\CsrfGuard\CsrfGuard->call()
#16 /home/latihtal/public_html/agregator1/src/framework/Slim.php(1308): Slim\Middleware\PrettyExceptions->call()
#17 /home/latihtal/public_html/agregator1/index.php(6): Slim\Slim->run()
#18 {main} [] []
[2026-03-06 22:11:36] SlimMonoLogger.INFO: Cron ran at: 06-03-2026 10:11:36 PM [] []
[2026-03-06 22:16:30] SlimMonoLogger.INFO: Cron ran at: 06-03-2026 10:16:30 PM [] []
[2026-03-06 22:17:03] SlimMonoLogger.ERROR: Requests_Exception: cURL error 28: Operation timed out after 500002 milliseconds with 18417 bytes received in /home/latihtal/public_html/agregator1/src/vendor/rmccue/requests/library/Requests/Transport/cURL.php:422
Stack trace:
#0 /home/latihtal/public_html/agregator1/src/vendor/rmccue/requests/library/Requests/Transport/cURL.php(177): Requests_Transport_cURL->process_response()
#1 /home/latihtal/public_html/agregator1/src/vendor/rmccue/requests/library/Requests.php(379): Requests_Transport_cURL->request()
#2 /home/latihtal/public_html/agregator1/src/vendor/rmccue/requests/library/Requests/Session.php(205): Requests::request()
#3 /home/latihtal/public_html/agregator1/src/vendor/rmccue/requests/library/Requests/Session.php(132): Requests_Session->request()
#4 /home/latihtal/public_html/agregator1/src/drivers/Http/RssImporter.php(144): Requests_Session->get()
#5 /home/latihtal/public_html/agregator1/src/controllers/Dashboard/DashboardFeedsController.php(534): spark\drivers\Http\RssImporter->fetchPosts()
#6 /home/latihtal/public_html/agregator1/src/controllers/Site/SiteController.php(722): spark\controllers\Dashboard\DashboardFeedsController::importFeedPosts()
#7 [internal function]: spark\controllers\Site\SiteController->runTasks()
#8 /home/latihtal/public_html/agregator1/src/framework/Route.php(173): call_user_func_array()
#9 [internal function]: Slim\Route->Slim\{closure}()
#10 /home/latihtal/public_html/agregator1/src/framework/Route.php(468): call_user_func_array()
#11 /home/latihtal/public_html/agregator1/src/framework/Slim.php(1364): Slim\Route->dispatch()
#12 /home/latihtal/public_html/agregator1/src/framework/Middleware/Flash.php(85): Slim\Slim->call()
#13 /home/latihtal/public_html/agregator1/src/framework/Middleware/MethodOverride.php(92): Slim\Middleware\Flash->call()
#14 /home/latihtal/public_html/agregator1/src/middlewares/CsrfGuard/CsrfGuard.php(47): Slim\Middleware\MethodOverride->call()
#15 /home/latihtal/public_html/agregator1/src/framework/Middleware/PrettyExceptions.php(67): spark\middlewares\CsrfGuard\CsrfGuard->call()
#16 /home/latihtal/public_html/agregator1/src/framework/Slim.php(1308): Slim\Middleware\PrettyExceptions->call()
#17 /home/latihtal/public_html/agregator1/index.php(6): Slim\Slim->run()
#18 {main} [] []
[2026-03-06 22:21:53] SlimMonoLogger.INFO: Cron ran at: 06-03-2026 10:21:53 PM [] []
[2026-03-06 22:25:23] SlimMonoLogger.ERROR: Requests_Exception: cURL error 28: Connection timed out after 500002 milliseconds in /home/latihtal/public_html/agregator1/src/vendor/rmccue/requests/library/Requests/Transport/cURL.php:422
Stack trace:
#0 /home/latihtal/public_html/agregator1/src/vendor/rmccue/requests/library/Requests/Transport/cURL.php(177): Requests_Transport_cURL->process_response()
#1 /home/latihtal/public_html/agregator1/src/vendor/rmccue/requests/library/Requests.php(379): Requests_Transport_cURL->request()
#2 /home/latihtal/public_html/agregator1/src/vendor/rmccue/requests/library/Requests/Session.php(205): Requests::request()
#3 /home/latihtal/public_html/agregator1/src/vendor/rmccue/requests/library/Requests/Session.php(132): Requests_Session->request()
#4 /home/latihtal/public_html/agregator1/src/drivers/Http/RssImporter.php(144): Requests_Session->get()
#5 /home/latihtal/public_html/agregator1/src/controllers/Dashboard/DashboardFeedsController.php(534): spark\drivers\Http\RssImporter->fetchPosts()
#6 /home/latihtal/public_html/agregator1/src/controllers/Site/SiteController.php(722): spark\controllers\Dashboard\DashboardFeedsController::importFeedPosts()
#7 [internal function]: spark\controllers\Site\SiteController->runTasks()
#8 /home/latihtal/public_html/agregator1/src/framework/Route.php(173): call_user_func_array()
#9 [internal function]: Slim\Route->Slim\{closure}()
#10 /home/latihtal/public_html/agregator1/src/framework/Route.php(468): call_user_func_array()
#11 /home/latihtal/public_html/agregator1/src/framework/Slim.php(1364): Slim\Route->dispatch()
#12 /home/latihtal/public_html/agregator1/src/framework/Middleware/Flash.php(85): Slim\Slim->call()
#13 /home/latihtal/public_html/agregator1/src/framework/Middleware/MethodOverride.php(92): Slim\Middleware\Flash->call()
#14 /home/latihtal/public_html/agregator1/src/middlewares/CsrfGuard/CsrfGuard.php(47): Slim\Middleware\MethodOverride->call()
#15 /home/latihtal/public_html/agregator1/src/framework/Middleware/PrettyExceptions.php(67): spark\middlewares\CsrfGuard\CsrfGuard->call()
#16 /home/latihtal/public_html/agregator1/src/framework/Slim.php(1308): Slim\Middleware\PrettyExceptions->call()
#17 /home/latihtal/public_html/agregator1/index.php(6): Slim\Slim->run()
#18 {main} [] []
[2026-03-06 22:26:46] SlimMonoLogger.INFO: Cron ran at: 06-03-2026 10:26:46 PM [] []
[2026-03-06 22:27:04] SlimMonoLogger.INFO: Cron ran at: 06-03-2026 10:27:04 PM [] []
[2026-03-06 22:31:33] SlimMonoLogger.INFO: Cron ran at: 06-03-2026 10:31:33 PM [] []
[2026-03-06 22:36:29] SlimMonoLogger.INFO: Cron ran at: 06-03-2026 10:36:29 PM [] []
[2026-03-06 22:41:34] SlimMonoLogger.INFO: Cron ran at: 06-03-2026 10:41:34 PM [] []
[2026-03-06 22:46:31] SlimMonoLogger.INFO: Cron ran at: 06-03-2026 10:46:31 PM [] []
[2026-03-06 22:51:33] SlimMonoLogger.INFO: Cron ran at: 06-03-2026 10:51:33 PM [] []
[2026-03-06 22:56:34] SlimMonoLogger.INFO: Cron ran at: 06-03-2026 10:56:34 PM [] []
[2026-03-06 23:01:58] SlimMonoLogger.INFO: Cron ran at: 06-03-2026 11:01:58 PM [] []
[2026-03-06 23:06:35] SlimMonoLogger.INFO: Cron ran at: 06-03-2026 11:06:35 PM [] []
[2026-03-06 23:11:39] SlimMonoLogger.INFO: Cron ran at: 06-03-2026 11:11:39 PM [] []
[2026-03-06 23:16:25] SlimMonoLogger.INFO: Cron ran at: 06-03-2026 11:16:25 PM [] []
[2026-03-06 23:21:30] SlimMonoLogger.INFO: Cron ran at: 06-03-2026 11:21:30 PM [] []
[2026-03-06 23:26:34] SlimMonoLogger.INFO: Cron ran at: 06-03-2026 11:26:34 PM [] []
[2026-03-06 23:31:48] SlimMonoLogger.INFO: Cron ran at: 06-03-2026 11:31:48 PM [] []
[2026-03-06 23:36:28] SlimMonoLogger.INFO: Cron ran at: 06-03-2026 11:36:28 PM [] []
[2026-03-06 23:41:30] SlimMonoLogger.INFO: Cron ran at: 06-03-2026 11:41:30 PM [] []
[2026-03-06 23:46:32] SlimMonoLogger.INFO: Cron ran at: 06-03-2026 11:46:32 PM [] []
[2026-03-06 23:51:36] SlimMonoLogger.INFO: Cron ran at: 06-03-2026 11:51:36 PM [] []
[2026-03-06 23:56:21] SlimMonoLogger.INFO: Cron ran at: 06-03-2026 11:56:21 PM [] []
[2026-03-07 00:01:55] SlimMonoLogger.INFO: Cron ran at: 07-03-2026 12:01:55 AM [] []
[2026-03-07 00:06:27] SlimMonoLogger.INFO: Cron ran at: 07-03-2026 12:06:27 AM [] []
[2026-03-07 00:11:37] SlimMonoLogger.INFO: Cron ran at: 07-03-2026 12:11:37 AM [] []
[2026-03-07 00:16:22] SlimMonoLogger.INFO: Cron ran at: 07-03-2026 12:16:22 AM [] []
[2026-03-07 00:21:37] SlimMonoLogger.INFO: Cron ran at: 07-03-2026 12:21:37 AM [] []
[2026-03-07 00:26:35] SlimMonoLogger.INFO: Cron ran at: 07-03-2026 12:26:35 AM [] []
[2026-03-07 00:31:25] SlimMonoLogger.INFO: Cron ran at: 07-03-2026 12:31:25 AM [] []
[2026-03-07 00:36:25] SlimMonoLogger.INFO: Cron ran at: 07-03-2026 12:36:25 AM [] []
[2026-03-07 00:41:27] SlimMonoLogger.INFO: Cron ran at: 07-03-2026 12:41:27 AM [] []
[2026-03-07 00:46:40] SlimMonoLogger.INFO: Cron ran at: 07-03-2026 12:46:40 AM [] []
[2026-03-07 00:51:24] SlimMonoLogger.INFO: Cron ran at: 07-03-2026 12:51:24 AM [] []
[2026-03-07 00:56:25] SlimMonoLogger.INFO: Cron ran at: 07-03-2026 12:56:25 AM [] []
