[2025-04-06 02:00:25] SlimMonoLogger.INFO: Cron ran at: 06-04-2025 02:00:25 AM [] []
[2025-04-06 02:05:41] SlimMonoLogger.INFO: Cron ran at: 06-04-2025 02:05:41 AM [] []
[2025-04-06 02:11:04] SlimMonoLogger.INFO: Cron ran at: 06-04-2025 02:11:04 AM [] []
[2025-04-06 02:15:27] SlimMonoLogger.INFO: Cron ran at: 06-04-2025 02:15:27 AM [] []
[2025-04-06 02:20:34] SlimMonoLogger.INFO: Cron ran at: 06-04-2025 02:20:34 AM [] []
[2025-04-06 02:25:23] SlimMonoLogger.INFO: Cron ran at: 06-04-2025 02:25:23 AM [] []
[2025-04-06 02:30:22] SlimMonoLogger.INFO: Cron ran at: 06-04-2025 02:30:22 AM [] []
[2025-04-06 02:35:22] SlimMonoLogger.INFO: Cron ran at: 06-04-2025 02:35:22 AM [] []
[2025-04-06 02:40:22] SlimMonoLogger.INFO: Cron ran at: 06-04-2025 02:40:22 AM [] []
[2025-04-06 02:45:34] SlimMonoLogger.INFO: Cron ran at: 06-04-2025 02:45:34 AM [] []
[2025-04-06 02:50:54] SlimMonoLogger.INFO: Cron ran at: 06-04-2025 02:50:54 AM [] []
[2025-04-06 02:55:45] SlimMonoLogger.INFO: Cron ran at: 06-04-2025 02:55:45 AM [] []
[2025-04-06 03:00:47] SlimMonoLogger.INFO: Cron ran at: 06-04-2025 03:00:47 AM [] []
[2025-04-06 03:05:45] SlimMonoLogger.INFO: Cron ran at: 06-04-2025 03:05:45 AM [] []
[2025-04-06 03:10:44] SlimMonoLogger.INFO: Cron ran at: 06-04-2025 03:10:44 AM [] []
[2025-04-06 03:15:40] SlimMonoLogger.INFO: Cron ran at: 06-04-2025 03:15:40 AM [] []
[2025-04-06 03:20:29] SlimMonoLogger.INFO: Cron ran at: 06-04-2025 03:20:29 AM [] []
[2025-04-06 03:25:41] SlimMonoLogger.INFO: Cron ran at: 06-04-2025 03:25:41 AM [] []
[2025-04-06 03:30:56] SlimMonoLogger.INFO: Cron ran at: 06-04-2025 03:30:56 AM [] []
[2025-04-06 03:36:01] SlimMonoLogger.INFO: Cron ran at: 06-04-2025 03:36:01 AM [] []
[2025-04-06 03:40:43] SlimMonoLogger.INFO: Cron ran at: 06-04-2025 03:40:43 AM [] []
[2025-04-06 03:45:47] SlimMonoLogger.INFO: Cron ran at: 06-04-2025 03:45:47 AM [] []
[2025-04-06 03:51:02] SlimMonoLogger.INFO: Cron ran at: 06-04-2025 03:51:02 AM [] []
[2025-04-06 03:55:45] SlimMonoLogger.INFO: Cron ran at: 06-04-2025 03:55:45 AM [] []
[2025-04-06 04:00:40] SlimMonoLogger.INFO: Cron ran at: 06-04-2025 04:00:40 AM [] []
[2025-04-06 04:05:53] SlimMonoLogger.INFO: Cron ran at: 06-04-2025 04:05:53 AM [] []
[2025-04-06 04:10:37] SlimMonoLogger.INFO: Cron ran at: 06-04-2025 04:10:37 AM [] []
[2025-04-06 04:15:47] SlimMonoLogger.INFO: Cron ran at: 06-04-2025 04:15:47 AM [] []
[2025-04-06 04:20:31] SlimMonoLogger.INFO: Cron ran at: 06-04-2025 04:20:31 AM [] []
[2025-04-06 04:25:32] SlimMonoLogger.INFO: Cron ran at: 06-04-2025 04:25:32 AM [] []
[2025-04-06 04:30:53] SlimMonoLogger.INFO: Cron ran at: 06-04-2025 04:30:53 AM [] []
[2025-04-06 04:35:27] SlimMonoLogger.INFO: Cron ran at: 06-04-2025 04:35:27 AM [] []
[2025-04-06 04:40:27] SlimMonoLogger.INFO: Cron ran at: 06-04-2025 04:40:27 AM [] []
[2025-04-06 04:45:39] SlimMonoLogger.INFO: Cron ran at: 06-04-2025 04:45:39 AM [] []
[2025-04-06 04:50:37] SlimMonoLogger.INFO: Cron ran at: 06-04-2025 04:50:37 AM [] []
[2025-04-06 04:55:32] SlimMonoLogger.INFO: Cron ran at: 06-04-2025 04:55:32 AM [] []
[2025-04-06 05:00:45] SlimMonoLogger.INFO: Cron ran at: 06-04-2025 05:00:45 AM [] []
[2025-04-06 05:05:45] SlimMonoLogger.INFO: Cron ran at: 06-04-2025 05:05:45 AM [] []
[2025-04-06 05:10:39] SlimMonoLogger.INFO: Cron ran at: 06-04-2025 05:10:39 AM [] []
[2025-04-06 05:15:43] SlimMonoLogger.INFO: Cron ran at: 06-04-2025 05:15:43 AM [] []
[2025-04-06 05:20:43] SlimMonoLogger.INFO: Cron ran at: 06-04-2025 05:20:43 AM [] []
[2025-04-06 05:25:43] SlimMonoLogger.INFO: Cron ran at: 06-04-2025 05:25:43 AM [] []
[2025-04-06 05:30:51] SlimMonoLogger.INFO: Cron ran at: 06-04-2025 05:30:51 AM [] []
[2025-04-06 05:35:40] SlimMonoLogger.INFO: Cron ran at: 06-04-2025 05:35:40 AM [] []
[2025-04-06 05:40:48] SlimMonoLogger.INFO: Cron ran at: 06-04-2025 05:40:48 AM [] []
[2025-04-06 05:45:48] SlimMonoLogger.INFO: Cron ran at: 06-04-2025 05:45:48 AM [] []
[2025-04-06 05:51:00] SlimMonoLogger.INFO: Cron ran at: 06-04-2025 05:51:00 AM [] []
[2025-04-06 05:56:02] SlimMonoLogger.INFO: Cron ran at: 06-04-2025 05:56:02 AM [] []
[2025-04-06 06:00:52] SlimMonoLogger.INFO: Cron ran at: 06-04-2025 06:00:52 AM [] []
[2025-04-06 06:05:43] SlimMonoLogger.INFO: Cron ran at: 06-04-2025 06:05:43 AM [] []
[2025-04-06 06:10:44] SlimMonoLogger.INFO: Cron ran at: 06-04-2025 06:10:44 AM [] []
[2025-04-06 06:15:38] SlimMonoLogger.INFO: Cron ran at: 06-04-2025 06:15:38 AM [] []
[2025-04-06 06:20:57] SlimMonoLogger.INFO: Cron ran at: 06-04-2025 06:20:57 AM [] []
[2025-04-06 06:26:09] SlimMonoLogger.INFO: Cron ran at: 06-04-2025 06:26:09 AM [] []
[2025-04-06 06:30:42] SlimMonoLogger.INFO: Cron ran at: 06-04-2025 06:30:42 AM [] []
[2025-04-06 06:35:41] SlimMonoLogger.INFO: Cron ran at: 06-04-2025 06:35:41 AM [] []
[2025-04-06 06:40:40] SlimMonoLogger.INFO: Cron ran at: 06-04-2025 06:40:40 AM [] []
[2025-04-06 06:45:57] SlimMonoLogger.INFO: Cron ran at: 06-04-2025 06:45:57 AM [] []
[2025-04-06 06:50:39] SlimMonoLogger.INFO: Cron ran at: 06-04-2025 06:50:39 AM [] []
[2025-04-06 06:55:38] SlimMonoLogger.INFO: Cron ran at: 06-04-2025 06:55:38 AM [] []
[2025-04-06 07:00:48] SlimMonoLogger.INFO: Cron ran at: 06-04-2025 07:00:48 AM [] []
[2025-04-06 07:05:30] SlimMonoLogger.INFO: Cron ran at: 06-04-2025 07:05:30 AM [] []
[2025-04-06 07:10:39] SlimMonoLogger.INFO: Cron ran at: 06-04-2025 07:10:39 AM [] []
[2025-04-06 07:15:30] SlimMonoLogger.INFO: Cron ran at: 06-04-2025 07:15:30 AM [] []
[2025-04-06 07:20:33] SlimMonoLogger.INFO: Cron ran at: 06-04-2025 07:20:33 AM [] []
[2025-04-06 07:25:28] SlimMonoLogger.INFO: Cron ran at: 06-04-2025 07:25:28 AM [] []
[2025-04-06 07:30:48] SlimMonoLogger.INFO: Cron ran at: 06-04-2025 07:30:48 AM [] []
[2025-04-06 07:35:34] SlimMonoLogger.INFO: Cron ran at: 06-04-2025 07:35:34 AM [] []
[2025-04-06 07:40:33] SlimMonoLogger.INFO: Cron ran at: 06-04-2025 07:40:33 AM [] []
[2025-04-06 07:45:44] SlimMonoLogger.INFO: Cron ran at: 06-04-2025 07:45:44 AM [] []
[2025-04-06 07:50:35] SlimMonoLogger.INFO: Cron ran at: 06-04-2025 07:50:35 AM [] []
[2025-04-06 07:55:43] SlimMonoLogger.INFO: Cron ran at: 06-04-2025 07:55:43 AM [] []
[2025-04-06 08:00:46] SlimMonoLogger.INFO: Cron ran at: 06-04-2025 08:00:46 AM [] []
[2025-04-06 08:05:51] SlimMonoLogger.INFO: Cron ran at: 06-04-2025 08:05:51 AM [] []
[2025-04-06 08:10:42] SlimMonoLogger.INFO: Cron ran at: 06-04-2025 08:10:42 AM [] []
[2025-04-06 08:15:37] SlimMonoLogger.INFO: Cron ran at: 06-04-2025 08:15:37 AM [] []
[2025-04-06 08:20:32] SlimMonoLogger.INFO: Cron ran at: 06-04-2025 08:20:32 AM [] []
[2025-04-06 08:25:32] SlimMonoLogger.INFO: Cron ran at: 06-04-2025 08:25:32 AM [] []
[2025-04-06 08:30:49] SlimMonoLogger.INFO: Cron ran at: 06-04-2025 08:30:49 AM [] []
[2025-04-06 08:35:57] SlimMonoLogger.INFO: Cron ran at: 06-04-2025 08:35:57 AM [] []
[2025-04-06 08:40:31] SlimMonoLogger.INFO: Cron ran at: 06-04-2025 08:40:31 AM [] []
[2025-04-06 08:45:31] SlimMonoLogger.INFO: Cron ran at: 06-04-2025 08:45:31 AM [] []
[2025-04-06 08:50:28] SlimMonoLogger.INFO: Cron ran at: 06-04-2025 08:50:28 AM [] []
[2025-04-06 08:55:26] SlimMonoLogger.INFO: Cron ran at: 06-04-2025 08:55:26 AM [] []
[2025-04-06 09:00:30] SlimMonoLogger.INFO: Cron ran at: 06-04-2025 09:00:30 AM [] []
[2025-04-06 09:05:30] SlimMonoLogger.INFO: Cron ran at: 06-04-2025 09:05:30 AM [] []
[2025-04-06 09:10:33] SlimMonoLogger.INFO: Cron ran at: 06-04-2025 09:10:33 AM [] []
[2025-04-06 09:15:24] SlimMonoLogger.INFO: Cron ran at: 06-04-2025 09:15:24 AM [] []
[2025-04-06 09:20:21] SlimMonoLogger.INFO: Cron ran at: 06-04-2025 09:20:21 AM [] []
[2025-04-06 09:25:24] SlimMonoLogger.INFO: Cron ran at: 06-04-2025 09:25:24 AM [] []
[2025-04-06 09:30:28] SlimMonoLogger.INFO: Cron ran at: 06-04-2025 09:30:28 AM [] []
[2025-04-06 09:35:24] SlimMonoLogger.INFO: Cron ran at: 06-04-2025 09:35:24 AM [] []
[2025-04-06 09:40:26] SlimMonoLogger.INFO: Cron ran at: 06-04-2025 09:40:26 AM [] []
[2025-04-06 09:45:23] SlimMonoLogger.INFO: Cron ran at: 06-04-2025 09:45:23 AM [] []
[2025-04-06 09:50:27] SlimMonoLogger.INFO: Cron ran at: 06-04-2025 09:50:27 AM [] []
[2025-04-06 09:55:26] SlimMonoLogger.INFO: Cron ran at: 06-04-2025 09:55:26 AM [] []
[2025-04-06 10:00:30] SlimMonoLogger.INFO: Cron ran at: 06-04-2025 10:00:30 AM [] []
[2025-04-06 10:05:28] SlimMonoLogger.INFO: Cron ran at: 06-04-2025 10:05:28 AM [] []
[2025-04-06 10:10:29] SlimMonoLogger.INFO: Cron ran at: 06-04-2025 10:10:29 AM [] []
[2025-04-06 10:15:24] SlimMonoLogger.INFO: Cron ran at: 06-04-2025 10:15:24 AM [] []
[2025-04-06 10:20:27] SlimMonoLogger.INFO: Cron ran at: 06-04-2025 10:20:27 AM [] []
[2025-04-06 10:25:23] SlimMonoLogger.INFO: Cron ran at: 06-04-2025 10:25:23 AM [] []
[2025-04-06 10:30:27] SlimMonoLogger.INFO: Cron ran at: 06-04-2025 10:30:27 AM [] []
[2025-04-06 10:35:23] SlimMonoLogger.INFO: Cron ran at: 06-04-2025 10:35:23 AM [] []
[2025-04-06 10:40:25] SlimMonoLogger.INFO: Cron ran at: 06-04-2025 10:40:25 AM [] []
[2025-04-06 10:45:23] SlimMonoLogger.INFO: Cron ran at: 06-04-2025 10:45:23 AM [] []
[2025-04-06 10:50:23] SlimMonoLogger.INFO: Cron ran at: 06-04-2025 10:50:23 AM [] []
[2025-04-06 10:55:28] SlimMonoLogger.INFO: Cron ran at: 06-04-2025 10:55:28 AM [] []
[2025-04-06 11:00:32] SlimMonoLogger.INFO: Cron ran at: 06-04-2025 11:00:32 AM [] []
[2025-04-06 11:05:25] SlimMonoLogger.INFO: Cron ran at: 06-04-2025 11:05:25 AM [] []
[2025-04-06 11:10:24] SlimMonoLogger.INFO: Cron ran at: 06-04-2025 11:10:24 AM [] []
[2025-04-06 11:15:23] SlimMonoLogger.INFO: Cron ran at: 06-04-2025 11:15:23 AM [] []
[2025-04-06 11:20:21] SlimMonoLogger.INFO: Cron ran at: 06-04-2025 11:20:21 AM [] []
[2025-04-06 11:26:37] SlimMonoLogger.INFO: Cron ran at: 06-04-2025 11:26:37 AM [] []
[2025-04-06 11:30:20] SlimMonoLogger.INFO: Cron ran at: 06-04-2025 11:30:20 AM [] []
[2025-04-06 11:35:36] SlimMonoLogger.INFO: Cron ran at: 06-04-2025 11:35:36 AM [] []
[2025-04-06 11:40:22] SlimMonoLogger.INFO: Cron ran at: 06-04-2025 11:40:22 AM [] []
[2025-04-06 11:45:20] SlimMonoLogger.INFO: Cron ran at: 06-04-2025 11:45:20 AM [] []
[2025-04-06 11:50:21] SlimMonoLogger.INFO: Cron ran at: 06-04-2025 11:50:21 AM [] []
[2025-04-06 11:55:21] SlimMonoLogger.INFO: Cron ran at: 06-04-2025 11:55:21 AM [] []
[2025-04-06 12:00:21] SlimMonoLogger.INFO: Cron ran at: 06-04-2025 12:00:21 PM [] []
[2025-04-06 12:05:26] SlimMonoLogger.INFO: Cron ran at: 06-04-2025 12:05:26 PM [] []
[2025-04-06 12:10:23] SlimMonoLogger.INFO: Cron ran at: 06-04-2025 12:10:23 PM [] []
[2025-04-06 12:15:29] SlimMonoLogger.INFO: Cron ran at: 06-04-2025 12:15:29 PM [] []
[2025-04-06 12:20:25] SlimMonoLogger.INFO: Cron ran at: 06-04-2025 12:20:25 PM [] []
[2025-04-06 12:25:41] SlimMonoLogger.INFO: Cron ran at: 06-04-2025 12:25:41 PM [] []
[2025-04-06 12:30:54] SlimMonoLogger.INFO: Cron ran at: 06-04-2025 12:30:54 PM [] []
[2025-04-06 12:35:41] SlimMonoLogger.INFO: Cron ran at: 06-04-2025 12:35:41 PM [] []
[2025-04-06 12:41:13] SlimMonoLogger.INFO: Cron ran at: 06-04-2025 12:41:13 PM [] []
[2025-04-06 12:45:51] SlimMonoLogger.INFO: Cron ran at: 06-04-2025 12:45:51 PM [] []
[2025-04-06 12:50:41] SlimMonoLogger.INFO: Cron ran at: 06-04-2025 12:50:41 PM [] []
[2025-04-06 12:55:27] SlimMonoLogger.INFO: Cron ran at: 06-04-2025 12:55:27 PM [] []
[2025-04-06 13:00:40] SlimMonoLogger.INFO: Cron ran at: 06-04-2025 01:00:40 PM [] []
[2025-04-06 13:05:23] SlimMonoLogger.INFO: Cron ran at: 06-04-2025 01:05:23 PM [] []
[2025-04-06 13:10:26] SlimMonoLogger.INFO: Cron ran at: 06-04-2025 01:10:26 PM [] []
[2025-04-06 13:15:27] SlimMonoLogger.INFO: Cron ran at: 06-04-2025 01:15:27 PM [] []
[2025-04-06 13:20:21] SlimMonoLogger.INFO: Cron ran at: 06-04-2025 01:20:21 PM [] []
[2025-04-06 13:25:22] SlimMonoLogger.INFO: Cron ran at: 06-04-2025 01:25:22 PM [] []
[2025-04-06 13:30:23] SlimMonoLogger.INFO: Cron ran at: 06-04-2025 01:30:23 PM [] []
[2025-04-06 13:35:20] SlimMonoLogger.INFO: Cron ran at: 06-04-2025 01:35:20 PM [] []
[2025-04-06 13:40:23] SlimMonoLogger.INFO: Cron ran at: 06-04-2025 01:40:23 PM [] []
[2025-04-06 13:45:38] SlimMonoLogger.INFO: Cron ran at: 06-04-2025 01:45:38 PM [] []
[2025-04-06 13:50:34] SlimMonoLogger.INFO: Cron ran at: 06-04-2025 01:50:34 PM [] []
[2025-04-06 13:55:37] SlimMonoLogger.INFO: Cron ran at: 06-04-2025 01:55:37 PM [] []
[2025-04-06 14:00:27] SlimMonoLogger.INFO: Cron ran at: 06-04-2025 02:00:27 PM [] []
[2025-04-06 14:05:25] SlimMonoLogger.INFO: Cron ran at: 06-04-2025 02:05:25 PM [] []
[2025-04-06 14:10:34] SlimMonoLogger.INFO: Cron ran at: 06-04-2025 02:10:34 PM [] []
[2025-04-06 14:15:22] SlimMonoLogger.INFO: Cron ran at: 06-04-2025 02:15:22 PM [] []
[2025-04-06 14:20:22] SlimMonoLogger.INFO: Cron ran at: 06-04-2025 02:20:22 PM [] []
[2025-04-06 14:25:21] SlimMonoLogger.INFO: Cron ran at: 06-04-2025 02:25:21 PM [] []
[2025-04-06 14:30:22] SlimMonoLogger.INFO: Cron ran at: 06-04-2025 02:30:22 PM [] []
[2025-04-06 14:35:26] SlimMonoLogger.INFO: Cron ran at: 06-04-2025 02:35:26 PM [] []
[2025-04-06 14:40:22] SlimMonoLogger.INFO: Cron ran at: 06-04-2025 02:40:22 PM [] []
[2025-04-06 14:45:26] SlimMonoLogger.INFO: Cron ran at: 06-04-2025 02:45:26 PM [] []
[2025-04-06 14:50:25] SlimMonoLogger.INFO: Cron ran at: 06-04-2025 02:50:25 PM [] []
[2025-04-06 14:55:33] SlimMonoLogger.INFO: Cron ran at: 06-04-2025 02:55:33 PM [] []
[2025-04-06 15:00:34] SlimMonoLogger.INFO: Cron ran at: 06-04-2025 03:00:34 PM [] []
[2025-04-06 15:06:03] SlimMonoLogger.INFO: Cron ran at: 06-04-2025 03:06:03 PM [] []
[2025-04-06 15:10:22] SlimMonoLogger.INFO: Cron ran at: 06-04-2025 03:10:22 PM [] []
[2025-04-06 15:15:20] SlimMonoLogger.INFO: Cron ran at: 06-04-2025 03:15:20 PM [] []
[2025-04-06 15:20:22] SlimMonoLogger.INFO: Cron ran at: 06-04-2025 03:20:22 PM [] []
[2025-04-06 15:25:21] SlimMonoLogger.INFO: Cron ran at: 06-04-2025 03:25:21 PM [] []
[2025-04-06 15:30:25] SlimMonoLogger.INFO: Cron ran at: 06-04-2025 03:30:25 PM [] []
[2025-04-06 15:35:20] SlimMonoLogger.INFO: Cron ran at: 06-04-2025 03:35:20 PM [] []
[2025-04-06 15:40:27] SlimMonoLogger.INFO: Cron ran at: 06-04-2025 03:40:27 PM [] []
[2025-04-06 15:45:25] SlimMonoLogger.INFO: Cron ran at: 06-04-2025 03:45:25 PM [] []
[2025-04-06 15:50:20] SlimMonoLogger.INFO: Cron ran at: 06-04-2025 03:50:20 PM [] []
[2025-04-06 15:55:20] SlimMonoLogger.INFO: Cron ran at: 06-04-2025 03:55:20 PM [] []
[2025-04-06 16:00:26] SlimMonoLogger.INFO: Cron ran at: 06-04-2025 04:00:26 PM [] []
[2025-04-06 16:05:21] SlimMonoLogger.INFO: Cron ran at: 06-04-2025 04:05:21 PM [] []
[2025-04-06 16:10:23] SlimMonoLogger.INFO: Cron ran at: 06-04-2025 04:10:23 PM [] []
[2025-04-06 16:15:21] SlimMonoLogger.INFO: Cron ran at: 06-04-2025 04:15:21 PM [] []
[2025-04-06 16:20:25] SlimMonoLogger.INFO: Cron ran at: 06-04-2025 04:20:25 PM [] []
[2025-04-06 16:25:22] SlimMonoLogger.INFO: Cron ran at: 06-04-2025 04:25:22 PM [] []
[2025-04-06 16:30:23] SlimMonoLogger.INFO: Cron ran at: 06-04-2025 04:30:23 PM [] []
[2025-04-06 16:35:19] SlimMonoLogger.INFO: Cron ran at: 06-04-2025 04:35:19 PM [] []
[2025-04-06 16:40:20] SlimMonoLogger.INFO: Cron ran at: 06-04-2025 04:40:20 PM [] []
[2025-04-06 16:45:21] SlimMonoLogger.INFO: Cron ran at: 06-04-2025 04:45:21 PM [] []
[2025-04-06 16:50:21] SlimMonoLogger.INFO: Cron ran at: 06-04-2025 04:50:21 PM [] []
[2025-04-06 16:55:23] SlimMonoLogger.INFO: Cron ran at: 06-04-2025 04:55:23 PM [] []
[2025-04-06 17:00:25] SlimMonoLogger.INFO: Cron ran at: 06-04-2025 05:00:25 PM [] []
[2025-04-06 17:05:22] SlimMonoLogger.INFO: Cron ran at: 06-04-2025 05:05:22 PM [] []
[2025-04-06 17:10:26] SlimMonoLogger.INFO: Cron ran at: 06-04-2025 05:10:26 PM [] []
[2025-04-06 17:15:27] SlimMonoLogger.INFO: Cron ran at: 06-04-2025 05:15:27 PM [] []
[2025-04-06 17:20:25] SlimMonoLogger.INFO: Cron ran at: 06-04-2025 05:20:25 PM [] []
[2025-04-06 17:25:21] SlimMonoLogger.INFO: Cron ran at: 06-04-2025 05:25:21 PM [] []
[2025-04-06 17:30:28] SlimMonoLogger.INFO: Cron ran at: 06-04-2025 05:30:28 PM [] []
[2025-04-06 17:35:27] SlimMonoLogger.INFO: Cron ran at: 06-04-2025 05:35:27 PM [] []
[2025-04-06 17:40:26] SlimMonoLogger.INFO: Cron ran at: 06-04-2025 05:40:26 PM [] []
[2025-04-06 17:45:32] SlimMonoLogger.INFO: Cron ran at: 06-04-2025 05:45:32 PM [] []
[2025-04-06 17:50:21] SlimMonoLogger.INFO: Cron ran at: 06-04-2025 05:50:21 PM [] []
[2025-04-06 17:55:27] SlimMonoLogger.INFO: Cron ran at: 06-04-2025 05:55:27 PM [] []
[2025-04-06 18:00:24] SlimMonoLogger.INFO: Cron ran at: 06-04-2025 06:00:24 PM [] []
[2025-04-06 18:05:22] SlimMonoLogger.INFO: Cron ran at: 06-04-2025 06:05:22 PM [] []
[2025-04-06 18:10:21] SlimMonoLogger.INFO: Cron ran at: 06-04-2025 06:10:21 PM [] []
[2025-04-06 18:15:26] SlimMonoLogger.INFO: Cron ran at: 06-04-2025 06:15:26 PM [] []
[2025-04-06 18:20:24] SlimMonoLogger.INFO: Cron ran at: 06-04-2025 06:20:24 PM [] []
[2025-04-06 18:25:29] SlimMonoLogger.INFO: Cron ran at: 06-04-2025 06:25:29 PM [] []
[2025-04-06 18:30:25] SlimMonoLogger.INFO: Cron ran at: 06-04-2025 06:30:25 PM [] []
[2025-04-06 18:35:30] SlimMonoLogger.INFO: Cron ran at: 06-04-2025 06:35:30 PM [] []
[2025-04-06 18:40:21] SlimMonoLogger.INFO: Cron ran at: 06-04-2025 06:40:21 PM [] []
[2025-04-06 18:45:28] SlimMonoLogger.INFO: Cron ran at: 06-04-2025 06:45:28 PM [] []
[2025-04-06 18:50:24] SlimMonoLogger.INFO: Cron ran at: 06-04-2025 06:50:24 PM [] []
[2025-04-06 18:55:22] SlimMonoLogger.INFO: Cron ran at: 06-04-2025 06:55:22 PM [] []
[2025-04-06 19:00:22] SlimMonoLogger.INFO: Cron ran at: 06-04-2025 07:00:22 PM [] []
[2025-04-06 19:05:30] SlimMonoLogger.INFO: Cron ran at: 06-04-2025 07:05:30 PM [] []
[2025-04-06 19:10:26] SlimMonoLogger.INFO: Cron ran at: 06-04-2025 07:10:26 PM [] []
[2025-04-06 19:15:24] SlimMonoLogger.INFO: Cron ran at: 06-04-2025 07:15:24 PM [] []
[2025-04-06 19:20:24] SlimMonoLogger.INFO: Cron ran at: 06-04-2025 07:20:24 PM [] []
[2025-04-06 19:25:44] SlimMonoLogger.INFO: Cron ran at: 06-04-2025 07:25:44 PM [] []
[2025-04-06 19:30:52] SlimMonoLogger.INFO: Cron ran at: 06-04-2025 07:30:52 PM [] []
[2025-04-06 19:36:05] SlimMonoLogger.INFO: Cron ran at: 06-04-2025 07:36:05 PM [] []
[2025-04-06 19:40:57] SlimMonoLogger.INFO: Cron ran at: 06-04-2025 07:40:57 PM [] []
[2025-04-06 19:45:47] SlimMonoLogger.INFO: Cron ran at: 06-04-2025 07:45:47 PM [] []
[2025-04-06 19:50:38] SlimMonoLogger.INFO: Cron ran at: 06-04-2025 07:50:38 PM [] []
[2025-04-06 19:55:30] SlimMonoLogger.INFO: Cron ran at: 06-04-2025 07:55:30 PM [] []
[2025-04-06 20:00:32] SlimMonoLogger.INFO: Cron ran at: 06-04-2025 08:00:32 PM [] []
[2025-04-06 20:05:35] SlimMonoLogger.INFO: Cron ran at: 06-04-2025 08:05:35 PM [] []
[2025-04-06 20:10:24] SlimMonoLogger.INFO: Cron ran at: 06-04-2025 08:10:24 PM [] []
[2025-04-06 20:15:34] SlimMonoLogger.INFO: Cron ran at: 06-04-2025 08:15:34 PM [] []
[2025-04-06 20:20:25] SlimMonoLogger.INFO: Cron ran at: 06-04-2025 08:20:25 PM [] []
[2025-04-06 20:25:23] SlimMonoLogger.INFO: Cron ran at: 06-04-2025 08:25:23 PM [] []
[2025-04-06 20:30:24] SlimMonoLogger.INFO: Cron ran at: 06-04-2025 08:30:24 PM [] []
[2025-04-06 20:35:29] SlimMonoLogger.INFO: Cron ran at: 06-04-2025 08:35:29 PM [] []
[2025-04-06 20:41:10] SlimMonoLogger.INFO: Cron ran at: 06-04-2025 08:41:10 PM [] []
[2025-04-06 20:45:39] SlimMonoLogger.INFO: Cron ran at: 06-04-2025 08:45:39 PM [] []
[2025-04-06 20:50:41] SlimMonoLogger.INFO: Cron ran at: 06-04-2025 08:50:41 PM [] []
[2025-04-06 20:55:44] SlimMonoLogger.INFO: Cron ran at: 06-04-2025 08:55:44 PM [] []
[2025-04-06 21:00:47] SlimMonoLogger.INFO: Cron ran at: 06-04-2025 09:00:47 PM [] []
[2025-04-06 21:05:56] SlimMonoLogger.INFO: Cron ran at: 06-04-2025 09:05:56 PM [] []
[2025-04-06 21:10:27] SlimMonoLogger.INFO: Cron ran at: 06-04-2025 09:10:27 PM [] []
[2025-04-06 21:15:48] SlimMonoLogger.INFO: Cron ran at: 06-04-2025 09:15:48 PM [] []
[2025-04-06 21:20:33] SlimMonoLogger.INFO: Cron ran at: 06-04-2025 09:20:33 PM [] []
[2025-04-06 21:25:35] SlimMonoLogger.INFO: Cron ran at: 06-04-2025 09:25:35 PM [] []
[2025-04-06 21:30:30] SlimMonoLogger.INFO: Cron ran at: 06-04-2025 09:30:30 PM [] []
[2025-04-06 21:35:30] SlimMonoLogger.INFO: Cron ran at: 06-04-2025 09:35:30 PM [] []
[2025-04-06 21:40:26] SlimMonoLogger.INFO: Cron ran at: 06-04-2025 09:40:26 PM [] []
[2025-04-06 21:45:32] SlimMonoLogger.INFO: Cron ran at: 06-04-2025 09:45:32 PM [] []
[2025-04-06 21:50:26] SlimMonoLogger.INFO: Cron ran at: 06-04-2025 09:50:26 PM [] []
[2025-04-06 21:55:35] SlimMonoLogger.INFO: Cron ran at: 06-04-2025 09:55:35 PM [] []
[2025-04-06 22:00:41] SlimMonoLogger.INFO: Cron ran at: 06-04-2025 10:00:41 PM [] []
[2025-04-06 22:05:38] SlimMonoLogger.INFO: Cron ran at: 06-04-2025 10:05:38 PM [] []
[2025-04-06 22:10:35] SlimMonoLogger.INFO: Cron ran at: 06-04-2025 10:10:35 PM [] []
[2025-04-06 22:15:43] SlimMonoLogger.INFO: Cron ran at: 06-04-2025 10:15:43 PM [] []
[2025-04-06 22:20:43] SlimMonoLogger.INFO: Cron ran at: 06-04-2025 10:20:43 PM [] []
[2025-04-06 22:25:36] SlimMonoLogger.INFO: Cron ran at: 06-04-2025 10:25:36 PM [] []
[2025-04-06 22:30:39] SlimMonoLogger.INFO: Cron ran at: 06-04-2025 10:30:39 PM [] []
[2025-04-06 22:35:47] SlimMonoLogger.INFO: Cron ran at: 06-04-2025 10:35:47 PM [] []
[2025-04-06 22:40:42] SlimMonoLogger.INFO: Cron ran at: 06-04-2025 10:40:42 PM [] []
[2025-04-06 22:47:01] SlimMonoLogger.INFO: Cron ran at: 06-04-2025 10:47:01 PM [] []
[2025-04-06 22:50:45] SlimMonoLogger.INFO: Cron ran at: 06-04-2025 10:50:45 PM [] []
[2025-04-06 22:55:36] SlimMonoLogger.INFO: Cron ran at: 06-04-2025 10:55:36 PM [] []
[2025-04-06 23:00:27] SlimMonoLogger.INFO: Cron ran at: 06-04-2025 11:00:27 PM [] []
[2025-04-06 23:05:23] SlimMonoLogger.INFO: Cron ran at: 06-04-2025 11:05:23 PM [] []
[2025-04-06 23:12:20] SlimMonoLogger.ERROR: Requests_Exception: cURL error 28: Failed to connect to antropol.mk port 443 after 129328 ms: Could not connect to server in /home/latihtal/public_html/agregator1/src/vendor/rmccue/requests/library/Requests/Transport/cURL.php:422
Stack trace:
#0 /home/latihtal/public_html/agregator1/src/vendor/rmccue/requests/library/Requests/Transport/cURL.php(177): Requests_Transport_cURL->process_response()
#1 /home/latihtal/public_html/agregator1/src/vendor/rmccue/requests/library/Requests.php(379): Requests_Transport_cURL->request()
#2 /home/latihtal/public_html/agregator1/src/vendor/rmccue/requests/library/Requests/Session.php(205): Requests::request()
#3 /home/latihtal/public_html/agregator1/src/vendor/rmccue/requests/library/Requests/Session.php(132): Requests_Session->request()
#4 /home/latihtal/public_html/agregator1/src/drivers/Http/RssImporter.php(144): Requests_Session->get()
#5 /home/latihtal/public_html/agregator1/src/controllers/Dashboard/DashboardFeedsController.php(534): spark\drivers\Http\RssImporter->fetchPosts()
#6 /home/latihtal/public_html/agregator1/src/controllers/Site/SiteController.php(722): spark\controllers\Dashboard\DashboardFeedsController::importFeedPosts()
#7 [internal function]: spark\controllers\Site\SiteController->runTasks()
#8 /home/latihtal/public_html/agregator1/src/framework/Route.php(173): call_user_func_array()
#9 [internal function]: Slim\Route->Slim\{closure}()
#10 /home/latihtal/public_html/agregator1/src/framework/Route.php(468): call_user_func_array()
#11 /home/latihtal/public_html/agregator1/src/framework/Slim.php(1364): Slim\Route->dispatch()
#12 /home/latihtal/public_html/agregator1/src/framework/Middleware/Flash.php(85): Slim\Slim->call()
#13 /home/latihtal/public_html/agregator1/src/framework/Middleware/MethodOverride.php(92): Slim\Middleware\Flash->call()
#14 /home/latihtal/public_html/agregator1/src/middlewares/CsrfGuard/CsrfGuard.php(47): Slim\Middleware\MethodOverride->call()
#15 /home/latihtal/public_html/agregator1/src/framework/Middleware/PrettyExceptions.php(67): spark\middlewares\CsrfGuard\CsrfGuard->call()
#16 /home/latihtal/public_html/agregator1/src/framework/Slim.php(1308): Slim\Middleware\PrettyExceptions->call()
#17 /home/latihtal/public_html/agregator1/index.php(6): Slim\Slim->run()
#18 {main} [] []
[2025-04-06 23:14:06] SlimMonoLogger.INFO: Cron ran at: 06-04-2025 11:14:06 PM [] []
[2025-04-06 23:15:28] SlimMonoLogger.INFO: Cron ran at: 06-04-2025 11:15:28 PM [] []
[2025-04-06 23:22:22] SlimMonoLogger.ERROR: Requests_Exception: cURL error 28: Failed to connect to antropol.mk port 443 after 128531 ms: Could not connect to server in /home/latihtal/public_html/agregator1/src/vendor/rmccue/requests/library/Requests/Transport/cURL.php:422
Stack trace:
#0 /home/latihtal/public_html/agregator1/src/vendor/rmccue/requests/library/Requests/Transport/cURL.php(177): Requests_Transport_cURL->process_response()
#1 /home/latihtal/public_html/agregator1/src/vendor/rmccue/requests/library/Requests.php(379): Requests_Transport_cURL->request()
#2 /home/latihtal/public_html/agregator1/src/vendor/rmccue/requests/library/Requests/Session.php(205): Requests::request()
#3 /home/latihtal/public_html/agregator1/src/vendor/rmccue/requests/library/Requests/Session.php(132): Requests_Session->request()
#4 /home/latihtal/public_html/agregator1/src/drivers/Http/RssImporter.php(144): Requests_Session->get()
#5 /home/latihtal/public_html/agregator1/src/controllers/Dashboard/DashboardFeedsController.php(534): spark\drivers\Http\RssImporter->fetchPosts()
#6 /home/latihtal/public_html/agregator1/src/controllers/Site/SiteController.php(722): spark\controllers\Dashboard\DashboardFeedsController::importFeedPosts()
#7 [internal function]: spark\controllers\Site\SiteController->runTasks()
#8 /home/latihtal/public_html/agregator1/src/framework/Route.php(173): call_user_func_array()
#9 [internal function]: Slim\Route->Slim\{closure}()
#10 /home/latihtal/public_html/agregator1/src/framework/Route.php(468): call_user_func_array()
#11 /home/latihtal/public_html/agregator1/src/framework/Slim.php(1364): Slim\Route->dispatch()
#12 /home/latihtal/public_html/agregator1/src/framework/Middleware/Flash.php(85): Slim\Slim->call()
#13 /home/latihtal/public_html/agregator1/src/framework/Middleware/MethodOverride.php(92): Slim\Middleware\Flash->call()
#14 /home/latihtal/public_html/agregator1/src/middlewares/CsrfGuard/CsrfGuard.php(47): Slim\Middleware\MethodOverride->call()
#15 /home/latihtal/public_html/agregator1/src/framework/Middleware/PrettyExceptions.php(67): spark\middlewares\CsrfGuard\CsrfGuard->call()
#16 /home/latihtal/public_html/agregator1/src/framework/Slim.php(1308): Slim\Middleware\PrettyExceptions->call()
#17 /home/latihtal/public_html/agregator1/index.php(6): Slim\Slim->run()
#18 {main} [] []
[2025-04-06 23:22:38] SlimMonoLogger.INFO: Cron ran at: 06-04-2025 11:22:38 PM [] []
[2025-04-06 23:25:32] SlimMonoLogger.INFO: Cron ran at: 06-04-2025 11:25:32 PM [] []
[2025-04-06 23:30:35] SlimMonoLogger.INFO: Cron ran at: 06-04-2025 11:30:35 PM [] []
[2025-04-06 23:35:34] SlimMonoLogger.INFO: Cron ran at: 06-04-2025 11:35:34 PM [] []
[2025-04-06 23:42:22] SlimMonoLogger.ERROR: Requests_Exception: cURL error 28: Failed to connect to antropol.mk port 443 after 131914 ms: Could not connect to server in /home/latihtal/public_html/agregator1/src/vendor/rmccue/requests/library/Requests/Transport/cURL.php:422
Stack trace:
#0 /home/latihtal/public_html/agregator1/src/vendor/rmccue/requests/library/Requests/Transport/cURL.php(177): Requests_Transport_cURL->process_response()
#1 /home/latihtal/public_html/agregator1/src/vendor/rmccue/requests/library/Requests.php(379): Requests_Transport_cURL->request()
#2 /home/latihtal/public_html/agregator1/src/vendor/rmccue/requests/library/Requests/Session.php(205): Requests::request()
#3 /home/latihtal/public_html/agregator1/src/vendor/rmccue/requests/library/Requests/Session.php(132): Requests_Session->request()
#4 /home/latihtal/public_html/agregator1/src/drivers/Http/RssImporter.php(144): Requests_Session->get()
#5 /home/latihtal/public_html/agregator1/src/controllers/Dashboard/DashboardFeedsController.php(534): spark\drivers\Http\RssImporter->fetchPosts()
#6 /home/latihtal/public_html/agregator1/src/controllers/Site/SiteController.php(722): spark\controllers\Dashboard\DashboardFeedsController::importFeedPosts()
#7 [internal function]: spark\controllers\Site\SiteController->runTasks()
#8 /home/latihtal/public_html/agregator1/src/framework/Route.php(173): call_user_func_array()
#9 [internal function]: Slim\Route->Slim\{closure}()
#10 /home/latihtal/public_html/agregator1/src/framework/Route.php(468): call_user_func_array()
#11 /home/latihtal/public_html/agregator1/src/framework/Slim.php(1364): Slim\Route->dispatch()
#12 /home/latihtal/public_html/agregator1/src/framework/Middleware/Flash.php(85): Slim\Slim->call()
#13 /home/latihtal/public_html/agregator1/src/framework/Middleware/MethodOverride.php(92): Slim\Middleware\Flash->call()
#14 /home/latihtal/public_html/agregator1/src/middlewares/CsrfGuard/CsrfGuard.php(47): Slim\Middleware\MethodOverride->call()
#15 /home/latihtal/public_html/agregator1/src/framework/Middleware/PrettyExceptions.php(67): spark\middlewares\CsrfGuard\CsrfGuard->call()
#16 /home/latihtal/public_html/agregator1/src/framework/Slim.php(1308): Slim\Middleware\PrettyExceptions->call()
#17 /home/latihtal/public_html/agregator1/index.php(6): Slim\Slim->run()
#18 {main} [] []
[2025-04-06 23:42:37] SlimMonoLogger.INFO: Cron ran at: 06-04-2025 11:42:37 PM [] []
[2025-04-06 23:45:34] SlimMonoLogger.INFO: Cron ran at: 06-04-2025 11:45:34 PM [] []
[2025-04-06 23:50:30] SlimMonoLogger.INFO: Cron ran at: 06-04-2025 11:50:30 PM [] []
[2025-04-06 23:55:41] SlimMonoLogger.INFO: Cron ran at: 06-04-2025 11:55:41 PM [] []
[2025-04-07 00:00:40] SlimMonoLogger.INFO: Cron ran at: 07-04-2025 12:00:40 AM [] []
[2025-04-07 00:07:21] SlimMonoLogger.ERROR: Requests_Exception: cURL error 28: Failed to connect to antropol.mk port 443 after 128439 ms: Could not connect to server in /home/latihtal/public_html/agregator1/src/vendor/rmccue/requests/library/Requests/Transport/cURL.php:422
Stack trace:
#0 /home/latihtal/public_html/agregator1/src/vendor/rmccue/requests/library/Requests/Transport/cURL.php(177): Requests_Transport_cURL->process_response()
#1 /home/latihtal/public_html/agregator1/src/vendor/rmccue/requests/library/Requests.php(379): Requests_Transport_cURL->request()
#2 /home/latihtal/public_html/agregator1/src/vendor/rmccue/requests/library/Requests/Session.php(205): Requests::request()
#3 /home/latihtal/public_html/agregator1/src/vendor/rmccue/requests/library/Requests/Session.php(132): Requests_Session->request()
#4 /home/latihtal/public_html/agregator1/src/drivers/Http/RssImporter.php(144): Requests_Session->get()
#5 /home/latihtal/public_html/agregator1/src/controllers/Dashboard/DashboardFeedsController.php(534): spark\drivers\Http\RssImporter->fetchPosts()
#6 /home/latihtal/public_html/agregator1/src/controllers/Site/SiteController.php(722): spark\controllers\Dashboard\DashboardFeedsController::importFeedPosts()
#7 [internal function]: spark\controllers\Site\SiteController->runTasks()
#8 /home/latihtal/public_html/agregator1/src/framework/Route.php(173): call_user_func_array()
#9 [internal function]: Slim\Route->Slim\{closure}()
#10 /home/latihtal/public_html/agregator1/src/framework/Route.php(468): call_user_func_array()
#11 /home/latihtal/public_html/agregator1/src/framework/Slim.php(1364): Slim\Route->dispatch()
#12 /home/latihtal/public_html/agregator1/src/framework/Middleware/Flash.php(85): Slim\Slim->call()
#13 /home/latihtal/public_html/agregator1/src/framework/Middleware/MethodOverride.php(92): Slim\Middleware\Flash->call()
#14 /home/latihtal/public_html/agregator1/src/middlewares/CsrfGuard/CsrfGuard.php(47): Slim\Middleware\MethodOverride->call()
#15 /home/latihtal/public_html/agregator1/src/framework/Middleware/PrettyExceptions.php(67): spark\middlewares\CsrfGuard\CsrfGuard->call()
#16 /home/latihtal/public_html/agregator1/src/framework/Slim.php(1308): Slim\Middleware\PrettyExceptions->call()
#17 /home/latihtal/public_html/agregator1/index.php(6): Slim\Slim->run()
#18 {main} [] []
[2025-04-07 00:07:37] SlimMonoLogger.INFO: Cron ran at: 07-04-2025 12:07:37 AM [] []
[2025-04-07 00:10:34] SlimMonoLogger.INFO: Cron ran at: 07-04-2025 12:10:34 AM [] []
[2025-04-07 00:15:27] SlimMonoLogger.INFO: Cron ran at: 07-04-2025 12:15:27 AM [] []
[2025-04-07 00:20:34] SlimMonoLogger.INFO: Cron ran at: 07-04-2025 12:20:34 AM [] []
[2025-04-07 00:25:34] SlimMonoLogger.INFO: Cron ran at: 07-04-2025 12:25:34 AM [] []
[2025-04-07 00:30:32] SlimMonoLogger.INFO: Cron ran at: 07-04-2025 12:30:32 AM [] []
[2025-04-07 00:35:53] SlimMonoLogger.INFO: Cron ran at: 07-04-2025 12:35:53 AM [] []
[2025-04-07 00:43:27] SlimMonoLogger.INFO: Cron ran at: 07-04-2025 12:43:27 AM [] []
[2025-04-07 00:48:02] SlimMonoLogger.ERROR: Requests_Exception: cURL error 28: Failed to connect to antropol.mk port 443 after 131330 ms: Could not connect to server in /home/latihtal/public_html/agregator1/src/vendor/rmccue/requests/library/Requests/Transport/cURL.php:422
Stack trace:
#0 /home/latihtal/public_html/agregator1/src/vendor/rmccue/requests/library/Requests/Transport/cURL.php(177): Requests_Transport_cURL->process_response()
#1 /home/latihtal/public_html/agregator1/src/vendor/rmccue/requests/library/Requests.php(379): Requests_Transport_cURL->request()
#2 /home/latihtal/public_html/agregator1/src/vendor/rmccue/requests/library/Requests/Session.php(205): Requests::request()
#3 /home/latihtal/public_html/agregator1/src/vendor/rmccue/requests/library/Requests/Session.php(132): Requests_Session->request()
#4 /home/latihtal/public_html/agregator1/src/drivers/Http/RssImporter.php(144): Requests_Session->get()
#5 /home/latihtal/public_html/agregator1/src/controllers/Dashboard/DashboardFeedsController.php(534): spark\drivers\Http\RssImporter->fetchPosts()
#6 /home/latihtal/public_html/agregator1/src/controllers/Site/SiteController.php(722): spark\controllers\Dashboard\DashboardFeedsController::importFeedPosts()
#7 [internal function]: spark\controllers\Site\SiteController->runTasks()
#8 /home/latihtal/public_html/agregator1/src/framework/Route.php(173): call_user_func_array()
#9 [internal function]: Slim\Route->Slim\{closure}()
#10 /home/latihtal/public_html/agregator1/src/framework/Route.php(468): call_user_func_array()
#11 /home/latihtal/public_html/agregator1/src/framework/Slim.php(1364): Slim\Route->dispatch()
#12 /home/latihtal/public_html/agregator1/src/framework/Middleware/Flash.php(85): Slim\Slim->call()
#13 /home/latihtal/public_html/agregator1/src/framework/Middleware/MethodOverride.php(92): Slim\Middleware\Flash->call()
#14 /home/latihtal/public_html/agregator1/src/middlewares/CsrfGuard/CsrfGuard.php(47): Slim\Middleware\MethodOverride->call()
#15 /home/latihtal/public_html/agregator1/src/framework/Middleware/PrettyExceptions.php(67): spark\middlewares\CsrfGuard\CsrfGuard->call()
#16 /home/latihtal/public_html/agregator1/src/framework/Slim.php(1308): Slim\Middleware\PrettyExceptions->call()
#17 /home/latihtal/public_html/agregator1/index.php(6): Slim\Slim->run()
#18 {main} [] []
[2025-04-07 00:48:17] SlimMonoLogger.INFO: Cron ran at: 07-04-2025 12:48:17 AM [] []
[2025-04-07 00:50:31] SlimMonoLogger.INFO: Cron ran at: 07-04-2025 12:50:31 AM [] []
[2025-04-07 00:55:32] SlimMonoLogger.INFO: Cron ran at: 07-04-2025 12:55:32 AM [] []
[2025-04-07 01:00:40] SlimMonoLogger.INFO: Cron ran at: 07-04-2025 01:00:40 AM [] []
[2025-04-07 01:05:32] SlimMonoLogger.INFO: Cron ran at: 07-04-2025 01:05:32 AM [] []
[2025-04-07 01:10:34] SlimMonoLogger.INFO: Cron ran at: 07-04-2025 01:10:34 AM [] []
[2025-04-07 01:15:41] SlimMonoLogger.INFO: Cron ran at: 07-04-2025 01:15:41 AM [] []
[2025-04-07 01:20:34] SlimMonoLogger.INFO: Cron ran at: 07-04-2025 01:20:34 AM [] []
[2025-04-07 01:25:34] SlimMonoLogger.INFO: Cron ran at: 07-04-2025 01:25:34 AM [] []
[2025-04-07 01:30:30] SlimMonoLogger.INFO: Cron ran at: 07-04-2025 01:30:30 AM [] []
[2025-04-07 01:35:29] SlimMonoLogger.INFO: Cron ran at: 07-04-2025 01:35:29 AM [] []
[2025-04-07 01:40:35] SlimMonoLogger.INFO: Cron ran at: 07-04-2025 01:40:35 AM [] []
[2025-04-07 01:45:32] SlimMonoLogger.INFO: Cron ran at: 07-04-2025 01:45:32 AM [] []
[2025-04-07 01:50:38] SlimMonoLogger.INFO: Cron ran at: 07-04-2025 01:50:38 AM [] []
[2025-04-07 01:55:46] SlimMonoLogger.INFO: Cron ran at: 07-04-2025 01:55:46 AM [] []
