[2025-12-06 01:00:55] SlimMonoLogger.INFO: Cron ran at: 06-12-2025 01:00:55 AM [] []
[2025-12-06 01:05:45] SlimMonoLogger.INFO: Cron ran at: 06-12-2025 01:05:45 AM [] []
[2025-12-06 01:10:47] SlimMonoLogger.INFO: Cron ran at: 06-12-2025 01:10:47 AM [] []
[2025-12-06 01:15:49] SlimMonoLogger.INFO: Cron ran at: 06-12-2025 01:15:49 AM [] []
[2025-12-06 01:20:48] SlimMonoLogger.INFO: Cron ran at: 06-12-2025 01:20:48 AM [] []
[2025-12-06 01:26:05] SlimMonoLogger.INFO: Cron ran at: 06-12-2025 01:26:05 AM [] []
[2025-12-06 01:30:50] SlimMonoLogger.INFO: Cron ran at: 06-12-2025 01:30:50 AM [] []
[2025-12-06 01:35:46] SlimMonoLogger.INFO: Cron ran at: 06-12-2025 01:35:46 AM [] []
[2025-12-06 01:40:46] SlimMonoLogger.INFO: Cron ran at: 06-12-2025 01:40:46 AM [] []
[2025-12-06 01:45:55] SlimMonoLogger.INFO: Cron ran at: 06-12-2025 01:45:55 AM [] []
[2025-12-06 01:50:45] SlimMonoLogger.INFO: Cron ran at: 06-12-2025 01:50:45 AM [] []
[2025-12-06 01:55:55] SlimMonoLogger.INFO: Cron ran at: 06-12-2025 01:55:55 AM [] []
[2025-12-06 02:00:54] SlimMonoLogger.INFO: Cron ran at: 06-12-2025 02:00:54 AM [] []
[2025-12-06 02:05:54] SlimMonoLogger.INFO: Cron ran at: 06-12-2025 02:05:54 AM [] []
[2025-12-06 02:10:53] SlimMonoLogger.INFO: Cron ran at: 06-12-2025 02:10:53 AM [] []
[2025-12-06 02:15:53] SlimMonoLogger.INFO: Cron ran at: 06-12-2025 02:15:53 AM [] []
[2025-12-06 02:20:54] SlimMonoLogger.INFO: Cron ran at: 06-12-2025 02:20:54 AM [] []
[2025-12-06 02:25:56] SlimMonoLogger.INFO: Cron ran at: 06-12-2025 02:25:56 AM [] []
[2025-12-06 02:30:59] SlimMonoLogger.INFO: Cron ran at: 06-12-2025 02:30:59 AM [] []
[2025-12-06 02:35:49] SlimMonoLogger.INFO: Cron ran at: 06-12-2025 02:35:49 AM [] []
[2025-12-06 02:40:48] SlimMonoLogger.INFO: Cron ran at: 06-12-2025 02:40:48 AM [] []
[2025-12-06 02:45:55] SlimMonoLogger.INFO: Cron ran at: 06-12-2025 02:45:55 AM [] []
[2025-12-06 02:50:52] SlimMonoLogger.INFO: Cron ran at: 06-12-2025 02:50:52 AM [] []
[2025-12-06 02:55:50] SlimMonoLogger.INFO: Cron ran at: 06-12-2025 02:55:50 AM [] []
[2025-12-06 03:00:55] SlimMonoLogger.INFO: Cron ran at: 06-12-2025 03:00:55 AM [] []
[2025-12-06 03:05:52] SlimMonoLogger.INFO: Cron ran at: 06-12-2025 03:05:52 AM [] []
[2025-12-06 03:10:46] SlimMonoLogger.INFO: Cron ran at: 06-12-2025 03:10:46 AM [] []
[2025-12-06 03:15:55] SlimMonoLogger.INFO: Cron ran at: 06-12-2025 03:15:55 AM [] []
[2025-12-06 03:20:53] SlimMonoLogger.INFO: Cron ran at: 06-12-2025 03:20:53 AM [] []
[2025-12-06 03:25:51] SlimMonoLogger.INFO: Cron ran at: 06-12-2025 03:25:51 AM [] []
[2025-12-06 03:30:53] SlimMonoLogger.INFO: Cron ran at: 06-12-2025 03:30:53 AM [] []
[2025-12-06 03:35:50] SlimMonoLogger.INFO: Cron ran at: 06-12-2025 03:35:50 AM [] []
[2025-12-06 03:40:45] SlimMonoLogger.INFO: Cron ran at: 06-12-2025 03:40:45 AM [] []
[2025-12-06 03:45:48] SlimMonoLogger.INFO: Cron ran at: 06-12-2025 03:45:48 AM [] []
[2025-12-06 03:50:48] SlimMonoLogger.INFO: Cron ran at: 06-12-2025 03:50:48 AM [] []
[2025-12-06 03:55:53] SlimMonoLogger.INFO: Cron ran at: 06-12-2025 03:55:53 AM [] []
[2025-12-06 04:00:55] SlimMonoLogger.INFO: Cron ran at: 06-12-2025 04:00:55 AM [] []
[2025-12-06 04:05:50] SlimMonoLogger.INFO: Cron ran at: 06-12-2025 04:05:50 AM [] []
[2025-12-06 04:10:56] SlimMonoLogger.INFO: Cron ran at: 06-12-2025 04:10:56 AM [] []
[2025-12-06 04:15:46] SlimMonoLogger.INFO: Cron ran at: 06-12-2025 04:15:46 AM [] []
[2025-12-06 04:20:55] SlimMonoLogger.INFO: Cron ran at: 06-12-2025 04:20:55 AM [] []
[2025-12-06 04:25:50] SlimMonoLogger.INFO: Cron ran at: 06-12-2025 04:25:50 AM [] []
[2025-12-06 04:30:53] SlimMonoLogger.INFO: Cron ran at: 06-12-2025 04:30:53 AM [] []
[2025-12-06 04:35:47] SlimMonoLogger.INFO: Cron ran at: 06-12-2025 04:35:47 AM [] []
[2025-12-06 04:40:46] SlimMonoLogger.INFO: Cron ran at: 06-12-2025 04:40:46 AM [] []
[2025-12-06 04:45:49] SlimMonoLogger.INFO: Cron ran at: 06-12-2025 04:45:49 AM [] []
[2025-12-06 04:50:55] SlimMonoLogger.INFO: Cron ran at: 06-12-2025 04:50:55 AM [] []
[2025-12-06 04:55:50] SlimMonoLogger.INFO: Cron ran at: 06-12-2025 04:55:50 AM [] []
[2025-12-06 05:00:47] SlimMonoLogger.INFO: Cron ran at: 06-12-2025 05:00:47 AM [] []
[2025-12-06 05:05:55] SlimMonoLogger.INFO: Cron ran at: 06-12-2025 05:05:55 AM [] []
[2025-12-06 05:10:53] SlimMonoLogger.INFO: Cron ran at: 06-12-2025 05:10:53 AM [] []
[2025-12-06 05:15:51] SlimMonoLogger.INFO: Cron ran at: 06-12-2025 05:15:51 AM [] []
[2025-12-06 05:20:52] SlimMonoLogger.INFO: Cron ran at: 06-12-2025 05:20:52 AM [] []
[2025-12-06 05:25:55] SlimMonoLogger.INFO: Cron ran at: 06-12-2025 05:25:55 AM [] []
[2025-12-06 05:30:49] SlimMonoLogger.INFO: Cron ran at: 06-12-2025 05:30:49 AM [] []
[2025-12-06 05:35:49] SlimMonoLogger.INFO: Cron ran at: 06-12-2025 05:35:49 AM [] []
[2025-12-06 05:40:55] SlimMonoLogger.INFO: Cron ran at: 06-12-2025 05:40:55 AM [] []
[2025-12-06 05:45:46] SlimMonoLogger.INFO: Cron ran at: 06-12-2025 05:45:46 AM [] []
[2025-12-06 05:50:50] SlimMonoLogger.INFO: Cron ran at: 06-12-2025 05:50:50 AM [] []
[2025-12-06 05:55:55] SlimMonoLogger.INFO: Cron ran at: 06-12-2025 05:55:55 AM [] []
[2025-12-06 06:00:56] SlimMonoLogger.INFO: Cron ran at: 06-12-2025 06:00:56 AM [] []
[2025-12-06 06:05:49] SlimMonoLogger.INFO: Cron ran at: 06-12-2025 06:05:49 AM [] []
[2025-12-06 06:10:52] SlimMonoLogger.INFO: Cron ran at: 06-12-2025 06:10:52 AM [] []
[2025-12-06 06:15:55] SlimMonoLogger.INFO: Cron ran at: 06-12-2025 06:15:55 AM [] []
[2025-12-06 06:20:47] SlimMonoLogger.INFO: Cron ran at: 06-12-2025 06:20:47 AM [] []
[2025-12-06 06:25:45] SlimMonoLogger.INFO: Cron ran at: 06-12-2025 06:25:45 AM [] []
[2025-12-06 06:30:47] SlimMonoLogger.INFO: Cron ran at: 06-12-2025 06:30:47 AM [] []
[2025-12-06 06:35:56] SlimMonoLogger.INFO: Cron ran at: 06-12-2025 06:35:56 AM [] []
[2025-12-06 06:40:46] SlimMonoLogger.INFO: Cron ran at: 06-12-2025 06:40:46 AM [] []
[2025-12-06 06:45:56] SlimMonoLogger.INFO: Cron ran at: 06-12-2025 06:45:56 AM [] []
[2025-12-06 06:50:47] SlimMonoLogger.INFO: Cron ran at: 06-12-2025 06:50:47 AM [] []
[2025-12-06 06:55:50] SlimMonoLogger.INFO: Cron ran at: 06-12-2025 06:55:50 AM [] []
[2025-12-06 07:01:04] SlimMonoLogger.INFO: Cron ran at: 06-12-2025 07:01:04 AM [] []
[2025-12-06 07:05:50] SlimMonoLogger.INFO: Cron ran at: 06-12-2025 07:05:50 AM [] []
[2025-12-06 07:10:48] SlimMonoLogger.INFO: Cron ran at: 06-12-2025 07:10:48 AM [] []
[2025-12-06 07:15:55] SlimMonoLogger.INFO: Cron ran at: 06-12-2025 07:15:55 AM [] []
[2025-12-06 07:20:51] SlimMonoLogger.INFO: Cron ran at: 06-12-2025 07:20:51 AM [] []
[2025-12-06 07:25:56] SlimMonoLogger.INFO: Cron ran at: 06-12-2025 07:25:56 AM [] []
[2025-12-06 07:30:51] SlimMonoLogger.INFO: Cron ran at: 06-12-2025 07:30:51 AM [] []
[2025-12-06 07:35:50] SlimMonoLogger.INFO: Cron ran at: 06-12-2025 07:35:50 AM [] []
[2025-12-06 07:40:47] SlimMonoLogger.INFO: Cron ran at: 06-12-2025 07:40:47 AM [] []
[2025-12-06 07:45:55] SlimMonoLogger.INFO: Cron ran at: 06-12-2025 07:45:55 AM [] []
[2025-12-06 07:50:53] SlimMonoLogger.INFO: Cron ran at: 06-12-2025 07:50:53 AM [] []
[2025-12-06 07:55:52] SlimMonoLogger.INFO: Cron ran at: 06-12-2025 07:55:52 AM [] []
[2025-12-06 08:01:03] SlimMonoLogger.INFO: Cron ran at: 06-12-2025 08:01:03 AM [] []
[2025-12-06 08:05:58] SlimMonoLogger.INFO: Cron ran at: 06-12-2025 08:05:58 AM [] []
[2025-12-06 08:10:59] SlimMonoLogger.INFO: Cron ran at: 06-12-2025 08:10:59 AM [] []
[2025-12-06 08:15:51] SlimMonoLogger.INFO: Cron ran at: 06-12-2025 08:15:51 AM [] []
[2025-12-06 08:20:50] SlimMonoLogger.INFO: Cron ran at: 06-12-2025 08:20:50 AM [] []
[2025-12-06 08:25:54] SlimMonoLogger.INFO: Cron ran at: 06-12-2025 08:25:54 AM [] []
[2025-12-06 08:30:58] SlimMonoLogger.INFO: Cron ran at: 06-12-2025 08:30:58 AM [] []
[2025-12-06 08:36:04] SlimMonoLogger.INFO: Cron ran at: 06-12-2025 08:36:04 AM [] []
[2025-12-06 08:40:55] SlimMonoLogger.INFO: Cron ran at: 06-12-2025 08:40:55 AM [] []
[2025-12-06 08:45:54] SlimMonoLogger.INFO: Cron ran at: 06-12-2025 08:45:54 AM [] []
[2025-12-06 08:50:53] SlimMonoLogger.INFO: Cron ran at: 06-12-2025 08:50:53 AM [] []
[2025-12-06 08:55:59] SlimMonoLogger.INFO: Cron ran at: 06-12-2025 08:55:59 AM [] []
[2025-12-06 09:05:57] SlimMonoLogger.INFO: Cron ran at: 06-12-2025 09:05:57 AM [] []
[2025-12-06 09:10:58] SlimMonoLogger.INFO: Cron ran at: 06-12-2025 09:10:58 AM [] []
[2025-12-06 09:16:00] SlimMonoLogger.INFO: Cron ran at: 06-12-2025 09:16:00 AM [] []
[2025-12-06 09:20:52] SlimMonoLogger.INFO: Cron ran at: 06-12-2025 09:20:52 AM [] []
[2025-12-06 09:25:52] SlimMonoLogger.INFO: Cron ran at: 06-12-2025 09:25:52 AM [] []
[2025-12-06 09:31:01] SlimMonoLogger.INFO: Cron ran at: 06-12-2025 09:31:01 AM [] []
[2025-12-06 09:35:56] SlimMonoLogger.INFO: Cron ran at: 06-12-2025 09:35:56 AM [] []
[2025-12-06 09:40:54] SlimMonoLogger.INFO: Cron ran at: 06-12-2025 09:40:54 AM [] []
[2025-12-06 09:45:50] SlimMonoLogger.INFO: Cron ran at: 06-12-2025 09:45:50 AM [] []
[2025-12-06 09:50:57] SlimMonoLogger.INFO: Cron ran at: 06-12-2025 09:50:57 AM [] []
[2025-12-06 09:55:54] SlimMonoLogger.INFO: Cron ran at: 06-12-2025 09:55:54 AM [] []
[2025-12-06 10:01:02] SlimMonoLogger.INFO: Cron ran at: 06-12-2025 10:01:02 AM [] []
[2025-12-06 10:06:49] SlimMonoLogger.INFO: Cron ran at: 06-12-2025 10:06:49 AM [] []
[2025-12-06 10:11:03] SlimMonoLogger.INFO: Cron ran at: 06-12-2025 10:11:03 AM [] []
[2025-12-06 10:16:07] SlimMonoLogger.INFO: Cron ran at: 06-12-2025 10:16:07 AM [] []
[2025-12-06 10:20:51] SlimMonoLogger.INFO: Cron ran at: 06-12-2025 10:20:51 AM [] []
[2025-12-06 10:25:58] SlimMonoLogger.INFO: Cron ran at: 06-12-2025 10:25:58 AM [] []
[2025-12-06 10:30:52] SlimMonoLogger.INFO: Cron ran at: 06-12-2025 10:30:52 AM [] []
[2025-12-06 10:35:55] SlimMonoLogger.INFO: Cron ran at: 06-12-2025 10:35:55 AM [] []
[2025-12-06 10:40:51] SlimMonoLogger.INFO: Cron ran at: 06-12-2025 10:40:51 AM [] []
[2025-12-06 10:46:06] SlimMonoLogger.INFO: Cron ran at: 06-12-2025 10:46:06 AM [] []
[2025-12-06 10:50:54] SlimMonoLogger.INFO: Cron ran at: 06-12-2025 10:50:54 AM [] []
[2025-12-06 10:55:59] SlimMonoLogger.INFO: Cron ran at: 06-12-2025 10:55:59 AM [] []
[2025-12-06 11:00:54] SlimMonoLogger.INFO: Cron ran at: 06-12-2025 11:00:54 AM [] []
[2025-12-06 11:05:58] SlimMonoLogger.INFO: Cron ran at: 06-12-2025 11:05:58 AM [] []
[2025-12-06 11:10:53] SlimMonoLogger.INFO: Cron ran at: 06-12-2025 11:10:53 AM [] []
[2025-12-06 11:15:54] SlimMonoLogger.INFO: Cron ran at: 06-12-2025 11:15:54 AM [] []
[2025-12-06 11:20:54] SlimMonoLogger.INFO: Cron ran at: 06-12-2025 11:20:54 AM [] []
[2025-12-06 11:25:53] SlimMonoLogger.INFO: Cron ran at: 06-12-2025 11:25:53 AM [] []
[2025-12-06 11:30:51] SlimMonoLogger.INFO: Cron ran at: 06-12-2025 11:30:51 AM [] []
[2025-12-06 11:35:57] SlimMonoLogger.INFO: Cron ran at: 06-12-2025 11:35:57 AM [] []
[2025-12-06 11:41:01] SlimMonoLogger.INFO: Cron ran at: 06-12-2025 11:41:01 AM [] []
[2025-12-06 11:45:54] SlimMonoLogger.INFO: Cron ran at: 06-12-2025 11:45:54 AM [] []
[2025-12-06 11:50:53] SlimMonoLogger.INFO: Cron ran at: 06-12-2025 11:50:53 AM [] []
[2025-12-06 11:55:50] SlimMonoLogger.INFO: Cron ran at: 06-12-2025 11:55:50 AM [] []
[2025-12-06 12:01:01] SlimMonoLogger.INFO: Cron ran at: 06-12-2025 12:01:01 PM [] []
[2025-12-06 12:05:56] SlimMonoLogger.INFO: Cron ran at: 06-12-2025 12:05:56 PM [] []
[2025-12-06 12:10:55] SlimMonoLogger.INFO: Cron ran at: 06-12-2025 12:10:55 PM [] []
[2025-12-06 12:15:51] SlimMonoLogger.INFO: Cron ran at: 06-12-2025 12:15:51 PM [] []
[2025-12-06 12:20:50] SlimMonoLogger.INFO: Cron ran at: 06-12-2025 12:20:50 PM [] []
[2025-12-06 12:26:11] SlimMonoLogger.INFO: Cron ran at: 06-12-2025 12:26:11 PM [] []
[2025-12-06 12:30:55] SlimMonoLogger.INFO: Cron ran at: 06-12-2025 12:30:55 PM [] []
[2025-12-06 12:35:58] SlimMonoLogger.INFO: Cron ran at: 06-12-2025 12:35:58 PM [] []
[2025-12-06 12:40:49] SlimMonoLogger.INFO: Cron ran at: 06-12-2025 12:40:49 PM [] []
[2025-12-06 12:45:53] SlimMonoLogger.INFO: Cron ran at: 06-12-2025 12:45:53 PM [] []
[2025-12-06 12:50:59] SlimMonoLogger.INFO: Cron ran at: 06-12-2025 12:50:59 PM [] []
[2025-12-06 12:55:52] SlimMonoLogger.INFO: Cron ran at: 06-12-2025 12:55:52 PM [] []
[2025-12-06 13:00:59] SlimMonoLogger.INFO: Cron ran at: 06-12-2025 01:00:59 PM [] []
[2025-12-06 13:06:08] SlimMonoLogger.INFO: Cron ran at: 06-12-2025 01:06:08 PM [] []
[2025-12-06 13:10:59] SlimMonoLogger.INFO: Cron ran at: 06-12-2025 01:10:59 PM [] []
[2025-12-06 13:15:58] SlimMonoLogger.INFO: Cron ran at: 06-12-2025 01:15:58 PM [] []
[2025-12-06 13:20:53] SlimMonoLogger.INFO: Cron ran at: 06-12-2025 01:20:53 PM [] []
[2025-12-06 13:25:51] SlimMonoLogger.INFO: Cron ran at: 06-12-2025 01:25:51 PM [] []
[2025-12-06 13:30:59] SlimMonoLogger.INFO: Cron ran at: 06-12-2025 01:30:59 PM [] []
[2025-12-06 13:35:58] SlimMonoLogger.INFO: Cron ran at: 06-12-2025 01:35:58 PM [] []
[2025-12-06 13:40:53] SlimMonoLogger.INFO: Cron ran at: 06-12-2025 01:40:53 PM [] []
[2025-12-06 13:45:54] SlimMonoLogger.INFO: Cron ran at: 06-12-2025 01:45:54 PM [] []
[2025-12-06 13:51:00] SlimMonoLogger.INFO: Cron ran at: 06-12-2025 01:51:00 PM [] []
[2025-12-06 13:56:00] SlimMonoLogger.INFO: Cron ran at: 06-12-2025 01:56:00 PM [] []
[2025-12-06 14:01:02] SlimMonoLogger.INFO: Cron ran at: 06-12-2025 02:01:02 PM [] []
[2025-12-06 14:06:05] SlimMonoLogger.INFO: Cron ran at: 06-12-2025 02:06:05 PM [] []
[2025-12-06 14:10:57] SlimMonoLogger.INFO: Cron ran at: 06-12-2025 02:10:57 PM [] []
[2025-12-06 14:15:56] SlimMonoLogger.INFO: Cron ran at: 06-12-2025 02:15:56 PM [] []
[2025-12-06 14:20:56] SlimMonoLogger.INFO: Cron ran at: 06-12-2025 02:20:56 PM [] []
[2025-12-06 14:25:58] SlimMonoLogger.INFO: Cron ran at: 06-12-2025 02:25:58 PM [] []
[2025-12-06 14:30:58] SlimMonoLogger.INFO: Cron ran at: 06-12-2025 02:30:58 PM [] []
[2025-12-06 14:35:57] SlimMonoLogger.INFO: Cron ran at: 06-12-2025 02:35:57 PM [] []
[2025-12-06 14:41:03] SlimMonoLogger.INFO: Cron ran at: 06-12-2025 02:41:03 PM [] []
[2025-12-06 14:45:51] SlimMonoLogger.INFO: Cron ran at: 06-12-2025 02:45:51 PM [] []
[2025-12-06 14:50:59] SlimMonoLogger.INFO: Cron ran at: 06-12-2025 02:50:59 PM [] []
[2025-12-06 14:55:55] SlimMonoLogger.INFO: Cron ran at: 06-12-2025 02:55:55 PM [] []
[2025-12-06 15:01:05] SlimMonoLogger.INFO: Cron ran at: 06-12-2025 03:01:05 PM [] []
[2025-12-06 15:05:52] SlimMonoLogger.INFO: Cron ran at: 06-12-2025 03:05:52 PM [] []
[2025-12-06 15:10:51] SlimMonoLogger.INFO: Cron ran at: 06-12-2025 03:10:51 PM [] []
[2025-12-06 15:15:53] SlimMonoLogger.INFO: Cron ran at: 06-12-2025 03:15:53 PM [] []
[2025-12-06 15:21:01] SlimMonoLogger.INFO: Cron ran at: 06-12-2025 03:21:01 PM [] []
[2025-12-06 15:25:52] SlimMonoLogger.INFO: Cron ran at: 06-12-2025 03:25:52 PM [] []
[2025-12-06 15:30:54] SlimMonoLogger.INFO: Cron ran at: 06-12-2025 03:30:54 PM [] []
[2025-12-06 15:35:50] SlimMonoLogger.INFO: Cron ran at: 06-12-2025 03:35:50 PM [] []
[2025-12-06 15:40:59] SlimMonoLogger.INFO: Cron ran at: 06-12-2025 03:40:59 PM [] []
[2025-12-06 15:46:01] SlimMonoLogger.INFO: Cron ran at: 06-12-2025 03:46:01 PM [] []
[2025-12-06 15:51:01] SlimMonoLogger.INFO: Cron ran at: 06-12-2025 03:51:01 PM [] []
[2025-12-06 15:55:51] SlimMonoLogger.INFO: Cron ran at: 06-12-2025 03:55:51 PM [] []
[2025-12-06 16:01:03] SlimMonoLogger.INFO: Cron ran at: 06-12-2025 04:01:03 PM [] []
[2025-12-06 16:05:49] SlimMonoLogger.INFO: Cron ran at: 06-12-2025 04:05:49 PM [] []
[2025-12-06 16:10:56] SlimMonoLogger.INFO: Cron ran at: 06-12-2025 04:10:56 PM [] []
[2025-12-06 16:16:05] SlimMonoLogger.INFO: Cron ran at: 06-12-2025 04:16:05 PM [] []
[2025-12-06 16:20:54] SlimMonoLogger.INFO: Cron ran at: 06-12-2025 04:20:54 PM [] []
[2025-12-06 16:25:55] SlimMonoLogger.INFO: Cron ran at: 06-12-2025 04:25:55 PM [] []
[2025-12-06 16:31:05] SlimMonoLogger.INFO: Cron ran at: 06-12-2025 04:31:05 PM [] []
[2025-12-06 16:35:53] SlimMonoLogger.INFO: Cron ran at: 06-12-2025 04:35:53 PM [] []
[2025-12-06 16:40:56] SlimMonoLogger.INFO: Cron ran at: 06-12-2025 04:40:56 PM [] []
[2025-12-06 16:45:53] SlimMonoLogger.INFO: Cron ran at: 06-12-2025 04:45:53 PM [] []
[2025-12-06 16:50:55] SlimMonoLogger.INFO: Cron ran at: 06-12-2025 04:50:55 PM [] []
[2025-12-06 16:56:05] SlimMonoLogger.INFO: Cron ran at: 06-12-2025 04:56:05 PM [] []
[2025-12-06 17:00:58] SlimMonoLogger.INFO: Cron ran at: 06-12-2025 05:00:58 PM [] []
[2025-12-06 17:06:05] SlimMonoLogger.INFO: Cron ran at: 06-12-2025 05:06:05 PM [] []
[2025-12-06 17:10:54] SlimMonoLogger.INFO: Cron ran at: 06-12-2025 05:10:54 PM [] []
[2025-12-06 17:16:06] SlimMonoLogger.INFO: Cron ran at: 06-12-2025 05:16:06 PM [] []
[2025-12-06 17:20:50] SlimMonoLogger.INFO: Cron ran at: 06-12-2025 05:20:50 PM [] []
[2025-12-06 17:25:55] SlimMonoLogger.INFO: Cron ran at: 06-12-2025 05:25:55 PM [] []
[2025-12-06 17:30:55] SlimMonoLogger.INFO: Cron ran at: 06-12-2025 05:30:55 PM [] []
[2025-12-06 17:35:54] SlimMonoLogger.INFO: Cron ran at: 06-12-2025 05:35:54 PM [] []
[2025-12-06 17:40:56] SlimMonoLogger.INFO: Cron ran at: 06-12-2025 05:40:56 PM [] []
[2025-12-06 17:45:55] SlimMonoLogger.INFO: Cron ran at: 06-12-2025 05:45:55 PM [] []
[2025-12-06 17:50:51] SlimMonoLogger.INFO: Cron ran at: 06-12-2025 05:50:51 PM [] []
[2025-12-06 17:55:56] SlimMonoLogger.INFO: Cron ran at: 06-12-2025 05:55:56 PM [] []
[2025-12-06 18:01:05] SlimMonoLogger.INFO: Cron ran at: 06-12-2025 06:01:05 PM [] []
[2025-12-06 18:05:54] SlimMonoLogger.INFO: Cron ran at: 06-12-2025 06:05:54 PM [] []
[2025-12-06 18:10:53] SlimMonoLogger.INFO: Cron ran at: 06-12-2025 06:10:53 PM [] []
[2025-12-06 18:15:51] SlimMonoLogger.INFO: Cron ran at: 06-12-2025 06:15:51 PM [] []
[2025-12-06 18:20:54] SlimMonoLogger.INFO: Cron ran at: 06-12-2025 06:20:54 PM [] []
[2025-12-06 18:31:02] SlimMonoLogger.INFO: Cron ran at: 06-12-2025 06:31:02 PM [] []
[2025-12-06 18:33:58] SlimMonoLogger.ERROR: Requests_Exception: cURL error 28: Operation timed out after 500001 milliseconds with 132 bytes received in /home/latihtal/public_html/agregator1/src/vendor/rmccue/requests/library/Requests/Transport/cURL.php:422
Stack trace:
#0 /home/latihtal/public_html/agregator1/src/vendor/rmccue/requests/library/Requests/Transport/cURL.php(177): Requests_Transport_cURL->process_response()
#1 /home/latihtal/public_html/agregator1/src/vendor/rmccue/requests/library/Requests.php(379): Requests_Transport_cURL->request()
#2 /home/latihtal/public_html/agregator1/src/vendor/rmccue/requests/library/Requests/Session.php(205): Requests::request()
#3 /home/latihtal/public_html/agregator1/src/vendor/rmccue/requests/library/Requests/Session.php(132): Requests_Session->request()
#4 /home/latihtal/public_html/agregator1/src/drivers/Http/RssImporter.php(144): Requests_Session->get()
#5 /home/latihtal/public_html/agregator1/src/controllers/Dashboard/DashboardFeedsController.php(534): spark\drivers\Http\RssImporter->fetchPosts()
#6 /home/latihtal/public_html/agregator1/src/controllers/Site/SiteController.php(722): spark\controllers\Dashboard\DashboardFeedsController::importFeedPosts()
#7 [internal function]: spark\controllers\Site\SiteController->runTasks()
#8 /home/latihtal/public_html/agregator1/src/framework/Route.php(173): call_user_func_array()
#9 [internal function]: Slim\Route->Slim\{closure}()
#10 /home/latihtal/public_html/agregator1/src/framework/Route.php(468): call_user_func_array()
#11 /home/latihtal/public_html/agregator1/src/framework/Slim.php(1364): Slim\Route->dispatch()
#12 /home/latihtal/public_html/agregator1/src/framework/Middleware/Flash.php(85): Slim\Slim->call()
#13 /home/latihtal/public_html/agregator1/src/framework/Middleware/MethodOverride.php(92): Slim\Middleware\Flash->call()
#14 /home/latihtal/public_html/agregator1/src/middlewares/CsrfGuard/CsrfGuard.php(47): Slim\Middleware\MethodOverride->call()
#15 /home/latihtal/public_html/agregator1/src/framework/Middleware/PrettyExceptions.php(67): spark\middlewares\CsrfGuard\CsrfGuard->call()
#16 /home/latihtal/public_html/agregator1/src/framework/Slim.php(1308): Slim\Middleware\PrettyExceptions->call()
#17 /home/latihtal/public_html/agregator1/index.php(6): Slim\Slim->run()
#18 {main} [] []
[2025-12-06 18:34:22] SlimMonoLogger.INFO: Cron ran at: 06-12-2025 06:34:22 PM [] []
[2025-12-06 18:35:46] SlimMonoLogger.INFO: Cron ran at: 06-12-2025 06:35:46 PM [] []
[2025-12-06 18:40:50] SlimMonoLogger.INFO: Cron ran at: 06-12-2025 06:40:50 PM [] []
[2025-12-06 18:45:53] SlimMonoLogger.INFO: Cron ran at: 06-12-2025 06:45:53 PM [] []
[2025-12-06 18:50:50] SlimMonoLogger.INFO: Cron ran at: 06-12-2025 06:50:50 PM [] []
[2025-12-06 18:55:54] SlimMonoLogger.INFO: Cron ran at: 06-12-2025 06:55:54 PM [] []
[2025-12-06 19:00:53] SlimMonoLogger.INFO: Cron ran at: 06-12-2025 07:00:53 PM [] []
[2025-12-06 19:05:57] SlimMonoLogger.INFO: Cron ran at: 06-12-2025 07:05:57 PM [] []
[2025-12-06 19:10:54] SlimMonoLogger.INFO: Cron ran at: 06-12-2025 07:10:54 PM [] []
[2025-12-06 19:15:53] SlimMonoLogger.INFO: Cron ran at: 06-12-2025 07:15:53 PM [] []
[2025-12-06 19:20:53] SlimMonoLogger.INFO: Cron ran at: 06-12-2025 07:20:53 PM [] []
[2025-12-06 19:25:56] SlimMonoLogger.INFO: Cron ran at: 06-12-2025 07:25:56 PM [] []
[2025-12-06 19:30:55] SlimMonoLogger.INFO: Cron ran at: 06-12-2025 07:30:55 PM [] []
[2025-12-06 19:35:53] SlimMonoLogger.INFO: Cron ran at: 06-12-2025 07:35:53 PM [] []
[2025-12-06 19:40:50] SlimMonoLogger.INFO: Cron ran at: 06-12-2025 07:40:50 PM [] []
[2025-12-06 19:45:49] SlimMonoLogger.INFO: Cron ran at: 06-12-2025 07:45:49 PM [] []
[2025-12-06 19:50:48] SlimMonoLogger.INFO: Cron ran at: 06-12-2025 07:50:48 PM [] []
[2025-12-06 19:55:50] SlimMonoLogger.INFO: Cron ran at: 06-12-2025 07:55:50 PM [] []
[2025-12-06 20:00:55] SlimMonoLogger.INFO: Cron ran at: 06-12-2025 08:00:55 PM [] []
[2025-12-06 20:05:52] SlimMonoLogger.INFO: Cron ran at: 06-12-2025 08:05:52 PM [] []
[2025-12-06 20:10:51] SlimMonoLogger.INFO: Cron ran at: 06-12-2025 08:10:51 PM [] []
[2025-12-06 20:15:52] SlimMonoLogger.INFO: Cron ran at: 06-12-2025 08:15:52 PM [] []
[2025-12-06 20:20:56] SlimMonoLogger.INFO: Cron ran at: 06-12-2025 08:20:56 PM [] []
[2025-12-06 20:26:05] SlimMonoLogger.INFO: Cron ran at: 06-12-2025 08:26:05 PM [] []
[2025-12-06 20:31:10] SlimMonoLogger.INFO: Cron ran at: 06-12-2025 08:31:10 PM [] []
[2025-12-06 20:35:57] SlimMonoLogger.INFO: Cron ran at: 06-12-2025 08:35:57 PM [] []
[2025-12-06 20:40:49] SlimMonoLogger.INFO: Cron ran at: 06-12-2025 08:40:49 PM [] []
[2025-12-06 20:45:54] SlimMonoLogger.INFO: Cron ran at: 06-12-2025 08:45:54 PM [] []
[2025-12-06 20:50:53] SlimMonoLogger.INFO: Cron ran at: 06-12-2025 08:50:53 PM [] []
[2025-12-06 20:55:53] SlimMonoLogger.INFO: Cron ran at: 06-12-2025 08:55:53 PM [] []
[2025-12-06 21:00:52] SlimMonoLogger.INFO: Cron ran at: 06-12-2025 09:00:52 PM [] []
[2025-12-06 21:05:53] SlimMonoLogger.INFO: Cron ran at: 06-12-2025 09:05:53 PM [] []
[2025-12-06 21:11:00] SlimMonoLogger.INFO: Cron ran at: 06-12-2025 09:11:00 PM [] []
[2025-12-06 21:15:55] SlimMonoLogger.INFO: Cron ran at: 06-12-2025 09:15:55 PM [] []
[2025-12-06 21:20:55] SlimMonoLogger.INFO: Cron ran at: 06-12-2025 09:20:55 PM [] []
[2025-12-06 21:25:55] SlimMonoLogger.INFO: Cron ran at: 06-12-2025 09:25:55 PM [] []
[2025-12-06 21:31:05] SlimMonoLogger.INFO: Cron ran at: 06-12-2025 09:31:05 PM [] []
[2025-12-06 21:35:54] SlimMonoLogger.INFO: Cron ran at: 06-12-2025 09:35:54 PM [] []
[2025-12-06 21:40:52] SlimMonoLogger.INFO: Cron ran at: 06-12-2025 09:40:52 PM [] []
[2025-12-06 21:45:51] SlimMonoLogger.INFO: Cron ran at: 06-12-2025 09:45:51 PM [] []
[2025-12-06 21:50:51] SlimMonoLogger.INFO: Cron ran at: 06-12-2025 09:50:51 PM [] []
[2025-12-06 21:55:56] SlimMonoLogger.INFO: Cron ran at: 06-12-2025 09:55:56 PM [] []
[2025-12-06 22:00:52] SlimMonoLogger.INFO: Cron ran at: 06-12-2025 10:00:52 PM [] []
[2025-12-06 22:06:03] SlimMonoLogger.INFO: Cron ran at: 06-12-2025 10:06:03 PM [] []
[2025-12-06 22:10:49] SlimMonoLogger.INFO: Cron ran at: 06-12-2025 10:10:49 PM [] []
[2025-12-06 22:15:48] SlimMonoLogger.INFO: Cron ran at: 06-12-2025 10:15:48 PM [] []
[2025-12-06 22:20:48] SlimMonoLogger.INFO: Cron ran at: 06-12-2025 10:20:48 PM [] []
[2025-12-06 22:25:55] SlimMonoLogger.INFO: Cron ran at: 06-12-2025 10:25:55 PM [] []
[2025-12-06 22:30:59] SlimMonoLogger.INFO: Cron ran at: 06-12-2025 10:30:59 PM [] []
[2025-12-06 22:35:56] SlimMonoLogger.INFO: Cron ran at: 06-12-2025 10:35:56 PM [] []
[2025-12-06 22:40:56] SlimMonoLogger.INFO: Cron ran at: 06-12-2025 10:40:56 PM [] []
[2025-12-06 22:45:49] SlimMonoLogger.INFO: Cron ran at: 06-12-2025 10:45:49 PM [] []
[2025-12-06 22:50:50] SlimMonoLogger.INFO: Cron ran at: 06-12-2025 10:50:50 PM [] []
[2025-12-06 22:55:48] SlimMonoLogger.INFO: Cron ran at: 06-12-2025 10:55:48 PM [] []
[2025-12-06 23:00:53] SlimMonoLogger.INFO: Cron ran at: 06-12-2025 11:00:53 PM [] []
[2025-12-06 23:05:45] SlimMonoLogger.INFO: Cron ran at: 06-12-2025 11:05:45 PM [] []
[2025-12-06 23:10:52] SlimMonoLogger.INFO: Cron ran at: 06-12-2025 11:10:52 PM [] []
[2025-12-06 23:15:49] SlimMonoLogger.INFO: Cron ran at: 06-12-2025 11:15:49 PM [] []
[2025-12-06 23:20:48] SlimMonoLogger.INFO: Cron ran at: 06-12-2025 11:20:48 PM [] []
[2025-12-06 23:25:47] SlimMonoLogger.INFO: Cron ran at: 06-12-2025 11:25:47 PM [] []
[2025-12-06 23:30:55] SlimMonoLogger.INFO: Cron ran at: 06-12-2025 11:30:55 PM [] []
[2025-12-06 23:35:51] SlimMonoLogger.INFO: Cron ran at: 06-12-2025 11:35:51 PM [] []
[2025-12-06 23:40:54] SlimMonoLogger.INFO: Cron ran at: 06-12-2025 11:40:54 PM [] []
[2025-12-06 23:45:51] SlimMonoLogger.INFO: Cron ran at: 06-12-2025 11:45:51 PM [] []
[2025-12-06 23:50:47] SlimMonoLogger.INFO: Cron ran at: 06-12-2025 11:50:47 PM [] []
[2025-12-06 23:55:47] SlimMonoLogger.INFO: Cron ran at: 06-12-2025 11:55:47 PM [] []
[2025-12-07 00:00:54] SlimMonoLogger.INFO: Cron ran at: 07-12-2025 12:00:54 AM [] []
[2025-12-07 00:05:47] SlimMonoLogger.INFO: Cron ran at: 07-12-2025 12:05:47 AM [] []
[2025-12-07 00:10:46] SlimMonoLogger.INFO: Cron ran at: 07-12-2025 12:10:46 AM [] []
[2025-12-07 00:15:49] SlimMonoLogger.INFO: Cron ran at: 07-12-2025 12:15:49 AM [] []
[2025-12-07 00:20:48] SlimMonoLogger.INFO: Cron ran at: 07-12-2025 12:20:48 AM [] []
[2025-12-07 00:25:53] SlimMonoLogger.INFO: Cron ran at: 07-12-2025 12:25:53 AM [] []
[2025-12-07 00:30:53] SlimMonoLogger.INFO: Cron ran at: 07-12-2025 12:30:53 AM [] []
[2025-12-07 00:35:46] SlimMonoLogger.INFO: Cron ran at: 07-12-2025 12:35:46 AM [] []
[2025-12-07 00:40:47] SlimMonoLogger.INFO: Cron ran at: 07-12-2025 12:40:47 AM [] []
[2025-12-07 00:45:45] SlimMonoLogger.INFO: Cron ran at: 07-12-2025 12:45:45 AM [] []
[2025-12-07 00:50:51] SlimMonoLogger.INFO: Cron ran at: 07-12-2025 12:50:51 AM [] []
[2025-12-07 00:55:48] SlimMonoLogger.INFO: Cron ran at: 07-12-2025 12:55:48 AM [] []
