[2025-04-07 02:00:36] SlimMonoLogger.INFO: Cron ran at: 07-04-2025 02:00:36 AM [] []
[2025-04-07 02:05:38] SlimMonoLogger.INFO: Cron ran at: 07-04-2025 02:05:38 AM [] []
[2025-04-07 02:10:26] SlimMonoLogger.INFO: Cron ran at: 07-04-2025 02:10:26 AM [] []
[2025-04-07 02:17:20] SlimMonoLogger.ERROR: Requests_Exception: cURL error 28: Failed to connect to antropol.mk port 443 after 129557 ms: Could not connect to server in /home/latihtal/public_html/agregator1/src/vendor/rmccue/requests/library/Requests/Transport/cURL.php:422
Stack trace:
#0 /home/latihtal/public_html/agregator1/src/vendor/rmccue/requests/library/Requests/Transport/cURL.php(177): Requests_Transport_cURL->process_response()
#1 /home/latihtal/public_html/agregator1/src/vendor/rmccue/requests/library/Requests.php(379): Requests_Transport_cURL->request()
#2 /home/latihtal/public_html/agregator1/src/vendor/rmccue/requests/library/Requests/Session.php(205): Requests::request()
#3 /home/latihtal/public_html/agregator1/src/vendor/rmccue/requests/library/Requests/Session.php(132): Requests_Session->request()
#4 /home/latihtal/public_html/agregator1/src/drivers/Http/RssImporter.php(144): Requests_Session->get()
#5 /home/latihtal/public_html/agregator1/src/controllers/Dashboard/DashboardFeedsController.php(534): spark\drivers\Http\RssImporter->fetchPosts()
#6 /home/latihtal/public_html/agregator1/src/controllers/Site/SiteController.php(722): spark\controllers\Dashboard\DashboardFeedsController::importFeedPosts()
#7 [internal function]: spark\controllers\Site\SiteController->runTasks()
#8 /home/latihtal/public_html/agregator1/src/framework/Route.php(173): call_user_func_array()
#9 [internal function]: Slim\Route->Slim\{closure}()
#10 /home/latihtal/public_html/agregator1/src/framework/Route.php(468): call_user_func_array()
#11 /home/latihtal/public_html/agregator1/src/framework/Slim.php(1364): Slim\Route->dispatch()
#12 /home/latihtal/public_html/agregator1/src/framework/Middleware/Flash.php(85): Slim\Slim->call()
#13 /home/latihtal/public_html/agregator1/src/framework/Middleware/MethodOverride.php(92): Slim\Middleware\Flash->call()
#14 /home/latihtal/public_html/agregator1/src/middlewares/CsrfGuard/CsrfGuard.php(47): Slim\Middleware\MethodOverride->call()
#15 /home/latihtal/public_html/agregator1/src/framework/Middleware/PrettyExceptions.php(67): spark\middlewares\CsrfGuard\CsrfGuard->call()
#16 /home/latihtal/public_html/agregator1/src/framework/Slim.php(1308): Slim\Middleware\PrettyExceptions->call()
#17 /home/latihtal/public_html/agregator1/index.php(6): Slim\Slim->run()
#18 {main} [] []
[2025-04-07 02:17:34] SlimMonoLogger.INFO: Cron ran at: 07-04-2025 02:17:34 AM [] []
[2025-04-07 02:20:32] SlimMonoLogger.INFO: Cron ran at: 07-04-2025 02:20:32 AM [] []
[2025-04-07 02:25:38] SlimMonoLogger.INFO: Cron ran at: 07-04-2025 02:25:38 AM [] []
[2025-04-07 02:30:30] SlimMonoLogger.INFO: Cron ran at: 07-04-2025 02:30:30 AM [] []
[2025-04-07 02:35:26] SlimMonoLogger.INFO: Cron ran at: 07-04-2025 02:35:26 AM [] []
[2025-04-07 02:40:49] SlimMonoLogger.INFO: Cron ran at: 07-04-2025 02:40:49 AM [] []
[2025-04-07 02:45:32] SlimMonoLogger.INFO: Cron ran at: 07-04-2025 02:45:32 AM [] []
[2025-04-07 02:50:36] SlimMonoLogger.INFO: Cron ran at: 07-04-2025 02:50:36 AM [] []
[2025-04-07 02:57:51] SlimMonoLogger.INFO: Cron ran at: 07-04-2025 02:57:51 AM [] []
[2025-04-07 03:00:39] SlimMonoLogger.INFO: Cron ran at: 07-04-2025 03:00:39 AM [] []
[2025-04-07 03:07:18] SlimMonoLogger.ERROR: Requests_Exception: cURL error 28: Failed to connect to antropol.mk port 443 after 129025 ms: Could not connect to server in /home/latihtal/public_html/agregator1/src/vendor/rmccue/requests/library/Requests/Transport/cURL.php:422
Stack trace:
#0 /home/latihtal/public_html/agregator1/src/vendor/rmccue/requests/library/Requests/Transport/cURL.php(177): Requests_Transport_cURL->process_response()
#1 /home/latihtal/public_html/agregator1/src/vendor/rmccue/requests/library/Requests.php(379): Requests_Transport_cURL->request()
#2 /home/latihtal/public_html/agregator1/src/vendor/rmccue/requests/library/Requests/Session.php(205): Requests::request()
#3 /home/latihtal/public_html/agregator1/src/vendor/rmccue/requests/library/Requests/Session.php(132): Requests_Session->request()
#4 /home/latihtal/public_html/agregator1/src/drivers/Http/RssImporter.php(144): Requests_Session->get()
#5 /home/latihtal/public_html/agregator1/src/controllers/Dashboard/DashboardFeedsController.php(534): spark\drivers\Http\RssImporter->fetchPosts()
#6 /home/latihtal/public_html/agregator1/src/controllers/Site/SiteController.php(722): spark\controllers\Dashboard\DashboardFeedsController::importFeedPosts()
#7 [internal function]: spark\controllers\Site\SiteController->runTasks()
#8 /home/latihtal/public_html/agregator1/src/framework/Route.php(173): call_user_func_array()
#9 [internal function]: Slim\Route->Slim\{closure}()
#10 /home/latihtal/public_html/agregator1/src/framework/Route.php(468): call_user_func_array()
#11 /home/latihtal/public_html/agregator1/src/framework/Slim.php(1364): Slim\Route->dispatch()
#12 /home/latihtal/public_html/agregator1/src/framework/Middleware/Flash.php(85): Slim\Slim->call()
#13 /home/latihtal/public_html/agregator1/src/framework/Middleware/MethodOverride.php(92): Slim\Middleware\Flash->call()
#14 /home/latihtal/public_html/agregator1/src/middlewares/CsrfGuard/CsrfGuard.php(47): Slim\Middleware\MethodOverride->call()
#15 /home/latihtal/public_html/agregator1/src/framework/Middleware/PrettyExceptions.php(67): spark\middlewares\CsrfGuard\CsrfGuard->call()
#16 /home/latihtal/public_html/agregator1/src/framework/Slim.php(1308): Slim\Middleware\PrettyExceptions->call()
#17 /home/latihtal/public_html/agregator1/index.php(6): Slim\Slim->run()
#18 {main} [] []
[2025-04-07 03:07:33] SlimMonoLogger.INFO: Cron ran at: 07-04-2025 03:07:33 AM [] []
[2025-04-07 03:12:34] SlimMonoLogger.ERROR: Requests_Exception: cURL error 28: Failed to connect to antropol.mk port 443 after 131711 ms: Could not connect to server in /home/latihtal/public_html/agregator1/src/vendor/rmccue/requests/library/Requests/Transport/cURL.php:422
Stack trace:
#0 /home/latihtal/public_html/agregator1/src/vendor/rmccue/requests/library/Requests/Transport/cURL.php(177): Requests_Transport_cURL->process_response()
#1 /home/latihtal/public_html/agregator1/src/vendor/rmccue/requests/library/Requests.php(379): Requests_Transport_cURL->request()
#2 /home/latihtal/public_html/agregator1/src/vendor/rmccue/requests/library/Requests/Session.php(205): Requests::request()
#3 /home/latihtal/public_html/agregator1/src/vendor/rmccue/requests/library/Requests/Session.php(132): Requests_Session->request()
#4 /home/latihtal/public_html/agregator1/src/drivers/Http/RssImporter.php(144): Requests_Session->get()
#5 /home/latihtal/public_html/agregator1/src/controllers/Dashboard/DashboardFeedsController.php(534): spark\drivers\Http\RssImporter->fetchPosts()
#6 /home/latihtal/public_html/agregator1/src/controllers/Site/SiteController.php(722): spark\controllers\Dashboard\DashboardFeedsController::importFeedPosts()
#7 [internal function]: spark\controllers\Site\SiteController->runTasks()
#8 /home/latihtal/public_html/agregator1/src/framework/Route.php(173): call_user_func_array()
#9 [internal function]: Slim\Route->Slim\{closure}()
#10 /home/latihtal/public_html/agregator1/src/framework/Route.php(468): call_user_func_array()
#11 /home/latihtal/public_html/agregator1/src/framework/Slim.php(1364): Slim\Route->dispatch()
#12 /home/latihtal/public_html/agregator1/src/framework/Middleware/Flash.php(85): Slim\Slim->call()
#13 /home/latihtal/public_html/agregator1/src/framework/Middleware/MethodOverride.php(92): Slim\Middleware\Flash->call()
#14 /home/latihtal/public_html/agregator1/src/middlewares/CsrfGuard/CsrfGuard.php(47): Slim\Middleware\MethodOverride->call()
#15 /home/latihtal/public_html/agregator1/src/framework/Middleware/PrettyExceptions.php(67): spark\middlewares\CsrfGuard\CsrfGuard->call()
#16 /home/latihtal/public_html/agregator1/src/framework/Slim.php(1308): Slim\Middleware\PrettyExceptions->call()
#17 /home/latihtal/public_html/agregator1/index.php(6): Slim\Slim->run()
#18 {main} [] []
[2025-04-07 03:12:51] SlimMonoLogger.INFO: Cron ran at: 07-04-2025 03:12:51 AM [] []
[2025-04-07 03:15:29] SlimMonoLogger.INFO: Cron ran at: 07-04-2025 03:15:29 AM [] []
[2025-04-07 03:20:44] SlimMonoLogger.INFO: Cron ran at: 07-04-2025 03:20:44 AM [] []
[2025-04-07 03:25:32] SlimMonoLogger.INFO: Cron ran at: 07-04-2025 03:25:32 AM [] []
[2025-04-07 03:30:33] SlimMonoLogger.INFO: Cron ran at: 07-04-2025 03:30:33 AM [] []
[2025-04-07 03:35:34] SlimMonoLogger.INFO: Cron ran at: 07-04-2025 03:35:34 AM [] []
[2025-04-07 03:40:28] SlimMonoLogger.INFO: Cron ran at: 07-04-2025 03:40:28 AM [] []
[2025-04-07 03:45:35] SlimMonoLogger.INFO: Cron ran at: 07-04-2025 03:45:35 AM [] []
[2025-04-07 03:50:43] SlimMonoLogger.INFO: Cron ran at: 07-04-2025 03:50:43 AM [] []
[2025-04-07 03:55:35] SlimMonoLogger.INFO: Cron ran at: 07-04-2025 03:55:35 AM [] []
[2025-04-07 04:02:24] SlimMonoLogger.ERROR: Requests_Exception: cURL error 28: Failed to connect to antropol.mk port 443 after 130003 ms: Could not connect to server in /home/latihtal/public_html/agregator1/src/vendor/rmccue/requests/library/Requests/Transport/cURL.php:422
Stack trace:
#0 /home/latihtal/public_html/agregator1/src/vendor/rmccue/requests/library/Requests/Transport/cURL.php(177): Requests_Transport_cURL->process_response()
#1 /home/latihtal/public_html/agregator1/src/vendor/rmccue/requests/library/Requests.php(379): Requests_Transport_cURL->request()
#2 /home/latihtal/public_html/agregator1/src/vendor/rmccue/requests/library/Requests/Session.php(205): Requests::request()
#3 /home/latihtal/public_html/agregator1/src/vendor/rmccue/requests/library/Requests/Session.php(132): Requests_Session->request()
#4 /home/latihtal/public_html/agregator1/src/drivers/Http/RssImporter.php(144): Requests_Session->get()
#5 /home/latihtal/public_html/agregator1/src/controllers/Dashboard/DashboardFeedsController.php(534): spark\drivers\Http\RssImporter->fetchPosts()
#6 /home/latihtal/public_html/agregator1/src/controllers/Site/SiteController.php(722): spark\controllers\Dashboard\DashboardFeedsController::importFeedPosts()
#7 [internal function]: spark\controllers\Site\SiteController->runTasks()
#8 /home/latihtal/public_html/agregator1/src/framework/Route.php(173): call_user_func_array()
#9 [internal function]: Slim\Route->Slim\{closure}()
#10 /home/latihtal/public_html/agregator1/src/framework/Route.php(468): call_user_func_array()
#11 /home/latihtal/public_html/agregator1/src/framework/Slim.php(1364): Slim\Route->dispatch()
#12 /home/latihtal/public_html/agregator1/src/framework/Middleware/Flash.php(85): Slim\Slim->call()
#13 /home/latihtal/public_html/agregator1/src/framework/Middleware/MethodOverride.php(92): Slim\Middleware\Flash->call()
#14 /home/latihtal/public_html/agregator1/src/middlewares/CsrfGuard/CsrfGuard.php(47): Slim\Middleware\MethodOverride->call()
#15 /home/latihtal/public_html/agregator1/src/framework/Middleware/PrettyExceptions.php(67): spark\middlewares\CsrfGuard\CsrfGuard->call()
#16 /home/latihtal/public_html/agregator1/src/framework/Slim.php(1308): Slim\Middleware\PrettyExceptions->call()
#17 /home/latihtal/public_html/agregator1/index.php(6): Slim\Slim->run()
#18 {main} [] []
[2025-04-07 04:02:38] SlimMonoLogger.INFO: Cron ran at: 07-04-2025 04:02:38 AM [] []
[2025-04-07 04:05:26] SlimMonoLogger.INFO: Cron ran at: 07-04-2025 04:05:26 AM [] []
[2025-04-07 04:10:27] SlimMonoLogger.INFO: Cron ran at: 07-04-2025 04:10:27 AM [] []
[2025-04-07 04:17:25] SlimMonoLogger.ERROR: Requests_Exception: cURL error 28: Failed to connect to antropol.mk port 443 after 131122 ms: Could not connect to server in /home/latihtal/public_html/agregator1/src/vendor/rmccue/requests/library/Requests/Transport/cURL.php:422
Stack trace:
#0 /home/latihtal/public_html/agregator1/src/vendor/rmccue/requests/library/Requests/Transport/cURL.php(177): Requests_Transport_cURL->process_response()
#1 /home/latihtal/public_html/agregator1/src/vendor/rmccue/requests/library/Requests.php(379): Requests_Transport_cURL->request()
#2 /home/latihtal/public_html/agregator1/src/vendor/rmccue/requests/library/Requests/Session.php(205): Requests::request()
#3 /home/latihtal/public_html/agregator1/src/vendor/rmccue/requests/library/Requests/Session.php(132): Requests_Session->request()
#4 /home/latihtal/public_html/agregator1/src/drivers/Http/RssImporter.php(144): Requests_Session->get()
#5 /home/latihtal/public_html/agregator1/src/controllers/Dashboard/DashboardFeedsController.php(534): spark\drivers\Http\RssImporter->fetchPosts()
#6 /home/latihtal/public_html/agregator1/src/controllers/Site/SiteController.php(722): spark\controllers\Dashboard\DashboardFeedsController::importFeedPosts()
#7 [internal function]: spark\controllers\Site\SiteController->runTasks()
#8 /home/latihtal/public_html/agregator1/src/framework/Route.php(173): call_user_func_array()
#9 [internal function]: Slim\Route->Slim\{closure}()
#10 /home/latihtal/public_html/agregator1/src/framework/Route.php(468): call_user_func_array()
#11 /home/latihtal/public_html/agregator1/src/framework/Slim.php(1364): Slim\Route->dispatch()
#12 /home/latihtal/public_html/agregator1/src/framework/Middleware/Flash.php(85): Slim\Slim->call()
#13 /home/latihtal/public_html/agregator1/src/framework/Middleware/MethodOverride.php(92): Slim\Middleware\Flash->call()
#14 /home/latihtal/public_html/agregator1/src/middlewares/CsrfGuard/CsrfGuard.php(47): Slim\Middleware\MethodOverride->call()
#15 /home/latihtal/public_html/agregator1/src/framework/Middleware/PrettyExceptions.php(67): spark\middlewares\CsrfGuard\CsrfGuard->call()
#16 /home/latihtal/public_html/agregator1/src/framework/Slim.php(1308): Slim\Middleware\PrettyExceptions->call()
#17 /home/latihtal/public_html/agregator1/index.php(6): Slim\Slim->run()
#18 {main} [] []
[2025-04-07 04:17:39] SlimMonoLogger.INFO: Cron ran at: 07-04-2025 04:17:39 AM [] []
[2025-04-07 04:20:31] SlimMonoLogger.INFO: Cron ran at: 07-04-2025 04:20:31 AM [] []
[2025-04-07 04:25:36] SlimMonoLogger.INFO: Cron ran at: 07-04-2025 04:25:36 AM [] []
[2025-04-07 04:30:37] SlimMonoLogger.INFO: Cron ran at: 07-04-2025 04:30:37 AM [] []
[2025-04-07 04:37:21] SlimMonoLogger.ERROR: Requests_Exception: cURL error 28: Failed to connect to antropol.mk port 443 after 131766 ms: Could not connect to server in /home/latihtal/public_html/agregator1/src/vendor/rmccue/requests/library/Requests/Transport/cURL.php:422
Stack trace:
#0 /home/latihtal/public_html/agregator1/src/vendor/rmccue/requests/library/Requests/Transport/cURL.php(177): Requests_Transport_cURL->process_response()
#1 /home/latihtal/public_html/agregator1/src/vendor/rmccue/requests/library/Requests.php(379): Requests_Transport_cURL->request()
#2 /home/latihtal/public_html/agregator1/src/vendor/rmccue/requests/library/Requests/Session.php(205): Requests::request()
#3 /home/latihtal/public_html/agregator1/src/vendor/rmccue/requests/library/Requests/Session.php(132): Requests_Session->request()
#4 /home/latihtal/public_html/agregator1/src/drivers/Http/RssImporter.php(144): Requests_Session->get()
#5 /home/latihtal/public_html/agregator1/src/controllers/Dashboard/DashboardFeedsController.php(534): spark\drivers\Http\RssImporter->fetchPosts()
#6 /home/latihtal/public_html/agregator1/src/controllers/Site/SiteController.php(722): spark\controllers\Dashboard\DashboardFeedsController::importFeedPosts()
#7 [internal function]: spark\controllers\Site\SiteController->runTasks()
#8 /home/latihtal/public_html/agregator1/src/framework/Route.php(173): call_user_func_array()
#9 [internal function]: Slim\Route->Slim\{closure}()
#10 /home/latihtal/public_html/agregator1/src/framework/Route.php(468): call_user_func_array()
#11 /home/latihtal/public_html/agregator1/src/framework/Slim.php(1364): Slim\Route->dispatch()
#12 /home/latihtal/public_html/agregator1/src/framework/Middleware/Flash.php(85): Slim\Slim->call()
#13 /home/latihtal/public_html/agregator1/src/framework/Middleware/MethodOverride.php(92): Slim\Middleware\Flash->call()
#14 /home/latihtal/public_html/agregator1/src/middlewares/CsrfGuard/CsrfGuard.php(47): Slim\Middleware\MethodOverride->call()
#15 /home/latihtal/public_html/agregator1/src/framework/Middleware/PrettyExceptions.php(67): spark\middlewares\CsrfGuard\CsrfGuard->call()
#16 /home/latihtal/public_html/agregator1/src/framework/Slim.php(1308): Slim\Middleware\PrettyExceptions->call()
#17 /home/latihtal/public_html/agregator1/index.php(6): Slim\Slim->run()
#18 {main} [] []
[2025-04-07 04:37:35] SlimMonoLogger.INFO: Cron ran at: 07-04-2025 04:37:35 AM [] []
[2025-04-07 04:40:25] SlimMonoLogger.INFO: Cron ran at: 07-04-2025 04:40:25 AM [] []
[2025-04-07 04:45:24] SlimMonoLogger.INFO: Cron ran at: 07-04-2025 04:45:24 AM [] []
[2025-04-07 04:50:25] SlimMonoLogger.INFO: Cron ran at: 07-04-2025 04:50:25 AM [] []
[2025-04-07 04:55:30] SlimMonoLogger.INFO: Cron ran at: 07-04-2025 04:55:30 AM [] []
[2025-04-07 05:02:24] SlimMonoLogger.ERROR: Requests_Exception: cURL error 28: Failed to connect to antropol.mk port 443 after 128635 ms: Could not connect to server in /home/latihtal/public_html/agregator1/src/vendor/rmccue/requests/library/Requests/Transport/cURL.php:422
Stack trace:
#0 /home/latihtal/public_html/agregator1/src/vendor/rmccue/requests/library/Requests/Transport/cURL.php(177): Requests_Transport_cURL->process_response()
#1 /home/latihtal/public_html/agregator1/src/vendor/rmccue/requests/library/Requests.php(379): Requests_Transport_cURL->request()
#2 /home/latihtal/public_html/agregator1/src/vendor/rmccue/requests/library/Requests/Session.php(205): Requests::request()
#3 /home/latihtal/public_html/agregator1/src/vendor/rmccue/requests/library/Requests/Session.php(132): Requests_Session->request()
#4 /home/latihtal/public_html/agregator1/src/drivers/Http/RssImporter.php(144): Requests_Session->get()
#5 /home/latihtal/public_html/agregator1/src/controllers/Dashboard/DashboardFeedsController.php(534): spark\drivers\Http\RssImporter->fetchPosts()
#6 /home/latihtal/public_html/agregator1/src/controllers/Site/SiteController.php(722): spark\controllers\Dashboard\DashboardFeedsController::importFeedPosts()
#7 [internal function]: spark\controllers\Site\SiteController->runTasks()
#8 /home/latihtal/public_html/agregator1/src/framework/Route.php(173): call_user_func_array()
#9 [internal function]: Slim\Route->Slim\{closure}()
#10 /home/latihtal/public_html/agregator1/src/framework/Route.php(468): call_user_func_array()
#11 /home/latihtal/public_html/agregator1/src/framework/Slim.php(1364): Slim\Route->dispatch()
#12 /home/latihtal/public_html/agregator1/src/framework/Middleware/Flash.php(85): Slim\Slim->call()
#13 /home/latihtal/public_html/agregator1/src/framework/Middleware/MethodOverride.php(92): Slim\Middleware\Flash->call()
#14 /home/latihtal/public_html/agregator1/src/middlewares/CsrfGuard/CsrfGuard.php(47): Slim\Middleware\MethodOverride->call()
#15 /home/latihtal/public_html/agregator1/src/framework/Middleware/PrettyExceptions.php(67): spark\middlewares\CsrfGuard\CsrfGuard->call()
#16 /home/latihtal/public_html/agregator1/src/framework/Slim.php(1308): Slim\Middleware\PrettyExceptions->call()
#17 /home/latihtal/public_html/agregator1/index.php(6): Slim\Slim->run()
#18 {main} [] []
[2025-04-07 05:02:38] SlimMonoLogger.INFO: Cron ran at: 07-04-2025 05:02:38 AM [] []
[2025-04-07 05:05:31] SlimMonoLogger.INFO: Cron ran at: 07-04-2025 05:05:31 AM [] []
[2025-04-07 05:10:36] SlimMonoLogger.INFO: Cron ran at: 07-04-2025 05:10:36 AM [] []
[2025-04-07 05:16:03] SlimMonoLogger.INFO: Cron ran at: 07-04-2025 05:16:03 AM [] []
[2025-04-07 05:22:28] SlimMonoLogger.ERROR: Requests_Exception: cURL error 28: Failed to connect to antropol.mk port 443 after 131552 ms: Could not connect to server in /home/latihtal/public_html/agregator1/src/vendor/rmccue/requests/library/Requests/Transport/cURL.php:422
Stack trace:
#0 /home/latihtal/public_html/agregator1/src/vendor/rmccue/requests/library/Requests/Transport/cURL.php(177): Requests_Transport_cURL->process_response()
#1 /home/latihtal/public_html/agregator1/src/vendor/rmccue/requests/library/Requests.php(379): Requests_Transport_cURL->request()
#2 /home/latihtal/public_html/agregator1/src/vendor/rmccue/requests/library/Requests/Session.php(205): Requests::request()
#3 /home/latihtal/public_html/agregator1/src/vendor/rmccue/requests/library/Requests/Session.php(132): Requests_Session->request()
#4 /home/latihtal/public_html/agregator1/src/drivers/Http/RssImporter.php(144): Requests_Session->get()
#5 /home/latihtal/public_html/agregator1/src/controllers/Dashboard/DashboardFeedsController.php(534): spark\drivers\Http\RssImporter->fetchPosts()
#6 /home/latihtal/public_html/agregator1/src/controllers/Site/SiteController.php(722): spark\controllers\Dashboard\DashboardFeedsController::importFeedPosts()
#7 [internal function]: spark\controllers\Site\SiteController->runTasks()
#8 /home/latihtal/public_html/agregator1/src/framework/Route.php(173): call_user_func_array()
#9 [internal function]: Slim\Route->Slim\{closure}()
#10 /home/latihtal/public_html/agregator1/src/framework/Route.php(468): call_user_func_array()
#11 /home/latihtal/public_html/agregator1/src/framework/Slim.php(1364): Slim\Route->dispatch()
#12 /home/latihtal/public_html/agregator1/src/framework/Middleware/Flash.php(85): Slim\Slim->call()
#13 /home/latihtal/public_html/agregator1/src/framework/Middleware/MethodOverride.php(92): Slim\Middleware\Flash->call()
#14 /home/latihtal/public_html/agregator1/src/middlewares/CsrfGuard/CsrfGuard.php(47): Slim\Middleware\MethodOverride->call()
#15 /home/latihtal/public_html/agregator1/src/framework/Middleware/PrettyExceptions.php(67): spark\middlewares\CsrfGuard\CsrfGuard->call()
#16 /home/latihtal/public_html/agregator1/src/framework/Slim.php(1308): Slim\Middleware\PrettyExceptions->call()
#17 /home/latihtal/public_html/agregator1/index.php(6): Slim\Slim->run()
#18 {main} [] []
[2025-04-07 05:22:46] SlimMonoLogger.INFO: Cron ran at: 07-04-2025 05:22:46 AM [] []
[2025-04-07 05:25:53] SlimMonoLogger.INFO: Cron ran at: 07-04-2025 05:25:53 AM [] []
[2025-04-07 05:32:39] SlimMonoLogger.ERROR: Requests_Exception: cURL error 28: Failed to connect to antropol.mk port 443 after 129169 ms: Could not connect to server in /home/latihtal/public_html/agregator1/src/vendor/rmccue/requests/library/Requests/Transport/cURL.php:422
Stack trace:
#0 /home/latihtal/public_html/agregator1/src/vendor/rmccue/requests/library/Requests/Transport/cURL.php(177): Requests_Transport_cURL->process_response()
#1 /home/latihtal/public_html/agregator1/src/vendor/rmccue/requests/library/Requests.php(379): Requests_Transport_cURL->request()
#2 /home/latihtal/public_html/agregator1/src/vendor/rmccue/requests/library/Requests/Session.php(205): Requests::request()
#3 /home/latihtal/public_html/agregator1/src/vendor/rmccue/requests/library/Requests/Session.php(132): Requests_Session->request()
#4 /home/latihtal/public_html/agregator1/src/drivers/Http/RssImporter.php(144): Requests_Session->get()
#5 /home/latihtal/public_html/agregator1/src/controllers/Dashboard/DashboardFeedsController.php(534): spark\drivers\Http\RssImporter->fetchPosts()
#6 /home/latihtal/public_html/agregator1/src/controllers/Site/SiteController.php(722): spark\controllers\Dashboard\DashboardFeedsController::importFeedPosts()
#7 [internal function]: spark\controllers\Site\SiteController->runTasks()
#8 /home/latihtal/public_html/agregator1/src/framework/Route.php(173): call_user_func_array()
#9 [internal function]: Slim\Route->Slim\{closure}()
#10 /home/latihtal/public_html/agregator1/src/framework/Route.php(468): call_user_func_array()
#11 /home/latihtal/public_html/agregator1/src/framework/Slim.php(1364): Slim\Route->dispatch()
#12 /home/latihtal/public_html/agregator1/src/framework/Middleware/Flash.php(85): Slim\Slim->call()
#13 /home/latihtal/public_html/agregator1/src/framework/Middleware/MethodOverride.php(92): Slim\Middleware\Flash->call()
#14 /home/latihtal/public_html/agregator1/src/middlewares/CsrfGuard/CsrfGuard.php(47): Slim\Middleware\MethodOverride->call()
#15 /home/latihtal/public_html/agregator1/src/framework/Middleware/PrettyExceptions.php(67): spark\middlewares\CsrfGuard\CsrfGuard->call()
#16 /home/latihtal/public_html/agregator1/src/framework/Slim.php(1308): Slim\Middleware\PrettyExceptions->call()
#17 /home/latihtal/public_html/agregator1/index.php(6): Slim\Slim->run()
#18 {main} [] []
[2025-04-07 05:33:04] SlimMonoLogger.INFO: Cron ran at: 07-04-2025 05:33:04 AM [] []
[2025-04-07 05:36:20] SlimMonoLogger.INFO: Cron ran at: 07-04-2025 05:36:20 AM [] []
[2025-04-07 05:40:53] SlimMonoLogger.INFO: Cron ran at: 07-04-2025 05:40:53 AM [] []
[2025-04-07 05:45:40] SlimMonoLogger.INFO: Cron ran at: 07-04-2025 05:45:40 AM [] []
[2025-04-07 05:50:58] SlimMonoLogger.INFO: Cron ran at: 07-04-2025 05:50:58 AM [] []
[2025-04-07 05:55:52] SlimMonoLogger.INFO: Cron ran at: 07-04-2025 05:55:52 AM [] []
[2025-04-07 06:01:07] SlimMonoLogger.INFO: Cron ran at: 07-04-2025 06:01:07 AM [] []
[2025-04-07 06:06:30] SlimMonoLogger.INFO: Cron ran at: 07-04-2025 06:06:30 AM [] []
[2025-04-07 06:10:38] SlimMonoLogger.INFO: Cron ran at: 07-04-2025 06:10:38 AM [] []
[2025-04-07 06:15:29] SlimMonoLogger.INFO: Cron ran at: 07-04-2025 06:15:29 AM [] []
[2025-04-07 06:20:34] SlimMonoLogger.INFO: Cron ran at: 07-04-2025 06:20:34 AM [] []
[2025-04-07 06:26:02] SlimMonoLogger.INFO: Cron ran at: 07-04-2025 06:26:02 AM [] []
[2025-04-07 06:30:29] SlimMonoLogger.INFO: Cron ran at: 07-04-2025 06:30:29 AM [] []
[2025-04-07 06:35:35] SlimMonoLogger.INFO: Cron ran at: 07-04-2025 06:35:35 AM [] []
[2025-04-07 06:40:31] SlimMonoLogger.INFO: Cron ran at: 07-04-2025 06:40:31 AM [] []
[2025-04-07 06:45:32] SlimMonoLogger.INFO: Cron ran at: 07-04-2025 06:45:32 AM [] []
[2025-04-07 06:50:40] SlimMonoLogger.INFO: Cron ran at: 07-04-2025 06:50:40 AM [] []
[2025-04-07 06:55:23] SlimMonoLogger.INFO: Cron ran at: 07-04-2025 06:55:23 AM [] []
[2025-04-07 07:00:41] SlimMonoLogger.INFO: Cron ran at: 07-04-2025 07:00:41 AM [] []
[2025-04-07 07:05:31] SlimMonoLogger.INFO: Cron ran at: 07-04-2025 07:05:31 AM [] []
[2025-04-07 07:10:31] SlimMonoLogger.INFO: Cron ran at: 07-04-2025 07:10:31 AM [] []
[2025-04-07 07:17:26] SlimMonoLogger.ERROR: Requests_Exception: cURL error 28: Failed to connect to antropol.mk port 443 after 131721 ms: Could not connect to server in /home/latihtal/public_html/agregator1/src/vendor/rmccue/requests/library/Requests/Transport/cURL.php:422
Stack trace:
#0 /home/latihtal/public_html/agregator1/src/vendor/rmccue/requests/library/Requests/Transport/cURL.php(177): Requests_Transport_cURL->process_response()
#1 /home/latihtal/public_html/agregator1/src/vendor/rmccue/requests/library/Requests.php(379): Requests_Transport_cURL->request()
#2 /home/latihtal/public_html/agregator1/src/vendor/rmccue/requests/library/Requests/Session.php(205): Requests::request()
#3 /home/latihtal/public_html/agregator1/src/vendor/rmccue/requests/library/Requests/Session.php(132): Requests_Session->request()
#4 /home/latihtal/public_html/agregator1/src/drivers/Http/RssImporter.php(144): Requests_Session->get()
#5 /home/latihtal/public_html/agregator1/src/controllers/Dashboard/DashboardFeedsController.php(534): spark\drivers\Http\RssImporter->fetchPosts()
#6 /home/latihtal/public_html/agregator1/src/controllers/Site/SiteController.php(722): spark\controllers\Dashboard\DashboardFeedsController::importFeedPosts()
#7 [internal function]: spark\controllers\Site\SiteController->runTasks()
#8 /home/latihtal/public_html/agregator1/src/framework/Route.php(173): call_user_func_array()
#9 [internal function]: Slim\Route->Slim\{closure}()
#10 /home/latihtal/public_html/agregator1/src/framework/Route.php(468): call_user_func_array()
#11 /home/latihtal/public_html/agregator1/src/framework/Slim.php(1364): Slim\Route->dispatch()
#12 /home/latihtal/public_html/agregator1/src/framework/Middleware/Flash.php(85): Slim\Slim->call()
#13 /home/latihtal/public_html/agregator1/src/framework/Middleware/MethodOverride.php(92): Slim\Middleware\Flash->call()
#14 /home/latihtal/public_html/agregator1/src/middlewares/CsrfGuard/CsrfGuard.php(47): Slim\Middleware\MethodOverride->call()
#15 /home/latihtal/public_html/agregator1/src/framework/Middleware/PrettyExceptions.php(67): spark\middlewares\CsrfGuard\CsrfGuard->call()
#16 /home/latihtal/public_html/agregator1/src/framework/Slim.php(1308): Slim\Middleware\PrettyExceptions->call()
#17 /home/latihtal/public_html/agregator1/index.php(6): Slim\Slim->run()
#18 {main} [] []
[2025-04-07 07:17:40] SlimMonoLogger.INFO: Cron ran at: 07-04-2025 07:17:40 AM [] []
[2025-04-07 07:20:38] SlimMonoLogger.INFO: Cron ran at: 07-04-2025 07:20:38 AM [] []
[2025-04-07 07:25:44] SlimMonoLogger.INFO: Cron ran at: 07-04-2025 07:25:44 AM [] []
[2025-04-07 07:30:52] SlimMonoLogger.INFO: Cron ran at: 07-04-2025 07:30:52 AM [] []
[2025-04-07 07:36:21] SlimMonoLogger.INFO: Cron ran at: 07-04-2025 07:36:21 AM [] []
[2025-04-07 07:40:32] SlimMonoLogger.INFO: Cron ran at: 07-04-2025 07:40:32 AM [] []
[2025-04-07 07:45:35] SlimMonoLogger.INFO: Cron ran at: 07-04-2025 07:45:35 AM [] []
[2025-04-07 07:50:29] SlimMonoLogger.INFO: Cron ran at: 07-04-2025 07:50:29 AM [] []
[2025-04-07 07:55:38] SlimMonoLogger.INFO: Cron ran at: 07-04-2025 07:55:38 AM [] []
[2025-04-07 08:00:27] SlimMonoLogger.INFO: Cron ran at: 07-04-2025 08:00:27 AM [] []
[2025-04-07 08:05:48] SlimMonoLogger.INFO: Cron ran at: 07-04-2025 08:05:48 AM [] []
[2025-04-07 08:10:31] SlimMonoLogger.INFO: Cron ran at: 07-04-2025 08:10:31 AM [] []
[2025-04-07 08:15:25] SlimMonoLogger.INFO: Cron ran at: 07-04-2025 08:15:25 AM [] []
[2025-04-07 08:20:36] SlimMonoLogger.INFO: Cron ran at: 07-04-2025 08:20:36 AM [] []
[2025-04-07 08:25:33] SlimMonoLogger.INFO: Cron ran at: 07-04-2025 08:25:33 AM [] []
[2025-04-07 08:30:42] SlimMonoLogger.INFO: Cron ran at: 07-04-2025 08:30:42 AM [] []
[2025-04-07 08:35:37] SlimMonoLogger.INFO: Cron ran at: 07-04-2025 08:35:37 AM [] []
[2025-04-07 08:40:36] SlimMonoLogger.INFO: Cron ran at: 07-04-2025 08:40:36 AM [] []
[2025-04-07 08:45:45] SlimMonoLogger.INFO: Cron ran at: 07-04-2025 08:45:45 AM [] []
[2025-04-07 08:52:23] SlimMonoLogger.ERROR: Requests_Exception: cURL error 28: Failed to connect to antropol.mk port 443 after 130403 ms: Could not connect to server in /home/latihtal/public_html/agregator1/src/vendor/rmccue/requests/library/Requests/Transport/cURL.php:422
Stack trace:
#0 /home/latihtal/public_html/agregator1/src/vendor/rmccue/requests/library/Requests/Transport/cURL.php(177): Requests_Transport_cURL->process_response()
#1 /home/latihtal/public_html/agregator1/src/vendor/rmccue/requests/library/Requests.php(379): Requests_Transport_cURL->request()
#2 /home/latihtal/public_html/agregator1/src/vendor/rmccue/requests/library/Requests/Session.php(205): Requests::request()
#3 /home/latihtal/public_html/agregator1/src/vendor/rmccue/requests/library/Requests/Session.php(132): Requests_Session->request()
#4 /home/latihtal/public_html/agregator1/src/drivers/Http/RssImporter.php(144): Requests_Session->get()
#5 /home/latihtal/public_html/agregator1/src/controllers/Dashboard/DashboardFeedsController.php(534): spark\drivers\Http\RssImporter->fetchPosts()
#6 /home/latihtal/public_html/agregator1/src/controllers/Site/SiteController.php(722): spark\controllers\Dashboard\DashboardFeedsController::importFeedPosts()
#7 [internal function]: spark\controllers\Site\SiteController->runTasks()
#8 /home/latihtal/public_html/agregator1/src/framework/Route.php(173): call_user_func_array()
#9 [internal function]: Slim\Route->Slim\{closure}()
#10 /home/latihtal/public_html/agregator1/src/framework/Route.php(468): call_user_func_array()
#11 /home/latihtal/public_html/agregator1/src/framework/Slim.php(1364): Slim\Route->dispatch()
#12 /home/latihtal/public_html/agregator1/src/framework/Middleware/Flash.php(85): Slim\Slim->call()
#13 /home/latihtal/public_html/agregator1/src/framework/Middleware/MethodOverride.php(92): Slim\Middleware\Flash->call()
#14 /home/latihtal/public_html/agregator1/src/middlewares/CsrfGuard/CsrfGuard.php(47): Slim\Middleware\MethodOverride->call()
#15 /home/latihtal/public_html/agregator1/src/framework/Middleware/PrettyExceptions.php(67): spark\middlewares\CsrfGuard\CsrfGuard->call()
#16 /home/latihtal/public_html/agregator1/src/framework/Slim.php(1308): Slim\Middleware\PrettyExceptions->call()
#17 /home/latihtal/public_html/agregator1/index.php(6): Slim\Slim->run()
#18 {main} [] []
[2025-04-07 08:53:00] SlimMonoLogger.INFO: Cron ran at: 07-04-2025 08:53:00 AM [] []
[2025-04-07 08:55:32] SlimMonoLogger.INFO: Cron ran at: 07-04-2025 08:55:32 AM [] []
[2025-04-07 09:00:45] SlimMonoLogger.INFO: Cron ran at: 07-04-2025 09:00:45 AM [] []
[2025-04-07 09:05:28] SlimMonoLogger.INFO: Cron ran at: 07-04-2025 09:05:28 AM [] []
[2025-04-07 09:10:38] SlimMonoLogger.INFO: Cron ran at: 07-04-2025 09:10:38 AM [] []
[2025-04-07 09:15:45] SlimMonoLogger.INFO: Cron ran at: 07-04-2025 09:15:45 AM [] []
[2025-04-07 09:20:27] SlimMonoLogger.INFO: Cron ran at: 07-04-2025 09:20:27 AM [] []
[2025-04-07 09:25:30] SlimMonoLogger.INFO: Cron ran at: 07-04-2025 09:25:30 AM [] []
[2025-04-07 09:30:30] SlimMonoLogger.INFO: Cron ran at: 07-04-2025 09:30:30 AM [] []
[2025-04-07 09:35:29] SlimMonoLogger.INFO: Cron ran at: 07-04-2025 09:35:29 AM [] []
[2025-04-07 09:40:35] SlimMonoLogger.INFO: Cron ran at: 07-04-2025 09:40:35 AM [] []
[2025-04-07 09:45:27] SlimMonoLogger.INFO: Cron ran at: 07-04-2025 09:45:27 AM [] []
[2025-04-07 09:50:33] SlimMonoLogger.INFO: Cron ran at: 07-04-2025 09:50:33 AM [] []
[2025-04-07 09:55:32] SlimMonoLogger.INFO: Cron ran at: 07-04-2025 09:55:32 AM [] []
[2025-04-07 10:00:33] SlimMonoLogger.INFO: Cron ran at: 07-04-2025 10:00:33 AM [] []
[2025-04-07 10:05:31] SlimMonoLogger.INFO: Cron ran at: 07-04-2025 10:05:31 AM [] []
[2025-04-07 10:10:31] SlimMonoLogger.INFO: Cron ran at: 07-04-2025 10:10:31 AM [] []
[2025-04-07 10:15:27] SlimMonoLogger.INFO: Cron ran at: 07-04-2025 10:15:27 AM [] []
[2025-04-07 10:20:33] SlimMonoLogger.INFO: Cron ran at: 07-04-2025 10:20:33 AM [] []
[2025-04-07 10:25:30] SlimMonoLogger.INFO: Cron ran at: 07-04-2025 10:25:30 AM [] []
[2025-04-07 10:30:38] SlimMonoLogger.INFO: Cron ran at: 07-04-2025 10:30:38 AM [] []
[2025-04-07 10:35:30] SlimMonoLogger.INFO: Cron ran at: 07-04-2025 10:35:30 AM [] []
[2025-04-07 10:40:41] SlimMonoLogger.INFO: Cron ran at: 07-04-2025 10:40:41 AM [] []
[2025-04-07 10:45:30] SlimMonoLogger.INFO: Cron ran at: 07-04-2025 10:45:30 AM [] []
[2025-04-07 10:50:27] SlimMonoLogger.INFO: Cron ran at: 07-04-2025 10:50:27 AM [] []
[2025-04-07 10:55:30] SlimMonoLogger.INFO: Cron ran at: 07-04-2025 10:55:30 AM [] []
[2025-04-07 11:00:30] SlimMonoLogger.INFO: Cron ran at: 07-04-2025 11:00:30 AM [] []
[2025-04-07 11:05:26] SlimMonoLogger.INFO: Cron ran at: 07-04-2025 11:05:26 AM [] []
[2025-04-07 11:10:38] SlimMonoLogger.INFO: Cron ran at: 07-04-2025 11:10:38 AM [] []
[2025-04-07 11:15:33] SlimMonoLogger.INFO: Cron ran at: 07-04-2025 11:15:33 AM [] []
[2025-04-07 11:20:29] SlimMonoLogger.INFO: Cron ran at: 07-04-2025 11:20:29 AM [] []
[2025-04-07 11:25:30] SlimMonoLogger.INFO: Cron ran at: 07-04-2025 11:25:30 AM [] []
[2025-04-07 11:30:33] SlimMonoLogger.INFO: Cron ran at: 07-04-2025 11:30:33 AM [] []
[2025-04-07 11:35:36] SlimMonoLogger.INFO: Cron ran at: 07-04-2025 11:35:36 AM [] []
[2025-04-07 11:40:33] SlimMonoLogger.INFO: Cron ran at: 07-04-2025 11:40:33 AM [] []
[2025-04-07 11:45:38] SlimMonoLogger.INFO: Cron ran at: 07-04-2025 11:45:38 AM [] []
[2025-04-07 11:50:28] SlimMonoLogger.INFO: Cron ran at: 07-04-2025 11:50:28 AM [] []
[2025-04-07 11:55:29] SlimMonoLogger.INFO: Cron ran at: 07-04-2025 11:55:29 AM [] []
[2025-04-07 12:00:35] SlimMonoLogger.INFO: Cron ran at: 07-04-2025 12:00:35 PM [] []
[2025-04-07 12:05:28] SlimMonoLogger.INFO: Cron ran at: 07-04-2025 12:05:28 PM [] []
[2025-04-07 12:10:31] SlimMonoLogger.INFO: Cron ran at: 07-04-2025 12:10:31 PM [] []
[2025-04-07 12:15:31] SlimMonoLogger.INFO: Cron ran at: 07-04-2025 12:15:31 PM [] []
[2025-04-07 12:20:39] SlimMonoLogger.INFO: Cron ran at: 07-04-2025 12:20:39 PM [] []
[2025-04-07 12:25:31] SlimMonoLogger.INFO: Cron ran at: 07-04-2025 12:25:31 PM [] []
[2025-04-07 12:30:36] SlimMonoLogger.INFO: Cron ran at: 07-04-2025 12:30:36 PM [] []
[2025-04-07 12:35:32] SlimMonoLogger.INFO: Cron ran at: 07-04-2025 12:35:32 PM [] []
[2025-04-07 12:40:31] SlimMonoLogger.INFO: Cron ran at: 07-04-2025 12:40:31 PM [] []
[2025-04-07 12:45:43] SlimMonoLogger.INFO: Cron ran at: 07-04-2025 12:45:43 PM [] []
[2025-04-07 12:50:35] SlimMonoLogger.INFO: Cron ran at: 07-04-2025 12:50:35 PM [] []
[2025-04-07 12:56:05] SlimMonoLogger.INFO: Cron ran at: 07-04-2025 12:56:05 PM [] []
[2025-04-07 13:00:56] SlimMonoLogger.INFO: Cron ran at: 07-04-2025 01:00:56 PM [] []
[2025-04-07 13:05:36] SlimMonoLogger.INFO: Cron ran at: 07-04-2025 01:05:36 PM [] []
[2025-04-07 13:10:41] SlimMonoLogger.INFO: Cron ran at: 07-04-2025 01:10:41 PM [] []
[2025-04-07 13:15:34] SlimMonoLogger.INFO: Cron ran at: 07-04-2025 01:15:34 PM [] []
[2025-04-07 13:20:30] SlimMonoLogger.INFO: Cron ran at: 07-04-2025 01:20:30 PM [] []
[2025-04-07 13:25:33] SlimMonoLogger.INFO: Cron ran at: 07-04-2025 01:25:33 PM [] []
[2025-04-07 13:30:31] SlimMonoLogger.INFO: Cron ran at: 07-04-2025 01:30:31 PM [] []
[2025-04-07 13:35:34] SlimMonoLogger.INFO: Cron ran at: 07-04-2025 01:35:34 PM [] []
[2025-04-07 13:40:33] SlimMonoLogger.INFO: Cron ran at: 07-04-2025 01:40:33 PM [] []
[2025-04-07 13:45:58] SlimMonoLogger.INFO: Cron ran at: 07-04-2025 01:45:58 PM [] []
[2025-04-07 13:50:28] SlimMonoLogger.INFO: Cron ran at: 07-04-2025 01:50:28 PM [] []
[2025-04-07 13:55:37] SlimMonoLogger.INFO: Cron ran at: 07-04-2025 01:55:37 PM [] []
[2025-04-07 14:00:30] SlimMonoLogger.INFO: Cron ran at: 07-04-2025 02:00:30 PM [] []
[2025-04-07 14:05:42] SlimMonoLogger.INFO: Cron ran at: 07-04-2025 02:05:42 PM [] []
[2025-04-07 14:10:34] SlimMonoLogger.INFO: Cron ran at: 07-04-2025 02:10:34 PM [] []
[2025-04-07 14:15:31] SlimMonoLogger.INFO: Cron ran at: 07-04-2025 02:15:31 PM [] []
[2025-04-07 14:20:32] SlimMonoLogger.INFO: Cron ran at: 07-04-2025 02:20:32 PM [] []
[2025-04-07 14:25:33] SlimMonoLogger.INFO: Cron ran at: 07-04-2025 02:25:33 PM [] []
[2025-04-07 14:30:43] SlimMonoLogger.INFO: Cron ran at: 07-04-2025 02:30:43 PM [] []
[2025-04-07 14:35:32] SlimMonoLogger.INFO: Cron ran at: 07-04-2025 02:35:32 PM [] []
[2025-04-07 14:40:38] SlimMonoLogger.INFO: Cron ran at: 07-04-2025 02:40:38 PM [] []
[2025-04-07 14:45:41] SlimMonoLogger.INFO: Cron ran at: 07-04-2025 02:45:41 PM [] []
[2025-04-07 14:50:56] SlimMonoLogger.INFO: Cron ran at: 07-04-2025 02:50:56 PM [] []
[2025-04-07 14:55:32] SlimMonoLogger.INFO: Cron ran at: 07-04-2025 02:55:32 PM [] []
[2025-04-07 15:01:07] SlimMonoLogger.INFO: Cron ran at: 07-04-2025 03:01:07 PM [] []
[2025-04-07 15:05:42] SlimMonoLogger.INFO: Cron ran at: 07-04-2025 03:05:42 PM [] []
[2025-04-07 15:10:36] SlimMonoLogger.INFO: Cron ran at: 07-04-2025 03:10:36 PM [] []
[2025-04-07 15:15:34] SlimMonoLogger.INFO: Cron ran at: 07-04-2025 03:15:34 PM [] []
[2025-04-07 15:20:29] SlimMonoLogger.INFO: Cron ran at: 07-04-2025 03:20:29 PM [] []
[2025-04-07 15:25:26] SlimMonoLogger.INFO: Cron ran at: 07-04-2025 03:25:26 PM [] []
[2025-04-07 15:30:26] SlimMonoLogger.INFO: Cron ran at: 07-04-2025 03:30:26 PM [] []
[2025-04-07 15:35:31] SlimMonoLogger.INFO: Cron ran at: 07-04-2025 03:35:31 PM [] []
[2025-04-07 15:40:29] SlimMonoLogger.INFO: Cron ran at: 07-04-2025 03:40:29 PM [] []
[2025-04-07 15:45:28] SlimMonoLogger.INFO: Cron ran at: 07-04-2025 03:45:28 PM [] []
[2025-04-07 15:50:44] SlimMonoLogger.INFO: Cron ran at: 07-04-2025 03:50:44 PM [] []
[2025-04-07 15:55:33] SlimMonoLogger.INFO: Cron ran at: 07-04-2025 03:55:33 PM [] []
[2025-04-07 16:00:32] SlimMonoLogger.INFO: Cron ran at: 07-04-2025 04:00:32 PM [] []
[2025-04-07 16:05:41] SlimMonoLogger.INFO: Cron ran at: 07-04-2025 04:05:41 PM [] []
[2025-04-07 16:10:33] SlimMonoLogger.INFO: Cron ran at: 07-04-2025 04:10:33 PM [] []
[2025-04-07 16:15:29] SlimMonoLogger.INFO: Cron ran at: 07-04-2025 04:15:29 PM [] []
[2025-04-07 16:20:32] SlimMonoLogger.INFO: Cron ran at: 07-04-2025 04:20:32 PM [] []
[2025-04-07 16:25:31] SlimMonoLogger.INFO: Cron ran at: 07-04-2025 04:25:31 PM [] []
[2025-04-07 16:30:30] SlimMonoLogger.INFO: Cron ran at: 07-04-2025 04:30:30 PM [] []
[2025-04-07 16:35:33] SlimMonoLogger.INFO: Cron ran at: 07-04-2025 04:35:33 PM [] []
[2025-04-07 16:40:38] SlimMonoLogger.INFO: Cron ran at: 07-04-2025 04:40:38 PM [] []
[2025-04-07 16:45:37] SlimMonoLogger.INFO: Cron ran at: 07-04-2025 04:45:37 PM [] []
[2025-04-07 16:50:33] SlimMonoLogger.INFO: Cron ran at: 07-04-2025 04:50:33 PM [] []
[2025-04-07 16:55:34] SlimMonoLogger.INFO: Cron ran at: 07-04-2025 04:55:34 PM [] []
[2025-04-07 17:00:30] SlimMonoLogger.INFO: Cron ran at: 07-04-2025 05:00:30 PM [] []
[2025-04-07 17:05:33] SlimMonoLogger.INFO: Cron ran at: 07-04-2025 05:05:33 PM [] []
[2025-04-07 17:10:50] SlimMonoLogger.INFO: Cron ran at: 07-04-2025 05:10:50 PM [] []
[2025-04-07 17:15:40] SlimMonoLogger.INFO: Cron ran at: 07-04-2025 05:15:40 PM [] []
[2025-04-07 17:20:32] SlimMonoLogger.INFO: Cron ran at: 07-04-2025 05:20:32 PM [] []
[2025-04-07 17:25:40] SlimMonoLogger.INFO: Cron ran at: 07-04-2025 05:25:40 PM [] []
[2025-04-07 17:30:47] SlimMonoLogger.INFO: Cron ran at: 07-04-2025 05:30:47 PM [] []
[2025-04-07 17:35:32] SlimMonoLogger.INFO: Cron ran at: 07-04-2025 05:35:32 PM [] []
[2025-04-07 17:40:37] SlimMonoLogger.INFO: Cron ran at: 07-04-2025 05:40:37 PM [] []
[2025-04-07 17:45:34] SlimMonoLogger.INFO: Cron ran at: 07-04-2025 05:45:34 PM [] []
[2025-04-07 17:50:33] SlimMonoLogger.INFO: Cron ran at: 07-04-2025 05:50:33 PM [] []
[2025-04-07 17:55:45] SlimMonoLogger.INFO: Cron ran at: 07-04-2025 05:55:45 PM [] []
[2025-04-07 18:00:54] SlimMonoLogger.INFO: Cron ran at: 07-04-2025 06:00:54 PM [] []
[2025-04-07 18:05:31] SlimMonoLogger.INFO: Cron ran at: 07-04-2025 06:05:31 PM [] []
[2025-04-07 18:10:29] SlimMonoLogger.INFO: Cron ran at: 07-04-2025 06:10:29 PM [] []
[2025-04-07 18:15:29] SlimMonoLogger.INFO: Cron ran at: 07-04-2025 06:15:29 PM [] []
[2025-04-07 18:20:37] SlimMonoLogger.INFO: Cron ran at: 07-04-2025 06:20:37 PM [] []
[2025-04-07 18:25:51] SlimMonoLogger.INFO: Cron ran at: 07-04-2025 06:25:51 PM [] []
[2025-04-07 18:30:49] SlimMonoLogger.INFO: Cron ran at: 07-04-2025 06:30:49 PM [] []
[2025-04-07 18:35:32] SlimMonoLogger.INFO: Cron ran at: 07-04-2025 06:35:32 PM [] []
[2025-04-07 18:40:41] SlimMonoLogger.INFO: Cron ran at: 07-04-2025 06:40:41 PM [] []
[2025-04-07 18:45:56] SlimMonoLogger.INFO: Cron ran at: 07-04-2025 06:45:56 PM [] []
[2025-04-07 18:50:47] SlimMonoLogger.INFO: Cron ran at: 07-04-2025 06:50:47 PM [] []
[2025-04-07 18:55:35] SlimMonoLogger.INFO: Cron ran at: 07-04-2025 06:55:35 PM [] []
[2025-04-07 19:00:44] SlimMonoLogger.INFO: Cron ran at: 07-04-2025 07:00:44 PM [] []
[2025-04-07 19:06:14] SlimMonoLogger.INFO: Cron ran at: 07-04-2025 07:06:14 PM [] []
[2025-04-07 19:10:32] SlimMonoLogger.INFO: Cron ran at: 07-04-2025 07:10:32 PM [] []
[2025-04-07 19:15:40] SlimMonoLogger.INFO: Cron ran at: 07-04-2025 07:15:40 PM [] []
[2025-04-07 19:20:36] SlimMonoLogger.INFO: Cron ran at: 07-04-2025 07:20:36 PM [] []
[2025-04-07 19:25:34] SlimMonoLogger.INFO: Cron ran at: 07-04-2025 07:25:34 PM [] []
[2025-04-07 19:30:49] SlimMonoLogger.INFO: Cron ran at: 07-04-2025 07:30:49 PM [] []
[2025-04-07 19:35:28] SlimMonoLogger.INFO: Cron ran at: 07-04-2025 07:35:28 PM [] []
[2025-04-07 19:41:04] SlimMonoLogger.INFO: Cron ran at: 07-04-2025 07:41:04 PM [] []
[2025-04-07 19:45:48] SlimMonoLogger.INFO: Cron ran at: 07-04-2025 07:45:48 PM [] []
[2025-04-07 19:50:30] SlimMonoLogger.INFO: Cron ran at: 07-04-2025 07:50:30 PM [] []
[2025-04-07 19:55:35] SlimMonoLogger.INFO: Cron ran at: 07-04-2025 07:55:35 PM [] []
[2025-04-07 20:00:36] SlimMonoLogger.INFO: Cron ran at: 07-04-2025 08:00:36 PM [] []
[2025-04-07 20:05:33] SlimMonoLogger.INFO: Cron ran at: 07-04-2025 08:05:33 PM [] []
[2025-04-07 20:10:30] SlimMonoLogger.INFO: Cron ran at: 07-04-2025 08:10:30 PM [] []
[2025-04-07 20:15:48] SlimMonoLogger.INFO: Cron ran at: 07-04-2025 08:15:48 PM [] []
[2025-04-07 20:20:32] SlimMonoLogger.INFO: Cron ran at: 07-04-2025 08:20:32 PM [] []
[2025-04-07 20:25:37] SlimMonoLogger.INFO: Cron ran at: 07-04-2025 08:25:37 PM [] []
[2025-04-07 20:30:33] SlimMonoLogger.INFO: Cron ran at: 07-04-2025 08:30:33 PM [] []
[2025-04-07 20:35:36] SlimMonoLogger.INFO: Cron ran at: 07-04-2025 08:35:36 PM [] []
[2025-04-07 20:41:28] SlimMonoLogger.INFO: Cron ran at: 07-04-2025 08:41:28 PM [] []
[2025-04-07 20:45:31] SlimMonoLogger.INFO: Cron ran at: 07-04-2025 08:45:31 PM [] []
[2025-04-07 20:50:34] SlimMonoLogger.INFO: Cron ran at: 07-04-2025 08:50:34 PM [] []
[2025-04-07 20:55:34] SlimMonoLogger.INFO: Cron ran at: 07-04-2025 08:55:34 PM [] []
[2025-04-07 21:01:03] SlimMonoLogger.INFO: Cron ran at: 07-04-2025 09:01:03 PM [] []
[2025-04-07 21:06:29] SlimMonoLogger.INFO: Cron ran at: 07-04-2025 09:06:29 PM [] []
[2025-04-07 21:11:07] SlimMonoLogger.INFO: Cron ran at: 07-04-2025 09:11:07 PM [] []
[2025-04-07 21:15:33] SlimMonoLogger.INFO: Cron ran at: 07-04-2025 09:15:33 PM [] []
[2025-04-07 21:20:30] SlimMonoLogger.INFO: Cron ran at: 07-04-2025 09:20:30 PM [] []
[2025-04-07 21:25:40] SlimMonoLogger.INFO: Cron ran at: 07-04-2025 09:25:40 PM [] []
[2025-04-07 21:30:34] SlimMonoLogger.INFO: Cron ran at: 07-04-2025 09:30:34 PM [] []
[2025-04-07 21:35:32] SlimMonoLogger.INFO: Cron ran at: 07-04-2025 09:35:32 PM [] []
[2025-04-07 21:40:33] SlimMonoLogger.INFO: Cron ran at: 07-04-2025 09:40:33 PM [] []
[2025-04-07 21:45:28] SlimMonoLogger.INFO: Cron ran at: 07-04-2025 09:45:28 PM [] []
[2025-04-07 21:50:31] SlimMonoLogger.INFO: Cron ran at: 07-04-2025 09:50:31 PM [] []
[2025-04-07 21:55:28] SlimMonoLogger.INFO: Cron ran at: 07-04-2025 09:55:28 PM [] []
[2025-04-07 22:00:43] SlimMonoLogger.INFO: Cron ran at: 07-04-2025 10:00:43 PM [] []
[2025-04-07 22:05:37] SlimMonoLogger.INFO: Cron ran at: 07-04-2025 10:05:37 PM [] []
[2025-04-07 22:10:38] SlimMonoLogger.INFO: Cron ran at: 07-04-2025 10:10:38 PM [] []
[2025-04-07 22:15:32] SlimMonoLogger.INFO: Cron ran at: 07-04-2025 10:15:32 PM [] []
[2025-04-07 22:20:26] SlimMonoLogger.INFO: Cron ran at: 07-04-2025 10:20:26 PM [] []
[2025-04-07 22:25:31] SlimMonoLogger.INFO: Cron ran at: 07-04-2025 10:25:31 PM [] []
[2025-04-07 22:30:34] SlimMonoLogger.INFO: Cron ran at: 07-04-2025 10:30:34 PM [] []
[2025-04-07 22:35:28] SlimMonoLogger.INFO: Cron ran at: 07-04-2025 10:35:28 PM [] []
[2025-04-07 22:40:24] SlimMonoLogger.INFO: Cron ran at: 07-04-2025 10:40:24 PM [] []
[2025-04-07 22:45:30] SlimMonoLogger.INFO: Cron ran at: 07-04-2025 10:45:30 PM [] []
[2025-04-07 22:50:27] SlimMonoLogger.INFO: Cron ran at: 07-04-2025 10:50:27 PM [] []
[2025-04-07 22:55:29] SlimMonoLogger.INFO: Cron ran at: 07-04-2025 10:55:29 PM [] []
[2025-04-07 23:00:27] SlimMonoLogger.INFO: Cron ran at: 07-04-2025 11:00:27 PM [] []
[2025-04-07 23:05:28] SlimMonoLogger.INFO: Cron ran at: 07-04-2025 11:05:28 PM [] []
[2025-04-07 23:10:26] SlimMonoLogger.INFO: Cron ran at: 07-04-2025 11:10:26 PM [] []
[2025-04-07 23:15:31] SlimMonoLogger.INFO: Cron ran at: 07-04-2025 11:15:31 PM [] []
[2025-04-07 23:20:26] SlimMonoLogger.INFO: Cron ran at: 07-04-2025 11:20:26 PM [] []
[2025-04-07 23:25:26] SlimMonoLogger.INFO: Cron ran at: 07-04-2025 11:25:26 PM [] []
[2025-04-07 23:30:26] SlimMonoLogger.INFO: Cron ran at: 07-04-2025 11:30:26 PM [] []
[2025-04-07 23:35:31] SlimMonoLogger.INFO: Cron ran at: 07-04-2025 11:35:31 PM [] []
[2025-04-07 23:40:27] SlimMonoLogger.INFO: Cron ran at: 07-04-2025 11:40:27 PM [] []
[2025-04-07 23:45:30] SlimMonoLogger.INFO: Cron ran at: 07-04-2025 11:45:30 PM [] []
[2025-04-07 23:50:28] SlimMonoLogger.INFO: Cron ran at: 07-04-2025 11:50:28 PM [] []
[2025-04-07 23:55:28] SlimMonoLogger.INFO: Cron ran at: 07-04-2025 11:55:28 PM [] []
[2025-04-08 00:00:32] SlimMonoLogger.INFO: Cron ran at: 08-04-2025 12:00:32 AM [] []
[2025-04-08 00:05:26] SlimMonoLogger.INFO: Cron ran at: 08-04-2025 12:05:26 AM [] []
[2025-04-08 00:10:25] SlimMonoLogger.INFO: Cron ran at: 08-04-2025 12:10:25 AM [] []
[2025-04-08 00:15:30] SlimMonoLogger.INFO: Cron ran at: 08-04-2025 12:15:30 AM [] []
[2025-04-08 00:20:26] SlimMonoLogger.INFO: Cron ran at: 08-04-2025 12:20:26 AM [] []
[2025-04-08 00:25:27] SlimMonoLogger.INFO: Cron ran at: 08-04-2025 12:25:27 AM [] []
[2025-04-08 00:30:35] SlimMonoLogger.INFO: Cron ran at: 08-04-2025 12:30:35 AM [] []
[2025-04-08 00:35:59] SlimMonoLogger.INFO: Cron ran at: 08-04-2025 12:35:59 AM [] []
[2025-04-08 00:40:39] SlimMonoLogger.INFO: Cron ran at: 08-04-2025 12:40:39 AM [] []
[2025-04-08 00:45:57] SlimMonoLogger.INFO: Cron ran at: 08-04-2025 12:45:57 AM [] []
[2025-04-08 00:50:53] SlimMonoLogger.INFO: Cron ran at: 08-04-2025 12:50:53 AM [] []
[2025-04-08 00:55:31] SlimMonoLogger.INFO: Cron ran at: 08-04-2025 12:55:31 AM [] []
[2025-04-08 01:00:33] SlimMonoLogger.INFO: Cron ran at: 08-04-2025 01:00:33 AM [] []
[2025-04-08 01:05:38] SlimMonoLogger.INFO: Cron ran at: 08-04-2025 01:05:38 AM [] []
[2025-04-08 01:10:31] SlimMonoLogger.INFO: Cron ran at: 08-04-2025 01:10:31 AM [] []
[2025-04-08 01:15:35] SlimMonoLogger.INFO: Cron ran at: 08-04-2025 01:15:35 AM [] []
[2025-04-08 01:20:32] SlimMonoLogger.INFO: Cron ran at: 08-04-2025 01:20:32 AM [] []
[2025-04-08 01:25:27] SlimMonoLogger.INFO: Cron ran at: 08-04-2025 01:25:27 AM [] []
[2025-04-08 01:32:22] SlimMonoLogger.ERROR: Requests_Exception: cURL error 28: Failed to connect to antropol.mk port 443 after 128893 ms: Could not connect to server in /home/latihtal/public_html/agregator1/src/vendor/rmccue/requests/library/Requests/Transport/cURL.php:422
Stack trace:
#0 /home/latihtal/public_html/agregator1/src/vendor/rmccue/requests/library/Requests/Transport/cURL.php(177): Requests_Transport_cURL->process_response()
#1 /home/latihtal/public_html/agregator1/src/vendor/rmccue/requests/library/Requests.php(379): Requests_Transport_cURL->request()
#2 /home/latihtal/public_html/agregator1/src/vendor/rmccue/requests/library/Requests/Session.php(205): Requests::request()
#3 /home/latihtal/public_html/agregator1/src/vendor/rmccue/requests/library/Requests/Session.php(132): Requests_Session->request()
#4 /home/latihtal/public_html/agregator1/src/drivers/Http/RssImporter.php(144): Requests_Session->get()
#5 /home/latihtal/public_html/agregator1/src/controllers/Dashboard/DashboardFeedsController.php(534): spark\drivers\Http\RssImporter->fetchPosts()
#6 /home/latihtal/public_html/agregator1/src/controllers/Site/SiteController.php(722): spark\controllers\Dashboard\DashboardFeedsController::importFeedPosts()
#7 [internal function]: spark\controllers\Site\SiteController->runTasks()
#8 /home/latihtal/public_html/agregator1/src/framework/Route.php(173): call_user_func_array()
#9 [internal function]: Slim\Route->Slim\{closure}()
#10 /home/latihtal/public_html/agregator1/src/framework/Route.php(468): call_user_func_array()
#11 /home/latihtal/public_html/agregator1/src/framework/Slim.php(1364): Slim\Route->dispatch()
#12 /home/latihtal/public_html/agregator1/src/framework/Middleware/Flash.php(85): Slim\Slim->call()
#13 /home/latihtal/public_html/agregator1/src/framework/Middleware/MethodOverride.php(92): Slim\Middleware\Flash->call()
#14 /home/latihtal/public_html/agregator1/src/middlewares/CsrfGuard/CsrfGuard.php(47): Slim\Middleware\MethodOverride->call()
#15 /home/latihtal/public_html/agregator1/src/framework/Middleware/PrettyExceptions.php(67): spark\middlewares\CsrfGuard\CsrfGuard->call()
#16 /home/latihtal/public_html/agregator1/src/framework/Slim.php(1308): Slim\Middleware\PrettyExceptions->call()
#17 /home/latihtal/public_html/agregator1/index.php(6): Slim\Slim->run()
#18 {main} [] []
[2025-04-08 01:32:36] SlimMonoLogger.INFO: Cron ran at: 08-04-2025 01:32:36 AM [] []
[2025-04-08 01:35:31] SlimMonoLogger.INFO: Cron ran at: 08-04-2025 01:35:31 AM [] []
[2025-04-08 01:40:27] SlimMonoLogger.INFO: Cron ran at: 08-04-2025 01:40:27 AM [] []
[2025-04-08 01:45:36] SlimMonoLogger.INFO: Cron ran at: 08-04-2025 01:45:36 AM [] []
[2025-04-08 01:50:34] SlimMonoLogger.INFO: Cron ran at: 08-04-2025 01:50:34 AM [] []
[2025-04-08 01:55:31] SlimMonoLogger.INFO: Cron ran at: 08-04-2025 01:55:31 AM [] []
