[2026-03-07 01:01:40] SlimMonoLogger.INFO: Cron ran at: 07-03-2026 01:01:40 AM [] []
[2026-03-07 01:06:30] SlimMonoLogger.INFO: Cron ran at: 07-03-2026 01:06:30 AM [] []
[2026-03-07 01:11:35] SlimMonoLogger.INFO: Cron ran at: 07-03-2026 01:11:35 AM [] []
[2026-03-07 01:16:29] SlimMonoLogger.INFO: Cron ran at: 07-03-2026 01:16:29 AM [] []
[2026-03-07 01:21:34] SlimMonoLogger.INFO: Cron ran at: 07-03-2026 01:21:34 AM [] []
[2026-03-07 01:26:31] SlimMonoLogger.INFO: Cron ran at: 07-03-2026 01:26:31 AM [] []
[2026-03-07 01:31:34] SlimMonoLogger.INFO: Cron ran at: 07-03-2026 01:31:34 AM [] []
[2026-03-07 01:36:35] SlimMonoLogger.INFO: Cron ran at: 07-03-2026 01:36:35 AM [] []
[2026-03-07 01:41:36] SlimMonoLogger.INFO: Cron ran at: 07-03-2026 01:41:36 AM [] []
[2026-03-07 01:46:33] SlimMonoLogger.INFO: Cron ran at: 07-03-2026 01:46:33 AM [] []
[2026-03-07 01:51:28] SlimMonoLogger.INFO: Cron ran at: 07-03-2026 01:51:28 AM [] []
[2026-03-07 01:56:38] SlimMonoLogger.INFO: Cron ran at: 07-03-2026 01:56:38 AM [] []
[2026-03-07 02:01:36] SlimMonoLogger.INFO: Cron ran at: 07-03-2026 02:01:36 AM [] []
[2026-03-07 02:06:41] SlimMonoLogger.INFO: Cron ran at: 07-03-2026 02:06:41 AM [] []
[2026-03-07 02:12:36] SlimMonoLogger.INFO: Cron ran at: 07-03-2026 02:12:36 AM [] []
[2026-03-07 02:17:47] SlimMonoLogger.INFO: Cron ran at: 07-03-2026 02:17:47 AM [] []
[2026-03-07 02:21:33] SlimMonoLogger.INFO: Cron ran at: 07-03-2026 02:21:33 AM [] []
[2026-03-07 02:26:41] SlimMonoLogger.INFO: Cron ran at: 07-03-2026 02:26:41 AM [] []
[2026-03-07 02:31:40] SlimMonoLogger.INFO: Cron ran at: 07-03-2026 02:31:40 AM [] []
[2026-03-07 02:36:34] SlimMonoLogger.INFO: Cron ran at: 07-03-2026 02:36:34 AM [] []
[2026-03-07 02:41:26] SlimMonoLogger.INFO: Cron ran at: 07-03-2026 02:41:26 AM [] []
[2026-03-07 02:46:25] SlimMonoLogger.INFO: Cron ran at: 07-03-2026 02:46:25 AM [] []
[2026-03-07 02:51:43] SlimMonoLogger.INFO: Cron ran at: 07-03-2026 02:51:43 AM [] []
[2026-03-07 02:56:34] SlimMonoLogger.INFO: Cron ran at: 07-03-2026 02:56:34 AM [] []
[2026-03-07 03:01:45] SlimMonoLogger.INFO: Cron ran at: 07-03-2026 03:01:45 AM [] []
[2026-03-07 03:06:24] SlimMonoLogger.INFO: Cron ran at: 07-03-2026 03:06:24 AM [] []
[2026-03-07 03:11:40] SlimMonoLogger.INFO: Cron ran at: 07-03-2026 03:11:40 AM [] []
[2026-03-07 03:16:40] SlimMonoLogger.INFO: Cron ran at: 07-03-2026 03:16:40 AM [] []
[2026-03-07 03:21:36] SlimMonoLogger.INFO: Cron ran at: 07-03-2026 03:21:36 AM [] []
[2026-03-07 03:26:24] SlimMonoLogger.INFO: Cron ran at: 07-03-2026 03:26:24 AM [] []
[2026-03-07 03:31:23] SlimMonoLogger.INFO: Cron ran at: 07-03-2026 03:31:23 AM [] []
[2026-03-07 03:36:20] SlimMonoLogger.INFO: Cron ran at: 07-03-2026 03:36:20 AM [] []
[2026-03-07 03:41:19] SlimMonoLogger.INFO: Cron ran at: 07-03-2026 03:41:19 AM [] []
[2026-03-07 03:46:25] SlimMonoLogger.INFO: Cron ran at: 07-03-2026 03:46:25 AM [] []
[2026-03-07 03:51:27] SlimMonoLogger.INFO: Cron ran at: 07-03-2026 03:51:27 AM [] []
[2026-03-07 03:56:19] SlimMonoLogger.INFO: Cron ran at: 07-03-2026 03:56:19 AM [] []
[2026-03-07 04:01:26] SlimMonoLogger.INFO: Cron ran at: 07-03-2026 04:01:26 AM [] []
[2026-03-07 04:06:19] SlimMonoLogger.INFO: Cron ran at: 07-03-2026 04:06:19 AM [] []
[2026-03-07 04:11:27] SlimMonoLogger.INFO: Cron ran at: 07-03-2026 04:11:27 AM [] []
[2026-03-07 04:16:25] SlimMonoLogger.INFO: Cron ran at: 07-03-2026 04:16:25 AM [] []
[2026-03-07 04:21:18] SlimMonoLogger.INFO: Cron ran at: 07-03-2026 04:21:18 AM [] []
[2026-03-07 04:26:27] SlimMonoLogger.INFO: Cron ran at: 07-03-2026 04:26:27 AM [] []
[2026-03-07 04:31:27] SlimMonoLogger.INFO: Cron ran at: 07-03-2026 04:31:27 AM [] []
[2026-03-07 04:36:18] SlimMonoLogger.INFO: Cron ran at: 07-03-2026 04:36:18 AM [] []
[2026-03-07 04:41:17] SlimMonoLogger.INFO: Cron ran at: 07-03-2026 04:41:17 AM [] []
[2026-03-07 04:46:20] SlimMonoLogger.INFO: Cron ran at: 07-03-2026 04:46:20 AM [] []
[2026-03-07 04:51:27] SlimMonoLogger.INFO: Cron ran at: 07-03-2026 04:51:27 AM [] []
[2026-03-07 04:56:24] SlimMonoLogger.INFO: Cron ran at: 07-03-2026 04:56:24 AM [] []
[2026-03-07 05:01:29] SlimMonoLogger.INFO: Cron ran at: 07-03-2026 05:01:29 AM [] []
[2026-03-07 05:06:29] SlimMonoLogger.INFO: Cron ran at: 07-03-2026 05:06:29 AM [] []
[2026-03-07 05:11:22] SlimMonoLogger.INFO: Cron ran at: 07-03-2026 05:11:22 AM [] []
[2026-03-07 05:16:28] SlimMonoLogger.INFO: Cron ran at: 07-03-2026 05:16:28 AM [] []
[2026-03-07 05:21:23] SlimMonoLogger.INFO: Cron ran at: 07-03-2026 05:21:23 AM [] []
[2026-03-07 05:26:25] SlimMonoLogger.INFO: Cron ran at: 07-03-2026 05:26:25 AM [] []
[2026-03-07 05:31:26] SlimMonoLogger.INFO: Cron ran at: 07-03-2026 05:31:26 AM [] []
[2026-03-07 05:36:24] SlimMonoLogger.INFO: Cron ran at: 07-03-2026 05:36:24 AM [] []
[2026-03-07 05:41:23] SlimMonoLogger.INFO: Cron ran at: 07-03-2026 05:41:23 AM [] []
[2026-03-07 05:46:20] SlimMonoLogger.INFO: Cron ran at: 07-03-2026 05:46:20 AM [] []
[2026-03-07 05:51:23] SlimMonoLogger.INFO: Cron ran at: 07-03-2026 05:51:23 AM [] []
[2026-03-07 05:56:25] SlimMonoLogger.INFO: Cron ran at: 07-03-2026 05:56:25 AM [] []
[2026-03-07 06:01:35] SlimMonoLogger.INFO: Cron ran at: 07-03-2026 06:01:35 AM [] []
[2026-03-07 06:06:24] SlimMonoLogger.INFO: Cron ran at: 07-03-2026 06:06:24 AM [] []
[2026-03-07 06:11:27] SlimMonoLogger.INFO: Cron ran at: 07-03-2026 06:11:27 AM [] []
[2026-03-07 06:16:24] SlimMonoLogger.INFO: Cron ran at: 07-03-2026 06:16:24 AM [] []
[2026-03-07 06:21:30] SlimMonoLogger.INFO: Cron ran at: 07-03-2026 06:21:30 AM [] []
[2026-03-07 06:26:27] SlimMonoLogger.INFO: Cron ran at: 07-03-2026 06:26:27 AM [] []
[2026-03-07 06:31:24] SlimMonoLogger.INFO: Cron ran at: 07-03-2026 06:31:24 AM [] []
[2026-03-07 06:36:21] SlimMonoLogger.INFO: Cron ran at: 07-03-2026 06:36:21 AM [] []
[2026-03-07 06:41:22] SlimMonoLogger.INFO: Cron ran at: 07-03-2026 06:41:22 AM [] []
[2026-03-07 06:46:23] SlimMonoLogger.INFO: Cron ran at: 07-03-2026 06:46:23 AM [] []
[2026-03-07 06:51:17] SlimMonoLogger.INFO: Cron ran at: 07-03-2026 06:51:17 AM [] []
[2026-03-07 06:56:17] SlimMonoLogger.INFO: Cron ran at: 07-03-2026 06:56:17 AM [] []
[2026-03-07 07:01:22] SlimMonoLogger.INFO: Cron ran at: 07-03-2026 07:01:22 AM [] []
[2026-03-07 07:06:10] SlimMonoLogger.INFO: Cron ran at: 07-03-2026 07:06:10 AM [] []
[2026-03-07 07:11:23] SlimMonoLogger.INFO: Cron ran at: 07-03-2026 07:11:23 AM [] []
[2026-03-07 07:16:19] SlimMonoLogger.INFO: Cron ran at: 07-03-2026 07:16:19 AM [] []
[2026-03-07 07:21:12] SlimMonoLogger.INFO: Cron ran at: 07-03-2026 07:21:12 AM [] []
[2026-03-07 07:26:13] SlimMonoLogger.INFO: Cron ran at: 07-03-2026 07:26:13 AM [] []
[2026-03-07 07:31:21] SlimMonoLogger.INFO: Cron ran at: 07-03-2026 07:31:21 AM [] []
[2026-03-07 07:36:17] SlimMonoLogger.INFO: Cron ran at: 07-03-2026 07:36:17 AM [] []
[2026-03-07 07:41:10] SlimMonoLogger.INFO: Cron ran at: 07-03-2026 07:41:10 AM [] []
[2026-03-07 07:46:09] SlimMonoLogger.INFO: Cron ran at: 07-03-2026 07:46:09 AM [] []
[2026-03-07 07:51:09] SlimMonoLogger.INFO: Cron ran at: 07-03-2026 07:51:09 AM [] []
[2026-03-07 07:56:11] SlimMonoLogger.INFO: Cron ran at: 07-03-2026 07:56:11 AM [] []
[2026-03-07 08:01:19] SlimMonoLogger.INFO: Cron ran at: 07-03-2026 08:01:19 AM [] []
[2026-03-07 08:06:21] SlimMonoLogger.INFO: Cron ran at: 07-03-2026 08:06:21 AM [] []
[2026-03-07 08:11:27] SlimMonoLogger.INFO: Cron ran at: 07-03-2026 08:11:27 AM [] []
[2026-03-07 08:16:30] SlimMonoLogger.INFO: Cron ran at: 07-03-2026 08:16:30 AM [] []
[2026-03-07 08:21:15] SlimMonoLogger.INFO: Cron ran at: 07-03-2026 08:21:15 AM [] []
[2026-03-07 08:26:21] SlimMonoLogger.INFO: Cron ran at: 07-03-2026 08:26:21 AM [] []
[2026-03-07 08:31:23] SlimMonoLogger.INFO: Cron ran at: 07-03-2026 08:31:23 AM [] []
[2026-03-07 08:36:24] SlimMonoLogger.INFO: Cron ran at: 07-03-2026 08:36:24 AM [] []
[2026-03-07 08:46:30] SlimMonoLogger.INFO: Cron ran at: 07-03-2026 08:46:30 AM [] []
[2026-03-07 08:51:14] SlimMonoLogger.INFO: Cron ran at: 07-03-2026 08:51:14 AM [] []
[2026-03-07 08:56:36] SlimMonoLogger.INFO: Cron ran at: 07-03-2026 08:56:36 AM [] []
[2026-03-07 09:06:41] SlimMonoLogger.INFO: Cron ran at: 07-03-2026 09:06:41 AM [] []
[2026-03-07 09:11:23] SlimMonoLogger.INFO: Cron ran at: 07-03-2026 09:11:23 AM [] []
[2026-03-07 09:16:39] SlimMonoLogger.INFO: Cron ran at: 07-03-2026 09:16:39 AM [] []
[2026-03-07 09:21:34] SlimMonoLogger.INFO: Cron ran at: 07-03-2026 09:21:34 AM [] []
[2026-03-07 09:26:23] SlimMonoLogger.INFO: Cron ran at: 07-03-2026 09:26:23 AM [] []
[2026-03-07 09:31:35] SlimMonoLogger.INFO: Cron ran at: 07-03-2026 09:31:35 AM [] []
[2026-03-07 09:36:22] SlimMonoLogger.INFO: Cron ran at: 07-03-2026 09:36:22 AM [] []
[2026-03-07 09:41:23] SlimMonoLogger.INFO: Cron ran at: 07-03-2026 09:41:23 AM [] []
[2026-03-07 09:46:23] SlimMonoLogger.INFO: Cron ran at: 07-03-2026 09:46:23 AM [] []
[2026-03-07 09:51:33] SlimMonoLogger.INFO: Cron ran at: 07-03-2026 09:51:33 AM [] []
[2026-03-07 10:07:53] SlimMonoLogger.INFO: Cron ran at: 07-03-2026 10:07:53 AM [] []
[2026-03-07 10:12:46] SlimMonoLogger.INFO: Cron ran at: 07-03-2026 10:12:46 AM [] []
[2026-03-07 10:17:07] SlimMonoLogger.INFO: Cron ran at: 07-03-2026 10:17:07 AM [] []
[2026-03-07 10:21:46] SlimMonoLogger.INFO: Cron ran at: 07-03-2026 10:21:46 AM [] []
[2026-03-07 10:26:22] SlimMonoLogger.INFO: Cron ran at: 07-03-2026 10:26:22 AM [] []
[2026-03-07 10:31:48] SlimMonoLogger.INFO: Cron ran at: 07-03-2026 10:31:48 AM [] []
[2026-03-07 10:36:19] SlimMonoLogger.INFO: Cron ran at: 07-03-2026 10:36:19 AM [] []
[2026-03-07 10:41:21] SlimMonoLogger.INFO: Cron ran at: 07-03-2026 10:41:21 AM [] []
[2026-03-07 10:46:39] SlimMonoLogger.INFO: Cron ran at: 07-03-2026 10:46:39 AM [] []
[2026-03-07 10:51:30] SlimMonoLogger.INFO: Cron ran at: 07-03-2026 10:51:30 AM [] []
[2026-03-07 10:56:16] SlimMonoLogger.INFO: Cron ran at: 07-03-2026 10:56:16 AM [] []
[2026-03-07 11:01:24] SlimMonoLogger.INFO: Cron ran at: 07-03-2026 11:01:24 AM [] []
[2026-03-07 11:06:29] SlimMonoLogger.INFO: Cron ran at: 07-03-2026 11:06:29 AM [] []
[2026-03-07 11:11:17] SlimMonoLogger.INFO: Cron ran at: 07-03-2026 11:11:17 AM [] []
[2026-03-07 11:16:16] SlimMonoLogger.INFO: Cron ran at: 07-03-2026 11:16:16 AM [] []
[2026-03-07 11:21:15] SlimMonoLogger.INFO: Cron ran at: 07-03-2026 11:21:15 AM [] []
[2026-03-07 11:26:18] SlimMonoLogger.INFO: Cron ran at: 07-03-2026 11:26:18 AM [] []
[2026-03-07 11:31:24] SlimMonoLogger.INFO: Cron ran at: 07-03-2026 11:31:24 AM [] []
[2026-03-07 11:36:15] SlimMonoLogger.INFO: Cron ran at: 07-03-2026 11:36:15 AM [] []
[2026-03-07 11:41:26] SlimMonoLogger.INFO: Cron ran at: 07-03-2026 11:41:26 AM [] []
[2026-03-07 11:46:21] SlimMonoLogger.INFO: Cron ran at: 07-03-2026 11:46:21 AM [] []
[2026-03-07 11:51:20] SlimMonoLogger.INFO: Cron ran at: 07-03-2026 11:51:20 AM [] []
[2026-03-07 11:56:18] SlimMonoLogger.INFO: Cron ran at: 07-03-2026 11:56:18 AM [] []
[2026-03-07 12:01:29] SlimMonoLogger.INFO: Cron ran at: 07-03-2026 12:01:29 PM [] []
[2026-03-07 12:06:24] SlimMonoLogger.INFO: Cron ran at: 07-03-2026 12:06:24 PM [] []
[2026-03-07 12:11:31] SlimMonoLogger.INFO: Cron ran at: 07-03-2026 12:11:31 PM [] []
[2026-03-07 12:16:31] SlimMonoLogger.INFO: Cron ran at: 07-03-2026 12:16:31 PM [] []
[2026-03-07 12:21:26] SlimMonoLogger.INFO: Cron ran at: 07-03-2026 12:21:26 PM [] []
[2026-03-07 12:26:23] SlimMonoLogger.INFO: Cron ran at: 07-03-2026 12:26:23 PM [] []
[2026-03-07 12:31:25] SlimMonoLogger.INFO: Cron ran at: 07-03-2026 12:31:25 PM [] []
[2026-03-07 12:36:23] SlimMonoLogger.INFO: Cron ran at: 07-03-2026 12:36:23 PM [] []
[2026-03-07 12:41:25] SlimMonoLogger.INFO: Cron ran at: 07-03-2026 12:41:25 PM [] []
[2026-03-07 12:46:29] SlimMonoLogger.INFO: Cron ran at: 07-03-2026 12:46:29 PM [] []
[2026-03-07 12:51:26] SlimMonoLogger.INFO: Cron ran at: 07-03-2026 12:51:26 PM [] []
[2026-03-07 12:56:23] SlimMonoLogger.INFO: Cron ran at: 07-03-2026 12:56:23 PM [] []
[2026-03-07 13:01:23] SlimMonoLogger.INFO: Cron ran at: 07-03-2026 01:01:23 PM [] []
[2026-03-07 13:06:29] SlimMonoLogger.INFO: Cron ran at: 07-03-2026 01:06:29 PM [] []
[2026-03-07 13:12:32] SlimMonoLogger.INFO: Cron ran at: 07-03-2026 01:12:32 PM [] []
[2026-03-07 13:16:19] SlimMonoLogger.INFO: Cron ran at: 07-03-2026 01:16:19 PM [] []
[2026-03-07 13:21:18] SlimMonoLogger.INFO: Cron ran at: 07-03-2026 01:21:18 PM [] []
[2026-03-07 13:26:33] SlimMonoLogger.INFO: Cron ran at: 07-03-2026 01:26:33 PM [] []
[2026-03-07 13:31:26] SlimMonoLogger.INFO: Cron ran at: 07-03-2026 01:31:26 PM [] []
[2026-03-07 13:36:20] SlimMonoLogger.INFO: Cron ran at: 07-03-2026 01:36:20 PM [] []
[2026-03-07 13:41:21] SlimMonoLogger.INFO: Cron ran at: 07-03-2026 01:41:21 PM [] []
[2026-03-07 13:46:26] SlimMonoLogger.INFO: Cron ran at: 07-03-2026 01:46:26 PM [] []
[2026-03-07 13:51:28] SlimMonoLogger.INFO: Cron ran at: 07-03-2026 01:51:28 PM [] []
[2026-03-07 13:56:23] SlimMonoLogger.INFO: Cron ran at: 07-03-2026 01:56:23 PM [] []
[2026-03-07 14:01:25] SlimMonoLogger.INFO: Cron ran at: 07-03-2026 02:01:25 PM [] []
[2026-03-07 14:06:18] SlimMonoLogger.INFO: Cron ran at: 07-03-2026 02:06:18 PM [] []
[2026-03-07 14:11:22] SlimMonoLogger.INFO: Cron ran at: 07-03-2026 02:11:22 PM [] []
[2026-03-07 14:16:24] SlimMonoLogger.INFO: Cron ran at: 07-03-2026 02:16:24 PM [] []
[2026-03-07 14:21:27] SlimMonoLogger.INFO: Cron ran at: 07-03-2026 02:21:27 PM [] []
[2026-03-07 14:26:29] SlimMonoLogger.INFO: Cron ran at: 07-03-2026 02:26:29 PM [] []
[2026-03-07 14:31:28] SlimMonoLogger.INFO: Cron ran at: 07-03-2026 02:31:28 PM [] []
[2026-03-07 14:36:20] SlimMonoLogger.INFO: Cron ran at: 07-03-2026 02:36:20 PM [] []
[2026-03-07 14:41:33] SlimMonoLogger.INFO: Cron ran at: 07-03-2026 02:41:33 PM [] []
[2026-03-07 14:46:41] SlimMonoLogger.INFO: Cron ran at: 07-03-2026 02:46:41 PM [] []
[2026-03-07 14:51:39] SlimMonoLogger.INFO: Cron ran at: 07-03-2026 02:51:39 PM [] []
[2026-03-07 14:56:49] SlimMonoLogger.INFO: Cron ran at: 07-03-2026 02:56:49 PM [] []
[2026-03-07 15:01:34] SlimMonoLogger.INFO: Cron ran at: 07-03-2026 03:01:34 PM [] []
[2026-03-07 15:06:19] SlimMonoLogger.INFO: Cron ran at: 07-03-2026 03:06:19 PM [] []
[2026-03-07 15:11:27] SlimMonoLogger.INFO: Cron ran at: 07-03-2026 03:11:27 PM [] []
[2026-03-07 15:16:18] SlimMonoLogger.INFO: Cron ran at: 07-03-2026 03:16:18 PM [] []
[2026-03-07 15:21:38] SlimMonoLogger.INFO: Cron ran at: 07-03-2026 03:21:38 PM [] []
[2026-03-07 15:26:26] SlimMonoLogger.INFO: Cron ran at: 07-03-2026 03:26:26 PM [] []
[2026-03-07 15:31:26] SlimMonoLogger.INFO: Cron ran at: 07-03-2026 03:31:26 PM [] []
[2026-03-07 15:36:23] SlimMonoLogger.INFO: Cron ran at: 07-03-2026 03:36:23 PM [] []
[2026-03-07 15:41:33] SlimMonoLogger.INFO: Cron ran at: 07-03-2026 03:41:33 PM [] []
[2026-03-07 15:46:20] SlimMonoLogger.INFO: Cron ran at: 07-03-2026 03:46:20 PM [] []
[2026-03-07 15:51:22] SlimMonoLogger.INFO: Cron ran at: 07-03-2026 03:51:22 PM [] []
[2026-03-07 15:56:21] SlimMonoLogger.INFO: Cron ran at: 07-03-2026 03:56:21 PM [] []
[2026-03-07 16:01:41] SlimMonoLogger.INFO: Cron ran at: 07-03-2026 04:01:41 PM [] []
[2026-03-07 16:06:25] SlimMonoLogger.INFO: Cron ran at: 07-03-2026 04:06:25 PM [] []
[2026-03-07 16:11:24] SlimMonoLogger.INFO: Cron ran at: 07-03-2026 04:11:24 PM [] []
[2026-03-07 16:16:24] SlimMonoLogger.INFO: Cron ran at: 07-03-2026 04:16:24 PM [] []
[2026-03-07 16:21:27] SlimMonoLogger.INFO: Cron ran at: 07-03-2026 04:21:27 PM [] []
[2026-03-07 16:26:26] SlimMonoLogger.INFO: Cron ran at: 07-03-2026 04:26:26 PM [] []
[2026-03-07 16:31:22] SlimMonoLogger.INFO: Cron ran at: 07-03-2026 04:31:22 PM [] []
[2026-03-07 16:36:22] SlimMonoLogger.INFO: Cron ran at: 07-03-2026 04:36:22 PM [] []
[2026-03-07 16:41:32] SlimMonoLogger.INFO: Cron ran at: 07-03-2026 04:41:32 PM [] []
[2026-03-07 16:46:18] SlimMonoLogger.INFO: Cron ran at: 07-03-2026 04:46:18 PM [] []
[2026-03-07 16:51:15] SlimMonoLogger.INFO: Cron ran at: 07-03-2026 04:51:15 PM [] []
[2026-03-07 16:56:18] SlimMonoLogger.INFO: Cron ran at: 07-03-2026 04:56:18 PM [] []
[2026-03-07 17:01:36] SlimMonoLogger.INFO: Cron ran at: 07-03-2026 05:01:36 PM [] []
[2026-03-07 17:06:28] SlimMonoLogger.INFO: Cron ran at: 07-03-2026 05:06:28 PM [] []
[2026-03-07 17:11:19] SlimMonoLogger.INFO: Cron ran at: 07-03-2026 05:11:19 PM [] []
[2026-03-07 17:16:17] SlimMonoLogger.INFO: Cron ran at: 07-03-2026 05:16:17 PM [] []
[2026-03-07 17:21:13] SlimMonoLogger.INFO: Cron ran at: 07-03-2026 05:21:13 PM [] []
[2026-03-07 17:26:28] SlimMonoLogger.INFO: Cron ran at: 07-03-2026 05:26:28 PM [] []
[2026-03-07 17:31:25] SlimMonoLogger.INFO: Cron ran at: 07-03-2026 05:31:25 PM [] []
[2026-03-07 17:36:22] SlimMonoLogger.INFO: Cron ran at: 07-03-2026 05:36:22 PM [] []
[2026-03-07 17:41:17] SlimMonoLogger.INFO: Cron ran at: 07-03-2026 05:41:17 PM [] []
[2026-03-07 17:46:28] SlimMonoLogger.INFO: Cron ran at: 07-03-2026 05:46:28 PM [] []
[2026-03-07 17:51:22] SlimMonoLogger.INFO: Cron ran at: 07-03-2026 05:51:22 PM [] []
[2026-03-07 17:56:24] SlimMonoLogger.INFO: Cron ran at: 07-03-2026 05:56:24 PM [] []
[2026-03-07 18:01:26] SlimMonoLogger.INFO: Cron ran at: 07-03-2026 06:01:26 PM [] []
[2026-03-07 18:06:14] SlimMonoLogger.INFO: Cron ran at: 07-03-2026 06:06:14 PM [] []
[2026-03-07 18:11:22] SlimMonoLogger.INFO: Cron ran at: 07-03-2026 06:11:22 PM [] []
[2026-03-07 18:16:33] SlimMonoLogger.INFO: Cron ran at: 07-03-2026 06:16:33 PM [] []
[2026-03-07 18:21:23] SlimMonoLogger.INFO: Cron ran at: 07-03-2026 06:21:23 PM [] []
[2026-03-07 18:26:32] SlimMonoLogger.INFO: Cron ran at: 07-03-2026 06:26:32 PM [] []
[2026-03-07 18:31:43] SlimMonoLogger.INFO: Cron ran at: 07-03-2026 06:31:43 PM [] []
[2026-03-07 18:36:33] SlimMonoLogger.INFO: Cron ran at: 07-03-2026 06:36:33 PM [] []
[2026-03-07 18:41:23] SlimMonoLogger.INFO: Cron ran at: 07-03-2026 06:41:23 PM [] []
[2026-03-07 18:46:25] SlimMonoLogger.INFO: Cron ran at: 07-03-2026 06:46:25 PM [] []
[2026-03-07 18:51:23] SlimMonoLogger.INFO: Cron ran at: 07-03-2026 06:51:23 PM [] []
[2026-03-07 18:56:19] SlimMonoLogger.INFO: Cron ran at: 07-03-2026 06:56:19 PM [] []
[2026-03-07 19:01:38] SlimMonoLogger.INFO: Cron ran at: 07-03-2026 07:01:38 PM [] []
[2026-03-07 19:06:32] SlimMonoLogger.INFO: Cron ran at: 07-03-2026 07:06:32 PM [] []
[2026-03-07 19:11:27] SlimMonoLogger.INFO: Cron ran at: 07-03-2026 07:11:27 PM [] []
[2026-03-07 19:16:36] SlimMonoLogger.INFO: Cron ran at: 07-03-2026 07:16:36 PM [] []
[2026-03-07 19:21:35] SlimMonoLogger.INFO: Cron ran at: 07-03-2026 07:21:35 PM [] []
[2026-03-07 19:26:35] SlimMonoLogger.INFO: Cron ran at: 07-03-2026 07:26:35 PM [] []
[2026-03-07 19:31:34] SlimMonoLogger.INFO: Cron ran at: 07-03-2026 07:31:34 PM [] []
[2026-03-07 19:36:26] SlimMonoLogger.INFO: Cron ran at: 07-03-2026 07:36:26 PM [] []
[2026-03-07 19:41:31] SlimMonoLogger.INFO: Cron ran at: 07-03-2026 07:41:31 PM [] []
[2026-03-07 19:46:34] SlimMonoLogger.INFO: Cron ran at: 07-03-2026 07:46:34 PM [] []
[2026-03-07 19:51:40] SlimMonoLogger.INFO: Cron ran at: 07-03-2026 07:51:40 PM [] []
[2026-03-07 19:56:38] SlimMonoLogger.INFO: Cron ran at: 07-03-2026 07:56:38 PM [] []
[2026-03-07 20:01:41] SlimMonoLogger.INFO: Cron ran at: 07-03-2026 08:01:41 PM [] []
[2026-03-07 20:06:33] SlimMonoLogger.INFO: Cron ran at: 07-03-2026 08:06:33 PM [] []
[2026-03-07 20:11:37] SlimMonoLogger.INFO: Cron ran at: 07-03-2026 08:11:37 PM [] []
[2026-03-07 20:16:34] SlimMonoLogger.INFO: Cron ran at: 07-03-2026 08:16:34 PM [] []
[2026-03-07 20:21:26] SlimMonoLogger.INFO: Cron ran at: 07-03-2026 08:21:26 PM [] []
[2026-03-07 20:26:44] SlimMonoLogger.INFO: Cron ran at: 07-03-2026 08:26:44 PM [] []
[2026-03-07 20:31:40] SlimMonoLogger.INFO: Cron ran at: 07-03-2026 08:31:40 PM [] []
[2026-03-07 20:36:31] SlimMonoLogger.INFO: Cron ran at: 07-03-2026 08:36:31 PM [] []
[2026-03-07 20:41:36] SlimMonoLogger.INFO: Cron ran at: 07-03-2026 08:41:36 PM [] []
[2026-03-07 20:46:45] SlimMonoLogger.INFO: Cron ran at: 07-03-2026 08:46:45 PM [] []
[2026-03-07 20:51:41] SlimMonoLogger.INFO: Cron ran at: 07-03-2026 08:51:41 PM [] []
[2026-03-07 20:56:43] SlimMonoLogger.INFO: Cron ran at: 07-03-2026 08:56:43 PM [] []
[2026-03-07 21:01:50] SlimMonoLogger.INFO: Cron ran at: 07-03-2026 09:01:50 PM [] []
[2026-03-07 21:06:37] SlimMonoLogger.INFO: Cron ran at: 07-03-2026 09:06:37 PM [] []
[2026-03-07 21:11:31] SlimMonoLogger.INFO: Cron ran at: 07-03-2026 09:11:31 PM [] []
[2026-03-07 21:16:41] SlimMonoLogger.INFO: Cron ran at: 07-03-2026 09:16:41 PM [] []
[2026-03-07 21:21:21] SlimMonoLogger.INFO: Cron ran at: 07-03-2026 09:21:21 PM [] []
[2026-03-07 21:26:27] SlimMonoLogger.INFO: Cron ran at: 07-03-2026 09:26:27 PM [] []
[2026-03-07 21:31:49] SlimMonoLogger.INFO: Cron ran at: 07-03-2026 09:31:49 PM [] []
[2026-03-07 21:36:15] SlimMonoLogger.INFO: Cron ran at: 07-03-2026 09:36:15 PM [] []
[2026-03-07 21:41:15] SlimMonoLogger.INFO: Cron ran at: 07-03-2026 09:41:15 PM [] []
[2026-03-07 21:46:18] SlimMonoLogger.INFO: Cron ran at: 07-03-2026 09:46:18 PM [] []
[2026-03-07 21:51:27] SlimMonoLogger.INFO: Cron ran at: 07-03-2026 09:51:27 PM [] []
[2026-03-07 21:56:25] SlimMonoLogger.INFO: Cron ran at: 07-03-2026 09:56:25 PM [] []
[2026-03-07 22:01:38] SlimMonoLogger.INFO: Cron ran at: 07-03-2026 10:01:38 PM [] []
[2026-03-07 22:06:39] SlimMonoLogger.INFO: Cron ran at: 07-03-2026 10:06:39 PM [] []
[2026-03-07 22:11:23] SlimMonoLogger.INFO: Cron ran at: 07-03-2026 10:11:23 PM [] []
[2026-03-07 22:16:40] SlimMonoLogger.INFO: Cron ran at: 07-03-2026 10:16:40 PM [] []
[2026-03-07 22:21:25] SlimMonoLogger.INFO: Cron ran at: 07-03-2026 10:21:25 PM [] []
[2026-03-07 22:26:34] SlimMonoLogger.INFO: Cron ran at: 07-03-2026 10:26:34 PM [] []
[2026-03-07 22:32:24] SlimMonoLogger.INFO: Cron ran at: 07-03-2026 10:32:24 PM [] []
[2026-03-07 22:36:17] SlimMonoLogger.INFO: Cron ran at: 07-03-2026 10:36:17 PM [] []
[2026-03-07 22:41:25] SlimMonoLogger.INFO: Cron ran at: 07-03-2026 10:41:25 PM [] []
[2026-03-07 22:46:14] SlimMonoLogger.INFO: Cron ran at: 07-03-2026 10:46:14 PM [] []
[2026-03-07 22:51:24] SlimMonoLogger.INFO: Cron ran at: 07-03-2026 10:51:24 PM [] []
[2026-03-07 22:56:33] SlimMonoLogger.INFO: Cron ran at: 07-03-2026 10:56:33 PM [] []
[2026-03-07 23:01:27] SlimMonoLogger.INFO: Cron ran at: 07-03-2026 11:01:27 PM [] []
[2026-03-07 23:06:29] SlimMonoLogger.INFO: Cron ran at: 07-03-2026 11:06:29 PM [] []
[2026-03-07 23:11:25] SlimMonoLogger.INFO: Cron ran at: 07-03-2026 11:11:25 PM [] []
[2026-03-07 23:16:26] SlimMonoLogger.INFO: Cron ran at: 07-03-2026 11:16:26 PM [] []
[2026-03-07 23:21:23] SlimMonoLogger.INFO: Cron ran at: 07-03-2026 11:21:23 PM [] []
[2026-03-07 23:26:32] SlimMonoLogger.INFO: Cron ran at: 07-03-2026 11:26:32 PM [] []
[2026-03-07 23:31:29] SlimMonoLogger.INFO: Cron ran at: 07-03-2026 11:31:29 PM [] []
[2026-03-07 23:36:27] SlimMonoLogger.INFO: Cron ran at: 07-03-2026 11:36:27 PM [] []
[2026-03-07 23:41:26] SlimMonoLogger.INFO: Cron ran at: 07-03-2026 11:41:26 PM [] []
[2026-03-07 23:46:36] SlimMonoLogger.INFO: Cron ran at: 07-03-2026 11:46:36 PM [] []
[2026-03-07 23:51:35] SlimMonoLogger.INFO: Cron ran at: 07-03-2026 11:51:35 PM [] []
[2026-03-07 23:56:22] SlimMonoLogger.INFO: Cron ran at: 07-03-2026 11:56:22 PM [] []
[2026-03-08 00:01:28] SlimMonoLogger.INFO: Cron ran at: 08-03-2026 12:01:28 AM [] []
[2026-03-08 00:06:20] SlimMonoLogger.INFO: Cron ran at: 08-03-2026 12:06:20 AM [] []
[2026-03-08 00:11:27] SlimMonoLogger.INFO: Cron ran at: 08-03-2026 12:11:27 AM [] []
[2026-03-08 00:16:20] SlimMonoLogger.INFO: Cron ran at: 08-03-2026 12:16:20 AM [] []
[2026-03-08 00:21:25] SlimMonoLogger.INFO: Cron ran at: 08-03-2026 12:21:25 AM [] []
[2026-03-08 00:26:23] SlimMonoLogger.INFO: Cron ran at: 08-03-2026 12:26:23 AM [] []
[2026-03-08 00:31:29] SlimMonoLogger.INFO: Cron ran at: 08-03-2026 12:31:29 AM [] []
[2026-03-08 00:36:30] SlimMonoLogger.INFO: Cron ran at: 08-03-2026 12:36:30 AM [] []
[2026-03-08 00:41:38] SlimMonoLogger.INFO: Cron ran at: 08-03-2026 12:41:38 AM [] []
[2026-03-08 00:46:36] SlimMonoLogger.INFO: Cron ran at: 08-03-2026 12:46:36 AM [] []
[2026-03-08 00:56:32] SlimMonoLogger.INFO: Cron ran at: 08-03-2026 12:56:32 AM [] []
[2026-03-08 00:59:14] SlimMonoLogger.ERROR: Requests_Exception: cURL error 28: Operation timed out after 500001 milliseconds with 15824 bytes received in /home/latihtal/public_html/agregator1/src/vendor/rmccue/requests/library/Requests/Transport/cURL.php:422
Stack trace:
#0 /home/latihtal/public_html/agregator1/src/vendor/rmccue/requests/library/Requests/Transport/cURL.php(177): Requests_Transport_cURL->process_response()
#1 /home/latihtal/public_html/agregator1/src/vendor/rmccue/requests/library/Requests.php(379): Requests_Transport_cURL->request()
#2 /home/latihtal/public_html/agregator1/src/vendor/rmccue/requests/library/Requests/Session.php(205): Requests::request()
#3 /home/latihtal/public_html/agregator1/src/vendor/rmccue/requests/library/Requests/Session.php(132): Requests_Session->request()
#4 /home/latihtal/public_html/agregator1/src/drivers/Http/RssImporter.php(144): Requests_Session->get()
#5 /home/latihtal/public_html/agregator1/src/controllers/Dashboard/DashboardFeedsController.php(534): spark\drivers\Http\RssImporter->fetchPosts()
#6 /home/latihtal/public_html/agregator1/src/controllers/Site/SiteController.php(722): spark\controllers\Dashboard\DashboardFeedsController::importFeedPosts()
#7 [internal function]: spark\controllers\Site\SiteController->runTasks()
#8 /home/latihtal/public_html/agregator1/src/framework/Route.php(173): call_user_func_array()
#9 [internal function]: Slim\Route->Slim\{closure}()
#10 /home/latihtal/public_html/agregator1/src/framework/Route.php(468): call_user_func_array()
#11 /home/latihtal/public_html/agregator1/src/framework/Slim.php(1364): Slim\Route->dispatch()
#12 /home/latihtal/public_html/agregator1/src/framework/Middleware/Flash.php(85): Slim\Slim->call()
#13 /home/latihtal/public_html/agregator1/src/framework/Middleware/MethodOverride.php(92): Slim\Middleware\Flash->call()
#14 /home/latihtal/public_html/agregator1/src/middlewares/CsrfGuard/CsrfGuard.php(47): Slim\Middleware\MethodOverride->call()
#15 /home/latihtal/public_html/agregator1/src/framework/Middleware/PrettyExceptions.php(67): spark\middlewares\CsrfGuard\CsrfGuard->call()
#16 /home/latihtal/public_html/agregator1/src/framework/Slim.php(1308): Slim\Middleware\PrettyExceptions->call()
#17 /home/latihtal/public_html/agregator1/index.php(6): Slim\Slim->run()
#18 {main} [] []
[2026-03-08 00:59:49] SlimMonoLogger.INFO: Cron ran at: 08-03-2026 12:59:49 AM [] []
