[2025-10-07 02:00:25] SlimMonoLogger.INFO: Cron ran at: 07-10-2025 02:00:25 AM [] []
[2025-10-07 02:05:23] SlimMonoLogger.INFO: Cron ran at: 07-10-2025 02:05:23 AM [] []
[2025-10-07 02:10:26] SlimMonoLogger.INFO: Cron ran at: 07-10-2025 02:10:26 AM [] []
[2025-10-07 02:15:22] SlimMonoLogger.INFO: Cron ran at: 07-10-2025 02:15:22 AM [] []
[2025-10-07 02:20:23] SlimMonoLogger.INFO: Cron ran at: 07-10-2025 02:20:23 AM [] []
[2025-10-07 02:25:24] SlimMonoLogger.INFO: Cron ran at: 07-10-2025 02:25:24 AM [] []
[2025-10-07 02:30:22] SlimMonoLogger.INFO: Cron ran at: 07-10-2025 02:30:22 AM [] []
[2025-10-07 02:35:24] SlimMonoLogger.INFO: Cron ran at: 07-10-2025 02:35:24 AM [] []
[2025-10-07 02:40:22] SlimMonoLogger.INFO: Cron ran at: 07-10-2025 02:40:22 AM [] []
[2025-10-07 02:45:24] SlimMonoLogger.INFO: Cron ran at: 07-10-2025 02:45:24 AM [] []
[2025-10-07 02:50:25] SlimMonoLogger.INFO: Cron ran at: 07-10-2025 02:50:25 AM [] []
[2025-10-07 02:55:24] SlimMonoLogger.INFO: Cron ran at: 07-10-2025 02:55:24 AM [] []
[2025-10-07 03:00:27] SlimMonoLogger.INFO: Cron ran at: 07-10-2025 03:00:27 AM [] []
[2025-10-07 03:05:23] SlimMonoLogger.INFO: Cron ran at: 07-10-2025 03:05:23 AM [] []
[2025-10-07 03:10:23] SlimMonoLogger.INFO: Cron ran at: 07-10-2025 03:10:23 AM [] []
[2025-10-07 03:15:23] SlimMonoLogger.INFO: Cron ran at: 07-10-2025 03:15:23 AM [] []
[2025-10-07 03:20:23] SlimMonoLogger.INFO: Cron ran at: 07-10-2025 03:20:23 AM [] []
[2025-10-07 03:25:23] SlimMonoLogger.INFO: Cron ran at: 07-10-2025 03:25:23 AM [] []
[2025-10-07 03:30:26] SlimMonoLogger.INFO: Cron ran at: 07-10-2025 03:30:26 AM [] []
[2025-10-07 03:35:27] SlimMonoLogger.INFO: Cron ran at: 07-10-2025 03:35:27 AM [] []
[2025-10-07 03:40:26] SlimMonoLogger.INFO: Cron ran at: 07-10-2025 03:40:26 AM [] []
[2025-10-07 03:45:25] SlimMonoLogger.INFO: Cron ran at: 07-10-2025 03:45:25 AM [] []
[2025-10-07 03:50:23] SlimMonoLogger.INFO: Cron ran at: 07-10-2025 03:50:23 AM [] []
[2025-10-07 03:55:25] SlimMonoLogger.INFO: Cron ran at: 07-10-2025 03:55:25 AM [] []
[2025-10-07 04:00:24] SlimMonoLogger.INFO: Cron ran at: 07-10-2025 04:00:24 AM [] []
[2025-10-07 04:05:24] SlimMonoLogger.INFO: Cron ran at: 07-10-2025 04:05:24 AM [] []
[2025-10-07 04:10:26] SlimMonoLogger.INFO: Cron ran at: 07-10-2025 04:10:26 AM [] []
[2025-10-07 04:15:25] SlimMonoLogger.INFO: Cron ran at: 07-10-2025 04:15:25 AM [] []
[2025-10-07 04:20:24] SlimMonoLogger.INFO: Cron ran at: 07-10-2025 04:20:24 AM [] []
[2025-10-07 04:25:24] SlimMonoLogger.INFO: Cron ran at: 07-10-2025 04:25:24 AM [] []
[2025-10-07 04:30:28] SlimMonoLogger.INFO: Cron ran at: 07-10-2025 04:30:28 AM [] []
[2025-10-07 04:35:24] SlimMonoLogger.INFO: Cron ran at: 07-10-2025 04:35:24 AM [] []
[2025-10-07 04:40:24] SlimMonoLogger.INFO: Cron ran at: 07-10-2025 04:40:24 AM [] []
[2025-10-07 04:45:25] SlimMonoLogger.INFO: Cron ran at: 07-10-2025 04:45:25 AM [] []
[2025-10-07 04:50:23] SlimMonoLogger.INFO: Cron ran at: 07-10-2025 04:50:23 AM [] []
[2025-10-07 04:55:23] SlimMonoLogger.INFO: Cron ran at: 07-10-2025 04:55:23 AM [] []
[2025-10-07 05:00:26] SlimMonoLogger.INFO: Cron ran at: 07-10-2025 05:00:26 AM [] []
[2025-10-07 05:05:24] SlimMonoLogger.INFO: Cron ran at: 07-10-2025 05:05:24 AM [] []
[2025-10-07 05:10:24] SlimMonoLogger.INFO: Cron ran at: 07-10-2025 05:10:24 AM [] []
[2025-10-07 05:15:24] SlimMonoLogger.INFO: Cron ran at: 07-10-2025 05:15:24 AM [] []
[2025-10-07 05:20:24] SlimMonoLogger.INFO: Cron ran at: 07-10-2025 05:20:24 AM [] []
[2025-10-07 05:25:27] SlimMonoLogger.INFO: Cron ran at: 07-10-2025 05:25:27 AM [] []
[2025-10-07 05:30:26] SlimMonoLogger.INFO: Cron ran at: 07-10-2025 05:30:26 AM [] []
[2025-10-07 05:35:24] SlimMonoLogger.INFO: Cron ran at: 07-10-2025 05:35:24 AM [] []
[2025-10-07 05:40:23] SlimMonoLogger.INFO: Cron ran at: 07-10-2025 05:40:23 AM [] []
[2025-10-07 05:45:23] SlimMonoLogger.INFO: Cron ran at: 07-10-2025 05:45:23 AM [] []
[2025-10-07 05:50:25] SlimMonoLogger.INFO: Cron ran at: 07-10-2025 05:50:25 AM [] []
[2025-10-07 05:55:26] SlimMonoLogger.INFO: Cron ran at: 07-10-2025 05:55:26 AM [] []
[2025-10-07 06:00:26] SlimMonoLogger.INFO: Cron ran at: 07-10-2025 06:00:26 AM [] []
[2025-10-07 06:05:24] SlimMonoLogger.INFO: Cron ran at: 07-10-2025 06:05:24 AM [] []
[2025-10-07 06:10:22] SlimMonoLogger.INFO: Cron ran at: 07-10-2025 06:10:22 AM [] []
[2025-10-07 06:15:25] SlimMonoLogger.INFO: Cron ran at: 07-10-2025 06:15:25 AM [] []
[2025-10-07 06:20:25] SlimMonoLogger.INFO: Cron ran at: 07-10-2025 06:20:25 AM [] []
[2025-10-07 06:25:22] SlimMonoLogger.INFO: Cron ran at: 07-10-2025 06:25:22 AM [] []
[2025-10-07 06:30:25] SlimMonoLogger.INFO: Cron ran at: 07-10-2025 06:30:25 AM [] []
[2025-10-07 06:35:22] SlimMonoLogger.INFO: Cron ran at: 07-10-2025 06:35:22 AM [] []
[2025-10-07 06:40:21] SlimMonoLogger.INFO: Cron ran at: 07-10-2025 06:40:21 AM [] []
[2025-10-07 06:45:22] SlimMonoLogger.INFO: Cron ran at: 07-10-2025 06:45:22 AM [] []
[2025-10-07 06:50:25] SlimMonoLogger.INFO: Cron ran at: 07-10-2025 06:50:25 AM [] []
[2025-10-07 06:55:22] SlimMonoLogger.INFO: Cron ran at: 07-10-2025 06:55:22 AM [] []
[2025-10-07 07:00:27] SlimMonoLogger.INFO: Cron ran at: 07-10-2025 07:00:27 AM [] []
[2025-10-07 07:05:25] SlimMonoLogger.INFO: Cron ran at: 07-10-2025 07:05:25 AM [] []
[2025-10-07 07:10:24] SlimMonoLogger.INFO: Cron ran at: 07-10-2025 07:10:24 AM [] []
[2025-10-07 07:15:24] SlimMonoLogger.INFO: Cron ran at: 07-10-2025 07:15:24 AM [] []
[2025-10-07 07:20:24] SlimMonoLogger.INFO: Cron ran at: 07-10-2025 07:20:24 AM [] []
[2025-10-07 07:25:26] SlimMonoLogger.INFO: Cron ran at: 07-10-2025 07:25:26 AM [] []
[2025-10-07 07:30:27] SlimMonoLogger.INFO: Cron ran at: 07-10-2025 07:30:27 AM [] []
[2025-10-07 07:35:23] SlimMonoLogger.INFO: Cron ran at: 07-10-2025 07:35:23 AM [] []
[2025-10-07 07:40:23] SlimMonoLogger.INFO: Cron ran at: 07-10-2025 07:40:23 AM [] []
[2025-10-07 07:45:27] SlimMonoLogger.INFO: Cron ran at: 07-10-2025 07:45:27 AM [] []
[2025-10-07 07:50:26] SlimMonoLogger.INFO: Cron ran at: 07-10-2025 07:50:26 AM [] []
[2025-10-07 05:55:10] SlimMonoLogger.CRITICAL: PDOException: SQLSTATE[HY000] [1040] Too many connections in /home/latihtal/public_html/agregator1/src/framework/PDO/Database.php:34
Stack trace:
#0 /home/latihtal/public_html/agregator1/src/framework/PDO/Database.php(34): PDO->__construct()
#1 /home/latihtal/public_html/agregator1/src/dependencies.php(73): Slim\PDO\Database->__construct()
#2 /home/latihtal/public_html/agregator1/src/framework/Helper/Set.php(231): {closure}()
#3 /home/latihtal/public_html/agregator1/src/framework/Helper/Set.php(88): Slim\Helper\Set->Slim\Helper\{closure}()
#4 /home/latihtal/public_html/agregator1/src/framework/Slim.php(232): Slim\Helper\Set->get()
#5 /home/latihtal/public_html/agregator1/src/models/Model.php(176): Slim\Slim->__get()
#6 /home/latihtal/public_html/agregator1/src/models/OptionModel.php(180): spark\models\Model->select()
#7 /home/latihtal/public_html/agregator1/src/models/OptionModel.php(40): spark\models\OptionModel->autoloadOptions()
#8 /home/latihtal/public_html/agregator1/src/dependencies.php(99): spark\models\OptionModel->__construct()
#9 /home/latihtal/public_html/agregator1/src/framework/Helper/Set.php(231): {closure}()
#10 /home/latihtal/public_html/agregator1/src/framework/Helper/Set.php(88): Slim\Helper\Set->Slim\Helper\{closure}()
#11 /home/latihtal/public_html/agregator1/src/framework/Slim.php(232): Slim\Helper\Set->get()
#12 /home/latihtal/public_html/agregator1/src/drivers/Views/ThemeManager.php(34): Slim\Slim->__get()
#13 /home/latihtal/public_html/agregator1/src/dependencies.php(142): spark\drivers\Views\ThemeManager->initEngine()
#14 /home/latihtal/public_html/agregator1/src/bootstrap.php(68): require('/home/latihtal/...')
#15 /home/latihtal/public_html/agregator1/index.php(4): require('/home/latihtal/...')
#16 {main} [] []
[2025-10-07 08:00:29] SlimMonoLogger.INFO: Cron ran at: 07-10-2025 08:00:29 AM [] []
[2025-10-07 08:05:23] SlimMonoLogger.INFO: Cron ran at: 07-10-2025 08:05:23 AM [] []
[2025-10-07 08:10:31] SlimMonoLogger.INFO: Cron ran at: 07-10-2025 08:10:31 AM [] []
[2025-10-07 08:15:26] SlimMonoLogger.INFO: Cron ran at: 07-10-2025 08:15:26 AM [] []
[2025-10-07 08:20:26] SlimMonoLogger.INFO: Cron ran at: 07-10-2025 08:20:26 AM [] []
[2025-10-07 08:25:26] SlimMonoLogger.INFO: Cron ran at: 07-10-2025 08:25:26 AM [] []
[2025-10-07 08:30:35] SlimMonoLogger.INFO: Cron ran at: 07-10-2025 08:30:35 AM [] []
[2025-10-07 08:35:25] SlimMonoLogger.INFO: Cron ran at: 07-10-2025 08:35:25 AM [] []
[2025-10-07 08:40:29] SlimMonoLogger.INFO: Cron ran at: 07-10-2025 08:40:29 AM [] []
[2025-10-07 08:50:46] SlimMonoLogger.INFO: Cron ran at: 07-10-2025 08:50:46 AM [] []
[2025-10-07 08:55:32] SlimMonoLogger.INFO: Cron ran at: 07-10-2025 08:55:32 AM [] []
[2025-10-07 09:05:34] SlimMonoLogger.INFO: Cron ran at: 07-10-2025 09:05:34 AM [] []
[2025-10-07 09:10:28] SlimMonoLogger.INFO: Cron ran at: 07-10-2025 09:10:28 AM [] []
[2025-10-07 09:15:29] SlimMonoLogger.INFO: Cron ran at: 07-10-2025 09:15:29 AM [] []
[2025-10-07 09:20:26] SlimMonoLogger.INFO: Cron ran at: 07-10-2025 09:20:26 AM [] []
[2025-10-07 09:25:30] SlimMonoLogger.INFO: Cron ran at: 07-10-2025 09:25:30 AM [] []
[2025-10-07 09:30:33] SlimMonoLogger.INFO: Cron ran at: 07-10-2025 09:30:33 AM [] []
[2025-10-07 09:35:30] SlimMonoLogger.INFO: Cron ran at: 07-10-2025 09:35:30 AM [] []
[2025-10-07 09:40:26] SlimMonoLogger.INFO: Cron ran at: 07-10-2025 09:40:26 AM [] []
[2025-10-07 09:45:34] SlimMonoLogger.INFO: Cron ran at: 07-10-2025 09:45:34 AM [] []
[2025-10-07 09:50:30] SlimMonoLogger.INFO: Cron ran at: 07-10-2025 09:50:30 AM [] []
[2025-10-07 09:55:29] SlimMonoLogger.INFO: Cron ran at: 07-10-2025 09:55:29 AM [] []
[2025-10-07 10:00:34] SlimMonoLogger.INFO: Cron ran at: 07-10-2025 10:00:34 AM [] []
[2025-10-07 10:05:27] SlimMonoLogger.INFO: Cron ran at: 07-10-2025 10:05:27 AM [] []
[2025-10-07 10:10:24] SlimMonoLogger.INFO: Cron ran at: 07-10-2025 10:10:24 AM [] []
[2025-10-07 10:17:38] SlimMonoLogger.INFO: Cron ran at: 07-10-2025 10:17:38 AM [] []
[2025-10-07 10:20:28] SlimMonoLogger.INFO: Cron ran at: 07-10-2025 10:20:28 AM [] []
[2025-10-07 10:25:25] SlimMonoLogger.INFO: Cron ran at: 07-10-2025 10:25:25 AM [] []
[2025-10-07 10:30:28] SlimMonoLogger.INFO: Cron ran at: 07-10-2025 10:30:28 AM [] []
[2025-10-07 10:35:29] SlimMonoLogger.INFO: Cron ran at: 07-10-2025 10:35:29 AM [] []
[2025-10-07 10:40:32] SlimMonoLogger.INFO: Cron ran at: 07-10-2025 10:40:32 AM [] []
[2025-10-07 10:45:28] SlimMonoLogger.INFO: Cron ran at: 07-10-2025 10:45:28 AM [] []
[2025-10-07 10:50:24] SlimMonoLogger.INFO: Cron ran at: 07-10-2025 10:50:24 AM [] []
[2025-10-07 10:55:26] SlimMonoLogger.INFO: Cron ran at: 07-10-2025 10:55:26 AM [] []
[2025-10-07 11:00:31] SlimMonoLogger.INFO: Cron ran at: 07-10-2025 11:00:31 AM [] []
[2025-10-07 11:05:24] SlimMonoLogger.INFO: Cron ran at: 07-10-2025 11:05:24 AM [] []
[2025-10-07 11:10:30] SlimMonoLogger.INFO: Cron ran at: 07-10-2025 11:10:30 AM [] []
[2025-10-07 11:15:27] SlimMonoLogger.INFO: Cron ran at: 07-10-2025 11:15:27 AM [] []
[2025-10-07 11:20:27] SlimMonoLogger.INFO: Cron ran at: 07-10-2025 11:20:27 AM [] []
[2025-10-07 11:25:24] SlimMonoLogger.INFO: Cron ran at: 07-10-2025 11:25:24 AM [] []
[2025-10-07 11:30:27] SlimMonoLogger.INFO: Cron ran at: 07-10-2025 11:30:27 AM [] []
[2025-10-07 11:35:27] SlimMonoLogger.INFO: Cron ran at: 07-10-2025 11:35:27 AM [] []
[2025-10-07 11:40:24] SlimMonoLogger.INFO: Cron ran at: 07-10-2025 11:40:24 AM [] []
[2025-10-07 11:45:28] SlimMonoLogger.INFO: Cron ran at: 07-10-2025 11:45:28 AM [] []
[2025-10-07 11:50:25] SlimMonoLogger.INFO: Cron ran at: 07-10-2025 11:50:25 AM [] []
[2025-10-07 11:55:26] SlimMonoLogger.INFO: Cron ran at: 07-10-2025 11:55:26 AM [] []
[2025-10-07 12:00:31] SlimMonoLogger.INFO: Cron ran at: 07-10-2025 12:00:31 PM [] []
[2025-10-07 12:05:29] SlimMonoLogger.INFO: Cron ran at: 07-10-2025 12:05:29 PM [] []
[2025-10-07 12:10:30] SlimMonoLogger.INFO: Cron ran at: 07-10-2025 12:10:30 PM [] []
[2025-10-07 12:15:31] SlimMonoLogger.INFO: Cron ran at: 07-10-2025 12:15:31 PM [] []
[2025-10-07 12:20:33] SlimMonoLogger.INFO: Cron ran at: 07-10-2025 12:20:33 PM [] []
[2025-10-07 12:25:36] SlimMonoLogger.INFO: Cron ran at: 07-10-2025 12:25:36 PM [] []
[2025-10-07 12:30:39] SlimMonoLogger.INFO: Cron ran at: 07-10-2025 12:30:39 PM [] []
[2025-10-07 12:35:26] SlimMonoLogger.INFO: Cron ran at: 07-10-2025 12:35:26 PM [] []
[2025-10-07 12:40:28] SlimMonoLogger.INFO: Cron ran at: 07-10-2025 12:40:28 PM [] []
[2025-10-07 12:45:28] SlimMonoLogger.INFO: Cron ran at: 07-10-2025 12:45:28 PM [] []
[2025-10-07 12:50:34] SlimMonoLogger.INFO: Cron ran at: 07-10-2025 12:50:34 PM [] []
[2025-10-07 12:55:29] SlimMonoLogger.INFO: Cron ran at: 07-10-2025 12:55:29 PM [] []
[2025-10-07 13:00:31] SlimMonoLogger.INFO: Cron ran at: 07-10-2025 01:00:31 PM [] []
[2025-10-07 13:05:27] SlimMonoLogger.INFO: Cron ran at: 07-10-2025 01:05:27 PM [] []
[2025-10-07 13:10:27] SlimMonoLogger.INFO: Cron ran at: 07-10-2025 01:10:27 PM [] []
[2025-10-07 13:15:29] SlimMonoLogger.INFO: Cron ran at: 07-10-2025 01:15:29 PM [] []
[2025-10-07 13:20:28] SlimMonoLogger.INFO: Cron ran at: 07-10-2025 01:20:28 PM [] []
[2025-10-07 13:25:29] SlimMonoLogger.INFO: Cron ran at: 07-10-2025 01:25:29 PM [] []
[2025-10-07 13:30:24] SlimMonoLogger.INFO: Cron ran at: 07-10-2025 01:30:24 PM [] []
[2025-10-07 13:35:29] SlimMonoLogger.INFO: Cron ran at: 07-10-2025 01:35:29 PM [] []
[2025-10-07 13:40:27] SlimMonoLogger.INFO: Cron ran at: 07-10-2025 01:40:27 PM [] []
[2025-10-07 13:45:27] SlimMonoLogger.INFO: Cron ran at: 07-10-2025 01:45:27 PM [] []
[2025-10-07 13:50:25] SlimMonoLogger.INFO: Cron ran at: 07-10-2025 01:50:25 PM [] []
[2025-10-07 13:55:28] SlimMonoLogger.INFO: Cron ran at: 07-10-2025 01:55:28 PM [] []
[2025-10-07 14:00:33] SlimMonoLogger.INFO: Cron ran at: 07-10-2025 02:00:33 PM [] []
[2025-10-07 14:05:29] SlimMonoLogger.INFO: Cron ran at: 07-10-2025 02:05:29 PM [] []
[2025-10-07 14:10:30] SlimMonoLogger.INFO: Cron ran at: 07-10-2025 02:10:30 PM [] []
[2025-10-07 14:15:27] SlimMonoLogger.INFO: Cron ran at: 07-10-2025 02:15:27 PM [] []
[2025-10-07 14:20:28] SlimMonoLogger.INFO: Cron ran at: 07-10-2025 02:20:28 PM [] []
[2025-10-07 14:25:27] SlimMonoLogger.INFO: Cron ran at: 07-10-2025 02:25:27 PM [] []
[2025-10-07 14:30:30] SlimMonoLogger.INFO: Cron ran at: 07-10-2025 02:30:30 PM [] []
[2025-10-07 14:35:47] SlimMonoLogger.INFO: Cron ran at: 07-10-2025 02:35:47 PM [] []
[2025-10-07 14:40:27] SlimMonoLogger.INFO: Cron ran at: 07-10-2025 02:40:27 PM [] []
[2025-10-07 14:45:38] SlimMonoLogger.INFO: Cron ran at: 07-10-2025 02:45:38 PM [] []
[2025-10-07 14:50:35] SlimMonoLogger.INFO: Cron ran at: 07-10-2025 02:50:35 PM [] []
[2025-10-07 14:55:27] SlimMonoLogger.INFO: Cron ran at: 07-10-2025 02:55:27 PM [] []
[2025-10-07 15:00:30] SlimMonoLogger.INFO: Cron ran at: 07-10-2025 03:00:30 PM [] []
[2025-10-07 15:05:28] SlimMonoLogger.INFO: Cron ran at: 07-10-2025 03:05:28 PM [] []
[2025-10-07 15:10:26] SlimMonoLogger.INFO: Cron ran at: 07-10-2025 03:10:26 PM [] []
[2025-10-07 15:15:27] SlimMonoLogger.INFO: Cron ran at: 07-10-2025 03:15:27 PM [] []
[2025-10-07 15:20:25] SlimMonoLogger.INFO: Cron ran at: 07-10-2025 03:20:25 PM [] []
[2025-10-07 15:25:31] SlimMonoLogger.INFO: Cron ran at: 07-10-2025 03:25:31 PM [] []
[2025-10-07 15:30:38] SlimMonoLogger.INFO: Cron ran at: 07-10-2025 03:30:38 PM [] []
[2025-10-07 15:35:25] SlimMonoLogger.INFO: Cron ran at: 07-10-2025 03:35:25 PM [] []
[2025-10-07 15:40:28] SlimMonoLogger.INFO: Cron ran at: 07-10-2025 03:40:28 PM [] []
[2025-10-07 15:45:26] SlimMonoLogger.INFO: Cron ran at: 07-10-2025 03:45:26 PM [] []
[2025-10-07 15:50:26] SlimMonoLogger.INFO: Cron ran at: 07-10-2025 03:50:26 PM [] []
[2025-10-07 15:55:28] SlimMonoLogger.INFO: Cron ran at: 07-10-2025 03:55:28 PM [] []
[2025-10-07 16:00:32] SlimMonoLogger.INFO: Cron ran at: 07-10-2025 04:00:32 PM [] []
[2025-10-07 16:05:28] SlimMonoLogger.INFO: Cron ran at: 07-10-2025 04:05:28 PM [] []
[2025-10-07 16:10:28] SlimMonoLogger.INFO: Cron ran at: 07-10-2025 04:10:28 PM [] []
[2025-10-07 16:15:35] SlimMonoLogger.INFO: Cron ran at: 07-10-2025 04:15:35 PM [] []
[2025-10-07 16:20:31] SlimMonoLogger.INFO: Cron ran at: 07-10-2025 04:20:31 PM [] []
[2025-10-07 16:25:35] SlimMonoLogger.INFO: Cron ran at: 07-10-2025 04:25:35 PM [] []
[2025-10-07 16:30:26] SlimMonoLogger.INFO: Cron ran at: 07-10-2025 04:30:26 PM [] []
[2025-10-07 16:35:26] SlimMonoLogger.INFO: Cron ran at: 07-10-2025 04:35:26 PM [] []
[2025-10-07 16:40:25] SlimMonoLogger.INFO: Cron ran at: 07-10-2025 04:40:25 PM [] []
[2025-10-07 16:45:29] SlimMonoLogger.INFO: Cron ran at: 07-10-2025 04:45:29 PM [] []
[2025-10-07 16:50:32] SlimMonoLogger.INFO: Cron ran at: 07-10-2025 04:50:32 PM [] []
[2025-10-07 16:55:30] SlimMonoLogger.INFO: Cron ran at: 07-10-2025 04:55:30 PM [] []
[2025-10-07 17:00:31] SlimMonoLogger.INFO: Cron ran at: 07-10-2025 05:00:31 PM [] []
[2025-10-07 17:05:30] SlimMonoLogger.INFO: Cron ran at: 07-10-2025 05:05:30 PM [] []
[2025-10-07 17:10:28] SlimMonoLogger.INFO: Cron ran at: 07-10-2025 05:10:28 PM [] []
[2025-10-07 17:15:32] SlimMonoLogger.INFO: Cron ran at: 07-10-2025 05:15:32 PM [] []
[2025-10-07 17:20:30] SlimMonoLogger.INFO: Cron ran at: 07-10-2025 05:20:30 PM [] []
[2025-10-07 17:25:28] SlimMonoLogger.INFO: Cron ran at: 07-10-2025 05:25:28 PM [] []
[2025-10-07 17:30:33] SlimMonoLogger.INFO: Cron ran at: 07-10-2025 05:30:33 PM [] []
[2025-10-07 17:35:30] SlimMonoLogger.INFO: Cron ran at: 07-10-2025 05:35:30 PM [] []
[2025-10-07 17:40:28] SlimMonoLogger.INFO: Cron ran at: 07-10-2025 05:40:28 PM [] []
[2025-10-07 17:45:27] SlimMonoLogger.INFO: Cron ran at: 07-10-2025 05:45:27 PM [] []
[2025-10-07 17:50:27] SlimMonoLogger.INFO: Cron ran at: 07-10-2025 05:50:27 PM [] []
[2025-10-07 17:55:30] SlimMonoLogger.INFO: Cron ran at: 07-10-2025 05:55:30 PM [] []
[2025-10-07 18:00:32] SlimMonoLogger.INFO: Cron ran at: 07-10-2025 06:00:32 PM [] []
[2025-10-07 18:05:26] SlimMonoLogger.INFO: Cron ran at: 07-10-2025 06:05:26 PM [] []
[2025-10-07 18:10:28] SlimMonoLogger.INFO: Cron ran at: 07-10-2025 06:10:28 PM [] []
[2025-10-07 18:15:24] SlimMonoLogger.INFO: Cron ran at: 07-10-2025 06:15:24 PM [] []
[2025-10-07 18:20:32] SlimMonoLogger.INFO: Cron ran at: 07-10-2025 06:20:32 PM [] []
[2025-10-07 18:25:32] SlimMonoLogger.INFO: Cron ran at: 07-10-2025 06:25:32 PM [] []
[2025-10-07 18:30:53] SlimMonoLogger.INFO: Cron ran at: 07-10-2025 06:30:53 PM [] []
[2025-10-07 18:35:55] SlimMonoLogger.INFO: Cron ran at: 07-10-2025 06:35:55 PM [] []
[2025-10-07 18:40:28] SlimMonoLogger.INFO: Cron ran at: 07-10-2025 06:40:28 PM [] []
[2025-10-07 18:45:27] SlimMonoLogger.INFO: Cron ran at: 07-10-2025 06:45:27 PM [] []
[2025-10-07 18:50:37] SlimMonoLogger.INFO: Cron ran at: 07-10-2025 06:50:37 PM [] []
[2025-10-07 18:55:27] SlimMonoLogger.INFO: Cron ran at: 07-10-2025 06:55:27 PM [] []
[2025-10-07 19:00:30] SlimMonoLogger.INFO: Cron ran at: 07-10-2025 07:00:30 PM [] []
[2025-10-07 19:05:30] SlimMonoLogger.INFO: Cron ran at: 07-10-2025 07:05:30 PM [] []
[2025-10-07 19:10:56] SlimMonoLogger.INFO: Cron ran at: 07-10-2025 07:10:56 PM [] []
[2025-10-07 19:15:32] SlimMonoLogger.INFO: Cron ran at: 07-10-2025 07:15:32 PM [] []
[2025-10-07 19:20:28] SlimMonoLogger.INFO: Cron ran at: 07-10-2025 07:20:28 PM [] []
[2025-10-07 19:25:29] SlimMonoLogger.INFO: Cron ran at: 07-10-2025 07:25:29 PM [] []
[2025-10-07 19:30:30] SlimMonoLogger.INFO: Cron ran at: 07-10-2025 07:30:30 PM [] []
[2025-10-07 19:35:32] SlimMonoLogger.INFO: Cron ran at: 07-10-2025 07:35:32 PM [] []
[2025-10-07 19:40:33] SlimMonoLogger.INFO: Cron ran at: 07-10-2025 07:40:33 PM [] []
[2025-10-07 19:45:25] SlimMonoLogger.INFO: Cron ran at: 07-10-2025 07:45:25 PM [] []
[2025-10-07 19:50:30] SlimMonoLogger.INFO: Cron ran at: 07-10-2025 07:50:30 PM [] []
[2025-10-07 19:55:32] SlimMonoLogger.INFO: Cron ran at: 07-10-2025 07:55:32 PM [] []
[2025-10-07 20:00:46] SlimMonoLogger.INFO: Cron ran at: 07-10-2025 08:00:46 PM [] []
[2025-10-07 20:05:34] SlimMonoLogger.INFO: Cron ran at: 07-10-2025 08:05:34 PM [] []
[2025-10-07 20:10:28] SlimMonoLogger.INFO: Cron ran at: 07-10-2025 08:10:28 PM [] []
[2025-10-07 20:15:26] SlimMonoLogger.INFO: Cron ran at: 07-10-2025 08:15:26 PM [] []
[2025-10-07 20:20:27] SlimMonoLogger.INFO: Cron ran at: 07-10-2025 08:20:27 PM [] []
[2025-10-07 20:25:25] SlimMonoLogger.INFO: Cron ran at: 07-10-2025 08:25:25 PM [] []
[2025-10-07 20:30:25] SlimMonoLogger.INFO: Cron ran at: 07-10-2025 08:30:25 PM [] []
[2025-10-07 20:35:35] SlimMonoLogger.INFO: Cron ran at: 07-10-2025 08:35:35 PM [] []
[2025-10-07 20:40:39] SlimMonoLogger.INFO: Cron ran at: 07-10-2025 08:40:39 PM [] []
[2025-10-07 20:45:36] SlimMonoLogger.INFO: Cron ran at: 07-10-2025 08:45:36 PM [] []
[2025-10-07 20:50:31] SlimMonoLogger.INFO: Cron ran at: 07-10-2025 08:50:31 PM [] []
[2025-10-07 20:55:29] SlimMonoLogger.INFO: Cron ran at: 07-10-2025 08:55:29 PM [] []
[2025-10-07 21:00:31] SlimMonoLogger.INFO: Cron ran at: 07-10-2025 09:00:31 PM [] []
[2025-10-07 21:05:30] SlimMonoLogger.INFO: Cron ran at: 07-10-2025 09:05:30 PM [] []
[2025-10-07 21:10:32] SlimMonoLogger.INFO: Cron ran at: 07-10-2025 09:10:32 PM [] []
[2025-10-07 21:15:29] SlimMonoLogger.INFO: Cron ran at: 07-10-2025 09:15:29 PM [] []
[2025-10-07 21:20:26] SlimMonoLogger.INFO: Cron ran at: 07-10-2025 09:20:26 PM [] []
[2025-10-07 21:25:28] SlimMonoLogger.INFO: Cron ran at: 07-10-2025 09:25:28 PM [] []
[2025-10-07 21:30:29] SlimMonoLogger.INFO: Cron ran at: 07-10-2025 09:30:29 PM [] []
[2025-10-07 21:35:29] SlimMonoLogger.INFO: Cron ran at: 07-10-2025 09:35:29 PM [] []
[2025-10-07 21:40:29] SlimMonoLogger.INFO: Cron ran at: 07-10-2025 09:40:29 PM [] []
[2025-10-07 21:45:28] SlimMonoLogger.INFO: Cron ran at: 07-10-2025 09:45:28 PM [] []
[2025-10-07 21:50:29] SlimMonoLogger.INFO: Cron ran at: 07-10-2025 09:50:29 PM [] []
[2025-10-07 21:55:33] SlimMonoLogger.INFO: Cron ran at: 07-10-2025 09:55:33 PM [] []
[2025-10-07 22:00:35] SlimMonoLogger.INFO: Cron ran at: 07-10-2025 10:00:35 PM [] []
[2025-10-07 22:05:44] SlimMonoLogger.INFO: Cron ran at: 07-10-2025 10:05:44 PM [] []
[2025-10-07 22:10:26] SlimMonoLogger.INFO: Cron ran at: 07-10-2025 10:10:26 PM [] []
[2025-10-07 22:15:26] SlimMonoLogger.INFO: Cron ran at: 07-10-2025 10:15:26 PM [] []
[2025-10-07 22:20:27] SlimMonoLogger.INFO: Cron ran at: 07-10-2025 10:20:27 PM [] []
[2025-10-07 22:25:27] SlimMonoLogger.INFO: Cron ran at: 07-10-2025 10:25:27 PM [] []
[2025-10-07 22:30:32] SlimMonoLogger.INFO: Cron ran at: 07-10-2025 10:30:32 PM [] []
[2025-10-07 22:35:29] SlimMonoLogger.INFO: Cron ran at: 07-10-2025 10:35:29 PM [] []
[2025-10-07 22:40:29] SlimMonoLogger.INFO: Cron ran at: 07-10-2025 10:40:29 PM [] []
[2025-10-07 22:45:32] SlimMonoLogger.INFO: Cron ran at: 07-10-2025 10:45:32 PM [] []
[2025-10-07 22:50:29] SlimMonoLogger.INFO: Cron ran at: 07-10-2025 10:50:29 PM [] []
[2025-10-07 22:55:34] SlimMonoLogger.INFO: Cron ran at: 07-10-2025 10:55:34 PM [] []
[2025-10-07 23:00:33] SlimMonoLogger.INFO: Cron ran at: 07-10-2025 11:00:33 PM [] []
[2025-10-07 23:05:27] SlimMonoLogger.INFO: Cron ran at: 07-10-2025 11:05:27 PM [] []
[2025-10-07 23:10:27] SlimMonoLogger.INFO: Cron ran at: 07-10-2025 11:10:27 PM [] []
[2025-10-07 23:15:31] SlimMonoLogger.INFO: Cron ran at: 07-10-2025 11:15:31 PM [] []
[2025-10-07 23:20:28] SlimMonoLogger.INFO: Cron ran at: 07-10-2025 11:20:28 PM [] []
[2025-10-07 23:25:27] SlimMonoLogger.INFO: Cron ran at: 07-10-2025 11:25:27 PM [] []
[2025-10-07 23:30:29] SlimMonoLogger.INFO: Cron ran at: 07-10-2025 11:30:29 PM [] []
[2025-10-07 23:35:31] SlimMonoLogger.INFO: Cron ran at: 07-10-2025 11:35:31 PM [] []
[2025-10-07 23:40:27] SlimMonoLogger.INFO: Cron ran at: 07-10-2025 11:40:27 PM [] []
[2025-10-07 23:45:30] SlimMonoLogger.INFO: Cron ran at: 07-10-2025 11:45:30 PM [] []
[2025-10-07 23:50:28] SlimMonoLogger.INFO: Cron ran at: 07-10-2025 11:50:28 PM [] []
[2025-10-07 23:55:28] SlimMonoLogger.INFO: Cron ran at: 07-10-2025 11:55:28 PM [] []
[2025-10-08 00:00:35] SlimMonoLogger.INFO: Cron ran at: 08-10-2025 12:00:35 AM [] []
[2025-10-08 00:05:31] SlimMonoLogger.INFO: Cron ran at: 08-10-2025 12:05:31 AM [] []
[2025-10-08 00:10:27] SlimMonoLogger.INFO: Cron ran at: 08-10-2025 12:10:27 AM [] []
[2025-10-08 00:15:40] SlimMonoLogger.INFO: Cron ran at: 08-10-2025 12:15:40 AM [] []
[2025-10-08 00:20:26] SlimMonoLogger.INFO: Cron ran at: 08-10-2025 12:20:26 AM [] []
[2025-10-08 00:25:29] SlimMonoLogger.INFO: Cron ran at: 08-10-2025 12:25:29 AM [] []
[2025-10-08 00:30:31] SlimMonoLogger.INFO: Cron ran at: 08-10-2025 12:30:31 AM [] []
[2025-10-08 00:35:26] SlimMonoLogger.INFO: Cron ran at: 08-10-2025 12:35:26 AM [] []
[2025-10-08 00:40:28] SlimMonoLogger.INFO: Cron ran at: 08-10-2025 12:40:28 AM [] []
[2025-10-08 00:45:26] SlimMonoLogger.INFO: Cron ran at: 08-10-2025 12:45:26 AM [] []
[2025-10-08 00:50:26] SlimMonoLogger.INFO: Cron ran at: 08-10-2025 12:50:26 AM [] []
[2025-10-08 00:55:25] SlimMonoLogger.INFO: Cron ran at: 08-10-2025 12:55:25 AM [] []
[2025-10-08 01:00:33] SlimMonoLogger.INFO: Cron ran at: 08-10-2025 01:00:33 AM [] []
[2025-10-08 01:05:25] SlimMonoLogger.INFO: Cron ran at: 08-10-2025 01:05:25 AM [] []
[2025-10-08 01:10:28] SlimMonoLogger.INFO: Cron ran at: 08-10-2025 01:10:28 AM [] []
[2025-10-08 01:15:27] SlimMonoLogger.INFO: Cron ran at: 08-10-2025 01:15:27 AM [] []
[2025-10-08 01:20:26] SlimMonoLogger.INFO: Cron ran at: 08-10-2025 01:20:26 AM [] []
[2025-10-08 01:25:26] SlimMonoLogger.INFO: Cron ran at: 08-10-2025 01:25:26 AM [] []
[2025-10-08 01:30:40] SlimMonoLogger.INFO: Cron ran at: 08-10-2025 01:30:40 AM [] []
[2025-10-08 01:35:29] SlimMonoLogger.INFO: Cron ran at: 08-10-2025 01:35:29 AM [] []
[2025-10-08 01:40:26] SlimMonoLogger.INFO: Cron ran at: 08-10-2025 01:40:26 AM [] []
[2025-10-08 01:45:27] SlimMonoLogger.INFO: Cron ran at: 08-10-2025 01:45:27 AM [] []
[2025-10-08 01:50:26] SlimMonoLogger.INFO: Cron ran at: 08-10-2025 01:50:26 AM [] []
[2025-10-08 01:55:26] SlimMonoLogger.INFO: Cron ran at: 08-10-2025 01:55:26 AM [] []
