[2026-03-09 01:01:37] SlimMonoLogger.INFO: Cron ran at: 09-03-2026 01:01:37 AM [] []
[2026-03-09 01:06:22] SlimMonoLogger.INFO: Cron ran at: 09-03-2026 01:06:22 AM [] []
[2026-03-09 01:11:20] SlimMonoLogger.INFO: Cron ran at: 09-03-2026 01:11:20 AM [] []
[2026-03-09 01:16:24] SlimMonoLogger.INFO: Cron ran at: 09-03-2026 01:16:24 AM [] []
[2026-03-09 01:21:35] SlimMonoLogger.INFO: Cron ran at: 09-03-2026 01:21:35 AM [] []
[2026-03-09 01:26:24] SlimMonoLogger.INFO: Cron ran at: 09-03-2026 01:26:24 AM [] []
[2026-03-09 01:31:31] SlimMonoLogger.INFO: Cron ran at: 09-03-2026 01:31:31 AM [] []
[2026-03-09 01:36:31] SlimMonoLogger.INFO: Cron ran at: 09-03-2026 01:36:31 AM [] []
[2026-03-09 01:41:24] SlimMonoLogger.INFO: Cron ran at: 09-03-2026 01:41:24 AM [] []
[2026-03-09 01:46:27] SlimMonoLogger.INFO: Cron ran at: 09-03-2026 01:46:27 AM [] []
[2026-03-09 01:51:31] SlimMonoLogger.INFO: Cron ran at: 09-03-2026 01:51:31 AM [] []
[2026-03-09 01:56:21] SlimMonoLogger.INFO: Cron ran at: 09-03-2026 01:56:21 AM [] []
[2026-03-09 02:01:40] SlimMonoLogger.INFO: Cron ran at: 09-03-2026 02:01:40 AM [] []
[2026-03-09 02:06:41] SlimMonoLogger.INFO: Cron ran at: 09-03-2026 02:06:41 AM [] []
[2026-03-09 02:11:26] SlimMonoLogger.INFO: Cron ran at: 09-03-2026 02:11:26 AM [] []
[2026-03-09 02:16:23] SlimMonoLogger.INFO: Cron ran at: 09-03-2026 02:16:23 AM [] []
[2026-03-09 02:21:19] SlimMonoLogger.INFO: Cron ran at: 09-03-2026 02:21:19 AM [] []
[2026-03-09 02:26:25] SlimMonoLogger.INFO: Cron ran at: 09-03-2026 02:26:25 AM [] []
[2026-03-09 02:31:23] SlimMonoLogger.INFO: Cron ran at: 09-03-2026 02:31:23 AM [] []
[2026-03-09 02:36:21] SlimMonoLogger.INFO: Cron ran at: 09-03-2026 02:36:21 AM [] []
[2026-03-09 02:41:21] SlimMonoLogger.INFO: Cron ran at: 09-03-2026 02:41:21 AM [] []
[2026-03-09 02:46:27] SlimMonoLogger.INFO: Cron ran at: 09-03-2026 02:46:27 AM [] []
[2026-03-09 02:51:25] SlimMonoLogger.INFO: Cron ran at: 09-03-2026 02:51:25 AM [] []
[2026-03-09 02:56:23] SlimMonoLogger.INFO: Cron ran at: 09-03-2026 02:56:23 AM [] []
[2026-03-09 03:01:43] SlimMonoLogger.INFO: Cron ran at: 09-03-2026 03:01:43 AM [] []
[2026-03-09 03:06:25] SlimMonoLogger.INFO: Cron ran at: 09-03-2026 03:06:25 AM [] []
[2026-03-09 03:11:25] SlimMonoLogger.INFO: Cron ran at: 09-03-2026 03:11:25 AM [] []
[2026-03-09 03:16:23] SlimMonoLogger.INFO: Cron ran at: 09-03-2026 03:16:23 AM [] []
[2026-03-09 03:21:27] SlimMonoLogger.INFO: Cron ran at: 09-03-2026 03:21:27 AM [] []
[2026-03-09 03:26:28] SlimMonoLogger.INFO: Cron ran at: 09-03-2026 03:26:28 AM [] []
[2026-03-09 03:31:25] SlimMonoLogger.INFO: Cron ran at: 09-03-2026 03:31:25 AM [] []
[2026-03-09 03:36:18] SlimMonoLogger.INFO: Cron ran at: 09-03-2026 03:36:18 AM [] []
[2026-03-09 03:41:20] SlimMonoLogger.INFO: Cron ran at: 09-03-2026 03:41:20 AM [] []
[2026-03-09 03:46:28] SlimMonoLogger.INFO: Cron ran at: 09-03-2026 03:46:28 AM [] []
[2026-03-09 03:51:21] SlimMonoLogger.INFO: Cron ran at: 09-03-2026 03:51:21 AM [] []
[2026-03-09 03:56:22] SlimMonoLogger.INFO: Cron ran at: 09-03-2026 03:56:22 AM [] []
[2026-03-09 04:01:27] SlimMonoLogger.INFO: Cron ran at: 09-03-2026 04:01:27 AM [] []
[2026-03-09 04:06:18] SlimMonoLogger.INFO: Cron ran at: 09-03-2026 04:06:18 AM [] []
[2026-03-09 04:11:14] SlimMonoLogger.INFO: Cron ran at: 09-03-2026 04:11:14 AM [] []
[2026-03-09 04:16:16] SlimMonoLogger.INFO: Cron ran at: 09-03-2026 04:16:16 AM [] []
[2026-03-09 04:21:15] SlimMonoLogger.INFO: Cron ran at: 09-03-2026 04:21:15 AM [] []
[2026-03-09 04:26:15] SlimMonoLogger.INFO: Cron ran at: 09-03-2026 04:26:15 AM [] []
[2026-03-09 04:31:14] SlimMonoLogger.INFO: Cron ran at: 09-03-2026 04:31:14 AM [] []
[2026-03-09 04:36:10] SlimMonoLogger.INFO: Cron ran at: 09-03-2026 04:36:10 AM [] []
[2026-03-09 04:41:10] SlimMonoLogger.INFO: Cron ran at: 09-03-2026 04:41:10 AM [] []
[2026-03-09 04:46:24] SlimMonoLogger.INFO: Cron ran at: 09-03-2026 04:46:24 AM [] []
[2026-03-09 04:51:28] SlimMonoLogger.INFO: Cron ran at: 09-03-2026 04:51:28 AM [] []
[2026-03-09 04:56:27] SlimMonoLogger.INFO: Cron ran at: 09-03-2026 04:56:27 AM [] []
[2026-03-09 05:01:37] SlimMonoLogger.INFO: Cron ran at: 09-03-2026 05:01:37 AM [] []
[2026-03-09 05:06:29] SlimMonoLogger.INFO: Cron ran at: 09-03-2026 05:06:29 AM [] []
[2026-03-09 05:11:30] SlimMonoLogger.INFO: Cron ran at: 09-03-2026 05:11:30 AM [] []
[2026-03-09 05:16:29] SlimMonoLogger.INFO: Cron ran at: 09-03-2026 05:16:29 AM [] []
[2026-03-09 05:21:27] SlimMonoLogger.INFO: Cron ran at: 09-03-2026 05:21:27 AM [] []
[2026-03-09 05:26:36] SlimMonoLogger.INFO: Cron ran at: 09-03-2026 05:26:36 AM [] []
[2026-03-09 05:31:33] SlimMonoLogger.INFO: Cron ran at: 09-03-2026 05:31:33 AM [] []
[2026-03-09 05:36:26] SlimMonoLogger.INFO: Cron ran at: 09-03-2026 05:36:26 AM [] []
[2026-03-09 05:41:45] SlimMonoLogger.INFO: Cron ran at: 09-03-2026 05:41:45 AM [] []
[2026-03-09 05:46:28] SlimMonoLogger.INFO: Cron ran at: 09-03-2026 05:46:28 AM [] []
[2026-03-09 05:51:23] SlimMonoLogger.INFO: Cron ran at: 09-03-2026 05:51:23 AM [] []
[2026-03-09 05:56:24] SlimMonoLogger.INFO: Cron ran at: 09-03-2026 05:56:24 AM [] []
[2026-03-09 06:01:35] SlimMonoLogger.INFO: Cron ran at: 09-03-2026 06:01:35 AM [] []
[2026-03-09 06:06:28] SlimMonoLogger.INFO: Cron ran at: 09-03-2026 06:06:28 AM [] []
[2026-03-09 06:11:37] SlimMonoLogger.INFO: Cron ran at: 09-03-2026 06:11:37 AM [] []
[2026-03-09 06:16:20] SlimMonoLogger.INFO: Cron ran at: 09-03-2026 06:16:20 AM [] []
[2026-03-09 06:21:38] SlimMonoLogger.INFO: Cron ran at: 09-03-2026 06:21:38 AM [] []
[2026-03-09 06:26:31] SlimMonoLogger.INFO: Cron ran at: 09-03-2026 06:26:31 AM [] []
[2026-03-09 06:31:36] SlimMonoLogger.INFO: Cron ran at: 09-03-2026 06:31:36 AM [] []
[2026-03-09 06:36:47] SlimMonoLogger.INFO: Cron ran at: 09-03-2026 06:36:47 AM [] []
[2026-03-09 06:41:25] SlimMonoLogger.INFO: Cron ran at: 09-03-2026 06:41:25 AM [] []
[2026-03-09 06:46:36] SlimMonoLogger.INFO: Cron ran at: 09-03-2026 06:46:36 AM [] []
[2026-03-09 06:51:43] SlimMonoLogger.INFO: Cron ran at: 09-03-2026 06:51:43 AM [] []
[2026-03-09 06:56:26] SlimMonoLogger.INFO: Cron ran at: 09-03-2026 06:56:26 AM [] []
[2026-03-09 07:01:21] SlimMonoLogger.INFO: Cron ran at: 09-03-2026 07:01:21 AM [] []
[2026-03-09 07:06:17] SlimMonoLogger.INFO: Cron ran at: 09-03-2026 07:06:17 AM [] []
[2026-03-09 07:11:29] SlimMonoLogger.INFO: Cron ran at: 09-03-2026 07:11:29 AM [] []
[2026-03-09 07:16:27] SlimMonoLogger.INFO: Cron ran at: 09-03-2026 07:16:27 AM [] []
[2026-03-09 07:21:30] SlimMonoLogger.INFO: Cron ran at: 09-03-2026 07:21:30 AM [] []
[2026-03-09 07:26:33] SlimMonoLogger.INFO: Cron ran at: 09-03-2026 07:26:33 AM [] []
[2026-03-09 07:31:36] SlimMonoLogger.INFO: Cron ran at: 09-03-2026 07:31:36 AM [] []
[2026-03-09 07:36:31] SlimMonoLogger.INFO: Cron ran at: 09-03-2026 07:36:31 AM [] []
[2026-03-09 07:46:34] SlimMonoLogger.INFO: Cron ran at: 09-03-2026 07:46:34 AM [] []
[2026-03-09 07:51:31] SlimMonoLogger.INFO: Cron ran at: 09-03-2026 07:51:31 AM [] []
[2026-03-09 08:01:37] SlimMonoLogger.INFO: Cron ran at: 09-03-2026 08:01:37 AM [] []
[2026-03-09 08:06:36] SlimMonoLogger.INFO: Cron ran at: 09-03-2026 08:06:36 AM [] []
[2026-03-09 08:11:44] SlimMonoLogger.INFO: Cron ran at: 09-03-2026 08:11:44 AM [] []
[2026-03-09 08:16:39] SlimMonoLogger.INFO: Cron ran at: 09-03-2026 08:16:39 AM [] []
[2026-03-09 08:21:41] SlimMonoLogger.INFO: Cron ran at: 09-03-2026 08:21:41 AM [] []
[2026-03-09 08:26:41] SlimMonoLogger.INFO: Cron ran at: 09-03-2026 08:26:41 AM [] []
[2026-03-09 08:31:34] SlimMonoLogger.INFO: Cron ran at: 09-03-2026 08:31:34 AM [] []
[2026-03-09 08:36:48] SlimMonoLogger.INFO: Cron ran at: 09-03-2026 08:36:48 AM [] []
[2026-03-09 08:47:19] SlimMonoLogger.INFO: Cron ran at: 09-03-2026 08:47:19 AM [] []
[2026-03-09 08:51:45] SlimMonoLogger.INFO: Cron ran at: 09-03-2026 08:51:45 AM [] []
[2026-03-09 09:01:52] SlimMonoLogger.INFO: Cron ran at: 09-03-2026 09:01:52 AM [] []
[2026-03-09 09:06:45] SlimMonoLogger.INFO: Cron ran at: 09-03-2026 09:06:45 AM [] []
[2026-03-09 09:11:52] SlimMonoLogger.INFO: Cron ran at: 09-03-2026 09:11:52 AM [] []
[2026-03-09 09:16:54] SlimMonoLogger.INFO: Cron ran at: 09-03-2026 09:16:54 AM [] []
[2026-03-09 09:21:56] SlimMonoLogger.INFO: Cron ran at: 09-03-2026 09:21:56 AM [] []
[2026-03-09 09:26:44] SlimMonoLogger.INFO: Cron ran at: 09-03-2026 09:26:44 AM [] []
[2026-03-09 09:32:00] SlimMonoLogger.INFO: Cron ran at: 09-03-2026 09:32:00 AM [] []
[2026-03-09 09:37:29] SlimMonoLogger.INFO: Cron ran at: 09-03-2026 09:37:29 AM [] []
[2026-03-09 09:41:53] SlimMonoLogger.INFO: Cron ran at: 09-03-2026 09:41:53 AM [] []
[2026-03-09 09:46:50] SlimMonoLogger.INFO: Cron ran at: 09-03-2026 09:46:50 AM [] []
[2026-03-09 09:52:15] SlimMonoLogger.INFO: Cron ran at: 09-03-2026 09:52:15 AM [] []
[2026-03-09 09:57:11] SlimMonoLogger.INFO: Cron ran at: 09-03-2026 09:57:11 AM [] []
[2026-03-09 10:02:10] SlimMonoLogger.INFO: Cron ran at: 09-03-2026 10:02:10 AM [] []
[2026-03-09 10:06:53] SlimMonoLogger.INFO: Cron ran at: 09-03-2026 10:06:53 AM [] []
[2026-03-09 10:11:54] SlimMonoLogger.INFO: Cron ran at: 09-03-2026 10:11:54 AM [] []
[2026-03-09 10:17:01] SlimMonoLogger.INFO: Cron ran at: 09-03-2026 10:17:01 AM [] []
[2026-03-09 10:22:03] SlimMonoLogger.INFO: Cron ran at: 09-03-2026 10:22:03 AM [] []
[2026-03-09 10:26:47] SlimMonoLogger.INFO: Cron ran at: 09-03-2026 10:26:47 AM [] []
[2026-03-09 10:31:59] SlimMonoLogger.INFO: Cron ran at: 09-03-2026 10:31:59 AM [] []
[2026-03-09 10:36:52] SlimMonoLogger.INFO: Cron ran at: 09-03-2026 10:36:52 AM [] []
[2026-03-09 10:41:54] SlimMonoLogger.INFO: Cron ran at: 09-03-2026 10:41:54 AM [] []
[2026-03-09 10:47:01] SlimMonoLogger.INFO: Cron ran at: 09-03-2026 10:47:01 AM [] []
[2026-03-09 10:52:04] SlimMonoLogger.INFO: Cron ran at: 09-03-2026 10:52:04 AM [] []
[2026-03-09 10:56:49] SlimMonoLogger.INFO: Cron ran at: 09-03-2026 10:56:49 AM [] []
[2026-03-09 11:02:00] SlimMonoLogger.INFO: Cron ran at: 09-03-2026 11:02:00 AM [] []
[2026-03-09 11:07:03] SlimMonoLogger.INFO: Cron ran at: 09-03-2026 11:07:03 AM [] []
[2026-03-09 11:11:38] SlimMonoLogger.INFO: Cron ran at: 09-03-2026 11:11:38 AM [] []
[2026-03-09 11:16:55] SlimMonoLogger.INFO: Cron ran at: 09-03-2026 11:16:55 AM [] []
[2026-03-09 11:21:37] SlimMonoLogger.INFO: Cron ran at: 09-03-2026 11:21:37 AM [] []
[2026-03-09 11:31:46] SlimMonoLogger.INFO: Cron ran at: 09-03-2026 11:31:46 AM [] []
[2026-03-09 11:34:16] SlimMonoLogger.ERROR: Requests_Exception: cURL error 28: Operation timed out after 500001 milliseconds with 15824 bytes received in /home/latihtal/public_html/agregator1/src/vendor/rmccue/requests/library/Requests/Transport/cURL.php:422
Stack trace:
#0 /home/latihtal/public_html/agregator1/src/vendor/rmccue/requests/library/Requests/Transport/cURL.php(177): Requests_Transport_cURL->process_response()
#1 /home/latihtal/public_html/agregator1/src/vendor/rmccue/requests/library/Requests.php(379): Requests_Transport_cURL->request()
#2 /home/latihtal/public_html/agregator1/src/vendor/rmccue/requests/library/Requests/Session.php(205): Requests::request()
#3 /home/latihtal/public_html/agregator1/src/vendor/rmccue/requests/library/Requests/Session.php(132): Requests_Session->request()
#4 /home/latihtal/public_html/agregator1/src/drivers/Http/RssImporter.php(144): Requests_Session->get()
#5 /home/latihtal/public_html/agregator1/src/controllers/Dashboard/DashboardFeedsController.php(534): spark\drivers\Http\RssImporter->fetchPosts()
#6 /home/latihtal/public_html/agregator1/src/controllers/Site/SiteController.php(722): spark\controllers\Dashboard\DashboardFeedsController::importFeedPosts()
#7 [internal function]: spark\controllers\Site\SiteController->runTasks()
#8 /home/latihtal/public_html/agregator1/src/framework/Route.php(173): call_user_func_array()
#9 [internal function]: Slim\Route->Slim\{closure}()
#10 /home/latihtal/public_html/agregator1/src/framework/Route.php(468): call_user_func_array()
#11 /home/latihtal/public_html/agregator1/src/framework/Slim.php(1364): Slim\Route->dispatch()
#12 /home/latihtal/public_html/agregator1/src/framework/Middleware/Flash.php(85): Slim\Slim->call()
#13 /home/latihtal/public_html/agregator1/src/framework/Middleware/MethodOverride.php(92): Slim\Middleware\Flash->call()
#14 /home/latihtal/public_html/agregator1/src/middlewares/CsrfGuard/CsrfGuard.php(47): Slim\Middleware\MethodOverride->call()
#15 /home/latihtal/public_html/agregator1/src/framework/Middleware/PrettyExceptions.php(67): spark\middlewares\CsrfGuard\CsrfGuard->call()
#16 /home/latihtal/public_html/agregator1/src/framework/Slim.php(1308): Slim\Middleware\PrettyExceptions->call()
#17 /home/latihtal/public_html/agregator1/index.php(6): Slim\Slim->run()
#18 {main} [] []
[2026-03-09 11:35:00] SlimMonoLogger.INFO: Cron ran at: 09-03-2026 11:35:00 AM [] []
[2026-03-09 11:36:40] SlimMonoLogger.INFO: Cron ran at: 09-03-2026 11:36:40 AM [] []
[2026-03-09 11:41:42] SlimMonoLogger.INFO: Cron ran at: 09-03-2026 11:41:42 AM [] []
[2026-03-09 11:46:36] SlimMonoLogger.INFO: Cron ran at: 09-03-2026 11:46:36 AM [] []
[2026-03-09 11:51:48] SlimMonoLogger.INFO: Cron ran at: 09-03-2026 11:51:48 AM [] []
[2026-03-09 11:56:50] SlimMonoLogger.INFO: Cron ran at: 09-03-2026 11:56:50 AM [] []
[2026-03-09 12:02:26] SlimMonoLogger.INFO: Cron ran at: 09-03-2026 12:02:26 PM [] []
[2026-03-09 12:06:52] SlimMonoLogger.INFO: Cron ran at: 09-03-2026 12:06:52 PM [] []
[2026-03-09 12:11:39] SlimMonoLogger.INFO: Cron ran at: 09-03-2026 12:11:39 PM [] []
[2026-03-09 12:16:43] SlimMonoLogger.INFO: Cron ran at: 09-03-2026 12:16:43 PM [] []
[2026-03-09 12:21:55] SlimMonoLogger.INFO: Cron ran at: 09-03-2026 12:21:55 PM [] []
[2026-03-09 12:26:48] SlimMonoLogger.INFO: Cron ran at: 09-03-2026 12:26:48 PM [] []
[2026-03-09 12:31:42] SlimMonoLogger.INFO: Cron ran at: 09-03-2026 12:31:42 PM [] []
[2026-03-09 12:36:45] SlimMonoLogger.INFO: Cron ran at: 09-03-2026 12:36:45 PM [] []
[2026-03-09 12:41:51] SlimMonoLogger.INFO: Cron ran at: 09-03-2026 12:41:51 PM [] []
[2026-03-09 12:46:56] SlimMonoLogger.INFO: Cron ran at: 09-03-2026 12:46:56 PM [] []
[2026-03-09 12:51:43] SlimMonoLogger.INFO: Cron ran at: 09-03-2026 12:51:43 PM [] []
[2026-03-09 12:56:46] SlimMonoLogger.INFO: Cron ran at: 09-03-2026 12:56:46 PM [] []
[2026-03-09 13:01:53] SlimMonoLogger.INFO: Cron ran at: 09-03-2026 01:01:53 PM [] []
[2026-03-09 13:06:35] SlimMonoLogger.INFO: Cron ran at: 09-03-2026 01:06:35 PM [] []
[2026-03-09 13:11:53] SlimMonoLogger.INFO: Cron ran at: 09-03-2026 01:11:53 PM [] []
[2026-03-09 13:16:43] SlimMonoLogger.INFO: Cron ran at: 09-03-2026 01:16:43 PM [] []
[2026-03-09 13:22:19] SlimMonoLogger.INFO: Cron ran at: 09-03-2026 01:22:19 PM [] []
[2026-03-09 13:26:43] SlimMonoLogger.INFO: Cron ran at: 09-03-2026 01:26:43 PM [] []
[2026-03-09 13:31:56] SlimMonoLogger.INFO: Cron ran at: 09-03-2026 01:31:56 PM [] []
[2026-03-09 13:36:51] SlimMonoLogger.INFO: Cron ran at: 09-03-2026 01:36:51 PM [] []
[2026-03-09 13:41:41] SlimMonoLogger.INFO: Cron ran at: 09-03-2026 01:41:41 PM [] []
[2026-03-09 13:47:35] SlimMonoLogger.INFO: Cron ran at: 09-03-2026 01:47:35 PM [] []
[2026-03-09 13:51:44] SlimMonoLogger.INFO: Cron ran at: 09-03-2026 01:51:44 PM [] []
[2026-03-09 13:56:38] SlimMonoLogger.INFO: Cron ran at: 09-03-2026 01:56:38 PM [] []
[2026-03-09 14:01:57] SlimMonoLogger.INFO: Cron ran at: 09-03-2026 02:01:57 PM [] []
[2026-03-09 14:06:51] SlimMonoLogger.INFO: Cron ran at: 09-03-2026 02:06:51 PM [] []
[2026-03-09 14:11:41] SlimMonoLogger.INFO: Cron ran at: 09-03-2026 02:11:41 PM [] []
[2026-03-09 14:16:35] SlimMonoLogger.INFO: Cron ran at: 09-03-2026 02:16:35 PM [] []
[2026-03-09 14:21:42] SlimMonoLogger.INFO: Cron ran at: 09-03-2026 02:21:42 PM [] []
[2026-03-09 14:26:44] SlimMonoLogger.INFO: Cron ran at: 09-03-2026 02:26:44 PM [] []
[2026-03-09 14:31:59] SlimMonoLogger.INFO: Cron ran at: 09-03-2026 02:31:59 PM [] []
[2026-03-09 14:36:38] SlimMonoLogger.INFO: Cron ran at: 09-03-2026 02:36:38 PM [] []
[2026-03-09 14:41:56] SlimMonoLogger.INFO: Cron ran at: 09-03-2026 02:41:56 PM [] []
[2026-03-09 14:46:49] SlimMonoLogger.INFO: Cron ran at: 09-03-2026 02:46:49 PM [] []
[2026-03-09 14:51:40] SlimMonoLogger.INFO: Cron ran at: 09-03-2026 02:51:40 PM [] []
[2026-03-09 14:56:33] SlimMonoLogger.INFO: Cron ran at: 09-03-2026 02:56:33 PM [] []
[2026-03-09 15:02:01] SlimMonoLogger.INFO: Cron ran at: 09-03-2026 03:02:01 PM [] []
[2026-03-09 15:06:44] SlimMonoLogger.INFO: Cron ran at: 09-03-2026 03:06:44 PM [] []
[2026-03-09 15:11:47] SlimMonoLogger.INFO: Cron ran at: 09-03-2026 03:11:47 PM [] []
[2026-03-09 15:16:43] SlimMonoLogger.INFO: Cron ran at: 09-03-2026 03:16:43 PM [] []
[2026-03-09 15:21:45] SlimMonoLogger.INFO: Cron ran at: 09-03-2026 03:21:45 PM [] []
[2026-03-09 15:26:57] SlimMonoLogger.INFO: Cron ran at: 09-03-2026 03:26:57 PM [] []
[2026-03-09 15:32:00] SlimMonoLogger.INFO: Cron ran at: 09-03-2026 03:32:00 PM [] []
[2026-03-09 15:36:36] SlimMonoLogger.INFO: Cron ran at: 09-03-2026 03:36:36 PM [] []
[2026-03-09 15:41:33] SlimMonoLogger.INFO: Cron ran at: 09-03-2026 03:41:33 PM [] []
[2026-03-09 15:46:39] SlimMonoLogger.INFO: Cron ran at: 09-03-2026 03:46:39 PM [] []
[2026-03-09 15:51:33] SlimMonoLogger.INFO: Cron ran at: 09-03-2026 03:51:33 PM [] []
[2026-03-09 15:56:41] SlimMonoLogger.INFO: Cron ran at: 09-03-2026 03:56:41 PM [] []
[2026-03-09 16:01:43] SlimMonoLogger.INFO: Cron ran at: 09-03-2026 04:01:43 PM [] []
[2026-03-09 16:06:44] SlimMonoLogger.INFO: Cron ran at: 09-03-2026 04:06:44 PM [] []
[2026-03-09 16:11:31] SlimMonoLogger.INFO: Cron ran at: 09-03-2026 04:11:31 PM [] []
[2026-03-09 16:16:26] SlimMonoLogger.INFO: Cron ran at: 09-03-2026 04:16:26 PM [] []
[2026-03-09 16:21:46] SlimMonoLogger.INFO: Cron ran at: 09-03-2026 04:21:46 PM [] []
[2026-03-09 16:26:29] SlimMonoLogger.INFO: Cron ran at: 09-03-2026 04:26:29 PM [] []
[2026-03-09 16:31:46] SlimMonoLogger.INFO: Cron ran at: 09-03-2026 04:31:46 PM [] []
[2026-03-09 16:36:37] SlimMonoLogger.INFO: Cron ran at: 09-03-2026 04:36:37 PM [] []
[2026-03-09 16:41:37] SlimMonoLogger.INFO: Cron ran at: 09-03-2026 04:41:37 PM [] []
[2026-03-09 16:46:37] SlimMonoLogger.INFO: Cron ran at: 09-03-2026 04:46:37 PM [] []
[2026-03-09 16:51:29] SlimMonoLogger.INFO: Cron ran at: 09-03-2026 04:51:29 PM [] []
[2026-03-09 16:56:47] SlimMonoLogger.INFO: Cron ran at: 09-03-2026 04:56:47 PM [] []
[2026-03-09 17:01:48] SlimMonoLogger.INFO: Cron ran at: 09-03-2026 05:01:48 PM [] []
[2026-03-09 17:06:23] SlimMonoLogger.INFO: Cron ran at: 09-03-2026 05:06:23 PM [] []
[2026-03-09 17:11:46] SlimMonoLogger.INFO: Cron ran at: 09-03-2026 05:11:46 PM [] []
[2026-03-09 17:16:25] SlimMonoLogger.INFO: Cron ran at: 09-03-2026 05:16:25 PM [] []
[2026-03-09 17:21:44] SlimMonoLogger.INFO: Cron ran at: 09-03-2026 05:21:44 PM [] []
[2026-03-09 17:26:28] SlimMonoLogger.INFO: Cron ran at: 09-03-2026 05:26:28 PM [] []
[2026-03-09 17:31:34] SlimMonoLogger.INFO: Cron ran at: 09-03-2026 05:31:34 PM [] []
[2026-03-09 17:36:47] SlimMonoLogger.INFO: Cron ran at: 09-03-2026 05:36:47 PM [] []
[2026-03-09 17:41:43] SlimMonoLogger.INFO: Cron ran at: 09-03-2026 05:41:43 PM [] []
[2026-03-09 17:46:51] SlimMonoLogger.INFO: Cron ran at: 09-03-2026 05:46:51 PM [] []
[2026-03-09 17:51:32] SlimMonoLogger.INFO: Cron ran at: 09-03-2026 05:51:32 PM [] []
[2026-03-09 17:56:48] SlimMonoLogger.INFO: Cron ran at: 09-03-2026 05:56:48 PM [] []
[2026-03-09 18:02:00] SlimMonoLogger.INFO: Cron ran at: 09-03-2026 06:02:00 PM [] []
[2026-03-09 18:06:46] SlimMonoLogger.INFO: Cron ran at: 09-03-2026 06:06:46 PM [] []
[2026-03-09 18:11:41] SlimMonoLogger.INFO: Cron ran at: 09-03-2026 06:11:41 PM [] []
[2026-03-09 18:16:44] SlimMonoLogger.INFO: Cron ran at: 09-03-2026 06:16:44 PM [] []
[2026-03-09 18:22:02] SlimMonoLogger.INFO: Cron ran at: 09-03-2026 06:22:02 PM [] []
[2026-03-09 18:26:44] SlimMonoLogger.INFO: Cron ran at: 09-03-2026 06:26:44 PM [] []
[2026-03-09 18:31:43] SlimMonoLogger.INFO: Cron ran at: 09-03-2026 06:31:43 PM [] []
[2026-03-09 18:36:38] SlimMonoLogger.INFO: Cron ran at: 09-03-2026 06:36:38 PM [] []
[2026-03-09 18:41:50] SlimMonoLogger.INFO: Cron ran at: 09-03-2026 06:41:50 PM [] []
[2026-03-09 18:46:31] SlimMonoLogger.INFO: Cron ran at: 09-03-2026 06:46:31 PM [] []
[2026-03-09 18:51:48] SlimMonoLogger.INFO: Cron ran at: 09-03-2026 06:51:48 PM [] []
[2026-03-09 18:56:23] SlimMonoLogger.INFO: Cron ran at: 09-03-2026 06:56:23 PM [] []
[2026-03-09 19:01:41] SlimMonoLogger.INFO: Cron ran at: 09-03-2026 07:01:41 PM [] []
[2026-03-09 19:06:40] SlimMonoLogger.INFO: Cron ran at: 09-03-2026 07:06:40 PM [] []
[2026-03-09 19:11:40] SlimMonoLogger.INFO: Cron ran at: 09-03-2026 07:11:40 PM [] []
[2026-03-09 19:16:37] SlimMonoLogger.INFO: Cron ran at: 09-03-2026 07:16:37 PM [] []
[2026-03-09 19:21:30] SlimMonoLogger.INFO: Cron ran at: 09-03-2026 07:21:30 PM [] []
[2026-03-09 19:26:42] SlimMonoLogger.INFO: Cron ran at: 09-03-2026 07:26:42 PM [] []
[2026-03-09 19:31:41] SlimMonoLogger.INFO: Cron ran at: 09-03-2026 07:31:41 PM [] []
[2026-03-09 19:36:44] SlimMonoLogger.INFO: Cron ran at: 09-03-2026 07:36:44 PM [] []
[2026-03-09 19:46:52] SlimMonoLogger.INFO: Cron ran at: 09-03-2026 07:46:52 PM [] []
[2026-03-09 19:48:35] SlimMonoLogger.ERROR: Requests_Exception: cURL error 28: Operation timed out after 500002 milliseconds with 0 bytes received in /home/latihtal/public_html/agregator1/src/vendor/rmccue/requests/library/Requests/Transport/cURL.php:422
Stack trace:
#0 /home/latihtal/public_html/agregator1/src/vendor/rmccue/requests/library/Requests/Transport/cURL.php(177): Requests_Transport_cURL->process_response()
#1 /home/latihtal/public_html/agregator1/src/vendor/rmccue/requests/library/Requests.php(379): Requests_Transport_cURL->request()
#2 /home/latihtal/public_html/agregator1/src/vendor/rmccue/requests/library/Requests/Session.php(205): Requests::request()
#3 /home/latihtal/public_html/agregator1/src/vendor/rmccue/requests/library/Requests/Session.php(132): Requests_Session->request()
#4 /home/latihtal/public_html/agregator1/src/drivers/Http/RssImporter.php(144): Requests_Session->get()
#5 /home/latihtal/public_html/agregator1/src/controllers/Dashboard/DashboardFeedsController.php(534): spark\drivers\Http\RssImporter->fetchPosts()
#6 /home/latihtal/public_html/agregator1/src/controllers/Site/SiteController.php(722): spark\controllers\Dashboard\DashboardFeedsController::importFeedPosts()
#7 [internal function]: spark\controllers\Site\SiteController->runTasks()
#8 /home/latihtal/public_html/agregator1/src/framework/Route.php(173): call_user_func_array()
#9 [internal function]: Slim\Route->Slim\{closure}()
#10 /home/latihtal/public_html/agregator1/src/framework/Route.php(468): call_user_func_array()
#11 /home/latihtal/public_html/agregator1/src/framework/Slim.php(1364): Slim\Route->dispatch()
#12 /home/latihtal/public_html/agregator1/src/framework/Middleware/Flash.php(85): Slim\Slim->call()
#13 /home/latihtal/public_html/agregator1/src/framework/Middleware/MethodOverride.php(92): Slim\Middleware\Flash->call()
#14 /home/latihtal/public_html/agregator1/src/middlewares/CsrfGuard/CsrfGuard.php(47): Slim\Middleware\MethodOverride->call()
#15 /home/latihtal/public_html/agregator1/src/framework/Middleware/PrettyExceptions.php(67): spark\middlewares\CsrfGuard\CsrfGuard->call()
#16 /home/latihtal/public_html/agregator1/src/framework/Slim.php(1308): Slim\Middleware\PrettyExceptions->call()
#17 /home/latihtal/public_html/agregator1/index.php(6): Slim\Slim->run()
#18 {main} [] []
[2026-03-09 19:50:11] SlimMonoLogger.INFO: Cron ran at: 09-03-2026 07:50:11 PM [] []
[2026-03-09 19:51:37] SlimMonoLogger.INFO: Cron ran at: 09-03-2026 07:51:37 PM [] []
[2026-03-09 19:56:43] SlimMonoLogger.INFO: Cron ran at: 09-03-2026 07:56:43 PM [] []
[2026-03-09 20:01:44] SlimMonoLogger.INFO: Cron ran at: 09-03-2026 08:01:44 PM [] []
[2026-03-09 20:06:34] SlimMonoLogger.INFO: Cron ran at: 09-03-2026 08:06:34 PM [] []
[2026-03-09 20:11:47] SlimMonoLogger.INFO: Cron ran at: 09-03-2026 08:11:47 PM [] []
[2026-03-09 20:16:50] SlimMonoLogger.INFO: Cron ran at: 09-03-2026 08:16:50 PM [] []
[2026-03-09 20:21:38] SlimMonoLogger.INFO: Cron ran at: 09-03-2026 08:21:38 PM [] []
[2026-03-09 20:26:38] SlimMonoLogger.INFO: Cron ran at: 09-03-2026 08:26:38 PM [] []
[2026-03-09 20:31:39] SlimMonoLogger.INFO: Cron ran at: 09-03-2026 08:31:39 PM [] []
[2026-03-09 20:36:44] SlimMonoLogger.INFO: Cron ran at: 09-03-2026 08:36:44 PM [] []
[2026-03-09 20:41:42] SlimMonoLogger.INFO: Cron ran at: 09-03-2026 08:41:42 PM [] []
[2026-03-09 20:46:59] SlimMonoLogger.INFO: Cron ran at: 09-03-2026 08:46:59 PM [] []
[2026-03-09 20:51:40] SlimMonoLogger.INFO: Cron ran at: 09-03-2026 08:51:40 PM [] []
[2026-03-09 20:56:45] SlimMonoLogger.INFO: Cron ran at: 09-03-2026 08:56:45 PM [] []
[2026-03-09 21:02:24] SlimMonoLogger.INFO: Cron ran at: 09-03-2026 09:02:24 PM [] []
[2026-03-09 21:06:52] SlimMonoLogger.INFO: Cron ran at: 09-03-2026 09:06:52 PM [] []
[2026-03-09 21:11:43] SlimMonoLogger.INFO: Cron ran at: 09-03-2026 09:11:43 PM [] []
[2026-03-09 21:16:29] SlimMonoLogger.INFO: Cron ran at: 09-03-2026 09:16:29 PM [] []
[2026-03-09 21:21:34] SlimMonoLogger.INFO: Cron ran at: 09-03-2026 09:21:34 PM [] []
[2026-03-09 21:27:01] SlimMonoLogger.INFO: Cron ran at: 09-03-2026 09:27:01 PM [] []
[2026-03-09 21:38:25] SlimMonoLogger.ERROR: Requests_Exception: cURL error 28: Operation timed out after 500000 milliseconds with 1859 bytes received in /home/latihtal/public_html/agregator1/src/vendor/rmccue/requests/library/Requests/Transport/cURL.php:422
Stack trace:
#0 /home/latihtal/public_html/agregator1/src/vendor/rmccue/requests/library/Requests/Transport/cURL.php(177): Requests_Transport_cURL->process_response()
#1 /home/latihtal/public_html/agregator1/src/vendor/rmccue/requests/library/Requests.php(379): Requests_Transport_cURL->request()
#2 /home/latihtal/public_html/agregator1/src/vendor/rmccue/requests/library/Requests/Session.php(205): Requests::request()
#3 /home/latihtal/public_html/agregator1/src/vendor/rmccue/requests/library/Requests/Session.php(132): Requests_Session->request()
#4 /home/latihtal/public_html/agregator1/src/drivers/Http/RssImporter.php(144): Requests_Session->get()
#5 /home/latihtal/public_html/agregator1/src/controllers/Dashboard/DashboardFeedsController.php(534): spark\drivers\Http\RssImporter->fetchPosts()
#6 /home/latihtal/public_html/agregator1/src/controllers/Site/SiteController.php(722): spark\controllers\Dashboard\DashboardFeedsController::importFeedPosts()
#7 [internal function]: spark\controllers\Site\SiteController->runTasks()
#8 /home/latihtal/public_html/agregator1/src/framework/Route.php(173): call_user_func_array()
#9 [internal function]: Slim\Route->Slim\{closure}()
#10 /home/latihtal/public_html/agregator1/src/framework/Route.php(468): call_user_func_array()
#11 /home/latihtal/public_html/agregator1/src/framework/Slim.php(1364): Slim\Route->dispatch()
#12 /home/latihtal/public_html/agregator1/src/framework/Middleware/Flash.php(85): Slim\Slim->call()
#13 /home/latihtal/public_html/agregator1/src/framework/Middleware/MethodOverride.php(92): Slim\Middleware\Flash->call()
#14 /home/latihtal/public_html/agregator1/src/middlewares/CsrfGuard/CsrfGuard.php(47): Slim\Middleware\MethodOverride->call()
#15 /home/latihtal/public_html/agregator1/src/framework/Middleware/PrettyExceptions.php(67): spark\middlewares\CsrfGuard\CsrfGuard->call()
#16 /home/latihtal/public_html/agregator1/src/framework/Slim.php(1308): Slim\Middleware\PrettyExceptions->call()
#17 /home/latihtal/public_html/agregator1/index.php(6): Slim\Slim->run()
#18 {main} [] []
[2026-03-09 21:40:07] SlimMonoLogger.INFO: Cron ran at: 09-03-2026 09:40:07 PM [] []
[2026-03-09 21:41:25] SlimMonoLogger.INFO: Cron ran at: 09-03-2026 09:41:25 PM [] []
[2026-03-09 21:43:28] SlimMonoLogger.ERROR: Requests_Exception: cURL error 28: Connection timed out after 500001 milliseconds in /home/latihtal/public_html/agregator1/src/vendor/rmccue/requests/library/Requests/Transport/cURL.php:422
Stack trace:
#0 /home/latihtal/public_html/agregator1/src/vendor/rmccue/requests/library/Requests/Transport/cURL.php(177): Requests_Transport_cURL->process_response()
#1 /home/latihtal/public_html/agregator1/src/vendor/rmccue/requests/library/Requests.php(379): Requests_Transport_cURL->request()
#2 /home/latihtal/public_html/agregator1/src/vendor/rmccue/requests/library/Requests/Session.php(205): Requests::request()
#3 /home/latihtal/public_html/agregator1/src/vendor/rmccue/requests/library/Requests/Session.php(132): Requests_Session->request()
#4 /home/latihtal/public_html/agregator1/src/drivers/Http/RssImporter.php(144): Requests_Session->get()
#5 /home/latihtal/public_html/agregator1/src/controllers/Dashboard/DashboardFeedsController.php(534): spark\drivers\Http\RssImporter->fetchPosts()
#6 /home/latihtal/public_html/agregator1/src/controllers/Site/SiteController.php(722): spark\controllers\Dashboard\DashboardFeedsController::importFeedPosts()
#7 [internal function]: spark\controllers\Site\SiteController->runTasks()
#8 /home/latihtal/public_html/agregator1/src/framework/Route.php(173): call_user_func_array()
#9 [internal function]: Slim\Route->Slim\{closure}()
#10 /home/latihtal/public_html/agregator1/src/framework/Route.php(468): call_user_func_array()
#11 /home/latihtal/public_html/agregator1/src/framework/Slim.php(1364): Slim\Route->dispatch()
#12 /home/latihtal/public_html/agregator1/src/framework/Middleware/Flash.php(85): Slim\Slim->call()
#13 /home/latihtal/public_html/agregator1/src/framework/Middleware/MethodOverride.php(92): Slim\Middleware\Flash->call()
#14 /home/latihtal/public_html/agregator1/src/middlewares/CsrfGuard/CsrfGuard.php(47): Slim\Middleware\MethodOverride->call()
#15 /home/latihtal/public_html/agregator1/src/framework/Middleware/PrettyExceptions.php(67): spark\middlewares\CsrfGuard\CsrfGuard->call()
#16 /home/latihtal/public_html/agregator1/src/framework/Slim.php(1308): Slim\Middleware\PrettyExceptions->call()
#17 /home/latihtal/public_html/agregator1/index.php(6): Slim\Slim->run()
#18 {main} [] []
[2026-03-09 21:45:17] SlimMonoLogger.INFO: Cron ran at: 09-03-2026 09:45:17 PM [] []
[2026-03-09 21:46:33] SlimMonoLogger.INFO: Cron ran at: 09-03-2026 09:46:33 PM [] []
[2026-03-09 21:51:38] SlimMonoLogger.INFO: Cron ran at: 09-03-2026 09:51:38 PM [] []
[2026-03-09 21:56:38] SlimMonoLogger.INFO: Cron ran at: 09-03-2026 09:56:38 PM [] []
[2026-03-09 22:01:51] SlimMonoLogger.INFO: Cron ran at: 09-03-2026 10:01:51 PM [] []
[2026-03-09 22:06:39] SlimMonoLogger.INFO: Cron ran at: 09-03-2026 10:06:39 PM [] []
[2026-03-09 22:11:36] SlimMonoLogger.INFO: Cron ran at: 09-03-2026 10:11:36 PM [] []
[2026-03-09 22:16:34] SlimMonoLogger.INFO: Cron ran at: 09-03-2026 10:16:34 PM [] []
[2026-03-09 22:21:45] SlimMonoLogger.INFO: Cron ran at: 09-03-2026 10:21:45 PM [] []
[2026-03-09 22:26:34] SlimMonoLogger.INFO: Cron ran at: 09-03-2026 10:26:34 PM [] []
[2026-03-09 22:31:38] SlimMonoLogger.INFO: Cron ran at: 09-03-2026 10:31:38 PM [] []
[2026-03-09 22:36:44] SlimMonoLogger.INFO: Cron ran at: 09-03-2026 10:36:44 PM [] []
[2026-03-09 22:46:39] SlimMonoLogger.INFO: Cron ran at: 09-03-2026 10:46:39 PM [] []
[2026-03-09 22:48:34] SlimMonoLogger.ERROR: Requests_Exception: cURL error 28: Connection timed out after 500001 milliseconds in /home/latihtal/public_html/agregator1/src/vendor/rmccue/requests/library/Requests/Transport/cURL.php:422
Stack trace:
#0 /home/latihtal/public_html/agregator1/src/vendor/rmccue/requests/library/Requests/Transport/cURL.php(177): Requests_Transport_cURL->process_response()
#1 /home/latihtal/public_html/agregator1/src/vendor/rmccue/requests/library/Requests.php(379): Requests_Transport_cURL->request()
#2 /home/latihtal/public_html/agregator1/src/vendor/rmccue/requests/library/Requests/Session.php(205): Requests::request()
#3 /home/latihtal/public_html/agregator1/src/vendor/rmccue/requests/library/Requests/Session.php(132): Requests_Session->request()
#4 /home/latihtal/public_html/agregator1/src/drivers/Http/RssImporter.php(144): Requests_Session->get()
#5 /home/latihtal/public_html/agregator1/src/controllers/Dashboard/DashboardFeedsController.php(534): spark\drivers\Http\RssImporter->fetchPosts()
#6 /home/latihtal/public_html/agregator1/src/controllers/Site/SiteController.php(722): spark\controllers\Dashboard\DashboardFeedsController::importFeedPosts()
#7 [internal function]: spark\controllers\Site\SiteController->runTasks()
#8 /home/latihtal/public_html/agregator1/src/framework/Route.php(173): call_user_func_array()
#9 [internal function]: Slim\Route->Slim\{closure}()
#10 /home/latihtal/public_html/agregator1/src/framework/Route.php(468): call_user_func_array()
#11 /home/latihtal/public_html/agregator1/src/framework/Slim.php(1364): Slim\Route->dispatch()
#12 /home/latihtal/public_html/agregator1/src/framework/Middleware/Flash.php(85): Slim\Slim->call()
#13 /home/latihtal/public_html/agregator1/src/framework/Middleware/MethodOverride.php(92): Slim\Middleware\Flash->call()
#14 /home/latihtal/public_html/agregator1/src/middlewares/CsrfGuard/CsrfGuard.php(47): Slim\Middleware\MethodOverride->call()
#15 /home/latihtal/public_html/agregator1/src/framework/Middleware/PrettyExceptions.php(67): spark\middlewares\CsrfGuard\CsrfGuard->call()
#16 /home/latihtal/public_html/agregator1/src/framework/Slim.php(1308): Slim\Middleware\PrettyExceptions->call()
#17 /home/latihtal/public_html/agregator1/index.php(6): Slim\Slim->run()
#18 {main} [] []
[2026-03-09 22:50:14] SlimMonoLogger.INFO: Cron ran at: 09-03-2026 10:50:14 PM [] []
[2026-03-09 22:51:17] SlimMonoLogger.INFO: Cron ran at: 09-03-2026 10:51:17 PM [] []
[2026-03-09 22:56:29] SlimMonoLogger.INFO: Cron ran at: 09-03-2026 10:56:29 PM [] []
[2026-03-09 23:01:35] SlimMonoLogger.INFO: Cron ran at: 09-03-2026 11:01:35 PM [] []
[2026-03-09 23:06:25] SlimMonoLogger.INFO: Cron ran at: 09-03-2026 11:06:25 PM [] []
[2026-03-09 23:11:26] SlimMonoLogger.INFO: Cron ran at: 09-03-2026 11:11:26 PM [] []
[2026-03-09 23:16:27] SlimMonoLogger.INFO: Cron ran at: 09-03-2026 11:16:27 PM [] []
[2026-03-09 23:21:27] SlimMonoLogger.INFO: Cron ran at: 09-03-2026 11:21:27 PM [] []
[2026-03-09 23:26:23] SlimMonoLogger.INFO: Cron ran at: 09-03-2026 11:26:23 PM [] []
[2026-03-09 23:31:28] SlimMonoLogger.INFO: Cron ran at: 09-03-2026 11:31:28 PM [] []
[2026-03-09 23:36:19] SlimMonoLogger.INFO: Cron ran at: 09-03-2026 11:36:19 PM [] []
[2026-03-09 23:41:34] SlimMonoLogger.INFO: Cron ran at: 09-03-2026 11:41:34 PM [] []
[2026-03-09 23:46:30] SlimMonoLogger.INFO: Cron ran at: 09-03-2026 11:46:30 PM [] []
[2026-03-09 23:51:40] SlimMonoLogger.INFO: Cron ran at: 09-03-2026 11:51:40 PM [] []
[2026-03-09 23:56:36] SlimMonoLogger.INFO: Cron ran at: 09-03-2026 11:56:36 PM [] []
[2026-03-10 00:01:44] SlimMonoLogger.INFO: Cron ran at: 10-03-2026 12:01:44 AM [] []
[2026-03-10 00:06:31] SlimMonoLogger.INFO: Cron ran at: 10-03-2026 12:06:31 AM [] []
[2026-03-10 00:11:28] SlimMonoLogger.INFO: Cron ran at: 10-03-2026 12:11:28 AM [] []
[2026-03-10 00:16:35] SlimMonoLogger.INFO: Cron ran at: 10-03-2026 12:16:35 AM [] []
[2026-03-10 00:21:27] SlimMonoLogger.INFO: Cron ran at: 10-03-2026 12:21:27 AM [] []
[2026-03-10 00:26:31] SlimMonoLogger.INFO: Cron ran at: 10-03-2026 12:26:31 AM [] []
[2026-03-10 00:31:28] SlimMonoLogger.INFO: Cron ran at: 10-03-2026 12:31:28 AM [] []
[2026-03-10 00:36:35] SlimMonoLogger.INFO: Cron ran at: 10-03-2026 12:36:35 AM [] []
[2026-03-10 00:41:36] SlimMonoLogger.INFO: Cron ran at: 10-03-2026 12:41:36 AM [] []
[2026-03-10 00:46:29] SlimMonoLogger.INFO: Cron ran at: 10-03-2026 12:46:29 AM [] []
[2026-03-10 00:51:37] SlimMonoLogger.INFO: Cron ran at: 10-03-2026 12:51:37 AM [] []
[2026-03-10 00:56:33] SlimMonoLogger.INFO: Cron ran at: 10-03-2026 12:56:33 AM [] []
