[2025-08-09 02:00:32] SlimMonoLogger.INFO: Cron ran at: 09-08-2025 02:00:32 AM [] []
[2025-08-09 02:05:29] SlimMonoLogger.INFO: Cron ran at: 09-08-2025 02:05:29 AM [] []
[2025-08-09 02:10:27] SlimMonoLogger.INFO: Cron ran at: 09-08-2025 02:10:27 AM [] []
[2025-08-09 02:15:28] SlimMonoLogger.INFO: Cron ran at: 09-08-2025 02:15:28 AM [] []
[2025-08-09 02:20:31] SlimMonoLogger.INFO: Cron ran at: 09-08-2025 02:20:31 AM [] []
[2025-08-09 02:25:25] SlimMonoLogger.INFO: Cron ran at: 09-08-2025 02:25:25 AM [] []
[2025-08-09 02:30:28] SlimMonoLogger.INFO: Cron ran at: 09-08-2025 02:30:28 AM [] []
[2025-08-09 02:35:25] SlimMonoLogger.INFO: Cron ran at: 09-08-2025 02:35:25 AM [] []
[2025-08-09 02:40:28] SlimMonoLogger.INFO: Cron ran at: 09-08-2025 02:40:28 AM [] []
[2025-08-09 02:45:27] SlimMonoLogger.INFO: Cron ran at: 09-08-2025 02:45:27 AM [] []
[2025-08-09 02:50:28] SlimMonoLogger.INFO: Cron ran at: 09-08-2025 02:50:28 AM [] []
[2025-08-09 02:55:24] SlimMonoLogger.INFO: Cron ran at: 09-08-2025 02:55:24 AM [] []
[2025-08-09 03:00:29] SlimMonoLogger.INFO: Cron ran at: 09-08-2025 03:00:29 AM [] []
[2025-08-09 03:05:26] SlimMonoLogger.INFO: Cron ran at: 09-08-2025 03:05:26 AM [] []
[2025-08-09 03:10:26] SlimMonoLogger.INFO: Cron ran at: 09-08-2025 03:10:26 AM [] []
[2025-08-09 03:15:24] SlimMonoLogger.INFO: Cron ran at: 09-08-2025 03:15:24 AM [] []
[2025-08-09 03:20:28] SlimMonoLogger.INFO: Cron ran at: 09-08-2025 03:20:28 AM [] []
[2025-08-09 03:25:26] SlimMonoLogger.INFO: Cron ran at: 09-08-2025 03:25:26 AM [] []
[2025-08-09 03:30:26] SlimMonoLogger.INFO: Cron ran at: 09-08-2025 03:30:26 AM [] []
[2025-08-09 03:35:26] SlimMonoLogger.INFO: Cron ran at: 09-08-2025 03:35:26 AM [] []
[2025-08-09 03:40:27] SlimMonoLogger.INFO: Cron ran at: 09-08-2025 03:40:27 AM [] []
[2025-08-09 03:45:22] SlimMonoLogger.INFO: Cron ran at: 09-08-2025 03:45:22 AM [] []
[2025-08-09 03:50:27] SlimMonoLogger.INFO: Cron ran at: 09-08-2025 03:50:27 AM [] []
[2025-08-09 03:55:26] SlimMonoLogger.INFO: Cron ran at: 09-08-2025 03:55:26 AM [] []
[2025-08-09 04:00:27] SlimMonoLogger.INFO: Cron ran at: 09-08-2025 04:00:27 AM [] []
[2025-08-09 04:05:27] SlimMonoLogger.INFO: Cron ran at: 09-08-2025 04:05:27 AM [] []
[2025-08-09 04:10:29] SlimMonoLogger.INFO: Cron ran at: 09-08-2025 04:10:29 AM [] []
[2025-08-09 04:15:27] SlimMonoLogger.INFO: Cron ran at: 09-08-2025 04:15:27 AM [] []
[2025-08-09 04:20:25] SlimMonoLogger.INFO: Cron ran at: 09-08-2025 04:20:25 AM [] []
[2025-08-09 04:25:25] SlimMonoLogger.INFO: Cron ran at: 09-08-2025 04:25:25 AM [] []
[2025-08-09 04:30:26] SlimMonoLogger.INFO: Cron ran at: 09-08-2025 04:30:26 AM [] []
[2025-08-09 04:35:24] SlimMonoLogger.INFO: Cron ran at: 09-08-2025 04:35:24 AM [] []
[2025-08-09 04:40:22] SlimMonoLogger.INFO: Cron ran at: 09-08-2025 04:40:22 AM [] []
[2025-08-09 04:45:24] SlimMonoLogger.INFO: Cron ran at: 09-08-2025 04:45:24 AM [] []
[2025-08-09 04:50:24] SlimMonoLogger.INFO: Cron ran at: 09-08-2025 04:50:24 AM [] []
[2025-08-09 04:55:25] SlimMonoLogger.INFO: Cron ran at: 09-08-2025 04:55:25 AM [] []
[2025-08-09 05:00:26] SlimMonoLogger.INFO: Cron ran at: 09-08-2025 05:00:26 AM [] []
[2025-08-09 05:05:25] SlimMonoLogger.INFO: Cron ran at: 09-08-2025 05:05:25 AM [] []
[2025-08-09 05:10:25] SlimMonoLogger.INFO: Cron ran at: 09-08-2025 05:10:25 AM [] []
[2025-08-09 05:15:24] SlimMonoLogger.INFO: Cron ran at: 09-08-2025 05:15:24 AM [] []
[2025-08-09 05:20:23] SlimMonoLogger.INFO: Cron ran at: 09-08-2025 05:20:23 AM [] []
[2025-08-09 05:25:26] SlimMonoLogger.INFO: Cron ran at: 09-08-2025 05:25:26 AM [] []
[2025-08-09 05:30:26] SlimMonoLogger.INFO: Cron ran at: 09-08-2025 05:30:26 AM [] []
[2025-08-09 05:35:26] SlimMonoLogger.INFO: Cron ran at: 09-08-2025 05:35:26 AM [] []
[2025-08-09 05:40:25] SlimMonoLogger.INFO: Cron ran at: 09-08-2025 05:40:25 AM [] []
[2025-08-09 05:45:24] SlimMonoLogger.INFO: Cron ran at: 09-08-2025 05:45:24 AM [] []
[2025-08-09 05:50:25] SlimMonoLogger.INFO: Cron ran at: 09-08-2025 05:50:25 AM [] []
[2025-08-09 05:55:25] SlimMonoLogger.INFO: Cron ran at: 09-08-2025 05:55:25 AM [] []
[2025-08-09 06:00:29] SlimMonoLogger.INFO: Cron ran at: 09-08-2025 06:00:29 AM [] []
[2025-08-09 06:05:23] SlimMonoLogger.INFO: Cron ran at: 09-08-2025 06:05:23 AM [] []
[2025-08-09 06:10:28] SlimMonoLogger.INFO: Cron ran at: 09-08-2025 06:10:28 AM [] []
[2025-08-09 06:15:29] SlimMonoLogger.INFO: Cron ran at: 09-08-2025 06:15:29 AM [] []
[2025-08-09 06:20:28] SlimMonoLogger.INFO: Cron ran at: 09-08-2025 06:20:28 AM [] []
[2025-08-09 06:25:25] SlimMonoLogger.INFO: Cron ran at: 09-08-2025 06:25:25 AM [] []
[2025-08-09 06:30:26] SlimMonoLogger.INFO: Cron ran at: 09-08-2025 06:30:26 AM [] []
[2025-08-09 06:35:26] SlimMonoLogger.INFO: Cron ran at: 09-08-2025 06:35:26 AM [] []
[2025-08-09 06:40:24] SlimMonoLogger.INFO: Cron ran at: 09-08-2025 06:40:24 AM [] []
[2025-08-09 06:45:27] SlimMonoLogger.INFO: Cron ran at: 09-08-2025 06:45:27 AM [] []
[2025-08-09 06:50:26] SlimMonoLogger.INFO: Cron ran at: 09-08-2025 06:50:26 AM [] []
[2025-08-09 06:55:24] SlimMonoLogger.INFO: Cron ran at: 09-08-2025 06:55:24 AM [] []
[2025-08-09 07:00:33] SlimMonoLogger.INFO: Cron ran at: 09-08-2025 07:00:33 AM [] []
[2025-08-09 07:05:25] SlimMonoLogger.INFO: Cron ran at: 09-08-2025 07:05:25 AM [] []
[2025-08-09 07:10:24] SlimMonoLogger.INFO: Cron ran at: 09-08-2025 07:10:24 AM [] []
[2025-08-09 07:15:25] SlimMonoLogger.INFO: Cron ran at: 09-08-2025 07:15:25 AM [] []
[2025-08-09 07:20:28] SlimMonoLogger.INFO: Cron ran at: 09-08-2025 07:20:28 AM [] []
[2025-08-09 07:25:27] SlimMonoLogger.INFO: Cron ran at: 09-08-2025 07:25:27 AM [] []
[2025-08-09 07:30:27] SlimMonoLogger.INFO: Cron ran at: 09-08-2025 07:30:27 AM [] []
[2025-08-09 07:35:25] SlimMonoLogger.INFO: Cron ran at: 09-08-2025 07:35:25 AM [] []
[2025-08-09 07:40:26] SlimMonoLogger.INFO: Cron ran at: 09-08-2025 07:40:26 AM [] []
[2025-08-09 07:45:27] SlimMonoLogger.INFO: Cron ran at: 09-08-2025 07:45:27 AM [] []
[2025-08-09 07:50:24] SlimMonoLogger.INFO: Cron ran at: 09-08-2025 07:50:24 AM [] []
[2025-08-09 07:55:27] SlimMonoLogger.INFO: Cron ran at: 09-08-2025 07:55:27 AM [] []
[2025-08-09 08:00:29] SlimMonoLogger.INFO: Cron ran at: 09-08-2025 08:00:29 AM [] []
[2025-08-09 08:05:26] SlimMonoLogger.INFO: Cron ran at: 09-08-2025 08:05:26 AM [] []
[2025-08-09 08:10:26] SlimMonoLogger.INFO: Cron ran at: 09-08-2025 08:10:26 AM [] []
[2025-08-09 08:15:25] SlimMonoLogger.INFO: Cron ran at: 09-08-2025 08:15:25 AM [] []
[2025-08-09 08:20:25] SlimMonoLogger.INFO: Cron ran at: 09-08-2025 08:20:25 AM [] []
[2025-08-09 08:25:32] SlimMonoLogger.INFO: Cron ran at: 09-08-2025 08:25:32 AM [] []
[2025-08-09 08:30:29] SlimMonoLogger.INFO: Cron ran at: 09-08-2025 08:30:29 AM [] []
[2025-08-09 08:35:29] SlimMonoLogger.INFO: Cron ran at: 09-08-2025 08:35:29 AM [] []
[2025-08-09 08:40:27] SlimMonoLogger.INFO: Cron ran at: 09-08-2025 08:40:27 AM [] []
[2025-08-09 08:45:29] SlimMonoLogger.INFO: Cron ran at: 09-08-2025 08:45:29 AM [] []
[2025-08-09 08:50:31] SlimMonoLogger.INFO: Cron ran at: 09-08-2025 08:50:31 AM [] []
[2025-08-09 08:55:35] SlimMonoLogger.INFO: Cron ran at: 09-08-2025 08:55:35 AM [] []
[2025-08-09 09:00:41] SlimMonoLogger.INFO: Cron ran at: 09-08-2025 09:00:41 AM [] []
[2025-08-09 09:05:30] SlimMonoLogger.INFO: Cron ran at: 09-08-2025 09:05:30 AM [] []
[2025-08-09 09:10:37] SlimMonoLogger.INFO: Cron ran at: 09-08-2025 09:10:37 AM [] []
[2025-08-09 09:15:38] SlimMonoLogger.INFO: Cron ran at: 09-08-2025 09:15:38 AM [] []
[2025-08-09 09:20:36] SlimMonoLogger.INFO: Cron ran at: 09-08-2025 09:20:36 AM [] []
[2025-08-09 09:25:33] SlimMonoLogger.INFO: Cron ran at: 09-08-2025 09:25:33 AM [] []
[2025-08-09 09:30:39] SlimMonoLogger.INFO: Cron ran at: 09-08-2025 09:30:39 AM [] []
[2025-08-09 09:35:28] SlimMonoLogger.INFO: Cron ran at: 09-08-2025 09:35:28 AM [] []
[2025-08-09 09:40:31] SlimMonoLogger.INFO: Cron ran at: 09-08-2025 09:40:31 AM [] []
[2025-08-09 09:45:32] SlimMonoLogger.INFO: Cron ran at: 09-08-2025 09:45:32 AM [] []
[2025-08-09 09:50:30] SlimMonoLogger.INFO: Cron ran at: 09-08-2025 09:50:30 AM [] []
[2025-08-09 09:55:35] SlimMonoLogger.INFO: Cron ran at: 09-08-2025 09:55:35 AM [] []
[2025-08-09 10:00:37] SlimMonoLogger.INFO: Cron ran at: 09-08-2025 10:00:37 AM [] []
[2025-08-09 10:05:27] SlimMonoLogger.INFO: Cron ran at: 09-08-2025 10:05:27 AM [] []
[2025-08-09 10:10:29] SlimMonoLogger.INFO: Cron ran at: 09-08-2025 10:10:29 AM [] []
[2025-08-09 10:15:29] SlimMonoLogger.INFO: Cron ran at: 09-08-2025 10:15:29 AM [] []
[2025-08-09 10:20:30] SlimMonoLogger.INFO: Cron ran at: 09-08-2025 10:20:30 AM [] []
[2025-08-09 10:25:28] SlimMonoLogger.INFO: Cron ran at: 09-08-2025 10:25:28 AM [] []
[2025-08-09 10:30:34] SlimMonoLogger.INFO: Cron ran at: 09-08-2025 10:30:34 AM [] []
[2025-08-09 10:35:32] SlimMonoLogger.INFO: Cron ran at: 09-08-2025 10:35:32 AM [] []
[2025-08-09 10:40:30] SlimMonoLogger.INFO: Cron ran at: 09-08-2025 10:40:30 AM [] []
[2025-08-09 10:45:31] SlimMonoLogger.INFO: Cron ran at: 09-08-2025 10:45:31 AM [] []
[2025-08-09 10:50:29] SlimMonoLogger.INFO: Cron ran at: 09-08-2025 10:50:29 AM [] []
[2025-08-09 10:55:29] SlimMonoLogger.INFO: Cron ran at: 09-08-2025 10:55:29 AM [] []
[2025-08-09 11:00:28] SlimMonoLogger.INFO: Cron ran at: 09-08-2025 11:00:28 AM [] []
[2025-08-09 11:05:27] SlimMonoLogger.INFO: Cron ran at: 09-08-2025 11:05:27 AM [] []
[2025-08-09 11:10:25] SlimMonoLogger.INFO: Cron ran at: 09-08-2025 11:10:25 AM [] []
[2025-08-09 11:15:28] SlimMonoLogger.INFO: Cron ran at: 09-08-2025 11:15:28 AM [] []
[2025-08-09 11:20:32] SlimMonoLogger.INFO: Cron ran at: 09-08-2025 11:20:32 AM [] []
[2025-08-09 11:25:34] SlimMonoLogger.INFO: Cron ran at: 09-08-2025 11:25:34 AM [] []
[2025-08-09 11:30:31] SlimMonoLogger.INFO: Cron ran at: 09-08-2025 11:30:31 AM [] []
[2025-08-09 11:35:32] SlimMonoLogger.INFO: Cron ran at: 09-08-2025 11:35:32 AM [] []
[2025-08-09 11:40:31] SlimMonoLogger.INFO: Cron ran at: 09-08-2025 11:40:31 AM [] []
[2025-08-09 11:45:31] SlimMonoLogger.INFO: Cron ran at: 09-08-2025 11:45:31 AM [] []
[2025-08-09 11:50:42] SlimMonoLogger.INFO: Cron ran at: 09-08-2025 11:50:42 AM [] []
[2025-08-09 11:55:27] SlimMonoLogger.INFO: Cron ran at: 09-08-2025 11:55:27 AM [] []
[2025-08-09 12:00:35] SlimMonoLogger.INFO: Cron ran at: 09-08-2025 12:00:35 PM [] []
[2025-08-09 12:05:29] SlimMonoLogger.INFO: Cron ran at: 09-08-2025 12:05:29 PM [] []
[2025-08-09 12:10:30] SlimMonoLogger.INFO: Cron ran at: 09-08-2025 12:10:30 PM [] []
[2025-08-09 12:15:30] SlimMonoLogger.INFO: Cron ran at: 09-08-2025 12:15:30 PM [] []
[2025-08-09 12:20:31] SlimMonoLogger.INFO: Cron ran at: 09-08-2025 12:20:31 PM [] []
[2025-08-09 12:25:29] SlimMonoLogger.INFO: Cron ran at: 09-08-2025 12:25:29 PM [] []
[2025-08-09 12:30:37] SlimMonoLogger.INFO: Cron ran at: 09-08-2025 12:30:37 PM [] []
[2025-08-09 12:35:29] SlimMonoLogger.INFO: Cron ran at: 09-08-2025 12:35:29 PM [] []
[2025-08-09 12:40:34] SlimMonoLogger.INFO: Cron ran at: 09-08-2025 12:40:34 PM [] []
[2025-08-09 12:45:30] SlimMonoLogger.INFO: Cron ran at: 09-08-2025 12:45:30 PM [] []
[2025-08-09 12:50:27] SlimMonoLogger.INFO: Cron ran at: 09-08-2025 12:50:27 PM [] []
[2025-08-09 12:55:31] SlimMonoLogger.INFO: Cron ran at: 09-08-2025 12:55:31 PM [] []
[2025-08-09 13:00:31] SlimMonoLogger.INFO: Cron ran at: 09-08-2025 01:00:31 PM [] []
[2025-08-09 13:05:27] SlimMonoLogger.INFO: Cron ran at: 09-08-2025 01:05:27 PM [] []
[2025-08-09 13:10:27] SlimMonoLogger.INFO: Cron ran at: 09-08-2025 01:10:27 PM [] []
[2025-08-09 13:15:34] SlimMonoLogger.INFO: Cron ran at: 09-08-2025 01:15:34 PM [] []
[2025-08-09 13:20:38] SlimMonoLogger.INFO: Cron ran at: 09-08-2025 01:20:38 PM [] []
[2025-08-09 13:25:38] SlimMonoLogger.INFO: Cron ran at: 09-08-2025 01:25:38 PM [] []
[2025-08-09 13:30:40] SlimMonoLogger.INFO: Cron ran at: 09-08-2025 01:30:40 PM [] []
[2025-08-09 13:35:40] SlimMonoLogger.INFO: Cron ran at: 09-08-2025 01:35:40 PM [] []
[2025-08-09 11:40:10] SlimMonoLogger.CRITICAL: PDOException: SQLSTATE[HY000] [1040] Too many connections in /home/latihtal/public_html/agregator1/src/framework/PDO/Database.php:34
Stack trace:
#0 /home/latihtal/public_html/agregator1/src/framework/PDO/Database.php(34): PDO->__construct()
#1 /home/latihtal/public_html/agregator1/src/dependencies.php(73): Slim\PDO\Database->__construct()
#2 /home/latihtal/public_html/agregator1/src/framework/Helper/Set.php(231): {closure}()
#3 /home/latihtal/public_html/agregator1/src/framework/Helper/Set.php(88): Slim\Helper\Set->Slim\Helper\{closure}()
#4 /home/latihtal/public_html/agregator1/src/framework/Slim.php(232): Slim\Helper\Set->get()
#5 /home/latihtal/public_html/agregator1/src/models/Model.php(176): Slim\Slim->__get()
#6 /home/latihtal/public_html/agregator1/src/models/OptionModel.php(180): spark\models\Model->select()
#7 /home/latihtal/public_html/agregator1/src/models/OptionModel.php(40): spark\models\OptionModel->autoloadOptions()
#8 /home/latihtal/public_html/agregator1/src/dependencies.php(99): spark\models\OptionModel->__construct()
#9 /home/latihtal/public_html/agregator1/src/framework/Helper/Set.php(231): {closure}()
#10 /home/latihtal/public_html/agregator1/src/framework/Helper/Set.php(88): Slim\Helper\Set->Slim\Helper\{closure}()
#11 /home/latihtal/public_html/agregator1/src/framework/Slim.php(232): Slim\Helper\Set->get()
#12 /home/latihtal/public_html/agregator1/src/drivers/Views/ThemeManager.php(34): Slim\Slim->__get()
#13 /home/latihtal/public_html/agregator1/src/dependencies.php(142): spark\drivers\Views\ThemeManager->initEngine()
#14 /home/latihtal/public_html/agregator1/src/bootstrap.php(68): require('/home/latihtal/...')
#15 /home/latihtal/public_html/agregator1/index.php(4): require('/home/latihtal/...')
#16 {main} [] []
[2025-08-09 13:45:31] SlimMonoLogger.INFO: Cron ran at: 09-08-2025 01:45:31 PM [] []
[2025-08-09 13:50:26] SlimMonoLogger.INFO: Cron ran at: 09-08-2025 01:50:26 PM [] []
[2025-08-09 13:55:30] SlimMonoLogger.INFO: Cron ran at: 09-08-2025 01:55:30 PM [] []
[2025-08-09 14:00:32] SlimMonoLogger.INFO: Cron ran at: 09-08-2025 02:00:32 PM [] []
[2025-08-09 14:05:30] SlimMonoLogger.INFO: Cron ran at: 09-08-2025 02:05:30 PM [] []
[2025-08-09 14:10:31] SlimMonoLogger.INFO: Cron ran at: 09-08-2025 02:10:31 PM [] []
[2025-08-09 14:15:30] SlimMonoLogger.INFO: Cron ran at: 09-08-2025 02:15:30 PM [] []
[2025-08-09 14:20:34] SlimMonoLogger.INFO: Cron ran at: 09-08-2025 02:20:34 PM [] []
[2025-08-09 14:25:34] SlimMonoLogger.INFO: Cron ran at: 09-08-2025 02:25:34 PM [] []
[2025-08-09 14:30:31] SlimMonoLogger.INFO: Cron ran at: 09-08-2025 02:30:31 PM [] []
[2025-08-09 14:35:32] SlimMonoLogger.INFO: Cron ran at: 09-08-2025 02:35:32 PM [] []
[2025-08-09 14:40:28] SlimMonoLogger.INFO: Cron ran at: 09-08-2025 02:40:28 PM [] []
[2025-08-09 14:45:28] SlimMonoLogger.INFO: Cron ran at: 09-08-2025 02:45:28 PM [] []
[2025-08-09 14:50:28] SlimMonoLogger.INFO: Cron ran at: 09-08-2025 02:50:28 PM [] []
[2025-08-09 14:55:32] SlimMonoLogger.INFO: Cron ran at: 09-08-2025 02:55:32 PM [] []
[2025-08-09 15:00:32] SlimMonoLogger.INFO: Cron ran at: 09-08-2025 03:00:32 PM [] []
[2025-08-09 15:05:27] SlimMonoLogger.INFO: Cron ran at: 09-08-2025 03:05:27 PM [] []
[2025-08-09 15:10:28] SlimMonoLogger.INFO: Cron ran at: 09-08-2025 03:10:28 PM [] []
[2025-08-09 15:15:28] SlimMonoLogger.INFO: Cron ran at: 09-08-2025 03:15:28 PM [] []
[2025-08-09 15:20:31] SlimMonoLogger.INFO: Cron ran at: 09-08-2025 03:20:31 PM [] []
[2025-08-09 15:25:29] SlimMonoLogger.INFO: Cron ran at: 09-08-2025 03:25:29 PM [] []
[2025-08-09 15:30:32] SlimMonoLogger.INFO: Cron ran at: 09-08-2025 03:30:32 PM [] []
[2025-08-09 15:35:27] SlimMonoLogger.INFO: Cron ran at: 09-08-2025 03:35:27 PM [] []
[2025-08-09 15:40:34] SlimMonoLogger.INFO: Cron ran at: 09-08-2025 03:40:34 PM [] []
[2025-08-09 15:45:29] SlimMonoLogger.INFO: Cron ran at: 09-08-2025 03:45:29 PM [] []
[2025-08-09 15:50:30] SlimMonoLogger.INFO: Cron ran at: 09-08-2025 03:50:30 PM [] []
[2025-08-09 15:55:31] SlimMonoLogger.INFO: Cron ran at: 09-08-2025 03:55:31 PM [] []
[2025-08-09 16:00:36] SlimMonoLogger.INFO: Cron ran at: 09-08-2025 04:00:36 PM [] []
[2025-08-09 16:05:38] SlimMonoLogger.INFO: Cron ran at: 09-08-2025 04:05:38 PM [] []
[2025-08-09 16:10:28] SlimMonoLogger.INFO: Cron ran at: 09-08-2025 04:10:28 PM [] []
[2025-08-09 16:15:34] SlimMonoLogger.INFO: Cron ran at: 09-08-2025 04:15:34 PM [] []
[2025-08-09 16:20:26] SlimMonoLogger.INFO: Cron ran at: 09-08-2025 04:20:26 PM [] []
[2025-08-09 16:25:31] SlimMonoLogger.INFO: Cron ran at: 09-08-2025 04:25:31 PM [] []
[2025-08-09 16:30:30] SlimMonoLogger.INFO: Cron ran at: 09-08-2025 04:30:30 PM [] []
[2025-08-09 16:35:27] SlimMonoLogger.INFO: Cron ran at: 09-08-2025 04:35:27 PM [] []
[2025-08-09 16:40:27] SlimMonoLogger.INFO: Cron ran at: 09-08-2025 04:40:27 PM [] []
[2025-08-09 16:45:30] SlimMonoLogger.INFO: Cron ran at: 09-08-2025 04:45:30 PM [] []
[2025-08-09 16:50:29] SlimMonoLogger.INFO: Cron ran at: 09-08-2025 04:50:29 PM [] []
[2025-08-09 16:55:30] SlimMonoLogger.INFO: Cron ran at: 09-08-2025 04:55:30 PM [] []
[2025-08-09 17:00:40] SlimMonoLogger.INFO: Cron ran at: 09-08-2025 05:00:40 PM [] []
[2025-08-09 17:05:24] SlimMonoLogger.INFO: Cron ran at: 09-08-2025 05:05:24 PM [] []
[2025-08-09 17:10:27] SlimMonoLogger.INFO: Cron ran at: 09-08-2025 05:10:27 PM [] []
[2025-08-09 17:15:26] SlimMonoLogger.INFO: Cron ran at: 09-08-2025 05:15:26 PM [] []
[2025-08-09 17:20:29] SlimMonoLogger.INFO: Cron ran at: 09-08-2025 05:20:29 PM [] []
[2025-08-09 17:25:33] SlimMonoLogger.INFO: Cron ran at: 09-08-2025 05:25:33 PM [] []
[2025-08-09 17:30:33] SlimMonoLogger.INFO: Cron ran at: 09-08-2025 05:30:33 PM [] []
[2025-08-09 17:35:32] SlimMonoLogger.INFO: Cron ran at: 09-08-2025 05:35:32 PM [] []
[2025-08-09 17:40:32] SlimMonoLogger.INFO: Cron ran at: 09-08-2025 05:40:32 PM [] []
[2025-08-09 17:45:29] SlimMonoLogger.INFO: Cron ran at: 09-08-2025 05:45:29 PM [] []
[2025-08-09 17:50:31] SlimMonoLogger.INFO: Cron ran at: 09-08-2025 05:50:31 PM [] []
[2025-08-09 17:55:29] SlimMonoLogger.INFO: Cron ran at: 09-08-2025 05:55:29 PM [] []
[2025-08-09 18:00:41] SlimMonoLogger.INFO: Cron ran at: 09-08-2025 06:00:41 PM [] []
[2025-08-09 18:05:34] SlimMonoLogger.INFO: Cron ran at: 09-08-2025 06:05:34 PM [] []
[2025-08-09 18:10:46] SlimMonoLogger.INFO: Cron ran at: 09-08-2025 06:10:46 PM [] []
[2025-08-09 18:15:36] SlimMonoLogger.INFO: Cron ran at: 09-08-2025 06:15:36 PM [] []
[2025-08-09 18:20:26] SlimMonoLogger.INFO: Cron ran at: 09-08-2025 06:20:26 PM [] []
[2025-08-09 18:25:34] SlimMonoLogger.INFO: Cron ran at: 09-08-2025 06:25:34 PM [] []
[2025-08-09 18:30:39] SlimMonoLogger.INFO: Cron ran at: 09-08-2025 06:30:39 PM [] []
[2025-08-09 18:35:32] SlimMonoLogger.INFO: Cron ran at: 09-08-2025 06:35:32 PM [] []
[2025-08-09 18:40:30] SlimMonoLogger.INFO: Cron ran at: 09-08-2025 06:40:30 PM [] []
[2025-08-09 18:45:27] SlimMonoLogger.INFO: Cron ran at: 09-08-2025 06:45:27 PM [] []
[2025-08-09 18:50:28] SlimMonoLogger.INFO: Cron ran at: 09-08-2025 06:50:28 PM [] []
[2025-08-09 18:55:48] SlimMonoLogger.INFO: Cron ran at: 09-08-2025 06:55:48 PM [] []
[2025-08-09 19:00:30] SlimMonoLogger.INFO: Cron ran at: 09-08-2025 07:00:30 PM [] []
[2025-08-09 19:05:33] SlimMonoLogger.INFO: Cron ran at: 09-08-2025 07:05:33 PM [] []
[2025-08-09 19:10:32] SlimMonoLogger.INFO: Cron ran at: 09-08-2025 07:10:32 PM [] []
[2025-08-09 19:15:37] SlimMonoLogger.INFO: Cron ran at: 09-08-2025 07:15:37 PM [] []
[2025-08-09 19:20:28] SlimMonoLogger.INFO: Cron ran at: 09-08-2025 07:20:28 PM [] []
[2025-08-09 19:25:31] SlimMonoLogger.INFO: Cron ran at: 09-08-2025 07:25:31 PM [] []
[2025-08-09 19:30:31] SlimMonoLogger.INFO: Cron ran at: 09-08-2025 07:30:31 PM [] []
[2025-08-09 19:35:42] SlimMonoLogger.INFO: Cron ran at: 09-08-2025 07:35:42 PM [] []
[2025-08-09 19:40:32] SlimMonoLogger.INFO: Cron ran at: 09-08-2025 07:40:32 PM [] []
[2025-08-09 19:45:29] SlimMonoLogger.INFO: Cron ran at: 09-08-2025 07:45:29 PM [] []
[2025-08-09 19:50:28] SlimMonoLogger.INFO: Cron ran at: 09-08-2025 07:50:28 PM [] []
[2025-08-09 19:55:30] SlimMonoLogger.INFO: Cron ran at: 09-08-2025 07:55:30 PM [] []
[2025-08-09 20:00:31] SlimMonoLogger.INFO: Cron ran at: 09-08-2025 08:00:31 PM [] []
[2025-08-09 20:05:28] SlimMonoLogger.INFO: Cron ran at: 09-08-2025 08:05:28 PM [] []
[2025-08-09 20:10:34] SlimMonoLogger.INFO: Cron ran at: 09-08-2025 08:10:34 PM [] []
[2025-08-09 20:15:30] SlimMonoLogger.INFO: Cron ran at: 09-08-2025 08:15:30 PM [] []
[2025-08-09 20:20:34] SlimMonoLogger.INFO: Cron ran at: 09-08-2025 08:20:34 PM [] []
[2025-08-09 20:25:32] SlimMonoLogger.INFO: Cron ran at: 09-08-2025 08:25:32 PM [] []
[2025-08-09 20:30:33] SlimMonoLogger.INFO: Cron ran at: 09-08-2025 08:30:33 PM [] []
[2025-08-09 20:35:29] SlimMonoLogger.INFO: Cron ran at: 09-08-2025 08:35:29 PM [] []
[2025-08-09 20:40:29] SlimMonoLogger.INFO: Cron ran at: 09-08-2025 08:40:29 PM [] []
[2025-08-09 20:45:31] SlimMonoLogger.INFO: Cron ran at: 09-08-2025 08:45:31 PM [] []
[2025-08-09 20:50:30] SlimMonoLogger.INFO: Cron ran at: 09-08-2025 08:50:30 PM [] []
[2025-08-09 20:55:30] SlimMonoLogger.INFO: Cron ran at: 09-08-2025 08:55:30 PM [] []
[2025-08-09 21:00:34] SlimMonoLogger.INFO: Cron ran at: 09-08-2025 09:00:34 PM [] []
[2025-08-09 21:05:27] SlimMonoLogger.INFO: Cron ran at: 09-08-2025 09:05:27 PM [] []
[2025-08-09 21:10:37] SlimMonoLogger.INFO: Cron ran at: 09-08-2025 09:10:37 PM [] []
[2025-08-09 21:15:29] SlimMonoLogger.INFO: Cron ran at: 09-08-2025 09:15:29 PM [] []
[2025-08-09 21:20:32] SlimMonoLogger.INFO: Cron ran at: 09-08-2025 09:20:32 PM [] []
[2025-08-09 21:25:33] SlimMonoLogger.INFO: Cron ran at: 09-08-2025 09:25:33 PM [] []
[2025-08-09 21:30:39] SlimMonoLogger.INFO: Cron ran at: 09-08-2025 09:30:39 PM [] []
[2025-08-09 21:35:27] SlimMonoLogger.INFO: Cron ran at: 09-08-2025 09:35:27 PM [] []
[2025-08-09 21:40:26] SlimMonoLogger.INFO: Cron ran at: 09-08-2025 09:40:26 PM [] []
[2025-08-09 21:45:29] SlimMonoLogger.INFO: Cron ran at: 09-08-2025 09:45:29 PM [] []
[2025-08-09 21:50:26] SlimMonoLogger.INFO: Cron ran at: 09-08-2025 09:50:26 PM [] []
[2025-08-09 21:55:31] SlimMonoLogger.INFO: Cron ran at: 09-08-2025 09:55:31 PM [] []
[2025-08-09 22:00:31] SlimMonoLogger.INFO: Cron ran at: 09-08-2025 10:00:31 PM [] []
[2025-08-09 22:05:42] SlimMonoLogger.INFO: Cron ran at: 09-08-2025 10:05:42 PM [] []
[2025-08-09 22:10:26] SlimMonoLogger.INFO: Cron ran at: 09-08-2025 10:10:26 PM [] []
[2025-08-09 22:15:31] SlimMonoLogger.INFO: Cron ran at: 09-08-2025 10:15:31 PM [] []
[2025-08-09 22:20:35] SlimMonoLogger.INFO: Cron ran at: 09-08-2025 10:20:35 PM [] []
[2025-08-09 22:25:29] SlimMonoLogger.INFO: Cron ran at: 09-08-2025 10:25:29 PM [] []
[2025-08-09 22:30:31] SlimMonoLogger.INFO: Cron ran at: 09-08-2025 10:30:31 PM [] []
[2025-08-09 22:35:31] SlimMonoLogger.INFO: Cron ran at: 09-08-2025 10:35:31 PM [] []
[2025-08-09 22:40:28] SlimMonoLogger.INFO: Cron ran at: 09-08-2025 10:40:28 PM [] []
[2025-08-09 22:45:30] SlimMonoLogger.INFO: Cron ran at: 09-08-2025 10:45:30 PM [] []
[2025-08-09 22:50:29] SlimMonoLogger.INFO: Cron ran at: 09-08-2025 10:50:29 PM [] []
[2025-08-09 22:55:26] SlimMonoLogger.INFO: Cron ran at: 09-08-2025 10:55:26 PM [] []
[2025-08-09 23:00:29] SlimMonoLogger.INFO: Cron ran at: 09-08-2025 11:00:29 PM [] []
[2025-08-09 23:05:32] SlimMonoLogger.INFO: Cron ran at: 09-08-2025 11:05:32 PM [] []
[2025-08-09 23:10:30] SlimMonoLogger.INFO: Cron ran at: 09-08-2025 11:10:30 PM [] []
[2025-08-09 23:15:32] SlimMonoLogger.INFO: Cron ran at: 09-08-2025 11:15:32 PM [] []
[2025-08-09 23:20:27] SlimMonoLogger.INFO: Cron ran at: 09-08-2025 11:20:27 PM [] []
[2025-08-09 23:25:27] SlimMonoLogger.INFO: Cron ran at: 09-08-2025 11:25:27 PM [] []
[2025-08-09 23:30:28] SlimMonoLogger.INFO: Cron ran at: 09-08-2025 11:30:28 PM [] []
[2025-08-09 23:35:29] SlimMonoLogger.INFO: Cron ran at: 09-08-2025 11:35:29 PM [] []
[2025-08-09 23:40:28] SlimMonoLogger.INFO: Cron ran at: 09-08-2025 11:40:28 PM [] []
[2025-08-09 23:45:27] SlimMonoLogger.INFO: Cron ran at: 09-08-2025 11:45:27 PM [] []
[2025-08-09 23:50:28] SlimMonoLogger.INFO: Cron ran at: 09-08-2025 11:50:28 PM [] []
[2025-08-09 23:55:33] SlimMonoLogger.INFO: Cron ran at: 09-08-2025 11:55:33 PM [] []
[2025-08-10 00:00:35] SlimMonoLogger.INFO: Cron ran at: 10-08-2025 12:00:35 AM [] []
[2025-08-10 00:05:29] SlimMonoLogger.INFO: Cron ran at: 10-08-2025 12:05:29 AM [] []
[2025-08-10 00:10:26] SlimMonoLogger.INFO: Cron ran at: 10-08-2025 12:10:26 AM [] []
[2025-08-10 00:15:26] SlimMonoLogger.INFO: Cron ran at: 10-08-2025 12:15:26 AM [] []
[2025-08-10 00:20:32] SlimMonoLogger.INFO: Cron ran at: 10-08-2025 12:20:32 AM [] []
[2025-08-10 00:25:28] SlimMonoLogger.INFO: Cron ran at: 10-08-2025 12:25:28 AM [] []
[2025-08-10 00:30:28] SlimMonoLogger.INFO: Cron ran at: 10-08-2025 12:30:28 AM [] []
[2025-08-10 00:35:27] SlimMonoLogger.INFO: Cron ran at: 10-08-2025 12:35:27 AM [] []
[2025-08-10 00:40:29] SlimMonoLogger.INFO: Cron ran at: 10-08-2025 12:40:29 AM [] []
[2025-08-10 00:45:31] SlimMonoLogger.INFO: Cron ran at: 10-08-2025 12:45:31 AM [] []
[2025-08-10 00:50:30] SlimMonoLogger.INFO: Cron ran at: 10-08-2025 12:50:30 AM [] []
[2025-08-10 00:55:29] SlimMonoLogger.INFO: Cron ran at: 10-08-2025 12:55:29 AM [] []
[2025-08-10 01:00:37] SlimMonoLogger.INFO: Cron ran at: 10-08-2025 01:00:37 AM [] []
[2025-08-10 01:05:29] SlimMonoLogger.INFO: Cron ran at: 10-08-2025 01:05:29 AM [] []
[2025-08-10 01:10:25] SlimMonoLogger.INFO: Cron ran at: 10-08-2025 01:10:25 AM [] []
[2025-08-10 01:15:30] SlimMonoLogger.INFO: Cron ran at: 10-08-2025 01:15:30 AM [] []
[2025-08-10 01:20:27] SlimMonoLogger.INFO: Cron ran at: 10-08-2025 01:20:27 AM [] []
[2025-08-10 01:25:31] SlimMonoLogger.INFO: Cron ran at: 10-08-2025 01:25:31 AM [] []
[2025-08-10 01:30:25] SlimMonoLogger.INFO: Cron ran at: 10-08-2025 01:30:25 AM [] []
[2025-08-10 01:35:27] SlimMonoLogger.INFO: Cron ran at: 10-08-2025 01:35:27 AM [] []
[2025-08-10 01:40:26] SlimMonoLogger.INFO: Cron ran at: 10-08-2025 01:40:26 AM [] []
[2025-08-10 01:45:28] SlimMonoLogger.INFO: Cron ran at: 10-08-2025 01:45:28 AM [] []
[2025-08-10 01:50:26] SlimMonoLogger.INFO: Cron ran at: 10-08-2025 01:50:26 AM [] []
[2025-08-10 01:55:25] SlimMonoLogger.INFO: Cron ran at: 10-08-2025 01:55:25 AM [] []
