[2025-04-09 02:00:38] SlimMonoLogger.INFO: Cron ran at: 09-04-2025 02:00:38 AM [] []
[2025-04-09 02:05:31] SlimMonoLogger.INFO: Cron ran at: 09-04-2025 02:05:31 AM [] []
[2025-04-09 02:10:32] SlimMonoLogger.INFO: Cron ran at: 09-04-2025 02:10:32 AM [] []
[2025-04-09 02:15:28] SlimMonoLogger.INFO: Cron ran at: 09-04-2025 02:15:28 AM [] []
[2025-04-09 02:20:29] SlimMonoLogger.INFO: Cron ran at: 09-04-2025 02:20:29 AM [] []
[2025-04-09 02:25:29] SlimMonoLogger.INFO: Cron ran at: 09-04-2025 02:25:29 AM [] []
[2025-04-09 02:30:35] SlimMonoLogger.INFO: Cron ran at: 09-04-2025 02:30:35 AM [] []
[2025-04-09 02:35:26] SlimMonoLogger.INFO: Cron ran at: 09-04-2025 02:35:26 AM [] []
[2025-04-09 02:40:28] SlimMonoLogger.INFO: Cron ran at: 09-04-2025 02:40:28 AM [] []
[2025-04-09 02:45:27] SlimMonoLogger.INFO: Cron ran at: 09-04-2025 02:45:27 AM [] []
[2025-04-09 02:50:27] SlimMonoLogger.INFO: Cron ran at: 09-04-2025 02:50:27 AM [] []
[2025-04-09 02:55:27] SlimMonoLogger.INFO: Cron ran at: 09-04-2025 02:55:27 AM [] []
[2025-04-09 03:00:33] SlimMonoLogger.INFO: Cron ran at: 09-04-2025 03:00:33 AM [] []
[2025-04-09 03:05:25] SlimMonoLogger.INFO: Cron ran at: 09-04-2025 03:05:25 AM [] []
[2025-04-09 03:10:31] SlimMonoLogger.INFO: Cron ran at: 09-04-2025 03:10:31 AM [] []
[2025-04-09 03:15:34] SlimMonoLogger.INFO: Cron ran at: 09-04-2025 03:15:34 AM [] []
[2025-04-09 03:20:39] SlimMonoLogger.INFO: Cron ran at: 09-04-2025 03:20:39 AM [] []
[2025-04-09 03:25:34] SlimMonoLogger.INFO: Cron ran at: 09-04-2025 03:25:34 AM [] []
[2025-04-09 03:30:51] SlimMonoLogger.INFO: Cron ran at: 09-04-2025 03:30:51 AM [] []
[2025-04-09 03:35:32] SlimMonoLogger.INFO: Cron ran at: 09-04-2025 03:35:32 AM [] []
[2025-04-09 03:40:31] SlimMonoLogger.INFO: Cron ran at: 09-04-2025 03:40:31 AM [] []
[2025-04-09 03:45:31] SlimMonoLogger.INFO: Cron ran at: 09-04-2025 03:45:31 AM [] []
[2025-04-09 03:50:28] SlimMonoLogger.INFO: Cron ran at: 09-04-2025 03:50:28 AM [] []
[2025-04-09 03:55:31] SlimMonoLogger.INFO: Cron ran at: 09-04-2025 03:55:31 AM [] []
[2025-04-09 04:00:43] SlimMonoLogger.INFO: Cron ran at: 09-04-2025 04:00:43 AM [] []
[2025-04-09 04:06:02] SlimMonoLogger.INFO: Cron ran at: 09-04-2025 04:06:02 AM [] []
[2025-04-09 04:10:40] SlimMonoLogger.INFO: Cron ran at: 09-04-2025 04:10:40 AM [] []
[2025-04-09 04:15:46] SlimMonoLogger.INFO: Cron ran at: 09-04-2025 04:15:46 AM [] []
[2025-04-09 04:20:45] SlimMonoLogger.INFO: Cron ran at: 09-04-2025 04:20:45 AM [] []
[2025-04-09 04:25:43] SlimMonoLogger.INFO: Cron ran at: 09-04-2025 04:25:43 AM [] []
[2025-04-09 04:30:49] SlimMonoLogger.INFO: Cron ran at: 09-04-2025 04:30:49 AM [] []
[2025-04-09 04:35:44] SlimMonoLogger.INFO: Cron ran at: 09-04-2025 04:35:44 AM [] []
[2025-04-09 04:40:38] SlimMonoLogger.INFO: Cron ran at: 09-04-2025 04:40:38 AM [] []
[2025-04-09 04:45:34] SlimMonoLogger.INFO: Cron ran at: 09-04-2025 04:45:34 AM [] []
[2025-04-09 04:50:37] SlimMonoLogger.INFO: Cron ran at: 09-04-2025 04:50:37 AM [] []
[2025-04-09 04:55:40] SlimMonoLogger.INFO: Cron ran at: 09-04-2025 04:55:40 AM [] []
[2025-04-09 05:00:41] SlimMonoLogger.INFO: Cron ran at: 09-04-2025 05:00:41 AM [] []
[2025-04-09 05:05:46] SlimMonoLogger.INFO: Cron ran at: 09-04-2025 05:05:46 AM [] []
[2025-04-09 05:10:47] SlimMonoLogger.INFO: Cron ran at: 09-04-2025 05:10:47 AM [] []
[2025-04-09 05:15:42] SlimMonoLogger.INFO: Cron ran at: 09-04-2025 05:15:42 AM [] []
[2025-04-09 05:20:40] SlimMonoLogger.INFO: Cron ran at: 09-04-2025 05:20:40 AM [] []
[2025-04-09 05:25:43] SlimMonoLogger.INFO: Cron ran at: 09-04-2025 05:25:43 AM [] []
[2025-04-09 05:30:44] SlimMonoLogger.INFO: Cron ran at: 09-04-2025 05:30:44 AM [] []
[2025-04-09 05:35:58] SlimMonoLogger.INFO: Cron ran at: 09-04-2025 05:35:58 AM [] []
[2025-04-09 05:40:45] SlimMonoLogger.INFO: Cron ran at: 09-04-2025 05:40:45 AM [] []
[2025-04-09 05:45:50] SlimMonoLogger.INFO: Cron ran at: 09-04-2025 05:45:50 AM [] []
[2025-04-09 05:50:49] SlimMonoLogger.INFO: Cron ran at: 09-04-2025 05:50:49 AM [] []
[2025-04-09 05:55:46] SlimMonoLogger.INFO: Cron ran at: 09-04-2025 05:55:46 AM [] []
[2025-04-09 06:01:00] SlimMonoLogger.INFO: Cron ran at: 09-04-2025 06:01:00 AM [] []
[2025-04-09 06:05:50] SlimMonoLogger.INFO: Cron ran at: 09-04-2025 06:05:50 AM [] []
[2025-04-09 06:10:39] SlimMonoLogger.INFO: Cron ran at: 09-04-2025 06:10:39 AM [] []
[2025-04-09 06:15:35] SlimMonoLogger.INFO: Cron ran at: 09-04-2025 06:15:35 AM [] []
[2025-04-09 06:20:42] SlimMonoLogger.INFO: Cron ran at: 09-04-2025 06:20:42 AM [] []
[2025-04-09 06:25:37] SlimMonoLogger.INFO: Cron ran at: 09-04-2025 06:25:37 AM [] []
[2025-04-09 06:30:50] SlimMonoLogger.INFO: Cron ran at: 09-04-2025 06:30:50 AM [] []
[2025-04-09 06:35:54] SlimMonoLogger.INFO: Cron ran at: 09-04-2025 06:35:54 AM [] []
[2025-04-09 06:40:35] SlimMonoLogger.INFO: Cron ran at: 09-04-2025 06:40:35 AM [] []
[2025-04-09 06:45:59] SlimMonoLogger.INFO: Cron ran at: 09-04-2025 06:45:59 AM [] []
[2025-04-09 06:50:43] SlimMonoLogger.INFO: Cron ran at: 09-04-2025 06:50:43 AM [] []
[2025-04-09 06:55:41] SlimMonoLogger.INFO: Cron ran at: 09-04-2025 06:55:41 AM [] []
[2025-04-09 07:00:41] SlimMonoLogger.INFO: Cron ran at: 09-04-2025 07:00:41 AM [] []
[2025-04-09 07:06:08] SlimMonoLogger.INFO: Cron ran at: 09-04-2025 07:06:08 AM [] []
[2025-04-09 07:10:38] SlimMonoLogger.INFO: Cron ran at: 09-04-2025 07:10:38 AM [] []
[2025-04-09 07:15:33] SlimMonoLogger.INFO: Cron ran at: 09-04-2025 07:15:33 AM [] []
[2025-04-09 07:20:31] SlimMonoLogger.INFO: Cron ran at: 09-04-2025 07:20:31 AM [] []
[2025-04-09 07:25:36] SlimMonoLogger.INFO: Cron ran at: 09-04-2025 07:25:36 AM [] []
[2025-04-09 07:30:42] SlimMonoLogger.INFO: Cron ran at: 09-04-2025 07:30:42 AM [] []
[2025-04-09 07:35:27] SlimMonoLogger.INFO: Cron ran at: 09-04-2025 07:35:27 AM [] []
[2025-04-09 07:40:32] SlimMonoLogger.INFO: Cron ran at: 09-04-2025 07:40:32 AM [] []
[2025-04-09 07:45:38] SlimMonoLogger.INFO: Cron ran at: 09-04-2025 07:45:38 AM [] []
[2025-04-09 07:50:40] SlimMonoLogger.INFO: Cron ran at: 09-04-2025 07:50:40 AM [] []
[2025-04-09 07:55:43] SlimMonoLogger.INFO: Cron ran at: 09-04-2025 07:55:43 AM [] []
[2025-04-09 08:00:58] SlimMonoLogger.INFO: Cron ran at: 09-04-2025 08:00:58 AM [] []
[2025-04-09 08:05:39] SlimMonoLogger.INFO: Cron ran at: 09-04-2025 08:05:39 AM [] []
[2025-04-09 08:10:34] SlimMonoLogger.INFO: Cron ran at: 09-04-2025 08:10:34 AM [] []
[2025-04-09 08:15:31] SlimMonoLogger.INFO: Cron ran at: 09-04-2025 08:15:31 AM [] []
[2025-04-09 08:20:33] SlimMonoLogger.INFO: Cron ran at: 09-04-2025 08:20:33 AM [] []
[2025-04-09 08:25:32] SlimMonoLogger.INFO: Cron ran at: 09-04-2025 08:25:32 AM [] []
[2025-04-09 08:30:59] SlimMonoLogger.INFO: Cron ran at: 09-04-2025 08:30:59 AM [] []
[2025-04-09 08:35:44] SlimMonoLogger.INFO: Cron ran at: 09-04-2025 08:35:44 AM [] []
[2025-04-09 08:40:38] SlimMonoLogger.INFO: Cron ran at: 09-04-2025 08:40:38 AM [] []
[2025-04-09 08:45:33] SlimMonoLogger.INFO: Cron ran at: 09-04-2025 08:45:33 AM [] []
[2025-04-09 08:50:32] SlimMonoLogger.INFO: Cron ran at: 09-04-2025 08:50:32 AM [] []
[2025-04-09 08:55:34] SlimMonoLogger.INFO: Cron ran at: 09-04-2025 08:55:34 AM [] []
[2025-04-09 09:00:37] SlimMonoLogger.INFO: Cron ran at: 09-04-2025 09:00:37 AM [] []
[2025-04-09 09:05:33] SlimMonoLogger.INFO: Cron ran at: 09-04-2025 09:05:33 AM [] []
[2025-04-09 09:10:45] SlimMonoLogger.INFO: Cron ran at: 09-04-2025 09:10:45 AM [] []
[2025-04-09 09:15:32] SlimMonoLogger.INFO: Cron ran at: 09-04-2025 09:15:32 AM [] []
[2025-04-09 09:20:29] SlimMonoLogger.INFO: Cron ran at: 09-04-2025 09:20:29 AM [] []
[2025-04-09 09:25:34] SlimMonoLogger.INFO: Cron ran at: 09-04-2025 09:25:34 AM [] []
[2025-04-09 09:30:37] SlimMonoLogger.INFO: Cron ran at: 09-04-2025 09:30:37 AM [] []
[2025-04-09 09:35:32] SlimMonoLogger.INFO: Cron ran at: 09-04-2025 09:35:32 AM [] []
[2025-04-09 09:40:37] SlimMonoLogger.INFO: Cron ran at: 09-04-2025 09:40:37 AM [] []
[2025-04-09 09:45:31] SlimMonoLogger.INFO: Cron ran at: 09-04-2025 09:45:31 AM [] []
[2025-04-09 09:50:32] SlimMonoLogger.INFO: Cron ran at: 09-04-2025 09:50:32 AM [] []
[2025-04-09 09:55:29] SlimMonoLogger.INFO: Cron ran at: 09-04-2025 09:55:29 AM [] []
[2025-04-09 10:00:35] SlimMonoLogger.INFO: Cron ran at: 09-04-2025 10:00:35 AM [] []
[2025-04-09 10:05:28] SlimMonoLogger.INFO: Cron ran at: 09-04-2025 10:05:28 AM [] []
[2025-04-09 10:11:10] SlimMonoLogger.INFO: Cron ran at: 09-04-2025 10:11:10 AM [] []
[2025-04-09 10:15:36] SlimMonoLogger.INFO: Cron ran at: 09-04-2025 10:15:36 AM [] []
[2025-04-09 10:20:38] SlimMonoLogger.INFO: Cron ran at: 09-04-2025 10:20:38 AM [] []
[2025-04-09 10:25:48] SlimMonoLogger.INFO: Cron ran at: 09-04-2025 10:25:48 AM [] []
[2025-04-09 10:30:34] SlimMonoLogger.INFO: Cron ran at: 09-04-2025 10:30:34 AM [] []
[2025-04-09 10:35:37] SlimMonoLogger.INFO: Cron ran at: 09-04-2025 10:35:37 AM [] []
[2025-04-09 10:40:30] SlimMonoLogger.INFO: Cron ran at: 09-04-2025 10:40:30 AM [] []
[2025-04-09 10:45:33] SlimMonoLogger.INFO: Cron ran at: 09-04-2025 10:45:33 AM [] []
[2025-04-09 10:50:31] SlimMonoLogger.INFO: Cron ran at: 09-04-2025 10:50:31 AM [] []
[2025-04-09 10:55:28] SlimMonoLogger.INFO: Cron ran at: 09-04-2025 10:55:28 AM [] []
[2025-04-09 11:00:36] SlimMonoLogger.INFO: Cron ran at: 09-04-2025 11:00:36 AM [] []
[2025-04-09 11:05:30] SlimMonoLogger.INFO: Cron ran at: 09-04-2025 11:05:30 AM [] []
[2025-04-09 11:10:35] SlimMonoLogger.INFO: Cron ran at: 09-04-2025 11:10:35 AM [] []
[2025-04-09 11:15:31] SlimMonoLogger.INFO: Cron ran at: 09-04-2025 11:15:31 AM [] []
[2025-04-09 11:20:47] SlimMonoLogger.INFO: Cron ran at: 09-04-2025 11:20:47 AM [] []
[2025-04-09 11:25:34] SlimMonoLogger.INFO: Cron ran at: 09-04-2025 11:25:34 AM [] []
[2025-04-09 11:30:33] SlimMonoLogger.INFO: Cron ran at: 09-04-2025 11:30:33 AM [] []
[2025-04-09 11:36:02] SlimMonoLogger.INFO: Cron ran at: 09-04-2025 11:36:02 AM [] []
[2025-04-09 11:40:28] SlimMonoLogger.INFO: Cron ran at: 09-04-2025 11:40:28 AM [] []
[2025-04-09 11:45:47] SlimMonoLogger.INFO: Cron ran at: 09-04-2025 11:45:47 AM [] []
[2025-04-09 11:50:36] SlimMonoLogger.INFO: Cron ran at: 09-04-2025 11:50:36 AM [] []
[2025-04-09 11:55:31] SlimMonoLogger.INFO: Cron ran at: 09-04-2025 11:55:31 AM [] []
[2025-04-09 12:00:35] SlimMonoLogger.INFO: Cron ran at: 09-04-2025 12:00:35 PM [] []
[2025-04-09 12:06:09] SlimMonoLogger.INFO: Cron ran at: 09-04-2025 12:06:09 PM [] []
[2025-04-09 12:10:37] SlimMonoLogger.INFO: Cron ran at: 09-04-2025 12:10:37 PM [] []
[2025-04-09 12:15:42] SlimMonoLogger.INFO: Cron ran at: 09-04-2025 12:15:42 PM [] []
[2025-04-09 12:20:27] SlimMonoLogger.INFO: Cron ran at: 09-04-2025 12:20:27 PM [] []
[2025-04-09 12:25:32] SlimMonoLogger.INFO: Cron ran at: 09-04-2025 12:25:32 PM [] []
[2025-04-09 12:30:29] SlimMonoLogger.INFO: Cron ran at: 09-04-2025 12:30:29 PM [] []
[2025-04-09 12:35:33] SlimMonoLogger.INFO: Cron ran at: 09-04-2025 12:35:33 PM [] []
[2025-04-09 12:40:29] SlimMonoLogger.INFO: Cron ran at: 09-04-2025 12:40:29 PM [] []
[2025-04-09 12:45:40] SlimMonoLogger.INFO: Cron ran at: 09-04-2025 12:45:40 PM [] []
[2025-04-09 12:50:35] SlimMonoLogger.INFO: Cron ran at: 09-04-2025 12:50:35 PM [] []
[2025-04-09 12:56:06] SlimMonoLogger.INFO: Cron ran at: 09-04-2025 12:56:06 PM [] []
[2025-04-09 13:00:47] SlimMonoLogger.INFO: Cron ran at: 09-04-2025 01:00:47 PM [] []
[2025-04-09 13:05:51] SlimMonoLogger.INFO: Cron ran at: 09-04-2025 01:05:51 PM [] []
[2025-04-09 13:10:35] SlimMonoLogger.INFO: Cron ran at: 09-04-2025 01:10:35 PM [] []
[2025-04-09 13:15:27] SlimMonoLogger.INFO: Cron ran at: 09-04-2025 01:15:27 PM [] []
[2025-04-09 13:20:35] SlimMonoLogger.INFO: Cron ran at: 09-04-2025 01:20:35 PM [] []
[2025-04-09 13:25:27] SlimMonoLogger.INFO: Cron ran at: 09-04-2025 01:25:27 PM [] []
[2025-04-09 13:30:30] SlimMonoLogger.INFO: Cron ran at: 09-04-2025 01:30:30 PM [] []
[2025-04-09 13:35:27] SlimMonoLogger.INFO: Cron ran at: 09-04-2025 01:35:27 PM [] []
[2025-04-09 13:40:28] SlimMonoLogger.INFO: Cron ran at: 09-04-2025 01:40:28 PM [] []
[2025-04-09 13:45:31] SlimMonoLogger.INFO: Cron ran at: 09-04-2025 01:45:31 PM [] []
[2025-04-09 13:50:33] SlimMonoLogger.INFO: Cron ran at: 09-04-2025 01:50:33 PM [] []
[2025-04-09 13:55:33] SlimMonoLogger.INFO: Cron ran at: 09-04-2025 01:55:33 PM [] []
[2025-04-09 14:01:19] SlimMonoLogger.INFO: Cron ran at: 09-04-2025 02:01:19 PM [] []
[2025-04-09 14:05:29] SlimMonoLogger.INFO: Cron ran at: 09-04-2025 02:05:29 PM [] []
[2025-04-09 14:10:57] SlimMonoLogger.INFO: Cron ran at: 09-04-2025 02:10:57 PM [] []
[2025-04-09 14:16:04] SlimMonoLogger.INFO: Cron ran at: 09-04-2025 02:16:04 PM [] []
[2025-04-09 14:21:20] SlimMonoLogger.INFO: Cron ran at: 09-04-2025 02:21:20 PM [] []
[2025-04-09 14:25:43] SlimMonoLogger.INFO: Cron ran at: 09-04-2025 02:25:43 PM [] []
[2025-04-09 14:30:44] SlimMonoLogger.INFO: Cron ran at: 09-04-2025 02:30:44 PM [] []
[2025-04-09 14:35:47] SlimMonoLogger.INFO: Cron ran at: 09-04-2025 02:35:47 PM [] []
[2025-04-09 14:40:50] SlimMonoLogger.INFO: Cron ran at: 09-04-2025 02:40:50 PM [] []
[2025-04-09 14:45:44] SlimMonoLogger.INFO: Cron ran at: 09-04-2025 02:45:44 PM [] []
[2025-04-09 14:50:42] SlimMonoLogger.INFO: Cron ran at: 09-04-2025 02:50:42 PM [] []
[2025-04-09 14:55:30] SlimMonoLogger.INFO: Cron ran at: 09-04-2025 02:55:30 PM [] []
[2025-04-09 15:00:35] SlimMonoLogger.INFO: Cron ran at: 09-04-2025 03:00:35 PM [] []
[2025-04-09 15:05:47] SlimMonoLogger.INFO: Cron ran at: 09-04-2025 03:05:47 PM [] []
[2025-04-09 15:10:40] SlimMonoLogger.INFO: Cron ran at: 09-04-2025 03:10:40 PM [] []
[2025-04-09 15:16:14] SlimMonoLogger.INFO: Cron ran at: 09-04-2025 03:16:14 PM [] []
[2025-04-09 15:20:45] SlimMonoLogger.INFO: Cron ran at: 09-04-2025 03:20:45 PM [] []
[2025-04-09 15:26:03] SlimMonoLogger.INFO: Cron ran at: 09-04-2025 03:26:03 PM [] []
[2025-04-09 15:30:40] SlimMonoLogger.INFO: Cron ran at: 09-04-2025 03:30:40 PM [] []
[2025-04-09 15:35:38] SlimMonoLogger.INFO: Cron ran at: 09-04-2025 03:35:38 PM [] []
[2025-04-09 15:40:32] SlimMonoLogger.INFO: Cron ran at: 09-04-2025 03:40:32 PM [] []
[2025-04-09 15:45:32] SlimMonoLogger.INFO: Cron ran at: 09-04-2025 03:45:32 PM [] []
[2025-04-09 15:51:33] SlimMonoLogger.INFO: Cron ran at: 09-04-2025 03:51:33 PM [] []
[2025-04-09 15:55:31] SlimMonoLogger.INFO: Cron ran at: 09-04-2025 03:55:31 PM [] []
[2025-04-09 16:00:41] SlimMonoLogger.INFO: Cron ran at: 09-04-2025 04:00:41 PM [] []
[2025-04-09 16:05:25] SlimMonoLogger.INFO: Cron ran at: 09-04-2025 04:05:25 PM [] []
[2025-04-09 16:10:34] SlimMonoLogger.INFO: Cron ran at: 09-04-2025 04:10:34 PM [] []
[2025-04-09 16:15:41] SlimMonoLogger.INFO: Cron ran at: 09-04-2025 04:15:41 PM [] []
[2025-04-09 16:20:32] SlimMonoLogger.INFO: Cron ran at: 09-04-2025 04:20:32 PM [] []
[2025-04-09 16:25:45] SlimMonoLogger.INFO: Cron ran at: 09-04-2025 04:25:45 PM [] []
[2025-04-09 16:31:06] SlimMonoLogger.INFO: Cron ran at: 09-04-2025 04:31:06 PM [] []
[2025-04-09 16:35:46] SlimMonoLogger.INFO: Cron ran at: 09-04-2025 04:35:46 PM [] []
[2025-04-09 16:40:46] SlimMonoLogger.INFO: Cron ran at: 09-04-2025 04:40:46 PM [] []
[2025-04-09 16:45:35] SlimMonoLogger.INFO: Cron ran at: 09-04-2025 04:45:35 PM [] []
[2025-04-09 16:50:35] SlimMonoLogger.INFO: Cron ran at: 09-04-2025 04:50:35 PM [] []
[2025-04-09 16:55:27] SlimMonoLogger.INFO: Cron ran at: 09-04-2025 04:55:27 PM [] []
[2025-04-09 17:00:33] SlimMonoLogger.INFO: Cron ran at: 09-04-2025 05:00:33 PM [] []
[2025-04-09 17:05:40] SlimMonoLogger.INFO: Cron ran at: 09-04-2025 05:05:40 PM [] []
[2025-04-09 17:10:46] SlimMonoLogger.INFO: Cron ran at: 09-04-2025 05:10:46 PM [] []
[2025-04-09 17:15:47] SlimMonoLogger.INFO: Cron ran at: 09-04-2025 05:15:47 PM [] []
[2025-04-09 17:20:32] SlimMonoLogger.INFO: Cron ran at: 09-04-2025 05:20:32 PM [] []
[2025-04-09 17:26:09] SlimMonoLogger.INFO: Cron ran at: 09-04-2025 05:26:09 PM [] []
[2025-04-09 17:31:40] SlimMonoLogger.INFO: Cron ran at: 09-04-2025 05:31:40 PM [] []
[2025-04-09 17:36:10] SlimMonoLogger.INFO: Cron ran at: 09-04-2025 05:36:10 PM [] []
[2025-04-09 17:40:52] SlimMonoLogger.INFO: Cron ran at: 09-04-2025 05:40:52 PM [] []
[2025-04-09 17:45:45] SlimMonoLogger.INFO: Cron ran at: 09-04-2025 05:45:45 PM [] []
[2025-04-09 17:50:41] SlimMonoLogger.INFO: Cron ran at: 09-04-2025 05:50:41 PM [] []
[2025-04-09 17:56:14] SlimMonoLogger.INFO: Cron ran at: 09-04-2025 05:56:14 PM [] []
[2025-04-09 18:00:41] SlimMonoLogger.INFO: Cron ran at: 09-04-2025 06:00:41 PM [] []
[2025-04-09 18:05:30] SlimMonoLogger.INFO: Cron ran at: 09-04-2025 06:05:30 PM [] []
[2025-04-09 18:10:25] SlimMonoLogger.INFO: Cron ran at: 09-04-2025 06:10:25 PM [] []
[2025-04-09 18:15:30] SlimMonoLogger.INFO: Cron ran at: 09-04-2025 06:15:30 PM [] []
[2025-04-09 18:20:36] SlimMonoLogger.INFO: Cron ran at: 09-04-2025 06:20:36 PM [] []
[2025-04-09 18:25:31] SlimMonoLogger.INFO: Cron ran at: 09-04-2025 06:25:31 PM [] []
[2025-04-09 18:30:31] SlimMonoLogger.INFO: Cron ran at: 09-04-2025 06:30:31 PM [] []
[2025-04-09 18:35:36] SlimMonoLogger.INFO: Cron ran at: 09-04-2025 06:35:36 PM [] []
[2025-04-09 18:40:26] SlimMonoLogger.INFO: Cron ran at: 09-04-2025 06:40:26 PM [] []
[2025-04-09 18:45:35] SlimMonoLogger.INFO: Cron ran at: 09-04-2025 06:45:35 PM [] []
[2025-04-09 18:50:29] SlimMonoLogger.INFO: Cron ran at: 09-04-2025 06:50:29 PM [] []
[2025-04-09 18:55:28] SlimMonoLogger.INFO: Cron ran at: 09-04-2025 06:55:28 PM [] []
[2025-04-09 19:00:32] SlimMonoLogger.INFO: Cron ran at: 09-04-2025 07:00:32 PM [] []
[2025-04-09 19:05:31] SlimMonoLogger.INFO: Cron ran at: 09-04-2025 07:05:31 PM [] []
[2025-04-09 19:10:35] SlimMonoLogger.INFO: Cron ran at: 09-04-2025 07:10:35 PM [] []
[2025-04-09 19:15:25] SlimMonoLogger.INFO: Cron ran at: 09-04-2025 07:15:25 PM [] []
[2025-04-09 19:20:35] SlimMonoLogger.INFO: Cron ran at: 09-04-2025 07:20:35 PM [] []
[2025-04-09 19:25:37] SlimMonoLogger.INFO: Cron ran at: 09-04-2025 07:25:37 PM [] []
[2025-04-09 19:30:38] SlimMonoLogger.INFO: Cron ran at: 09-04-2025 07:30:38 PM [] []
[2025-04-09 19:35:30] SlimMonoLogger.INFO: Cron ran at: 09-04-2025 07:35:30 PM [] []
[2025-04-09 19:40:25] SlimMonoLogger.INFO: Cron ran at: 09-04-2025 07:40:25 PM [] []
[2025-04-09 19:45:27] SlimMonoLogger.INFO: Cron ran at: 09-04-2025 07:45:27 PM [] []
[2025-04-09 19:50:33] SlimMonoLogger.INFO: Cron ran at: 09-04-2025 07:50:33 PM [] []
[2025-04-09 19:55:27] SlimMonoLogger.INFO: Cron ran at: 09-04-2025 07:55:27 PM [] []
[2025-04-09 20:00:32] SlimMonoLogger.INFO: Cron ran at: 09-04-2025 08:00:32 PM [] []
[2025-04-09 20:05:32] SlimMonoLogger.INFO: Cron ran at: 09-04-2025 08:05:32 PM [] []
[2025-04-09 20:10:28] SlimMonoLogger.INFO: Cron ran at: 09-04-2025 08:10:28 PM [] []
[2025-04-09 20:15:32] SlimMonoLogger.INFO: Cron ran at: 09-04-2025 08:15:32 PM [] []
[2025-04-09 20:20:35] SlimMonoLogger.INFO: Cron ran at: 09-04-2025 08:20:35 PM [] []
[2025-04-09 20:25:26] SlimMonoLogger.INFO: Cron ran at: 09-04-2025 08:25:26 PM [] []
[2025-04-09 20:30:30] SlimMonoLogger.INFO: Cron ran at: 09-04-2025 08:30:30 PM [] []
[2025-04-09 20:35:39] SlimMonoLogger.INFO: Cron ran at: 09-04-2025 08:35:39 PM [] []
[2025-04-09 20:40:37] SlimMonoLogger.INFO: Cron ran at: 09-04-2025 08:40:37 PM [] []
[2025-04-09 20:45:35] SlimMonoLogger.INFO: Cron ran at: 09-04-2025 08:45:35 PM [] []
[2025-04-09 20:50:37] SlimMonoLogger.INFO: Cron ran at: 09-04-2025 08:50:37 PM [] []
[2025-04-09 20:55:39] SlimMonoLogger.INFO: Cron ran at: 09-04-2025 08:55:39 PM [] []
[2025-04-09 21:00:48] SlimMonoLogger.INFO: Cron ran at: 09-04-2025 09:00:48 PM [] []
[2025-04-09 21:05:39] SlimMonoLogger.INFO: Cron ran at: 09-04-2025 09:05:39 PM [] []
[2025-04-09 21:10:34] SlimMonoLogger.INFO: Cron ran at: 09-04-2025 09:10:34 PM [] []
[2025-04-09 21:15:36] SlimMonoLogger.INFO: Cron ran at: 09-04-2025 09:15:36 PM [] []
[2025-04-09 21:20:34] SlimMonoLogger.INFO: Cron ran at: 09-04-2025 09:20:34 PM [] []
[2025-04-09 21:25:31] SlimMonoLogger.INFO: Cron ran at: 09-04-2025 09:25:31 PM [] []
[2025-04-09 21:30:31] SlimMonoLogger.INFO: Cron ran at: 09-04-2025 09:30:31 PM [] []
[2025-04-09 21:35:41] SlimMonoLogger.INFO: Cron ran at: 09-04-2025 09:35:41 PM [] []
[2025-04-09 21:42:27] SlimMonoLogger.ERROR: Requests_Exception: cURL error 28: Failed to connect to antropol.mk port 443 after 128889 ms: Could not connect to server in /home/latihtal/public_html/agregator1/src/vendor/rmccue/requests/library/Requests/Transport/cURL.php:422
Stack trace:
#0 /home/latihtal/public_html/agregator1/src/vendor/rmccue/requests/library/Requests/Transport/cURL.php(177): Requests_Transport_cURL->process_response()
#1 /home/latihtal/public_html/agregator1/src/vendor/rmccue/requests/library/Requests.php(379): Requests_Transport_cURL->request()
#2 /home/latihtal/public_html/agregator1/src/vendor/rmccue/requests/library/Requests/Session.php(205): Requests::request()
#3 /home/latihtal/public_html/agregator1/src/vendor/rmccue/requests/library/Requests/Session.php(132): Requests_Session->request()
#4 /home/latihtal/public_html/agregator1/src/drivers/Http/RssImporter.php(144): Requests_Session->get()
#5 /home/latihtal/public_html/agregator1/src/controllers/Dashboard/DashboardFeedsController.php(534): spark\drivers\Http\RssImporter->fetchPosts()
#6 /home/latihtal/public_html/agregator1/src/controllers/Site/SiteController.php(722): spark\controllers\Dashboard\DashboardFeedsController::importFeedPosts()
#7 [internal function]: spark\controllers\Site\SiteController->runTasks()
#8 /home/latihtal/public_html/agregator1/src/framework/Route.php(173): call_user_func_array()
#9 [internal function]: Slim\Route->Slim\{closure}()
#10 /home/latihtal/public_html/agregator1/src/framework/Route.php(468): call_user_func_array()
#11 /home/latihtal/public_html/agregator1/src/framework/Slim.php(1364): Slim\Route->dispatch()
#12 /home/latihtal/public_html/agregator1/src/framework/Middleware/Flash.php(85): Slim\Slim->call()
#13 /home/latihtal/public_html/agregator1/src/framework/Middleware/MethodOverride.php(92): Slim\Middleware\Flash->call()
#14 /home/latihtal/public_html/agregator1/src/middlewares/CsrfGuard/CsrfGuard.php(47): Slim\Middleware\MethodOverride->call()
#15 /home/latihtal/public_html/agregator1/src/framework/Middleware/PrettyExceptions.php(67): spark\middlewares\CsrfGuard\CsrfGuard->call()
#16 /home/latihtal/public_html/agregator1/src/framework/Slim.php(1308): Slim\Middleware\PrettyExceptions->call()
#17 /home/latihtal/public_html/agregator1/index.php(6): Slim\Slim->run()
#18 {main} [] []
[2025-04-09 21:42:42] SlimMonoLogger.INFO: Cron ran at: 09-04-2025 09:42:42 PM [] []
[2025-04-09 21:45:42] SlimMonoLogger.INFO: Cron ran at: 09-04-2025 09:45:42 PM [] []
[2025-04-09 21:50:33] SlimMonoLogger.INFO: Cron ran at: 09-04-2025 09:50:33 PM [] []
[2025-04-09 21:57:24] SlimMonoLogger.ERROR: Requests_Exception: cURL error 28: Failed to connect to antropol.mk port 443 after 131875 ms: Could not connect to server in /home/latihtal/public_html/agregator1/src/vendor/rmccue/requests/library/Requests/Transport/cURL.php:422
Stack trace:
#0 /home/latihtal/public_html/agregator1/src/vendor/rmccue/requests/library/Requests/Transport/cURL.php(177): Requests_Transport_cURL->process_response()
#1 /home/latihtal/public_html/agregator1/src/vendor/rmccue/requests/library/Requests.php(379): Requests_Transport_cURL->request()
#2 /home/latihtal/public_html/agregator1/src/vendor/rmccue/requests/library/Requests/Session.php(205): Requests::request()
#3 /home/latihtal/public_html/agregator1/src/vendor/rmccue/requests/library/Requests/Session.php(132): Requests_Session->request()
#4 /home/latihtal/public_html/agregator1/src/drivers/Http/RssImporter.php(144): Requests_Session->get()
#5 /home/latihtal/public_html/agregator1/src/controllers/Dashboard/DashboardFeedsController.php(534): spark\drivers\Http\RssImporter->fetchPosts()
#6 /home/latihtal/public_html/agregator1/src/controllers/Site/SiteController.php(722): spark\controllers\Dashboard\DashboardFeedsController::importFeedPosts()
#7 [internal function]: spark\controllers\Site\SiteController->runTasks()
#8 /home/latihtal/public_html/agregator1/src/framework/Route.php(173): call_user_func_array()
#9 [internal function]: Slim\Route->Slim\{closure}()
#10 /home/latihtal/public_html/agregator1/src/framework/Route.php(468): call_user_func_array()
#11 /home/latihtal/public_html/agregator1/src/framework/Slim.php(1364): Slim\Route->dispatch()
#12 /home/latihtal/public_html/agregator1/src/framework/Middleware/Flash.php(85): Slim\Slim->call()
#13 /home/latihtal/public_html/agregator1/src/framework/Middleware/MethodOverride.php(92): Slim\Middleware\Flash->call()
#14 /home/latihtal/public_html/agregator1/src/middlewares/CsrfGuard/CsrfGuard.php(47): Slim\Middleware\MethodOverride->call()
#15 /home/latihtal/public_html/agregator1/src/framework/Middleware/PrettyExceptions.php(67): spark\middlewares\CsrfGuard\CsrfGuard->call()
#16 /home/latihtal/public_html/agregator1/src/framework/Slim.php(1308): Slim\Middleware\PrettyExceptions->call()
#17 /home/latihtal/public_html/agregator1/index.php(6): Slim\Slim->run()
#18 {main} [] []
[2025-04-09 21:57:39] SlimMonoLogger.INFO: Cron ran at: 09-04-2025 09:57:39 PM [] []
[2025-04-09 22:00:37] SlimMonoLogger.INFO: Cron ran at: 09-04-2025 10:00:37 PM [] []
[2025-04-09 22:05:37] SlimMonoLogger.INFO: Cron ran at: 09-04-2025 10:05:37 PM [] []
[2025-04-09 22:11:35] SlimMonoLogger.INFO: Cron ran at: 09-04-2025 10:11:35 PM [] []
[2025-04-09 22:15:34] SlimMonoLogger.INFO: Cron ran at: 09-04-2025 10:15:34 PM [] []
[2025-04-09 22:20:34] SlimMonoLogger.INFO: Cron ran at: 09-04-2025 10:20:34 PM [] []
[2025-04-09 22:25:37] SlimMonoLogger.INFO: Cron ran at: 09-04-2025 10:25:37 PM [] []
[2025-04-09 22:30:42] SlimMonoLogger.INFO: Cron ran at: 09-04-2025 10:30:42 PM [] []
[2025-04-09 22:35:44] SlimMonoLogger.INFO: Cron ran at: 09-04-2025 10:35:44 PM [] []
[2025-04-09 22:40:36] SlimMonoLogger.INFO: Cron ran at: 09-04-2025 10:40:36 PM [] []
[2025-04-09 22:45:55] SlimMonoLogger.INFO: Cron ran at: 09-04-2025 10:45:55 PM [] []
[2025-04-09 22:50:46] SlimMonoLogger.INFO: Cron ran at: 09-04-2025 10:50:46 PM [] []
[2025-04-09 22:55:46] SlimMonoLogger.INFO: Cron ran at: 09-04-2025 10:55:46 PM [] []
[2025-04-09 23:00:50] SlimMonoLogger.INFO: Cron ran at: 09-04-2025 11:00:50 PM [] []
[2025-04-09 23:05:41] SlimMonoLogger.INFO: Cron ran at: 09-04-2025 11:05:41 PM [] []
[2025-04-09 23:10:42] SlimMonoLogger.INFO: Cron ran at: 09-04-2025 11:10:42 PM [] []
[2025-04-09 23:15:37] SlimMonoLogger.INFO: Cron ran at: 09-04-2025 11:15:37 PM [] []
[2025-04-09 23:20:44] SlimMonoLogger.INFO: Cron ran at: 09-04-2025 11:20:44 PM [] []
[2025-04-09 23:25:41] SlimMonoLogger.INFO: Cron ran at: 09-04-2025 11:25:41 PM [] []
[2025-04-09 23:30:43] SlimMonoLogger.INFO: Cron ran at: 09-04-2025 11:30:43 PM [] []
[2025-04-09 23:35:31] SlimMonoLogger.INFO: Cron ran at: 09-04-2025 11:35:31 PM [] []
[2025-04-09 23:42:28] SlimMonoLogger.ERROR: Requests_Exception: cURL error 28: Failed to connect to antropol.mk port 443 after 129679 ms: Could not connect to server in /home/latihtal/public_html/agregator1/src/vendor/rmccue/requests/library/Requests/Transport/cURL.php:422
Stack trace:
#0 /home/latihtal/public_html/agregator1/src/vendor/rmccue/requests/library/Requests/Transport/cURL.php(177): Requests_Transport_cURL->process_response()
#1 /home/latihtal/public_html/agregator1/src/vendor/rmccue/requests/library/Requests.php(379): Requests_Transport_cURL->request()
#2 /home/latihtal/public_html/agregator1/src/vendor/rmccue/requests/library/Requests/Session.php(205): Requests::request()
#3 /home/latihtal/public_html/agregator1/src/vendor/rmccue/requests/library/Requests/Session.php(132): Requests_Session->request()
#4 /home/latihtal/public_html/agregator1/src/drivers/Http/RssImporter.php(144): Requests_Session->get()
#5 /home/latihtal/public_html/agregator1/src/controllers/Dashboard/DashboardFeedsController.php(534): spark\drivers\Http\RssImporter->fetchPosts()
#6 /home/latihtal/public_html/agregator1/src/controllers/Site/SiteController.php(722): spark\controllers\Dashboard\DashboardFeedsController::importFeedPosts()
#7 [internal function]: spark\controllers\Site\SiteController->runTasks()
#8 /home/latihtal/public_html/agregator1/src/framework/Route.php(173): call_user_func_array()
#9 [internal function]: Slim\Route->Slim\{closure}()
#10 /home/latihtal/public_html/agregator1/src/framework/Route.php(468): call_user_func_array()
#11 /home/latihtal/public_html/agregator1/src/framework/Slim.php(1364): Slim\Route->dispatch()
#12 /home/latihtal/public_html/agregator1/src/framework/Middleware/Flash.php(85): Slim\Slim->call()
#13 /home/latihtal/public_html/agregator1/src/framework/Middleware/MethodOverride.php(92): Slim\Middleware\Flash->call()
#14 /home/latihtal/public_html/agregator1/src/middlewares/CsrfGuard/CsrfGuard.php(47): Slim\Middleware\MethodOverride->call()
#15 /home/latihtal/public_html/agregator1/src/framework/Middleware/PrettyExceptions.php(67): spark\middlewares\CsrfGuard\CsrfGuard->call()
#16 /home/latihtal/public_html/agregator1/src/framework/Slim.php(1308): Slim\Middleware\PrettyExceptions->call()
#17 /home/latihtal/public_html/agregator1/index.php(6): Slim\Slim->run()
#18 {main} [] []
[2025-04-09 23:42:46] SlimMonoLogger.INFO: Cron ran at: 09-04-2025 11:42:46 PM [] []
[2025-04-09 23:45:36] SlimMonoLogger.INFO: Cron ran at: 09-04-2025 11:45:36 PM [] []
[2025-04-09 23:50:37] SlimMonoLogger.INFO: Cron ran at: 09-04-2025 11:50:37 PM [] []
[2025-04-09 23:55:37] SlimMonoLogger.INFO: Cron ran at: 09-04-2025 11:55:37 PM [] []
[2025-04-10 00:00:48] SlimMonoLogger.INFO: Cron ran at: 10-04-2025 12:00:48 AM [] []
[2025-04-10 00:05:42] SlimMonoLogger.INFO: Cron ran at: 10-04-2025 12:05:42 AM [] []
[2025-04-10 00:10:30] SlimMonoLogger.INFO: Cron ran at: 10-04-2025 12:10:30 AM [] []
[2025-04-10 00:15:39] SlimMonoLogger.INFO: Cron ran at: 10-04-2025 12:15:39 AM [] []
[2025-04-10 00:20:38] SlimMonoLogger.INFO: Cron ran at: 10-04-2025 12:20:38 AM [] []
[2025-04-10 00:25:37] SlimMonoLogger.INFO: Cron ran at: 10-04-2025 12:25:37 AM [] []
[2025-04-10 00:30:32] SlimMonoLogger.INFO: Cron ran at: 10-04-2025 12:30:32 AM [] []
[2025-04-10 00:35:38] SlimMonoLogger.INFO: Cron ran at: 10-04-2025 12:35:38 AM [] []
[2025-04-10 00:40:41] SlimMonoLogger.INFO: Cron ran at: 10-04-2025 12:40:41 AM [] []
[2025-04-10 00:45:33] SlimMonoLogger.INFO: Cron ran at: 10-04-2025 12:45:33 AM [] []
[2025-04-10 00:50:45] SlimMonoLogger.INFO: Cron ran at: 10-04-2025 12:50:45 AM [] []
[2025-04-10 00:55:35] SlimMonoLogger.INFO: Cron ran at: 10-04-2025 12:55:35 AM [] []
[2025-04-10 01:00:42] SlimMonoLogger.INFO: Cron ran at: 10-04-2025 01:00:42 AM [] []
[2025-04-10 01:05:59] SlimMonoLogger.INFO: Cron ran at: 10-04-2025 01:05:59 AM [] []
[2025-04-10 01:10:57] SlimMonoLogger.INFO: Cron ran at: 10-04-2025 01:10:57 AM [] []
[2025-04-10 01:17:26] SlimMonoLogger.ERROR: Requests_Exception: cURL error 28: Failed to connect to antropol.mk port 443 after 128419 ms: Could not connect to server in /home/latihtal/public_html/agregator1/src/vendor/rmccue/requests/library/Requests/Transport/cURL.php:422
Stack trace:
#0 /home/latihtal/public_html/agregator1/src/vendor/rmccue/requests/library/Requests/Transport/cURL.php(177): Requests_Transport_cURL->process_response()
#1 /home/latihtal/public_html/agregator1/src/vendor/rmccue/requests/library/Requests.php(379): Requests_Transport_cURL->request()
#2 /home/latihtal/public_html/agregator1/src/vendor/rmccue/requests/library/Requests/Session.php(205): Requests::request()
#3 /home/latihtal/public_html/agregator1/src/vendor/rmccue/requests/library/Requests/Session.php(132): Requests_Session->request()
#4 /home/latihtal/public_html/agregator1/src/drivers/Http/RssImporter.php(144): Requests_Session->get()
#5 /home/latihtal/public_html/agregator1/src/controllers/Dashboard/DashboardFeedsController.php(534): spark\drivers\Http\RssImporter->fetchPosts()
#6 /home/latihtal/public_html/agregator1/src/controllers/Site/SiteController.php(722): spark\controllers\Dashboard\DashboardFeedsController::importFeedPosts()
#7 [internal function]: spark\controllers\Site\SiteController->runTasks()
#8 /home/latihtal/public_html/agregator1/src/framework/Route.php(173): call_user_func_array()
#9 [internal function]: Slim\Route->Slim\{closure}()
#10 /home/latihtal/public_html/agregator1/src/framework/Route.php(468): call_user_func_array()
#11 /home/latihtal/public_html/agregator1/src/framework/Slim.php(1364): Slim\Route->dispatch()
#12 /home/latihtal/public_html/agregator1/src/framework/Middleware/Flash.php(85): Slim\Slim->call()
#13 /home/latihtal/public_html/agregator1/src/framework/Middleware/MethodOverride.php(92): Slim\Middleware\Flash->call()
#14 /home/latihtal/public_html/agregator1/src/middlewares/CsrfGuard/CsrfGuard.php(47): Slim\Middleware\MethodOverride->call()
#15 /home/latihtal/public_html/agregator1/src/framework/Middleware/PrettyExceptions.php(67): spark\middlewares\CsrfGuard\CsrfGuard->call()
#16 /home/latihtal/public_html/agregator1/src/framework/Slim.php(1308): Slim\Middleware\PrettyExceptions->call()
#17 /home/latihtal/public_html/agregator1/index.php(6): Slim\Slim->run()
#18 {main} [] []
[2025-04-10 01:17:41] SlimMonoLogger.INFO: Cron ran at: 10-04-2025 01:17:41 AM [] []
[2025-04-10 01:21:08] SlimMonoLogger.INFO: Cron ran at: 10-04-2025 01:21:08 AM [] []
[2025-04-10 01:25:47] SlimMonoLogger.INFO: Cron ran at: 10-04-2025 01:25:47 AM [] []
[2025-04-10 01:32:35] SlimMonoLogger.ERROR: Requests_Exception: cURL error 28: Failed to connect to antropol.mk port 443 after 128666 ms: Could not connect to server in /home/latihtal/public_html/agregator1/src/vendor/rmccue/requests/library/Requests/Transport/cURL.php:422
Stack trace:
#0 /home/latihtal/public_html/agregator1/src/vendor/rmccue/requests/library/Requests/Transport/cURL.php(177): Requests_Transport_cURL->process_response()
#1 /home/latihtal/public_html/agregator1/src/vendor/rmccue/requests/library/Requests.php(379): Requests_Transport_cURL->request()
#2 /home/latihtal/public_html/agregator1/src/vendor/rmccue/requests/library/Requests/Session.php(205): Requests::request()
#3 /home/latihtal/public_html/agregator1/src/vendor/rmccue/requests/library/Requests/Session.php(132): Requests_Session->request()
#4 /home/latihtal/public_html/agregator1/src/drivers/Http/RssImporter.php(144): Requests_Session->get()
#5 /home/latihtal/public_html/agregator1/src/controllers/Dashboard/DashboardFeedsController.php(534): spark\drivers\Http\RssImporter->fetchPosts()
#6 /home/latihtal/public_html/agregator1/src/controllers/Site/SiteController.php(722): spark\controllers\Dashboard\DashboardFeedsController::importFeedPosts()
#7 [internal function]: spark\controllers\Site\SiteController->runTasks()
#8 /home/latihtal/public_html/agregator1/src/framework/Route.php(173): call_user_func_array()
#9 [internal function]: Slim\Route->Slim\{closure}()
#10 /home/latihtal/public_html/agregator1/src/framework/Route.php(468): call_user_func_array()
#11 /home/latihtal/public_html/agregator1/src/framework/Slim.php(1364): Slim\Route->dispatch()
#12 /home/latihtal/public_html/agregator1/src/framework/Middleware/Flash.php(85): Slim\Slim->call()
#13 /home/latihtal/public_html/agregator1/src/framework/Middleware/MethodOverride.php(92): Slim\Middleware\Flash->call()
#14 /home/latihtal/public_html/agregator1/src/middlewares/CsrfGuard/CsrfGuard.php(47): Slim\Middleware\MethodOverride->call()
#15 /home/latihtal/public_html/agregator1/src/framework/Middleware/PrettyExceptions.php(67): spark\middlewares\CsrfGuard\CsrfGuard->call()
#16 /home/latihtal/public_html/agregator1/src/framework/Slim.php(1308): Slim\Middleware\PrettyExceptions->call()
#17 /home/latihtal/public_html/agregator1/index.php(6): Slim\Slim->run()
#18 {main} [] []
[2025-04-10 01:32:51] SlimMonoLogger.INFO: Cron ran at: 10-04-2025 01:32:51 AM [] []
[2025-04-10 01:35:42] SlimMonoLogger.INFO: Cron ran at: 10-04-2025 01:35:42 AM [] []
[2025-04-10 01:40:38] SlimMonoLogger.INFO: Cron ran at: 10-04-2025 01:40:38 AM [] []
[2025-04-10 01:46:07] SlimMonoLogger.INFO: Cron ran at: 10-04-2025 01:46:07 AM [] []
[2025-04-10 01:50:26] SlimMonoLogger.INFO: Cron ran at: 10-04-2025 01:50:26 AM [] []
[2025-04-10 01:55:37] SlimMonoLogger.INFO: Cron ran at: 10-04-2025 01:55:37 AM [] []
