[2026-02-09 01:02:44] SlimMonoLogger.INFO: Cron ran at: 09-02-2026 01:02:44 AM [] []
[2026-02-09 01:07:14] SlimMonoLogger.INFO: Cron ran at: 09-02-2026 01:07:14 AM [] []
[2026-02-09 01:12:37] SlimMonoLogger.INFO: Cron ran at: 09-02-2026 01:12:37 AM [] []
[2026-02-09 01:17:23] SlimMonoLogger.INFO: Cron ran at: 09-02-2026 01:17:23 AM [] []
[2026-02-09 01:22:17] SlimMonoLogger.INFO: Cron ran at: 09-02-2026 01:22:17 AM [] []
[2026-02-09 01:27:19] SlimMonoLogger.INFO: Cron ran at: 09-02-2026 01:27:19 AM [] []
[2026-02-09 01:32:34] SlimMonoLogger.INFO: Cron ran at: 09-02-2026 01:32:34 AM [] []
[2026-02-09 01:37:23] SlimMonoLogger.INFO: Cron ran at: 09-02-2026 01:37:23 AM [] []
[2026-02-09 01:42:23] SlimMonoLogger.INFO: Cron ran at: 09-02-2026 01:42:23 AM [] []
[2026-02-09 01:47:25] SlimMonoLogger.INFO: Cron ran at: 09-02-2026 01:47:25 AM [] []
[2026-02-09 01:52:24] SlimMonoLogger.INFO: Cron ran at: 09-02-2026 01:52:24 AM [] []
[2026-02-09 01:57:37] SlimMonoLogger.INFO: Cron ran at: 09-02-2026 01:57:37 AM [] []
[2026-02-09 02:02:35] SlimMonoLogger.INFO: Cron ran at: 09-02-2026 02:02:35 AM [] []
[2026-02-09 02:07:20] SlimMonoLogger.INFO: Cron ran at: 09-02-2026 02:07:20 AM [] []
[2026-02-09 02:12:46] SlimMonoLogger.INFO: Cron ran at: 09-02-2026 02:12:46 AM [] []
[2026-02-09 02:17:31] SlimMonoLogger.INFO: Cron ran at: 09-02-2026 02:17:31 AM [] []
[2026-02-09 02:22:33] SlimMonoLogger.INFO: Cron ran at: 09-02-2026 02:22:33 AM [] []
[2026-02-09 02:27:26] SlimMonoLogger.INFO: Cron ran at: 09-02-2026 02:27:26 AM [] []
[2026-02-09 02:32:24] SlimMonoLogger.INFO: Cron ran at: 09-02-2026 02:32:24 AM [] []
[2026-02-09 02:37:33] SlimMonoLogger.INFO: Cron ran at: 09-02-2026 02:37:33 AM [] []
[2026-02-09 02:42:28] SlimMonoLogger.INFO: Cron ran at: 09-02-2026 02:42:28 AM [] []
[2026-02-09 02:47:26] SlimMonoLogger.INFO: Cron ran at: 09-02-2026 02:47:26 AM [] []
[2026-02-09 02:52:28] SlimMonoLogger.INFO: Cron ran at: 09-02-2026 02:52:28 AM [] []
[2026-02-09 02:57:25] SlimMonoLogger.INFO: Cron ran at: 09-02-2026 02:57:25 AM [] []
[2026-02-09 03:02:27] SlimMonoLogger.INFO: Cron ran at: 09-02-2026 03:02:27 AM [] []
[2026-02-09 03:07:19] SlimMonoLogger.INFO: Cron ran at: 09-02-2026 03:07:19 AM [] []
[2026-02-09 03:12:34] SlimMonoLogger.INFO: Cron ran at: 09-02-2026 03:12:34 AM [] []
[2026-02-09 03:17:41] SlimMonoLogger.INFO: Cron ran at: 09-02-2026 03:17:41 AM [] []
[2026-02-09 03:22:33] SlimMonoLogger.INFO: Cron ran at: 09-02-2026 03:22:33 AM [] []
[2026-02-09 03:27:29] SlimMonoLogger.INFO: Cron ran at: 09-02-2026 03:27:29 AM [] []
[2026-02-09 03:32:30] SlimMonoLogger.INFO: Cron ran at: 09-02-2026 03:32:30 AM [] []
[2026-02-09 03:37:36] SlimMonoLogger.INFO: Cron ran at: 09-02-2026 03:37:36 AM [] []
[2026-02-09 03:42:34] SlimMonoLogger.INFO: Cron ran at: 09-02-2026 03:42:34 AM [] []
[2026-02-09 03:47:38] SlimMonoLogger.INFO: Cron ran at: 09-02-2026 03:47:38 AM [] []
[2026-02-09 03:52:26] SlimMonoLogger.INFO: Cron ran at: 09-02-2026 03:52:26 AM [] []
[2026-02-09 03:57:32] SlimMonoLogger.INFO: Cron ran at: 09-02-2026 03:57:32 AM [] []
[2026-02-09 04:02:40] SlimMonoLogger.INFO: Cron ran at: 09-02-2026 04:02:40 AM [] []
[2026-02-09 04:07:05] SlimMonoLogger.INFO: Cron ran at: 09-02-2026 04:07:05 AM [] []
[2026-02-09 04:12:32] SlimMonoLogger.INFO: Cron ran at: 09-02-2026 04:12:32 AM [] []
[2026-02-09 04:17:24] SlimMonoLogger.INFO: Cron ran at: 09-02-2026 04:17:24 AM [] []
[2026-02-09 04:22:31] SlimMonoLogger.INFO: Cron ran at: 09-02-2026 04:22:31 AM [] []
[2026-02-09 04:27:07] SlimMonoLogger.INFO: Cron ran at: 09-02-2026 04:27:07 AM [] []
[2026-02-09 04:31:52] SlimMonoLogger.INFO: Cron ran at: 09-02-2026 04:31:52 AM [] []
[2026-02-09 04:37:32] SlimMonoLogger.INFO: Cron ran at: 09-02-2026 04:37:32 AM [] []
[2026-02-09 04:41:45] SlimMonoLogger.INFO: Cron ran at: 09-02-2026 04:41:45 AM [] []
[2026-02-09 04:46:43] SlimMonoLogger.INFO: Cron ran at: 09-02-2026 04:46:43 AM [] []
[2026-02-09 04:51:34] SlimMonoLogger.INFO: Cron ran at: 09-02-2026 04:51:34 AM [] []
[2026-02-09 04:56:35] SlimMonoLogger.INFO: Cron ran at: 09-02-2026 04:56:35 AM [] []
[2026-02-09 05:01:40] SlimMonoLogger.INFO: Cron ran at: 09-02-2026 05:01:40 AM [] []
[2026-02-09 05:06:40] SlimMonoLogger.INFO: Cron ran at: 09-02-2026 05:06:40 AM [] []
[2026-02-09 05:11:41] SlimMonoLogger.INFO: Cron ran at: 09-02-2026 05:11:41 AM [] []
[2026-02-09 05:16:47] SlimMonoLogger.INFO: Cron ran at: 09-02-2026 05:16:47 AM [] []
[2026-02-09 05:21:46] SlimMonoLogger.INFO: Cron ran at: 09-02-2026 05:21:46 AM [] []
[2026-02-09 05:26:46] SlimMonoLogger.INFO: Cron ran at: 09-02-2026 05:26:46 AM [] []
[2026-02-09 05:31:48] SlimMonoLogger.INFO: Cron ran at: 09-02-2026 05:31:48 AM [] []
[2026-02-09 05:36:44] SlimMonoLogger.INFO: Cron ran at: 09-02-2026 05:36:44 AM [] []
[2026-02-09 05:42:06] SlimMonoLogger.INFO: Cron ran at: 09-02-2026 05:42:06 AM [] []
[2026-02-09 05:46:42] SlimMonoLogger.INFO: Cron ran at: 09-02-2026 05:46:42 AM [] []
[2026-02-09 05:51:39] SlimMonoLogger.INFO: Cron ran at: 09-02-2026 05:51:39 AM [] []
[2026-02-09 05:56:40] SlimMonoLogger.INFO: Cron ran at: 09-02-2026 05:56:40 AM [] []
[2026-02-09 06:01:48] SlimMonoLogger.INFO: Cron ran at: 09-02-2026 06:01:48 AM [] []
[2026-02-09 06:06:38] SlimMonoLogger.INFO: Cron ran at: 09-02-2026 06:06:38 AM [] []
[2026-02-09 06:11:37] SlimMonoLogger.INFO: Cron ran at: 09-02-2026 06:11:37 AM [] []
[2026-02-09 06:16:50] SlimMonoLogger.INFO: Cron ran at: 09-02-2026 06:16:50 AM [] []
[2026-02-09 06:21:44] SlimMonoLogger.INFO: Cron ran at: 09-02-2026 06:21:44 AM [] []
[2026-02-09 06:26:42] SlimMonoLogger.INFO: Cron ran at: 09-02-2026 06:26:42 AM [] []
[2026-02-09 06:31:40] SlimMonoLogger.INFO: Cron ran at: 09-02-2026 06:31:40 AM [] []
[2026-02-09 06:36:37] SlimMonoLogger.INFO: Cron ran at: 09-02-2026 06:36:37 AM [] []
[2026-02-09 06:42:02] SlimMonoLogger.INFO: Cron ran at: 09-02-2026 06:42:02 AM [] []
[2026-02-09 06:46:53] SlimMonoLogger.INFO: Cron ran at: 09-02-2026 06:46:53 AM [] []
[2026-02-09 06:51:57] SlimMonoLogger.INFO: Cron ran at: 09-02-2026 06:51:57 AM [] []
[2026-02-09 06:57:10] SlimMonoLogger.INFO: Cron ran at: 09-02-2026 06:57:10 AM [] []
[2026-02-09 07:01:47] SlimMonoLogger.INFO: Cron ran at: 09-02-2026 07:01:47 AM [] []
[2026-02-09 07:07:04] SlimMonoLogger.INFO: Cron ran at: 09-02-2026 07:07:04 AM [] []
[2026-02-09 07:12:01] SlimMonoLogger.INFO: Cron ran at: 09-02-2026 07:12:01 AM [] []
[2026-02-09 07:17:05] SlimMonoLogger.INFO: Cron ran at: 09-02-2026 07:17:05 AM [] []
[2026-02-09 07:22:08] SlimMonoLogger.INFO: Cron ran at: 09-02-2026 07:22:08 AM [] []
[2026-02-09 07:27:07] SlimMonoLogger.INFO: Cron ran at: 09-02-2026 07:27:07 AM [] []
[2026-02-09 07:31:42] SlimMonoLogger.INFO: Cron ran at: 09-02-2026 07:31:42 AM [] []
[2026-02-09 07:36:37] SlimMonoLogger.INFO: Cron ran at: 09-02-2026 07:36:37 AM [] []
[2026-02-09 07:41:42] SlimMonoLogger.INFO: Cron ran at: 09-02-2026 07:41:42 AM [] []
[2026-02-09 07:46:41] SlimMonoLogger.INFO: Cron ran at: 09-02-2026 07:46:41 AM [] []
[2026-02-09 07:51:37] SlimMonoLogger.INFO: Cron ran at: 09-02-2026 07:51:37 AM [] []
[2026-02-09 07:56:34] SlimMonoLogger.INFO: Cron ran at: 09-02-2026 07:56:34 AM [] []
[2026-02-09 08:01:37] SlimMonoLogger.INFO: Cron ran at: 09-02-2026 08:01:37 AM [] []
[2026-02-09 08:06:49] SlimMonoLogger.INFO: Cron ran at: 09-02-2026 08:06:49 AM [] []
[2026-02-09 08:11:39] SlimMonoLogger.INFO: Cron ran at: 09-02-2026 08:11:39 AM [] []
[2026-02-09 08:17:10] SlimMonoLogger.INFO: Cron ran at: 09-02-2026 08:17:10 AM [] []
[2026-02-09 08:21:47] SlimMonoLogger.INFO: Cron ran at: 09-02-2026 08:21:47 AM [] []
[2026-02-09 08:26:57] SlimMonoLogger.INFO: Cron ran at: 09-02-2026 08:26:57 AM [] []
[2026-02-09 08:32:05] SlimMonoLogger.INFO: Cron ran at: 09-02-2026 08:32:05 AM [] []
[2026-02-09 08:37:25] SlimMonoLogger.INFO: Cron ran at: 09-02-2026 08:37:25 AM [] []
[2026-02-09 08:47:16] SlimMonoLogger.INFO: Cron ran at: 09-02-2026 08:47:16 AM [] []
[2026-02-09 08:52:01] SlimMonoLogger.INFO: Cron ran at: 09-02-2026 08:52:01 AM [] []
[2026-02-09 08:56:52] SlimMonoLogger.INFO: Cron ran at: 09-02-2026 08:56:52 AM [] []
[2026-02-09 09:08:01] SlimMonoLogger.INFO: Cron ran at: 09-02-2026 09:08:01 AM [] []
[2026-02-09 09:12:35] SlimMonoLogger.INFO: Cron ran at: 09-02-2026 09:12:35 AM [] []
[2026-02-09 09:17:37] SlimMonoLogger.INFO: Cron ran at: 09-02-2026 09:17:37 AM [] []
[2026-02-09 09:22:42] SlimMonoLogger.INFO: Cron ran at: 09-02-2026 09:22:42 AM [] []
[2026-02-09 09:27:25] SlimMonoLogger.INFO: Cron ran at: 09-02-2026 09:27:25 AM [] []
[2026-02-09 09:32:21] SlimMonoLogger.INFO: Cron ran at: 09-02-2026 09:32:21 AM [] []
[2026-02-09 09:37:20] SlimMonoLogger.INFO: Cron ran at: 09-02-2026 09:37:20 AM [] []
[2026-02-09 09:48:44] SlimMonoLogger.INFO: Cron ran at: 09-02-2026 09:48:44 AM [] []
[2026-02-09 09:52:38] SlimMonoLogger.INFO: Cron ran at: 09-02-2026 09:52:38 AM [] []
[2026-02-09 10:08:06] SlimMonoLogger.INFO: Cron ran at: 09-02-2026 10:08:06 AM [] []
[2026-02-09 10:12:40] SlimMonoLogger.INFO: Cron ran at: 09-02-2026 10:12:40 AM [] []
[2026-02-09 10:17:39] SlimMonoLogger.INFO: Cron ran at: 09-02-2026 10:17:39 AM [] []
[2026-02-09 10:22:31] SlimMonoLogger.INFO: Cron ran at: 09-02-2026 10:22:31 AM [] []
[2026-02-09 10:28:00] SlimMonoLogger.INFO: Cron ran at: 09-02-2026 10:28:00 AM [] []
[2026-02-09 10:32:39] SlimMonoLogger.INFO: Cron ran at: 09-02-2026 10:32:39 AM [] []
[2026-02-09 10:37:25] SlimMonoLogger.INFO: Cron ran at: 09-02-2026 10:37:25 AM [] []
[2026-02-09 10:42:22] SlimMonoLogger.INFO: Cron ran at: 09-02-2026 10:42:22 AM [] []
[2026-02-09 10:47:44] SlimMonoLogger.INFO: Cron ran at: 09-02-2026 10:47:44 AM [] []
[2026-02-09 10:52:28] SlimMonoLogger.INFO: Cron ran at: 09-02-2026 10:52:28 AM [] []
[2026-02-09 10:57:34] SlimMonoLogger.INFO: Cron ran at: 09-02-2026 10:57:34 AM [] []
[2026-02-09 11:02:50] SlimMonoLogger.INFO: Cron ran at: 09-02-2026 11:02:50 AM [] []
[2026-02-09 11:07:31] SlimMonoLogger.INFO: Cron ran at: 09-02-2026 11:07:31 AM [] []
[2026-02-09 11:12:15] SlimMonoLogger.INFO: Cron ran at: 09-02-2026 11:12:15 AM [] []
[2026-02-09 11:17:27] SlimMonoLogger.INFO: Cron ran at: 09-02-2026 11:17:27 AM [] []
[2026-02-09 11:22:36] SlimMonoLogger.INFO: Cron ran at: 09-02-2026 11:22:36 AM [] []
[2026-02-09 11:27:21] SlimMonoLogger.INFO: Cron ran at: 09-02-2026 11:27:21 AM [] []
[2026-02-09 11:32:32] SlimMonoLogger.INFO: Cron ran at: 09-02-2026 11:32:32 AM [] []
[2026-02-09 11:37:46] SlimMonoLogger.INFO: Cron ran at: 09-02-2026 11:37:46 AM [] []
[2026-02-09 11:42:46] SlimMonoLogger.INFO: Cron ran at: 09-02-2026 11:42:46 AM [] []
[2026-02-09 11:47:32] SlimMonoLogger.INFO: Cron ran at: 09-02-2026 11:47:32 AM [] []
[2026-02-09 11:52:35] SlimMonoLogger.INFO: Cron ran at: 09-02-2026 11:52:35 AM [] []
[2026-02-09 11:57:23] SlimMonoLogger.INFO: Cron ran at: 09-02-2026 11:57:23 AM [] []
[2026-02-09 12:02:45] SlimMonoLogger.INFO: Cron ran at: 09-02-2026 12:02:45 PM [] []
[2026-02-09 12:07:51] SlimMonoLogger.INFO: Cron ran at: 09-02-2026 12:07:51 PM [] []
[2026-02-09 12:12:30] SlimMonoLogger.INFO: Cron ran at: 09-02-2026 12:12:30 PM [] []
[2026-02-09 12:17:20] SlimMonoLogger.INFO: Cron ran at: 09-02-2026 12:17:20 PM [] []
[2026-02-09 12:22:25] SlimMonoLogger.INFO: Cron ran at: 09-02-2026 12:22:25 PM [] []
[2026-02-09 12:27:25] SlimMonoLogger.INFO: Cron ran at: 09-02-2026 12:27:25 PM [] []
[2026-02-09 12:32:21] SlimMonoLogger.INFO: Cron ran at: 09-02-2026 12:32:21 PM [] []
[2026-02-09 12:37:28] SlimMonoLogger.INFO: Cron ran at: 09-02-2026 12:37:28 PM [] []
[2026-02-09 12:42:25] SlimMonoLogger.INFO: Cron ran at: 09-02-2026 12:42:25 PM [] []
[2026-02-09 12:47:24] SlimMonoLogger.INFO: Cron ran at: 09-02-2026 12:47:24 PM [] []
[2026-02-09 12:52:20] SlimMonoLogger.INFO: Cron ran at: 09-02-2026 12:52:20 PM [] []
[2026-02-09 12:57:09] SlimMonoLogger.INFO: Cron ran at: 09-02-2026 12:57:09 PM [] []
[2026-02-09 13:02:11] SlimMonoLogger.INFO: Cron ran at: 09-02-2026 01:02:11 PM [] []
[2026-02-09 13:07:11] SlimMonoLogger.INFO: Cron ran at: 09-02-2026 01:07:11 PM [] []
[2026-02-09 13:12:08] SlimMonoLogger.INFO: Cron ran at: 09-02-2026 01:12:08 PM [] []
[2026-02-09 13:17:15] SlimMonoLogger.INFO: Cron ran at: 09-02-2026 01:17:15 PM [] []
[2026-02-09 13:22:20] SlimMonoLogger.INFO: Cron ran at: 09-02-2026 01:22:20 PM [] []
[2026-02-09 13:27:21] SlimMonoLogger.INFO: Cron ran at: 09-02-2026 01:27:21 PM [] []
[2026-02-09 13:32:20] SlimMonoLogger.INFO: Cron ran at: 09-02-2026 01:32:20 PM [] []
[2026-02-09 13:37:15] SlimMonoLogger.INFO: Cron ran at: 09-02-2026 01:37:15 PM [] []
[2026-02-09 13:42:10] SlimMonoLogger.INFO: Cron ran at: 09-02-2026 01:42:10 PM [] []
[2026-02-09 13:47:25] SlimMonoLogger.INFO: Cron ran at: 09-02-2026 01:47:25 PM [] []
[2026-02-09 13:52:23] SlimMonoLogger.INFO: Cron ran at: 09-02-2026 01:52:23 PM [] []
[2026-02-09 13:57:11] SlimMonoLogger.INFO: Cron ran at: 09-02-2026 01:57:11 PM [] []
[2026-02-09 14:02:22] SlimMonoLogger.INFO: Cron ran at: 09-02-2026 02:02:22 PM [] []
[2026-02-09 14:07:15] SlimMonoLogger.INFO: Cron ran at: 09-02-2026 02:07:15 PM [] []
[2026-02-09 14:12:13] SlimMonoLogger.INFO: Cron ran at: 09-02-2026 02:12:13 PM [] []
[2026-02-09 14:17:05] SlimMonoLogger.INFO: Cron ran at: 09-02-2026 02:17:05 PM [] []
[2026-02-09 14:22:31] SlimMonoLogger.INFO: Cron ran at: 09-02-2026 02:22:31 PM [] []
[2026-02-09 14:27:17] SlimMonoLogger.INFO: Cron ran at: 09-02-2026 02:27:17 PM [] []
[2026-02-09 14:32:25] SlimMonoLogger.INFO: Cron ran at: 09-02-2026 02:32:25 PM [] []
[2026-02-09 14:37:03] SlimMonoLogger.INFO: Cron ran at: 09-02-2026 02:37:03 PM [] []
[2026-02-09 14:42:15] SlimMonoLogger.INFO: Cron ran at: 09-02-2026 02:42:15 PM [] []
[2026-02-09 14:47:12] SlimMonoLogger.INFO: Cron ran at: 09-02-2026 02:47:12 PM [] []
[2026-02-09 14:52:03] SlimMonoLogger.INFO: Cron ran at: 09-02-2026 02:52:03 PM [] []
[2026-02-09 14:57:37] SlimMonoLogger.INFO: Cron ran at: 09-02-2026 02:57:37 PM [] []
[2026-02-09 15:02:23] SlimMonoLogger.INFO: Cron ran at: 09-02-2026 03:02:23 PM [] []
[2026-02-09 15:07:04] SlimMonoLogger.INFO: Cron ran at: 09-02-2026 03:07:04 PM [] []
[2026-02-09 15:12:24] SlimMonoLogger.INFO: Cron ran at: 09-02-2026 03:12:24 PM [] []
[2026-02-09 15:17:15] SlimMonoLogger.INFO: Cron ran at: 09-02-2026 03:17:15 PM [] []
[2026-02-09 15:22:22] SlimMonoLogger.INFO: Cron ran at: 09-02-2026 03:22:22 PM [] []
[2026-02-09 15:27:10] SlimMonoLogger.INFO: Cron ran at: 09-02-2026 03:27:10 PM [] []
[2026-02-09 15:32:09] SlimMonoLogger.INFO: Cron ran at: 09-02-2026 03:32:09 PM [] []
[2026-02-09 15:37:46] SlimMonoLogger.INFO: Cron ran at: 09-02-2026 03:37:46 PM [] []
[2026-02-09 15:42:03] SlimMonoLogger.INFO: Cron ran at: 09-02-2026 03:42:03 PM [] []
[2026-02-09 15:47:14] SlimMonoLogger.INFO: Cron ran at: 09-02-2026 03:47:14 PM [] []
[2026-02-09 15:52:19] SlimMonoLogger.INFO: Cron ran at: 09-02-2026 03:52:19 PM [] []
[2026-02-09 15:57:13] SlimMonoLogger.INFO: Cron ran at: 09-02-2026 03:57:13 PM [] []
[2026-02-09 16:02:13] SlimMonoLogger.INFO: Cron ran at: 09-02-2026 04:02:13 PM [] []
[2026-02-09 16:07:01] SlimMonoLogger.INFO: Cron ran at: 09-02-2026 04:07:01 PM [] []
[2026-02-09 16:12:27] SlimMonoLogger.INFO: Cron ran at: 09-02-2026 04:12:27 PM [] []
[2026-02-09 16:17:05] SlimMonoLogger.INFO: Cron ran at: 09-02-2026 04:17:05 PM [] []
[2026-02-09 16:22:26] SlimMonoLogger.INFO: Cron ran at: 09-02-2026 04:22:26 PM [] []
[2026-02-09 16:27:36] SlimMonoLogger.INFO: Cron ran at: 09-02-2026 04:27:36 PM [] []
[2026-02-09 16:32:07] SlimMonoLogger.INFO: Cron ran at: 09-02-2026 04:32:07 PM [] []
[2026-02-09 16:37:59] SlimMonoLogger.INFO: Cron ran at: 09-02-2026 04:37:59 PM [] []
[2026-02-09 16:42:22] SlimMonoLogger.INFO: Cron ran at: 09-02-2026 04:42:22 PM [] []
[2026-02-09 16:47:10] SlimMonoLogger.INFO: Cron ran at: 09-02-2026 04:47:10 PM [] []
[2026-02-09 16:52:22] SlimMonoLogger.INFO: Cron ran at: 09-02-2026 04:52:22 PM [] []
[2026-02-09 16:57:08] SlimMonoLogger.INFO: Cron ran at: 09-02-2026 04:57:08 PM [] []
[2026-02-09 17:02:05] SlimMonoLogger.INFO: Cron ran at: 09-02-2026 05:02:05 PM [] []
[2026-02-09 17:07:18] SlimMonoLogger.INFO: Cron ran at: 09-02-2026 05:07:18 PM [] []
[2026-02-09 17:12:09] SlimMonoLogger.INFO: Cron ran at: 09-02-2026 05:12:09 PM [] []
[2026-02-09 17:17:10] SlimMonoLogger.INFO: Cron ran at: 09-02-2026 05:17:10 PM [] []
[2026-02-09 17:22:06] SlimMonoLogger.INFO: Cron ran at: 09-02-2026 05:22:06 PM [] []
[2026-02-09 17:27:12] SlimMonoLogger.INFO: Cron ran at: 09-02-2026 05:27:12 PM [] []
[2026-02-09 17:32:06] SlimMonoLogger.INFO: Cron ran at: 09-02-2026 05:32:06 PM [] []
[2026-02-09 17:37:07] SlimMonoLogger.INFO: Cron ran at: 09-02-2026 05:37:07 PM [] []
[2026-02-09 17:42:20] SlimMonoLogger.INFO: Cron ran at: 09-02-2026 05:42:20 PM [] []
[2026-02-09 17:47:10] SlimMonoLogger.INFO: Cron ran at: 09-02-2026 05:47:10 PM [] []
[2026-02-09 17:52:13] SlimMonoLogger.INFO: Cron ran at: 09-02-2026 05:52:13 PM [] []
[2026-02-09 17:57:11] SlimMonoLogger.INFO: Cron ran at: 09-02-2026 05:57:11 PM [] []
[2026-02-09 18:02:27] SlimMonoLogger.INFO: Cron ran at: 09-02-2026 06:02:27 PM [] []
[2026-02-09 18:06:50] SlimMonoLogger.INFO: Cron ran at: 09-02-2026 06:06:50 PM [] []
[2026-02-09 18:11:55] SlimMonoLogger.INFO: Cron ran at: 09-02-2026 06:11:55 PM [] []
[2026-02-09 18:16:56] SlimMonoLogger.INFO: Cron ran at: 09-02-2026 06:16:56 PM [] []
[2026-02-09 18:21:57] SlimMonoLogger.INFO: Cron ran at: 09-02-2026 06:21:57 PM [] []
[2026-02-09 18:26:37] SlimMonoLogger.INFO: Cron ran at: 09-02-2026 06:26:37 PM [] []
[2026-02-09 18:32:00] SlimMonoLogger.INFO: Cron ran at: 09-02-2026 06:32:00 PM [] []
[2026-02-09 18:36:51] SlimMonoLogger.INFO: Cron ran at: 09-02-2026 06:36:51 PM [] []
[2026-02-09 18:42:10] SlimMonoLogger.INFO: Cron ran at: 09-02-2026 06:42:10 PM [] []
[2026-02-09 18:46:53] SlimMonoLogger.INFO: Cron ran at: 09-02-2026 06:46:53 PM [] []
[2026-02-09 18:51:59] SlimMonoLogger.INFO: Cron ran at: 09-02-2026 06:51:59 PM [] []
[2026-02-09 18:56:46] SlimMonoLogger.INFO: Cron ran at: 09-02-2026 06:56:46 PM [] []
[2026-02-09 19:01:56] SlimMonoLogger.INFO: Cron ran at: 09-02-2026 07:01:56 PM [] []
[2026-02-09 19:06:43] SlimMonoLogger.INFO: Cron ran at: 09-02-2026 07:06:43 PM [] []
[2026-02-09 19:11:52] SlimMonoLogger.INFO: Cron ran at: 09-02-2026 07:11:52 PM [] []
[2026-02-09 19:16:49] SlimMonoLogger.INFO: Cron ran at: 09-02-2026 07:16:49 PM [] []
[2026-02-09 19:21:41] SlimMonoLogger.INFO: Cron ran at: 09-02-2026 07:21:41 PM [] []
[2026-02-09 19:26:56] SlimMonoLogger.INFO: Cron ran at: 09-02-2026 07:26:56 PM [] []
[2026-02-09 19:31:52] SlimMonoLogger.INFO: Cron ran at: 09-02-2026 07:31:52 PM [] []
[2026-02-09 19:36:53] SlimMonoLogger.INFO: Cron ran at: 09-02-2026 07:36:53 PM [] []
[2026-02-09 19:41:58] SlimMonoLogger.INFO: Cron ran at: 09-02-2026 07:41:58 PM [] []
[2026-02-09 19:46:49] SlimMonoLogger.INFO: Cron ran at: 09-02-2026 07:46:49 PM [] []
[2026-02-09 19:51:59] SlimMonoLogger.INFO: Cron ran at: 09-02-2026 07:51:59 PM [] []
[2026-02-09 19:56:54] SlimMonoLogger.INFO: Cron ran at: 09-02-2026 07:56:54 PM [] []
[2026-02-09 20:01:54] SlimMonoLogger.INFO: Cron ran at: 09-02-2026 08:01:54 PM [] []
[2026-02-09 20:06:51] SlimMonoLogger.INFO: Cron ran at: 09-02-2026 08:06:51 PM [] []
[2026-02-09 20:12:02] SlimMonoLogger.INFO: Cron ran at: 09-02-2026 08:12:02 PM [] []
[2026-02-09 20:16:45] SlimMonoLogger.INFO: Cron ran at: 09-02-2026 08:16:45 PM [] []
[2026-02-09 20:21:53] SlimMonoLogger.INFO: Cron ran at: 09-02-2026 08:21:53 PM [] []
[2026-02-09 20:26:39] SlimMonoLogger.INFO: Cron ran at: 09-02-2026 08:26:39 PM [] []
[2026-02-09 20:31:47] SlimMonoLogger.INFO: Cron ran at: 09-02-2026 08:31:47 PM [] []
[2026-02-09 20:36:43] SlimMonoLogger.INFO: Cron ran at: 09-02-2026 08:36:43 PM [] []
[2026-02-09 20:41:53] SlimMonoLogger.INFO: Cron ran at: 09-02-2026 08:41:53 PM [] []
[2026-02-09 20:46:58] SlimMonoLogger.INFO: Cron ran at: 09-02-2026 08:46:58 PM [] []
[2026-02-09 20:52:08] SlimMonoLogger.INFO: Cron ran at: 09-02-2026 08:52:08 PM [] []
[2026-02-09 20:56:47] SlimMonoLogger.INFO: Cron ran at: 09-02-2026 08:56:47 PM [] []
[2026-02-09 21:02:16] SlimMonoLogger.INFO: Cron ran at: 09-02-2026 09:02:16 PM [] []
[2026-02-09 21:06:46] SlimMonoLogger.INFO: Cron ran at: 09-02-2026 09:06:46 PM [] []
[2026-02-09 21:12:00] SlimMonoLogger.INFO: Cron ran at: 09-02-2026 09:12:00 PM [] []
[2026-02-09 21:17:42] SlimMonoLogger.INFO: Cron ran at: 09-02-2026 09:17:42 PM [] []
[2026-02-09 21:21:50] SlimMonoLogger.INFO: Cron ran at: 09-02-2026 09:21:50 PM [] []
[2026-02-09 21:26:49] SlimMonoLogger.INFO: Cron ran at: 09-02-2026 09:26:49 PM [] []
[2026-02-09 21:31:48] SlimMonoLogger.INFO: Cron ran at: 09-02-2026 09:31:48 PM [] []
[2026-02-09 21:44:00] SlimMonoLogger.ERROR: Requests_Exception: cURL error 28: Connection timed out after 500001 milliseconds in /home/latihtal/public_html/agregator1/src/vendor/rmccue/requests/library/Requests/Transport/cURL.php:422
Stack trace:
#0 /home/latihtal/public_html/agregator1/src/vendor/rmccue/requests/library/Requests/Transport/cURL.php(177): Requests_Transport_cURL->process_response()
#1 /home/latihtal/public_html/agregator1/src/vendor/rmccue/requests/library/Requests.php(379): Requests_Transport_cURL->request()
#2 /home/latihtal/public_html/agregator1/src/vendor/rmccue/requests/library/Requests/Session.php(205): Requests::request()
#3 /home/latihtal/public_html/agregator1/src/vendor/rmccue/requests/library/Requests/Session.php(132): Requests_Session->request()
#4 /home/latihtal/public_html/agregator1/src/drivers/Http/RssImporter.php(144): Requests_Session->get()
#5 /home/latihtal/public_html/agregator1/src/controllers/Dashboard/DashboardFeedsController.php(534): spark\drivers\Http\RssImporter->fetchPosts()
#6 /home/latihtal/public_html/agregator1/src/controllers/Site/SiteController.php(722): spark\controllers\Dashboard\DashboardFeedsController::importFeedPosts()
#7 [internal function]: spark\controllers\Site\SiteController->runTasks()
#8 /home/latihtal/public_html/agregator1/src/framework/Route.php(173): call_user_func_array()
#9 [internal function]: Slim\Route->Slim\{closure}()
#10 /home/latihtal/public_html/agregator1/src/framework/Route.php(468): call_user_func_array()
#11 /home/latihtal/public_html/agregator1/src/framework/Slim.php(1364): Slim\Route->dispatch()
#12 /home/latihtal/public_html/agregator1/src/framework/Middleware/Flash.php(85): Slim\Slim->call()
#13 /home/latihtal/public_html/agregator1/src/framework/Middleware/MethodOverride.php(92): Slim\Middleware\Flash->call()
#14 /home/latihtal/public_html/agregator1/src/middlewares/CsrfGuard/CsrfGuard.php(47): Slim\Middleware\MethodOverride->call()
#15 /home/latihtal/public_html/agregator1/src/framework/Middleware/PrettyExceptions.php(67): spark\middlewares\CsrfGuard\CsrfGuard->call()
#16 /home/latihtal/public_html/agregator1/src/framework/Slim.php(1308): Slim\Middleware\PrettyExceptions->call()
#17 /home/latihtal/public_html/agregator1/index.php(6): Slim\Slim->run()
#18 {main} [] []
[2026-02-09 21:45:30] SlimMonoLogger.INFO: Cron ran at: 09-02-2026 09:45:30 PM [] []
[2026-02-09 21:46:49] SlimMonoLogger.INFO: Cron ran at: 09-02-2026 09:46:49 PM [] []
[2026-02-09 21:49:49] SlimMonoLogger.ERROR: Requests_Exception: cURL error 28: Connection timed out after 500003 milliseconds in /home/latihtal/public_html/agregator1/src/vendor/rmccue/requests/library/Requests/Transport/cURL.php:422
Stack trace:
#0 /home/latihtal/public_html/agregator1/src/vendor/rmccue/requests/library/Requests/Transport/cURL.php(177): Requests_Transport_cURL->process_response()
#1 /home/latihtal/public_html/agregator1/src/vendor/rmccue/requests/library/Requests.php(379): Requests_Transport_cURL->request()
#2 /home/latihtal/public_html/agregator1/src/vendor/rmccue/requests/library/Requests/Session.php(205): Requests::request()
#3 /home/latihtal/public_html/agregator1/src/vendor/rmccue/requests/library/Requests/Session.php(132): Requests_Session->request()
#4 /home/latihtal/public_html/agregator1/src/drivers/Http/RssImporter.php(144): Requests_Session->get()
#5 /home/latihtal/public_html/agregator1/src/controllers/Dashboard/DashboardFeedsController.php(534): spark\drivers\Http\RssImporter->fetchPosts()
#6 /home/latihtal/public_html/agregator1/src/controllers/Site/SiteController.php(722): spark\controllers\Dashboard\DashboardFeedsController::importFeedPosts()
#7 [internal function]: spark\controllers\Site\SiteController->runTasks()
#8 /home/latihtal/public_html/agregator1/src/framework/Route.php(173): call_user_func_array()
#9 [internal function]: Slim\Route->Slim\{closure}()
#10 /home/latihtal/public_html/agregator1/src/framework/Route.php(468): call_user_func_array()
#11 /home/latihtal/public_html/agregator1/src/framework/Slim.php(1364): Slim\Route->dispatch()
#12 /home/latihtal/public_html/agregator1/src/framework/Middleware/Flash.php(85): Slim\Slim->call()
#13 /home/latihtal/public_html/agregator1/src/framework/Middleware/MethodOverride.php(92): Slim\Middleware\Flash->call()
#14 /home/latihtal/public_html/agregator1/src/middlewares/CsrfGuard/CsrfGuard.php(47): Slim\Middleware\MethodOverride->call()
#15 /home/latihtal/public_html/agregator1/src/framework/Middleware/PrettyExceptions.php(67): spark\middlewares\CsrfGuard\CsrfGuard->call()
#16 /home/latihtal/public_html/agregator1/src/framework/Slim.php(1308): Slim\Middleware\PrettyExceptions->call()
#17 /home/latihtal/public_html/agregator1/index.php(6): Slim\Slim->run()
#18 {main} [] []
[2026-02-09 21:50:33] SlimMonoLogger.INFO: Cron ran at: 09-02-2026 09:50:33 PM [] []
[2026-02-09 21:51:41] SlimMonoLogger.INFO: Cron ran at: 09-02-2026 09:51:41 PM [] []
[2026-02-09 21:56:45] SlimMonoLogger.INFO: Cron ran at: 09-02-2026 09:56:45 PM [] []
[2026-02-09 22:02:18] SlimMonoLogger.INFO: Cron ran at: 09-02-2026 10:02:18 PM [] []
[2026-02-09 22:07:07] SlimMonoLogger.INFO: Cron ran at: 09-02-2026 10:07:07 PM [] []
[2026-02-09 22:12:04] SlimMonoLogger.INFO: Cron ran at: 09-02-2026 10:12:04 PM [] []
[2026-02-09 22:17:14] SlimMonoLogger.INFO: Cron ran at: 09-02-2026 10:17:14 PM [] []
[2026-02-09 22:21:55] SlimMonoLogger.INFO: Cron ran at: 09-02-2026 10:21:55 PM [] []
[2026-02-09 22:26:54] SlimMonoLogger.INFO: Cron ran at: 09-02-2026 10:26:54 PM [] []
[2026-02-09 22:31:52] SlimMonoLogger.INFO: Cron ran at: 09-02-2026 10:31:52 PM [] []
[2026-02-09 22:36:45] SlimMonoLogger.INFO: Cron ran at: 09-02-2026 10:36:45 PM [] []
[2026-02-09 22:41:49] SlimMonoLogger.INFO: Cron ran at: 09-02-2026 10:41:49 PM [] []
[2026-02-09 22:47:01] SlimMonoLogger.INFO: Cron ran at: 09-02-2026 10:47:01 PM [] []
[2026-02-09 22:51:44] SlimMonoLogger.INFO: Cron ran at: 09-02-2026 10:51:44 PM [] []
[2026-02-09 22:56:51] SlimMonoLogger.INFO: Cron ran at: 09-02-2026 10:56:51 PM [] []
[2026-02-09 23:01:52] SlimMonoLogger.INFO: Cron ran at: 09-02-2026 11:01:52 PM [] []
[2026-02-09 23:06:39] SlimMonoLogger.INFO: Cron ran at: 09-02-2026 11:06:39 PM [] []
[2026-02-09 23:11:52] SlimMonoLogger.INFO: Cron ran at: 09-02-2026 11:11:52 PM [] []
[2026-02-09 23:21:43] SlimMonoLogger.INFO: Cron ran at: 09-02-2026 11:21:43 PM [] []
[2026-02-09 23:25:04] SlimMonoLogger.ERROR: Requests_Exception: cURL error 28: Connection timed out after 500001 milliseconds in /home/latihtal/public_html/agregator1/src/vendor/rmccue/requests/library/Requests/Transport/cURL.php:422
Stack trace:
#0 /home/latihtal/public_html/agregator1/src/vendor/rmccue/requests/library/Requests/Transport/cURL.php(177): Requests_Transport_cURL->process_response()
#1 /home/latihtal/public_html/agregator1/src/vendor/rmccue/requests/library/Requests.php(379): Requests_Transport_cURL->request()
#2 /home/latihtal/public_html/agregator1/src/vendor/rmccue/requests/library/Requests/Session.php(205): Requests::request()
#3 /home/latihtal/public_html/agregator1/src/vendor/rmccue/requests/library/Requests/Session.php(132): Requests_Session->request()
#4 /home/latihtal/public_html/agregator1/src/drivers/Http/RssImporter.php(144): Requests_Session->get()
#5 /home/latihtal/public_html/agregator1/src/controllers/Dashboard/DashboardFeedsController.php(534): spark\drivers\Http\RssImporter->fetchPosts()
#6 /home/latihtal/public_html/agregator1/src/controllers/Site/SiteController.php(722): spark\controllers\Dashboard\DashboardFeedsController::importFeedPosts()
#7 [internal function]: spark\controllers\Site\SiteController->runTasks()
#8 /home/latihtal/public_html/agregator1/src/framework/Route.php(173): call_user_func_array()
#9 [internal function]: Slim\Route->Slim\{closure}()
#10 /home/latihtal/public_html/agregator1/src/framework/Route.php(468): call_user_func_array()
#11 /home/latihtal/public_html/agregator1/src/framework/Slim.php(1364): Slim\Route->dispatch()
#12 /home/latihtal/public_html/agregator1/src/framework/Middleware/Flash.php(85): Slim\Slim->call()
#13 /home/latihtal/public_html/agregator1/src/framework/Middleware/MethodOverride.php(92): Slim\Middleware\Flash->call()
#14 /home/latihtal/public_html/agregator1/src/middlewares/CsrfGuard/CsrfGuard.php(47): Slim\Middleware\MethodOverride->call()
#15 /home/latihtal/public_html/agregator1/src/framework/Middleware/PrettyExceptions.php(67): spark\middlewares\CsrfGuard\CsrfGuard->call()
#16 /home/latihtal/public_html/agregator1/src/framework/Slim.php(1308): Slim\Middleware\PrettyExceptions->call()
#17 /home/latihtal/public_html/agregator1/index.php(6): Slim\Slim->run()
#18 {main} [] []
[2026-02-09 23:25:25] SlimMonoLogger.INFO: Cron ran at: 09-02-2026 11:25:25 PM [] []
[2026-02-09 23:26:48] SlimMonoLogger.INFO: Cron ran at: 09-02-2026 11:26:48 PM [] []
[2026-02-09 23:31:34] SlimMonoLogger.INFO: Cron ran at: 09-02-2026 11:31:34 PM [] []
[2026-02-09 23:36:36] SlimMonoLogger.INFO: Cron ran at: 09-02-2026 11:36:36 PM [] []
[2026-02-09 23:41:32] SlimMonoLogger.INFO: Cron ran at: 09-02-2026 11:41:32 PM [] []
[2026-02-09 23:46:49] SlimMonoLogger.INFO: Cron ran at: 09-02-2026 11:46:49 PM [] []
[2026-02-09 23:51:30] SlimMonoLogger.INFO: Cron ran at: 09-02-2026 11:51:30 PM [] []
[2026-02-09 23:56:32] SlimMonoLogger.INFO: Cron ran at: 09-02-2026 11:56:32 PM [] []
[2026-02-10 00:01:31] SlimMonoLogger.INFO: Cron ran at: 10-02-2026 12:01:31 AM [] []
[2026-02-10 00:13:28] SlimMonoLogger.ERROR: Requests_Exception: cURL error 28: Connection timed out after 500001 milliseconds in /home/latihtal/public_html/agregator1/src/vendor/rmccue/requests/library/Requests/Transport/cURL.php:422
Stack trace:
#0 /home/latihtal/public_html/agregator1/src/vendor/rmccue/requests/library/Requests/Transport/cURL.php(177): Requests_Transport_cURL->process_response()
#1 /home/latihtal/public_html/agregator1/src/vendor/rmccue/requests/library/Requests.php(379): Requests_Transport_cURL->request()
#2 /home/latihtal/public_html/agregator1/src/vendor/rmccue/requests/library/Requests/Session.php(205): Requests::request()
#3 /home/latihtal/public_html/agregator1/src/vendor/rmccue/requests/library/Requests/Session.php(132): Requests_Session->request()
#4 /home/latihtal/public_html/agregator1/src/drivers/Http/RssImporter.php(144): Requests_Session->get()
#5 /home/latihtal/public_html/agregator1/src/controllers/Dashboard/DashboardFeedsController.php(534): spark\drivers\Http\RssImporter->fetchPosts()
#6 /home/latihtal/public_html/agregator1/src/controllers/Site/SiteController.php(722): spark\controllers\Dashboard\DashboardFeedsController::importFeedPosts()
#7 [internal function]: spark\controllers\Site\SiteController->runTasks()
#8 /home/latihtal/public_html/agregator1/src/framework/Route.php(173): call_user_func_array()
#9 [internal function]: Slim\Route->Slim\{closure}()
#10 /home/latihtal/public_html/agregator1/src/framework/Route.php(468): call_user_func_array()
#11 /home/latihtal/public_html/agregator1/src/framework/Slim.php(1364): Slim\Route->dispatch()
#12 /home/latihtal/public_html/agregator1/src/framework/Middleware/Flash.php(85): Slim\Slim->call()
#13 /home/latihtal/public_html/agregator1/src/framework/Middleware/MethodOverride.php(92): Slim\Middleware\Flash->call()
#14 /home/latihtal/public_html/agregator1/src/middlewares/CsrfGuard/CsrfGuard.php(47): Slim\Middleware\MethodOverride->call()
#15 /home/latihtal/public_html/agregator1/src/framework/Middleware/PrettyExceptions.php(67): spark\middlewares\CsrfGuard\CsrfGuard->call()
#16 /home/latihtal/public_html/agregator1/src/framework/Slim.php(1308): Slim\Middleware\PrettyExceptions->call()
#17 /home/latihtal/public_html/agregator1/index.php(6): Slim\Slim->run()
#18 {main} [] []
[2026-02-10 00:14:49] SlimMonoLogger.INFO: Cron ran at: 10-02-2026 12:14:49 AM [] []
[2026-02-10 00:16:30] SlimMonoLogger.INFO: Cron ran at: 10-02-2026 12:16:30 AM [] []
[2026-02-10 00:18:30] SlimMonoLogger.ERROR: Requests_Exception: cURL error 28: Operation timed out after 500002 milliseconds with 19821 bytes received in /home/latihtal/public_html/agregator1/src/vendor/rmccue/requests/library/Requests/Transport/cURL.php:422
Stack trace:
#0 /home/latihtal/public_html/agregator1/src/vendor/rmccue/requests/library/Requests/Transport/cURL.php(177): Requests_Transport_cURL->process_response()
#1 /home/latihtal/public_html/agregator1/src/vendor/rmccue/requests/library/Requests.php(379): Requests_Transport_cURL->request()
#2 /home/latihtal/public_html/agregator1/src/vendor/rmccue/requests/library/Requests/Session.php(205): Requests::request()
#3 /home/latihtal/public_html/agregator1/src/vendor/rmccue/requests/library/Requests/Session.php(132): Requests_Session->request()
#4 /home/latihtal/public_html/agregator1/src/drivers/Http/RssImporter.php(144): Requests_Session->get()
#5 /home/latihtal/public_html/agregator1/src/controllers/Dashboard/DashboardFeedsController.php(534): spark\drivers\Http\RssImporter->fetchPosts()
#6 /home/latihtal/public_html/agregator1/src/controllers/Site/SiteController.php(722): spark\controllers\Dashboard\DashboardFeedsController::importFeedPosts()
#7 [internal function]: spark\controllers\Site\SiteController->runTasks()
#8 /home/latihtal/public_html/agregator1/src/framework/Route.php(173): call_user_func_array()
#9 [internal function]: Slim\Route->Slim\{closure}()
#10 /home/latihtal/public_html/agregator1/src/framework/Route.php(468): call_user_func_array()
#11 /home/latihtal/public_html/agregator1/src/framework/Slim.php(1364): Slim\Route->dispatch()
#12 /home/latihtal/public_html/agregator1/src/framework/Middleware/Flash.php(85): Slim\Slim->call()
#13 /home/latihtal/public_html/agregator1/src/framework/Middleware/MethodOverride.php(92): Slim\Middleware\Flash->call()
#14 /home/latihtal/public_html/agregator1/src/middlewares/CsrfGuard/CsrfGuard.php(47): Slim\Middleware\MethodOverride->call()
#15 /home/latihtal/public_html/agregator1/src/framework/Middleware/PrettyExceptions.php(67): spark\middlewares\CsrfGuard\CsrfGuard->call()
#16 /home/latihtal/public_html/agregator1/src/framework/Slim.php(1308): Slim\Middleware\PrettyExceptions->call()
#17 /home/latihtal/public_html/agregator1/index.php(6): Slim\Slim->run()
#18 {main} [] []
[2026-02-10 00:19:46] SlimMonoLogger.INFO: Cron ran at: 10-02-2026 12:19:46 AM [] []
[2026-02-10 00:21:25] SlimMonoLogger.INFO: Cron ran at: 10-02-2026 12:21:25 AM [] []
[2026-02-10 00:26:25] SlimMonoLogger.INFO: Cron ran at: 10-02-2026 12:26:25 AM [] []
[2026-02-10 00:31:37] SlimMonoLogger.INFO: Cron ran at: 10-02-2026 12:31:37 AM [] []
[2026-02-10 00:36:33] SlimMonoLogger.INFO: Cron ran at: 10-02-2026 12:36:33 AM [] []
[2026-02-10 00:41:26] SlimMonoLogger.INFO: Cron ran at: 10-02-2026 12:41:26 AM [] []
[2026-02-10 00:46:26] SlimMonoLogger.INFO: Cron ran at: 10-02-2026 12:46:26 AM [] []
[2026-02-10 00:51:36] SlimMonoLogger.INFO: Cron ran at: 10-02-2026 12:51:36 AM [] []
[2026-02-10 00:56:21] SlimMonoLogger.INFO: Cron ran at: 10-02-2026 12:56:21 AM [] []
