[2025-12-09 01:00:59] SlimMonoLogger.INFO: Cron ran at: 09-12-2025 01:00:59 AM [] []
[2025-12-09 01:05:55] SlimMonoLogger.INFO: Cron ran at: 09-12-2025 01:05:55 AM [] []
[2025-12-09 01:10:52] SlimMonoLogger.INFO: Cron ran at: 09-12-2025 01:10:52 AM [] []
[2025-12-09 01:15:54] SlimMonoLogger.INFO: Cron ran at: 09-12-2025 01:15:54 AM [] []
[2025-12-09 01:20:55] SlimMonoLogger.INFO: Cron ran at: 09-12-2025 01:20:55 AM [] []
[2025-12-09 01:25:52] SlimMonoLogger.INFO: Cron ran at: 09-12-2025 01:25:52 AM [] []
[2025-12-09 01:30:53] SlimMonoLogger.INFO: Cron ran at: 09-12-2025 01:30:53 AM [] []
[2025-12-09 01:35:50] SlimMonoLogger.INFO: Cron ran at: 09-12-2025 01:35:50 AM [] []
[2025-12-09 01:40:48] SlimMonoLogger.INFO: Cron ran at: 09-12-2025 01:40:48 AM [] []
[2025-12-09 01:45:50] SlimMonoLogger.INFO: Cron ran at: 09-12-2025 01:45:50 AM [] []
[2025-12-09 01:50:51] SlimMonoLogger.INFO: Cron ran at: 09-12-2025 01:50:51 AM [] []
[2025-12-09 01:55:52] SlimMonoLogger.INFO: Cron ran at: 09-12-2025 01:55:52 AM [] []
[2025-12-09 02:00:57] SlimMonoLogger.INFO: Cron ran at: 09-12-2025 02:00:57 AM [] []
[2025-12-09 02:06:01] SlimMonoLogger.INFO: Cron ran at: 09-12-2025 02:06:01 AM [] []
[2025-12-09 02:11:13] SlimMonoLogger.INFO: Cron ran at: 09-12-2025 02:11:13 AM [] []
[2025-12-09 02:15:59] SlimMonoLogger.INFO: Cron ran at: 09-12-2025 02:15:59 AM [] []
[2025-12-09 02:21:10] SlimMonoLogger.INFO: Cron ran at: 09-12-2025 02:21:10 AM [] []
[2025-12-09 02:26:08] SlimMonoLogger.INFO: Cron ran at: 09-12-2025 02:26:08 AM [] []
[2025-12-09 02:31:11] SlimMonoLogger.INFO: Cron ran at: 09-12-2025 02:31:11 AM [] []
[2025-12-09 02:36:12] SlimMonoLogger.INFO: Cron ran at: 09-12-2025 02:36:12 AM [] []
[2025-12-09 02:41:04] SlimMonoLogger.INFO: Cron ran at: 09-12-2025 02:41:04 AM [] []
[2025-12-09 02:46:01] SlimMonoLogger.INFO: Cron ran at: 09-12-2025 02:46:01 AM [] []
[2025-12-09 02:51:03] SlimMonoLogger.INFO: Cron ran at: 09-12-2025 02:51:03 AM [] []
[2025-12-09 02:56:01] SlimMonoLogger.INFO: Cron ran at: 09-12-2025 02:56:01 AM [] []
[2025-12-09 03:01:06] SlimMonoLogger.INFO: Cron ran at: 09-12-2025 03:01:06 AM [] []
[2025-12-09 03:06:00] SlimMonoLogger.INFO: Cron ran at: 09-12-2025 03:06:00 AM [] []
[2025-12-09 03:11:02] SlimMonoLogger.INFO: Cron ran at: 09-12-2025 03:11:02 AM [] []
[2025-12-09 03:15:57] SlimMonoLogger.INFO: Cron ran at: 09-12-2025 03:15:57 AM [] []
[2025-12-09 03:21:01] SlimMonoLogger.INFO: Cron ran at: 09-12-2025 03:21:01 AM [] []
[2025-12-09 03:25:59] SlimMonoLogger.INFO: Cron ran at: 09-12-2025 03:25:59 AM [] []
[2025-12-09 03:31:06] SlimMonoLogger.INFO: Cron ran at: 09-12-2025 03:31:06 AM [] []
[2025-12-09 03:36:03] SlimMonoLogger.INFO: Cron ran at: 09-12-2025 03:36:03 AM [] []
[2025-12-09 03:41:02] SlimMonoLogger.INFO: Cron ran at: 09-12-2025 03:41:02 AM [] []
[2025-12-09 03:45:57] SlimMonoLogger.INFO: Cron ran at: 09-12-2025 03:45:57 AM [] []
[2025-12-09 03:51:06] SlimMonoLogger.INFO: Cron ran at: 09-12-2025 03:51:06 AM [] []
[2025-12-09 03:56:03] SlimMonoLogger.INFO: Cron ran at: 09-12-2025 03:56:03 AM [] []
[2025-12-09 04:01:02] SlimMonoLogger.INFO: Cron ran at: 09-12-2025 04:01:02 AM [] []
[2025-12-09 04:06:00] SlimMonoLogger.INFO: Cron ran at: 09-12-2025 04:06:00 AM [] []
[2025-12-09 04:10:58] SlimMonoLogger.INFO: Cron ran at: 09-12-2025 04:10:58 AM [] []
[2025-12-09 04:16:01] SlimMonoLogger.INFO: Cron ran at: 09-12-2025 04:16:01 AM [] []
[2025-12-09 04:21:00] SlimMonoLogger.INFO: Cron ran at: 09-12-2025 04:21:00 AM [] []
[2025-12-09 04:25:59] SlimMonoLogger.INFO: Cron ran at: 09-12-2025 04:25:59 AM [] []
[2025-12-09 04:30:59] SlimMonoLogger.INFO: Cron ran at: 09-12-2025 04:30:59 AM [] []
[2025-12-09 04:35:58] SlimMonoLogger.INFO: Cron ran at: 09-12-2025 04:35:58 AM [] []
[2025-12-09 04:40:58] SlimMonoLogger.INFO: Cron ran at: 09-12-2025 04:40:58 AM [] []
[2025-12-09 04:46:03] SlimMonoLogger.INFO: Cron ran at: 09-12-2025 04:46:03 AM [] []
[2025-12-09 04:51:02] SlimMonoLogger.INFO: Cron ran at: 09-12-2025 04:51:02 AM [] []
[2025-12-09 04:56:03] SlimMonoLogger.INFO: Cron ran at: 09-12-2025 04:56:03 AM [] []
[2025-12-09 05:01:02] SlimMonoLogger.INFO: Cron ran at: 09-12-2025 05:01:02 AM [] []
[2025-12-09 05:06:03] SlimMonoLogger.INFO: Cron ran at: 09-12-2025 05:06:03 AM [] []
[2025-12-09 05:11:03] SlimMonoLogger.INFO: Cron ran at: 09-12-2025 05:11:03 AM [] []
[2025-12-09 05:16:12] SlimMonoLogger.INFO: Cron ran at: 09-12-2025 05:16:12 AM [] []
[2025-12-09 05:21:02] SlimMonoLogger.INFO: Cron ran at: 09-12-2025 05:21:02 AM [] []
[2025-12-09 05:26:09] SlimMonoLogger.INFO: Cron ran at: 09-12-2025 05:26:09 AM [] []
[2025-12-09 05:31:03] SlimMonoLogger.INFO: Cron ran at: 09-12-2025 05:31:03 AM [] []
[2025-12-09 05:35:58] SlimMonoLogger.INFO: Cron ran at: 09-12-2025 05:35:58 AM [] []
[2025-12-09 05:41:03] SlimMonoLogger.INFO: Cron ran at: 09-12-2025 05:41:03 AM [] []
[2025-12-09 05:46:00] SlimMonoLogger.INFO: Cron ran at: 09-12-2025 05:46:00 AM [] []
[2025-12-09 05:50:58] SlimMonoLogger.INFO: Cron ran at: 09-12-2025 05:50:58 AM [] []
[2025-12-09 05:55:59] SlimMonoLogger.INFO: Cron ran at: 09-12-2025 05:55:59 AM [] []
[2025-12-09 06:02:00] SlimMonoLogger.INFO: Cron ran at: 09-12-2025 06:02:00 AM [] []
[2025-12-09 06:06:01] SlimMonoLogger.INFO: Cron ran at: 09-12-2025 06:06:01 AM [] []
[2025-12-09 06:10:59] SlimMonoLogger.INFO: Cron ran at: 09-12-2025 06:10:59 AM [] []
[2025-12-09 06:16:04] SlimMonoLogger.INFO: Cron ran at: 09-12-2025 06:16:04 AM [] []
[2025-12-09 06:21:00] SlimMonoLogger.INFO: Cron ran at: 09-12-2025 06:21:00 AM [] []
[2025-12-09 06:26:01] SlimMonoLogger.INFO: Cron ran at: 09-12-2025 06:26:01 AM [] []
[2025-12-09 06:31:05] SlimMonoLogger.INFO: Cron ran at: 09-12-2025 06:31:05 AM [] []
[2025-12-09 06:36:06] SlimMonoLogger.INFO: Cron ran at: 09-12-2025 06:36:06 AM [] []
[2025-12-09 06:41:03] SlimMonoLogger.INFO: Cron ran at: 09-12-2025 06:41:03 AM [] []
[2025-12-09 06:46:03] SlimMonoLogger.INFO: Cron ran at: 09-12-2025 06:46:03 AM [] []
[2025-12-09 06:51:01] SlimMonoLogger.INFO: Cron ran at: 09-12-2025 06:51:01 AM [] []
[2025-12-09 06:56:02] SlimMonoLogger.INFO: Cron ran at: 09-12-2025 06:56:02 AM [] []
[2025-12-09 07:01:05] SlimMonoLogger.INFO: Cron ran at: 09-12-2025 07:01:05 AM [] []
[2025-12-09 07:06:05] SlimMonoLogger.INFO: Cron ran at: 09-12-2025 07:06:05 AM [] []
[2025-12-09 07:11:04] SlimMonoLogger.INFO: Cron ran at: 09-12-2025 07:11:04 AM [] []
[2025-12-09 07:16:01] SlimMonoLogger.INFO: Cron ran at: 09-12-2025 07:16:01 AM [] []
[2025-12-09 07:21:01] SlimMonoLogger.INFO: Cron ran at: 09-12-2025 07:21:01 AM [] []
[2025-12-09 07:26:05] SlimMonoLogger.INFO: Cron ran at: 09-12-2025 07:26:05 AM [] []
[2025-12-09 07:31:10] SlimMonoLogger.INFO: Cron ran at: 09-12-2025 07:31:10 AM [] []
[2025-12-09 07:36:04] SlimMonoLogger.INFO: Cron ran at: 09-12-2025 07:36:04 AM [] []
[2025-12-09 07:41:03] SlimMonoLogger.INFO: Cron ran at: 09-12-2025 07:41:03 AM [] []
[2025-12-09 07:46:01] SlimMonoLogger.INFO: Cron ran at: 09-12-2025 07:46:01 AM [] []
[2025-12-09 07:51:01] SlimMonoLogger.INFO: Cron ran at: 09-12-2025 07:51:01 AM [] []
[2025-12-09 07:56:03] SlimMonoLogger.INFO: Cron ran at: 09-12-2025 07:56:03 AM [] []
[2025-12-09 08:01:06] SlimMonoLogger.INFO: Cron ran at: 09-12-2025 08:01:06 AM [] []
[2025-12-09 08:06:05] SlimMonoLogger.INFO: Cron ran at: 09-12-2025 08:06:05 AM [] []
[2025-12-09 08:11:04] SlimMonoLogger.INFO: Cron ran at: 09-12-2025 08:11:04 AM [] []
[2025-12-09 08:16:05] SlimMonoLogger.INFO: Cron ran at: 09-12-2025 08:16:05 AM [] []
[2025-12-09 08:21:04] SlimMonoLogger.INFO: Cron ran at: 09-12-2025 08:21:04 AM [] []
[2025-12-09 08:26:07] SlimMonoLogger.INFO: Cron ran at: 09-12-2025 08:26:07 AM [] []
[2025-12-09 08:31:11] SlimMonoLogger.INFO: Cron ran at: 09-12-2025 08:31:11 AM [] []
[2025-12-09 08:36:09] SlimMonoLogger.INFO: Cron ran at: 09-12-2025 08:36:09 AM [] []
[2025-12-09 08:41:20] SlimMonoLogger.INFO: Cron ran at: 09-12-2025 08:41:20 AM [] []
[2025-12-09 08:46:20] SlimMonoLogger.INFO: Cron ran at: 09-12-2025 08:46:20 AM [] []
[2025-12-09 08:51:21] SlimMonoLogger.INFO: Cron ran at: 09-12-2025 08:51:21 AM [] []
[2025-12-09 08:56:19] SlimMonoLogger.INFO: Cron ran at: 09-12-2025 08:56:19 AM [] []
[2025-12-09 09:01:12] SlimMonoLogger.INFO: Cron ran at: 09-12-2025 09:01:12 AM [] []
[2025-12-09 09:06:10] SlimMonoLogger.INFO: Cron ran at: 09-12-2025 09:06:10 AM [] []
[2025-12-09 09:11:28] SlimMonoLogger.INFO: Cron ran at: 09-12-2025 09:11:28 AM [] []
[2025-12-09 09:16:15] SlimMonoLogger.INFO: Cron ran at: 09-12-2025 09:16:15 AM [] []
[2025-12-09 09:21:28] SlimMonoLogger.INFO: Cron ran at: 09-12-2025 09:21:28 AM [] []
[2025-12-09 09:26:19] SlimMonoLogger.INFO: Cron ran at: 09-12-2025 09:26:19 AM [] []
[2025-12-09 09:31:36] SlimMonoLogger.INFO: Cron ran at: 09-12-2025 09:31:36 AM [] []
[2025-12-09 09:36:29] SlimMonoLogger.INFO: Cron ran at: 09-12-2025 09:36:29 AM [] []
[2025-12-09 09:48:47] SlimMonoLogger.ERROR: Requests_Exception: cURL error 28: Operation timed out after 500002 milliseconds with 8830 bytes received in /home/latihtal/public_html/agregator1/src/vendor/rmccue/requests/library/Requests/Transport/cURL.php:422
Stack trace:
#0 /home/latihtal/public_html/agregator1/src/vendor/rmccue/requests/library/Requests/Transport/cURL.php(177): Requests_Transport_cURL->process_response()
#1 /home/latihtal/public_html/agregator1/src/vendor/rmccue/requests/library/Requests.php(379): Requests_Transport_cURL->request()
#2 /home/latihtal/public_html/agregator1/src/vendor/rmccue/requests/library/Requests/Session.php(205): Requests::request()
#3 /home/latihtal/public_html/agregator1/src/vendor/rmccue/requests/library/Requests/Session.php(132): Requests_Session->request()
#4 /home/latihtal/public_html/agregator1/src/drivers/Http/RssImporter.php(144): Requests_Session->get()
#5 /home/latihtal/public_html/agregator1/src/controllers/Dashboard/DashboardFeedsController.php(534): spark\drivers\Http\RssImporter->fetchPosts()
#6 /home/latihtal/public_html/agregator1/src/controllers/Site/SiteController.php(722): spark\controllers\Dashboard\DashboardFeedsController::importFeedPosts()
#7 [internal function]: spark\controllers\Site\SiteController->runTasks()
#8 /home/latihtal/public_html/agregator1/src/framework/Route.php(173): call_user_func_array()
#9 [internal function]: Slim\Route->Slim\{closure}()
#10 /home/latihtal/public_html/agregator1/src/framework/Route.php(468): call_user_func_array()
#11 /home/latihtal/public_html/agregator1/src/framework/Slim.php(1364): Slim\Route->dispatch()
#12 /home/latihtal/public_html/agregator1/src/framework/Middleware/Flash.php(85): Slim\Slim->call()
#13 /home/latihtal/public_html/agregator1/src/framework/Middleware/MethodOverride.php(92): Slim\Middleware\Flash->call()
#14 /home/latihtal/public_html/agregator1/src/middlewares/CsrfGuard/CsrfGuard.php(47): Slim\Middleware\MethodOverride->call()
#15 /home/latihtal/public_html/agregator1/src/framework/Middleware/PrettyExceptions.php(67): spark\middlewares\CsrfGuard\CsrfGuard->call()
#16 /home/latihtal/public_html/agregator1/src/framework/Slim.php(1308): Slim\Middleware\PrettyExceptions->call()
#17 /home/latihtal/public_html/agregator1/index.php(6): Slim\Slim->run()
#18 {main} [] []
[2025-12-09 09:52:08] SlimMonoLogger.INFO: Cron ran at: 09-12-2025 09:52:08 AM [] []
[2025-12-09 09:55:09] SlimMonoLogger.ERROR: Requests_Exception: cURL error 28: Operation timed out after 500002 milliseconds with 0 bytes received in /home/latihtal/public_html/agregator1/src/vendor/rmccue/requests/library/Requests/Transport/cURL.php:422
Stack trace:
#0 /home/latihtal/public_html/agregator1/src/vendor/rmccue/requests/library/Requests/Transport/cURL.php(177): Requests_Transport_cURL->process_response()
#1 /home/latihtal/public_html/agregator1/src/vendor/rmccue/requests/library/Requests.php(379): Requests_Transport_cURL->request()
#2 /home/latihtal/public_html/agregator1/src/vendor/rmccue/requests/library/Requests/Session.php(205): Requests::request()
#3 /home/latihtal/public_html/agregator1/src/vendor/rmccue/requests/library/Requests/Session.php(132): Requests_Session->request()
#4 /home/latihtal/public_html/agregator1/src/drivers/Http/RssImporter.php(144): Requests_Session->get()
#5 /home/latihtal/public_html/agregator1/src/controllers/Dashboard/DashboardFeedsController.php(534): spark\drivers\Http\RssImporter->fetchPosts()
#6 /home/latihtal/public_html/agregator1/src/controllers/Site/SiteController.php(722): spark\controllers\Dashboard\DashboardFeedsController::importFeedPosts()
#7 [internal function]: spark\controllers\Site\SiteController->runTasks()
#8 /home/latihtal/public_html/agregator1/src/framework/Route.php(173): call_user_func_array()
#9 [internal function]: Slim\Route->Slim\{closure}()
#10 /home/latihtal/public_html/agregator1/src/framework/Route.php(468): call_user_func_array()
#11 /home/latihtal/public_html/agregator1/src/framework/Slim.php(1364): Slim\Route->dispatch()
#12 /home/latihtal/public_html/agregator1/src/framework/Middleware/Flash.php(85): Slim\Slim->call()
#13 /home/latihtal/public_html/agregator1/src/framework/Middleware/MethodOverride.php(92): Slim\Middleware\Flash->call()
#14 /home/latihtal/public_html/agregator1/src/middlewares/CsrfGuard/CsrfGuard.php(47): Slim\Middleware\MethodOverride->call()
#15 /home/latihtal/public_html/agregator1/src/framework/Middleware/PrettyExceptions.php(67): spark\middlewares\CsrfGuard\CsrfGuard->call()
#16 /home/latihtal/public_html/agregator1/src/framework/Slim.php(1308): Slim\Middleware\PrettyExceptions->call()
#17 /home/latihtal/public_html/agregator1/index.php(6): Slim\Slim->run()
#18 {main} [] []
[2025-12-09 09:55:09] SlimMonoLogger.INFO: Cron ran at: 09-12-2025 09:55:09 AM [] []
[2025-12-09 10:01:24] SlimMonoLogger.INFO: Cron ran at: 09-12-2025 10:01:24 AM [] []
[2025-12-09 10:13:46] SlimMonoLogger.ERROR: Requests_Exception: cURL error 28: Connection timed out after 500001 milliseconds in /home/latihtal/public_html/agregator1/src/vendor/rmccue/requests/library/Requests/Transport/cURL.php:422
Stack trace:
#0 /home/latihtal/public_html/agregator1/src/vendor/rmccue/requests/library/Requests/Transport/cURL.php(177): Requests_Transport_cURL->process_response()
#1 /home/latihtal/public_html/agregator1/src/vendor/rmccue/requests/library/Requests.php(379): Requests_Transport_cURL->request()
#2 /home/latihtal/public_html/agregator1/src/vendor/rmccue/requests/library/Requests/Session.php(205): Requests::request()
#3 /home/latihtal/public_html/agregator1/src/vendor/rmccue/requests/library/Requests/Session.php(132): Requests_Session->request()
#4 /home/latihtal/public_html/agregator1/src/drivers/Http/RssImporter.php(144): Requests_Session->get()
#5 /home/latihtal/public_html/agregator1/src/controllers/Dashboard/DashboardFeedsController.php(534): spark\drivers\Http\RssImporter->fetchPosts()
#6 /home/latihtal/public_html/agregator1/src/controllers/Site/SiteController.php(722): spark\controllers\Dashboard\DashboardFeedsController::importFeedPosts()
#7 [internal function]: spark\controllers\Site\SiteController->runTasks()
#8 /home/latihtal/public_html/agregator1/src/framework/Route.php(173): call_user_func_array()
#9 [internal function]: Slim\Route->Slim\{closure}()
#10 /home/latihtal/public_html/agregator1/src/framework/Route.php(468): call_user_func_array()
#11 /home/latihtal/public_html/agregator1/src/framework/Slim.php(1364): Slim\Route->dispatch()
#12 /home/latihtal/public_html/agregator1/src/framework/Middleware/Flash.php(85): Slim\Slim->call()
#13 /home/latihtal/public_html/agregator1/src/framework/Middleware/MethodOverride.php(92): Slim\Middleware\Flash->call()
#14 /home/latihtal/public_html/agregator1/src/middlewares/CsrfGuard/CsrfGuard.php(47): Slim\Middleware\MethodOverride->call()
#15 /home/latihtal/public_html/agregator1/src/framework/Middleware/PrettyExceptions.php(67): spark\middlewares\CsrfGuard\CsrfGuard->call()
#16 /home/latihtal/public_html/agregator1/src/framework/Slim.php(1308): Slim\Middleware\PrettyExceptions->call()
#17 /home/latihtal/public_html/agregator1/index.php(6): Slim\Slim->run()
#18 {main} [] []
[2025-12-09 10:14:57] SlimMonoLogger.INFO: Cron ran at: 09-12-2025 10:14:57 AM [] []
[2025-12-09 10:16:26] SlimMonoLogger.INFO: Cron ran at: 09-12-2025 10:16:26 AM [] []
[2025-12-09 10:18:54] SlimMonoLogger.ERROR: Requests_Exception: cURL error 28: Connection timed out after 500001 milliseconds in /home/latihtal/public_html/agregator1/src/vendor/rmccue/requests/library/Requests/Transport/cURL.php:422
Stack trace:
#0 /home/latihtal/public_html/agregator1/src/vendor/rmccue/requests/library/Requests/Transport/cURL.php(177): Requests_Transport_cURL->process_response()
#1 /home/latihtal/public_html/agregator1/src/vendor/rmccue/requests/library/Requests.php(379): Requests_Transport_cURL->request()
#2 /home/latihtal/public_html/agregator1/src/vendor/rmccue/requests/library/Requests/Session.php(205): Requests::request()
#3 /home/latihtal/public_html/agregator1/src/vendor/rmccue/requests/library/Requests/Session.php(132): Requests_Session->request()
#4 /home/latihtal/public_html/agregator1/src/drivers/Http/RssImporter.php(144): Requests_Session->get()
#5 /home/latihtal/public_html/agregator1/src/controllers/Dashboard/DashboardFeedsController.php(534): spark\drivers\Http\RssImporter->fetchPosts()
#6 /home/latihtal/public_html/agregator1/src/controllers/Site/SiteController.php(722): spark\controllers\Dashboard\DashboardFeedsController::importFeedPosts()
#7 [internal function]: spark\controllers\Site\SiteController->runTasks()
#8 /home/latihtal/public_html/agregator1/src/framework/Route.php(173): call_user_func_array()
#9 [internal function]: Slim\Route->Slim\{closure}()
#10 /home/latihtal/public_html/agregator1/src/framework/Route.php(468): call_user_func_array()
#11 /home/latihtal/public_html/agregator1/src/framework/Slim.php(1364): Slim\Route->dispatch()
#12 /home/latihtal/public_html/agregator1/src/framework/Middleware/Flash.php(85): Slim\Slim->call()
#13 /home/latihtal/public_html/agregator1/src/framework/Middleware/MethodOverride.php(92): Slim\Middleware\Flash->call()
#14 /home/latihtal/public_html/agregator1/src/middlewares/CsrfGuard/CsrfGuard.php(47): Slim\Middleware\MethodOverride->call()
#15 /home/latihtal/public_html/agregator1/src/framework/Middleware/PrettyExceptions.php(67): spark\middlewares\CsrfGuard\CsrfGuard->call()
#16 /home/latihtal/public_html/agregator1/src/framework/Slim.php(1308): Slim\Middleware\PrettyExceptions->call()
#17 /home/latihtal/public_html/agregator1/index.php(6): Slim\Slim->run()
#18 {main} [] []
[2025-12-09 10:22:10] SlimMonoLogger.INFO: Cron ran at: 09-12-2025 10:22:10 AM [] []
[2025-12-09 10:26:29] SlimMonoLogger.INFO: Cron ran at: 09-12-2025 10:26:29 AM [] []
[2025-12-09 10:27:14] SlimMonoLogger.ERROR: Requests_Exception: cURL error 28: Operation timed out after 500001 milliseconds with 7463 bytes received in /home/latihtal/public_html/agregator1/src/vendor/rmccue/requests/library/Requests/Transport/cURL.php:422
Stack trace:
#0 /home/latihtal/public_html/agregator1/src/vendor/rmccue/requests/library/Requests/Transport/cURL.php(177): Requests_Transport_cURL->process_response()
#1 /home/latihtal/public_html/agregator1/src/vendor/rmccue/requests/library/Requests.php(379): Requests_Transport_cURL->request()
#2 /home/latihtal/public_html/agregator1/src/vendor/rmccue/requests/library/Requests/Session.php(205): Requests::request()
#3 /home/latihtal/public_html/agregator1/src/vendor/rmccue/requests/library/Requests/Session.php(132): Requests_Session->request()
#4 /home/latihtal/public_html/agregator1/src/drivers/Http/RssImporter.php(144): Requests_Session->get()
#5 /home/latihtal/public_html/agregator1/src/controllers/Dashboard/DashboardFeedsController.php(534): spark\drivers\Http\RssImporter->fetchPosts()
#6 /home/latihtal/public_html/agregator1/src/controllers/Site/SiteController.php(722): spark\controllers\Dashboard\DashboardFeedsController::importFeedPosts()
#7 [internal function]: spark\controllers\Site\SiteController->runTasks()
#8 /home/latihtal/public_html/agregator1/src/framework/Route.php(173): call_user_func_array()
#9 [internal function]: Slim\Route->Slim\{closure}()
#10 /home/latihtal/public_html/agregator1/src/framework/Route.php(468): call_user_func_array()
#11 /home/latihtal/public_html/agregator1/src/framework/Slim.php(1364): Slim\Route->dispatch()
#12 /home/latihtal/public_html/agregator1/src/framework/Middleware/Flash.php(85): Slim\Slim->call()
#13 /home/latihtal/public_html/agregator1/src/framework/Middleware/MethodOverride.php(92): Slim\Middleware\Flash->call()
#14 /home/latihtal/public_html/agregator1/src/middlewares/CsrfGuard/CsrfGuard.php(47): Slim\Middleware\MethodOverride->call()
#15 /home/latihtal/public_html/agregator1/src/framework/Middleware/PrettyExceptions.php(67): spark\middlewares\CsrfGuard\CsrfGuard->call()
#16 /home/latihtal/public_html/agregator1/src/framework/Slim.php(1308): Slim\Middleware\PrettyExceptions->call()
#17 /home/latihtal/public_html/agregator1/index.php(6): Slim\Slim->run()
#18 {main} [] []
[2025-12-09 10:28:58] SlimMonoLogger.INFO: Cron ran at: 09-12-2025 10:28:58 AM [] []
[2025-12-09 10:36:37] SlimMonoLogger.INFO: Cron ran at: 09-12-2025 10:36:37 AM [] []
[2025-12-09 10:39:55] SlimMonoLogger.ERROR: Requests_Exception: cURL error 28: Operation timed out after 500004 milliseconds with 27009 bytes received in /home/latihtal/public_html/agregator1/src/vendor/rmccue/requests/library/Requests/Transport/cURL.php:422
Stack trace:
#0 /home/latihtal/public_html/agregator1/src/vendor/rmccue/requests/library/Requests/Transport/cURL.php(177): Requests_Transport_cURL->process_response()
#1 /home/latihtal/public_html/agregator1/src/vendor/rmccue/requests/library/Requests.php(379): Requests_Transport_cURL->request()
#2 /home/latihtal/public_html/agregator1/src/vendor/rmccue/requests/library/Requests/Session.php(205): Requests::request()
#3 /home/latihtal/public_html/agregator1/src/vendor/rmccue/requests/library/Requests/Session.php(132): Requests_Session->request()
#4 /home/latihtal/public_html/agregator1/src/drivers/Http/RssImporter.php(144): Requests_Session->get()
#5 /home/latihtal/public_html/agregator1/src/controllers/Dashboard/DashboardFeedsController.php(534): spark\drivers\Http\RssImporter->fetchPosts()
#6 /home/latihtal/public_html/agregator1/src/controllers/Site/SiteController.php(722): spark\controllers\Dashboard\DashboardFeedsController::importFeedPosts()
#7 [internal function]: spark\controllers\Site\SiteController->runTasks()
#8 /home/latihtal/public_html/agregator1/src/framework/Route.php(173): call_user_func_array()
#9 [internal function]: Slim\Route->Slim\{closure}()
#10 /home/latihtal/public_html/agregator1/src/framework/Route.php(468): call_user_func_array()
#11 /home/latihtal/public_html/agregator1/src/framework/Slim.php(1364): Slim\Route->dispatch()
#12 /home/latihtal/public_html/agregator1/src/framework/Middleware/Flash.php(85): Slim\Slim->call()
#13 /home/latihtal/public_html/agregator1/src/framework/Middleware/MethodOverride.php(92): Slim\Middleware\Flash->call()
#14 /home/latihtal/public_html/agregator1/src/middlewares/CsrfGuard/CsrfGuard.php(47): Slim\Middleware\MethodOverride->call()
#15 /home/latihtal/public_html/agregator1/src/framework/Middleware/PrettyExceptions.php(67): spark\middlewares\CsrfGuard\CsrfGuard->call()
#16 /home/latihtal/public_html/agregator1/src/framework/Slim.php(1308): Slim\Middleware\PrettyExceptions->call()
#17 /home/latihtal/public_html/agregator1/index.php(6): Slim\Slim->run()
#18 {main} [] []
[2025-12-09 10:39:59] SlimMonoLogger.INFO: Cron ran at: 09-12-2025 10:39:59 AM [] []
[2025-12-09 10:41:22] SlimMonoLogger.INFO: Cron ran at: 09-12-2025 10:41:22 AM [] []
[2025-12-09 10:46:10] SlimMonoLogger.INFO: Cron ran at: 09-12-2025 10:46:10 AM [] []
[2025-12-09 10:51:45] SlimMonoLogger.INFO: Cron ran at: 09-12-2025 10:51:45 AM [] []
[2025-12-09 10:56:05] SlimMonoLogger.INFO: Cron ran at: 09-12-2025 10:56:05 AM [] []
[2025-12-09 11:01:40] SlimMonoLogger.INFO: Cron ran at: 09-12-2025 11:01:40 AM [] []
[2025-12-09 11:06:10] SlimMonoLogger.INFO: Cron ran at: 09-12-2025 11:06:10 AM [] []
[2025-12-09 11:11:04] SlimMonoLogger.INFO: Cron ran at: 09-12-2025 11:11:04 AM [] []
[2025-12-09 11:16:16] SlimMonoLogger.INFO: Cron ran at: 09-12-2025 11:16:16 AM [] []
[2025-12-09 11:21:04] SlimMonoLogger.INFO: Cron ran at: 09-12-2025 11:21:04 AM [] []
[2025-12-09 11:27:19] SlimMonoLogger.INFO: Cron ran at: 09-12-2025 11:27:19 AM [] []
[2025-12-09 11:31:07] SlimMonoLogger.INFO: Cron ran at: 09-12-2025 11:31:07 AM [] []
[2025-12-09 11:36:19] SlimMonoLogger.INFO: Cron ran at: 09-12-2025 11:36:19 AM [] []
[2025-12-09 11:41:14] SlimMonoLogger.INFO: Cron ran at: 09-12-2025 11:41:14 AM [] []
[2025-12-09 11:46:02] SlimMonoLogger.INFO: Cron ran at: 09-12-2025 11:46:02 AM [] []
[2025-12-09 11:51:10] SlimMonoLogger.INFO: Cron ran at: 09-12-2025 11:51:10 AM [] []
[2025-12-09 11:56:16] SlimMonoLogger.INFO: Cron ran at: 09-12-2025 11:56:16 AM [] []
[2025-12-09 12:01:02] SlimMonoLogger.INFO: Cron ran at: 09-12-2025 12:01:02 PM [] []
[2025-12-09 12:06:07] SlimMonoLogger.INFO: Cron ran at: 09-12-2025 12:06:07 PM [] []
[2025-12-09 12:11:00] SlimMonoLogger.INFO: Cron ran at: 09-12-2025 12:11:00 PM [] []
[2025-12-09 12:16:11] SlimMonoLogger.INFO: Cron ran at: 09-12-2025 12:16:11 PM [] []
[2025-12-09 12:21:22] SlimMonoLogger.INFO: Cron ran at: 09-12-2025 12:21:22 PM [] []
[2025-12-09 12:26:35] SlimMonoLogger.INFO: Cron ran at: 09-12-2025 12:26:35 PM [] []
[2025-12-09 12:31:22] SlimMonoLogger.INFO: Cron ran at: 09-12-2025 12:31:22 PM [] []
[2025-12-09 12:36:12] SlimMonoLogger.INFO: Cron ran at: 09-12-2025 12:36:12 PM [] []
[2025-12-09 12:41:05] SlimMonoLogger.INFO: Cron ran at: 09-12-2025 12:41:05 PM [] []
[2025-12-09 12:46:24] SlimMonoLogger.INFO: Cron ran at: 09-12-2025 12:46:24 PM [] []
[2025-12-09 12:51:49] SlimMonoLogger.INFO: Cron ran at: 09-12-2025 12:51:49 PM [] []
[2025-12-09 12:56:22] SlimMonoLogger.INFO: Cron ran at: 09-12-2025 12:56:22 PM [] []
[2025-12-09 13:01:17] SlimMonoLogger.INFO: Cron ran at: 09-12-2025 01:01:17 PM [] []
[2025-12-09 13:06:03] SlimMonoLogger.INFO: Cron ran at: 09-12-2025 01:06:03 PM [] []
[2025-12-09 13:11:52] SlimMonoLogger.INFO: Cron ran at: 09-12-2025 01:11:52 PM [] []
[2025-12-09 13:16:03] SlimMonoLogger.INFO: Cron ran at: 09-12-2025 01:16:03 PM [] []
[2025-12-09 13:21:24] SlimMonoLogger.INFO: Cron ran at: 09-12-2025 01:21:24 PM [] []
[2025-12-09 13:26:22] SlimMonoLogger.INFO: Cron ran at: 09-12-2025 01:26:22 PM [] []
[2025-12-09 13:31:16] SlimMonoLogger.INFO: Cron ran at: 09-12-2025 01:31:16 PM [] []
[2025-12-09 13:36:03] SlimMonoLogger.INFO: Cron ran at: 09-12-2025 01:36:03 PM [] []
[2025-12-09 13:41:00] SlimMonoLogger.INFO: Cron ran at: 09-12-2025 01:41:00 PM [] []
[2025-12-09 13:45:58] SlimMonoLogger.INFO: Cron ran at: 09-12-2025 01:45:58 PM [] []
[2025-12-09 13:50:58] SlimMonoLogger.INFO: Cron ran at: 09-12-2025 01:50:58 PM [] []
[2025-12-09 13:56:01] SlimMonoLogger.INFO: Cron ran at: 09-12-2025 01:56:01 PM [] []
[2025-12-09 14:06:13] SlimMonoLogger.INFO: Cron ran at: 09-12-2025 02:06:13 PM [] []
[2025-12-09 14:11:02] SlimMonoLogger.INFO: Cron ran at: 09-12-2025 02:11:02 PM [] []
[2025-12-09 14:16:14] SlimMonoLogger.INFO: Cron ran at: 09-12-2025 02:16:14 PM [] []
[2025-12-09 14:21:01] SlimMonoLogger.INFO: Cron ran at: 09-12-2025 02:21:01 PM [] []
[2025-12-09 14:26:04] SlimMonoLogger.INFO: Cron ran at: 09-12-2025 02:26:04 PM [] []
[2025-12-09 14:31:01] SlimMonoLogger.INFO: Cron ran at: 09-12-2025 02:31:01 PM [] []
[2025-12-09 14:35:56] SlimMonoLogger.INFO: Cron ran at: 09-12-2025 02:35:56 PM [] []
[2025-12-09 14:40:54] SlimMonoLogger.INFO: Cron ran at: 09-12-2025 02:40:54 PM [] []
[2025-12-09 14:46:08] SlimMonoLogger.INFO: Cron ran at: 09-12-2025 02:46:08 PM [] []
[2025-12-09 14:50:59] SlimMonoLogger.INFO: Cron ran at: 09-12-2025 02:50:59 PM [] []
[2025-12-09 14:56:00] SlimMonoLogger.INFO: Cron ran at: 09-12-2025 02:56:00 PM [] []
[2025-12-09 15:01:08] SlimMonoLogger.INFO: Cron ran at: 09-12-2025 03:01:08 PM [] []
[2025-12-09 15:06:01] SlimMonoLogger.INFO: Cron ran at: 09-12-2025 03:06:01 PM [] []
[2025-12-09 15:11:03] SlimMonoLogger.INFO: Cron ran at: 09-12-2025 03:11:03 PM [] []
[2025-12-09 15:16:16] SlimMonoLogger.INFO: Cron ran at: 09-12-2025 03:16:16 PM [] []
[2025-12-09 15:20:58] SlimMonoLogger.INFO: Cron ran at: 09-12-2025 03:20:58 PM [] []
[2025-12-09 15:26:03] SlimMonoLogger.INFO: Cron ran at: 09-12-2025 03:26:03 PM [] []
[2025-12-09 15:30:57] SlimMonoLogger.INFO: Cron ran at: 09-12-2025 03:30:57 PM [] []
[2025-12-09 15:36:11] SlimMonoLogger.INFO: Cron ran at: 09-12-2025 03:36:11 PM [] []
[2025-12-09 15:41:08] SlimMonoLogger.INFO: Cron ran at: 09-12-2025 03:41:08 PM [] []
[2025-12-09 15:46:01] SlimMonoLogger.INFO: Cron ran at: 09-12-2025 03:46:01 PM [] []
[2025-12-09 15:51:00] SlimMonoLogger.INFO: Cron ran at: 09-12-2025 03:51:00 PM [] []
[2025-12-09 15:56:05] SlimMonoLogger.INFO: Cron ran at: 09-12-2025 03:56:05 PM [] []
[2025-12-09 16:01:29] SlimMonoLogger.INFO: Cron ran at: 09-12-2025 04:01:29 PM [] []
[2025-12-09 16:06:04] SlimMonoLogger.INFO: Cron ran at: 09-12-2025 04:06:04 PM [] []
[2025-12-09 16:11:10] SlimMonoLogger.INFO: Cron ran at: 09-12-2025 04:11:10 PM [] []
[2025-12-09 16:16:03] SlimMonoLogger.INFO: Cron ran at: 09-12-2025 04:16:03 PM [] []
[2025-12-09 16:21:09] SlimMonoLogger.INFO: Cron ran at: 09-12-2025 04:21:09 PM [] []
[2025-12-09 16:26:01] SlimMonoLogger.INFO: Cron ran at: 09-12-2025 04:26:01 PM [] []
[2025-12-09 16:31:11] SlimMonoLogger.INFO: Cron ran at: 09-12-2025 04:31:11 PM [] []
[2025-12-09 16:36:13] SlimMonoLogger.INFO: Cron ran at: 09-12-2025 04:36:13 PM [] []
[2025-12-09 16:41:10] SlimMonoLogger.INFO: Cron ran at: 09-12-2025 04:41:10 PM [] []
[2025-12-09 16:46:02] SlimMonoLogger.INFO: Cron ran at: 09-12-2025 04:46:02 PM [] []
[2025-12-09 16:51:09] SlimMonoLogger.INFO: Cron ran at: 09-12-2025 04:51:09 PM [] []
[2025-12-09 16:55:56] SlimMonoLogger.INFO: Cron ran at: 09-12-2025 04:55:56 PM [] []
[2025-12-09 17:01:30] SlimMonoLogger.INFO: Cron ran at: 09-12-2025 05:01:30 PM [] []
[2025-12-09 17:06:36] SlimMonoLogger.INFO: Cron ran at: 09-12-2025 05:06:36 PM [] []
[2025-12-09 17:10:59] SlimMonoLogger.INFO: Cron ran at: 09-12-2025 05:10:59 PM [] []
[2025-12-09 17:16:00] SlimMonoLogger.INFO: Cron ran at: 09-12-2025 05:16:00 PM [] []
[2025-12-09 17:21:05] SlimMonoLogger.INFO: Cron ran at: 09-12-2025 05:21:05 PM [] []
[2025-12-09 17:26:01] SlimMonoLogger.INFO: Cron ran at: 09-12-2025 05:26:01 PM [] []
[2025-12-09 17:31:20] SlimMonoLogger.INFO: Cron ran at: 09-12-2025 05:31:20 PM [] []
[2025-12-09 17:36:02] SlimMonoLogger.INFO: Cron ran at: 09-12-2025 05:36:02 PM [] []
[2025-12-09 17:40:58] SlimMonoLogger.INFO: Cron ran at: 09-12-2025 05:40:58 PM [] []
[2025-12-09 17:46:00] SlimMonoLogger.INFO: Cron ran at: 09-12-2025 05:46:00 PM [] []
[2025-12-09 17:51:01] SlimMonoLogger.INFO: Cron ran at: 09-12-2025 05:51:01 PM [] []
[2025-12-09 17:55:59] SlimMonoLogger.INFO: Cron ran at: 09-12-2025 05:55:59 PM [] []
[2025-12-09 18:01:15] SlimMonoLogger.INFO: Cron ran at: 09-12-2025 06:01:15 PM [] []
[2025-12-09 18:06:04] SlimMonoLogger.INFO: Cron ran at: 09-12-2025 06:06:04 PM [] []
[2025-12-09 18:11:07] SlimMonoLogger.INFO: Cron ran at: 09-12-2025 06:11:07 PM [] []
[2025-12-09 18:16:04] SlimMonoLogger.INFO: Cron ran at: 09-12-2025 06:16:04 PM [] []
[2025-12-09 18:20:56] SlimMonoLogger.INFO: Cron ran at: 09-12-2025 06:20:56 PM [] []
[2025-12-09 18:25:54] SlimMonoLogger.INFO: Cron ran at: 09-12-2025 06:25:54 PM [] []
[2025-12-09 18:31:01] SlimMonoLogger.INFO: Cron ran at: 09-12-2025 06:31:01 PM [] []
[2025-12-09 18:35:59] SlimMonoLogger.INFO: Cron ran at: 09-12-2025 06:35:59 PM [] []
[2025-12-09 18:40:58] SlimMonoLogger.INFO: Cron ran at: 09-12-2025 06:40:58 PM [] []
[2025-12-09 18:46:05] SlimMonoLogger.INFO: Cron ran at: 09-12-2025 06:46:05 PM [] []
[2025-12-09 18:51:03] SlimMonoLogger.INFO: Cron ran at: 09-12-2025 06:51:03 PM [] []
[2025-12-09 18:55:59] SlimMonoLogger.INFO: Cron ran at: 09-12-2025 06:55:59 PM [] []
[2025-12-09 19:01:22] SlimMonoLogger.INFO: Cron ran at: 09-12-2025 07:01:22 PM [] []
[2025-12-09 19:06:00] SlimMonoLogger.INFO: Cron ran at: 09-12-2025 07:06:00 PM [] []
[2025-12-09 19:11:00] SlimMonoLogger.INFO: Cron ran at: 09-12-2025 07:11:00 PM [] []
[2025-12-09 19:16:05] SlimMonoLogger.INFO: Cron ran at: 09-12-2025 07:16:05 PM [] []
[2025-12-09 19:21:00] SlimMonoLogger.INFO: Cron ran at: 09-12-2025 07:21:00 PM [] []
[2025-12-09 19:25:50] SlimMonoLogger.INFO: Cron ran at: 09-12-2025 07:25:50 PM [] []
[2025-12-09 19:31:02] SlimMonoLogger.INFO: Cron ran at: 09-12-2025 07:31:02 PM [] []
[2025-12-09 19:35:55] SlimMonoLogger.INFO: Cron ran at: 09-12-2025 07:35:55 PM [] []
[2025-12-09 19:40:49] SlimMonoLogger.INFO: Cron ran at: 09-12-2025 07:40:49 PM [] []
[2025-12-09 19:45:56] SlimMonoLogger.INFO: Cron ran at: 09-12-2025 07:45:56 PM [] []
[2025-12-09 19:51:03] SlimMonoLogger.INFO: Cron ran at: 09-12-2025 07:51:03 PM [] []
[2025-12-09 19:55:51] SlimMonoLogger.INFO: Cron ran at: 09-12-2025 07:55:51 PM [] []
[2025-12-09 20:01:28] SlimMonoLogger.INFO: Cron ran at: 09-12-2025 08:01:28 PM [] []
[2025-12-09 20:05:58] SlimMonoLogger.INFO: Cron ran at: 09-12-2025 08:05:58 PM [] []
[2025-12-09 20:10:52] SlimMonoLogger.INFO: Cron ran at: 09-12-2025 08:10:52 PM [] []
[2025-12-09 20:17:11] SlimMonoLogger.INFO: Cron ran at: 09-12-2025 08:17:11 PM [] []
[2025-12-09 20:20:54] SlimMonoLogger.INFO: Cron ran at: 09-12-2025 08:20:54 PM [] []
[2025-12-09 20:25:55] SlimMonoLogger.INFO: Cron ran at: 09-12-2025 08:25:55 PM [] []
[2025-12-09 20:31:09] SlimMonoLogger.INFO: Cron ran at: 09-12-2025 08:31:09 PM [] []
[2025-12-09 20:36:07] SlimMonoLogger.INFO: Cron ran at: 09-12-2025 08:36:07 PM [] []
[2025-12-09 20:41:33] SlimMonoLogger.INFO: Cron ran at: 09-12-2025 08:41:33 PM [] []
[2025-12-09 20:46:03] SlimMonoLogger.INFO: Cron ran at: 09-12-2025 08:46:03 PM [] []
[2025-12-09 20:51:27] SlimMonoLogger.INFO: Cron ran at: 09-12-2025 08:51:27 PM [] []
[2025-12-09 20:56:00] SlimMonoLogger.INFO: Cron ran at: 09-12-2025 08:56:00 PM [] []
[2025-12-09 21:01:12] SlimMonoLogger.INFO: Cron ran at: 09-12-2025 09:01:12 PM [] []
[2025-12-09 21:05:59] SlimMonoLogger.INFO: Cron ran at: 09-12-2025 09:05:59 PM [] []
[2025-12-09 21:11:15] SlimMonoLogger.INFO: Cron ran at: 09-12-2025 09:11:15 PM [] []
[2025-12-09 21:16:00] SlimMonoLogger.INFO: Cron ran at: 09-12-2025 09:16:00 PM [] []
[2025-12-09 21:21:05] SlimMonoLogger.INFO: Cron ran at: 09-12-2025 09:21:05 PM [] []
[2025-12-09 21:26:25] SlimMonoLogger.INFO: Cron ran at: 09-12-2025 09:26:25 PM [] []
[2025-12-09 21:30:56] SlimMonoLogger.INFO: Cron ran at: 09-12-2025 09:30:56 PM [] []
[2025-12-09 21:35:57] SlimMonoLogger.INFO: Cron ran at: 09-12-2025 09:35:57 PM [] []
[2025-12-09 21:40:54] SlimMonoLogger.INFO: Cron ran at: 09-12-2025 09:40:54 PM [] []
[2025-12-09 21:46:00] SlimMonoLogger.INFO: Cron ran at: 09-12-2025 09:46:00 PM [] []
[2025-12-09 21:50:58] SlimMonoLogger.INFO: Cron ran at: 09-12-2025 09:50:58 PM [] []
[2025-12-09 21:55:56] SlimMonoLogger.INFO: Cron ran at: 09-12-2025 09:55:56 PM [] []
[2025-12-09 22:00:59] SlimMonoLogger.INFO: Cron ran at: 09-12-2025 10:00:59 PM [] []
[2025-12-09 22:06:06] SlimMonoLogger.INFO: Cron ran at: 09-12-2025 10:06:06 PM [] []
[2025-12-09 22:10:54] SlimMonoLogger.INFO: Cron ran at: 09-12-2025 10:10:54 PM [] []
[2025-12-09 22:15:58] SlimMonoLogger.INFO: Cron ran at: 09-12-2025 10:15:58 PM [] []
[2025-12-09 22:20:52] SlimMonoLogger.INFO: Cron ran at: 09-12-2025 10:20:52 PM [] []
[2025-12-09 22:25:57] SlimMonoLogger.INFO: Cron ran at: 09-12-2025 10:25:57 PM [] []
[2025-12-09 22:30:53] SlimMonoLogger.INFO: Cron ran at: 09-12-2025 10:30:53 PM [] []
[2025-12-09 22:35:48] SlimMonoLogger.INFO: Cron ran at: 09-12-2025 10:35:48 PM [] []
[2025-12-09 22:40:59] SlimMonoLogger.INFO: Cron ran at: 09-12-2025 10:40:59 PM [] []
[2025-12-09 22:45:55] SlimMonoLogger.INFO: Cron ran at: 09-12-2025 10:45:55 PM [] []
[2025-12-09 22:50:50] SlimMonoLogger.INFO: Cron ran at: 09-12-2025 10:50:50 PM [] []
[2025-12-09 22:55:50] SlimMonoLogger.INFO: Cron ran at: 09-12-2025 10:55:50 PM [] []
[2025-12-09 23:00:51] SlimMonoLogger.INFO: Cron ran at: 09-12-2025 11:00:51 PM [] []
[2025-12-09 23:05:51] SlimMonoLogger.INFO: Cron ran at: 09-12-2025 11:05:51 PM [] []
[2025-12-09 23:10:52] SlimMonoLogger.INFO: Cron ran at: 09-12-2025 11:10:52 PM [] []
[2025-12-09 23:15:50] SlimMonoLogger.INFO: Cron ran at: 09-12-2025 11:15:50 PM [] []
[2025-12-09 23:20:53] SlimMonoLogger.INFO: Cron ran at: 09-12-2025 11:20:53 PM [] []
[2025-12-09 23:26:00] SlimMonoLogger.INFO: Cron ran at: 09-12-2025 11:26:00 PM [] []
[2025-12-09 23:30:52] SlimMonoLogger.INFO: Cron ran at: 09-12-2025 11:30:52 PM [] []
[2025-12-09 23:35:52] SlimMonoLogger.INFO: Cron ran at: 09-12-2025 11:35:52 PM [] []
[2025-12-09 23:40:51] SlimMonoLogger.INFO: Cron ran at: 09-12-2025 11:40:51 PM [] []
[2025-12-09 23:45:51] SlimMonoLogger.INFO: Cron ran at: 09-12-2025 11:45:51 PM [] []
[2025-12-09 23:50:52] SlimMonoLogger.INFO: Cron ran at: 09-12-2025 11:50:52 PM [] []
[2025-12-09 23:55:55] SlimMonoLogger.INFO: Cron ran at: 09-12-2025 11:55:55 PM [] []
[2025-12-10 00:01:00] SlimMonoLogger.INFO: Cron ran at: 10-12-2025 12:01:00 AM [] []
[2025-12-10 00:05:54] SlimMonoLogger.INFO: Cron ran at: 10-12-2025 12:05:54 AM [] []
[2025-12-10 00:10:55] SlimMonoLogger.INFO: Cron ran at: 10-12-2025 12:10:55 AM [] []
[2025-12-10 00:15:53] SlimMonoLogger.INFO: Cron ran at: 10-12-2025 12:15:53 AM [] []
[2025-12-10 00:20:57] SlimMonoLogger.INFO: Cron ran at: 10-12-2025 12:20:57 AM [] []
[2025-12-10 00:25:54] SlimMonoLogger.INFO: Cron ran at: 10-12-2025 12:25:54 AM [] []
[2025-12-10 00:30:58] SlimMonoLogger.INFO: Cron ran at: 10-12-2025 12:30:58 AM [] []
[2025-12-10 00:35:49] SlimMonoLogger.INFO: Cron ran at: 10-12-2025 12:35:49 AM [] []
[2025-12-10 00:40:49] SlimMonoLogger.INFO: Cron ran at: 10-12-2025 12:40:49 AM [] []
[2025-12-10 00:45:52] SlimMonoLogger.INFO: Cron ran at: 10-12-2025 12:45:52 AM [] []
[2025-12-10 00:50:49] SlimMonoLogger.INFO: Cron ran at: 10-12-2025 12:50:49 AM [] []
[2025-12-10 00:55:53] SlimMonoLogger.INFO: Cron ran at: 10-12-2025 12:55:53 AM [] []
