[2026-03-10 01:01:46] SlimMonoLogger.INFO: Cron ran at: 10-03-2026 01:01:46 AM [] []
[2026-03-10 01:06:35] SlimMonoLogger.INFO: Cron ran at: 10-03-2026 01:06:35 AM [] []
[2026-03-10 01:11:33] SlimMonoLogger.INFO: Cron ran at: 10-03-2026 01:11:33 AM [] []
[2026-03-10 01:16:28] SlimMonoLogger.INFO: Cron ran at: 10-03-2026 01:16:28 AM [] []
[2026-03-10 01:21:41] SlimMonoLogger.INFO: Cron ran at: 10-03-2026 01:21:41 AM [] []
[2026-03-10 01:26:31] SlimMonoLogger.INFO: Cron ran at: 10-03-2026 01:26:31 AM [] []
[2026-03-10 01:31:40] SlimMonoLogger.INFO: Cron ran at: 10-03-2026 01:31:40 AM [] []
[2026-03-10 01:36:33] SlimMonoLogger.INFO: Cron ran at: 10-03-2026 01:36:33 AM [] []
[2026-03-10 01:42:02] SlimMonoLogger.INFO: Cron ran at: 10-03-2026 01:42:02 AM [] []
[2026-03-10 01:47:57] SlimMonoLogger.INFO: Cron ran at: 10-03-2026 01:47:57 AM [] []
[2026-03-10 01:52:26] SlimMonoLogger.INFO: Cron ran at: 10-03-2026 01:52:26 AM [] []
[2026-03-10 01:57:36] SlimMonoLogger.INFO: Cron ran at: 10-03-2026 01:57:36 AM [] []
[2026-03-10 02:01:31] SlimMonoLogger.INFO: Cron ran at: 10-03-2026 02:01:31 AM [] []
[2026-03-10 02:06:16] SlimMonoLogger.INFO: Cron ran at: 10-03-2026 02:06:16 AM [] []
[2026-03-10 02:11:20] SlimMonoLogger.INFO: Cron ran at: 10-03-2026 02:11:20 AM [] []
[2026-03-10 02:16:30] SlimMonoLogger.INFO: Cron ran at: 10-03-2026 02:16:30 AM [] []
[2026-03-10 02:21:24] SlimMonoLogger.INFO: Cron ran at: 10-03-2026 02:21:24 AM [] []
[2026-03-10 02:26:24] SlimMonoLogger.INFO: Cron ran at: 10-03-2026 02:26:24 AM [] []
[2026-03-10 02:31:16] SlimMonoLogger.INFO: Cron ran at: 10-03-2026 02:31:16 AM [] []
[2026-03-10 02:36:18] SlimMonoLogger.INFO: Cron ran at: 10-03-2026 02:36:18 AM [] []
[2026-03-10 02:41:15] SlimMonoLogger.INFO: Cron ran at: 10-03-2026 02:41:15 AM [] []
[2026-03-10 02:46:16] SlimMonoLogger.INFO: Cron ran at: 10-03-2026 02:46:16 AM [] []
[2026-03-10 02:51:15] SlimMonoLogger.INFO: Cron ran at: 10-03-2026 02:51:15 AM [] []
[2026-03-10 02:56:28] SlimMonoLogger.INFO: Cron ran at: 10-03-2026 02:56:28 AM [] []
[2026-03-10 03:01:35] SlimMonoLogger.INFO: Cron ran at: 10-03-2026 03:01:35 AM [] []
[2026-03-10 03:06:31] SlimMonoLogger.INFO: Cron ran at: 10-03-2026 03:06:31 AM [] []
[2026-03-10 03:11:29] SlimMonoLogger.INFO: Cron ran at: 10-03-2026 03:11:29 AM [] []
[2026-03-10 03:16:41] SlimMonoLogger.INFO: Cron ran at: 10-03-2026 03:16:41 AM [] []
[2026-03-10 03:21:33] SlimMonoLogger.INFO: Cron ran at: 10-03-2026 03:21:33 AM [] []
[2026-03-10 03:26:30] SlimMonoLogger.INFO: Cron ran at: 10-03-2026 03:26:30 AM [] []
[2026-03-10 03:31:28] SlimMonoLogger.INFO: Cron ran at: 10-03-2026 03:31:28 AM [] []
[2026-03-10 03:36:26] SlimMonoLogger.INFO: Cron ran at: 10-03-2026 03:36:26 AM [] []
[2026-03-10 03:41:24] SlimMonoLogger.INFO: Cron ran at: 10-03-2026 03:41:24 AM [] []
[2026-03-10 03:46:19] SlimMonoLogger.INFO: Cron ran at: 10-03-2026 03:46:19 AM [] []
[2026-03-10 03:51:24] SlimMonoLogger.INFO: Cron ran at: 10-03-2026 03:51:24 AM [] []
[2026-03-10 03:56:15] SlimMonoLogger.INFO: Cron ran at: 10-03-2026 03:56:15 AM [] []
[2026-03-10 04:01:28] SlimMonoLogger.INFO: Cron ran at: 10-03-2026 04:01:28 AM [] []
[2026-03-10 04:06:22] SlimMonoLogger.INFO: Cron ran at: 10-03-2026 04:06:22 AM [] []
[2026-03-10 04:11:32] SlimMonoLogger.INFO: Cron ran at: 10-03-2026 04:11:32 AM [] []
[2026-03-10 04:16:29] SlimMonoLogger.INFO: Cron ran at: 10-03-2026 04:16:29 AM [] []
[2026-03-10 04:21:26] SlimMonoLogger.INFO: Cron ran at: 10-03-2026 04:21:26 AM [] []
[2026-03-10 04:26:29] SlimMonoLogger.INFO: Cron ran at: 10-03-2026 04:26:29 AM [] []
[2026-03-10 04:31:28] SlimMonoLogger.INFO: Cron ran at: 10-03-2026 04:31:28 AM [] []
[2026-03-10 04:36:28] SlimMonoLogger.INFO: Cron ran at: 10-03-2026 04:36:28 AM [] []
[2026-03-10 04:41:36] SlimMonoLogger.INFO: Cron ran at: 10-03-2026 04:41:36 AM [] []
[2026-03-10 04:46:11] SlimMonoLogger.ERROR: Requests_Exception: cURL error 56: Recv failure: Connection reset by peer in /home/latihtal/public_html/agregator1/src/vendor/rmccue/requests/library/Requests/Transport/cURL.php:422
Stack trace:
#0 /home/latihtal/public_html/agregator1/src/vendor/rmccue/requests/library/Requests/Transport/cURL.php(177): Requests_Transport_cURL->process_response()
#1 /home/latihtal/public_html/agregator1/src/vendor/rmccue/requests/library/Requests.php(379): Requests_Transport_cURL->request()
#2 /home/latihtal/public_html/agregator1/src/vendor/rmccue/requests/library/Requests/Session.php(205): Requests::request()
#3 /home/latihtal/public_html/agregator1/src/vendor/rmccue/requests/library/Requests/Session.php(132): Requests_Session->request()
#4 /home/latihtal/public_html/agregator1/src/drivers/Http/RssImporter.php(144): Requests_Session->get()
#5 /home/latihtal/public_html/agregator1/src/controllers/Dashboard/DashboardFeedsController.php(534): spark\drivers\Http\RssImporter->fetchPosts()
#6 /home/latihtal/public_html/agregator1/src/controllers/Site/SiteController.php(722): spark\controllers\Dashboard\DashboardFeedsController::importFeedPosts()
#7 [internal function]: spark\controllers\Site\SiteController->runTasks()
#8 /home/latihtal/public_html/agregator1/src/framework/Route.php(173): call_user_func_array()
#9 [internal function]: Slim\Route->Slim\{closure}()
#10 /home/latihtal/public_html/agregator1/src/framework/Route.php(468): call_user_func_array()
#11 /home/latihtal/public_html/agregator1/src/framework/Slim.php(1364): Slim\Route->dispatch()
#12 /home/latihtal/public_html/agregator1/src/framework/Middleware/Flash.php(85): Slim\Slim->call()
#13 /home/latihtal/public_html/agregator1/src/framework/Middleware/MethodOverride.php(92): Slim\Middleware\Flash->call()
#14 /home/latihtal/public_html/agregator1/src/middlewares/CsrfGuard/CsrfGuard.php(47): Slim\Middleware\MethodOverride->call()
#15 /home/latihtal/public_html/agregator1/src/framework/Middleware/PrettyExceptions.php(67): spark\middlewares\CsrfGuard\CsrfGuard->call()
#16 /home/latihtal/public_html/agregator1/src/framework/Slim.php(1308): Slim\Middleware\PrettyExceptions->call()
#17 /home/latihtal/public_html/agregator1/index.php(6): Slim\Slim->run()
#18 {main} [] []
[2026-03-10 04:51:28] SlimMonoLogger.INFO: Cron ran at: 10-03-2026 04:51:28 AM [] []
[2026-03-10 04:54:36] SlimMonoLogger.ERROR: Requests_Exception: cURL error 28: Operation timed out after 500002 milliseconds with 0 bytes received in /home/latihtal/public_html/agregator1/src/vendor/rmccue/requests/library/Requests/Transport/cURL.php:422
Stack trace:
#0 /home/latihtal/public_html/agregator1/src/vendor/rmccue/requests/library/Requests/Transport/cURL.php(177): Requests_Transport_cURL->process_response()
#1 /home/latihtal/public_html/agregator1/src/vendor/rmccue/requests/library/Requests.php(379): Requests_Transport_cURL->request()
#2 /home/latihtal/public_html/agregator1/src/vendor/rmccue/requests/library/Requests/Session.php(205): Requests::request()
#3 /home/latihtal/public_html/agregator1/src/vendor/rmccue/requests/library/Requests/Session.php(132): Requests_Session->request()
#4 /home/latihtal/public_html/agregator1/src/drivers/Http/RssImporter.php(144): Requests_Session->get()
#5 /home/latihtal/public_html/agregator1/src/controllers/Dashboard/DashboardFeedsController.php(534): spark\drivers\Http\RssImporter->fetchPosts()
#6 /home/latihtal/public_html/agregator1/src/controllers/Site/SiteController.php(722): spark\controllers\Dashboard\DashboardFeedsController::importFeedPosts()
#7 [internal function]: spark\controllers\Site\SiteController->runTasks()
#8 /home/latihtal/public_html/agregator1/src/framework/Route.php(173): call_user_func_array()
#9 [internal function]: Slim\Route->Slim\{closure}()
#10 /home/latihtal/public_html/agregator1/src/framework/Route.php(468): call_user_func_array()
#11 /home/latihtal/public_html/agregator1/src/framework/Slim.php(1364): Slim\Route->dispatch()
#12 /home/latihtal/public_html/agregator1/src/framework/Middleware/Flash.php(85): Slim\Slim->call()
#13 /home/latihtal/public_html/agregator1/src/framework/Middleware/MethodOverride.php(92): Slim\Middleware\Flash->call()
#14 /home/latihtal/public_html/agregator1/src/middlewares/CsrfGuard/CsrfGuard.php(47): Slim\Middleware\MethodOverride->call()
#15 /home/latihtal/public_html/agregator1/src/framework/Middleware/PrettyExceptions.php(67): spark\middlewares\CsrfGuard\CsrfGuard->call()
#16 /home/latihtal/public_html/agregator1/src/framework/Slim.php(1308): Slim\Middleware\PrettyExceptions->call()
#17 /home/latihtal/public_html/agregator1/index.php(6): Slim\Slim->run()
#18 {main} [] []
[2026-03-10 04:55:31] SlimMonoLogger.INFO: Cron ran at: 10-03-2026 04:55:31 AM [] []
[2026-03-10 04:56:27] SlimMonoLogger.INFO: Cron ran at: 10-03-2026 04:56:27 AM [] []
[2026-03-10 05:01:35] SlimMonoLogger.INFO: Cron ran at: 10-03-2026 05:01:35 AM [] []
[2026-03-10 05:06:18] SlimMonoLogger.INFO: Cron ran at: 10-03-2026 05:06:18 AM [] []
[2026-03-10 05:11:23] SlimMonoLogger.INFO: Cron ran at: 10-03-2026 05:11:23 AM [] []
[2026-03-10 05:16:35] SlimMonoLogger.INFO: Cron ran at: 10-03-2026 05:16:35 AM [] []
[2026-03-10 05:21:22] SlimMonoLogger.INFO: Cron ran at: 10-03-2026 05:21:22 AM [] []
[2026-03-10 05:26:29] SlimMonoLogger.INFO: Cron ran at: 10-03-2026 05:26:29 AM [] []
[2026-03-10 05:31:37] SlimMonoLogger.INFO: Cron ran at: 10-03-2026 05:31:37 AM [] []
[2026-03-10 05:36:19] SlimMonoLogger.INFO: Cron ran at: 10-03-2026 05:36:19 AM [] []
[2026-03-10 05:41:37] SlimMonoLogger.INFO: Cron ran at: 10-03-2026 05:41:37 AM [] []
[2026-03-10 05:48:27] SlimMonoLogger.INFO: Cron ran at: 10-03-2026 05:48:27 AM [] []
[2026-03-10 05:51:27] SlimMonoLogger.INFO: Cron ran at: 10-03-2026 05:51:27 AM [] []
[2026-03-10 05:56:29] SlimMonoLogger.INFO: Cron ran at: 10-03-2026 05:56:29 AM [] []
[2026-03-10 06:01:32] SlimMonoLogger.INFO: Cron ran at: 10-03-2026 06:01:32 AM [] []
[2026-03-10 06:06:27] SlimMonoLogger.INFO: Cron ran at: 10-03-2026 06:06:27 AM [] []
[2026-03-10 06:11:28] SlimMonoLogger.INFO: Cron ran at: 10-03-2026 06:11:28 AM [] []
[2026-03-10 06:16:29] SlimMonoLogger.INFO: Cron ran at: 10-03-2026 06:16:29 AM [] []
[2026-03-10 06:21:41] SlimMonoLogger.INFO: Cron ran at: 10-03-2026 06:21:41 AM [] []
[2026-03-10 06:26:35] SlimMonoLogger.INFO: Cron ran at: 10-03-2026 06:26:35 AM [] []
[2026-03-10 06:31:40] SlimMonoLogger.INFO: Cron ran at: 10-03-2026 06:31:40 AM [] []
[2026-03-10 06:36:31] SlimMonoLogger.INFO: Cron ran at: 10-03-2026 06:36:31 AM [] []
[2026-03-10 06:41:30] SlimMonoLogger.INFO: Cron ran at: 10-03-2026 06:41:30 AM [] []
[2026-03-10 06:46:27] SlimMonoLogger.INFO: Cron ran at: 10-03-2026 06:46:27 AM [] []
[2026-03-10 06:51:35] SlimMonoLogger.INFO: Cron ran at: 10-03-2026 06:51:35 AM [] []
[2026-03-10 06:56:36] SlimMonoLogger.INFO: Cron ran at: 10-03-2026 06:56:36 AM [] []
[2026-03-10 07:01:37] SlimMonoLogger.INFO: Cron ran at: 10-03-2026 07:01:37 AM [] []
[2026-03-10 07:06:34] SlimMonoLogger.INFO: Cron ran at: 10-03-2026 07:06:34 AM [] []
[2026-03-10 07:11:24] SlimMonoLogger.INFO: Cron ran at: 10-03-2026 07:11:24 AM [] []
[2026-03-10 07:16:29] SlimMonoLogger.INFO: Cron ran at: 10-03-2026 07:16:29 AM [] []
[2026-03-10 07:21:31] SlimMonoLogger.INFO: Cron ran at: 10-03-2026 07:21:31 AM [] []
[2026-03-10 07:26:25] SlimMonoLogger.INFO: Cron ran at: 10-03-2026 07:26:25 AM [] []
[2026-03-10 07:31:32] SlimMonoLogger.INFO: Cron ran at: 10-03-2026 07:31:32 AM [] []
[2026-03-10 07:36:33] SlimMonoLogger.INFO: Cron ran at: 10-03-2026 07:36:33 AM [] []
[2026-03-10 07:46:46] SlimMonoLogger.INFO: Cron ran at: 10-03-2026 07:46:46 AM [] []
[2026-03-10 07:51:44] SlimMonoLogger.INFO: Cron ran at: 10-03-2026 07:51:44 AM [] []
[2026-03-10 07:56:30] SlimMonoLogger.INFO: Cron ran at: 10-03-2026 07:56:30 AM [] []
[2026-03-10 08:02:00] SlimMonoLogger.INFO: Cron ran at: 10-03-2026 08:02:00 AM [] []
[2026-03-10 08:06:44] SlimMonoLogger.INFO: Cron ran at: 10-03-2026 08:06:44 AM [] []
[2026-03-10 08:11:51] SlimMonoLogger.INFO: Cron ran at: 10-03-2026 08:11:51 AM [] []
[2026-03-10 08:16:59] SlimMonoLogger.INFO: Cron ran at: 10-03-2026 08:16:59 AM [] []
[2026-03-10 08:22:17] SlimMonoLogger.INFO: Cron ran at: 10-03-2026 08:22:17 AM [] []
[2026-03-10 08:26:58] SlimMonoLogger.INFO: Cron ran at: 10-03-2026 08:26:58 AM [] []
[2026-03-10 08:32:06] SlimMonoLogger.INFO: Cron ran at: 10-03-2026 08:32:06 AM [] []
[2026-03-10 08:36:36] SlimMonoLogger.INFO: Cron ran at: 10-03-2026 08:36:36 AM [] []
[2026-03-10 08:41:50] SlimMonoLogger.INFO: Cron ran at: 10-03-2026 08:41:50 AM [] []
[2026-03-10 08:46:58] SlimMonoLogger.INFO: Cron ran at: 10-03-2026 08:46:58 AM [] []
[2026-03-10 08:51:53] SlimMonoLogger.INFO: Cron ran at: 10-03-2026 08:51:53 AM [] []
[2026-03-10 09:07:13] SlimMonoLogger.INFO: Cron ran at: 10-03-2026 09:07:13 AM [] []
[2026-03-10 09:11:52] SlimMonoLogger.INFO: Cron ran at: 10-03-2026 09:11:52 AM [] []
[2026-03-10 09:17:00] SlimMonoLogger.INFO: Cron ran at: 10-03-2026 09:17:00 AM [] []
[2026-03-10 09:22:07] SlimMonoLogger.INFO: Cron ran at: 10-03-2026 09:22:07 AM [] []
[2026-03-10 09:26:45] SlimMonoLogger.INFO: Cron ran at: 10-03-2026 09:26:45 AM [] []
[2026-03-10 09:31:51] SlimMonoLogger.INFO: Cron ran at: 10-03-2026 09:31:51 AM [] []
[2026-03-10 09:36:50] SlimMonoLogger.INFO: Cron ran at: 10-03-2026 09:36:50 AM [] []
[2026-03-10 09:41:41] SlimMonoLogger.INFO: Cron ran at: 10-03-2026 09:41:41 AM [] []
[2026-03-10 09:46:45] SlimMonoLogger.INFO: Cron ran at: 10-03-2026 09:46:45 AM [] []
[2026-03-10 09:51:37] SlimMonoLogger.INFO: Cron ran at: 10-03-2026 09:51:37 AM [] []
[2026-03-10 09:56:36] SlimMonoLogger.INFO: Cron ran at: 10-03-2026 09:56:36 AM [] []
[2026-03-10 10:01:52] SlimMonoLogger.INFO: Cron ran at: 10-03-2026 10:01:52 AM [] []
[2026-03-10 10:06:53] SlimMonoLogger.INFO: Cron ran at: 10-03-2026 10:06:53 AM [] []
[2026-03-10 10:11:44] SlimMonoLogger.INFO: Cron ran at: 10-03-2026 10:11:44 AM [] []
[2026-03-10 10:16:46] SlimMonoLogger.INFO: Cron ran at: 10-03-2026 10:16:46 AM [] []
[2026-03-10 10:21:39] SlimMonoLogger.INFO: Cron ran at: 10-03-2026 10:21:39 AM [] []
[2026-03-10 10:26:43] SlimMonoLogger.INFO: Cron ran at: 10-03-2026 10:26:43 AM [] []
[2026-03-10 10:31:56] SlimMonoLogger.INFO: Cron ran at: 10-03-2026 10:31:56 AM [] []
[2026-03-10 10:36:37] SlimMonoLogger.INFO: Cron ran at: 10-03-2026 10:36:37 AM [] []
[2026-03-10 10:41:47] SlimMonoLogger.INFO: Cron ran at: 10-03-2026 10:41:47 AM [] []
[2026-03-10 10:46:43] SlimMonoLogger.INFO: Cron ran at: 10-03-2026 10:46:43 AM [] []
[2026-03-10 10:51:34] SlimMonoLogger.INFO: Cron ran at: 10-03-2026 10:51:34 AM [] []
[2026-03-10 10:56:38] SlimMonoLogger.INFO: Cron ran at: 10-03-2026 10:56:38 AM [] []
[2026-03-10 11:01:44] SlimMonoLogger.INFO: Cron ran at: 10-03-2026 11:01:44 AM [] []
[2026-03-10 11:06:42] SlimMonoLogger.INFO: Cron ran at: 10-03-2026 11:06:42 AM [] []
[2026-03-10 11:11:28] SlimMonoLogger.INFO: Cron ran at: 10-03-2026 11:11:28 AM [] []
[2026-03-10 11:16:26] SlimMonoLogger.INFO: Cron ran at: 10-03-2026 11:16:26 AM [] []
[2026-03-10 11:21:41] SlimMonoLogger.INFO: Cron ran at: 10-03-2026 11:21:41 AM [] []
[2026-03-10 11:26:36] SlimMonoLogger.INFO: Cron ran at: 10-03-2026 11:26:36 AM [] []
[2026-03-10 11:31:41] SlimMonoLogger.INFO: Cron ran at: 10-03-2026 11:31:41 AM [] []
[2026-03-10 11:36:40] SlimMonoLogger.INFO: Cron ran at: 10-03-2026 11:36:40 AM [] []
[2026-03-10 11:41:47] SlimMonoLogger.INFO: Cron ran at: 10-03-2026 11:41:47 AM [] []
[2026-03-10 11:46:48] SlimMonoLogger.INFO: Cron ran at: 10-03-2026 11:46:48 AM [] []
[2026-03-10 11:51:47] SlimMonoLogger.INFO: Cron ran at: 10-03-2026 11:51:47 AM [] []
[2026-03-10 11:56:33] SlimMonoLogger.INFO: Cron ran at: 10-03-2026 11:56:33 AM [] []
[2026-03-10 12:01:42] SlimMonoLogger.INFO: Cron ran at: 10-03-2026 12:01:42 PM [] []
[2026-03-10 12:06:34] SlimMonoLogger.INFO: Cron ran at: 10-03-2026 12:06:34 PM [] []
[2026-03-10 12:11:27] SlimMonoLogger.INFO: Cron ran at: 10-03-2026 12:11:27 PM [] []
[2026-03-10 12:16:27] SlimMonoLogger.INFO: Cron ran at: 10-03-2026 12:16:27 PM [] []
[2026-03-10 12:21:43] SlimMonoLogger.INFO: Cron ran at: 10-03-2026 12:21:43 PM [] []
[2026-03-10 12:26:42] SlimMonoLogger.INFO: Cron ran at: 10-03-2026 12:26:42 PM [] []
[2026-03-10 12:31:53] SlimMonoLogger.INFO: Cron ran at: 10-03-2026 12:31:53 PM [] []
[2026-03-10 12:36:34] SlimMonoLogger.INFO: Cron ran at: 10-03-2026 12:36:34 PM [] []
[2026-03-10 12:41:30] SlimMonoLogger.INFO: Cron ran at: 10-03-2026 12:41:30 PM [] []
[2026-03-10 12:46:54] SlimMonoLogger.INFO: Cron ran at: 10-03-2026 12:46:54 PM [] []
[2026-03-10 12:51:39] SlimMonoLogger.INFO: Cron ran at: 10-03-2026 12:51:39 PM [] []
[2026-03-10 12:56:32] SlimMonoLogger.INFO: Cron ran at: 10-03-2026 12:56:32 PM [] []
[2026-03-10 13:01:40] SlimMonoLogger.INFO: Cron ran at: 10-03-2026 01:01:40 PM [] []
[2026-03-10 13:06:36] SlimMonoLogger.INFO: Cron ran at: 10-03-2026 01:06:36 PM [] []
[2026-03-10 13:11:42] SlimMonoLogger.INFO: Cron ran at: 10-03-2026 01:11:42 PM [] []
[2026-03-10 13:16:41] SlimMonoLogger.INFO: Cron ran at: 10-03-2026 01:16:41 PM [] []
[2026-03-10 13:21:37] SlimMonoLogger.INFO: Cron ran at: 10-03-2026 01:21:37 PM [] []
[2026-03-10 13:26:28] SlimMonoLogger.INFO: Cron ran at: 10-03-2026 01:26:28 PM [] []
[2026-03-10 13:31:39] SlimMonoLogger.INFO: Cron ran at: 10-03-2026 01:31:39 PM [] []
[2026-03-10 13:36:50] SlimMonoLogger.INFO: Cron ran at: 10-03-2026 01:36:50 PM [] []
[2026-03-10 13:41:53] SlimMonoLogger.INFO: Cron ran at: 10-03-2026 01:41:53 PM [] []
[2026-03-10 13:46:42] SlimMonoLogger.INFO: Cron ran at: 10-03-2026 01:46:42 PM [] []
[2026-03-10 13:51:46] SlimMonoLogger.INFO: Cron ran at: 10-03-2026 01:51:46 PM [] []
[2026-03-10 13:56:35] SlimMonoLogger.INFO: Cron ran at: 10-03-2026 01:56:35 PM [] []
[2026-03-10 14:01:47] SlimMonoLogger.INFO: Cron ran at: 10-03-2026 02:01:47 PM [] []
[2026-03-10 14:06:29] SlimMonoLogger.INFO: Cron ran at: 10-03-2026 02:06:29 PM [] []
[2026-03-10 14:14:17] SlimMonoLogger.INFO: Cron ran at: 10-03-2026 02:14:17 PM [] []
[2026-03-10 14:26:07] SlimMonoLogger.ERROR: Requests_Exception: cURL error 28: Operation timed out after 500000 milliseconds with 13845 bytes received in /home/latihtal/public_html/agregator1/src/vendor/rmccue/requests/library/Requests/Transport/cURL.php:422
Stack trace:
#0 /home/latihtal/public_html/agregator1/src/vendor/rmccue/requests/library/Requests/Transport/cURL.php(177): Requests_Transport_cURL->process_response()
#1 /home/latihtal/public_html/agregator1/src/vendor/rmccue/requests/library/Requests.php(379): Requests_Transport_cURL->request()
#2 /home/latihtal/public_html/agregator1/src/vendor/rmccue/requests/library/Requests/Session.php(205): Requests::request()
#3 /home/latihtal/public_html/agregator1/src/vendor/rmccue/requests/library/Requests/Session.php(132): Requests_Session->request()
#4 /home/latihtal/public_html/agregator1/src/drivers/Http/RssImporter.php(144): Requests_Session->get()
#5 /home/latihtal/public_html/agregator1/src/controllers/Dashboard/DashboardFeedsController.php(534): spark\drivers\Http\RssImporter->fetchPosts()
#6 /home/latihtal/public_html/agregator1/src/controllers/Site/SiteController.php(722): spark\controllers\Dashboard\DashboardFeedsController::importFeedPosts()
#7 [internal function]: spark\controllers\Site\SiteController->runTasks()
#8 /home/latihtal/public_html/agregator1/src/framework/Route.php(173): call_user_func_array()
#9 [internal function]: Slim\Route->Slim\{closure}()
#10 /home/latihtal/public_html/agregator1/src/framework/Route.php(468): call_user_func_array()
#11 /home/latihtal/public_html/agregator1/src/framework/Slim.php(1364): Slim\Route->dispatch()
#12 /home/latihtal/public_html/agregator1/src/framework/Middleware/Flash.php(85): Slim\Slim->call()
#13 /home/latihtal/public_html/agregator1/src/framework/Middleware/MethodOverride.php(92): Slim\Middleware\Flash->call()
#14 /home/latihtal/public_html/agregator1/src/middlewares/CsrfGuard/CsrfGuard.php(47): Slim\Middleware\MethodOverride->call()
#15 /home/latihtal/public_html/agregator1/src/framework/Middleware/PrettyExceptions.php(67): spark\middlewares\CsrfGuard\CsrfGuard->call()
#16 /home/latihtal/public_html/agregator1/src/framework/Slim.php(1308): Slim\Middleware\PrettyExceptions->call()
#17 /home/latihtal/public_html/agregator1/index.php(6): Slim\Slim->run()
#18 {main} [] []
[2026-03-10 14:28:46] SlimMonoLogger.INFO: Cron ran at: 10-03-2026 02:28:46 PM [] []
[2026-03-10 14:29:42] SlimMonoLogger.ERROR: Requests_Exception: cURL error 28: Operation timed out after 500001 milliseconds with 17473 bytes received in /home/latihtal/public_html/agregator1/src/vendor/rmccue/requests/library/Requests/Transport/cURL.php:422
Stack trace:
#0 /home/latihtal/public_html/agregator1/src/vendor/rmccue/requests/library/Requests/Transport/cURL.php(177): Requests_Transport_cURL->process_response()
#1 /home/latihtal/public_html/agregator1/src/vendor/rmccue/requests/library/Requests.php(379): Requests_Transport_cURL->request()
#2 /home/latihtal/public_html/agregator1/src/vendor/rmccue/requests/library/Requests/Session.php(205): Requests::request()
#3 /home/latihtal/public_html/agregator1/src/vendor/rmccue/requests/library/Requests/Session.php(132): Requests_Session->request()
#4 /home/latihtal/public_html/agregator1/src/drivers/Http/RssImporter.php(144): Requests_Session->get()
#5 /home/latihtal/public_html/agregator1/src/controllers/Dashboard/DashboardFeedsController.php(534): spark\drivers\Http\RssImporter->fetchPosts()
#6 /home/latihtal/public_html/agregator1/src/controllers/Site/SiteController.php(722): spark\controllers\Dashboard\DashboardFeedsController::importFeedPosts()
#7 [internal function]: spark\controllers\Site\SiteController->runTasks()
#8 /home/latihtal/public_html/agregator1/src/framework/Route.php(173): call_user_func_array()
#9 [internal function]: Slim\Route->Slim\{closure}()
#10 /home/latihtal/public_html/agregator1/src/framework/Route.php(468): call_user_func_array()
#11 /home/latihtal/public_html/agregator1/src/framework/Slim.php(1364): Slim\Route->dispatch()
#12 /home/latihtal/public_html/agregator1/src/framework/Middleware/Flash.php(85): Slim\Slim->call()
#13 /home/latihtal/public_html/agregator1/src/framework/Middleware/MethodOverride.php(92): Slim\Middleware\Flash->call()
#14 /home/latihtal/public_html/agregator1/src/middlewares/CsrfGuard/CsrfGuard.php(47): Slim\Middleware\MethodOverride->call()
#15 /home/latihtal/public_html/agregator1/src/framework/Middleware/PrettyExceptions.php(67): spark\middlewares\CsrfGuard\CsrfGuard->call()
#16 /home/latihtal/public_html/agregator1/src/framework/Slim.php(1308): Slim\Middleware\PrettyExceptions->call()
#17 /home/latihtal/public_html/agregator1/index.php(6): Slim\Slim->run()
#18 {main} [] []
[2026-03-10 14:31:09] SlimMonoLogger.INFO: Cron ran at: 10-03-2026 02:31:09 PM [] []
[2026-03-10 14:31:21] SlimMonoLogger.INFO: Cron ran at: 10-03-2026 02:31:21 PM [] []
[2026-03-10 14:35:57] SlimMonoLogger.ERROR: Requests_Exception: cURL error 28: Operation timed out after 500001 milliseconds with 15824 bytes received in /home/latihtal/public_html/agregator1/src/vendor/rmccue/requests/library/Requests/Transport/cURL.php:422
Stack trace:
#0 /home/latihtal/public_html/agregator1/src/vendor/rmccue/requests/library/Requests/Transport/cURL.php(177): Requests_Transport_cURL->process_response()
#1 /home/latihtal/public_html/agregator1/src/vendor/rmccue/requests/library/Requests.php(379): Requests_Transport_cURL->request()
#2 /home/latihtal/public_html/agregator1/src/vendor/rmccue/requests/library/Requests/Session.php(205): Requests::request()
#3 /home/latihtal/public_html/agregator1/src/vendor/rmccue/requests/library/Requests/Session.php(132): Requests_Session->request()
#4 /home/latihtal/public_html/agregator1/src/drivers/Http/RssImporter.php(144): Requests_Session->get()
#5 /home/latihtal/public_html/agregator1/src/controllers/Dashboard/DashboardFeedsController.php(534): spark\drivers\Http\RssImporter->fetchPosts()
#6 /home/latihtal/public_html/agregator1/src/controllers/Site/SiteController.php(722): spark\controllers\Dashboard\DashboardFeedsController::importFeedPosts()
#7 [internal function]: spark\controllers\Site\SiteController->runTasks()
#8 /home/latihtal/public_html/agregator1/src/framework/Route.php(173): call_user_func_array()
#9 [internal function]: Slim\Route->Slim\{closure}()
#10 /home/latihtal/public_html/agregator1/src/framework/Route.php(468): call_user_func_array()
#11 /home/latihtal/public_html/agregator1/src/framework/Slim.php(1364): Slim\Route->dispatch()
#12 /home/latihtal/public_html/agregator1/src/framework/Middleware/Flash.php(85): Slim\Slim->call()
#13 /home/latihtal/public_html/agregator1/src/framework/Middleware/MethodOverride.php(92): Slim\Middleware\Flash->call()
#14 /home/latihtal/public_html/agregator1/src/middlewares/CsrfGuard/CsrfGuard.php(47): Slim\Middleware\MethodOverride->call()
#15 /home/latihtal/public_html/agregator1/src/framework/Middleware/PrettyExceptions.php(67): spark\middlewares\CsrfGuard\CsrfGuard->call()
#16 /home/latihtal/public_html/agregator1/src/framework/Slim.php(1308): Slim\Middleware\PrettyExceptions->call()
#17 /home/latihtal/public_html/agregator1/index.php(6): Slim\Slim->run()
#18 {main} [] []
[2026-03-10 14:36:40] SlimMonoLogger.INFO: Cron ran at: 10-03-2026 02:36:40 PM [] []
[2026-03-10 14:36:54] SlimMonoLogger.INFO: Cron ran at: 10-03-2026 02:36:54 PM [] []
[2026-03-10 14:41:36] SlimMonoLogger.INFO: Cron ran at: 10-03-2026 02:41:36 PM [] []
[2026-03-10 14:46:44] SlimMonoLogger.INFO: Cron ran at: 10-03-2026 02:46:44 PM [] []
[2026-03-10 14:51:37] SlimMonoLogger.INFO: Cron ran at: 10-03-2026 02:51:37 PM [] []
[2026-03-10 14:56:39] SlimMonoLogger.INFO: Cron ran at: 10-03-2026 02:56:39 PM [] []
[2026-03-10 15:01:43] SlimMonoLogger.INFO: Cron ran at: 10-03-2026 03:01:43 PM [] []
[2026-03-10 15:06:42] SlimMonoLogger.INFO: Cron ran at: 10-03-2026 03:06:42 PM [] []
[2026-03-10 15:11:31] SlimMonoLogger.INFO: Cron ran at: 10-03-2026 03:11:31 PM [] []
[2026-03-10 15:16:33] SlimMonoLogger.INFO: Cron ran at: 10-03-2026 03:16:33 PM [] []
[2026-03-10 15:21:35] SlimMonoLogger.INFO: Cron ran at: 10-03-2026 03:21:35 PM [] []
[2026-03-10 15:26:54] SlimMonoLogger.INFO: Cron ran at: 10-03-2026 03:26:54 PM [] []
[2026-03-10 15:31:38] SlimMonoLogger.INFO: Cron ran at: 10-03-2026 03:31:38 PM [] []
[2026-03-10 15:36:53] SlimMonoLogger.INFO: Cron ran at: 10-03-2026 03:36:53 PM [] []
[2026-03-10 15:41:28] SlimMonoLogger.INFO: Cron ran at: 10-03-2026 03:41:28 PM [] []
[2026-03-10 15:46:38] SlimMonoLogger.INFO: Cron ran at: 10-03-2026 03:46:38 PM [] []
[2026-03-10 15:51:53] SlimMonoLogger.INFO: Cron ran at: 10-03-2026 03:51:53 PM [] []
[2026-03-10 15:56:32] SlimMonoLogger.INFO: Cron ran at: 10-03-2026 03:56:32 PM [] []
[2026-03-10 16:01:37] SlimMonoLogger.INFO: Cron ran at: 10-03-2026 04:01:37 PM [] []
[2026-03-10 16:06:28] SlimMonoLogger.INFO: Cron ran at: 10-03-2026 04:06:28 PM [] []
[2026-03-10 16:11:44] SlimMonoLogger.INFO: Cron ran at: 10-03-2026 04:11:44 PM [] []
[2026-03-10 16:16:37] SlimMonoLogger.INFO: Cron ran at: 10-03-2026 04:16:37 PM [] []
[2026-03-10 16:21:39] SlimMonoLogger.INFO: Cron ran at: 10-03-2026 04:21:39 PM [] []
[2026-03-10 16:26:36] SlimMonoLogger.INFO: Cron ran at: 10-03-2026 04:26:36 PM [] []
[2026-03-10 16:31:43] SlimMonoLogger.INFO: Cron ran at: 10-03-2026 04:31:43 PM [] []
[2026-03-10 16:36:42] SlimMonoLogger.INFO: Cron ran at: 10-03-2026 04:36:42 PM [] []
[2026-03-10 16:41:34] SlimMonoLogger.INFO: Cron ran at: 10-03-2026 04:41:34 PM [] []
[2026-03-10 16:46:49] SlimMonoLogger.INFO: Cron ran at: 10-03-2026 04:46:49 PM [] []
[2026-03-10 16:51:48] SlimMonoLogger.INFO: Cron ran at: 10-03-2026 04:51:48 PM [] []
[2026-03-10 16:56:43] SlimMonoLogger.INFO: Cron ran at: 10-03-2026 04:56:43 PM [] []
[2026-03-10 17:01:38] SlimMonoLogger.INFO: Cron ran at: 10-03-2026 05:01:38 PM [] []
[2026-03-10 17:06:42] SlimMonoLogger.INFO: Cron ran at: 10-03-2026 05:06:42 PM [] []
[2026-03-10 17:11:50] SlimMonoLogger.INFO: Cron ran at: 10-03-2026 05:11:50 PM [] []
[2026-03-10 17:16:42] SlimMonoLogger.INFO: Cron ran at: 10-03-2026 05:16:42 PM [] []
[2026-03-10 17:21:44] SlimMonoLogger.INFO: Cron ran at: 10-03-2026 05:21:44 PM [] []
[2026-03-10 17:26:35] SlimMonoLogger.INFO: Cron ran at: 10-03-2026 05:26:35 PM [] []
[2026-03-10 17:31:57] SlimMonoLogger.INFO: Cron ran at: 10-03-2026 05:31:57 PM [] []
[2026-03-10 17:36:52] SlimMonoLogger.INFO: Cron ran at: 10-03-2026 05:36:52 PM [] []
[2026-03-10 17:41:34] SlimMonoLogger.INFO: Cron ran at: 10-03-2026 05:41:34 PM [] []
[2026-03-10 17:46:39] SlimMonoLogger.INFO: Cron ran at: 10-03-2026 05:46:39 PM [] []
[2026-03-10 17:51:43] SlimMonoLogger.INFO: Cron ran at: 10-03-2026 05:51:43 PM [] []
[2026-03-10 17:56:47] SlimMonoLogger.INFO: Cron ran at: 10-03-2026 05:56:47 PM [] []
[2026-03-10 18:01:49] SlimMonoLogger.INFO: Cron ran at: 10-03-2026 06:01:49 PM [] []
[2026-03-10 18:06:48] SlimMonoLogger.INFO: Cron ran at: 10-03-2026 06:06:48 PM [] []
[2026-03-10 18:11:44] SlimMonoLogger.INFO: Cron ran at: 10-03-2026 06:11:44 PM [] []
[2026-03-10 18:16:32] SlimMonoLogger.INFO: Cron ran at: 10-03-2026 06:16:32 PM [] []
[2026-03-10 18:22:56] SlimMonoLogger.INFO: Cron ran at: 10-03-2026 06:22:56 PM [] []
[2026-03-10 18:26:31] SlimMonoLogger.INFO: Cron ran at: 10-03-2026 06:26:31 PM [] []
[2026-03-10 18:31:39] SlimMonoLogger.INFO: Cron ran at: 10-03-2026 06:31:39 PM [] []
[2026-03-10 18:36:26] SlimMonoLogger.INFO: Cron ran at: 10-03-2026 06:36:26 PM [] []
[2026-03-10 18:41:38] SlimMonoLogger.INFO: Cron ran at: 10-03-2026 06:41:38 PM [] []
[2026-03-10 18:46:26] SlimMonoLogger.INFO: Cron ran at: 10-03-2026 06:46:26 PM [] []
[2026-03-10 18:51:34] SlimMonoLogger.INFO: Cron ran at: 10-03-2026 06:51:34 PM [] []
[2026-03-10 18:56:25] SlimMonoLogger.INFO: Cron ran at: 10-03-2026 06:56:25 PM [] []
[2026-03-10 19:01:41] SlimMonoLogger.INFO: Cron ran at: 10-03-2026 07:01:41 PM [] []
[2026-03-10 19:06:38] SlimMonoLogger.INFO: Cron ran at: 10-03-2026 07:06:38 PM [] []
[2026-03-10 19:11:31] SlimMonoLogger.INFO: Cron ran at: 10-03-2026 07:11:31 PM [] []
[2026-03-10 19:16:46] SlimMonoLogger.INFO: Cron ran at: 10-03-2026 07:16:46 PM [] []
[2026-03-10 19:21:41] SlimMonoLogger.INFO: Cron ran at: 10-03-2026 07:21:41 PM [] []
[2026-03-10 19:26:42] SlimMonoLogger.INFO: Cron ran at: 10-03-2026 07:26:42 PM [] []
[2026-03-10 19:31:37] SlimMonoLogger.INFO: Cron ran at: 10-03-2026 07:31:37 PM [] []
[2026-03-10 19:36:33] SlimMonoLogger.INFO: Cron ran at: 10-03-2026 07:36:33 PM [] []
[2026-03-10 19:41:54] SlimMonoLogger.INFO: Cron ran at: 10-03-2026 07:41:54 PM [] []
[2026-03-10 19:46:58] SlimMonoLogger.INFO: Cron ran at: 10-03-2026 07:46:58 PM [] []
[2026-03-10 19:51:53] SlimMonoLogger.INFO: Cron ran at: 10-03-2026 07:51:53 PM [] []
[2026-03-10 19:56:30] SlimMonoLogger.INFO: Cron ran at: 10-03-2026 07:56:30 PM [] []
[2026-03-10 20:01:47] SlimMonoLogger.INFO: Cron ran at: 10-03-2026 08:01:47 PM [] []
[2026-03-10 20:06:44] SlimMonoLogger.INFO: Cron ran at: 10-03-2026 08:06:44 PM [] []
[2026-03-10 20:11:48] SlimMonoLogger.INFO: Cron ran at: 10-03-2026 08:11:48 PM [] []
[2026-03-10 20:16:39] SlimMonoLogger.INFO: Cron ran at: 10-03-2026 08:16:39 PM [] []
[2026-03-10 20:21:44] SlimMonoLogger.INFO: Cron ran at: 10-03-2026 08:21:44 PM [] []
[2026-03-10 20:26:32] SlimMonoLogger.INFO: Cron ran at: 10-03-2026 08:26:32 PM [] []
[2026-03-10 20:31:32] SlimMonoLogger.INFO: Cron ran at: 10-03-2026 08:31:32 PM [] []
[2026-03-10 20:36:30] SlimMonoLogger.INFO: Cron ran at: 10-03-2026 08:36:30 PM [] []
[2026-03-10 20:41:35] SlimMonoLogger.INFO: Cron ran at: 10-03-2026 08:41:35 PM [] []
[2026-03-10 20:46:27] SlimMonoLogger.INFO: Cron ran at: 10-03-2026 08:46:27 PM [] []
[2026-03-10 20:51:22] SlimMonoLogger.INFO: Cron ran at: 10-03-2026 08:51:22 PM [] []
[2026-03-10 20:56:29] SlimMonoLogger.INFO: Cron ran at: 10-03-2026 08:56:29 PM [] []
[2026-03-10 21:01:40] SlimMonoLogger.INFO: Cron ran at: 10-03-2026 09:01:40 PM [] []
[2026-03-10 21:06:34] SlimMonoLogger.INFO: Cron ran at: 10-03-2026 09:06:34 PM [] []
[2026-03-10 21:11:23] SlimMonoLogger.INFO: Cron ran at: 10-03-2026 09:11:23 PM [] []
[2026-03-10 21:16:19] SlimMonoLogger.INFO: Cron ran at: 10-03-2026 09:16:19 PM [] []
[2026-03-10 21:21:22] SlimMonoLogger.INFO: Cron ran at: 10-03-2026 09:21:22 PM [] []
[2026-03-10 21:26:19] SlimMonoLogger.INFO: Cron ran at: 10-03-2026 09:26:19 PM [] []
[2026-03-10 21:31:42] SlimMonoLogger.INFO: Cron ran at: 10-03-2026 09:31:42 PM [] []
[2026-03-10 21:36:34] SlimMonoLogger.INFO: Cron ran at: 10-03-2026 09:36:34 PM [] []
[2026-03-10 21:41:16] SlimMonoLogger.INFO: Cron ran at: 10-03-2026 09:41:16 PM [] []
[2026-03-10 21:46:25] SlimMonoLogger.INFO: Cron ran at: 10-03-2026 09:46:25 PM [] []
[2026-03-10 21:51:29] SlimMonoLogger.INFO: Cron ran at: 10-03-2026 09:51:29 PM [] []
[2026-03-10 21:56:37] SlimMonoLogger.INFO: Cron ran at: 10-03-2026 09:56:37 PM [] []
[2026-03-10 22:01:36] SlimMonoLogger.INFO: Cron ran at: 10-03-2026 10:01:36 PM [] []
[2026-03-10 22:06:28] SlimMonoLogger.INFO: Cron ran at: 10-03-2026 10:06:28 PM [] []
[2026-03-10 22:11:17] SlimMonoLogger.INFO: Cron ran at: 10-03-2026 10:11:17 PM [] []
[2026-03-10 22:16:23] SlimMonoLogger.INFO: Cron ran at: 10-03-2026 10:16:23 PM [] []
[2026-03-10 22:21:28] SlimMonoLogger.INFO: Cron ran at: 10-03-2026 10:21:28 PM [] []
[2026-03-10 22:26:21] SlimMonoLogger.INFO: Cron ran at: 10-03-2026 10:26:21 PM [] []
[2026-03-10 22:31:22] SlimMonoLogger.INFO: Cron ran at: 10-03-2026 10:31:22 PM [] []
[2026-03-10 22:36:15] SlimMonoLogger.INFO: Cron ran at: 10-03-2026 10:36:15 PM [] []
[2026-03-10 22:41:27] SlimMonoLogger.INFO: Cron ran at: 10-03-2026 10:41:27 PM [] []
[2026-03-10 22:46:34] SlimMonoLogger.INFO: Cron ran at: 10-03-2026 10:46:34 PM [] []
[2026-03-10 22:51:28] SlimMonoLogger.INFO: Cron ran at: 10-03-2026 10:51:28 PM [] []
[2026-03-10 22:56:24] SlimMonoLogger.INFO: Cron ran at: 10-03-2026 10:56:24 PM [] []
[2026-03-10 23:01:20] SlimMonoLogger.INFO: Cron ran at: 10-03-2026 11:01:20 PM [] []
[2026-03-10 23:06:15] SlimMonoLogger.INFO: Cron ran at: 10-03-2026 11:06:15 PM [] []
[2026-03-10 23:11:46] SlimMonoLogger.INFO: Cron ran at: 10-03-2026 11:11:46 PM [] []
[2026-03-10 23:16:24] SlimMonoLogger.INFO: Cron ran at: 10-03-2026 11:16:24 PM [] []
[2026-03-10 23:26:18] SlimMonoLogger.INFO: Cron ran at: 10-03-2026 11:26:18 PM [] []
[2026-03-10 23:29:15] SlimMonoLogger.ERROR: Requests_Exception: cURL error 28: Operation timed out after 500001 milliseconds with 15824 bytes received in /home/latihtal/public_html/agregator1/src/vendor/rmccue/requests/library/Requests/Transport/cURL.php:422
Stack trace:
#0 /home/latihtal/public_html/agregator1/src/vendor/rmccue/requests/library/Requests/Transport/cURL.php(177): Requests_Transport_cURL->process_response()
#1 /home/latihtal/public_html/agregator1/src/vendor/rmccue/requests/library/Requests.php(379): Requests_Transport_cURL->request()
#2 /home/latihtal/public_html/agregator1/src/vendor/rmccue/requests/library/Requests/Session.php(205): Requests::request()
#3 /home/latihtal/public_html/agregator1/src/vendor/rmccue/requests/library/Requests/Session.php(132): Requests_Session->request()
#4 /home/latihtal/public_html/agregator1/src/drivers/Http/RssImporter.php(144): Requests_Session->get()
#5 /home/latihtal/public_html/agregator1/src/controllers/Dashboard/DashboardFeedsController.php(534): spark\drivers\Http\RssImporter->fetchPosts()
#6 /home/latihtal/public_html/agregator1/src/controllers/Site/SiteController.php(722): spark\controllers\Dashboard\DashboardFeedsController::importFeedPosts()
#7 [internal function]: spark\controllers\Site\SiteController->runTasks()
#8 /home/latihtal/public_html/agregator1/src/framework/Route.php(173): call_user_func_array()
#9 [internal function]: Slim\Route->Slim\{closure}()
#10 /home/latihtal/public_html/agregator1/src/framework/Route.php(468): call_user_func_array()
#11 /home/latihtal/public_html/agregator1/src/framework/Slim.php(1364): Slim\Route->dispatch()
#12 /home/latihtal/public_html/agregator1/src/framework/Middleware/Flash.php(85): Slim\Slim->call()
#13 /home/latihtal/public_html/agregator1/src/framework/Middleware/MethodOverride.php(92): Slim\Middleware\Flash->call()
#14 /home/latihtal/public_html/agregator1/src/middlewares/CsrfGuard/CsrfGuard.php(47): Slim\Middleware\MethodOverride->call()
#15 /home/latihtal/public_html/agregator1/src/framework/Middleware/PrettyExceptions.php(67): spark\middlewares\CsrfGuard\CsrfGuard->call()
#16 /home/latihtal/public_html/agregator1/src/framework/Slim.php(1308): Slim\Middleware\PrettyExceptions->call()
#17 /home/latihtal/public_html/agregator1/index.php(6): Slim\Slim->run()
#18 {main} [] []
[2026-03-10 23:29:47] SlimMonoLogger.INFO: Cron ran at: 10-03-2026 11:29:47 PM [] []
[2026-03-10 23:31:26] SlimMonoLogger.INFO: Cron ran at: 10-03-2026 11:31:26 PM [] []
[2026-03-10 23:36:12] SlimMonoLogger.INFO: Cron ran at: 10-03-2026 11:36:12 PM [] []
[2026-03-10 23:41:25] SlimMonoLogger.INFO: Cron ran at: 10-03-2026 11:41:25 PM [] []
[2026-03-10 23:46:20] SlimMonoLogger.INFO: Cron ran at: 10-03-2026 11:46:20 PM [] []
[2026-03-10 23:51:13] SlimMonoLogger.INFO: Cron ran at: 10-03-2026 11:51:13 PM [] []
[2026-03-10 23:56:36] SlimMonoLogger.INFO: Cron ran at: 10-03-2026 11:56:36 PM [] []
[2026-03-11 00:01:31] SlimMonoLogger.INFO: Cron ran at: 11-03-2026 12:01:31 AM [] []
[2026-03-11 00:06:18] SlimMonoLogger.INFO: Cron ran at: 11-03-2026 12:06:18 AM [] []
[2026-03-11 00:11:14] SlimMonoLogger.INFO: Cron ran at: 11-03-2026 12:11:14 AM [] []
[2026-03-11 00:16:31] SlimMonoLogger.INFO: Cron ran at: 11-03-2026 12:16:31 AM [] []
[2026-03-11 00:21:19] SlimMonoLogger.INFO: Cron ran at: 11-03-2026 12:21:19 AM [] []
[2026-03-11 00:26:29] SlimMonoLogger.INFO: Cron ran at: 11-03-2026 12:26:29 AM [] []
[2026-03-11 00:31:17] SlimMonoLogger.INFO: Cron ran at: 11-03-2026 12:31:17 AM [] []
[2026-03-11 00:36:24] SlimMonoLogger.INFO: Cron ran at: 11-03-2026 12:36:24 AM [] []
[2026-03-11 00:41:31] SlimMonoLogger.INFO: Cron ran at: 11-03-2026 12:41:31 AM [] []
[2026-03-11 00:46:16] SlimMonoLogger.INFO: Cron ran at: 11-03-2026 12:46:16 AM [] []
[2026-03-11 00:51:24] SlimMonoLogger.INFO: Cron ran at: 11-03-2026 12:51:24 AM [] []
[2026-03-11 00:56:24] SlimMonoLogger.INFO: Cron ran at: 11-03-2026 12:56:24 AM [] []
