[2026-02-10 01:01:38] SlimMonoLogger.INFO: Cron ran at: 10-02-2026 01:01:38 AM [] []
[2026-02-10 01:06:32] SlimMonoLogger.INFO: Cron ran at: 10-02-2026 01:06:32 AM [] []
[2026-02-10 01:11:31] SlimMonoLogger.INFO: Cron ran at: 10-02-2026 01:11:31 AM [] []
[2026-02-10 01:16:40] SlimMonoLogger.INFO: Cron ran at: 10-02-2026 01:16:40 AM [] []
[2026-02-10 01:21:28] SlimMonoLogger.INFO: Cron ran at: 10-02-2026 01:21:28 AM [] []
[2026-02-10 01:26:30] SlimMonoLogger.INFO: Cron ran at: 10-02-2026 01:26:30 AM [] []
[2026-02-10 01:31:31] SlimMonoLogger.INFO: Cron ran at: 10-02-2026 01:31:31 AM [] []
[2026-02-10 01:36:33] SlimMonoLogger.INFO: Cron ran at: 10-02-2026 01:36:33 AM [] []
[2026-02-10 01:41:29] SlimMonoLogger.INFO: Cron ran at: 10-02-2026 01:41:29 AM [] []
[2026-02-10 01:46:32] SlimMonoLogger.INFO: Cron ran at: 10-02-2026 01:46:32 AM [] []
[2026-02-10 01:51:30] SlimMonoLogger.INFO: Cron ran at: 10-02-2026 01:51:30 AM [] []
[2026-02-10 01:56:42] SlimMonoLogger.INFO: Cron ran at: 10-02-2026 01:56:42 AM [] []
[2026-02-10 02:01:40] SlimMonoLogger.INFO: Cron ran at: 10-02-2026 02:01:40 AM [] []
[2026-02-10 02:06:33] SlimMonoLogger.INFO: Cron ran at: 10-02-2026 02:06:33 AM [] []
[2026-02-10 02:11:36] SlimMonoLogger.INFO: Cron ran at: 10-02-2026 02:11:36 AM [] []
[2026-02-10 02:16:41] SlimMonoLogger.INFO: Cron ran at: 10-02-2026 02:16:41 AM [] []
[2026-02-10 02:21:35] SlimMonoLogger.INFO: Cron ran at: 10-02-2026 02:21:35 AM [] []
[2026-02-10 02:26:31] SlimMonoLogger.INFO: Cron ran at: 10-02-2026 02:26:31 AM [] []
[2026-02-10 02:31:17] SlimMonoLogger.INFO: Cron ran at: 10-02-2026 02:31:17 AM [] []
[2026-02-10 02:36:21] SlimMonoLogger.INFO: Cron ran at: 10-02-2026 02:36:21 AM [] []
[2026-02-10 02:41:19] SlimMonoLogger.INFO: Cron ran at: 10-02-2026 02:41:19 AM [] []
[2026-02-10 02:46:26] SlimMonoLogger.INFO: Cron ran at: 10-02-2026 02:46:26 AM [] []
[2026-02-10 02:51:22] SlimMonoLogger.INFO: Cron ran at: 10-02-2026 02:51:22 AM [] []
[2026-02-10 02:56:17] SlimMonoLogger.INFO: Cron ran at: 10-02-2026 02:56:17 AM [] []
[2026-02-10 03:01:46] SlimMonoLogger.INFO: Cron ran at: 10-02-2026 03:01:46 AM [] []
[2026-02-10 03:12:00] SlimMonoLogger.INFO: Cron ran at: 10-02-2026 03:12:00 AM [] []
[2026-02-10 03:13:28] SlimMonoLogger.ERROR: Requests_Exception: cURL error 28: Operation timed out after 500002 milliseconds with 12976 bytes received in /home/latihtal/public_html/agregator1/src/vendor/rmccue/requests/library/Requests/Transport/cURL.php:422
Stack trace:
#0 /home/latihtal/public_html/agregator1/src/vendor/rmccue/requests/library/Requests/Transport/cURL.php(177): Requests_Transport_cURL->process_response()
#1 /home/latihtal/public_html/agregator1/src/vendor/rmccue/requests/library/Requests.php(379): Requests_Transport_cURL->request()
#2 /home/latihtal/public_html/agregator1/src/vendor/rmccue/requests/library/Requests/Session.php(205): Requests::request()
#3 /home/latihtal/public_html/agregator1/src/vendor/rmccue/requests/library/Requests/Session.php(132): Requests_Session->request()
#4 /home/latihtal/public_html/agregator1/src/drivers/Http/RssImporter.php(144): Requests_Session->get()
#5 /home/latihtal/public_html/agregator1/src/controllers/Dashboard/DashboardFeedsController.php(534): spark\drivers\Http\RssImporter->fetchPosts()
#6 /home/latihtal/public_html/agregator1/src/controllers/Site/SiteController.php(722): spark\controllers\Dashboard\DashboardFeedsController::importFeedPosts()
#7 [internal function]: spark\controllers\Site\SiteController->runTasks()
#8 /home/latihtal/public_html/agregator1/src/framework/Route.php(173): call_user_func_array()
#9 [internal function]: Slim\Route->Slim\{closure}()
#10 /home/latihtal/public_html/agregator1/src/framework/Route.php(468): call_user_func_array()
#11 /home/latihtal/public_html/agregator1/src/framework/Slim.php(1364): Slim\Route->dispatch()
#12 /home/latihtal/public_html/agregator1/src/framework/Middleware/Flash.php(85): Slim\Slim->call()
#13 /home/latihtal/public_html/agregator1/src/framework/Middleware/MethodOverride.php(92): Slim\Middleware\Flash->call()
#14 /home/latihtal/public_html/agregator1/src/middlewares/CsrfGuard/CsrfGuard.php(47): Slim\Middleware\MethodOverride->call()
#15 /home/latihtal/public_html/agregator1/src/framework/Middleware/PrettyExceptions.php(67): spark\middlewares\CsrfGuard\CsrfGuard->call()
#16 /home/latihtal/public_html/agregator1/src/framework/Slim.php(1308): Slim\Middleware\PrettyExceptions->call()
#17 /home/latihtal/public_html/agregator1/index.php(6): Slim\Slim->run()
#18 {main} [] []
[2026-02-10 03:16:34] SlimMonoLogger.INFO: Cron ran at: 10-02-2026 03:16:34 AM [] []
[2026-02-10 03:21:20] SlimMonoLogger.INFO: Cron ran at: 10-02-2026 03:21:20 AM [] []
[2026-02-10 03:22:20] SlimMonoLogger.ERROR: Requests_Exception: cURL error 28: Connection timed out after 500000 milliseconds in /home/latihtal/public_html/agregator1/src/vendor/rmccue/requests/library/Requests/Transport/cURL.php:422
Stack trace:
#0 /home/latihtal/public_html/agregator1/src/vendor/rmccue/requests/library/Requests/Transport/cURL.php(177): Requests_Transport_cURL->process_response()
#1 /home/latihtal/public_html/agregator1/src/vendor/rmccue/requests/library/Requests.php(379): Requests_Transport_cURL->request()
#2 /home/latihtal/public_html/agregator1/src/vendor/rmccue/requests/library/Requests/Session.php(205): Requests::request()
#3 /home/latihtal/public_html/agregator1/src/vendor/rmccue/requests/library/Requests/Session.php(132): Requests_Session->request()
#4 /home/latihtal/public_html/agregator1/src/drivers/Http/RssImporter.php(144): Requests_Session->get()
#5 /home/latihtal/public_html/agregator1/src/controllers/Dashboard/DashboardFeedsController.php(534): spark\drivers\Http\RssImporter->fetchPosts()
#6 /home/latihtal/public_html/agregator1/src/controllers/Site/SiteController.php(722): spark\controllers\Dashboard\DashboardFeedsController::importFeedPosts()
#7 [internal function]: spark\controllers\Site\SiteController->runTasks()
#8 /home/latihtal/public_html/agregator1/src/framework/Route.php(173): call_user_func_array()
#9 [internal function]: Slim\Route->Slim\{closure}()
#10 /home/latihtal/public_html/agregator1/src/framework/Route.php(468): call_user_func_array()
#11 /home/latihtal/public_html/agregator1/src/framework/Slim.php(1364): Slim\Route->dispatch()
#12 /home/latihtal/public_html/agregator1/src/framework/Middleware/Flash.php(85): Slim\Slim->call()
#13 /home/latihtal/public_html/agregator1/src/framework/Middleware/MethodOverride.php(92): Slim\Middleware\Flash->call()
#14 /home/latihtal/public_html/agregator1/src/middlewares/CsrfGuard/CsrfGuard.php(47): Slim\Middleware\MethodOverride->call()
#15 /home/latihtal/public_html/agregator1/src/framework/Middleware/PrettyExceptions.php(67): spark\middlewares\CsrfGuard\CsrfGuard->call()
#16 /home/latihtal/public_html/agregator1/src/framework/Slim.php(1308): Slim\Middleware\PrettyExceptions->call()
#17 /home/latihtal/public_html/agregator1/index.php(6): Slim\Slim->run()
#18 {main} [] []
[2026-02-10 03:22:51] SlimMonoLogger.INFO: Cron ran at: 10-02-2026 03:22:51 AM [] []
[2026-02-10 03:26:22] SlimMonoLogger.INFO: Cron ran at: 10-02-2026 03:26:22 AM [] []
[2026-02-10 03:31:24] SlimMonoLogger.INFO: Cron ran at: 10-02-2026 03:31:24 AM [] []
[2026-02-10 03:36:30] SlimMonoLogger.INFO: Cron ran at: 10-02-2026 03:36:30 AM [] []
[2026-02-10 03:49:15] SlimMonoLogger.ERROR: Requests_Exception: cURL error 28: Connection timed out after 500002 milliseconds in /home/latihtal/public_html/agregator1/src/vendor/rmccue/requests/library/Requests/Transport/cURL.php:422
Stack trace:
#0 /home/latihtal/public_html/agregator1/src/vendor/rmccue/requests/library/Requests/Transport/cURL.php(177): Requests_Transport_cURL->process_response()
#1 /home/latihtal/public_html/agregator1/src/vendor/rmccue/requests/library/Requests.php(379): Requests_Transport_cURL->request()
#2 /home/latihtal/public_html/agregator1/src/vendor/rmccue/requests/library/Requests/Session.php(205): Requests::request()
#3 /home/latihtal/public_html/agregator1/src/vendor/rmccue/requests/library/Requests/Session.php(132): Requests_Session->request()
#4 /home/latihtal/public_html/agregator1/src/drivers/Http/RssImporter.php(144): Requests_Session->get()
#5 /home/latihtal/public_html/agregator1/src/controllers/Dashboard/DashboardFeedsController.php(534): spark\drivers\Http\RssImporter->fetchPosts()
#6 /home/latihtal/public_html/agregator1/src/controllers/Site/SiteController.php(722): spark\controllers\Dashboard\DashboardFeedsController::importFeedPosts()
#7 [internal function]: spark\controllers\Site\SiteController->runTasks()
#8 /home/latihtal/public_html/agregator1/src/framework/Route.php(173): call_user_func_array()
#9 [internal function]: Slim\Route->Slim\{closure}()
#10 /home/latihtal/public_html/agregator1/src/framework/Route.php(468): call_user_func_array()
#11 /home/latihtal/public_html/agregator1/src/framework/Slim.php(1364): Slim\Route->dispatch()
#12 /home/latihtal/public_html/agregator1/src/framework/Middleware/Flash.php(85): Slim\Slim->call()
#13 /home/latihtal/public_html/agregator1/src/framework/Middleware/MethodOverride.php(92): Slim\Middleware\Flash->call()
#14 /home/latihtal/public_html/agregator1/src/middlewares/CsrfGuard/CsrfGuard.php(47): Slim\Middleware\MethodOverride->call()
#15 /home/latihtal/public_html/agregator1/src/framework/Middleware/PrettyExceptions.php(67): spark\middlewares\CsrfGuard\CsrfGuard->call()
#16 /home/latihtal/public_html/agregator1/src/framework/Slim.php(1308): Slim\Middleware\PrettyExceptions->call()
#17 /home/latihtal/public_html/agregator1/index.php(6): Slim\Slim->run()
#18 {main} [] []
[2026-02-10 03:49:57] SlimMonoLogger.INFO: Cron ran at: 10-02-2026 03:49:57 AM [] []
[2026-02-10 03:51:31] SlimMonoLogger.INFO: Cron ran at: 10-02-2026 03:51:31 AM [] []
[2026-02-10 03:53:39] SlimMonoLogger.ERROR: Requests_Exception: cURL error 28: Connection timed out after 500002 milliseconds in /home/latihtal/public_html/agregator1/src/vendor/rmccue/requests/library/Requests/Transport/cURL.php:422
Stack trace:
#0 /home/latihtal/public_html/agregator1/src/vendor/rmccue/requests/library/Requests/Transport/cURL.php(177): Requests_Transport_cURL->process_response()
#1 /home/latihtal/public_html/agregator1/src/vendor/rmccue/requests/library/Requests.php(379): Requests_Transport_cURL->request()
#2 /home/latihtal/public_html/agregator1/src/vendor/rmccue/requests/library/Requests/Session.php(205): Requests::request()
#3 /home/latihtal/public_html/agregator1/src/vendor/rmccue/requests/library/Requests/Session.php(132): Requests_Session->request()
#4 /home/latihtal/public_html/agregator1/src/drivers/Http/RssImporter.php(144): Requests_Session->get()
#5 /home/latihtal/public_html/agregator1/src/controllers/Dashboard/DashboardFeedsController.php(534): spark\drivers\Http\RssImporter->fetchPosts()
#6 /home/latihtal/public_html/agregator1/src/controllers/Site/SiteController.php(722): spark\controllers\Dashboard\DashboardFeedsController::importFeedPosts()
#7 [internal function]: spark\controllers\Site\SiteController->runTasks()
#8 /home/latihtal/public_html/agregator1/src/framework/Route.php(173): call_user_func_array()
#9 [internal function]: Slim\Route->Slim\{closure}()
#10 /home/latihtal/public_html/agregator1/src/framework/Route.php(468): call_user_func_array()
#11 /home/latihtal/public_html/agregator1/src/framework/Slim.php(1364): Slim\Route->dispatch()
#12 /home/latihtal/public_html/agregator1/src/framework/Middleware/Flash.php(85): Slim\Slim->call()
#13 /home/latihtal/public_html/agregator1/src/framework/Middleware/MethodOverride.php(92): Slim\Middleware\Flash->call()
#14 /home/latihtal/public_html/agregator1/src/middlewares/CsrfGuard/CsrfGuard.php(47): Slim\Middleware\MethodOverride->call()
#15 /home/latihtal/public_html/agregator1/src/framework/Middleware/PrettyExceptions.php(67): spark\middlewares\CsrfGuard\CsrfGuard->call()
#16 /home/latihtal/public_html/agregator1/src/framework/Slim.php(1308): Slim\Middleware\PrettyExceptions->call()
#17 /home/latihtal/public_html/agregator1/index.php(6): Slim\Slim->run()
#18 {main} [] []
[2026-02-10 03:54:46] SlimMonoLogger.INFO: Cron ran at: 10-02-2026 03:54:46 AM [] []
[2026-02-10 03:56:24] SlimMonoLogger.INFO: Cron ran at: 10-02-2026 03:56:24 AM [] []
[2026-02-10 04:01:30] SlimMonoLogger.INFO: Cron ran at: 10-02-2026 04:01:30 AM [] []
[2026-02-10 04:06:20] SlimMonoLogger.INFO: Cron ran at: 10-02-2026 04:06:20 AM [] []
[2026-02-10 04:11:27] SlimMonoLogger.INFO: Cron ran at: 10-02-2026 04:11:27 AM [] []
[2026-02-10 04:16:29] SlimMonoLogger.INFO: Cron ran at: 10-02-2026 04:16:29 AM [] []
[2026-02-10 04:21:28] SlimMonoLogger.INFO: Cron ran at: 10-02-2026 04:21:28 AM [] []
[2026-02-10 04:26:32] SlimMonoLogger.INFO: Cron ran at: 10-02-2026 04:26:32 AM [] []
[2026-02-10 04:31:32] SlimMonoLogger.INFO: Cron ran at: 10-02-2026 04:31:32 AM [] []
[2026-02-10 04:36:24] SlimMonoLogger.INFO: Cron ran at: 10-02-2026 04:36:24 AM [] []
[2026-02-10 04:41:19] SlimMonoLogger.INFO: Cron ran at: 10-02-2026 04:41:19 AM [] []
[2026-02-10 04:46:19] SlimMonoLogger.INFO: Cron ran at: 10-02-2026 04:46:19 AM [] []
[2026-02-10 04:51:19] SlimMonoLogger.INFO: Cron ran at: 10-02-2026 04:51:19 AM [] []
[2026-02-10 04:56:22] SlimMonoLogger.INFO: Cron ran at: 10-02-2026 04:56:22 AM [] []
[2026-02-10 05:01:31] SlimMonoLogger.INFO: Cron ran at: 10-02-2026 05:01:31 AM [] []
[2026-02-10 05:06:18] SlimMonoLogger.INFO: Cron ran at: 10-02-2026 05:06:18 AM [] []
[2026-02-10 05:11:22] SlimMonoLogger.INFO: Cron ran at: 10-02-2026 05:11:22 AM [] []
[2026-02-10 05:16:30] SlimMonoLogger.INFO: Cron ran at: 10-02-2026 05:16:30 AM [] []
[2026-02-10 05:21:24] SlimMonoLogger.INFO: Cron ran at: 10-02-2026 05:21:24 AM [] []
[2026-02-10 05:26:20] SlimMonoLogger.INFO: Cron ran at: 10-02-2026 05:26:20 AM [] []
[2026-02-10 05:31:23] SlimMonoLogger.INFO: Cron ran at: 10-02-2026 05:31:23 AM [] []
[2026-02-10 05:36:18] SlimMonoLogger.INFO: Cron ran at: 10-02-2026 05:36:18 AM [] []
[2026-02-10 05:41:19] SlimMonoLogger.INFO: Cron ran at: 10-02-2026 05:41:19 AM [] []
[2026-02-10 05:46:15] SlimMonoLogger.INFO: Cron ran at: 10-02-2026 05:46:15 AM [] []
[2026-02-10 05:51:13] SlimMonoLogger.INFO: Cron ran at: 10-02-2026 05:51:13 AM [] []
[2026-02-10 05:56:09] SlimMonoLogger.INFO: Cron ran at: 10-02-2026 05:56:09 AM [] []
[2026-02-10 06:01:33] SlimMonoLogger.INFO: Cron ran at: 10-02-2026 06:01:33 AM [] []
[2026-02-10 06:06:10] SlimMonoLogger.INFO: Cron ran at: 10-02-2026 06:06:10 AM [] []
[2026-02-10 06:11:09] SlimMonoLogger.INFO: Cron ran at: 10-02-2026 06:11:09 AM [] []
[2026-02-10 06:16:15] SlimMonoLogger.INFO: Cron ran at: 10-02-2026 06:16:15 AM [] []
[2026-02-10 06:21:17] SlimMonoLogger.INFO: Cron ran at: 10-02-2026 06:21:17 AM [] []
[2026-02-10 06:26:18] SlimMonoLogger.INFO: Cron ran at: 10-02-2026 06:26:18 AM [] []
[2026-02-10 06:31:16] SlimMonoLogger.INFO: Cron ran at: 10-02-2026 06:31:16 AM [] []
[2026-02-10 06:36:13] SlimMonoLogger.INFO: Cron ran at: 10-02-2026 06:36:13 AM [] []
[2026-02-10 06:41:11] SlimMonoLogger.INFO: Cron ran at: 10-02-2026 06:41:11 AM [] []
[2026-02-10 06:46:23] SlimMonoLogger.INFO: Cron ran at: 10-02-2026 06:46:23 AM [] []
[2026-02-10 06:51:20] SlimMonoLogger.INFO: Cron ran at: 10-02-2026 06:51:20 AM [] []
[2026-02-10 06:56:23] SlimMonoLogger.INFO: Cron ran at: 10-02-2026 06:56:23 AM [] []
[2026-02-10 07:01:26] SlimMonoLogger.INFO: Cron ran at: 10-02-2026 07:01:26 AM [] []
[2026-02-10 07:06:32] SlimMonoLogger.INFO: Cron ran at: 10-02-2026 07:06:32 AM [] []
[2026-02-10 07:11:35] SlimMonoLogger.INFO: Cron ran at: 10-02-2026 07:11:35 AM [] []
[2026-02-10 07:16:36] SlimMonoLogger.INFO: Cron ran at: 10-02-2026 07:16:36 AM [] []
[2026-02-10 07:21:40] SlimMonoLogger.INFO: Cron ran at: 10-02-2026 07:21:40 AM [] []
[2026-02-10 07:26:23] SlimMonoLogger.INFO: Cron ran at: 10-02-2026 07:26:23 AM [] []
[2026-02-10 07:31:28] SlimMonoLogger.INFO: Cron ran at: 10-02-2026 07:31:28 AM [] []
[2026-02-10 07:36:20] SlimMonoLogger.INFO: Cron ran at: 10-02-2026 07:36:20 AM [] []
[2026-02-10 07:41:43] SlimMonoLogger.INFO: Cron ran at: 10-02-2026 07:41:43 AM [] []
[2026-02-10 07:46:28] SlimMonoLogger.INFO: Cron ran at: 10-02-2026 07:46:28 AM [] []
[2026-02-10 07:51:28] SlimMonoLogger.INFO: Cron ran at: 10-02-2026 07:51:28 AM [] []
[2026-02-10 07:56:29] SlimMonoLogger.INFO: Cron ran at: 10-02-2026 07:56:29 AM [] []
[2026-02-10 08:01:32] SlimMonoLogger.INFO: Cron ran at: 10-02-2026 08:01:32 AM [] []
[2026-02-10 08:06:33] SlimMonoLogger.INFO: Cron ran at: 10-02-2026 08:06:33 AM [] []
[2026-02-10 08:11:23] SlimMonoLogger.INFO: Cron ran at: 10-02-2026 08:11:23 AM [] []
[2026-02-10 08:16:39] SlimMonoLogger.INFO: Cron ran at: 10-02-2026 08:16:39 AM [] []
[2026-02-10 08:21:25] SlimMonoLogger.INFO: Cron ran at: 10-02-2026 08:21:25 AM [] []
[2026-02-10 08:26:28] SlimMonoLogger.INFO: Cron ran at: 10-02-2026 08:26:28 AM [] []
[2026-02-10 08:31:26] SlimMonoLogger.INFO: Cron ran at: 10-02-2026 08:31:26 AM [] []
[2026-02-10 08:36:28] SlimMonoLogger.INFO: Cron ran at: 10-02-2026 08:36:28 AM [] []
[2026-02-10 08:41:34] SlimMonoLogger.INFO: Cron ran at: 10-02-2026 08:41:34 AM [] []
[2026-02-10 08:46:37] SlimMonoLogger.INFO: Cron ran at: 10-02-2026 08:46:37 AM [] []
[2026-02-10 08:51:50] SlimMonoLogger.INFO: Cron ran at: 10-02-2026 08:51:50 AM [] []
[2026-02-10 08:56:42] SlimMonoLogger.INFO: Cron ran at: 10-02-2026 08:56:42 AM [] []
[2026-02-10 09:06:41] SlimMonoLogger.INFO: Cron ran at: 10-02-2026 09:06:41 AM [] []
[2026-02-10 09:11:46] SlimMonoLogger.INFO: Cron ran at: 10-02-2026 09:11:46 AM [] []
[2026-02-10 09:16:47] SlimMonoLogger.INFO: Cron ran at: 10-02-2026 09:16:47 AM [] []
[2026-02-10 09:21:41] SlimMonoLogger.INFO: Cron ran at: 10-02-2026 09:21:41 AM [] []
[2026-02-10 09:26:42] SlimMonoLogger.INFO: Cron ran at: 10-02-2026 09:26:42 AM [] []
[2026-02-10 09:31:36] SlimMonoLogger.INFO: Cron ran at: 10-02-2026 09:31:36 AM [] []
[2026-02-10 09:36:48] SlimMonoLogger.INFO: Cron ran at: 10-02-2026 09:36:48 AM [] []
[2026-02-10 09:46:51] SlimMonoLogger.INFO: Cron ran at: 10-02-2026 09:46:51 AM [] []
[2026-02-10 09:51:26] SlimMonoLogger.INFO: Cron ran at: 10-02-2026 09:51:26 AM [] []
[2026-02-10 09:56:34] SlimMonoLogger.INFO: Cron ran at: 10-02-2026 09:56:34 AM [] []
[2026-02-10 10:06:51] SlimMonoLogger.INFO: Cron ran at: 10-02-2026 10:06:51 AM [] []
[2026-02-10 10:11:40] SlimMonoLogger.INFO: Cron ran at: 10-02-2026 10:11:40 AM [] []
[2026-02-10 10:16:35] SlimMonoLogger.INFO: Cron ran at: 10-02-2026 10:16:35 AM [] []
[2026-02-10 10:21:40] SlimMonoLogger.INFO: Cron ran at: 10-02-2026 10:21:40 AM [] []
[2026-02-10 10:26:33] SlimMonoLogger.INFO: Cron ran at: 10-02-2026 10:26:33 AM [] []
[2026-02-10 10:31:46] SlimMonoLogger.INFO: Cron ran at: 10-02-2026 10:31:46 AM [] []
[2026-02-10 10:36:44] SlimMonoLogger.INFO: Cron ran at: 10-02-2026 10:36:44 AM [] []
[2026-02-10 10:41:56] SlimMonoLogger.INFO: Cron ran at: 10-02-2026 10:41:56 AM [] []
[2026-02-10 10:46:35] SlimMonoLogger.INFO: Cron ran at: 10-02-2026 10:46:35 AM [] []
[2026-02-10 10:51:34] SlimMonoLogger.INFO: Cron ran at: 10-02-2026 10:51:34 AM [] []
[2026-02-10 10:56:37] SlimMonoLogger.INFO: Cron ran at: 10-02-2026 10:56:37 AM [] []
[2026-02-10 11:01:32] SlimMonoLogger.INFO: Cron ran at: 10-02-2026 11:01:32 AM [] []
[2026-02-10 11:06:41] SlimMonoLogger.INFO: Cron ran at: 10-02-2026 11:06:41 AM [] []
[2026-02-10 11:16:47] SlimMonoLogger.INFO: Cron ran at: 10-02-2026 11:16:47 AM [] []
[2026-02-10 11:18:52] SlimMonoLogger.ERROR: Requests_Exception: cURL error 28: Connection timed out after 500000 milliseconds in /home/latihtal/public_html/agregator1/src/vendor/rmccue/requests/library/Requests/Transport/cURL.php:422
Stack trace:
#0 /home/latihtal/public_html/agregator1/src/vendor/rmccue/requests/library/Requests/Transport/cURL.php(177): Requests_Transport_cURL->process_response()
#1 /home/latihtal/public_html/agregator1/src/vendor/rmccue/requests/library/Requests.php(379): Requests_Transport_cURL->request()
#2 /home/latihtal/public_html/agregator1/src/vendor/rmccue/requests/library/Requests/Session.php(205): Requests::request()
#3 /home/latihtal/public_html/agregator1/src/vendor/rmccue/requests/library/Requests/Session.php(132): Requests_Session->request()
#4 /home/latihtal/public_html/agregator1/src/drivers/Http/RssImporter.php(144): Requests_Session->get()
#5 /home/latihtal/public_html/agregator1/src/controllers/Dashboard/DashboardFeedsController.php(534): spark\drivers\Http\RssImporter->fetchPosts()
#6 /home/latihtal/public_html/agregator1/src/controllers/Site/SiteController.php(722): spark\controllers\Dashboard\DashboardFeedsController::importFeedPosts()
#7 [internal function]: spark\controllers\Site\SiteController->runTasks()
#8 /home/latihtal/public_html/agregator1/src/framework/Route.php(173): call_user_func_array()
#9 [internal function]: Slim\Route->Slim\{closure}()
#10 /home/latihtal/public_html/agregator1/src/framework/Route.php(468): call_user_func_array()
#11 /home/latihtal/public_html/agregator1/src/framework/Slim.php(1364): Slim\Route->dispatch()
#12 /home/latihtal/public_html/agregator1/src/framework/Middleware/Flash.php(85): Slim\Slim->call()
#13 /home/latihtal/public_html/agregator1/src/framework/Middleware/MethodOverride.php(92): Slim\Middleware\Flash->call()
#14 /home/latihtal/public_html/agregator1/src/middlewares/CsrfGuard/CsrfGuard.php(47): Slim\Middleware\MethodOverride->call()
#15 /home/latihtal/public_html/agregator1/src/framework/Middleware/PrettyExceptions.php(67): spark\middlewares\CsrfGuard\CsrfGuard->call()
#16 /home/latihtal/public_html/agregator1/src/framework/Slim.php(1308): Slim\Middleware\PrettyExceptions->call()
#17 /home/latihtal/public_html/agregator1/index.php(6): Slim\Slim->run()
#18 {main} [] []
[2026-02-10 11:20:22] SlimMonoLogger.INFO: Cron ran at: 10-02-2026 11:20:22 AM [] []
[2026-02-10 11:21:27] SlimMonoLogger.INFO: Cron ran at: 10-02-2026 11:21:27 AM [] []
[2026-02-10 11:26:28] SlimMonoLogger.INFO: Cron ran at: 10-02-2026 11:26:28 AM [] []
[2026-02-10 11:31:45] SlimMonoLogger.INFO: Cron ran at: 10-02-2026 11:31:45 AM [] []
[2026-02-10 11:37:06] SlimMonoLogger.INFO: Cron ran at: 10-02-2026 11:37:06 AM [] []
[2026-02-10 11:41:30] SlimMonoLogger.INFO: Cron ran at: 10-02-2026 11:41:30 AM [] []
[2026-02-10 11:46:31] SlimMonoLogger.INFO: Cron ran at: 10-02-2026 11:46:31 AM [] []
[2026-02-10 11:51:33] SlimMonoLogger.INFO: Cron ran at: 10-02-2026 11:51:33 AM [] []
[2026-02-10 11:56:40] SlimMonoLogger.INFO: Cron ran at: 10-02-2026 11:56:40 AM [] []
[2026-02-10 12:01:43] SlimMonoLogger.INFO: Cron ran at: 10-02-2026 12:01:43 PM [] []
[2026-02-10 12:06:42] SlimMonoLogger.INFO: Cron ran at: 10-02-2026 12:06:42 PM [] []
[2026-02-10 12:11:53] SlimMonoLogger.INFO: Cron ran at: 10-02-2026 12:11:53 PM [] []
[2026-02-10 12:16:45] SlimMonoLogger.INFO: Cron ran at: 10-02-2026 12:16:45 PM [] []
[2026-02-10 12:21:47] SlimMonoLogger.INFO: Cron ran at: 10-02-2026 12:21:47 PM [] []
[2026-02-10 12:26:46] SlimMonoLogger.INFO: Cron ran at: 10-02-2026 12:26:46 PM [] []
[2026-02-10 12:31:36] SlimMonoLogger.INFO: Cron ran at: 10-02-2026 12:31:36 PM [] []
[2026-02-10 12:36:39] SlimMonoLogger.INFO: Cron ran at: 10-02-2026 12:36:39 PM [] []
[2026-02-10 12:41:37] SlimMonoLogger.INFO: Cron ran at: 10-02-2026 12:41:37 PM [] []
[2026-02-10 12:46:32] SlimMonoLogger.INFO: Cron ran at: 10-02-2026 12:46:32 PM [] []
[2026-02-10 12:51:36] SlimMonoLogger.INFO: Cron ran at: 10-02-2026 12:51:36 PM [] []
[2026-02-10 12:56:42] SlimMonoLogger.INFO: Cron ran at: 10-02-2026 12:56:42 PM [] []
[2026-02-10 13:02:08] SlimMonoLogger.INFO: Cron ran at: 10-02-2026 01:02:08 PM [] []
[2026-02-10 13:11:52] SlimMonoLogger.INFO: Cron ran at: 10-02-2026 01:11:52 PM [] []
[2026-02-10 13:13:30] SlimMonoLogger.ERROR: Requests_Exception: cURL error 28: Connection timed out after 500002 milliseconds in /home/latihtal/public_html/agregator1/src/vendor/rmccue/requests/library/Requests/Transport/cURL.php:422
Stack trace:
#0 /home/latihtal/public_html/agregator1/src/vendor/rmccue/requests/library/Requests/Transport/cURL.php(177): Requests_Transport_cURL->process_response()
#1 /home/latihtal/public_html/agregator1/src/vendor/rmccue/requests/library/Requests.php(379): Requests_Transport_cURL->request()
#2 /home/latihtal/public_html/agregator1/src/vendor/rmccue/requests/library/Requests/Session.php(205): Requests::request()
#3 /home/latihtal/public_html/agregator1/src/vendor/rmccue/requests/library/Requests/Session.php(132): Requests_Session->request()
#4 /home/latihtal/public_html/agregator1/src/drivers/Http/RssImporter.php(144): Requests_Session->get()
#5 /home/latihtal/public_html/agregator1/src/controllers/Dashboard/DashboardFeedsController.php(534): spark\drivers\Http\RssImporter->fetchPosts()
#6 /home/latihtal/public_html/agregator1/src/controllers/Site/SiteController.php(722): spark\controllers\Dashboard\DashboardFeedsController::importFeedPosts()
#7 [internal function]: spark\controllers\Site\SiteController->runTasks()
#8 /home/latihtal/public_html/agregator1/src/framework/Route.php(173): call_user_func_array()
#9 [internal function]: Slim\Route->Slim\{closure}()
#10 /home/latihtal/public_html/agregator1/src/framework/Route.php(468): call_user_func_array()
#11 /home/latihtal/public_html/agregator1/src/framework/Slim.php(1364): Slim\Route->dispatch()
#12 /home/latihtal/public_html/agregator1/src/framework/Middleware/Flash.php(85): Slim\Slim->call()
#13 /home/latihtal/public_html/agregator1/src/framework/Middleware/MethodOverride.php(92): Slim\Middleware\Flash->call()
#14 /home/latihtal/public_html/agregator1/src/middlewares/CsrfGuard/CsrfGuard.php(47): Slim\Middleware\MethodOverride->call()
#15 /home/latihtal/public_html/agregator1/src/framework/Middleware/PrettyExceptions.php(67): spark\middlewares\CsrfGuard\CsrfGuard->call()
#16 /home/latihtal/public_html/agregator1/src/framework/Slim.php(1308): Slim\Middleware\PrettyExceptions->call()
#17 /home/latihtal/public_html/agregator1/index.php(6): Slim\Slim->run()
#18 {main} [] []
[2026-02-10 13:15:22] SlimMonoLogger.INFO: Cron ran at: 10-02-2026 01:15:22 PM [] []
[2026-02-10 13:16:28] SlimMonoLogger.INFO: Cron ran at: 10-02-2026 01:16:28 PM [] []
[2026-02-10 13:21:47] SlimMonoLogger.INFO: Cron ran at: 10-02-2026 01:21:47 PM [] []
[2026-02-10 13:26:35] SlimMonoLogger.INFO: Cron ran at: 10-02-2026 01:26:35 PM [] []
[2026-02-10 13:31:55] SlimMonoLogger.INFO: Cron ran at: 10-02-2026 01:31:55 PM [] []
[2026-02-10 13:36:55] SlimMonoLogger.INFO: Cron ran at: 10-02-2026 01:36:55 PM [] []
[2026-02-10 13:41:49] SlimMonoLogger.INFO: Cron ran at: 10-02-2026 01:41:49 PM [] []
[2026-02-10 13:46:36] SlimMonoLogger.INFO: Cron ran at: 10-02-2026 01:46:36 PM [] []
[2026-02-10 13:52:33] SlimMonoLogger.INFO: Cron ran at: 10-02-2026 01:52:33 PM [] []
[2026-02-10 13:56:32] SlimMonoLogger.INFO: Cron ran at: 10-02-2026 01:56:32 PM [] []
[2026-02-10 14:01:45] SlimMonoLogger.INFO: Cron ran at: 10-02-2026 02:01:45 PM [] []
[2026-02-10 14:06:44] SlimMonoLogger.INFO: Cron ran at: 10-02-2026 02:06:44 PM [] []
[2026-02-10 14:11:31] SlimMonoLogger.INFO: Cron ran at: 10-02-2026 02:11:31 PM [] []
[2026-02-10 14:16:48] SlimMonoLogger.INFO: Cron ran at: 10-02-2026 02:16:48 PM [] []
[2026-02-10 14:21:50] SlimMonoLogger.INFO: Cron ran at: 10-02-2026 02:21:50 PM [] []
[2026-02-10 14:26:38] SlimMonoLogger.INFO: Cron ran at: 10-02-2026 02:26:38 PM [] []
[2026-02-10 14:32:07] SlimMonoLogger.INFO: Cron ran at: 10-02-2026 02:32:07 PM [] []
[2026-02-10 14:37:06] SlimMonoLogger.INFO: Cron ran at: 10-02-2026 02:37:06 PM [] []
[2026-02-10 14:41:53] SlimMonoLogger.INFO: Cron ran at: 10-02-2026 02:41:53 PM [] []
[2026-02-10 14:46:49] SlimMonoLogger.INFO: Cron ran at: 10-02-2026 02:46:49 PM [] []
[2026-02-10 14:52:20] SlimMonoLogger.INFO: Cron ran at: 10-02-2026 02:52:20 PM [] []
[2026-02-10 14:56:37] SlimMonoLogger.INFO: Cron ran at: 10-02-2026 02:56:37 PM [] []
[2026-02-10 15:01:56] SlimMonoLogger.INFO: Cron ran at: 10-02-2026 03:01:56 PM [] []
[2026-02-10 15:06:40] SlimMonoLogger.INFO: Cron ran at: 10-02-2026 03:06:40 PM [] []
[2026-02-10 15:11:53] SlimMonoLogger.INFO: Cron ran at: 10-02-2026 03:11:53 PM [] []
[2026-02-10 15:16:38] SlimMonoLogger.INFO: Cron ran at: 10-02-2026 03:16:38 PM [] []
[2026-02-10 15:26:58] SlimMonoLogger.INFO: Cron ran at: 10-02-2026 03:26:58 PM [] []
[2026-02-10 15:28:43] SlimMonoLogger.ERROR: Requests_Exception: cURL error 28: Operation timed out after 500001 milliseconds with 26286 bytes received in /home/latihtal/public_html/agregator1/src/vendor/rmccue/requests/library/Requests/Transport/cURL.php:422
Stack trace:
#0 /home/latihtal/public_html/agregator1/src/vendor/rmccue/requests/library/Requests/Transport/cURL.php(177): Requests_Transport_cURL->process_response()
#1 /home/latihtal/public_html/agregator1/src/vendor/rmccue/requests/library/Requests.php(379): Requests_Transport_cURL->request()
#2 /home/latihtal/public_html/agregator1/src/vendor/rmccue/requests/library/Requests/Session.php(205): Requests::request()
#3 /home/latihtal/public_html/agregator1/src/vendor/rmccue/requests/library/Requests/Session.php(132): Requests_Session->request()
#4 /home/latihtal/public_html/agregator1/src/drivers/Http/RssImporter.php(144): Requests_Session->get()
#5 /home/latihtal/public_html/agregator1/src/controllers/Dashboard/DashboardFeedsController.php(534): spark\drivers\Http\RssImporter->fetchPosts()
#6 /home/latihtal/public_html/agregator1/src/controllers/Site/SiteController.php(722): spark\controllers\Dashboard\DashboardFeedsController::importFeedPosts()
#7 [internal function]: spark\controllers\Site\SiteController->runTasks()
#8 /home/latihtal/public_html/agregator1/src/framework/Route.php(173): call_user_func_array()
#9 [internal function]: Slim\Route->Slim\{closure}()
#10 /home/latihtal/public_html/agregator1/src/framework/Route.php(468): call_user_func_array()
#11 /home/latihtal/public_html/agregator1/src/framework/Slim.php(1364): Slim\Route->dispatch()
#12 /home/latihtal/public_html/agregator1/src/framework/Middleware/Flash.php(85): Slim\Slim->call()
#13 /home/latihtal/public_html/agregator1/src/framework/Middleware/MethodOverride.php(92): Slim\Middleware\Flash->call()
#14 /home/latihtal/public_html/agregator1/src/middlewares/CsrfGuard/CsrfGuard.php(47): Slim\Middleware\MethodOverride->call()
#15 /home/latihtal/public_html/agregator1/src/framework/Middleware/PrettyExceptions.php(67): spark\middlewares\CsrfGuard\CsrfGuard->call()
#16 /home/latihtal/public_html/agregator1/src/framework/Slim.php(1308): Slim\Middleware\PrettyExceptions->call()
#17 /home/latihtal/public_html/agregator1/index.php(6): Slim\Slim->run()
#18 {main} [] []
[2026-02-10 15:30:29] SlimMonoLogger.INFO: Cron ran at: 10-02-2026 03:30:29 PM [] []
[2026-02-10 15:31:32] SlimMonoLogger.INFO: Cron ran at: 10-02-2026 03:31:32 PM [] []
[2026-02-10 15:36:42] SlimMonoLogger.INFO: Cron ran at: 10-02-2026 03:36:42 PM [] []
[2026-02-10 15:41:36] SlimMonoLogger.INFO: Cron ran at: 10-02-2026 03:41:36 PM [] []
[2026-02-10 15:46:47] SlimMonoLogger.INFO: Cron ran at: 10-02-2026 03:46:47 PM [] []
[2026-02-10 15:51:53] SlimMonoLogger.INFO: Cron ran at: 10-02-2026 03:51:53 PM [] []
[2026-02-10 15:56:45] SlimMonoLogger.INFO: Cron ran at: 10-02-2026 03:56:45 PM [] []
[2026-02-10 16:01:55] SlimMonoLogger.INFO: Cron ran at: 10-02-2026 04:01:55 PM [] []
[2026-02-10 16:06:39] SlimMonoLogger.INFO: Cron ran at: 10-02-2026 04:06:39 PM [] []
[2026-02-10 16:11:36] SlimMonoLogger.INFO: Cron ran at: 10-02-2026 04:11:36 PM [] []
[2026-02-10 16:16:37] SlimMonoLogger.INFO: Cron ran at: 10-02-2026 04:16:37 PM [] []
[2026-02-10 16:21:30] SlimMonoLogger.INFO: Cron ran at: 10-02-2026 04:21:30 PM [] []
[2026-02-10 16:26:44] SlimMonoLogger.INFO: Cron ran at: 10-02-2026 04:26:44 PM [] []
[2026-02-10 16:31:34] SlimMonoLogger.INFO: Cron ran at: 10-02-2026 04:31:34 PM [] []
[2026-02-10 16:36:34] SlimMonoLogger.INFO: Cron ran at: 10-02-2026 04:36:34 PM [] []
[2026-02-10 16:41:32] SlimMonoLogger.INFO: Cron ran at: 10-02-2026 04:41:32 PM [] []
[2026-02-10 16:46:50] SlimMonoLogger.INFO: Cron ran at: 10-02-2026 04:46:50 PM [] []
[2026-02-10 16:51:37] SlimMonoLogger.INFO: Cron ran at: 10-02-2026 04:51:37 PM [] []
[2026-02-10 16:56:30] SlimMonoLogger.INFO: Cron ran at: 10-02-2026 04:56:30 PM [] []
[2026-02-10 17:01:42] SlimMonoLogger.INFO: Cron ran at: 10-02-2026 05:01:42 PM [] []
[2026-02-10 17:06:40] SlimMonoLogger.INFO: Cron ran at: 10-02-2026 05:06:40 PM [] []
[2026-02-10 17:11:57] SlimMonoLogger.INFO: Cron ran at: 10-02-2026 05:11:57 PM [] []
[2026-02-10 17:16:53] SlimMonoLogger.INFO: Cron ran at: 10-02-2026 05:16:53 PM [] []
[2026-02-10 17:21:41] SlimMonoLogger.INFO: Cron ran at: 10-02-2026 05:21:41 PM [] []
[2026-02-10 17:26:35] SlimMonoLogger.INFO: Cron ran at: 10-02-2026 05:26:35 PM [] []
[2026-02-10 17:31:26] SlimMonoLogger.INFO: Cron ran at: 10-02-2026 05:31:26 PM [] []
[2026-02-10 17:36:27] SlimMonoLogger.INFO: Cron ran at: 10-02-2026 05:36:27 PM [] []
[2026-02-10 17:41:39] SlimMonoLogger.INFO: Cron ran at: 10-02-2026 05:41:39 PM [] []
[2026-02-10 17:46:42] SlimMonoLogger.INFO: Cron ran at: 10-02-2026 05:46:42 PM [] []
[2026-02-10 17:51:38] SlimMonoLogger.INFO: Cron ran at: 10-02-2026 05:51:38 PM [] []
[2026-02-10 17:56:27] SlimMonoLogger.INFO: Cron ran at: 10-02-2026 05:56:27 PM [] []
[2026-02-10 18:01:46] SlimMonoLogger.INFO: Cron ran at: 10-02-2026 06:01:46 PM [] []
[2026-02-10 18:06:39] SlimMonoLogger.INFO: Cron ran at: 10-02-2026 06:06:39 PM [] []
[2026-02-10 18:11:53] SlimMonoLogger.INFO: Cron ran at: 10-02-2026 06:11:53 PM [] []
[2026-02-10 18:22:04] SlimMonoLogger.INFO: Cron ran at: 10-02-2026 06:22:04 PM [] []
[2026-02-10 18:25:03] SlimMonoLogger.ERROR: Requests_Exception: cURL error 28: Connection timed out after 500002 milliseconds in /home/latihtal/public_html/agregator1/src/vendor/rmccue/requests/library/Requests/Transport/cURL.php:422
Stack trace:
#0 /home/latihtal/public_html/agregator1/src/vendor/rmccue/requests/library/Requests/Transport/cURL.php(177): Requests_Transport_cURL->process_response()
#1 /home/latihtal/public_html/agregator1/src/vendor/rmccue/requests/library/Requests.php(379): Requests_Transport_cURL->request()
#2 /home/latihtal/public_html/agregator1/src/vendor/rmccue/requests/library/Requests/Session.php(205): Requests::request()
#3 /home/latihtal/public_html/agregator1/src/vendor/rmccue/requests/library/Requests/Session.php(132): Requests_Session->request()
#4 /home/latihtal/public_html/agregator1/src/drivers/Http/RssImporter.php(144): Requests_Session->get()
#5 /home/latihtal/public_html/agregator1/src/controllers/Dashboard/DashboardFeedsController.php(534): spark\drivers\Http\RssImporter->fetchPosts()
#6 /home/latihtal/public_html/agregator1/src/controllers/Site/SiteController.php(722): spark\controllers\Dashboard\DashboardFeedsController::importFeedPosts()
#7 [internal function]: spark\controllers\Site\SiteController->runTasks()
#8 /home/latihtal/public_html/agregator1/src/framework/Route.php(173): call_user_func_array()
#9 [internal function]: Slim\Route->Slim\{closure}()
#10 /home/latihtal/public_html/agregator1/src/framework/Route.php(468): call_user_func_array()
#11 /home/latihtal/public_html/agregator1/src/framework/Slim.php(1364): Slim\Route->dispatch()
#12 /home/latihtal/public_html/agregator1/src/framework/Middleware/Flash.php(85): Slim\Slim->call()
#13 /home/latihtal/public_html/agregator1/src/framework/Middleware/MethodOverride.php(92): Slim\Middleware\Flash->call()
#14 /home/latihtal/public_html/agregator1/src/middlewares/CsrfGuard/CsrfGuard.php(47): Slim\Middleware\MethodOverride->call()
#15 /home/latihtal/public_html/agregator1/src/framework/Middleware/PrettyExceptions.php(67): spark\middlewares\CsrfGuard\CsrfGuard->call()
#16 /home/latihtal/public_html/agregator1/src/framework/Slim.php(1308): Slim\Middleware\PrettyExceptions->call()
#17 /home/latihtal/public_html/agregator1/index.php(6): Slim\Slim->run()
#18 {main} [] []
[2026-02-10 18:25:33] SlimMonoLogger.INFO: Cron ran at: 10-02-2026 06:25:33 PM [] []
[2026-02-10 18:26:47] SlimMonoLogger.INFO: Cron ran at: 10-02-2026 06:26:47 PM [] []
[2026-02-10 18:31:42] SlimMonoLogger.INFO: Cron ran at: 10-02-2026 06:31:42 PM [] []
[2026-02-10 18:36:20] SlimMonoLogger.INFO: Cron ran at: 10-02-2026 06:36:20 PM [] []
[2026-02-10 18:41:27] SlimMonoLogger.INFO: Cron ran at: 10-02-2026 06:41:27 PM [] []
[2026-02-10 18:46:27] SlimMonoLogger.INFO: Cron ran at: 10-02-2026 06:46:27 PM [] []
[2026-02-10 18:51:54] SlimMonoLogger.INFO: Cron ran at: 10-02-2026 06:51:54 PM [] []
[2026-02-10 18:56:38] SlimMonoLogger.INFO: Cron ran at: 10-02-2026 06:56:38 PM [] []
[2026-02-10 19:01:29] SlimMonoLogger.INFO: Cron ran at: 10-02-2026 07:01:29 PM [] []
[2026-02-10 19:06:29] SlimMonoLogger.INFO: Cron ran at: 10-02-2026 07:06:29 PM [] []
[2026-02-10 19:11:35] SlimMonoLogger.INFO: Cron ran at: 10-02-2026 07:11:35 PM [] []
[2026-02-10 19:16:38] SlimMonoLogger.INFO: Cron ran at: 10-02-2026 07:16:38 PM [] []
[2026-02-10 19:21:40] SlimMonoLogger.INFO: Cron ran at: 10-02-2026 07:21:40 PM [] []
[2026-02-10 19:26:47] SlimMonoLogger.INFO: Cron ran at: 10-02-2026 07:26:47 PM [] []
[2026-02-10 19:31:47] SlimMonoLogger.INFO: Cron ran at: 10-02-2026 07:31:47 PM [] []
[2026-02-10 19:36:37] SlimMonoLogger.INFO: Cron ran at: 10-02-2026 07:36:37 PM [] []
[2026-02-10 19:41:25] SlimMonoLogger.INFO: Cron ran at: 10-02-2026 07:41:25 PM [] []
[2026-02-10 19:46:44] SlimMonoLogger.INFO: Cron ran at: 10-02-2026 07:46:44 PM [] []
[2026-02-10 19:51:43] SlimMonoLogger.INFO: Cron ran at: 10-02-2026 07:51:43 PM [] []
[2026-02-10 19:56:33] SlimMonoLogger.INFO: Cron ran at: 10-02-2026 07:56:33 PM [] []
[2026-02-10 20:01:31] SlimMonoLogger.INFO: Cron ran at: 10-02-2026 08:01:31 PM [] []
[2026-02-10 20:06:33] SlimMonoLogger.INFO: Cron ran at: 10-02-2026 08:06:33 PM [] []
[2026-02-10 20:11:23] SlimMonoLogger.INFO: Cron ran at: 10-02-2026 08:11:23 PM [] []
[2026-02-10 20:16:33] SlimMonoLogger.INFO: Cron ran at: 10-02-2026 08:16:33 PM [] []
[2026-02-10 20:21:42] SlimMonoLogger.INFO: Cron ran at: 10-02-2026 08:21:42 PM [] []
[2026-02-10 20:26:31] SlimMonoLogger.INFO: Cron ran at: 10-02-2026 08:26:31 PM [] []
[2026-02-10 20:31:43] SlimMonoLogger.INFO: Cron ran at: 10-02-2026 08:31:43 PM [] []
[2026-02-10 20:41:56] SlimMonoLogger.INFO: Cron ran at: 10-02-2026 08:41:56 PM [] []
[2026-02-10 20:44:08] SlimMonoLogger.ERROR: Requests_Exception: cURL error 28: Connection timed out after 500003 milliseconds in /home/latihtal/public_html/agregator1/src/vendor/rmccue/requests/library/Requests/Transport/cURL.php:422
Stack trace:
#0 /home/latihtal/public_html/agregator1/src/vendor/rmccue/requests/library/Requests/Transport/cURL.php(177): Requests_Transport_cURL->process_response()
#1 /home/latihtal/public_html/agregator1/src/vendor/rmccue/requests/library/Requests.php(379): Requests_Transport_cURL->request()
#2 /home/latihtal/public_html/agregator1/src/vendor/rmccue/requests/library/Requests.php(706): Requests::request()
#3 /home/latihtal/public_html/agregator1/src/vendor/rmccue/requests/library/Requests.php(383): Requests::parse_response()
#4 /home/latihtal/public_html/agregator1/src/vendor/rmccue/requests/library/Requests/Session.php(205): Requests::request()
#5 /home/latihtal/public_html/agregator1/src/vendor/rmccue/requests/library/Requests/Session.php(132): Requests_Session->request()
#6 /home/latihtal/public_html/agregator1/src/drivers/Http/RssImporter.php(144): Requests_Session->get()
#7 /home/latihtal/public_html/agregator1/src/controllers/Dashboard/DashboardFeedsController.php(534): spark\drivers\Http\RssImporter->fetchPosts()
#8 /home/latihtal/public_html/agregator1/src/controllers/Site/SiteController.php(722): spark\controllers\Dashboard\DashboardFeedsController::importFeedPosts()
#9 [internal function]: spark\controllers\Site\SiteController->runTasks()
#10 /home/latihtal/public_html/agregator1/src/framework/Route.php(173): call_user_func_array()
#11 [internal function]: Slim\Route->Slim\{closure}()
#12 /home/latihtal/public_html/agregator1/src/framework/Route.php(468): call_user_func_array()
#13 /home/latihtal/public_html/agregator1/src/framework/Slim.php(1364): Slim\Route->dispatch()
#14 /home/latihtal/public_html/agregator1/src/framework/Middleware/Flash.php(85): Slim\Slim->call()
#15 /home/latihtal/public_html/agregator1/src/framework/Middleware/MethodOverride.php(92): Slim\Middleware\Flash->call()
#16 /home/latihtal/public_html/agregator1/src/middlewares/CsrfGuard/CsrfGuard.php(47): Slim\Middleware\MethodOverride->call()
#17 /home/latihtal/public_html/agregator1/src/framework/Middleware/PrettyExceptions.php(67): spark\middlewares\CsrfGuard\CsrfGuard->call()
#18 /home/latihtal/public_html/agregator1/src/framework/Slim.php(1308): Slim\Middleware\PrettyExceptions->call()
#19 /home/latihtal/public_html/agregator1/index.php(6): Slim\Slim->run()
#20 {main} [] []
[2026-02-10 20:44:52] SlimMonoLogger.INFO: Cron ran at: 10-02-2026 08:44:52 PM [] []
[2026-02-10 20:46:39] SlimMonoLogger.INFO: Cron ran at: 10-02-2026 08:46:39 PM [] []
[2026-02-10 20:51:38] SlimMonoLogger.INFO: Cron ran at: 10-02-2026 08:51:38 PM [] []
[2026-02-10 20:56:28] SlimMonoLogger.INFO: Cron ran at: 10-02-2026 08:56:28 PM [] []
[2026-02-10 21:01:39] SlimMonoLogger.INFO: Cron ran at: 10-02-2026 09:01:39 PM [] []
[2026-02-10 21:06:48] SlimMonoLogger.INFO: Cron ran at: 10-02-2026 09:06:48 PM [] []
[2026-02-10 21:11:33] SlimMonoLogger.INFO: Cron ran at: 10-02-2026 09:11:33 PM [] []
[2026-02-10 21:16:36] SlimMonoLogger.INFO: Cron ran at: 10-02-2026 09:16:36 PM [] []
[2026-02-10 21:21:55] SlimMonoLogger.INFO: Cron ran at: 10-02-2026 09:21:55 PM [] []
[2026-02-10 21:26:46] SlimMonoLogger.INFO: Cron ran at: 10-02-2026 09:26:46 PM [] []
[2026-02-10 21:36:41] SlimMonoLogger.INFO: Cron ran at: 10-02-2026 09:36:41 PM [] []
[2026-02-10 21:38:29] SlimMonoLogger.ERROR: Requests_Exception: cURL error 28: Connection timed out after 500002 milliseconds in /home/latihtal/public_html/agregator1/src/vendor/rmccue/requests/library/Requests/Transport/cURL.php:422
Stack trace:
#0 /home/latihtal/public_html/agregator1/src/vendor/rmccue/requests/library/Requests/Transport/cURL.php(177): Requests_Transport_cURL->process_response()
#1 /home/latihtal/public_html/agregator1/src/vendor/rmccue/requests/library/Requests.php(379): Requests_Transport_cURL->request()
#2 /home/latihtal/public_html/agregator1/src/vendor/rmccue/requests/library/Requests/Session.php(205): Requests::request()
#3 /home/latihtal/public_html/agregator1/src/vendor/rmccue/requests/library/Requests/Session.php(132): Requests_Session->request()
#4 /home/latihtal/public_html/agregator1/src/drivers/Http/RssImporter.php(144): Requests_Session->get()
#5 /home/latihtal/public_html/agregator1/src/controllers/Dashboard/DashboardFeedsController.php(534): spark\drivers\Http\RssImporter->fetchPosts()
#6 /home/latihtal/public_html/agregator1/src/controllers/Site/SiteController.php(722): spark\controllers\Dashboard\DashboardFeedsController::importFeedPosts()
#7 [internal function]: spark\controllers\Site\SiteController->runTasks()
#8 /home/latihtal/public_html/agregator1/src/framework/Route.php(173): call_user_func_array()
#9 [internal function]: Slim\Route->Slim\{closure}()
#10 /home/latihtal/public_html/agregator1/src/framework/Route.php(468): call_user_func_array()
#11 /home/latihtal/public_html/agregator1/src/framework/Slim.php(1364): Slim\Route->dispatch()
#12 /home/latihtal/public_html/agregator1/src/framework/Middleware/Flash.php(85): Slim\Slim->call()
#13 /home/latihtal/public_html/agregator1/src/framework/Middleware/MethodOverride.php(92): Slim\Middleware\Flash->call()
#14 /home/latihtal/public_html/agregator1/src/middlewares/CsrfGuard/CsrfGuard.php(47): Slim\Middleware\MethodOverride->call()
#15 /home/latihtal/public_html/agregator1/src/framework/Middleware/PrettyExceptions.php(67): spark\middlewares\CsrfGuard\CsrfGuard->call()
#16 /home/latihtal/public_html/agregator1/src/framework/Slim.php(1308): Slim\Middleware\PrettyExceptions->call()
#17 /home/latihtal/public_html/agregator1/index.php(6): Slim\Slim->run()
#18 {main} [] []
[2026-02-10 21:40:13] SlimMonoLogger.INFO: Cron ran at: 10-02-2026 09:40:13 PM [] []
[2026-02-10 21:41:33] SlimMonoLogger.INFO: Cron ran at: 10-02-2026 09:41:33 PM [] []
[2026-02-10 21:46:37] SlimMonoLogger.INFO: Cron ran at: 10-02-2026 09:46:37 PM [] []
[2026-02-10 21:51:37] SlimMonoLogger.INFO: Cron ran at: 10-02-2026 09:51:37 PM [] []
[2026-02-10 21:56:40] SlimMonoLogger.INFO: Cron ran at: 10-02-2026 09:56:40 PM [] []
[2026-02-10 22:01:43] SlimMonoLogger.INFO: Cron ran at: 10-02-2026 10:01:43 PM [] []
[2026-02-10 22:06:28] SlimMonoLogger.INFO: Cron ran at: 10-02-2026 10:06:28 PM [] []
[2026-02-10 22:11:34] SlimMonoLogger.INFO: Cron ran at: 10-02-2026 10:11:34 PM [] []
[2026-02-10 22:17:00] SlimMonoLogger.INFO: Cron ran at: 10-02-2026 10:17:00 PM [] []
[2026-02-10 22:23:01] SlimMonoLogger.INFO: Cron ran at: 10-02-2026 10:23:01 PM [] []
[2026-02-10 22:26:53] SlimMonoLogger.INFO: Cron ran at: 10-02-2026 10:26:53 PM [] []
[2026-02-10 22:32:04] SlimMonoLogger.INFO: Cron ran at: 10-02-2026 10:32:04 PM [] []
[2026-02-10 22:36:53] SlimMonoLogger.INFO: Cron ran at: 10-02-2026 10:36:53 PM [] []
[2026-02-10 22:41:36] SlimMonoLogger.INFO: Cron ran at: 10-02-2026 10:41:36 PM [] []
[2026-02-10 22:46:36] SlimMonoLogger.INFO: Cron ran at: 10-02-2026 10:46:36 PM [] []
[2026-02-10 22:51:30] SlimMonoLogger.INFO: Cron ran at: 10-02-2026 10:51:30 PM [] []
[2026-02-10 22:56:20] SlimMonoLogger.INFO: Cron ran at: 10-02-2026 10:56:20 PM [] []
[2026-02-10 23:01:34] SlimMonoLogger.INFO: Cron ran at: 10-02-2026 11:01:34 PM [] []
[2026-02-10 23:06:24] SlimMonoLogger.INFO: Cron ran at: 10-02-2026 11:06:24 PM [] []
[2026-02-10 23:11:26] SlimMonoLogger.INFO: Cron ran at: 10-02-2026 11:11:26 PM [] []
[2026-02-10 23:16:39] SlimMonoLogger.INFO: Cron ran at: 10-02-2026 11:16:39 PM [] []
[2026-02-10 23:21:27] SlimMonoLogger.INFO: Cron ran at: 10-02-2026 11:21:27 PM [] []
[2026-02-10 23:26:27] SlimMonoLogger.INFO: Cron ran at: 10-02-2026 11:26:27 PM [] []
[2026-02-10 23:31:30] SlimMonoLogger.INFO: Cron ran at: 10-02-2026 11:31:30 PM [] []
[2026-02-10 23:36:30] SlimMonoLogger.INFO: Cron ran at: 10-02-2026 11:36:30 PM [] []
[2026-02-10 23:41:22] SlimMonoLogger.INFO: Cron ran at: 10-02-2026 11:41:22 PM [] []
[2026-02-10 23:46:36] SlimMonoLogger.INFO: Cron ran at: 10-02-2026 11:46:36 PM [] []
[2026-02-10 23:51:23] SlimMonoLogger.INFO: Cron ran at: 10-02-2026 11:51:23 PM [] []
[2026-02-10 23:56:27] SlimMonoLogger.INFO: Cron ran at: 10-02-2026 11:56:27 PM [] []
[2026-02-11 00:01:34] SlimMonoLogger.INFO: Cron ran at: 11-02-2026 12:01:34 AM [] []
[2026-02-11 00:06:20] SlimMonoLogger.INFO: Cron ran at: 11-02-2026 12:06:20 AM [] []
[2026-02-11 00:11:20] SlimMonoLogger.INFO: Cron ran at: 11-02-2026 12:11:20 AM [] []
[2026-02-11 00:16:43] SlimMonoLogger.INFO: Cron ran at: 11-02-2026 12:16:43 AM [] []
[2026-02-11 00:21:21] SlimMonoLogger.INFO: Cron ran at: 11-02-2026 12:21:21 AM [] []
[2026-02-11 00:26:15] SlimMonoLogger.INFO: Cron ran at: 11-02-2026 12:26:15 AM [] []
[2026-02-11 00:31:26] SlimMonoLogger.INFO: Cron ran at: 11-02-2026 12:31:26 AM [] []
[2026-02-11 00:36:23] SlimMonoLogger.INFO: Cron ran at: 11-02-2026 12:36:23 AM [] []
[2026-02-11 00:41:33] SlimMonoLogger.INFO: Cron ran at: 11-02-2026 12:41:33 AM [] []
[2026-02-11 00:46:34] SlimMonoLogger.INFO: Cron ran at: 11-02-2026 12:46:34 AM [] []
[2026-02-11 00:51:29] SlimMonoLogger.INFO: Cron ran at: 11-02-2026 12:51:29 AM [] []
[2026-02-11 00:56:21] SlimMonoLogger.INFO: Cron ran at: 11-02-2026 12:56:21 AM [] []
