[2025-04-10 02:00:36] SlimMonoLogger.INFO: Cron ran at: 10-04-2025 02:00:36 AM [] []
[2025-04-10 02:06:05] SlimMonoLogger.INFO: Cron ran at: 10-04-2025 02:06:05 AM [] []
[2025-04-10 02:10:43] SlimMonoLogger.INFO: Cron ran at: 10-04-2025 02:10:43 AM [] []
[2025-04-10 02:15:28] SlimMonoLogger.INFO: Cron ran at: 10-04-2025 02:15:28 AM [] []
[2025-04-10 02:20:37] SlimMonoLogger.INFO: Cron ran at: 10-04-2025 02:20:37 AM [] []
[2025-04-10 02:25:39] SlimMonoLogger.INFO: Cron ran at: 10-04-2025 02:25:39 AM [] []
[2025-04-10 02:30:51] SlimMonoLogger.INFO: Cron ran at: 10-04-2025 02:30:51 AM [] []
[2025-04-10 02:35:41] SlimMonoLogger.INFO: Cron ran at: 10-04-2025 02:35:41 AM [] []
[2025-04-10 02:40:31] SlimMonoLogger.INFO: Cron ran at: 10-04-2025 02:40:31 AM [] []
[2025-04-10 02:45:35] SlimMonoLogger.INFO: Cron ran at: 10-04-2025 02:45:35 AM [] []
[2025-04-10 02:50:35] SlimMonoLogger.INFO: Cron ran at: 10-04-2025 02:50:35 AM [] []
[2025-04-10 02:55:29] SlimMonoLogger.INFO: Cron ran at: 10-04-2025 02:55:29 AM [] []
[2025-04-10 03:00:33] SlimMonoLogger.INFO: Cron ran at: 10-04-2025 03:00:33 AM [] []
[2025-04-10 03:05:29] SlimMonoLogger.INFO: Cron ran at: 10-04-2025 03:05:29 AM [] []
[2025-04-10 03:10:30] SlimMonoLogger.INFO: Cron ran at: 10-04-2025 03:10:30 AM [] []
[2025-04-10 03:15:51] SlimMonoLogger.INFO: Cron ran at: 10-04-2025 03:15:51 AM [] []
[2025-04-10 03:21:05] SlimMonoLogger.INFO: Cron ran at: 10-04-2025 03:21:05 AM [] []
[2025-04-10 03:25:37] SlimMonoLogger.INFO: Cron ran at: 10-04-2025 03:25:37 AM [] []
[2025-04-10 03:30:35] SlimMonoLogger.INFO: Cron ran at: 10-04-2025 03:30:35 AM [] []
[2025-04-10 03:35:26] SlimMonoLogger.INFO: Cron ran at: 10-04-2025 03:35:26 AM [] []
[2025-04-10 03:40:29] SlimMonoLogger.INFO: Cron ran at: 10-04-2025 03:40:29 AM [] []
[2025-04-10 03:45:31] SlimMonoLogger.INFO: Cron ran at: 10-04-2025 03:45:31 AM [] []
[2025-04-10 03:50:32] SlimMonoLogger.INFO: Cron ran at: 10-04-2025 03:50:32 AM [] []
[2025-04-10 03:56:02] SlimMonoLogger.INFO: Cron ran at: 10-04-2025 03:56:02 AM [] []
[2025-04-10 04:00:47] SlimMonoLogger.INFO: Cron ran at: 10-04-2025 04:00:47 AM [] []
[2025-04-10 04:05:29] SlimMonoLogger.INFO: Cron ran at: 10-04-2025 04:05:29 AM [] []
[2025-04-10 04:10:32] SlimMonoLogger.INFO: Cron ran at: 10-04-2025 04:10:32 AM [] []
[2025-04-10 04:15:37] SlimMonoLogger.INFO: Cron ran at: 10-04-2025 04:15:37 AM [] []
[2025-04-10 04:20:27] SlimMonoLogger.INFO: Cron ran at: 10-04-2025 04:20:27 AM [] []
[2025-04-10 04:25:32] SlimMonoLogger.INFO: Cron ran at: 10-04-2025 04:25:32 AM [] []
[2025-04-10 04:30:37] SlimMonoLogger.INFO: Cron ran at: 10-04-2025 04:30:37 AM [] []
[2025-04-10 04:35:31] SlimMonoLogger.INFO: Cron ran at: 10-04-2025 04:35:31 AM [] []
[2025-04-10 04:40:27] SlimMonoLogger.INFO: Cron ran at: 10-04-2025 04:40:27 AM [] []
[2025-04-10 04:45:26] SlimMonoLogger.INFO: Cron ran at: 10-04-2025 04:45:26 AM [] []
[2025-04-10 04:52:24] SlimMonoLogger.ERROR: Requests_Exception: cURL error 28: Failed to connect to antropol.mk port 443 after 131611 ms: Could not connect to server in /home/latihtal/public_html/agregator1/src/vendor/rmccue/requests/library/Requests/Transport/cURL.php:422
Stack trace:
#0 /home/latihtal/public_html/agregator1/src/vendor/rmccue/requests/library/Requests/Transport/cURL.php(177): Requests_Transport_cURL->process_response()
#1 /home/latihtal/public_html/agregator1/src/vendor/rmccue/requests/library/Requests.php(379): Requests_Transport_cURL->request()
#2 /home/latihtal/public_html/agregator1/src/vendor/rmccue/requests/library/Requests/Session.php(205): Requests::request()
#3 /home/latihtal/public_html/agregator1/src/vendor/rmccue/requests/library/Requests/Session.php(132): Requests_Session->request()
#4 /home/latihtal/public_html/agregator1/src/drivers/Http/RssImporter.php(144): Requests_Session->get()
#5 /home/latihtal/public_html/agregator1/src/controllers/Dashboard/DashboardFeedsController.php(534): spark\drivers\Http\RssImporter->fetchPosts()
#6 /home/latihtal/public_html/agregator1/src/controllers/Site/SiteController.php(722): spark\controllers\Dashboard\DashboardFeedsController::importFeedPosts()
#7 [internal function]: spark\controllers\Site\SiteController->runTasks()
#8 /home/latihtal/public_html/agregator1/src/framework/Route.php(173): call_user_func_array()
#9 [internal function]: Slim\Route->Slim\{closure}()
#10 /home/latihtal/public_html/agregator1/src/framework/Route.php(468): call_user_func_array()
#11 /home/latihtal/public_html/agregator1/src/framework/Slim.php(1364): Slim\Route->dispatch()
#12 /home/latihtal/public_html/agregator1/src/framework/Middleware/Flash.php(85): Slim\Slim->call()
#13 /home/latihtal/public_html/agregator1/src/framework/Middleware/MethodOverride.php(92): Slim\Middleware\Flash->call()
#14 /home/latihtal/public_html/agregator1/src/middlewares/CsrfGuard/CsrfGuard.php(47): Slim\Middleware\MethodOverride->call()
#15 /home/latihtal/public_html/agregator1/src/framework/Middleware/PrettyExceptions.php(67): spark\middlewares\CsrfGuard\CsrfGuard->call()
#16 /home/latihtal/public_html/agregator1/src/framework/Slim.php(1308): Slim\Middleware\PrettyExceptions->call()
#17 /home/latihtal/public_html/agregator1/index.php(6): Slim\Slim->run()
#18 {main} [] []
[2025-04-10 04:52:38] SlimMonoLogger.INFO: Cron ran at: 10-04-2025 04:52:38 AM [] []
[2025-04-10 04:55:28] SlimMonoLogger.INFO: Cron ran at: 10-04-2025 04:55:28 AM [] []
[2025-04-10 05:00:31] SlimMonoLogger.INFO: Cron ran at: 10-04-2025 05:00:31 AM [] []
[2025-04-10 05:05:25] SlimMonoLogger.INFO: Cron ran at: 10-04-2025 05:05:25 AM [] []
[2025-04-10 05:10:27] SlimMonoLogger.INFO: Cron ran at: 10-04-2025 05:10:27 AM [] []
[2025-04-10 05:15:33] SlimMonoLogger.INFO: Cron ran at: 10-04-2025 05:15:33 AM [] []
[2025-04-10 05:20:29] SlimMonoLogger.INFO: Cron ran at: 10-04-2025 05:20:29 AM [] []
[2025-04-10 05:27:25] SlimMonoLogger.ERROR: Requests_Exception: cURL error 28: Failed to connect to antropol.mk port 443 after 130998 ms: Could not connect to server in /home/latihtal/public_html/agregator1/src/vendor/rmccue/requests/library/Requests/Transport/cURL.php:422
Stack trace:
#0 /home/latihtal/public_html/agregator1/src/vendor/rmccue/requests/library/Requests/Transport/cURL.php(177): Requests_Transport_cURL->process_response()
#1 /home/latihtal/public_html/agregator1/src/vendor/rmccue/requests/library/Requests.php(379): Requests_Transport_cURL->request()
#2 /home/latihtal/public_html/agregator1/src/vendor/rmccue/requests/library/Requests/Session.php(205): Requests::request()
#3 /home/latihtal/public_html/agregator1/src/vendor/rmccue/requests/library/Requests/Session.php(132): Requests_Session->request()
#4 /home/latihtal/public_html/agregator1/src/drivers/Http/RssImporter.php(144): Requests_Session->get()
#5 /home/latihtal/public_html/agregator1/src/controllers/Dashboard/DashboardFeedsController.php(534): spark\drivers\Http\RssImporter->fetchPosts()
#6 /home/latihtal/public_html/agregator1/src/controllers/Site/SiteController.php(722): spark\controllers\Dashboard\DashboardFeedsController::importFeedPosts()
#7 [internal function]: spark\controllers\Site\SiteController->runTasks()
#8 /home/latihtal/public_html/agregator1/src/framework/Route.php(173): call_user_func_array()
#9 [internal function]: Slim\Route->Slim\{closure}()
#10 /home/latihtal/public_html/agregator1/src/framework/Route.php(468): call_user_func_array()
#11 /home/latihtal/public_html/agregator1/src/framework/Slim.php(1364): Slim\Route->dispatch()
#12 /home/latihtal/public_html/agregator1/src/framework/Middleware/Flash.php(85): Slim\Slim->call()
#13 /home/latihtal/public_html/agregator1/src/framework/Middleware/MethodOverride.php(92): Slim\Middleware\Flash->call()
#14 /home/latihtal/public_html/agregator1/src/middlewares/CsrfGuard/CsrfGuard.php(47): Slim\Middleware\MethodOverride->call()
#15 /home/latihtal/public_html/agregator1/src/framework/Middleware/PrettyExceptions.php(67): spark\middlewares\CsrfGuard\CsrfGuard->call()
#16 /home/latihtal/public_html/agregator1/src/framework/Slim.php(1308): Slim\Middleware\PrettyExceptions->call()
#17 /home/latihtal/public_html/agregator1/index.php(6): Slim\Slim->run()
#18 {main} [] []
[2025-04-10 05:27:39] SlimMonoLogger.INFO: Cron ran at: 10-04-2025 05:27:39 AM [] []
[2025-04-10 05:30:31] SlimMonoLogger.INFO: Cron ran at: 10-04-2025 05:30:31 AM [] []
[2025-04-10 05:35:27] SlimMonoLogger.INFO: Cron ran at: 10-04-2025 05:35:27 AM [] []
[2025-04-10 05:40:37] SlimMonoLogger.INFO: Cron ran at: 10-04-2025 05:40:37 AM [] []
[2025-04-10 05:45:39] SlimMonoLogger.INFO: Cron ran at: 10-04-2025 05:45:39 AM [] []
[2025-04-10 05:50:52] SlimMonoLogger.INFO: Cron ran at: 10-04-2025 05:50:52 AM [] []
[2025-04-10 05:55:37] SlimMonoLogger.INFO: Cron ran at: 10-04-2025 05:55:37 AM [] []
[2025-04-10 06:00:50] SlimMonoLogger.INFO: Cron ran at: 10-04-2025 06:00:50 AM [] []
[2025-04-10 06:06:14] SlimMonoLogger.INFO: Cron ran at: 10-04-2025 06:06:14 AM [] []
[2025-04-10 06:10:33] SlimMonoLogger.INFO: Cron ran at: 10-04-2025 06:10:33 AM [] []
[2025-04-10 06:15:37] SlimMonoLogger.INFO: Cron ran at: 10-04-2025 06:15:37 AM [] []
[2025-04-10 06:20:43] SlimMonoLogger.INFO: Cron ran at: 10-04-2025 06:20:43 AM [] []
[2025-04-10 06:25:56] SlimMonoLogger.INFO: Cron ran at: 10-04-2025 06:25:56 AM [] []
[2025-04-10 06:30:46] SlimMonoLogger.INFO: Cron ran at: 10-04-2025 06:30:46 AM [] []
[2025-04-10 06:36:45] SlimMonoLogger.INFO: Cron ran at: 10-04-2025 06:36:45 AM [] []
[2025-04-10 06:40:41] SlimMonoLogger.INFO: Cron ran at: 10-04-2025 06:40:41 AM [] []
[2025-04-10 06:45:37] SlimMonoLogger.INFO: Cron ran at: 10-04-2025 06:45:37 AM [] []
[2025-04-10 06:50:38] SlimMonoLogger.INFO: Cron ran at: 10-04-2025 06:50:38 AM [] []
[2025-04-10 06:55:34] SlimMonoLogger.INFO: Cron ran at: 10-04-2025 06:55:34 AM [] []
[2025-04-10 07:00:41] SlimMonoLogger.INFO: Cron ran at: 10-04-2025 07:00:41 AM [] []
[2025-04-10 07:05:31] SlimMonoLogger.INFO: Cron ran at: 10-04-2025 07:05:31 AM [] []
[2025-04-10 07:10:38] SlimMonoLogger.INFO: Cron ran at: 10-04-2025 07:10:38 AM [] []
[2025-04-10 07:15:36] SlimMonoLogger.INFO: Cron ran at: 10-04-2025 07:15:36 AM [] []
[2025-04-10 07:20:31] SlimMonoLogger.INFO: Cron ran at: 10-04-2025 07:20:31 AM [] []
[2025-04-10 07:25:38] SlimMonoLogger.INFO: Cron ran at: 10-04-2025 07:25:38 AM [] []
[2025-04-10 07:30:36] SlimMonoLogger.INFO: Cron ran at: 10-04-2025 07:30:36 AM [] []
[2025-04-10 07:35:37] SlimMonoLogger.INFO: Cron ran at: 10-04-2025 07:35:37 AM [] []
[2025-04-10 07:40:28] SlimMonoLogger.INFO: Cron ran at: 10-04-2025 07:40:28 AM [] []
[2025-04-10 07:45:38] SlimMonoLogger.INFO: Cron ran at: 10-04-2025 07:45:38 AM [] []
[2025-04-10 07:50:38] SlimMonoLogger.INFO: Cron ran at: 10-04-2025 07:50:38 AM [] []
[2025-04-10 07:56:10] SlimMonoLogger.INFO: Cron ran at: 10-04-2025 07:56:10 AM [] []
[2025-04-10 08:01:06] SlimMonoLogger.INFO: Cron ran at: 10-04-2025 08:01:06 AM [] []
[2025-04-10 08:05:42] SlimMonoLogger.INFO: Cron ran at: 10-04-2025 08:05:42 AM [] []
[2025-04-10 08:10:47] SlimMonoLogger.INFO: Cron ran at: 10-04-2025 08:10:47 AM [] []
[2025-04-10 08:15:37] SlimMonoLogger.INFO: Cron ran at: 10-04-2025 08:15:37 AM [] []
[2025-04-10 08:20:29] SlimMonoLogger.INFO: Cron ran at: 10-04-2025 08:20:29 AM [] []
[2025-04-10 08:25:30] SlimMonoLogger.INFO: Cron ran at: 10-04-2025 08:25:30 AM [] []
[2025-04-10 08:30:46] SlimMonoLogger.INFO: Cron ran at: 10-04-2025 08:30:46 AM [] []
[2025-04-10 08:35:38] SlimMonoLogger.INFO: Cron ran at: 10-04-2025 08:35:38 AM [] []
[2025-04-10 08:40:39] SlimMonoLogger.INFO: Cron ran at: 10-04-2025 08:40:39 AM [] []
[2025-04-10 08:45:55] SlimMonoLogger.INFO: Cron ran at: 10-04-2025 08:45:55 AM [] []
[2025-04-10 08:50:47] SlimMonoLogger.INFO: Cron ran at: 10-04-2025 08:50:47 AM [] []
[2025-04-10 08:55:31] SlimMonoLogger.INFO: Cron ran at: 10-04-2025 08:55:31 AM [] []
[2025-04-10 09:00:58] SlimMonoLogger.INFO: Cron ran at: 10-04-2025 09:00:58 AM [] []
[2025-04-10 09:05:37] SlimMonoLogger.INFO: Cron ran at: 10-04-2025 09:05:37 AM [] []
[2025-04-10 09:10:40] SlimMonoLogger.INFO: Cron ran at: 10-04-2025 09:10:40 AM [] []
[2025-04-10 09:15:35] SlimMonoLogger.INFO: Cron ran at: 10-04-2025 09:15:35 AM [] []
[2025-04-10 09:20:39] SlimMonoLogger.INFO: Cron ran at: 10-04-2025 09:20:39 AM [] []
[2025-04-10 09:25:29] SlimMonoLogger.INFO: Cron ran at: 10-04-2025 09:25:29 AM [] []
[2025-04-10 09:30:33] SlimMonoLogger.INFO: Cron ran at: 10-04-2025 09:30:33 AM [] []
[2025-04-10 09:35:37] SlimMonoLogger.INFO: Cron ran at: 10-04-2025 09:35:37 AM [] []
[2025-04-10 09:40:37] SlimMonoLogger.INFO: Cron ran at: 10-04-2025 09:40:37 AM [] []
[2025-04-10 09:45:28] SlimMonoLogger.INFO: Cron ran at: 10-04-2025 09:45:28 AM [] []
[2025-04-10 09:50:43] SlimMonoLogger.INFO: Cron ran at: 10-04-2025 09:50:43 AM [] []
[2025-04-10 09:55:28] SlimMonoLogger.INFO: Cron ran at: 10-04-2025 09:55:28 AM [] []
[2025-04-10 10:00:37] SlimMonoLogger.INFO: Cron ran at: 10-04-2025 10:00:37 AM [] []
[2025-04-10 10:05:36] SlimMonoLogger.INFO: Cron ran at: 10-04-2025 10:05:36 AM [] []
[2025-04-10 10:10:28] SlimMonoLogger.INFO: Cron ran at: 10-04-2025 10:10:28 AM [] []
[2025-04-10 10:15:48] SlimMonoLogger.INFO: Cron ran at: 10-04-2025 10:15:48 AM [] []
[2025-04-10 10:20:44] SlimMonoLogger.INFO: Cron ran at: 10-04-2025 10:20:44 AM [] []
[2025-04-10 10:25:53] SlimMonoLogger.INFO: Cron ran at: 10-04-2025 10:25:53 AM [] []
[2025-04-10 10:30:35] SlimMonoLogger.INFO: Cron ran at: 10-04-2025 10:30:35 AM [] []
[2025-04-10 10:36:10] SlimMonoLogger.INFO: Cron ran at: 10-04-2025 10:36:10 AM [] []
[2025-04-10 10:40:39] SlimMonoLogger.INFO: Cron ran at: 10-04-2025 10:40:39 AM [] []
[2025-04-10 10:45:38] SlimMonoLogger.INFO: Cron ran at: 10-04-2025 10:45:38 AM [] []
[2025-04-10 10:50:32] SlimMonoLogger.INFO: Cron ran at: 10-04-2025 10:50:32 AM [] []
[2025-04-10 10:55:40] SlimMonoLogger.INFO: Cron ran at: 10-04-2025 10:55:40 AM [] []
[2025-04-10 11:00:41] SlimMonoLogger.INFO: Cron ran at: 10-04-2025 11:00:41 AM [] []
[2025-04-10 11:05:34] SlimMonoLogger.INFO: Cron ran at: 10-04-2025 11:05:34 AM [] []
[2025-04-10 11:10:30] SlimMonoLogger.INFO: Cron ran at: 10-04-2025 11:10:30 AM [] []
[2025-04-10 11:16:03] SlimMonoLogger.INFO: Cron ran at: 10-04-2025 11:16:03 AM [] []
[2025-04-10 11:20:35] SlimMonoLogger.INFO: Cron ran at: 10-04-2025 11:20:35 AM [] []
[2025-04-10 11:25:33] SlimMonoLogger.INFO: Cron ran at: 10-04-2025 11:25:33 AM [] []
[2025-04-10 11:30:45] SlimMonoLogger.INFO: Cron ran at: 10-04-2025 11:30:45 AM [] []
[2025-04-10 11:35:35] SlimMonoLogger.INFO: Cron ran at: 10-04-2025 11:35:35 AM [] []
[2025-04-10 11:40:39] SlimMonoLogger.INFO: Cron ran at: 10-04-2025 11:40:39 AM [] []
[2025-04-10 11:45:31] SlimMonoLogger.INFO: Cron ran at: 10-04-2025 11:45:31 AM [] []
[2025-04-10 11:50:36] SlimMonoLogger.INFO: Cron ran at: 10-04-2025 11:50:36 AM [] []
[2025-04-10 11:55:37] SlimMonoLogger.INFO: Cron ran at: 10-04-2025 11:55:37 AM [] []
[2025-04-10 12:00:29] SlimMonoLogger.INFO: Cron ran at: 10-04-2025 12:00:29 PM [] []
[2025-04-10 12:05:27] SlimMonoLogger.INFO: Cron ran at: 10-04-2025 12:05:27 PM [] []
[2025-04-10 12:10:31] SlimMonoLogger.INFO: Cron ran at: 10-04-2025 12:10:31 PM [] []
[2025-04-10 12:15:32] SlimMonoLogger.INFO: Cron ran at: 10-04-2025 12:15:32 PM [] []
[2025-04-10 12:22:24] SlimMonoLogger.ERROR: Requests_Exception: cURL error 28: Failed to connect to antropol.mk port 443 after 131838 ms: Could not connect to server in /home/latihtal/public_html/agregator1/src/vendor/rmccue/requests/library/Requests/Transport/cURL.php:422
Stack trace:
#0 /home/latihtal/public_html/agregator1/src/vendor/rmccue/requests/library/Requests/Transport/cURL.php(177): Requests_Transport_cURL->process_response()
#1 /home/latihtal/public_html/agregator1/src/vendor/rmccue/requests/library/Requests.php(379): Requests_Transport_cURL->request()
#2 /home/latihtal/public_html/agregator1/src/vendor/rmccue/requests/library/Requests/Session.php(205): Requests::request()
#3 /home/latihtal/public_html/agregator1/src/vendor/rmccue/requests/library/Requests/Session.php(132): Requests_Session->request()
#4 /home/latihtal/public_html/agregator1/src/drivers/Http/RssImporter.php(144): Requests_Session->get()
#5 /home/latihtal/public_html/agregator1/src/controllers/Dashboard/DashboardFeedsController.php(534): spark\drivers\Http\RssImporter->fetchPosts()
#6 /home/latihtal/public_html/agregator1/src/controllers/Site/SiteController.php(722): spark\controllers\Dashboard\DashboardFeedsController::importFeedPosts()
#7 [internal function]: spark\controllers\Site\SiteController->runTasks()
#8 /home/latihtal/public_html/agregator1/src/framework/Route.php(173): call_user_func_array()
#9 [internal function]: Slim\Route->Slim\{closure}()
#10 /home/latihtal/public_html/agregator1/src/framework/Route.php(468): call_user_func_array()
#11 /home/latihtal/public_html/agregator1/src/framework/Slim.php(1364): Slim\Route->dispatch()
#12 /home/latihtal/public_html/agregator1/src/framework/Middleware/Flash.php(85): Slim\Slim->call()
#13 /home/latihtal/public_html/agregator1/src/framework/Middleware/MethodOverride.php(92): Slim\Middleware\Flash->call()
#14 /home/latihtal/public_html/agregator1/src/middlewares/CsrfGuard/CsrfGuard.php(47): Slim\Middleware\MethodOverride->call()
#15 /home/latihtal/public_html/agregator1/src/framework/Middleware/PrettyExceptions.php(67): spark\middlewares\CsrfGuard\CsrfGuard->call()
#16 /home/latihtal/public_html/agregator1/src/framework/Slim.php(1308): Slim\Middleware\PrettyExceptions->call()
#17 /home/latihtal/public_html/agregator1/index.php(6): Slim\Slim->run()
#18 {main} [] []
[2025-04-10 12:22:41] SlimMonoLogger.INFO: Cron ran at: 10-04-2025 12:22:41 PM [] []
[2025-04-10 12:25:28] SlimMonoLogger.INFO: Cron ran at: 10-04-2025 12:25:28 PM [] []
[2025-04-10 12:30:31] SlimMonoLogger.INFO: Cron ran at: 10-04-2025 12:30:31 PM [] []
[2025-04-10 12:35:35] SlimMonoLogger.INFO: Cron ran at: 10-04-2025 12:35:35 PM [] []
[2025-04-10 12:40:41] SlimMonoLogger.INFO: Cron ran at: 10-04-2025 12:40:41 PM [] []
[2025-04-10 12:45:26] SlimMonoLogger.INFO: Cron ran at: 10-04-2025 12:45:26 PM [] []
[2025-04-10 12:50:35] SlimMonoLogger.INFO: Cron ran at: 10-04-2025 12:50:35 PM [] []
[2025-04-10 12:55:29] SlimMonoLogger.INFO: Cron ran at: 10-04-2025 12:55:29 PM [] []
[2025-04-10 13:00:31] SlimMonoLogger.INFO: Cron ran at: 10-04-2025 01:00:31 PM [] []
[2025-04-10 13:05:29] SlimMonoLogger.INFO: Cron ran at: 10-04-2025 01:05:29 PM [] []
[2025-04-10 13:10:29] SlimMonoLogger.INFO: Cron ran at: 10-04-2025 01:10:29 PM [] []
[2025-04-10 13:15:36] SlimMonoLogger.INFO: Cron ran at: 10-04-2025 01:15:36 PM [] []
[2025-04-10 13:20:30] SlimMonoLogger.INFO: Cron ran at: 10-04-2025 01:20:30 PM [] []
[2025-04-10 13:25:26] SlimMonoLogger.INFO: Cron ran at: 10-04-2025 01:25:26 PM [] []
[2025-04-10 13:30:30] SlimMonoLogger.INFO: Cron ran at: 10-04-2025 01:30:30 PM [] []
[2025-04-10 13:35:31] SlimMonoLogger.INFO: Cron ran at: 10-04-2025 01:35:31 PM [] []
[2025-04-10 13:40:27] SlimMonoLogger.INFO: Cron ran at: 10-04-2025 01:40:27 PM [] []
[2025-04-10 13:45:31] SlimMonoLogger.INFO: Cron ran at: 10-04-2025 01:45:31 PM [] []
[2025-04-10 13:50:34] SlimMonoLogger.INFO: Cron ran at: 10-04-2025 01:50:34 PM [] []
[2025-04-10 13:55:31] SlimMonoLogger.INFO: Cron ran at: 10-04-2025 01:55:31 PM [] []
[2025-04-10 14:00:30] SlimMonoLogger.INFO: Cron ran at: 10-04-2025 02:00:30 PM [] []
[2025-04-10 14:05:29] SlimMonoLogger.INFO: Cron ran at: 10-04-2025 02:05:29 PM [] []
[2025-04-10 14:10:32] SlimMonoLogger.INFO: Cron ran at: 10-04-2025 02:10:32 PM [] []
[2025-04-10 14:15:32] SlimMonoLogger.INFO: Cron ran at: 10-04-2025 02:15:32 PM [] []
[2025-04-10 14:20:29] SlimMonoLogger.INFO: Cron ran at: 10-04-2025 02:20:29 PM [] []
[2025-04-10 14:25:28] SlimMonoLogger.INFO: Cron ran at: 10-04-2025 02:25:28 PM [] []
[2025-04-10 14:30:34] SlimMonoLogger.INFO: Cron ran at: 10-04-2025 02:30:34 PM [] []
[2025-04-10 14:35:32] SlimMonoLogger.INFO: Cron ran at: 10-04-2025 02:35:32 PM [] []
[2025-04-10 14:40:30] SlimMonoLogger.INFO: Cron ran at: 10-04-2025 02:40:30 PM [] []
[2025-04-10 14:45:28] SlimMonoLogger.INFO: Cron ran at: 10-04-2025 02:45:28 PM [] []
[2025-04-10 14:50:27] SlimMonoLogger.INFO: Cron ran at: 10-04-2025 02:50:27 PM [] []
[2025-04-10 14:55:29] SlimMonoLogger.INFO: Cron ran at: 10-04-2025 02:55:29 PM [] []
[2025-04-10 15:00:29] SlimMonoLogger.INFO: Cron ran at: 10-04-2025 03:00:29 PM [] []
[2025-04-10 15:05:47] SlimMonoLogger.INFO: Cron ran at: 10-04-2025 03:05:47 PM [] []
[2025-04-10 15:10:48] SlimMonoLogger.INFO: Cron ran at: 10-04-2025 03:10:48 PM [] []
[2025-04-10 15:15:36] SlimMonoLogger.INFO: Cron ran at: 10-04-2025 03:15:36 PM [] []
[2025-04-10 15:20:37] SlimMonoLogger.INFO: Cron ran at: 10-04-2025 03:20:37 PM [] []
[2025-04-10 15:25:35] SlimMonoLogger.INFO: Cron ran at: 10-04-2025 03:25:35 PM [] []
[2025-04-10 15:30:31] SlimMonoLogger.INFO: Cron ran at: 10-04-2025 03:30:31 PM [] []
[2025-04-10 15:35:32] SlimMonoLogger.INFO: Cron ran at: 10-04-2025 03:35:32 PM [] []
[2025-04-10 15:40:31] SlimMonoLogger.INFO: Cron ran at: 10-04-2025 03:40:31 PM [] []
[2025-04-10 15:45:34] SlimMonoLogger.INFO: Cron ran at: 10-04-2025 03:45:34 PM [] []
[2025-04-10 15:50:36] SlimMonoLogger.INFO: Cron ran at: 10-04-2025 03:50:36 PM [] []
[2025-04-10 15:55:27] SlimMonoLogger.INFO: Cron ran at: 10-04-2025 03:55:27 PM [] []
[2025-04-10 16:00:26] SlimMonoLogger.INFO: Cron ran at: 10-04-2025 04:00:26 PM [] []
[2025-04-10 16:05:34] SlimMonoLogger.INFO: Cron ran at: 10-04-2025 04:05:34 PM [] []
[2025-04-10 16:10:34] SlimMonoLogger.INFO: Cron ran at: 10-04-2025 04:10:34 PM [] []
[2025-04-10 16:15:26] SlimMonoLogger.INFO: Cron ran at: 10-04-2025 04:15:26 PM [] []
[2025-04-10 16:20:34] SlimMonoLogger.INFO: Cron ran at: 10-04-2025 04:20:34 PM [] []
[2025-04-10 16:25:30] SlimMonoLogger.INFO: Cron ran at: 10-04-2025 04:25:30 PM [] []
[2025-04-10 16:30:53] SlimMonoLogger.INFO: Cron ran at: 10-04-2025 04:30:53 PM [] []
[2025-04-10 16:35:28] SlimMonoLogger.INFO: Cron ran at: 10-04-2025 04:35:28 PM [] []
[2025-04-10 16:40:37] SlimMonoLogger.INFO: Cron ran at: 10-04-2025 04:40:37 PM [] []
[2025-04-10 16:45:37] SlimMonoLogger.INFO: Cron ran at: 10-04-2025 04:45:37 PM [] []
[2025-04-10 16:50:33] SlimMonoLogger.INFO: Cron ran at: 10-04-2025 04:50:33 PM [] []
[2025-04-10 16:55:31] SlimMonoLogger.INFO: Cron ran at: 10-04-2025 04:55:31 PM [] []
[2025-04-10 17:02:18] SlimMonoLogger.ERROR: Requests_Exception: cURL error 28: Failed to connect to antropol.mk port 443 after 129797 ms: Could not connect to server in /home/latihtal/public_html/agregator1/src/vendor/rmccue/requests/library/Requests/Transport/cURL.php:422
Stack trace:
#0 /home/latihtal/public_html/agregator1/src/vendor/rmccue/requests/library/Requests/Transport/cURL.php(177): Requests_Transport_cURL->process_response()
#1 /home/latihtal/public_html/agregator1/src/vendor/rmccue/requests/library/Requests.php(379): Requests_Transport_cURL->request()
#2 /home/latihtal/public_html/agregator1/src/vendor/rmccue/requests/library/Requests/Session.php(205): Requests::request()
#3 /home/latihtal/public_html/agregator1/src/vendor/rmccue/requests/library/Requests/Session.php(132): Requests_Session->request()
#4 /home/latihtal/public_html/agregator1/src/drivers/Http/RssImporter.php(144): Requests_Session->get()
#5 /home/latihtal/public_html/agregator1/src/controllers/Dashboard/DashboardFeedsController.php(534): spark\drivers\Http\RssImporter->fetchPosts()
#6 /home/latihtal/public_html/agregator1/src/controllers/Site/SiteController.php(722): spark\controllers\Dashboard\DashboardFeedsController::importFeedPosts()
#7 [internal function]: spark\controllers\Site\SiteController->runTasks()
#8 /home/latihtal/public_html/agregator1/src/framework/Route.php(173): call_user_func_array()
#9 [internal function]: Slim\Route->Slim\{closure}()
#10 /home/latihtal/public_html/agregator1/src/framework/Route.php(468): call_user_func_array()
#11 /home/latihtal/public_html/agregator1/src/framework/Slim.php(1364): Slim\Route->dispatch()
#12 /home/latihtal/public_html/agregator1/src/framework/Middleware/Flash.php(85): Slim\Slim->call()
#13 /home/latihtal/public_html/agregator1/src/framework/Middleware/MethodOverride.php(92): Slim\Middleware\Flash->call()
#14 /home/latihtal/public_html/agregator1/src/middlewares/CsrfGuard/CsrfGuard.php(47): Slim\Middleware\MethodOverride->call()
#15 /home/latihtal/public_html/agregator1/src/framework/Middleware/PrettyExceptions.php(67): spark\middlewares\CsrfGuard\CsrfGuard->call()
#16 /home/latihtal/public_html/agregator1/src/framework/Slim.php(1308): Slim\Middleware\PrettyExceptions->call()
#17 /home/latihtal/public_html/agregator1/index.php(6): Slim\Slim->run()
#18 {main} [] []
[2025-04-10 17:02:34] SlimMonoLogger.INFO: Cron ran at: 10-04-2025 05:02:34 PM [] []
[2025-04-10 17:05:28] SlimMonoLogger.INFO: Cron ran at: 10-04-2025 05:05:28 PM [] []
[2025-04-10 17:10:37] SlimMonoLogger.INFO: Cron ran at: 10-04-2025 05:10:37 PM [] []
[2025-04-10 17:15:51] SlimMonoLogger.INFO: Cron ran at: 10-04-2025 05:15:51 PM [] []
[2025-04-10 17:21:00] SlimMonoLogger.INFO: Cron ran at: 10-04-2025 05:21:00 PM [] []
[2025-04-10 17:25:39] SlimMonoLogger.INFO: Cron ran at: 10-04-2025 05:25:39 PM [] []
[2025-04-10 17:30:31] SlimMonoLogger.INFO: Cron ran at: 10-04-2025 05:30:31 PM [] []
[2025-04-10 17:35:26] SlimMonoLogger.INFO: Cron ran at: 10-04-2025 05:35:26 PM [] []
[2025-04-10 17:40:41] SlimMonoLogger.INFO: Cron ran at: 10-04-2025 05:40:41 PM [] []
[2025-04-10 17:45:49] SlimMonoLogger.INFO: Cron ran at: 10-04-2025 05:45:49 PM [] []
[2025-04-10 17:50:26] SlimMonoLogger.INFO: Cron ran at: 10-04-2025 05:50:26 PM [] []
[2025-04-10 17:55:24] SlimMonoLogger.INFO: Cron ran at: 10-04-2025 05:55:24 PM [] []
[2025-04-10 18:00:35] SlimMonoLogger.INFO: Cron ran at: 10-04-2025 06:00:35 PM [] []
[2025-04-10 18:05:38] SlimMonoLogger.INFO: Cron ran at: 10-04-2025 06:05:38 PM [] []
[2025-04-10 18:10:24] SlimMonoLogger.INFO: Cron ran at: 10-04-2025 06:10:24 PM [] []
[2025-04-10 18:15:31] SlimMonoLogger.INFO: Cron ran at: 10-04-2025 06:15:31 PM [] []
[2025-04-10 18:20:30] SlimMonoLogger.INFO: Cron ran at: 10-04-2025 06:20:30 PM [] []
[2025-04-10 18:25:31] SlimMonoLogger.INFO: Cron ran at: 10-04-2025 06:25:31 PM [] []
[2025-04-10 18:30:37] SlimMonoLogger.INFO: Cron ran at: 10-04-2025 06:30:37 PM [] []
[2025-04-10 18:35:29] SlimMonoLogger.INFO: Cron ran at: 10-04-2025 06:35:29 PM [] []
[2025-04-10 18:40:33] SlimMonoLogger.INFO: Cron ran at: 10-04-2025 06:40:33 PM [] []
[2025-04-10 18:45:33] SlimMonoLogger.INFO: Cron ran at: 10-04-2025 06:45:33 PM [] []
[2025-04-10 18:50:42] SlimMonoLogger.INFO: Cron ran at: 10-04-2025 06:50:42 PM [] []
[2025-04-10 18:55:34] SlimMonoLogger.INFO: Cron ran at: 10-04-2025 06:55:34 PM [] []
[2025-04-10 19:00:30] SlimMonoLogger.INFO: Cron ran at: 10-04-2025 07:00:30 PM [] []
[2025-04-10 19:05:30] SlimMonoLogger.INFO: Cron ran at: 10-04-2025 07:05:30 PM [] []
[2025-04-10 19:10:30] SlimMonoLogger.INFO: Cron ran at: 10-04-2025 07:10:30 PM [] []
[2025-04-10 19:15:33] SlimMonoLogger.INFO: Cron ran at: 10-04-2025 07:15:33 PM [] []
[2025-04-10 19:20:31] SlimMonoLogger.INFO: Cron ran at: 10-04-2025 07:20:31 PM [] []
[2025-04-10 19:25:26] SlimMonoLogger.INFO: Cron ran at: 10-04-2025 07:25:26 PM [] []
[2025-04-10 19:30:26] SlimMonoLogger.INFO: Cron ran at: 10-04-2025 07:30:26 PM [] []
[2025-04-10 19:35:33] SlimMonoLogger.INFO: Cron ran at: 10-04-2025 07:35:33 PM [] []
[2025-04-10 19:40:29] SlimMonoLogger.INFO: Cron ran at: 10-04-2025 07:40:29 PM [] []
[2025-04-10 19:45:34] SlimMonoLogger.INFO: Cron ran at: 10-04-2025 07:45:34 PM [] []
[2025-04-10 19:50:34] SlimMonoLogger.INFO: Cron ran at: 10-04-2025 07:50:34 PM [] []
[2025-04-10 19:55:31] SlimMonoLogger.INFO: Cron ran at: 10-04-2025 07:55:31 PM [] []
[2025-04-10 20:00:38] SlimMonoLogger.INFO: Cron ran at: 10-04-2025 08:00:38 PM [] []
[2025-04-10 20:05:32] SlimMonoLogger.INFO: Cron ran at: 10-04-2025 08:05:32 PM [] []
[2025-04-10 20:10:29] SlimMonoLogger.INFO: Cron ran at: 10-04-2025 08:10:29 PM [] []
[2025-04-10 20:15:31] SlimMonoLogger.INFO: Cron ran at: 10-04-2025 08:15:31 PM [] []
[2025-04-10 20:20:40] SlimMonoLogger.INFO: Cron ran at: 10-04-2025 08:20:40 PM [] []
[2025-04-10 20:25:30] SlimMonoLogger.INFO: Cron ran at: 10-04-2025 08:25:30 PM [] []
[2025-04-10 20:30:30] SlimMonoLogger.INFO: Cron ran at: 10-04-2025 08:30:30 PM [] []
[2025-04-10 20:35:37] SlimMonoLogger.INFO: Cron ran at: 10-04-2025 08:35:37 PM [] []
[2025-04-10 20:41:37] SlimMonoLogger.INFO: Cron ran at: 10-04-2025 08:41:37 PM [] []
[2025-04-10 18:45:06] SlimMonoLogger.CRITICAL: PDOException: SQLSTATE[HY000] [2002] Can't connect to local server through socket '/var/lib/mysql/mysql.sock' (2) in /home/latihtal/public_html/agregator1/src/framework/PDO/Database.php:34
Stack trace:
#0 /home/latihtal/public_html/agregator1/src/framework/PDO/Database.php(34): PDO->__construct()
#1 /home/latihtal/public_html/agregator1/src/dependencies.php(76): Slim\PDO\Database->__construct()
#2 /home/latihtal/public_html/agregator1/src/framework/Helper/Set.php(231): {closure}()
#3 /home/latihtal/public_html/agregator1/src/framework/Helper/Set.php(88): Slim\Helper\Set->Slim\Helper\{closure}()
#4 /home/latihtal/public_html/agregator1/src/framework/Slim.php(232): Slim\Helper\Set->get()
#5 /home/latihtal/public_html/agregator1/src/models/Model.php(176): Slim\Slim->__get()
#6 /home/latihtal/public_html/agregator1/src/models/OptionModel.php(180): spark\models\Model->select()
#7 /home/latihtal/public_html/agregator1/src/models/OptionModel.php(40): spark\models\OptionModel->autoloadOptions()
#8 /home/latihtal/public_html/agregator1/src/dependencies.php(99): spark\models\OptionModel->__construct()
#9 /home/latihtal/public_html/agregator1/src/framework/Helper/Set.php(231): {closure}()
#10 /home/latihtal/public_html/agregator1/src/framework/Helper/Set.php(88): Slim\Helper\Set->Slim\Helper\{closure}()
#11 /home/latihtal/public_html/agregator1/src/framework/Slim.php(232): Slim\Helper\Set->get()
#12 /home/latihtal/public_html/agregator1/src/drivers/Views/ThemeManager.php(34): Slim\Slim->__get()
#13 /home/latihtal/public_html/agregator1/src/dependencies.php(142): spark\drivers\Views\ThemeManager->initEngine()
#14 /home/latihtal/public_html/agregator1/src/bootstrap.php(68): require('/home/latihtal/...')
#15 /home/latihtal/public_html/agregator1/index.php(4): require('/home/latihtal/...')
#16 {main} [] []
[2025-04-10 20:50:40] SlimMonoLogger.INFO: Cron ran at: 10-04-2025 08:50:40 PM [] []
[2025-04-10 20:55:31] SlimMonoLogger.INFO: Cron ran at: 10-04-2025 08:55:31 PM [] []
[2025-04-10 21:00:37] SlimMonoLogger.INFO: Cron ran at: 10-04-2025 09:00:37 PM [] []
[2025-04-10 21:05:27] SlimMonoLogger.INFO: Cron ran at: 10-04-2025 09:05:27 PM [] []
[2025-04-10 21:10:29] SlimMonoLogger.INFO: Cron ran at: 10-04-2025 09:10:29 PM [] []
[2025-04-10 21:15:28] SlimMonoLogger.INFO: Cron ran at: 10-04-2025 09:15:28 PM [] []
[2025-04-10 21:20:34] SlimMonoLogger.INFO: Cron ran at: 10-04-2025 09:20:34 PM [] []
[2025-04-10 21:25:30] SlimMonoLogger.INFO: Cron ran at: 10-04-2025 09:25:30 PM [] []
[2025-04-10 21:30:28] SlimMonoLogger.INFO: Cron ran at: 10-04-2025 09:30:28 PM [] []
[2025-04-10 21:35:29] SlimMonoLogger.INFO: Cron ran at: 10-04-2025 09:35:29 PM [] []
[2025-04-10 21:40:28] SlimMonoLogger.INFO: Cron ran at: 10-04-2025 09:40:28 PM [] []
[2025-04-10 21:45:26] SlimMonoLogger.INFO: Cron ran at: 10-04-2025 09:45:26 PM [] []
[2025-04-10 21:50:33] SlimMonoLogger.INFO: Cron ran at: 10-04-2025 09:50:33 PM [] []
[2025-04-10 21:55:27] SlimMonoLogger.INFO: Cron ran at: 10-04-2025 09:55:27 PM [] []
[2025-04-10 22:00:27] SlimMonoLogger.INFO: Cron ran at: 10-04-2025 10:00:27 PM [] []
[2025-04-10 22:05:26] SlimMonoLogger.INFO: Cron ran at: 10-04-2025 10:05:26 PM [] []
[2025-04-10 22:10:27] SlimMonoLogger.INFO: Cron ran at: 10-04-2025 10:10:27 PM [] []
[2025-04-10 22:15:26] SlimMonoLogger.INFO: Cron ran at: 10-04-2025 10:15:26 PM [] []
[2025-04-10 22:20:28] SlimMonoLogger.INFO: Cron ran at: 10-04-2025 10:20:28 PM [] []
[2025-04-10 22:25:32] SlimMonoLogger.INFO: Cron ran at: 10-04-2025 10:25:32 PM [] []
[2025-04-10 22:30:34] SlimMonoLogger.INFO: Cron ran at: 10-04-2025 10:30:34 PM [] []
[2025-04-10 22:35:43] SlimMonoLogger.INFO: Cron ran at: 10-04-2025 10:35:43 PM [] []
[2025-04-10 22:40:35] SlimMonoLogger.INFO: Cron ran at: 10-04-2025 10:40:35 PM [] []
[2025-04-10 22:45:27] SlimMonoLogger.INFO: Cron ran at: 10-04-2025 10:45:27 PM [] []
[2025-04-10 22:50:29] SlimMonoLogger.INFO: Cron ran at: 10-04-2025 10:50:29 PM [] []
[2025-04-10 22:55:32] SlimMonoLogger.INFO: Cron ran at: 10-04-2025 10:55:32 PM [] []
[2025-04-10 23:00:30] SlimMonoLogger.INFO: Cron ran at: 10-04-2025 11:00:30 PM [] []
[2025-04-10 23:05:26] SlimMonoLogger.INFO: Cron ran at: 10-04-2025 11:05:26 PM [] []
[2025-04-10 23:10:26] SlimMonoLogger.INFO: Cron ran at: 10-04-2025 11:10:26 PM [] []
[2025-04-10 23:15:24] SlimMonoLogger.INFO: Cron ran at: 10-04-2025 11:15:24 PM [] []
[2025-04-10 23:20:25] SlimMonoLogger.INFO: Cron ran at: 10-04-2025 11:20:25 PM [] []
[2025-04-10 23:25:27] SlimMonoLogger.INFO: Cron ran at: 10-04-2025 11:25:27 PM [] []
[2025-04-10 23:30:30] SlimMonoLogger.INFO: Cron ran at: 10-04-2025 11:30:30 PM [] []
[2025-04-10 23:35:29] SlimMonoLogger.INFO: Cron ran at: 10-04-2025 11:35:29 PM [] []
[2025-04-10 23:42:07] SlimMonoLogger.INFO: Cron ran at: 10-04-2025 11:42:07 PM [] []
[2025-04-10 23:45:26] SlimMonoLogger.INFO: Cron ran at: 10-04-2025 11:45:26 PM [] []
[2025-04-10 23:50:28] SlimMonoLogger.INFO: Cron ran at: 10-04-2025 11:50:28 PM [] []
[2025-04-10 23:55:26] SlimMonoLogger.INFO: Cron ran at: 10-04-2025 11:55:26 PM [] []
[2025-04-11 00:00:35] SlimMonoLogger.INFO: Cron ran at: 11-04-2025 12:00:35 AM [] []
[2025-04-11 00:05:25] SlimMonoLogger.INFO: Cron ran at: 11-04-2025 12:05:25 AM [] []
[2025-04-11 00:10:28] SlimMonoLogger.INFO: Cron ran at: 11-04-2025 12:10:28 AM [] []
[2025-04-11 00:15:30] SlimMonoLogger.INFO: Cron ran at: 11-04-2025 12:15:30 AM [] []
[2025-04-11 00:20:31] SlimMonoLogger.INFO: Cron ran at: 11-04-2025 12:20:31 AM [] []
[2025-04-11 00:25:35] SlimMonoLogger.INFO: Cron ran at: 11-04-2025 12:25:35 AM [] []
[2025-04-11 00:30:27] SlimMonoLogger.INFO: Cron ran at: 11-04-2025 12:30:27 AM [] []
[2025-04-11 00:35:23] SlimMonoLogger.INFO: Cron ran at: 11-04-2025 12:35:23 AM [] []
[2025-04-11 00:40:30] SlimMonoLogger.INFO: Cron ran at: 11-04-2025 12:40:30 AM [] []
[2025-04-11 00:45:25] SlimMonoLogger.INFO: Cron ran at: 11-04-2025 12:45:25 AM [] []
[2025-04-11 00:50:25] SlimMonoLogger.INFO: Cron ran at: 11-04-2025 12:50:25 AM [] []
[2025-04-11 00:55:28] SlimMonoLogger.INFO: Cron ran at: 11-04-2025 12:55:28 AM [] []
[2025-04-11 01:00:33] SlimMonoLogger.INFO: Cron ran at: 11-04-2025 01:00:33 AM [] []
[2025-04-11 01:05:26] SlimMonoLogger.INFO: Cron ran at: 11-04-2025 01:05:26 AM [] []
[2025-04-11 01:10:27] SlimMonoLogger.INFO: Cron ran at: 11-04-2025 01:10:27 AM [] []
[2025-04-11 01:15:25] SlimMonoLogger.INFO: Cron ran at: 11-04-2025 01:15:25 AM [] []
[2025-04-11 01:20:31] SlimMonoLogger.INFO: Cron ran at: 11-04-2025 01:20:31 AM [] []
[2025-04-11 01:25:29] SlimMonoLogger.INFO: Cron ran at: 11-04-2025 01:25:29 AM [] []
[2025-04-11 01:30:26] SlimMonoLogger.INFO: Cron ran at: 11-04-2025 01:30:26 AM [] []
[2025-04-11 01:35:24] SlimMonoLogger.INFO: Cron ran at: 11-04-2025 01:35:24 AM [] []
[2025-04-11 01:40:25] SlimMonoLogger.INFO: Cron ran at: 11-04-2025 01:40:25 AM [] []
[2025-04-11 01:45:32] SlimMonoLogger.INFO: Cron ran at: 11-04-2025 01:45:32 AM [] []
[2025-04-11 01:50:26] SlimMonoLogger.INFO: Cron ran at: 11-04-2025 01:50:26 AM [] []
[2025-04-11 01:55:31] SlimMonoLogger.INFO: Cron ran at: 11-04-2025 01:55:31 AM [] []
