[2025-08-10 02:00:28] SlimMonoLogger.INFO: Cron ran at: 10-08-2025 02:00:28 AM [] []
[2025-08-10 02:05:28] SlimMonoLogger.INFO: Cron ran at: 10-08-2025 02:05:28 AM [] []
[2025-08-10 02:10:31] SlimMonoLogger.INFO: Cron ran at: 10-08-2025 02:10:31 AM [] []
[2025-08-10 02:15:30] SlimMonoLogger.INFO: Cron ran at: 10-08-2025 02:15:30 AM [] []
[2025-08-10 02:20:25] SlimMonoLogger.INFO: Cron ran at: 10-08-2025 02:20:25 AM [] []
[2025-08-10 02:25:29] SlimMonoLogger.INFO: Cron ran at: 10-08-2025 02:25:29 AM [] []
[2025-08-10 02:30:28] SlimMonoLogger.INFO: Cron ran at: 10-08-2025 02:30:28 AM [] []
[2025-08-10 02:35:28] SlimMonoLogger.INFO: Cron ran at: 10-08-2025 02:35:28 AM [] []
[2025-08-10 02:40:33] SlimMonoLogger.INFO: Cron ran at: 10-08-2025 02:40:33 AM [] []
[2025-08-10 02:45:33] SlimMonoLogger.INFO: Cron ran at: 10-08-2025 02:45:33 AM [] []
[2025-08-10 02:50:27] SlimMonoLogger.INFO: Cron ran at: 10-08-2025 02:50:27 AM [] []
[2025-08-10 02:55:30] SlimMonoLogger.INFO: Cron ran at: 10-08-2025 02:55:30 AM [] []
[2025-08-10 03:00:29] SlimMonoLogger.INFO: Cron ran at: 10-08-2025 03:00:29 AM [] []
[2025-08-10 03:05:29] SlimMonoLogger.INFO: Cron ran at: 10-08-2025 03:05:29 AM [] []
[2025-08-10 03:10:26] SlimMonoLogger.INFO: Cron ran at: 10-08-2025 03:10:26 AM [] []
[2025-08-10 03:15:29] SlimMonoLogger.INFO: Cron ran at: 10-08-2025 03:15:29 AM [] []
[2025-08-10 03:20:27] SlimMonoLogger.INFO: Cron ran at: 10-08-2025 03:20:27 AM [] []
[2025-08-10 03:25:28] SlimMonoLogger.INFO: Cron ran at: 10-08-2025 03:25:28 AM [] []
[2025-08-10 03:30:31] SlimMonoLogger.INFO: Cron ran at: 10-08-2025 03:30:31 AM [] []
[2025-08-10 03:35:27] SlimMonoLogger.INFO: Cron ran at: 10-08-2025 03:35:27 AM [] []
[2025-08-10 03:40:25] SlimMonoLogger.INFO: Cron ran at: 10-08-2025 03:40:25 AM [] []
[2025-08-10 03:45:24] SlimMonoLogger.INFO: Cron ran at: 10-08-2025 03:45:24 AM [] []
[2025-08-10 03:50:26] SlimMonoLogger.INFO: Cron ran at: 10-08-2025 03:50:26 AM [] []
[2025-08-10 03:55:28] SlimMonoLogger.INFO: Cron ran at: 10-08-2025 03:55:28 AM [] []
[2025-08-10 04:00:32] SlimMonoLogger.INFO: Cron ran at: 10-08-2025 04:00:32 AM [] []
[2025-08-10 04:05:46] SlimMonoLogger.INFO: Cron ran at: 10-08-2025 04:05:46 AM [] []
[2025-08-10 04:10:39] SlimMonoLogger.INFO: Cron ran at: 10-08-2025 04:10:39 AM [] []
[2025-08-10 04:15:43] SlimMonoLogger.INFO: Cron ran at: 10-08-2025 04:15:43 AM [] []
[2025-08-10 04:20:40] SlimMonoLogger.INFO: Cron ran at: 10-08-2025 04:20:40 AM [] []
[2025-08-10 04:25:39] SlimMonoLogger.INFO: Cron ran at: 10-08-2025 04:25:39 AM [] []
[2025-08-10 04:30:52] SlimMonoLogger.INFO: Cron ran at: 10-08-2025 04:30:52 AM [] []
[2025-08-10 04:35:46] SlimMonoLogger.INFO: Cron ran at: 10-08-2025 04:35:46 AM [] []
[2025-08-10 04:40:57] SlimMonoLogger.INFO: Cron ran at: 10-08-2025 04:40:57 AM [] []
[2025-08-10 04:45:46] SlimMonoLogger.INFO: Cron ran at: 10-08-2025 04:45:46 AM [] []
[2025-08-10 04:50:53] SlimMonoLogger.INFO: Cron ran at: 10-08-2025 04:50:53 AM [] []
[2025-08-10 04:55:44] SlimMonoLogger.INFO: Cron ran at: 10-08-2025 04:55:44 AM [] []
[2025-08-10 05:00:46] SlimMonoLogger.INFO: Cron ran at: 10-08-2025 05:00:46 AM [] []
[2025-08-10 05:05:40] SlimMonoLogger.INFO: Cron ran at: 10-08-2025 05:05:40 AM [] []
[2025-08-10 05:10:38] SlimMonoLogger.INFO: Cron ran at: 10-08-2025 05:10:38 AM [] []
[2025-08-10 05:15:36] SlimMonoLogger.INFO: Cron ran at: 10-08-2025 05:15:36 AM [] []
[2025-08-10 05:20:31] SlimMonoLogger.INFO: Cron ran at: 10-08-2025 05:20:31 AM [] []
[2025-08-10 05:25:34] SlimMonoLogger.INFO: Cron ran at: 10-08-2025 05:25:34 AM [] []
[2025-08-10 05:30:39] SlimMonoLogger.INFO: Cron ran at: 10-08-2025 05:30:39 AM [] []
[2025-08-10 05:35:34] SlimMonoLogger.INFO: Cron ran at: 10-08-2025 05:35:34 AM [] []
[2025-08-10 05:40:39] SlimMonoLogger.INFO: Cron ran at: 10-08-2025 05:40:39 AM [] []
[2025-08-10 05:45:36] SlimMonoLogger.INFO: Cron ran at: 10-08-2025 05:45:36 AM [] []
[2025-08-10 05:50:37] SlimMonoLogger.INFO: Cron ran at: 10-08-2025 05:50:37 AM [] []
[2025-08-10 05:55:35] SlimMonoLogger.INFO: Cron ran at: 10-08-2025 05:55:35 AM [] []
[2025-08-10 06:00:47] SlimMonoLogger.INFO: Cron ran at: 10-08-2025 06:00:47 AM [] []
[2025-08-10 06:05:29] SlimMonoLogger.INFO: Cron ran at: 10-08-2025 06:05:29 AM [] []
[2025-08-10 06:10:31] SlimMonoLogger.INFO: Cron ran at: 10-08-2025 06:10:31 AM [] []
[2025-08-10 06:15:38] SlimMonoLogger.INFO: Cron ran at: 10-08-2025 06:15:38 AM [] []
[2025-08-10 06:20:35] SlimMonoLogger.INFO: Cron ran at: 10-08-2025 06:20:35 AM [] []
[2025-08-10 06:25:37] SlimMonoLogger.INFO: Cron ran at: 10-08-2025 06:25:37 AM [] []
[2025-08-10 06:30:43] SlimMonoLogger.INFO: Cron ran at: 10-08-2025 06:30:43 AM [] []
[2025-08-10 06:35:31] SlimMonoLogger.INFO: Cron ran at: 10-08-2025 06:35:31 AM [] []
[2025-08-10 06:40:35] SlimMonoLogger.INFO: Cron ran at: 10-08-2025 06:40:35 AM [] []
[2025-08-10 06:45:37] SlimMonoLogger.INFO: Cron ran at: 10-08-2025 06:45:37 AM [] []
[2025-08-10 06:50:29] SlimMonoLogger.INFO: Cron ran at: 10-08-2025 06:50:29 AM [] []
[2025-08-10 06:55:32] SlimMonoLogger.INFO: Cron ran at: 10-08-2025 06:55:32 AM [] []
[2025-08-10 07:00:44] SlimMonoLogger.INFO: Cron ran at: 10-08-2025 07:00:44 AM [] []
[2025-08-10 07:05:34] SlimMonoLogger.INFO: Cron ran at: 10-08-2025 07:05:34 AM [] []
[2025-08-10 07:10:33] SlimMonoLogger.INFO: Cron ran at: 10-08-2025 07:10:33 AM [] []
[2025-08-10 07:15:34] SlimMonoLogger.INFO: Cron ran at: 10-08-2025 07:15:34 AM [] []
[2025-08-10 07:20:27] SlimMonoLogger.INFO: Cron ran at: 10-08-2025 07:20:27 AM [] []
[2025-08-10 07:25:25] SlimMonoLogger.INFO: Cron ran at: 10-08-2025 07:25:25 AM [] []
[2025-08-10 07:30:29] SlimMonoLogger.INFO: Cron ran at: 10-08-2025 07:30:29 AM [] []
[2025-08-10 07:35:27] SlimMonoLogger.INFO: Cron ran at: 10-08-2025 07:35:27 AM [] []
[2025-08-10 07:40:28] SlimMonoLogger.INFO: Cron ran at: 10-08-2025 07:40:28 AM [] []
[2025-08-10 07:45:31] SlimMonoLogger.INFO: Cron ran at: 10-08-2025 07:45:31 AM [] []
[2025-08-10 07:50:28] SlimMonoLogger.INFO: Cron ran at: 10-08-2025 07:50:28 AM [] []
[2025-08-10 07:55:25] SlimMonoLogger.INFO: Cron ran at: 10-08-2025 07:55:25 AM [] []
[2025-08-10 08:00:35] SlimMonoLogger.INFO: Cron ran at: 10-08-2025 08:00:35 AM [] []
[2025-08-10 08:05:27] SlimMonoLogger.INFO: Cron ran at: 10-08-2025 08:05:27 AM [] []
[2025-08-10 08:10:27] SlimMonoLogger.INFO: Cron ran at: 10-08-2025 08:10:27 AM [] []
[2025-08-10 08:15:34] SlimMonoLogger.INFO: Cron ran at: 10-08-2025 08:15:34 AM [] []
[2025-08-10 08:20:37] SlimMonoLogger.INFO: Cron ran at: 10-08-2025 08:20:37 AM [] []
[2025-08-10 08:25:37] SlimMonoLogger.INFO: Cron ran at: 10-08-2025 08:25:37 AM [] []
[2025-08-10 08:30:31] SlimMonoLogger.INFO: Cron ran at: 10-08-2025 08:30:31 AM [] []
[2025-08-10 08:35:29] SlimMonoLogger.INFO: Cron ran at: 10-08-2025 08:35:29 AM [] []
[2025-08-10 08:40:33] SlimMonoLogger.INFO: Cron ran at: 10-08-2025 08:40:33 AM [] []
[2025-08-10 08:45:29] SlimMonoLogger.INFO: Cron ran at: 10-08-2025 08:45:29 AM [] []
[2025-08-10 08:50:35] SlimMonoLogger.INFO: Cron ran at: 10-08-2025 08:50:35 AM [] []
[2025-08-10 08:55:30] SlimMonoLogger.INFO: Cron ran at: 10-08-2025 08:55:30 AM [] []
[2025-08-10 09:00:39] SlimMonoLogger.INFO: Cron ran at: 10-08-2025 09:00:39 AM [] []
[2025-08-10 09:05:30] SlimMonoLogger.INFO: Cron ran at: 10-08-2025 09:05:30 AM [] []
[2025-08-10 09:10:31] SlimMonoLogger.INFO: Cron ran at: 10-08-2025 09:10:31 AM [] []
[2025-08-10 09:15:34] SlimMonoLogger.INFO: Cron ran at: 10-08-2025 09:15:34 AM [] []
[2025-08-10 09:20:33] SlimMonoLogger.INFO: Cron ran at: 10-08-2025 09:20:33 AM [] []
[2025-08-10 09:25:30] SlimMonoLogger.INFO: Cron ran at: 10-08-2025 09:25:30 AM [] []
[2025-08-10 09:30:33] SlimMonoLogger.INFO: Cron ran at: 10-08-2025 09:30:33 AM [] []
[2025-08-10 09:35:28] SlimMonoLogger.INFO: Cron ran at: 10-08-2025 09:35:28 AM [] []
[2025-08-10 09:40:30] SlimMonoLogger.INFO: Cron ran at: 10-08-2025 09:40:30 AM [] []
[2025-08-10 09:45:27] SlimMonoLogger.INFO: Cron ran at: 10-08-2025 09:45:27 AM [] []
[2025-08-10 09:50:26] SlimMonoLogger.INFO: Cron ran at: 10-08-2025 09:50:26 AM [] []
[2025-08-10 09:55:29] SlimMonoLogger.INFO: Cron ran at: 10-08-2025 09:55:29 AM [] []
[2025-08-10 10:00:35] SlimMonoLogger.INFO: Cron ran at: 10-08-2025 10:00:35 AM [] []
[2025-08-10 10:05:28] SlimMonoLogger.INFO: Cron ran at: 10-08-2025 10:05:28 AM [] []
[2025-08-10 10:10:28] SlimMonoLogger.INFO: Cron ran at: 10-08-2025 10:10:28 AM [] []
[2025-08-10 10:15:28] SlimMonoLogger.INFO: Cron ran at: 10-08-2025 10:15:28 AM [] []
[2025-08-10 10:20:31] SlimMonoLogger.INFO: Cron ran at: 10-08-2025 10:20:31 AM [] []
[2025-08-10 10:25:31] SlimMonoLogger.INFO: Cron ran at: 10-08-2025 10:25:31 AM [] []
[2025-08-10 10:30:30] SlimMonoLogger.INFO: Cron ran at: 10-08-2025 10:30:30 AM [] []
[2025-08-10 10:35:31] SlimMonoLogger.INFO: Cron ran at: 10-08-2025 10:35:31 AM [] []
[2025-08-10 10:40:29] SlimMonoLogger.INFO: Cron ran at: 10-08-2025 10:40:29 AM [] []
[2025-08-10 10:45:31] SlimMonoLogger.INFO: Cron ran at: 10-08-2025 10:45:31 AM [] []
[2025-08-10 10:50:29] SlimMonoLogger.INFO: Cron ran at: 10-08-2025 10:50:29 AM [] []
[2025-08-10 10:55:27] SlimMonoLogger.INFO: Cron ran at: 10-08-2025 10:55:27 AM [] []
[2025-08-10 11:00:37] SlimMonoLogger.INFO: Cron ran at: 10-08-2025 11:00:37 AM [] []
[2025-08-10 11:05:32] SlimMonoLogger.INFO: Cron ran at: 10-08-2025 11:05:32 AM [] []
[2025-08-10 11:10:29] SlimMonoLogger.INFO: Cron ran at: 10-08-2025 11:10:29 AM [] []
[2025-08-10 11:15:36] SlimMonoLogger.INFO: Cron ran at: 10-08-2025 11:15:36 AM [] []
[2025-08-10 11:20:33] SlimMonoLogger.INFO: Cron ran at: 10-08-2025 11:20:33 AM [] []
[2025-08-10 11:25:40] SlimMonoLogger.INFO: Cron ran at: 10-08-2025 11:25:40 AM [] []
[2025-08-10 11:30:35] SlimMonoLogger.INFO: Cron ran at: 10-08-2025 11:30:35 AM [] []
[2025-08-10 11:35:37] SlimMonoLogger.INFO: Cron ran at: 10-08-2025 11:35:37 AM [] []
[2025-08-10 11:40:27] SlimMonoLogger.INFO: Cron ran at: 10-08-2025 11:40:27 AM [] []
[2025-08-10 11:45:29] SlimMonoLogger.INFO: Cron ran at: 10-08-2025 11:45:29 AM [] []
[2025-08-10 11:50:31] SlimMonoLogger.INFO: Cron ran at: 10-08-2025 11:50:31 AM [] []
[2025-08-10 11:55:43] SlimMonoLogger.INFO: Cron ran at: 10-08-2025 11:55:43 AM [] []
[2025-08-10 12:00:35] SlimMonoLogger.INFO: Cron ran at: 10-08-2025 12:00:35 PM [] []
[2025-08-10 12:05:32] SlimMonoLogger.INFO: Cron ran at: 10-08-2025 12:05:32 PM [] []
[2025-08-10 12:10:32] SlimMonoLogger.INFO: Cron ran at: 10-08-2025 12:10:32 PM [] []
[2025-08-10 12:15:33] SlimMonoLogger.INFO: Cron ran at: 10-08-2025 12:15:33 PM [] []
[2025-08-10 12:20:31] SlimMonoLogger.INFO: Cron ran at: 10-08-2025 12:20:31 PM [] []
[2025-08-10 12:25:34] SlimMonoLogger.INFO: Cron ran at: 10-08-2025 12:25:34 PM [] []
[2025-08-10 12:30:30] SlimMonoLogger.INFO: Cron ran at: 10-08-2025 12:30:30 PM [] []
[2025-08-10 12:35:28] SlimMonoLogger.INFO: Cron ran at: 10-08-2025 12:35:28 PM [] []
[2025-08-10 12:40:35] SlimMonoLogger.INFO: Cron ran at: 10-08-2025 12:40:35 PM [] []
[2025-08-10 12:45:32] SlimMonoLogger.INFO: Cron ran at: 10-08-2025 12:45:32 PM [] []
[2025-08-10 12:50:29] SlimMonoLogger.INFO: Cron ran at: 10-08-2025 12:50:29 PM [] []
[2025-08-10 12:55:36] SlimMonoLogger.INFO: Cron ran at: 10-08-2025 12:55:36 PM [] []
[2025-08-10 13:00:31] SlimMonoLogger.INFO: Cron ran at: 10-08-2025 01:00:31 PM [] []
[2025-08-10 13:05:30] SlimMonoLogger.INFO: Cron ran at: 10-08-2025 01:05:30 PM [] []
[2025-08-10 13:10:27] SlimMonoLogger.INFO: Cron ran at: 10-08-2025 01:10:27 PM [] []
[2025-08-10 13:15:29] SlimMonoLogger.INFO: Cron ran at: 10-08-2025 01:15:29 PM [] []
[2025-08-10 13:20:30] SlimMonoLogger.INFO: Cron ran at: 10-08-2025 01:20:30 PM [] []
[2025-08-10 13:25:34] SlimMonoLogger.INFO: Cron ran at: 10-08-2025 01:25:34 PM [] []
[2025-08-10 13:30:27] SlimMonoLogger.INFO: Cron ran at: 10-08-2025 01:30:27 PM [] []
[2025-08-10 13:35:26] SlimMonoLogger.INFO: Cron ran at: 10-08-2025 01:35:26 PM [] []
[2025-08-10 13:40:26] SlimMonoLogger.INFO: Cron ran at: 10-08-2025 01:40:26 PM [] []
[2025-08-10 13:45:30] SlimMonoLogger.INFO: Cron ran at: 10-08-2025 01:45:30 PM [] []
[2025-08-10 13:50:38] SlimMonoLogger.INFO: Cron ran at: 10-08-2025 01:50:38 PM [] []
[2025-08-10 13:55:30] SlimMonoLogger.INFO: Cron ran at: 10-08-2025 01:55:30 PM [] []
[2025-08-10 14:00:37] SlimMonoLogger.INFO: Cron ran at: 10-08-2025 02:00:37 PM [] []
[2025-08-10 14:05:32] SlimMonoLogger.INFO: Cron ran at: 10-08-2025 02:05:32 PM [] []
[2025-08-10 14:10:29] SlimMonoLogger.INFO: Cron ran at: 10-08-2025 02:10:29 PM [] []
[2025-08-10 14:15:40] SlimMonoLogger.INFO: Cron ran at: 10-08-2025 02:15:40 PM [] []
[2025-08-10 14:20:30] SlimMonoLogger.INFO: Cron ran at: 10-08-2025 02:20:30 PM [] []
[2025-08-10 14:25:44] SlimMonoLogger.INFO: Cron ran at: 10-08-2025 02:25:44 PM [] []
[2025-08-10 14:30:34] SlimMonoLogger.INFO: Cron ran at: 10-08-2025 02:30:34 PM [] []
[2025-08-10 14:35:26] SlimMonoLogger.INFO: Cron ran at: 10-08-2025 02:35:26 PM [] []
[2025-08-10 14:40:29] SlimMonoLogger.INFO: Cron ran at: 10-08-2025 02:40:29 PM [] []
[2025-08-10 14:45:30] SlimMonoLogger.INFO: Cron ran at: 10-08-2025 02:45:30 PM [] []
[2025-08-10 14:50:30] SlimMonoLogger.INFO: Cron ran at: 10-08-2025 02:50:30 PM [] []
[2025-08-10 14:55:30] SlimMonoLogger.INFO: Cron ran at: 10-08-2025 02:55:30 PM [] []
[2025-08-10 15:00:40] SlimMonoLogger.INFO: Cron ran at: 10-08-2025 03:00:40 PM [] []
[2025-08-10 15:05:35] SlimMonoLogger.INFO: Cron ran at: 10-08-2025 03:05:35 PM [] []
[2025-08-10 15:10:33] SlimMonoLogger.INFO: Cron ran at: 10-08-2025 03:10:33 PM [] []
[2025-08-10 15:15:28] SlimMonoLogger.INFO: Cron ran at: 10-08-2025 03:15:28 PM [] []
[2025-08-10 15:20:28] SlimMonoLogger.INFO: Cron ran at: 10-08-2025 03:20:28 PM [] []
[2025-08-10 15:25:29] SlimMonoLogger.INFO: Cron ran at: 10-08-2025 03:25:29 PM [] []
[2025-08-10 15:30:36] SlimMonoLogger.INFO: Cron ran at: 10-08-2025 03:30:36 PM [] []
[2025-08-10 15:35:27] SlimMonoLogger.INFO: Cron ran at: 10-08-2025 03:35:27 PM [] []
[2025-08-10 15:40:33] SlimMonoLogger.INFO: Cron ran at: 10-08-2025 03:40:33 PM [] []
[2025-08-10 15:45:32] SlimMonoLogger.INFO: Cron ran at: 10-08-2025 03:45:32 PM [] []
[2025-08-10 15:50:26] SlimMonoLogger.INFO: Cron ran at: 10-08-2025 03:50:26 PM [] []
[2025-08-10 15:55:28] SlimMonoLogger.INFO: Cron ran at: 10-08-2025 03:55:28 PM [] []
[2025-08-10 16:00:33] SlimMonoLogger.INFO: Cron ran at: 10-08-2025 04:00:33 PM [] []
[2025-08-10 16:05:30] SlimMonoLogger.INFO: Cron ran at: 10-08-2025 04:05:30 PM [] []
[2025-08-10 16:10:35] SlimMonoLogger.INFO: Cron ran at: 10-08-2025 04:10:35 PM [] []
[2025-08-10 16:15:30] SlimMonoLogger.INFO: Cron ran at: 10-08-2025 04:15:30 PM [] []
[2025-08-10 16:20:26] SlimMonoLogger.INFO: Cron ran at: 10-08-2025 04:20:26 PM [] []
[2025-08-10 16:25:28] SlimMonoLogger.INFO: Cron ran at: 10-08-2025 04:25:28 PM [] []
[2025-08-10 16:30:26] SlimMonoLogger.INFO: Cron ran at: 10-08-2025 04:30:26 PM [] []
[2025-08-10 16:35:29] SlimMonoLogger.INFO: Cron ran at: 10-08-2025 04:35:29 PM [] []
[2025-08-10 16:40:26] SlimMonoLogger.INFO: Cron ran at: 10-08-2025 04:40:26 PM [] []
[2025-08-10 16:45:28] SlimMonoLogger.INFO: Cron ran at: 10-08-2025 04:45:28 PM [] []
[2025-08-10 16:50:28] SlimMonoLogger.INFO: Cron ran at: 10-08-2025 04:50:28 PM [] []
[2025-08-10 16:55:27] SlimMonoLogger.INFO: Cron ran at: 10-08-2025 04:55:27 PM [] []
[2025-08-10 17:00:30] SlimMonoLogger.INFO: Cron ran at: 10-08-2025 05:00:30 PM [] []
[2025-08-10 17:05:30] SlimMonoLogger.INFO: Cron ran at: 10-08-2025 05:05:30 PM [] []
[2025-08-10 17:10:34] SlimMonoLogger.INFO: Cron ran at: 10-08-2025 05:10:34 PM [] []
[2025-08-10 17:15:29] SlimMonoLogger.INFO: Cron ran at: 10-08-2025 05:15:29 PM [] []
[2025-08-10 17:20:34] SlimMonoLogger.INFO: Cron ran at: 10-08-2025 05:20:34 PM [] []
[2025-08-10 17:25:32] SlimMonoLogger.INFO: Cron ran at: 10-08-2025 05:25:32 PM [] []
[2025-08-10 17:30:32] SlimMonoLogger.INFO: Cron ran at: 10-08-2025 05:30:32 PM [] []
[2025-08-10 17:35:26] SlimMonoLogger.INFO: Cron ran at: 10-08-2025 05:35:26 PM [] []
[2025-08-10 17:40:37] SlimMonoLogger.INFO: Cron ran at: 10-08-2025 05:40:37 PM [] []
[2025-08-10 17:45:35] SlimMonoLogger.INFO: Cron ran at: 10-08-2025 05:45:35 PM [] []
[2025-08-10 17:50:30] SlimMonoLogger.INFO: Cron ran at: 10-08-2025 05:50:30 PM [] []
[2025-08-10 17:55:25] SlimMonoLogger.INFO: Cron ran at: 10-08-2025 05:55:25 PM [] []
[2025-08-10 18:00:41] SlimMonoLogger.INFO: Cron ran at: 10-08-2025 06:00:41 PM [] []
[2025-08-10 18:05:32] SlimMonoLogger.INFO: Cron ran at: 10-08-2025 06:05:32 PM [] []
[2025-08-10 18:10:29] SlimMonoLogger.INFO: Cron ran at: 10-08-2025 06:10:29 PM [] []
[2025-08-10 18:15:30] SlimMonoLogger.INFO: Cron ran at: 10-08-2025 06:15:30 PM [] []
[2025-08-10 18:20:33] SlimMonoLogger.INFO: Cron ran at: 10-08-2025 06:20:33 PM [] []
[2025-08-10 18:25:29] SlimMonoLogger.INFO: Cron ran at: 10-08-2025 06:25:29 PM [] []
[2025-08-10 18:30:36] SlimMonoLogger.INFO: Cron ran at: 10-08-2025 06:30:36 PM [] []
[2025-08-10 18:35:34] SlimMonoLogger.INFO: Cron ran at: 10-08-2025 06:35:34 PM [] []
[2025-08-10 18:40:36] SlimMonoLogger.INFO: Cron ran at: 10-08-2025 06:40:36 PM [] []
[2025-08-10 18:45:32] SlimMonoLogger.INFO: Cron ran at: 10-08-2025 06:45:32 PM [] []
[2025-08-10 18:50:31] SlimMonoLogger.INFO: Cron ran at: 10-08-2025 06:50:31 PM [] []
[2025-08-10 18:55:49] SlimMonoLogger.INFO: Cron ran at: 10-08-2025 06:55:49 PM [] []
[2025-08-10 19:00:42] SlimMonoLogger.INFO: Cron ran at: 10-08-2025 07:00:42 PM [] []
[2025-08-10 19:05:31] SlimMonoLogger.INFO: Cron ran at: 10-08-2025 07:05:31 PM [] []
[2025-08-10 19:10:29] SlimMonoLogger.INFO: Cron ran at: 10-08-2025 07:10:29 PM [] []
[2025-08-10 19:15:36] SlimMonoLogger.INFO: Cron ran at: 10-08-2025 07:15:36 PM [] []
[2025-08-10 19:20:27] SlimMonoLogger.INFO: Cron ran at: 10-08-2025 07:20:27 PM [] []
[2025-08-10 19:25:27] SlimMonoLogger.INFO: Cron ran at: 10-08-2025 07:25:27 PM [] []
[2025-08-10 19:30:31] SlimMonoLogger.INFO: Cron ran at: 10-08-2025 07:30:31 PM [] []
[2025-08-10 19:35:24] SlimMonoLogger.INFO: Cron ran at: 10-08-2025 07:35:24 PM [] []
[2025-08-10 19:40:31] SlimMonoLogger.INFO: Cron ran at: 10-08-2025 07:40:31 PM [] []
[2025-08-10 19:45:31] SlimMonoLogger.INFO: Cron ran at: 10-08-2025 07:45:31 PM [] []
[2025-08-10 19:50:39] SlimMonoLogger.INFO: Cron ran at: 10-08-2025 07:50:39 PM [] []
[2025-08-10 19:55:32] SlimMonoLogger.INFO: Cron ran at: 10-08-2025 07:55:32 PM [] []
[2025-08-10 20:00:32] SlimMonoLogger.INFO: Cron ran at: 10-08-2025 08:00:32 PM [] []
[2025-08-10 20:05:28] SlimMonoLogger.INFO: Cron ran at: 10-08-2025 08:05:28 PM [] []
[2025-08-10 20:10:31] SlimMonoLogger.INFO: Cron ran at: 10-08-2025 08:10:31 PM [] []
[2025-08-10 20:15:29] SlimMonoLogger.INFO: Cron ran at: 10-08-2025 08:15:29 PM [] []
[2025-08-10 20:20:32] SlimMonoLogger.INFO: Cron ran at: 10-08-2025 08:20:32 PM [] []
[2025-08-10 20:25:33] SlimMonoLogger.INFO: Cron ran at: 10-08-2025 08:25:33 PM [] []
[2025-08-10 20:30:27] SlimMonoLogger.INFO: Cron ran at: 10-08-2025 08:30:27 PM [] []
[2025-08-10 20:35:30] SlimMonoLogger.INFO: Cron ran at: 10-08-2025 08:35:30 PM [] []
[2025-08-10 20:40:33] SlimMonoLogger.INFO: Cron ran at: 10-08-2025 08:40:33 PM [] []
[2025-08-10 20:45:39] SlimMonoLogger.INFO: Cron ran at: 10-08-2025 08:45:39 PM [] []
[2025-08-10 20:50:44] SlimMonoLogger.INFO: Cron ran at: 10-08-2025 08:50:44 PM [] []
[2025-08-10 20:55:35] SlimMonoLogger.INFO: Cron ran at: 10-08-2025 08:55:35 PM [] []
[2025-08-10 21:00:33] SlimMonoLogger.INFO: Cron ran at: 10-08-2025 09:00:33 PM [] []
[2025-08-10 21:05:29] SlimMonoLogger.INFO: Cron ran at: 10-08-2025 09:05:29 PM [] []
[2025-08-10 21:10:32] SlimMonoLogger.INFO: Cron ran at: 10-08-2025 09:10:32 PM [] []
[2025-08-10 21:15:39] SlimMonoLogger.INFO: Cron ran at: 10-08-2025 09:15:39 PM [] []
[2025-08-10 21:20:31] SlimMonoLogger.INFO: Cron ran at: 10-08-2025 09:20:31 PM [] []
[2025-08-10 21:25:30] SlimMonoLogger.INFO: Cron ran at: 10-08-2025 09:25:30 PM [] []
[2025-08-10 21:30:32] SlimMonoLogger.INFO: Cron ran at: 10-08-2025 09:30:32 PM [] []
[2025-08-10 21:35:31] SlimMonoLogger.INFO: Cron ran at: 10-08-2025 09:35:31 PM [] []
[2025-08-10 21:40:30] SlimMonoLogger.INFO: Cron ran at: 10-08-2025 09:40:30 PM [] []
[2025-08-10 21:45:28] SlimMonoLogger.INFO: Cron ran at: 10-08-2025 09:45:28 PM [] []
[2025-08-10 21:50:26] SlimMonoLogger.INFO: Cron ran at: 10-08-2025 09:50:26 PM [] []
[2025-08-10 21:55:33] SlimMonoLogger.INFO: Cron ran at: 10-08-2025 09:55:33 PM [] []
[2025-08-10 22:00:33] SlimMonoLogger.INFO: Cron ran at: 10-08-2025 10:00:33 PM [] []
[2025-08-10 22:05:34] SlimMonoLogger.INFO: Cron ran at: 10-08-2025 10:05:34 PM [] []
[2025-08-10 22:10:33] SlimMonoLogger.INFO: Cron ran at: 10-08-2025 10:10:33 PM [] []
[2025-08-10 22:15:29] SlimMonoLogger.INFO: Cron ran at: 10-08-2025 10:15:29 PM [] []
[2025-08-10 22:20:29] SlimMonoLogger.INFO: Cron ran at: 10-08-2025 10:20:29 PM [] []
[2025-08-10 22:25:28] SlimMonoLogger.INFO: Cron ran at: 10-08-2025 10:25:28 PM [] []
[2025-08-10 22:30:34] SlimMonoLogger.INFO: Cron ran at: 10-08-2025 10:30:34 PM [] []
[2025-08-10 22:35:28] SlimMonoLogger.INFO: Cron ran at: 10-08-2025 10:35:28 PM [] []
[2025-08-10 22:40:27] SlimMonoLogger.INFO: Cron ran at: 10-08-2025 10:40:27 PM [] []
[2025-08-10 22:45:09] SlimMonoLogger.ERROR: Requests_Exception: cURL error 52: Empty reply from server in /home/latihtal/public_html/agregator1/src/vendor/rmccue/requests/library/Requests/Transport/cURL.php:422
Stack trace:
#0 /home/latihtal/public_html/agregator1/src/vendor/rmccue/requests/library/Requests/Transport/cURL.php(177): Requests_Transport_cURL->process_response()
#1 /home/latihtal/public_html/agregator1/src/vendor/rmccue/requests/library/Requests.php(379): Requests_Transport_cURL->request()
#2 /home/latihtal/public_html/agregator1/src/vendor/rmccue/requests/library/Requests/Session.php(205): Requests::request()
#3 /home/latihtal/public_html/agregator1/src/vendor/rmccue/requests/library/Requests/Session.php(132): Requests_Session->request()
#4 /home/latihtal/public_html/agregator1/src/drivers/Http/RssImporter.php(144): Requests_Session->get()
#5 /home/latihtal/public_html/agregator1/src/controllers/Dashboard/DashboardFeedsController.php(534): spark\drivers\Http\RssImporter->fetchPosts()
#6 /home/latihtal/public_html/agregator1/src/controllers/Site/SiteController.php(722): spark\controllers\Dashboard\DashboardFeedsController::importFeedPosts()
#7 [internal function]: spark\controllers\Site\SiteController->runTasks()
#8 /home/latihtal/public_html/agregator1/src/framework/Route.php(173): call_user_func_array()
#9 [internal function]: Slim\Route->Slim\{closure}()
#10 /home/latihtal/public_html/agregator1/src/framework/Route.php(468): call_user_func_array()
#11 /home/latihtal/public_html/agregator1/src/framework/Slim.php(1364): Slim\Route->dispatch()
#12 /home/latihtal/public_html/agregator1/src/framework/Middleware/Flash.php(85): Slim\Slim->call()
#13 /home/latihtal/public_html/agregator1/src/framework/Middleware/MethodOverride.php(92): Slim\Middleware\Flash->call()
#14 /home/latihtal/public_html/agregator1/src/middlewares/CsrfGuard/CsrfGuard.php(47): Slim\Middleware\MethodOverride->call()
#15 /home/latihtal/public_html/agregator1/src/framework/Middleware/PrettyExceptions.php(67): spark\middlewares\CsrfGuard\CsrfGuard->call()
#16 /home/latihtal/public_html/agregator1/src/framework/Slim.php(1308): Slim\Middleware\PrettyExceptions->call()
#17 /home/latihtal/public_html/agregator1/index.php(6): Slim\Slim->run()
#18 {main} [] []
[2025-08-10 22:45:28] SlimMonoLogger.INFO: Cron ran at: 10-08-2025 10:45:28 PM [] []
[2025-08-10 22:50:31] SlimMonoLogger.INFO: Cron ran at: 10-08-2025 10:50:31 PM [] []
[2025-08-10 22:55:27] SlimMonoLogger.INFO: Cron ran at: 10-08-2025 10:55:27 PM [] []
[2025-08-10 23:00:33] SlimMonoLogger.INFO: Cron ran at: 10-08-2025 11:00:33 PM [] []
[2025-08-10 23:05:34] SlimMonoLogger.INFO: Cron ran at: 10-08-2025 11:05:34 PM [] []
[2025-08-10 23:10:31] SlimMonoLogger.INFO: Cron ran at: 10-08-2025 11:10:31 PM [] []
[2025-08-10 23:15:33] SlimMonoLogger.INFO: Cron ran at: 10-08-2025 11:15:33 PM [] []
[2025-08-10 23:20:27] SlimMonoLogger.INFO: Cron ran at: 10-08-2025 11:20:27 PM [] []
[2025-08-10 23:25:31] SlimMonoLogger.INFO: Cron ran at: 10-08-2025 11:25:31 PM [] []
[2025-08-10 23:30:32] SlimMonoLogger.INFO: Cron ran at: 10-08-2025 11:30:32 PM [] []
[2025-08-10 23:35:32] SlimMonoLogger.INFO: Cron ran at: 10-08-2025 11:35:32 PM [] []
[2025-08-10 23:40:33] SlimMonoLogger.INFO: Cron ran at: 10-08-2025 11:40:33 PM [] []
[2025-08-10 23:45:33] SlimMonoLogger.INFO: Cron ran at: 10-08-2025 11:45:33 PM [] []
[2025-08-10 23:50:31] SlimMonoLogger.INFO: Cron ran at: 10-08-2025 11:50:31 PM [] []
[2025-08-10 23:55:30] SlimMonoLogger.INFO: Cron ran at: 10-08-2025 11:55:30 PM [] []
[2025-08-11 00:00:36] SlimMonoLogger.INFO: Cron ran at: 11-08-2025 12:00:36 AM [] []
[2025-08-11 00:05:32] SlimMonoLogger.INFO: Cron ran at: 11-08-2025 12:05:32 AM [] []
[2025-08-11 00:10:32] SlimMonoLogger.INFO: Cron ran at: 11-08-2025 12:10:32 AM [] []
[2025-08-11 00:15:31] SlimMonoLogger.INFO: Cron ran at: 11-08-2025 12:15:31 AM [] []
[2025-08-11 00:20:34] SlimMonoLogger.INFO: Cron ran at: 11-08-2025 12:20:34 AM [] []
[2025-08-11 00:25:29] SlimMonoLogger.INFO: Cron ran at: 11-08-2025 12:25:29 AM [] []
[2025-08-11 00:30:35] SlimMonoLogger.INFO: Cron ran at: 11-08-2025 12:30:35 AM [] []
[2025-08-11 00:35:31] SlimMonoLogger.INFO: Cron ran at: 11-08-2025 12:35:31 AM [] []
[2025-08-11 00:40:27] SlimMonoLogger.INFO: Cron ran at: 11-08-2025 12:40:27 AM [] []
[2025-08-11 00:45:30] SlimMonoLogger.INFO: Cron ran at: 11-08-2025 12:45:30 AM [] []
[2025-08-11 00:50:29] SlimMonoLogger.INFO: Cron ran at: 11-08-2025 12:50:29 AM [] []
[2025-08-11 00:55:32] SlimMonoLogger.INFO: Cron ran at: 11-08-2025 12:55:32 AM [] []
[2025-08-11 01:00:33] SlimMonoLogger.INFO: Cron ran at: 11-08-2025 01:00:33 AM [] []
[2025-08-11 01:05:31] SlimMonoLogger.INFO: Cron ran at: 11-08-2025 01:05:31 AM [] []
[2025-08-11 01:10:29] SlimMonoLogger.INFO: Cron ran at: 11-08-2025 01:10:29 AM [] []
[2025-08-11 01:15:30] SlimMonoLogger.INFO: Cron ran at: 11-08-2025 01:15:30 AM [] []
[2025-08-11 01:20:29] SlimMonoLogger.INFO: Cron ran at: 11-08-2025 01:20:29 AM [] []
[2025-08-11 01:25:16] SlimMonoLogger.ERROR: Requests_Exception: cURL error 52: Empty reply from server in /home/latihtal/public_html/agregator1/src/vendor/rmccue/requests/library/Requests/Transport/cURL.php:422
Stack trace:
#0 /home/latihtal/public_html/agregator1/src/vendor/rmccue/requests/library/Requests/Transport/cURL.php(177): Requests_Transport_cURL->process_response()
#1 /home/latihtal/public_html/agregator1/src/vendor/rmccue/requests/library/Requests.php(379): Requests_Transport_cURL->request()
#2 /home/latihtal/public_html/agregator1/src/vendor/rmccue/requests/library/Requests/Session.php(205): Requests::request()
#3 /home/latihtal/public_html/agregator1/src/vendor/rmccue/requests/library/Requests/Session.php(132): Requests_Session->request()
#4 /home/latihtal/public_html/agregator1/src/drivers/Http/RssImporter.php(144): Requests_Session->get()
#5 /home/latihtal/public_html/agregator1/src/controllers/Dashboard/DashboardFeedsController.php(534): spark\drivers\Http\RssImporter->fetchPosts()
#6 /home/latihtal/public_html/agregator1/src/controllers/Site/SiteController.php(722): spark\controllers\Dashboard\DashboardFeedsController::importFeedPosts()
#7 [internal function]: spark\controllers\Site\SiteController->runTasks()
#8 /home/latihtal/public_html/agregator1/src/framework/Route.php(173): call_user_func_array()
#9 [internal function]: Slim\Route->Slim\{closure}()
#10 /home/latihtal/public_html/agregator1/src/framework/Route.php(468): call_user_func_array()
#11 /home/latihtal/public_html/agregator1/src/framework/Slim.php(1364): Slim\Route->dispatch()
#12 /home/latihtal/public_html/agregator1/src/framework/Middleware/Flash.php(85): Slim\Slim->call()
#13 /home/latihtal/public_html/agregator1/src/framework/Middleware/MethodOverride.php(92): Slim\Middleware\Flash->call()
#14 /home/latihtal/public_html/agregator1/src/middlewares/CsrfGuard/CsrfGuard.php(47): Slim\Middleware\MethodOverride->call()
#15 /home/latihtal/public_html/agregator1/src/framework/Middleware/PrettyExceptions.php(67): spark\middlewares\CsrfGuard\CsrfGuard->call()
#16 /home/latihtal/public_html/agregator1/src/framework/Slim.php(1308): Slim\Middleware\PrettyExceptions->call()
#17 /home/latihtal/public_html/agregator1/index.php(6): Slim\Slim->run()
#18 {main} [] []
[2025-08-11 01:25:30] SlimMonoLogger.INFO: Cron ran at: 11-08-2025 01:25:30 AM [] []
[2025-08-11 01:30:37] SlimMonoLogger.INFO: Cron ran at: 11-08-2025 01:30:37 AM [] []
[2025-08-11 01:35:34] SlimMonoLogger.INFO: Cron ran at: 11-08-2025 01:35:34 AM [] []
[2025-08-11 01:40:30] SlimMonoLogger.INFO: Cron ran at: 11-08-2025 01:40:30 AM [] []
[2025-08-11 01:45:27] SlimMonoLogger.INFO: Cron ran at: 11-08-2025 01:45:27 AM [] []
[2025-08-11 01:50:26] SlimMonoLogger.INFO: Cron ran at: 11-08-2025 01:50:26 AM [] []
[2025-08-11 01:55:27] SlimMonoLogger.INFO: Cron ran at: 11-08-2025 01:55:27 AM [] []
