[2025-06-10 02:00:26] SlimMonoLogger.INFO: Cron ran at: 10-06-2025 02:00:26 AM [] []
[2025-06-10 02:05:22] SlimMonoLogger.INFO: Cron ran at: 10-06-2025 02:05:22 AM [] []
[2025-06-10 02:10:23] SlimMonoLogger.INFO: Cron ran at: 10-06-2025 02:10:23 AM [] []
[2025-06-10 02:15:24] SlimMonoLogger.INFO: Cron ran at: 10-06-2025 02:15:24 AM [] []
[2025-06-10 02:20:22] SlimMonoLogger.INFO: Cron ran at: 10-06-2025 02:20:22 AM [] []
[2025-06-10 02:25:21] SlimMonoLogger.INFO: Cron ran at: 10-06-2025 02:25:21 AM [] []
[2025-06-10 02:30:22] SlimMonoLogger.INFO: Cron ran at: 10-06-2025 02:30:22 AM [] []
[2025-06-10 02:35:19] SlimMonoLogger.INFO: Cron ran at: 10-06-2025 02:35:19 AM [] []
[2025-06-10 02:40:20] SlimMonoLogger.INFO: Cron ran at: 10-06-2025 02:40:20 AM [] []
[2025-06-10 02:45:22] SlimMonoLogger.INFO: Cron ran at: 10-06-2025 02:45:22 AM [] []
[2025-06-10 02:50:21] SlimMonoLogger.INFO: Cron ran at: 10-06-2025 02:50:21 AM [] []
[2025-06-10 02:55:20] SlimMonoLogger.INFO: Cron ran at: 10-06-2025 02:55:20 AM [] []
[2025-06-10 03:00:21] SlimMonoLogger.INFO: Cron ran at: 10-06-2025 03:00:21 AM [] []
[2025-06-10 03:05:20] SlimMonoLogger.INFO: Cron ran at: 10-06-2025 03:05:20 AM [] []
[2025-06-10 03:10:22] SlimMonoLogger.INFO: Cron ran at: 10-06-2025 03:10:22 AM [] []
[2025-06-10 03:15:20] SlimMonoLogger.INFO: Cron ran at: 10-06-2025 03:15:20 AM [] []
[2025-06-10 03:20:21] SlimMonoLogger.INFO: Cron ran at: 10-06-2025 03:20:21 AM [] []
[2025-06-10 03:25:22] SlimMonoLogger.INFO: Cron ran at: 10-06-2025 03:25:22 AM [] []
[2025-06-10 03:30:20] SlimMonoLogger.INFO: Cron ran at: 10-06-2025 03:30:20 AM [] []
[2025-06-10 03:35:21] SlimMonoLogger.INFO: Cron ran at: 10-06-2025 03:35:21 AM [] []
[2025-06-10 03:40:22] SlimMonoLogger.INFO: Cron ran at: 10-06-2025 03:40:22 AM [] []
[2025-06-10 03:45:20] SlimMonoLogger.INFO: Cron ran at: 10-06-2025 03:45:20 AM [] []
[2025-06-10 03:50:20] SlimMonoLogger.INFO: Cron ran at: 10-06-2025 03:50:20 AM [] []
[2025-06-10 03:55:19] SlimMonoLogger.INFO: Cron ran at: 10-06-2025 03:55:19 AM [] []
[2025-06-10 04:00:22] SlimMonoLogger.INFO: Cron ran at: 10-06-2025 04:00:22 AM [] []
[2025-06-10 04:05:21] SlimMonoLogger.INFO: Cron ran at: 10-06-2025 04:05:21 AM [] []
[2025-06-10 04:10:21] SlimMonoLogger.INFO: Cron ran at: 10-06-2025 04:10:21 AM [] []
[2025-06-10 04:15:25] SlimMonoLogger.INFO: Cron ran at: 10-06-2025 04:15:25 AM [] []
[2025-06-10 04:20:25] SlimMonoLogger.INFO: Cron ran at: 10-06-2025 04:20:25 AM [] []
[2025-06-10 04:25:23] SlimMonoLogger.INFO: Cron ran at: 10-06-2025 04:25:23 AM [] []
[2025-06-10 04:30:25] SlimMonoLogger.INFO: Cron ran at: 10-06-2025 04:30:25 AM [] []
[2025-06-10 04:35:22] SlimMonoLogger.INFO: Cron ran at: 10-06-2025 04:35:22 AM [] []
[2025-06-10 04:40:22] SlimMonoLogger.INFO: Cron ran at: 10-06-2025 04:40:22 AM [] []
[2025-06-10 04:45:22] SlimMonoLogger.INFO: Cron ran at: 10-06-2025 04:45:22 AM [] []
[2025-06-10 04:50:23] SlimMonoLogger.INFO: Cron ran at: 10-06-2025 04:50:23 AM [] []
[2025-06-10 04:55:21] SlimMonoLogger.INFO: Cron ran at: 10-06-2025 04:55:21 AM [] []
[2025-06-10 05:00:22] SlimMonoLogger.INFO: Cron ran at: 10-06-2025 05:00:22 AM [] []
[2025-06-10 05:05:21] SlimMonoLogger.INFO: Cron ran at: 10-06-2025 05:05:21 AM [] []
[2025-06-10 05:10:20] SlimMonoLogger.INFO: Cron ran at: 10-06-2025 05:10:20 AM [] []
[2025-06-10 05:15:22] SlimMonoLogger.INFO: Cron ran at: 10-06-2025 05:15:22 AM [] []
[2025-06-10 05:20:23] SlimMonoLogger.INFO: Cron ran at: 10-06-2025 05:20:23 AM [] []
[2025-06-10 05:25:21] SlimMonoLogger.INFO: Cron ran at: 10-06-2025 05:25:21 AM [] []
[2025-06-10 05:30:22] SlimMonoLogger.INFO: Cron ran at: 10-06-2025 05:30:22 AM [] []
[2025-06-10 05:35:22] SlimMonoLogger.INFO: Cron ran at: 10-06-2025 05:35:22 AM [] []
[2025-06-10 05:40:20] SlimMonoLogger.INFO: Cron ran at: 10-06-2025 05:40:20 AM [] []
[2025-06-10 05:45:22] SlimMonoLogger.INFO: Cron ran at: 10-06-2025 05:45:22 AM [] []
[2025-06-10 05:50:24] SlimMonoLogger.INFO: Cron ran at: 10-06-2025 05:50:24 AM [] []
[2025-06-10 05:55:25] SlimMonoLogger.INFO: Cron ran at: 10-06-2025 05:55:25 AM [] []
[2025-06-10 06:00:25] SlimMonoLogger.INFO: Cron ran at: 10-06-2025 06:00:25 AM [] []
[2025-06-10 06:05:21] SlimMonoLogger.INFO: Cron ran at: 10-06-2025 06:05:21 AM [] []
[2025-06-10 06:10:21] SlimMonoLogger.INFO: Cron ran at: 10-06-2025 06:10:21 AM [] []
[2025-06-10 06:15:25] SlimMonoLogger.INFO: Cron ran at: 10-06-2025 06:15:25 AM [] []
[2025-06-10 06:20:24] SlimMonoLogger.INFO: Cron ran at: 10-06-2025 06:20:24 AM [] []
[2025-06-10 06:25:21] SlimMonoLogger.INFO: Cron ran at: 10-06-2025 06:25:21 AM [] []
[2025-06-10 06:30:26] SlimMonoLogger.INFO: Cron ran at: 10-06-2025 06:30:26 AM [] []
[2025-06-10 06:35:22] SlimMonoLogger.INFO: Cron ran at: 10-06-2025 06:35:22 AM [] []
[2025-06-10 06:40:22] SlimMonoLogger.INFO: Cron ran at: 10-06-2025 06:40:22 AM [] []
[2025-06-10 06:45:22] SlimMonoLogger.INFO: Cron ran at: 10-06-2025 06:45:22 AM [] []
[2025-06-10 06:50:24] SlimMonoLogger.INFO: Cron ran at: 10-06-2025 06:50:24 AM [] []
[2025-06-10 06:55:22] SlimMonoLogger.INFO: Cron ran at: 10-06-2025 06:55:22 AM [] []
[2025-06-10 07:00:22] SlimMonoLogger.INFO: Cron ran at: 10-06-2025 07:00:22 AM [] []
[2025-06-10 07:05:23] SlimMonoLogger.INFO: Cron ran at: 10-06-2025 07:05:23 AM [] []
[2025-06-10 07:10:20] SlimMonoLogger.INFO: Cron ran at: 10-06-2025 07:10:20 AM [] []
[2025-06-10 07:15:19] SlimMonoLogger.INFO: Cron ran at: 10-06-2025 07:15:19 AM [] []
[2025-06-10 07:20:21] SlimMonoLogger.INFO: Cron ran at: 10-06-2025 07:20:21 AM [] []
[2025-06-10 07:25:23] SlimMonoLogger.INFO: Cron ran at: 10-06-2025 07:25:23 AM [] []
[2025-06-10 07:30:25] SlimMonoLogger.INFO: Cron ran at: 10-06-2025 07:30:25 AM [] []
[2025-06-10 07:35:22] SlimMonoLogger.INFO: Cron ran at: 10-06-2025 07:35:22 AM [] []
[2025-06-10 07:40:22] SlimMonoLogger.INFO: Cron ran at: 10-06-2025 07:40:22 AM [] []
[2025-06-10 07:45:24] SlimMonoLogger.INFO: Cron ran at: 10-06-2025 07:45:24 AM [] []
[2025-06-10 07:50:21] SlimMonoLogger.INFO: Cron ran at: 10-06-2025 07:50:21 AM [] []
[2025-06-10 07:55:21] SlimMonoLogger.INFO: Cron ran at: 10-06-2025 07:55:21 AM [] []
[2025-06-10 08:00:28] SlimMonoLogger.INFO: Cron ran at: 10-06-2025 08:00:28 AM [] []
[2025-06-10 08:05:23] SlimMonoLogger.INFO: Cron ran at: 10-06-2025 08:05:23 AM [] []
[2025-06-10 08:10:21] SlimMonoLogger.INFO: Cron ran at: 10-06-2025 08:10:21 AM [] []
[2025-06-10 08:15:24] SlimMonoLogger.INFO: Cron ran at: 10-06-2025 08:15:24 AM [] []
[2025-06-10 08:20:23] SlimMonoLogger.INFO: Cron ran at: 10-06-2025 08:20:23 AM [] []
[2025-06-10 08:25:30] SlimMonoLogger.INFO: Cron ran at: 10-06-2025 08:25:30 AM [] []
[2025-06-10 08:30:33] SlimMonoLogger.INFO: Cron ran at: 10-06-2025 08:30:33 AM [] []
[2025-06-10 08:35:32] SlimMonoLogger.INFO: Cron ran at: 10-06-2025 08:35:32 AM [] []
[2025-06-10 08:40:25] SlimMonoLogger.INFO: Cron ran at: 10-06-2025 08:40:25 AM [] []
[2025-06-10 08:45:21] SlimMonoLogger.INFO: Cron ran at: 10-06-2025 08:45:21 AM [] []
[2025-06-10 08:50:23] SlimMonoLogger.INFO: Cron ran at: 10-06-2025 08:50:23 AM [] []
[2025-06-10 08:55:20] SlimMonoLogger.INFO: Cron ran at: 10-06-2025 08:55:20 AM [] []
[2025-06-10 09:00:26] SlimMonoLogger.INFO: Cron ran at: 10-06-2025 09:00:26 AM [] []
[2025-06-10 09:05:30] SlimMonoLogger.INFO: Cron ran at: 10-06-2025 09:05:30 AM [] []
[2025-06-10 09:10:30] SlimMonoLogger.INFO: Cron ran at: 10-06-2025 09:10:30 AM [] []
[2025-06-10 09:15:25] SlimMonoLogger.INFO: Cron ran at: 10-06-2025 09:15:25 AM [] []
[2025-06-10 09:20:24] SlimMonoLogger.INFO: Cron ran at: 10-06-2025 09:20:24 AM [] []
[2025-06-10 09:25:31] SlimMonoLogger.INFO: Cron ran at: 10-06-2025 09:25:31 AM [] []
[2025-06-10 09:30:25] SlimMonoLogger.INFO: Cron ran at: 10-06-2025 09:30:25 AM [] []
[2025-06-10 09:35:26] SlimMonoLogger.INFO: Cron ran at: 10-06-2025 09:35:26 AM [] []
[2025-06-10 09:40:25] SlimMonoLogger.INFO: Cron ran at: 10-06-2025 09:40:25 AM [] []
[2025-06-10 09:45:25] SlimMonoLogger.INFO: Cron ran at: 10-06-2025 09:45:25 AM [] []
[2025-06-10 09:50:24] SlimMonoLogger.INFO: Cron ran at: 10-06-2025 09:50:24 AM [] []
[2025-06-10 09:55:27] SlimMonoLogger.INFO: Cron ran at: 10-06-2025 09:55:27 AM [] []
[2025-06-10 10:00:23] SlimMonoLogger.INFO: Cron ran at: 10-06-2025 10:00:23 AM [] []
[2025-06-10 10:05:22] SlimMonoLogger.INFO: Cron ran at: 10-06-2025 10:05:22 AM [] []
[2025-06-10 10:10:22] SlimMonoLogger.INFO: Cron ran at: 10-06-2025 10:10:22 AM [] []
[2025-06-10 10:15:21] SlimMonoLogger.INFO: Cron ran at: 10-06-2025 10:15:21 AM [] []
[2025-06-10 10:20:27] SlimMonoLogger.INFO: Cron ran at: 10-06-2025 10:20:27 AM [] []
[2025-06-10 10:25:22] SlimMonoLogger.INFO: Cron ran at: 10-06-2025 10:25:22 AM [] []
[2025-06-10 10:30:24] SlimMonoLogger.INFO: Cron ran at: 10-06-2025 10:30:24 AM [] []
[2025-06-10 10:35:23] SlimMonoLogger.INFO: Cron ran at: 10-06-2025 10:35:23 AM [] []
[2025-06-10 10:40:30] SlimMonoLogger.INFO: Cron ran at: 10-06-2025 10:40:30 AM [] []
[2025-06-10 10:45:26] SlimMonoLogger.INFO: Cron ran at: 10-06-2025 10:45:26 AM [] []
[2025-06-10 10:50:21] SlimMonoLogger.INFO: Cron ran at: 10-06-2025 10:50:21 AM [] []
[2025-06-10 10:55:22] SlimMonoLogger.INFO: Cron ran at: 10-06-2025 10:55:22 AM [] []
[2025-06-10 11:00:26] SlimMonoLogger.INFO: Cron ran at: 10-06-2025 11:00:26 AM [] []
[2025-06-10 11:05:20] SlimMonoLogger.INFO: Cron ran at: 10-06-2025 11:05:20 AM [] []
[2025-06-10 11:10:28] SlimMonoLogger.INFO: Cron ran at: 10-06-2025 11:10:28 AM [] []
[2025-06-10 11:15:26] SlimMonoLogger.INFO: Cron ran at: 10-06-2025 11:15:26 AM [] []
[2025-06-10 11:20:23] SlimMonoLogger.INFO: Cron ran at: 10-06-2025 11:20:23 AM [] []
[2025-06-10 11:25:31] SlimMonoLogger.INFO: Cron ran at: 10-06-2025 11:25:31 AM [] []
[2025-06-10 11:30:23] SlimMonoLogger.INFO: Cron ran at: 10-06-2025 11:30:23 AM [] []
[2025-06-10 11:35:26] SlimMonoLogger.INFO: Cron ran at: 10-06-2025 11:35:26 AM [] []
[2025-06-10 11:40:21] SlimMonoLogger.INFO: Cron ran at: 10-06-2025 11:40:21 AM [] []
[2025-06-10 11:45:21] SlimMonoLogger.INFO: Cron ran at: 10-06-2025 11:45:21 AM [] []
[2025-06-10 11:50:25] SlimMonoLogger.INFO: Cron ran at: 10-06-2025 11:50:25 AM [] []
[2025-06-10 11:55:27] SlimMonoLogger.INFO: Cron ran at: 10-06-2025 11:55:27 AM [] []
[2025-06-10 12:00:37] SlimMonoLogger.INFO: Cron ran at: 10-06-2025 12:00:37 PM [] []
[2025-06-10 12:05:33] SlimMonoLogger.INFO: Cron ran at: 10-06-2025 12:05:33 PM [] []
[2025-06-10 12:10:21] SlimMonoLogger.INFO: Cron ran at: 10-06-2025 12:10:21 PM [] []
[2025-06-10 12:15:25] SlimMonoLogger.INFO: Cron ran at: 10-06-2025 12:15:25 PM [] []
[2025-06-10 12:20:25] SlimMonoLogger.INFO: Cron ran at: 10-06-2025 12:20:25 PM [] []
[2025-06-10 12:25:29] SlimMonoLogger.INFO: Cron ran at: 10-06-2025 12:25:29 PM [] []
[2025-06-10 12:30:37] SlimMonoLogger.INFO: Cron ran at: 10-06-2025 12:30:37 PM [] []
[2025-06-10 12:35:28] SlimMonoLogger.INFO: Cron ran at: 10-06-2025 12:35:28 PM [] []
[2025-06-10 12:40:31] SlimMonoLogger.INFO: Cron ran at: 10-06-2025 12:40:31 PM [] []
[2025-06-10 12:45:30] SlimMonoLogger.INFO: Cron ran at: 10-06-2025 12:45:30 PM [] []
[2025-06-10 12:50:28] SlimMonoLogger.INFO: Cron ran at: 10-06-2025 12:50:28 PM [] []
[2025-06-10 12:55:26] SlimMonoLogger.INFO: Cron ran at: 10-06-2025 12:55:26 PM [] []
[2025-06-10 13:00:31] SlimMonoLogger.INFO: Cron ran at: 10-06-2025 01:00:31 PM [] []
[2025-06-10 13:05:27] SlimMonoLogger.INFO: Cron ran at: 10-06-2025 01:05:27 PM [] []
[2025-06-10 13:10:28] SlimMonoLogger.INFO: Cron ran at: 10-06-2025 01:10:28 PM [] []
[2025-06-10 13:15:30] SlimMonoLogger.INFO: Cron ran at: 10-06-2025 01:15:30 PM [] []
[2025-06-10 13:20:31] SlimMonoLogger.INFO: Cron ran at: 10-06-2025 01:20:31 PM [] []
[2025-06-10 13:25:28] SlimMonoLogger.INFO: Cron ran at: 10-06-2025 01:25:28 PM [] []
[2025-06-10 13:30:30] SlimMonoLogger.INFO: Cron ran at: 10-06-2025 01:30:30 PM [] []
[2025-06-10 13:35:26] SlimMonoLogger.INFO: Cron ran at: 10-06-2025 01:35:26 PM [] []
[2025-06-10 13:40:26] SlimMonoLogger.INFO: Cron ran at: 10-06-2025 01:40:26 PM [] []
[2025-06-10 13:45:28] SlimMonoLogger.INFO: Cron ran at: 10-06-2025 01:45:28 PM [] []
[2025-06-10 13:50:26] SlimMonoLogger.INFO: Cron ran at: 10-06-2025 01:50:26 PM [] []
[2025-06-10 13:55:28] SlimMonoLogger.INFO: Cron ran at: 10-06-2025 01:55:28 PM [] []
[2025-06-10 14:00:30] SlimMonoLogger.INFO: Cron ran at: 10-06-2025 02:00:30 PM [] []
[2025-06-10 14:05:24] SlimMonoLogger.INFO: Cron ran at: 10-06-2025 02:05:24 PM [] []
[2025-06-10 14:10:27] SlimMonoLogger.INFO: Cron ran at: 10-06-2025 02:10:27 PM [] []
[2025-06-10 14:15:29] SlimMonoLogger.INFO: Cron ran at: 10-06-2025 02:15:29 PM [] []
[2025-06-10 14:20:23] SlimMonoLogger.INFO: Cron ran at: 10-06-2025 02:20:23 PM [] []
[2025-06-10 14:25:22] SlimMonoLogger.INFO: Cron ran at: 10-06-2025 02:25:22 PM [] []
[2025-06-10 14:30:31] SlimMonoLogger.INFO: Cron ran at: 10-06-2025 02:30:31 PM [] []
[2025-06-10 14:35:28] SlimMonoLogger.INFO: Cron ran at: 10-06-2025 02:35:28 PM [] []
[2025-06-10 14:40:24] SlimMonoLogger.INFO: Cron ran at: 10-06-2025 02:40:24 PM [] []
[2025-06-10 14:45:26] SlimMonoLogger.INFO: Cron ran at: 10-06-2025 02:45:26 PM [] []
[2025-06-10 14:50:29] SlimMonoLogger.INFO: Cron ran at: 10-06-2025 02:50:29 PM [] []
[2025-06-10 14:55:30] SlimMonoLogger.INFO: Cron ran at: 10-06-2025 02:55:30 PM [] []
[2025-06-10 15:00:32] SlimMonoLogger.INFO: Cron ran at: 10-06-2025 03:00:32 PM [] []
[2025-06-10 15:05:32] SlimMonoLogger.INFO: Cron ran at: 10-06-2025 03:05:32 PM [] []
[2025-06-10 15:10:25] SlimMonoLogger.INFO: Cron ran at: 10-06-2025 03:10:25 PM [] []
[2025-06-10 15:15:34] SlimMonoLogger.INFO: Cron ran at: 10-06-2025 03:15:34 PM [] []
[2025-06-10 15:20:35] SlimMonoLogger.INFO: Cron ran at: 10-06-2025 03:20:35 PM [] []
[2025-06-10 15:25:33] SlimMonoLogger.INFO: Cron ran at: 10-06-2025 03:25:33 PM [] []
[2025-06-10 15:30:36] SlimMonoLogger.INFO: Cron ran at: 10-06-2025 03:30:36 PM [] []
[2025-06-10 15:35:33] SlimMonoLogger.INFO: Cron ran at: 10-06-2025 03:35:33 PM [] []
[2025-06-10 15:40:34] SlimMonoLogger.INFO: Cron ran at: 10-06-2025 03:40:34 PM [] []
[2025-06-10 15:45:34] SlimMonoLogger.INFO: Cron ran at: 10-06-2025 03:45:34 PM [] []
[2025-06-10 15:50:32] SlimMonoLogger.INFO: Cron ran at: 10-06-2025 03:50:32 PM [] []
[2025-06-10 15:55:35] SlimMonoLogger.INFO: Cron ran at: 10-06-2025 03:55:35 PM [] []
[2025-06-10 16:00:44] SlimMonoLogger.INFO: Cron ran at: 10-06-2025 04:00:44 PM [] []
[2025-06-10 16:05:34] SlimMonoLogger.INFO: Cron ran at: 10-06-2025 04:05:34 PM [] []
[2025-06-10 16:10:36] SlimMonoLogger.INFO: Cron ran at: 10-06-2025 04:10:36 PM [] []
[2025-06-10 16:15:38] SlimMonoLogger.INFO: Cron ran at: 10-06-2025 04:15:38 PM [] []
[2025-06-10 16:20:36] SlimMonoLogger.INFO: Cron ran at: 10-06-2025 04:20:36 PM [] []
[2025-06-10 16:25:37] SlimMonoLogger.INFO: Cron ran at: 10-06-2025 04:25:37 PM [] []
[2025-06-10 16:30:42] SlimMonoLogger.INFO: Cron ran at: 10-06-2025 04:30:42 PM [] []
[2025-06-10 16:35:27] SlimMonoLogger.INFO: Cron ran at: 10-06-2025 04:35:27 PM [] []
[2025-06-10 16:40:30] SlimMonoLogger.INFO: Cron ran at: 10-06-2025 04:40:30 PM [] []
[2025-06-10 16:45:37] SlimMonoLogger.INFO: Cron ran at: 10-06-2025 04:45:37 PM [] []
[2025-06-10 16:50:31] SlimMonoLogger.INFO: Cron ran at: 10-06-2025 04:50:31 PM [] []
[2025-06-10 16:55:30] SlimMonoLogger.INFO: Cron ran at: 10-06-2025 04:55:30 PM [] []
[2025-06-10 17:00:31] SlimMonoLogger.INFO: Cron ran at: 10-06-2025 05:00:31 PM [] []
[2025-06-10 17:05:27] SlimMonoLogger.INFO: Cron ran at: 10-06-2025 05:05:27 PM [] []
[2025-06-10 17:10:34] SlimMonoLogger.INFO: Cron ran at: 10-06-2025 05:10:34 PM [] []
[2025-06-10 17:15:34] SlimMonoLogger.INFO: Cron ran at: 10-06-2025 05:15:34 PM [] []
[2025-06-10 17:20:34] SlimMonoLogger.INFO: Cron ran at: 10-06-2025 05:20:34 PM [] []
[2025-06-10 17:25:42] SlimMonoLogger.INFO: Cron ran at: 10-06-2025 05:25:42 PM [] []
[2025-06-10 17:30:35] SlimMonoLogger.INFO: Cron ran at: 10-06-2025 05:30:35 PM [] []
[2025-06-10 17:35:33] SlimMonoLogger.INFO: Cron ran at: 10-06-2025 05:35:33 PM [] []
[2025-06-10 17:40:31] SlimMonoLogger.INFO: Cron ran at: 10-06-2025 05:40:31 PM [] []
[2025-06-10 17:45:32] SlimMonoLogger.INFO: Cron ran at: 10-06-2025 05:45:32 PM [] []
[2025-06-10 17:50:31] SlimMonoLogger.INFO: Cron ran at: 10-06-2025 05:50:31 PM [] []
[2025-06-10 17:55:31] SlimMonoLogger.INFO: Cron ran at: 10-06-2025 05:55:31 PM [] []
[2025-06-10 18:00:33] SlimMonoLogger.INFO: Cron ran at: 10-06-2025 06:00:33 PM [] []
[2025-06-10 18:05:27] SlimMonoLogger.INFO: Cron ran at: 10-06-2025 06:05:27 PM [] []
[2025-06-10 18:10:36] SlimMonoLogger.INFO: Cron ran at: 10-06-2025 06:10:36 PM [] []
[2025-06-10 18:15:29] SlimMonoLogger.INFO: Cron ran at: 10-06-2025 06:15:29 PM [] []
[2025-06-10 18:20:30] SlimMonoLogger.INFO: Cron ran at: 10-06-2025 06:20:30 PM [] []
[2025-06-10 18:25:31] SlimMonoLogger.INFO: Cron ran at: 10-06-2025 06:25:31 PM [] []
[2025-06-10 18:30:33] SlimMonoLogger.INFO: Cron ran at: 10-06-2025 06:30:33 PM [] []
[2025-06-10 18:35:27] SlimMonoLogger.INFO: Cron ran at: 10-06-2025 06:35:27 PM [] []
[2025-06-10 18:40:34] SlimMonoLogger.INFO: Cron ran at: 10-06-2025 06:40:34 PM [] []
[2025-06-10 18:45:26] SlimMonoLogger.INFO: Cron ran at: 10-06-2025 06:45:26 PM [] []
[2025-06-10 18:50:31] SlimMonoLogger.INFO: Cron ran at: 10-06-2025 06:50:31 PM [] []
[2025-06-10 18:55:28] SlimMonoLogger.INFO: Cron ran at: 10-06-2025 06:55:28 PM [] []
[2025-06-10 19:00:28] SlimMonoLogger.INFO: Cron ran at: 10-06-2025 07:00:28 PM [] []
[2025-06-10 19:05:34] SlimMonoLogger.INFO: Cron ran at: 10-06-2025 07:05:34 PM [] []
[2025-06-10 19:10:29] SlimMonoLogger.INFO: Cron ran at: 10-06-2025 07:10:29 PM [] []
[2025-06-10 19:15:28] SlimMonoLogger.INFO: Cron ran at: 10-06-2025 07:15:28 PM [] []
[2025-06-10 19:20:27] SlimMonoLogger.INFO: Cron ran at: 10-06-2025 07:20:27 PM [] []
[2025-06-10 19:25:25] SlimMonoLogger.INFO: Cron ran at: 10-06-2025 07:25:25 PM [] []
[2025-06-10 19:30:34] SlimMonoLogger.INFO: Cron ran at: 10-06-2025 07:30:34 PM [] []
[2025-06-10 19:35:37] SlimMonoLogger.INFO: Cron ran at: 10-06-2025 07:35:37 PM [] []
[2025-06-10 19:40:23] SlimMonoLogger.INFO: Cron ran at: 10-06-2025 07:40:23 PM [] []
[2025-06-10 19:45:29] SlimMonoLogger.INFO: Cron ran at: 10-06-2025 07:45:29 PM [] []
[2025-06-10 19:50:27] SlimMonoLogger.INFO: Cron ran at: 10-06-2025 07:50:27 PM [] []
[2025-06-10 19:55:31] SlimMonoLogger.INFO: Cron ran at: 10-06-2025 07:55:31 PM [] []
[2025-06-10 20:00:38] SlimMonoLogger.INFO: Cron ran at: 10-06-2025 08:00:38 PM [] []
[2025-06-10 20:05:32] SlimMonoLogger.INFO: Cron ran at: 10-06-2025 08:05:32 PM [] []
[2025-06-10 20:10:32] SlimMonoLogger.INFO: Cron ran at: 10-06-2025 08:10:32 PM [] []
[2025-06-10 20:15:31] SlimMonoLogger.INFO: Cron ran at: 10-06-2025 08:15:31 PM [] []
[2025-06-10 20:20:29] SlimMonoLogger.INFO: Cron ran at: 10-06-2025 08:20:29 PM [] []
[2025-06-10 20:25:28] SlimMonoLogger.INFO: Cron ran at: 10-06-2025 08:25:28 PM [] []
[2025-06-10 20:30:39] SlimMonoLogger.INFO: Cron ran at: 10-06-2025 08:30:39 PM [] []
[2025-06-10 20:35:32] SlimMonoLogger.INFO: Cron ran at: 10-06-2025 08:35:32 PM [] []
[2025-06-10 20:40:39] SlimMonoLogger.INFO: Cron ran at: 10-06-2025 08:40:39 PM [] []
[2025-06-10 20:45:39] SlimMonoLogger.INFO: Cron ran at: 10-06-2025 08:45:39 PM [] []
[2025-06-10 20:50:35] SlimMonoLogger.INFO: Cron ran at: 10-06-2025 08:50:35 PM [] []
[2025-06-10 20:55:36] SlimMonoLogger.INFO: Cron ran at: 10-06-2025 08:55:36 PM [] []
[2025-06-10 21:00:37] SlimMonoLogger.INFO: Cron ran at: 10-06-2025 09:00:37 PM [] []
[2025-06-10 21:05:33] SlimMonoLogger.INFO: Cron ran at: 10-06-2025 09:05:33 PM [] []
[2025-06-10 21:10:32] SlimMonoLogger.INFO: Cron ran at: 10-06-2025 09:10:32 PM [] []
[2025-06-10 21:15:36] SlimMonoLogger.INFO: Cron ran at: 10-06-2025 09:15:36 PM [] []
[2025-06-10 21:20:35] SlimMonoLogger.INFO: Cron ran at: 10-06-2025 09:20:35 PM [] []
[2025-06-10 21:25:27] SlimMonoLogger.INFO: Cron ran at: 10-06-2025 09:25:27 PM [] []
[2025-06-10 21:30:38] SlimMonoLogger.INFO: Cron ran at: 10-06-2025 09:30:38 PM [] []
[2025-06-10 21:35:30] SlimMonoLogger.INFO: Cron ran at: 10-06-2025 09:35:30 PM [] []
[2025-06-10 21:40:34] SlimMonoLogger.INFO: Cron ran at: 10-06-2025 09:40:34 PM [] []
[2025-06-10 21:45:37] SlimMonoLogger.INFO: Cron ran at: 10-06-2025 09:45:37 PM [] []
[2025-06-10 21:50:31] SlimMonoLogger.INFO: Cron ran at: 10-06-2025 09:50:31 PM [] []
[2025-06-10 21:55:31] SlimMonoLogger.INFO: Cron ran at: 10-06-2025 09:55:31 PM [] []
[2025-06-10 22:00:40] SlimMonoLogger.INFO: Cron ran at: 10-06-2025 10:00:40 PM [] []
[2025-06-10 22:05:25] SlimMonoLogger.INFO: Cron ran at: 10-06-2025 10:05:25 PM [] []
[2025-06-10 22:10:30] SlimMonoLogger.INFO: Cron ran at: 10-06-2025 10:10:30 PM [] []
[2025-06-10 22:15:33] SlimMonoLogger.INFO: Cron ran at: 10-06-2025 10:15:33 PM [] []
[2025-06-10 22:20:28] SlimMonoLogger.INFO: Cron ran at: 10-06-2025 10:20:28 PM [] []
[2025-06-10 22:25:29] SlimMonoLogger.INFO: Cron ran at: 10-06-2025 10:25:29 PM [] []
[2025-06-10 22:30:29] SlimMonoLogger.INFO: Cron ran at: 10-06-2025 10:30:29 PM [] []
[2025-06-10 22:35:27] SlimMonoLogger.INFO: Cron ran at: 10-06-2025 10:35:27 PM [] []
[2025-06-10 22:40:28] SlimMonoLogger.INFO: Cron ran at: 10-06-2025 10:40:28 PM [] []
[2025-06-10 22:45:28] SlimMonoLogger.INFO: Cron ran at: 10-06-2025 10:45:28 PM [] []
[2025-06-10 22:50:26] SlimMonoLogger.INFO: Cron ran at: 10-06-2025 10:50:26 PM [] []
[2025-06-10 22:55:27] SlimMonoLogger.INFO: Cron ran at: 10-06-2025 10:55:27 PM [] []
[2025-06-10 23:00:40] SlimMonoLogger.INFO: Cron ran at: 10-06-2025 11:00:40 PM [] []
[2025-06-10 23:05:28] SlimMonoLogger.INFO: Cron ran at: 10-06-2025 11:05:28 PM [] []
[2025-06-10 23:10:32] SlimMonoLogger.INFO: Cron ran at: 10-06-2025 11:10:32 PM [] []
[2025-06-10 21:15:03] SlimMonoLogger.CRITICAL: PDOException: SQLSTATE[HY000] [2002] Can't connect to local server through socket '/var/lib/mysql/mysql.sock' (2) in /home/latihtal/public_html/agregator1/src/framework/PDO/Database.php:34
Stack trace:
#0 /home/latihtal/public_html/agregator1/src/framework/PDO/Database.php(34): PDO->__construct()
#1 /home/latihtal/public_html/agregator1/src/dependencies.php(76): Slim\PDO\Database->__construct()
#2 /home/latihtal/public_html/agregator1/src/framework/Helper/Set.php(231): {closure}()
#3 /home/latihtal/public_html/agregator1/src/framework/Helper/Set.php(88): Slim\Helper\Set->Slim\Helper\{closure}()
#4 /home/latihtal/public_html/agregator1/src/framework/Slim.php(232): Slim\Helper\Set->get()
#5 /home/latihtal/public_html/agregator1/src/models/Model.php(176): Slim\Slim->__get()
#6 /home/latihtal/public_html/agregator1/src/models/OptionModel.php(180): spark\models\Model->select()
#7 /home/latihtal/public_html/agregator1/src/models/OptionModel.php(40): spark\models\OptionModel->autoloadOptions()
#8 /home/latihtal/public_html/agregator1/src/dependencies.php(99): spark\models\OptionModel->__construct()
#9 /home/latihtal/public_html/agregator1/src/framework/Helper/Set.php(231): {closure}()
#10 /home/latihtal/public_html/agregator1/src/framework/Helper/Set.php(88): Slim\Helper\Set->Slim\Helper\{closure}()
#11 /home/latihtal/public_html/agregator1/src/framework/Slim.php(232): Slim\Helper\Set->get()
#12 /home/latihtal/public_html/agregator1/src/drivers/Views/ThemeManager.php(34): Slim\Slim->__get()
#13 /home/latihtal/public_html/agregator1/src/dependencies.php(142): spark\drivers\Views\ThemeManager->initEngine()
#14 /home/latihtal/public_html/agregator1/src/bootstrap.php(68): require('/home/latihtal/...')
#15 /home/latihtal/public_html/agregator1/index.php(4): require('/home/latihtal/...')
#16 {main} [] []
[2025-06-10 23:20:20] SlimMonoLogger.INFO: Cron ran at: 10-06-2025 11:20:20 PM [] []
[2025-06-10 23:25:22] SlimMonoLogger.INFO: Cron ran at: 10-06-2025 11:25:22 PM [] []
[2025-06-10 23:30:32] SlimMonoLogger.INFO: Cron ran at: 10-06-2025 11:30:32 PM [] []
[2025-06-10 23:35:26] SlimMonoLogger.INFO: Cron ran at: 10-06-2025 11:35:26 PM [] []
[2025-06-10 23:40:28] SlimMonoLogger.INFO: Cron ran at: 10-06-2025 11:40:28 PM [] []
[2025-06-10 23:45:31] SlimMonoLogger.INFO: Cron ran at: 10-06-2025 11:45:31 PM [] []
[2025-06-10 23:50:33] SlimMonoLogger.INFO: Cron ran at: 10-06-2025 11:50:33 PM [] []
[2025-06-10 23:55:29] SlimMonoLogger.INFO: Cron ran at: 10-06-2025 11:55:29 PM [] []
[2025-06-11 00:00:31] SlimMonoLogger.INFO: Cron ran at: 11-06-2025 12:00:31 AM [] []
[2025-06-11 00:05:31] SlimMonoLogger.INFO: Cron ran at: 11-06-2025 12:05:31 AM [] []
[2025-06-11 00:10:28] SlimMonoLogger.INFO: Cron ran at: 11-06-2025 12:10:28 AM [] []
[2025-06-11 00:15:27] SlimMonoLogger.INFO: Cron ran at: 11-06-2025 12:15:27 AM [] []
[2025-06-11 00:20:22] SlimMonoLogger.INFO: Cron ran at: 11-06-2025 12:20:22 AM [] []
[2025-06-11 00:25:25] SlimMonoLogger.INFO: Cron ran at: 11-06-2025 12:25:25 AM [] []
[2025-06-11 00:30:24] SlimMonoLogger.INFO: Cron ran at: 11-06-2025 12:30:24 AM [] []
[2025-06-11 00:35:20] SlimMonoLogger.INFO: Cron ran at: 11-06-2025 12:35:20 AM [] []
[2025-06-11 00:40:23] SlimMonoLogger.INFO: Cron ran at: 11-06-2025 12:40:23 AM [] []
[2025-06-11 00:45:30] SlimMonoLogger.INFO: Cron ran at: 11-06-2025 12:45:30 AM [] []
[2025-06-11 00:50:24] SlimMonoLogger.INFO: Cron ran at: 11-06-2025 12:50:24 AM [] []
[2025-06-11 00:55:24] SlimMonoLogger.INFO: Cron ran at: 11-06-2025 12:55:24 AM [] []
[2025-06-11 01:00:31] SlimMonoLogger.INFO: Cron ran at: 11-06-2025 01:00:31 AM [] []
[2025-06-11 01:05:23] SlimMonoLogger.INFO: Cron ran at: 11-06-2025 01:05:23 AM [] []
[2025-06-11 01:10:23] SlimMonoLogger.INFO: Cron ran at: 11-06-2025 01:10:23 AM [] []
[2025-06-11 01:15:23] SlimMonoLogger.INFO: Cron ran at: 11-06-2025 01:15:23 AM [] []
[2025-06-11 01:20:24] SlimMonoLogger.INFO: Cron ran at: 11-06-2025 01:20:24 AM [] []
[2025-06-11 01:25:25] SlimMonoLogger.INFO: Cron ran at: 11-06-2025 01:25:25 AM [] []
[2025-06-11 01:30:31] SlimMonoLogger.INFO: Cron ran at: 11-06-2025 01:30:31 AM [] []
[2025-06-11 01:35:22] SlimMonoLogger.INFO: Cron ran at: 11-06-2025 01:35:22 AM [] []
[2025-06-11 01:40:37] SlimMonoLogger.INFO: Cron ran at: 11-06-2025 01:40:37 AM [] []
[2025-06-11 01:45:28] SlimMonoLogger.INFO: Cron ran at: 11-06-2025 01:45:28 AM [] []
[2025-06-11 01:50:27] SlimMonoLogger.INFO: Cron ran at: 11-06-2025 01:50:27 AM [] []
[2025-06-11 01:55:25] SlimMonoLogger.INFO: Cron ran at: 11-06-2025 01:55:25 AM [] []
