[2025-12-10 01:00:55] SlimMonoLogger.INFO: Cron ran at: 10-12-2025 01:00:55 AM [] []
[2025-12-10 01:06:09] SlimMonoLogger.INFO: Cron ran at: 10-12-2025 01:06:09 AM [] []
[2025-12-10 01:10:50] SlimMonoLogger.INFO: Cron ran at: 10-12-2025 01:10:50 AM [] []
[2025-12-10 01:15:49] SlimMonoLogger.INFO: Cron ran at: 10-12-2025 01:15:49 AM [] []
[2025-12-10 01:20:49] SlimMonoLogger.INFO: Cron ran at: 10-12-2025 01:20:49 AM [] []
[2025-12-10 01:25:50] SlimMonoLogger.INFO: Cron ran at: 10-12-2025 01:25:50 AM [] []
[2025-12-10 01:30:55] SlimMonoLogger.INFO: Cron ran at: 10-12-2025 01:30:55 AM [] []
[2025-12-10 01:35:56] SlimMonoLogger.INFO: Cron ran at: 10-12-2025 01:35:56 AM [] []
[2025-12-10 01:40:47] SlimMonoLogger.INFO: Cron ran at: 10-12-2025 01:40:47 AM [] []
[2025-12-10 01:49:18] SlimMonoLogger.INFO: Cron ran at: 10-12-2025 01:49:18 AM [] []
[2025-12-10 01:50:46] SlimMonoLogger.INFO: Cron ran at: 10-12-2025 01:50:46 AM [] []
[2025-12-10 01:55:50] SlimMonoLogger.INFO: Cron ran at: 10-12-2025 01:55:50 AM [] []
[2025-12-10 02:00:58] SlimMonoLogger.INFO: Cron ran at: 10-12-2025 02:00:58 AM [] []
[2025-12-10 02:05:58] SlimMonoLogger.INFO: Cron ran at: 10-12-2025 02:05:58 AM [] []
[2025-12-10 02:11:15] SlimMonoLogger.INFO: Cron ran at: 10-12-2025 02:11:15 AM [] []
[2025-12-10 02:15:55] SlimMonoLogger.INFO: Cron ran at: 10-12-2025 02:15:55 AM [] []
[2025-12-10 02:21:00] SlimMonoLogger.INFO: Cron ran at: 10-12-2025 02:21:00 AM [] []
[2025-12-10 02:25:53] SlimMonoLogger.INFO: Cron ran at: 10-12-2025 02:25:53 AM [] []
[2025-12-10 02:30:59] SlimMonoLogger.INFO: Cron ran at: 10-12-2025 02:30:59 AM [] []
[2025-12-10 02:35:51] SlimMonoLogger.INFO: Cron ran at: 10-12-2025 02:35:51 AM [] []
[2025-12-10 02:40:49] SlimMonoLogger.INFO: Cron ran at: 10-12-2025 02:40:49 AM [] []
[2025-12-10 02:46:01] SlimMonoLogger.INFO: Cron ran at: 10-12-2025 02:46:01 AM [] []
[2025-12-10 02:50:52] SlimMonoLogger.INFO: Cron ran at: 10-12-2025 02:50:52 AM [] []
[2025-12-10 02:55:50] SlimMonoLogger.INFO: Cron ran at: 10-12-2025 02:55:50 AM [] []
[2025-12-10 03:00:57] SlimMonoLogger.INFO: Cron ran at: 10-12-2025 03:00:57 AM [] []
[2025-12-10 03:05:50] SlimMonoLogger.INFO: Cron ran at: 10-12-2025 03:05:50 AM [] []
[2025-12-10 03:10:49] SlimMonoLogger.INFO: Cron ran at: 10-12-2025 03:10:49 AM [] []
[2025-12-10 03:15:56] SlimMonoLogger.INFO: Cron ran at: 10-12-2025 03:15:56 AM [] []
[2025-12-10 03:20:52] SlimMonoLogger.INFO: Cron ran at: 10-12-2025 03:20:52 AM [] []
[2025-12-10 03:25:52] SlimMonoLogger.INFO: Cron ran at: 10-12-2025 03:25:52 AM [] []
[2025-12-10 03:31:05] SlimMonoLogger.INFO: Cron ran at: 10-12-2025 03:31:05 AM [] []
[2025-12-10 03:35:53] SlimMonoLogger.INFO: Cron ran at: 10-12-2025 03:35:53 AM [] []
[2025-12-10 03:40:53] SlimMonoLogger.INFO: Cron ran at: 10-12-2025 03:40:53 AM [] []
[2025-12-10 03:45:53] SlimMonoLogger.INFO: Cron ran at: 10-12-2025 03:45:53 AM [] []
[2025-12-10 03:50:50] SlimMonoLogger.INFO: Cron ran at: 10-12-2025 03:50:50 AM [] []
[2025-12-10 03:55:56] SlimMonoLogger.INFO: Cron ran at: 10-12-2025 03:55:56 AM [] []
[2025-12-10 04:00:53] SlimMonoLogger.INFO: Cron ran at: 10-12-2025 04:00:53 AM [] []
[2025-12-10 04:05:59] SlimMonoLogger.INFO: Cron ran at: 10-12-2025 04:05:59 AM [] []
[2025-12-10 04:10:56] SlimMonoLogger.INFO: Cron ran at: 10-12-2025 04:10:56 AM [] []
[2025-12-10 04:15:53] SlimMonoLogger.INFO: Cron ran at: 10-12-2025 04:15:53 AM [] []
[2025-12-10 04:20:57] SlimMonoLogger.INFO: Cron ran at: 10-12-2025 04:20:57 AM [] []
[2025-12-10 04:25:56] SlimMonoLogger.INFO: Cron ran at: 10-12-2025 04:25:56 AM [] []
[2025-12-10 04:30:59] SlimMonoLogger.INFO: Cron ran at: 10-12-2025 04:30:59 AM [] []
[2025-12-10 04:35:51] SlimMonoLogger.INFO: Cron ran at: 10-12-2025 04:35:51 AM [] []
[2025-12-10 04:40:51] SlimMonoLogger.INFO: Cron ran at: 10-12-2025 04:40:51 AM [] []
[2025-12-10 04:45:53] SlimMonoLogger.INFO: Cron ran at: 10-12-2025 04:45:53 AM [] []
[2025-12-10 04:50:51] SlimMonoLogger.INFO: Cron ran at: 10-12-2025 04:50:51 AM [] []
[2025-12-10 04:55:52] SlimMonoLogger.INFO: Cron ran at: 10-12-2025 04:55:52 AM [] []
[2025-12-10 05:01:08] SlimMonoLogger.INFO: Cron ran at: 10-12-2025 05:01:08 AM [] []
[2025-12-10 05:05:53] SlimMonoLogger.INFO: Cron ran at: 10-12-2025 05:05:53 AM [] []
[2025-12-10 05:10:56] SlimMonoLogger.INFO: Cron ran at: 10-12-2025 05:10:56 AM [] []
[2025-12-10 05:15:50] SlimMonoLogger.INFO: Cron ran at: 10-12-2025 05:15:50 AM [] []
[2025-12-10 05:20:52] SlimMonoLogger.INFO: Cron ran at: 10-12-2025 05:20:52 AM [] []
[2025-12-10 05:25:56] SlimMonoLogger.INFO: Cron ran at: 10-12-2025 05:25:56 AM [] []
[2025-12-10 05:30:53] SlimMonoLogger.INFO: Cron ran at: 10-12-2025 05:30:53 AM [] []
[2025-12-10 05:35:59] SlimMonoLogger.INFO: Cron ran at: 10-12-2025 05:35:59 AM [] []
[2025-12-10 05:40:54] SlimMonoLogger.INFO: Cron ran at: 10-12-2025 05:40:54 AM [] []
[2025-12-10 05:45:49] SlimMonoLogger.INFO: Cron ran at: 10-12-2025 05:45:49 AM [] []
[2025-12-10 05:50:50] SlimMonoLogger.INFO: Cron ran at: 10-12-2025 05:50:50 AM [] []
[2025-12-10 05:55:53] SlimMonoLogger.INFO: Cron ran at: 10-12-2025 05:55:53 AM [] []
[2025-12-10 06:01:03] SlimMonoLogger.INFO: Cron ran at: 10-12-2025 06:01:03 AM [] []
[2025-12-10 06:05:52] SlimMonoLogger.INFO: Cron ran at: 10-12-2025 06:05:52 AM [] []
[2025-12-10 06:10:50] SlimMonoLogger.INFO: Cron ran at: 10-12-2025 06:10:50 AM [] []
[2025-12-10 06:15:57] SlimMonoLogger.INFO: Cron ran at: 10-12-2025 06:15:57 AM [] []
[2025-12-10 06:26:10] SlimMonoLogger.INFO: Cron ran at: 10-12-2025 06:26:10 AM [] []
[2025-12-10 06:28:58] SlimMonoLogger.ERROR: Requests_Exception: cURL error 28: Operation timed out after 500001 milliseconds with 15824 bytes received in /home/latihtal/public_html/agregator1/src/vendor/rmccue/requests/library/Requests/Transport/cURL.php:422
Stack trace:
#0 /home/latihtal/public_html/agregator1/src/vendor/rmccue/requests/library/Requests/Transport/cURL.php(177): Requests_Transport_cURL->process_response()
#1 /home/latihtal/public_html/agregator1/src/vendor/rmccue/requests/library/Requests.php(379): Requests_Transport_cURL->request()
#2 /home/latihtal/public_html/agregator1/src/vendor/rmccue/requests/library/Requests/Session.php(205): Requests::request()
#3 /home/latihtal/public_html/agregator1/src/vendor/rmccue/requests/library/Requests/Session.php(132): Requests_Session->request()
#4 /home/latihtal/public_html/agregator1/src/drivers/Http/RssImporter.php(144): Requests_Session->get()
#5 /home/latihtal/public_html/agregator1/src/controllers/Dashboard/DashboardFeedsController.php(534): spark\drivers\Http\RssImporter->fetchPosts()
#6 /home/latihtal/public_html/agregator1/src/controllers/Site/SiteController.php(722): spark\controllers\Dashboard\DashboardFeedsController::importFeedPosts()
#7 [internal function]: spark\controllers\Site\SiteController->runTasks()
#8 /home/latihtal/public_html/agregator1/src/framework/Route.php(173): call_user_func_array()
#9 [internal function]: Slim\Route->Slim\{closure}()
#10 /home/latihtal/public_html/agregator1/src/framework/Route.php(468): call_user_func_array()
#11 /home/latihtal/public_html/agregator1/src/framework/Slim.php(1364): Slim\Route->dispatch()
#12 /home/latihtal/public_html/agregator1/src/framework/Middleware/Flash.php(85): Slim\Slim->call()
#13 /home/latihtal/public_html/agregator1/src/framework/Middleware/MethodOverride.php(92): Slim\Middleware\Flash->call()
#14 /home/latihtal/public_html/agregator1/src/middlewares/CsrfGuard/CsrfGuard.php(47): Slim\Middleware\MethodOverride->call()
#15 /home/latihtal/public_html/agregator1/src/framework/Middleware/PrettyExceptions.php(67): spark\middlewares\CsrfGuard\CsrfGuard->call()
#16 /home/latihtal/public_html/agregator1/src/framework/Slim.php(1308): Slim\Middleware\PrettyExceptions->call()
#17 /home/latihtal/public_html/agregator1/index.php(6): Slim\Slim->run()
#18 {main} [] []
[2025-12-10 06:29:11] SlimMonoLogger.INFO: Cron ran at: 10-12-2025 06:29:11 AM [] []
[2025-12-10 06:30:51] SlimMonoLogger.INFO: Cron ran at: 10-12-2025 06:30:51 AM [] []
[2025-12-10 06:35:54] SlimMonoLogger.INFO: Cron ran at: 10-12-2025 06:35:54 AM [] []
[2025-12-10 06:40:51] SlimMonoLogger.INFO: Cron ran at: 10-12-2025 06:40:51 AM [] []
[2025-12-10 06:45:53] SlimMonoLogger.INFO: Cron ran at: 10-12-2025 06:45:53 AM [] []
[2025-12-10 06:50:52] SlimMonoLogger.INFO: Cron ran at: 10-12-2025 06:50:52 AM [] []
[2025-12-10 06:55:51] SlimMonoLogger.INFO: Cron ran at: 10-12-2025 06:55:51 AM [] []
[2025-12-10 07:01:01] SlimMonoLogger.INFO: Cron ran at: 10-12-2025 07:01:01 AM [] []
[2025-12-10 07:05:49] SlimMonoLogger.INFO: Cron ran at: 10-12-2025 07:05:49 AM [] []
[2025-12-10 07:10:51] SlimMonoLogger.INFO: Cron ran at: 10-12-2025 07:10:51 AM [] []
[2025-12-10 07:15:56] SlimMonoLogger.INFO: Cron ran at: 10-12-2025 07:15:56 AM [] []
[2025-12-10 07:21:00] SlimMonoLogger.INFO: Cron ran at: 10-12-2025 07:21:00 AM [] []
[2025-12-10 07:25:53] SlimMonoLogger.INFO: Cron ran at: 10-12-2025 07:25:53 AM [] []
[2025-12-10 07:31:00] SlimMonoLogger.INFO: Cron ran at: 10-12-2025 07:31:00 AM [] []
[2025-12-10 07:35:54] SlimMonoLogger.INFO: Cron ran at: 10-12-2025 07:35:54 AM [] []
[2025-12-10 07:40:56] SlimMonoLogger.INFO: Cron ran at: 10-12-2025 07:40:56 AM [] []
[2025-12-10 07:45:57] SlimMonoLogger.INFO: Cron ran at: 10-12-2025 07:45:57 AM [] []
[2025-12-10 07:50:56] SlimMonoLogger.INFO: Cron ran at: 10-12-2025 07:50:56 AM [] []
[2025-12-10 07:55:58] SlimMonoLogger.INFO: Cron ran at: 10-12-2025 07:55:58 AM [] []
[2025-12-10 08:01:04] SlimMonoLogger.INFO: Cron ran at: 10-12-2025 08:01:04 AM [] []
[2025-12-10 08:06:22] SlimMonoLogger.INFO: Cron ran at: 10-12-2025 08:06:22 AM [] []
[2025-12-10 08:11:01] SlimMonoLogger.INFO: Cron ran at: 10-12-2025 08:11:01 AM [] []
[2025-12-10 08:15:54] SlimMonoLogger.INFO: Cron ran at: 10-12-2025 08:15:54 AM [] []
[2025-12-10 08:20:56] SlimMonoLogger.INFO: Cron ran at: 10-12-2025 08:20:56 AM [] []
[2025-12-10 08:25:55] SlimMonoLogger.INFO: Cron ran at: 10-12-2025 08:25:55 AM [] []
[2025-12-10 08:31:06] SlimMonoLogger.INFO: Cron ran at: 10-12-2025 08:31:06 AM [] []
[2025-12-10 08:36:01] SlimMonoLogger.INFO: Cron ran at: 10-12-2025 08:36:01 AM [] []
[2025-12-10 08:46:14] SlimMonoLogger.INFO: Cron ran at: 10-12-2025 08:46:14 AM [] []
[2025-12-10 08:51:24] SlimMonoLogger.INFO: Cron ran at: 10-12-2025 08:51:24 AM [] []
[2025-12-10 08:56:19] SlimMonoLogger.INFO: Cron ran at: 10-12-2025 08:56:19 AM [] []
[2025-12-10 09:01:09] SlimMonoLogger.INFO: Cron ran at: 10-12-2025 09:01:09 AM [] []
[2025-12-10 09:06:04] SlimMonoLogger.INFO: Cron ran at: 10-12-2025 09:06:04 AM [] []
[2025-12-10 09:11:08] SlimMonoLogger.INFO: Cron ran at: 10-12-2025 09:11:08 AM [] []
[2025-12-10 09:16:14] SlimMonoLogger.INFO: Cron ran at: 10-12-2025 09:16:14 AM [] []
[2025-12-10 09:21:08] SlimMonoLogger.INFO: Cron ran at: 10-12-2025 09:21:08 AM [] []
[2025-12-10 09:26:18] SlimMonoLogger.INFO: Cron ran at: 10-12-2025 09:26:18 AM [] []
[2025-12-10 09:31:08] SlimMonoLogger.INFO: Cron ran at: 10-12-2025 09:31:08 AM [] []
[2025-12-10 09:36:08] SlimMonoLogger.INFO: Cron ran at: 10-12-2025 09:36:08 AM [] []
[2025-12-10 09:46:34] SlimMonoLogger.INFO: Cron ran at: 10-12-2025 09:46:34 AM [] []
[2025-12-10 09:51:18] SlimMonoLogger.INFO: Cron ran at: 10-12-2025 09:51:18 AM [] []
[2025-12-10 09:56:03] SlimMonoLogger.INFO: Cron ran at: 10-12-2025 09:56:03 AM [] []
[2025-12-10 10:01:20] SlimMonoLogger.INFO: Cron ran at: 10-12-2025 10:01:20 AM [] []
[2025-12-10 10:05:59] SlimMonoLogger.INFO: Cron ran at: 10-12-2025 10:05:59 AM [] []
[2025-12-10 10:11:03] SlimMonoLogger.INFO: Cron ran at: 10-12-2025 10:11:03 AM [] []
[2025-12-10 10:16:20] SlimMonoLogger.INFO: Cron ran at: 10-12-2025 10:16:20 AM [] []
[2025-12-10 10:21:25] SlimMonoLogger.INFO: Cron ran at: 10-12-2025 10:21:25 AM [] []
[2025-12-10 10:26:12] SlimMonoLogger.INFO: Cron ran at: 10-12-2025 10:26:12 AM [] []
[2025-12-10 10:31:10] SlimMonoLogger.INFO: Cron ran at: 10-12-2025 10:31:10 AM [] []
[2025-12-10 10:36:09] SlimMonoLogger.INFO: Cron ran at: 10-12-2025 10:36:09 AM [] []
[2025-12-10 10:41:14] SlimMonoLogger.INFO: Cron ran at: 10-12-2025 10:41:14 AM [] []
[2025-12-10 10:46:07] SlimMonoLogger.INFO: Cron ran at: 10-12-2025 10:46:07 AM [] []
[2025-12-10 10:51:11] SlimMonoLogger.INFO: Cron ran at: 10-12-2025 10:51:11 AM [] []
[2025-12-10 10:56:09] SlimMonoLogger.INFO: Cron ran at: 10-12-2025 10:56:09 AM [] []
[2025-12-10 11:01:06] SlimMonoLogger.INFO: Cron ran at: 10-12-2025 11:01:06 AM [] []
[2025-12-10 11:06:10] SlimMonoLogger.INFO: Cron ran at: 10-12-2025 11:06:10 AM [] []
[2025-12-10 11:11:08] SlimMonoLogger.INFO: Cron ran at: 10-12-2025 11:11:08 AM [] []
[2025-12-10 11:16:07] SlimMonoLogger.INFO: Cron ran at: 10-12-2025 11:16:07 AM [] []
[2025-12-10 11:21:13] SlimMonoLogger.INFO: Cron ran at: 10-12-2025 11:21:13 AM [] []
[2025-12-10 11:26:07] SlimMonoLogger.INFO: Cron ran at: 10-12-2025 11:26:07 AM [] []
[2025-12-10 11:31:21] SlimMonoLogger.INFO: Cron ran at: 10-12-2025 11:31:21 AM [] []
[2025-12-10 11:36:04] SlimMonoLogger.INFO: Cron ran at: 10-12-2025 11:36:04 AM [] []
[2025-12-10 11:41:09] SlimMonoLogger.INFO: Cron ran at: 10-12-2025 11:41:09 AM [] []
[2025-12-10 11:46:08] SlimMonoLogger.INFO: Cron ran at: 10-12-2025 11:46:08 AM [] []
[2025-12-10 11:51:08] SlimMonoLogger.INFO: Cron ran at: 10-12-2025 11:51:08 AM [] []
[2025-12-10 11:56:04] SlimMonoLogger.INFO: Cron ran at: 10-12-2025 11:56:04 AM [] []
[2025-12-10 12:01:18] SlimMonoLogger.INFO: Cron ran at: 10-12-2025 12:01:18 PM [] []
[2025-12-10 12:06:08] SlimMonoLogger.INFO: Cron ran at: 10-12-2025 12:06:08 PM [] []
[2025-12-10 12:11:28] SlimMonoLogger.INFO: Cron ran at: 10-12-2025 12:11:28 PM [] []
[2025-12-10 12:16:20] SlimMonoLogger.INFO: Cron ran at: 10-12-2025 12:16:20 PM [] []
[2025-12-10 12:21:34] SlimMonoLogger.INFO: Cron ran at: 10-12-2025 12:21:34 PM [] []
[2025-12-10 12:26:16] SlimMonoLogger.INFO: Cron ran at: 10-12-2025 12:26:16 PM [] []
[2025-12-10 12:31:04] SlimMonoLogger.INFO: Cron ran at: 10-12-2025 12:31:04 PM [] []
[2025-12-10 12:36:01] SlimMonoLogger.INFO: Cron ran at: 10-12-2025 12:36:01 PM [] []
[2025-12-10 12:41:14] SlimMonoLogger.INFO: Cron ran at: 10-12-2025 12:41:14 PM [] []
[2025-12-10 12:46:27] SlimMonoLogger.INFO: Cron ran at: 10-12-2025 12:46:27 PM [] []
[2025-12-10 12:51:12] SlimMonoLogger.INFO: Cron ran at: 10-12-2025 12:51:12 PM [] []
[2025-12-10 12:56:00] SlimMonoLogger.INFO: Cron ran at: 10-12-2025 12:56:00 PM [] []
[2025-12-10 13:01:16] SlimMonoLogger.INFO: Cron ran at: 10-12-2025 01:01:16 PM [] []
[2025-12-10 13:06:08] SlimMonoLogger.INFO: Cron ran at: 10-12-2025 01:06:08 PM [] []
[2025-12-10 13:11:03] SlimMonoLogger.INFO: Cron ran at: 10-12-2025 01:11:03 PM [] []
[2025-12-10 13:16:06] SlimMonoLogger.INFO: Cron ran at: 10-12-2025 01:16:06 PM [] []
[2025-12-10 13:21:10] SlimMonoLogger.INFO: Cron ran at: 10-12-2025 01:21:10 PM [] []
[2025-12-10 13:26:09] SlimMonoLogger.INFO: Cron ran at: 10-12-2025 01:26:09 PM [] []
[2025-12-10 13:30:59] SlimMonoLogger.INFO: Cron ran at: 10-12-2025 01:30:59 PM [] []
[2025-12-10 13:35:59] SlimMonoLogger.INFO: Cron ran at: 10-12-2025 01:35:59 PM [] []
[2025-12-10 13:41:10] SlimMonoLogger.INFO: Cron ran at: 10-12-2025 01:41:10 PM [] []
[2025-12-10 13:46:02] SlimMonoLogger.INFO: Cron ran at: 10-12-2025 01:46:02 PM [] []
[2025-12-10 13:50:56] SlimMonoLogger.INFO: Cron ran at: 10-12-2025 01:50:56 PM [] []
[2025-12-10 13:56:02] SlimMonoLogger.INFO: Cron ran at: 10-12-2025 01:56:02 PM [] []
[2025-12-10 14:01:04] SlimMonoLogger.INFO: Cron ran at: 10-12-2025 02:01:04 PM [] []
[2025-12-10 14:06:00] SlimMonoLogger.INFO: Cron ran at: 10-12-2025 02:06:00 PM [] []
[2025-12-10 14:11:07] SlimMonoLogger.INFO: Cron ran at: 10-12-2025 02:11:07 PM [] []
[2025-12-10 14:15:57] SlimMonoLogger.INFO: Cron ran at: 10-12-2025 02:15:57 PM [] []
[2025-12-10 14:20:56] SlimMonoLogger.INFO: Cron ran at: 10-12-2025 02:20:56 PM [] []
[2025-12-10 14:26:00] SlimMonoLogger.INFO: Cron ran at: 10-12-2025 02:26:00 PM [] []
[2025-12-10 14:31:01] SlimMonoLogger.INFO: Cron ran at: 10-12-2025 02:31:01 PM [] []
[2025-12-10 14:36:03] SlimMonoLogger.INFO: Cron ran at: 10-12-2025 02:36:03 PM [] []
[2025-12-10 14:41:10] SlimMonoLogger.INFO: Cron ran at: 10-12-2025 02:41:10 PM [] []
[2025-12-10 14:46:11] SlimMonoLogger.INFO: Cron ran at: 10-12-2025 02:46:11 PM [] []
[2025-12-10 14:51:03] SlimMonoLogger.INFO: Cron ran at: 10-12-2025 02:51:03 PM [] []
[2025-12-10 14:56:02] SlimMonoLogger.INFO: Cron ran at: 10-12-2025 02:56:02 PM [] []
[2025-12-10 15:01:04] SlimMonoLogger.INFO: Cron ran at: 10-12-2025 03:01:04 PM [] []
[2025-12-10 15:05:57] SlimMonoLogger.INFO: Cron ran at: 10-12-2025 03:05:57 PM [] []
[2025-12-10 15:11:03] SlimMonoLogger.INFO: Cron ran at: 10-12-2025 03:11:03 PM [] []
[2025-12-10 15:16:03] SlimMonoLogger.INFO: Cron ran at: 10-12-2025 03:16:03 PM [] []
[2025-12-10 15:21:00] SlimMonoLogger.INFO: Cron ran at: 10-12-2025 03:21:00 PM [] []
[2025-12-10 15:26:05] SlimMonoLogger.INFO: Cron ran at: 10-12-2025 03:26:05 PM [] []
[2025-12-10 15:31:27] SlimMonoLogger.INFO: Cron ran at: 10-12-2025 03:31:27 PM [] []
[2025-12-10 15:36:04] SlimMonoLogger.INFO: Cron ran at: 10-12-2025 03:36:04 PM [] []
[2025-12-10 15:40:59] SlimMonoLogger.INFO: Cron ran at: 10-12-2025 03:40:59 PM [] []
[2025-12-10 15:46:00] SlimMonoLogger.INFO: Cron ran at: 10-12-2025 03:46:00 PM [] []
[2025-12-10 15:51:02] SlimMonoLogger.INFO: Cron ran at: 10-12-2025 03:51:02 PM [] []
[2025-12-10 15:55:52] SlimMonoLogger.INFO: Cron ran at: 10-12-2025 03:55:52 PM [] []
[2025-12-10 16:01:01] SlimMonoLogger.INFO: Cron ran at: 10-12-2025 04:01:01 PM [] []
[2025-12-10 16:06:02] SlimMonoLogger.INFO: Cron ran at: 10-12-2025 04:06:02 PM [] []
[2025-12-10 16:10:57] SlimMonoLogger.INFO: Cron ran at: 10-12-2025 04:10:57 PM [] []
[2025-12-10 16:16:03] SlimMonoLogger.INFO: Cron ran at: 10-12-2025 04:16:03 PM [] []
[2025-12-10 16:21:16] SlimMonoLogger.INFO: Cron ran at: 10-12-2025 04:21:16 PM [] []
[2025-12-10 16:25:57] SlimMonoLogger.INFO: Cron ran at: 10-12-2025 04:25:57 PM [] []
[2025-12-10 16:30:58] SlimMonoLogger.INFO: Cron ran at: 10-12-2025 04:30:58 PM [] []
[2025-12-10 16:35:57] SlimMonoLogger.INFO: Cron ran at: 10-12-2025 04:35:57 PM [] []
[2025-12-10 16:40:58] SlimMonoLogger.INFO: Cron ran at: 10-12-2025 04:40:58 PM [] []
[2025-12-10 16:45:55] SlimMonoLogger.INFO: Cron ran at: 10-12-2025 04:45:55 PM [] []
[2025-12-10 16:50:57] SlimMonoLogger.INFO: Cron ran at: 10-12-2025 04:50:57 PM [] []
[2025-12-10 16:56:16] SlimMonoLogger.INFO: Cron ran at: 10-12-2025 04:56:16 PM [] []
[2025-12-10 17:01:29] SlimMonoLogger.INFO: Cron ran at: 10-12-2025 05:01:29 PM [] []
[2025-12-10 17:06:08] SlimMonoLogger.INFO: Cron ran at: 10-12-2025 05:06:08 PM [] []
[2025-12-10 17:11:01] SlimMonoLogger.INFO: Cron ran at: 10-12-2025 05:11:01 PM [] []
[2025-12-10 17:16:38] SlimMonoLogger.INFO: Cron ran at: 10-12-2025 05:16:38 PM [] []
[2025-12-10 17:21:16] SlimMonoLogger.INFO: Cron ran at: 10-12-2025 05:21:16 PM [] []
[2025-12-10 17:25:53] SlimMonoLogger.INFO: Cron ran at: 10-12-2025 05:25:53 PM [] []
[2025-12-10 17:31:01] SlimMonoLogger.INFO: Cron ran at: 10-12-2025 05:31:01 PM [] []
[2025-12-10 17:36:08] SlimMonoLogger.INFO: Cron ran at: 10-12-2025 05:36:08 PM [] []
[2025-12-10 17:40:58] SlimMonoLogger.INFO: Cron ran at: 10-12-2025 05:40:58 PM [] []
[2025-12-10 17:45:56] SlimMonoLogger.INFO: Cron ran at: 10-12-2025 05:45:56 PM [] []
[2025-12-10 17:51:00] SlimMonoLogger.INFO: Cron ran at: 10-12-2025 05:51:00 PM [] []
[2025-12-10 17:56:00] SlimMonoLogger.INFO: Cron ran at: 10-12-2025 05:56:00 PM [] []
[2025-12-10 18:01:01] SlimMonoLogger.INFO: Cron ran at: 10-12-2025 06:01:01 PM [] []
[2025-12-10 18:05:56] SlimMonoLogger.INFO: Cron ran at: 10-12-2025 06:05:56 PM [] []
[2025-12-10 18:10:59] SlimMonoLogger.INFO: Cron ran at: 10-12-2025 06:10:59 PM [] []
[2025-12-10 18:16:03] SlimMonoLogger.INFO: Cron ran at: 10-12-2025 06:16:03 PM [] []
[2025-12-10 18:21:04] SlimMonoLogger.INFO: Cron ran at: 10-12-2025 06:21:04 PM [] []
[2025-12-10 18:26:04] SlimMonoLogger.INFO: Cron ran at: 10-12-2025 06:26:04 PM [] []
[2025-12-10 18:31:02] SlimMonoLogger.INFO: Cron ran at: 10-12-2025 06:31:02 PM [] []
[2025-12-10 18:36:06] SlimMonoLogger.INFO: Cron ran at: 10-12-2025 06:36:06 PM [] []
[2025-12-10 18:40:59] SlimMonoLogger.INFO: Cron ran at: 10-12-2025 06:40:59 PM [] []
[2025-12-10 18:46:10] SlimMonoLogger.INFO: Cron ran at: 10-12-2025 06:46:10 PM [] []
[2025-12-10 18:51:07] SlimMonoLogger.INFO: Cron ran at: 10-12-2025 06:51:07 PM [] []
[2025-12-10 18:56:10] SlimMonoLogger.INFO: Cron ran at: 10-12-2025 06:56:10 PM [] []
[2025-12-10 19:01:05] SlimMonoLogger.INFO: Cron ran at: 10-12-2025 07:01:05 PM [] []
[2025-12-10 19:06:02] SlimMonoLogger.INFO: Cron ran at: 10-12-2025 07:06:02 PM [] []
[2025-12-10 19:11:12] SlimMonoLogger.INFO: Cron ran at: 10-12-2025 07:11:12 PM [] []
[2025-12-10 19:16:00] SlimMonoLogger.INFO: Cron ran at: 10-12-2025 07:16:00 PM [] []
[2025-12-10 19:20:59] SlimMonoLogger.INFO: Cron ran at: 10-12-2025 07:20:59 PM [] []
[2025-12-10 19:25:59] SlimMonoLogger.INFO: Cron ran at: 10-12-2025 07:25:59 PM [] []
[2025-12-10 19:30:54] SlimMonoLogger.INFO: Cron ran at: 10-12-2025 07:30:54 PM [] []
[2025-12-10 19:36:05] SlimMonoLogger.INFO: Cron ran at: 10-12-2025 07:36:05 PM [] []
[2025-12-10 19:40:58] SlimMonoLogger.INFO: Cron ran at: 10-12-2025 07:40:58 PM [] []
[2025-12-10 19:45:59] SlimMonoLogger.INFO: Cron ran at: 10-12-2025 07:45:59 PM [] []
[2025-12-10 19:51:05] SlimMonoLogger.INFO: Cron ran at: 10-12-2025 07:51:05 PM [] []
[2025-12-10 19:56:19] SlimMonoLogger.INFO: Cron ran at: 10-12-2025 07:56:19 PM [] []
[2025-12-10 20:01:03] SlimMonoLogger.INFO: Cron ran at: 10-12-2025 08:01:03 PM [] []
[2025-12-10 20:06:31] SlimMonoLogger.INFO: Cron ran at: 10-12-2025 08:06:31 PM [] []
[2025-12-10 20:11:06] SlimMonoLogger.INFO: Cron ran at: 10-12-2025 08:11:06 PM [] []
[2025-12-10 20:16:16] SlimMonoLogger.INFO: Cron ran at: 10-12-2025 08:16:16 PM [] []
[2025-12-10 20:20:58] SlimMonoLogger.INFO: Cron ran at: 10-12-2025 08:20:58 PM [] []
[2025-12-10 20:26:20] SlimMonoLogger.INFO: Cron ran at: 10-12-2025 08:26:20 PM [] []
[2025-12-10 20:30:58] SlimMonoLogger.INFO: Cron ran at: 10-12-2025 08:30:58 PM [] []
[2025-12-10 20:36:06] SlimMonoLogger.INFO: Cron ran at: 10-12-2025 08:36:06 PM [] []
[2025-12-10 20:41:04] SlimMonoLogger.INFO: Cron ran at: 10-12-2025 08:41:04 PM [] []
[2025-12-10 20:45:59] SlimMonoLogger.INFO: Cron ran at: 10-12-2025 08:45:59 PM [] []
[2025-12-10 20:51:04] SlimMonoLogger.INFO: Cron ran at: 10-12-2025 08:51:04 PM [] []
[2025-12-10 20:56:00] SlimMonoLogger.INFO: Cron ran at: 10-12-2025 08:56:00 PM [] []
[2025-12-10 21:01:57] SlimMonoLogger.INFO: Cron ran at: 10-12-2025 09:01:57 PM [] []
[2025-12-10 21:05:59] SlimMonoLogger.INFO: Cron ran at: 10-12-2025 09:05:59 PM [] []
[2025-12-10 21:10:52] SlimMonoLogger.INFO: Cron ran at: 10-12-2025 09:10:52 PM [] []
[2025-12-10 21:15:52] SlimMonoLogger.INFO: Cron ran at: 10-12-2025 09:15:52 PM [] []
[2025-12-10 21:20:50] SlimMonoLogger.INFO: Cron ran at: 10-12-2025 09:20:50 PM [] []
[2025-12-10 21:26:48] SlimMonoLogger.INFO: Cron ran at: 10-12-2025 09:26:48 PM [] []
[2025-12-10 21:31:07] SlimMonoLogger.INFO: Cron ran at: 10-12-2025 09:31:07 PM [] []
[2025-12-10 21:36:01] SlimMonoLogger.INFO: Cron ran at: 10-12-2025 09:36:01 PM [] []
[2025-12-10 21:40:52] SlimMonoLogger.INFO: Cron ran at: 10-12-2025 09:40:52 PM [] []
[2025-12-10 21:45:53] SlimMonoLogger.INFO: Cron ran at: 10-12-2025 09:45:53 PM [] []
[2025-12-10 21:50:57] SlimMonoLogger.INFO: Cron ran at: 10-12-2025 09:50:57 PM [] []
[2025-12-10 21:56:08] SlimMonoLogger.INFO: Cron ran at: 10-12-2025 09:56:08 PM [] []
[2025-12-10 22:00:49] SlimMonoLogger.INFO: Cron ran at: 10-12-2025 10:00:49 PM [] []
[2025-12-10 22:05:54] SlimMonoLogger.INFO: Cron ran at: 10-12-2025 10:05:54 PM [] []
[2025-12-10 22:10:54] SlimMonoLogger.INFO: Cron ran at: 10-12-2025 10:10:54 PM [] []
[2025-12-10 22:15:50] SlimMonoLogger.INFO: Cron ran at: 10-12-2025 10:15:50 PM [] []
[2025-12-10 22:20:56] SlimMonoLogger.INFO: Cron ran at: 10-12-2025 10:20:56 PM [] []
[2025-12-10 22:25:53] SlimMonoLogger.INFO: Cron ran at: 10-12-2025 10:25:53 PM [] []
[2025-12-10 22:30:54] SlimMonoLogger.INFO: Cron ran at: 10-12-2025 10:30:54 PM [] []
[2025-12-10 22:36:04] SlimMonoLogger.INFO: Cron ran at: 10-12-2025 10:36:04 PM [] []
[2025-12-10 22:40:56] SlimMonoLogger.INFO: Cron ran at: 10-12-2025 10:40:56 PM [] []
[2025-12-10 22:45:50] SlimMonoLogger.INFO: Cron ran at: 10-12-2025 10:45:50 PM [] []
[2025-12-10 22:50:56] SlimMonoLogger.INFO: Cron ran at: 10-12-2025 10:50:56 PM [] []
[2025-12-10 22:55:49] SlimMonoLogger.INFO: Cron ran at: 10-12-2025 10:55:49 PM [] []
[2025-12-10 23:00:55] SlimMonoLogger.INFO: Cron ran at: 10-12-2025 11:00:55 PM [] []
[2025-12-10 23:05:50] SlimMonoLogger.INFO: Cron ran at: 10-12-2025 11:05:50 PM [] []
[2025-12-10 23:10:55] SlimMonoLogger.INFO: Cron ran at: 10-12-2025 11:10:55 PM [] []
[2025-12-10 23:16:05] SlimMonoLogger.INFO: Cron ran at: 10-12-2025 11:16:05 PM [] []
[2025-12-10 23:20:50] SlimMonoLogger.INFO: Cron ran at: 10-12-2025 11:20:50 PM [] []
[2025-12-10 23:27:46] SlimMonoLogger.INFO: Cron ran at: 10-12-2025 11:27:46 PM [] []
[2025-12-10 23:30:55] SlimMonoLogger.INFO: Cron ran at: 10-12-2025 11:30:55 PM [] []
[2025-12-10 23:35:53] SlimMonoLogger.INFO: Cron ran at: 10-12-2025 11:35:53 PM [] []
[2025-12-10 23:40:55] SlimMonoLogger.INFO: Cron ran at: 10-12-2025 11:40:55 PM [] []
[2025-12-10 23:45:53] SlimMonoLogger.INFO: Cron ran at: 10-12-2025 11:45:53 PM [] []
[2025-12-10 23:50:57] SlimMonoLogger.INFO: Cron ran at: 10-12-2025 11:50:57 PM [] []
[2025-12-10 23:55:47] SlimMonoLogger.INFO: Cron ran at: 10-12-2025 11:55:47 PM [] []
[2025-12-11 00:00:57] SlimMonoLogger.INFO: Cron ran at: 11-12-2025 12:00:57 AM [] []
[2025-12-11 00:05:53] SlimMonoLogger.INFO: Cron ran at: 11-12-2025 12:05:53 AM [] []
[2025-12-11 00:10:48] SlimMonoLogger.INFO: Cron ran at: 11-12-2025 12:10:48 AM [] []
[2025-12-11 00:15:57] SlimMonoLogger.INFO: Cron ran at: 11-12-2025 12:15:57 AM [] []
[2025-12-11 00:20:52] SlimMonoLogger.INFO: Cron ran at: 11-12-2025 12:20:52 AM [] []
[2025-12-11 00:25:48] SlimMonoLogger.INFO: Cron ran at: 11-12-2025 12:25:48 AM [] []
[2025-12-11 00:30:51] SlimMonoLogger.INFO: Cron ran at: 11-12-2025 12:30:51 AM [] []
[2025-12-11 00:35:48] SlimMonoLogger.INFO: Cron ran at: 11-12-2025 12:35:48 AM [] []
[2025-12-11 00:40:47] SlimMonoLogger.INFO: Cron ran at: 11-12-2025 12:40:47 AM [] []
[2025-12-11 00:45:46] SlimMonoLogger.INFO: Cron ran at: 11-12-2025 12:45:46 AM [] []
[2025-12-11 00:50:55] SlimMonoLogger.INFO: Cron ran at: 11-12-2025 12:50:55 AM [] []
[2025-12-11 00:55:49] SlimMonoLogger.INFO: Cron ran at: 11-12-2025 12:55:49 AM [] []
