[2025-03-11 01:00:47] SlimMonoLogger.INFO: Cron ran at: 11-03-2025 01:00:47 AM [] []
[2025-03-11 01:05:34] SlimMonoLogger.INFO: Cron ran at: 11-03-2025 01:05:34 AM [] []
[2025-03-11 01:10:32] SlimMonoLogger.INFO: Cron ran at: 11-03-2025 01:10:32 AM [] []
[2025-03-11 01:15:35] SlimMonoLogger.INFO: Cron ran at: 11-03-2025 01:15:35 AM [] []
[2025-03-11 01:20:37] SlimMonoLogger.INFO: Cron ran at: 11-03-2025 01:20:37 AM [] []
[2025-03-11 01:25:35] SlimMonoLogger.INFO: Cron ran at: 11-03-2025 01:25:35 AM [] []
[2025-03-11 01:30:35] SlimMonoLogger.INFO: Cron ran at: 11-03-2025 01:30:35 AM [] []
[2025-03-11 01:35:30] SlimMonoLogger.INFO: Cron ran at: 11-03-2025 01:35:30 AM [] []
[2025-03-11 01:40:28] SlimMonoLogger.INFO: Cron ran at: 11-03-2025 01:40:28 AM [] []
[2025-03-11 01:45:35] SlimMonoLogger.INFO: Cron ran at: 11-03-2025 01:45:35 AM [] []
[2025-03-11 01:50:31] SlimMonoLogger.INFO: Cron ran at: 11-03-2025 01:50:31 AM [] []
[2025-03-11 01:55:54] SlimMonoLogger.INFO: Cron ran at: 11-03-2025 01:55:54 AM [] []
[2025-03-11 02:00:38] SlimMonoLogger.INFO: Cron ran at: 11-03-2025 02:00:38 AM [] []
[2025-03-11 02:05:29] SlimMonoLogger.INFO: Cron ran at: 11-03-2025 02:05:29 AM [] []
[2025-03-11 02:10:35] SlimMonoLogger.INFO: Cron ran at: 11-03-2025 02:10:35 AM [] []
[2025-03-11 02:15:32] SlimMonoLogger.INFO: Cron ran at: 11-03-2025 02:15:32 AM [] []
[2025-03-11 02:20:30] SlimMonoLogger.INFO: Cron ran at: 11-03-2025 02:20:30 AM [] []
[2025-03-11 02:25:29] SlimMonoLogger.INFO: Cron ran at: 11-03-2025 02:25:29 AM [] []
[2025-03-11 02:30:34] SlimMonoLogger.INFO: Cron ran at: 11-03-2025 02:30:34 AM [] []
[2025-03-11 02:35:30] SlimMonoLogger.INFO: Cron ran at: 11-03-2025 02:35:30 AM [] []
[2025-03-11 02:40:34] SlimMonoLogger.INFO: Cron ran at: 11-03-2025 02:40:34 AM [] []
[2025-03-11 02:45:34] SlimMonoLogger.INFO: Cron ran at: 11-03-2025 02:45:34 AM [] []
[2025-03-11 02:50:28] SlimMonoLogger.INFO: Cron ran at: 11-03-2025 02:50:28 AM [] []
[2025-03-11 02:55:40] SlimMonoLogger.INFO: Cron ran at: 11-03-2025 02:55:40 AM [] []
[2025-03-11 03:00:37] SlimMonoLogger.INFO: Cron ran at: 11-03-2025 03:00:37 AM [] []
[2025-03-11 03:05:32] SlimMonoLogger.INFO: Cron ran at: 11-03-2025 03:05:32 AM [] []
[2025-03-11 03:10:28] SlimMonoLogger.INFO: Cron ran at: 11-03-2025 03:10:28 AM [] []
[2025-03-11 03:15:30] SlimMonoLogger.INFO: Cron ran at: 11-03-2025 03:15:30 AM [] []
[2025-03-11 03:20:27] SlimMonoLogger.INFO: Cron ran at: 11-03-2025 03:20:27 AM [] []
[2025-03-11 03:25:28] SlimMonoLogger.INFO: Cron ran at: 11-03-2025 03:25:28 AM [] []
[2025-03-11 03:30:36] SlimMonoLogger.INFO: Cron ran at: 11-03-2025 03:30:36 AM [] []
[2025-03-11 03:35:30] SlimMonoLogger.INFO: Cron ran at: 11-03-2025 03:35:30 AM [] []
[2025-03-11 03:40:27] SlimMonoLogger.INFO: Cron ran at: 11-03-2025 03:40:27 AM [] []
[2025-03-11 03:45:29] SlimMonoLogger.INFO: Cron ran at: 11-03-2025 03:45:29 AM [] []
[2025-03-11 03:50:31] SlimMonoLogger.INFO: Cron ran at: 11-03-2025 03:50:31 AM [] []
[2025-03-11 03:55:32] SlimMonoLogger.INFO: Cron ran at: 11-03-2025 03:55:32 AM [] []
[2025-03-11 04:01:03] SlimMonoLogger.INFO: Cron ran at: 11-03-2025 04:01:03 AM [] []
[2025-03-11 04:05:33] SlimMonoLogger.INFO: Cron ran at: 11-03-2025 04:05:33 AM [] []
[2025-03-11 04:10:34] SlimMonoLogger.INFO: Cron ran at: 11-03-2025 04:10:34 AM [] []
[2025-03-11 04:15:30] SlimMonoLogger.INFO: Cron ran at: 11-03-2025 04:15:30 AM [] []
[2025-03-11 04:20:31] SlimMonoLogger.INFO: Cron ran at: 11-03-2025 04:20:31 AM [] []
[2025-03-11 04:25:35] SlimMonoLogger.INFO: Cron ran at: 11-03-2025 04:25:35 AM [] []
[2025-03-11 04:30:35] SlimMonoLogger.INFO: Cron ran at: 11-03-2025 04:30:35 AM [] []
[2025-03-11 04:35:32] SlimMonoLogger.INFO: Cron ran at: 11-03-2025 04:35:32 AM [] []
[2025-03-11 04:40:32] SlimMonoLogger.INFO: Cron ran at: 11-03-2025 04:40:32 AM [] []
[2025-03-11 04:45:26] SlimMonoLogger.INFO: Cron ran at: 11-03-2025 04:45:26 AM [] []
[2025-03-11 04:50:30] SlimMonoLogger.INFO: Cron ran at: 11-03-2025 04:50:30 AM [] []
[2025-03-11 04:55:31] SlimMonoLogger.INFO: Cron ran at: 11-03-2025 04:55:31 AM [] []
[2025-03-11 05:00:31] SlimMonoLogger.INFO: Cron ran at: 11-03-2025 05:00:31 AM [] []
[2025-03-11 05:05:30] SlimMonoLogger.INFO: Cron ran at: 11-03-2025 05:05:30 AM [] []
[2025-03-11 05:10:30] SlimMonoLogger.INFO: Cron ran at: 11-03-2025 05:10:30 AM [] []
[2025-03-11 05:15:28] SlimMonoLogger.INFO: Cron ran at: 11-03-2025 05:15:28 AM [] []
[2025-03-11 05:20:28] SlimMonoLogger.INFO: Cron ran at: 11-03-2025 05:20:28 AM [] []
[2025-03-11 05:25:29] SlimMonoLogger.INFO: Cron ran at: 11-03-2025 05:25:29 AM [] []
[2025-03-11 05:30:36] SlimMonoLogger.INFO: Cron ran at: 11-03-2025 05:30:36 AM [] []
[2025-03-11 05:35:34] SlimMonoLogger.INFO: Cron ran at: 11-03-2025 05:35:34 AM [] []
[2025-03-11 05:40:28] SlimMonoLogger.INFO: Cron ran at: 11-03-2025 05:40:28 AM [] []
[2025-03-11 05:45:30] SlimMonoLogger.INFO: Cron ran at: 11-03-2025 05:45:30 AM [] []
[2025-03-11 05:50:30] SlimMonoLogger.INFO: Cron ran at: 11-03-2025 05:50:30 AM [] []
[2025-03-11 05:55:31] SlimMonoLogger.INFO: Cron ran at: 11-03-2025 05:55:31 AM [] []
[2025-03-11 06:00:32] SlimMonoLogger.INFO: Cron ran at: 11-03-2025 06:00:32 AM [] []
[2025-03-11 06:05:33] SlimMonoLogger.INFO: Cron ran at: 11-03-2025 06:05:33 AM [] []
[2025-03-11 06:10:30] SlimMonoLogger.INFO: Cron ran at: 11-03-2025 06:10:30 AM [] []
[2025-03-11 06:15:30] SlimMonoLogger.INFO: Cron ran at: 11-03-2025 06:15:30 AM [] []
[2025-03-11 06:20:47] SlimMonoLogger.INFO: Cron ran at: 11-03-2025 06:20:47 AM [] []
[2025-03-11 06:25:39] SlimMonoLogger.INFO: Cron ran at: 11-03-2025 06:25:39 AM [] []
[2025-03-11 06:30:45] SlimMonoLogger.INFO: Cron ran at: 11-03-2025 06:30:45 AM [] []
[2025-03-11 06:35:37] SlimMonoLogger.INFO: Cron ran at: 11-03-2025 06:35:37 AM [] []
[2025-03-11 06:40:35] SlimMonoLogger.INFO: Cron ran at: 11-03-2025 06:40:35 AM [] []
[2025-03-11 06:45:39] SlimMonoLogger.INFO: Cron ran at: 11-03-2025 06:45:39 AM [] []
[2025-03-11 06:50:42] SlimMonoLogger.INFO: Cron ran at: 11-03-2025 06:50:42 AM [] []
[2025-03-11 06:55:35] SlimMonoLogger.INFO: Cron ran at: 11-03-2025 06:55:35 AM [] []
[2025-03-11 07:00:45] SlimMonoLogger.INFO: Cron ran at: 11-03-2025 07:00:45 AM [] []
[2025-03-11 07:05:30] SlimMonoLogger.INFO: Cron ran at: 11-03-2025 07:05:30 AM [] []
[2025-03-11 07:10:36] SlimMonoLogger.INFO: Cron ran at: 11-03-2025 07:10:36 AM [] []
[2025-03-11 07:15:34] SlimMonoLogger.INFO: Cron ran at: 11-03-2025 07:15:34 AM [] []
[2025-03-11 07:20:31] SlimMonoLogger.INFO: Cron ran at: 11-03-2025 07:20:31 AM [] []
[2025-03-11 07:25:37] SlimMonoLogger.INFO: Cron ran at: 11-03-2025 07:25:37 AM [] []
[2025-03-11 07:30:40] SlimMonoLogger.INFO: Cron ran at: 11-03-2025 07:30:40 AM [] []
[2025-03-11 07:35:50] SlimMonoLogger.INFO: Cron ran at: 11-03-2025 07:35:50 AM [] []
[2025-03-11 07:40:34] SlimMonoLogger.INFO: Cron ran at: 11-03-2025 07:40:34 AM [] []
[2025-03-11 07:45:38] SlimMonoLogger.INFO: Cron ran at: 11-03-2025 07:45:38 AM [] []
[2025-03-11 07:55:33] SlimMonoLogger.INFO: Cron ran at: 11-03-2025 07:55:33 AM [] []
[2025-03-11 08:00:36] SlimMonoLogger.INFO: Cron ran at: 11-03-2025 08:00:36 AM [] []
[2025-03-11 08:05:34] SlimMonoLogger.INFO: Cron ran at: 11-03-2025 08:05:34 AM [] []
[2025-03-11 08:10:28] SlimMonoLogger.INFO: Cron ran at: 11-03-2025 08:10:28 AM [] []
[2025-03-11 08:15:29] SlimMonoLogger.INFO: Cron ran at: 11-03-2025 08:15:29 AM [] []
[2025-03-11 08:20:42] SlimMonoLogger.INFO: Cron ran at: 11-03-2025 08:20:42 AM [] []
[2025-03-11 08:25:42] SlimMonoLogger.INFO: Cron ran at: 11-03-2025 08:25:42 AM [] []
[2025-03-11 08:30:36] SlimMonoLogger.INFO: Cron ran at: 11-03-2025 08:30:36 AM [] []
[2025-03-11 08:35:25] SlimMonoLogger.INFO: Cron ran at: 11-03-2025 08:35:25 AM [] []
[2025-03-11 08:40:35] SlimMonoLogger.INFO: Cron ran at: 11-03-2025 08:40:35 AM [] []
[2025-03-11 08:45:35] SlimMonoLogger.INFO: Cron ran at: 11-03-2025 08:45:35 AM [] []
[2025-03-11 08:50:26] SlimMonoLogger.INFO: Cron ran at: 11-03-2025 08:50:26 AM [] []
[2025-03-11 08:55:29] SlimMonoLogger.INFO: Cron ran at: 11-03-2025 08:55:29 AM [] []
[2025-03-11 09:05:37] SlimMonoLogger.INFO: Cron ran at: 11-03-2025 09:05:37 AM [] []
[2025-03-11 09:10:28] SlimMonoLogger.INFO: Cron ran at: 11-03-2025 09:10:28 AM [] []
[2025-03-11 09:15:27] SlimMonoLogger.INFO: Cron ran at: 11-03-2025 09:15:27 AM [] []
[2025-03-11 09:20:31] SlimMonoLogger.INFO: Cron ran at: 11-03-2025 09:20:31 AM [] []
[2025-03-11 09:25:33] SlimMonoLogger.ERROR: PDOException: SQLSTATE[HY000]: General error: 2006 Server has gone away in /home/latihtal/public_html/agregator1/src/framework/PDO/Statement/StatementContainer.php:518
Stack trace:
#0 /home/latihtal/public_html/agregator1/src/framework/PDO/Statement/StatementContainer.php(518): PDO->prepare()
#1 /home/latihtal/public_html/agregator1/src/framework/PDO/Statement/StatementContainer.php(428): Slim\PDO\Statement\StatementContainer->getStatement()
#2 /home/latihtal/public_html/agregator1/src/framework/PDO/Statement/SelectStatement.php(411): Slim\PDO\Statement\StatementContainer->execute()
#3 /home/latihtal/public_html/agregator1/src/models/Model.php(212): Slim\PDO\Statement\SelectStatement->execute()
#4 /home/latihtal/public_html/agregator1/src/controllers/Dashboard/DashboardFeedsController.php(546): spark\models\Model->countRows()
#5 /home/latihtal/public_html/agregator1/src/controllers/Site/SiteController.php(722): spark\controllers\Dashboard\DashboardFeedsController::importFeedPosts()
#6 [internal function]: spark\controllers\Site\SiteController->runTasks()
#7 /home/latihtal/public_html/agregator1/src/framework/Route.php(173): call_user_func_array()
#8 [internal function]: Slim\Route->Slim\{closure}()
#9 /home/latihtal/public_html/agregator1/src/framework/Route.php(468): call_user_func_array()
#10 /home/latihtal/public_html/agregator1/src/framework/Slim.php(1364): Slim\Route->dispatch()
#11 /home/latihtal/public_html/agregator1/src/framework/Middleware/Flash.php(85): Slim\Slim->call()
#12 /home/latihtal/public_html/agregator1/src/framework/Middleware/MethodOverride.php(92): Slim\Middleware\Flash->call()
#13 /home/latihtal/public_html/agregator1/src/middlewares/CsrfGuard/CsrfGuard.php(47): Slim\Middleware\MethodOverride->call()
#14 /home/latihtal/public_html/agregator1/src/framework/Middleware/PrettyExceptions.php(67): spark\middlewares\CsrfGuard\CsrfGuard->call()
#15 /home/latihtal/public_html/agregator1/src/framework/Slim.php(1308): Slim\Middleware\PrettyExceptions->call()
#16 /home/latihtal/public_html/agregator1/index.php(6): Slim\Slim->run()
#17 {main} [] []
[2025-03-11 09:30:40] SlimMonoLogger.INFO: Cron ran at: 11-03-2025 09:30:40 AM [] []
[2025-03-11 09:35:28] SlimMonoLogger.INFO: Cron ran at: 11-03-2025 09:35:28 AM [] []
[2025-03-11 09:40:33] SlimMonoLogger.INFO: Cron ran at: 11-03-2025 09:40:33 AM [] []
[2025-03-11 09:45:28] SlimMonoLogger.INFO: Cron ran at: 11-03-2025 09:45:28 AM [] []
[2025-03-11 09:50:35] SlimMonoLogger.INFO: Cron ran at: 11-03-2025 09:50:35 AM [] []
[2025-03-11 09:55:32] SlimMonoLogger.INFO: Cron ran at: 11-03-2025 09:55:32 AM [] []
[2025-03-11 10:00:29] SlimMonoLogger.INFO: Cron ran at: 11-03-2025 10:00:29 AM [] []
[2025-03-11 10:05:28] SlimMonoLogger.INFO: Cron ran at: 11-03-2025 10:05:28 AM [] []
[2025-03-11 10:10:31] SlimMonoLogger.INFO: Cron ran at: 11-03-2025 10:10:31 AM [] []
[2025-03-11 10:15:39] SlimMonoLogger.INFO: Cron ran at: 11-03-2025 10:15:39 AM [] []
[2025-03-11 10:20:32] SlimMonoLogger.INFO: Cron ran at: 11-03-2025 10:20:32 AM [] []
[2025-03-11 10:25:29] SlimMonoLogger.INFO: Cron ran at: 11-03-2025 10:25:29 AM [] []
[2025-03-11 10:30:33] SlimMonoLogger.INFO: Cron ran at: 11-03-2025 10:30:33 AM [] []
[2025-03-11 10:35:24] SlimMonoLogger.INFO: Cron ran at: 11-03-2025 10:35:24 AM [] []
[2025-03-11 10:40:28] SlimMonoLogger.INFO: Cron ran at: 11-03-2025 10:40:28 AM [] []
[2025-03-11 10:45:24] SlimMonoLogger.INFO: Cron ran at: 11-03-2025 10:45:24 AM [] []
[2025-03-11 10:50:27] SlimMonoLogger.INFO: Cron ran at: 11-03-2025 10:50:27 AM [] []
[2025-03-11 10:55:30] SlimMonoLogger.INFO: Cron ran at: 11-03-2025 10:55:30 AM [] []
[2025-03-11 11:00:36] SlimMonoLogger.INFO: Cron ran at: 11-03-2025 11:00:36 AM [] []
[2025-03-11 11:05:33] SlimMonoLogger.INFO: Cron ran at: 11-03-2025 11:05:33 AM [] []
[2025-03-11 11:10:31] SlimMonoLogger.INFO: Cron ran at: 11-03-2025 11:10:31 AM [] []
[2025-03-11 11:15:30] SlimMonoLogger.INFO: Cron ran at: 11-03-2025 11:15:30 AM [] []
[2025-03-11 11:20:27] SlimMonoLogger.INFO: Cron ran at: 11-03-2025 11:20:27 AM [] []
[2025-03-11 11:25:29] SlimMonoLogger.INFO: Cron ran at: 11-03-2025 11:25:29 AM [] []
[2025-03-11 11:30:35] SlimMonoLogger.INFO: Cron ran at: 11-03-2025 11:30:35 AM [] []
[2025-03-11 11:35:26] SlimMonoLogger.INFO: Cron ran at: 11-03-2025 11:35:26 AM [] []
[2025-03-11 11:40:22] SlimMonoLogger.INFO: Cron ran at: 11-03-2025 11:40:22 AM [] []
[2025-03-11 11:45:29] SlimMonoLogger.INFO: Cron ran at: 11-03-2025 11:45:29 AM [] []
[2025-03-11 11:50:26] SlimMonoLogger.INFO: Cron ran at: 11-03-2025 11:50:26 AM [] []
[2025-03-11 11:55:28] SlimMonoLogger.INFO: Cron ran at: 11-03-2025 11:55:28 AM [] []
[2025-03-11 12:00:29] SlimMonoLogger.INFO: Cron ran at: 11-03-2025 12:00:29 PM [] []
[2025-03-11 12:05:25] SlimMonoLogger.INFO: Cron ran at: 11-03-2025 12:05:25 PM [] []
[2025-03-11 12:10:28] SlimMonoLogger.INFO: Cron ran at: 11-03-2025 12:10:28 PM [] []
[2025-03-11 12:15:26] SlimMonoLogger.INFO: Cron ran at: 11-03-2025 12:15:26 PM [] []
[2025-03-11 12:20:38] SlimMonoLogger.INFO: Cron ran at: 11-03-2025 12:20:38 PM [] []
[2025-03-11 12:25:28] SlimMonoLogger.INFO: Cron ran at: 11-03-2025 12:25:28 PM [] []
[2025-03-11 12:30:35] SlimMonoLogger.INFO: Cron ran at: 11-03-2025 12:30:35 PM [] []
[2025-03-11 12:35:31] SlimMonoLogger.INFO: Cron ran at: 11-03-2025 12:35:31 PM [] []
[2025-03-11 12:40:26] SlimMonoLogger.INFO: Cron ran at: 11-03-2025 12:40:26 PM [] []
[2025-03-11 12:45:30] SlimMonoLogger.INFO: Cron ran at: 11-03-2025 12:45:30 PM [] []
[2025-03-11 12:50:28] SlimMonoLogger.INFO: Cron ran at: 11-03-2025 12:50:28 PM [] []
[2025-03-11 12:55:30] SlimMonoLogger.INFO: Cron ran at: 11-03-2025 12:55:30 PM [] []
[2025-03-11 13:00:27] SlimMonoLogger.INFO: Cron ran at: 11-03-2025 01:00:27 PM [] []
[2025-03-11 13:05:30] SlimMonoLogger.INFO: Cron ran at: 11-03-2025 01:05:30 PM [] []
[2025-03-11 13:10:29] SlimMonoLogger.INFO: Cron ran at: 11-03-2025 01:10:29 PM [] []
[2025-03-11 13:15:28] SlimMonoLogger.INFO: Cron ran at: 11-03-2025 01:15:28 PM [] []
[2025-03-11 13:20:24] SlimMonoLogger.INFO: Cron ran at: 11-03-2025 01:20:24 PM [] []
[2025-03-11 13:25:24] SlimMonoLogger.INFO: Cron ran at: 11-03-2025 01:25:24 PM [] []
[2025-03-11 13:30:34] SlimMonoLogger.INFO: Cron ran at: 11-03-2025 01:30:34 PM [] []
[2025-03-11 13:35:28] SlimMonoLogger.INFO: Cron ran at: 11-03-2025 01:35:28 PM [] []
[2025-03-11 13:40:36] SlimMonoLogger.INFO: Cron ran at: 11-03-2025 01:40:36 PM [] []
[2025-03-11 13:45:35] SlimMonoLogger.INFO: Cron ran at: 11-03-2025 01:45:35 PM [] []
[2025-03-11 13:50:34] SlimMonoLogger.INFO: Cron ran at: 11-03-2025 01:50:34 PM [] []
[2025-03-11 13:55:27] SlimMonoLogger.INFO: Cron ran at: 11-03-2025 01:55:27 PM [] []
[2025-03-11 14:00:27] SlimMonoLogger.INFO: Cron ran at: 11-03-2025 02:00:27 PM [] []
[2025-03-11 14:05:47] SlimMonoLogger.INFO: Cron ran at: 11-03-2025 02:05:47 PM [] []
[2025-03-11 14:10:49] SlimMonoLogger.INFO: Cron ran at: 11-03-2025 02:10:49 PM [] []
[2025-03-11 14:15:31] SlimMonoLogger.INFO: Cron ran at: 11-03-2025 02:15:31 PM [] []
[2025-03-11 14:20:35] SlimMonoLogger.INFO: Cron ran at: 11-03-2025 02:20:35 PM [] []
[2025-03-11 14:25:27] SlimMonoLogger.INFO: Cron ran at: 11-03-2025 02:25:27 PM [] []
[2025-03-11 14:30:26] SlimMonoLogger.INFO: Cron ran at: 11-03-2025 02:30:26 PM [] []
[2025-03-11 14:35:25] SlimMonoLogger.INFO: Cron ran at: 11-03-2025 02:35:25 PM [] []
[2025-03-11 14:40:28] SlimMonoLogger.INFO: Cron ran at: 11-03-2025 02:40:28 PM [] []
[2025-03-11 14:45:30] SlimMonoLogger.INFO: Cron ran at: 11-03-2025 02:45:30 PM [] []
[2025-03-11 14:50:31] SlimMonoLogger.INFO: Cron ran at: 11-03-2025 02:50:31 PM [] []
[2025-03-11 14:55:24] SlimMonoLogger.INFO: Cron ran at: 11-03-2025 02:55:24 PM [] []
[2025-03-11 15:00:32] SlimMonoLogger.INFO: Cron ran at: 11-03-2025 03:00:32 PM [] []
[2025-03-11 15:05:25] SlimMonoLogger.INFO: Cron ran at: 11-03-2025 03:05:25 PM [] []
[2025-03-11 15:10:26] SlimMonoLogger.INFO: Cron ran at: 11-03-2025 03:10:26 PM [] []
[2025-03-11 15:15:29] SlimMonoLogger.INFO: Cron ran at: 11-03-2025 03:15:29 PM [] []
[2025-03-11 15:20:27] SlimMonoLogger.INFO: Cron ran at: 11-03-2025 03:20:27 PM [] []
[2025-03-11 15:25:57] SlimMonoLogger.INFO: Cron ran at: 11-03-2025 03:25:57 PM [] []
[2025-03-11 15:30:31] SlimMonoLogger.INFO: Cron ran at: 11-03-2025 03:30:31 PM [] []
[2025-03-11 15:35:27] SlimMonoLogger.INFO: Cron ran at: 11-03-2025 03:35:27 PM [] []
[2025-03-11 15:40:35] SlimMonoLogger.INFO: Cron ran at: 11-03-2025 03:40:35 PM [] []
[2025-03-11 15:45:25] SlimMonoLogger.INFO: Cron ran at: 11-03-2025 03:45:25 PM [] []
[2025-03-11 15:50:33] SlimMonoLogger.INFO: Cron ran at: 11-03-2025 03:50:33 PM [] []
[2025-03-11 15:55:26] SlimMonoLogger.INFO: Cron ran at: 11-03-2025 03:55:26 PM [] []
[2025-03-11 16:00:40] SlimMonoLogger.INFO: Cron ran at: 11-03-2025 04:00:40 PM [] []
[2025-03-11 16:05:33] SlimMonoLogger.INFO: Cron ran at: 11-03-2025 04:05:33 PM [] []
[2025-03-11 16:10:33] SlimMonoLogger.INFO: Cron ran at: 11-03-2025 04:10:33 PM [] []
[2025-03-11 16:15:27] SlimMonoLogger.INFO: Cron ran at: 11-03-2025 04:15:27 PM [] []
[2025-03-11 16:20:30] SlimMonoLogger.INFO: Cron ran at: 11-03-2025 04:20:30 PM [] []
[2025-03-11 16:25:32] SlimMonoLogger.INFO: Cron ran at: 11-03-2025 04:25:32 PM [] []
[2025-03-11 16:30:30] SlimMonoLogger.INFO: Cron ran at: 11-03-2025 04:30:30 PM [] []
[2025-03-11 16:35:29] SlimMonoLogger.INFO: Cron ran at: 11-03-2025 04:35:29 PM [] []
[2025-03-11 16:40:27] SlimMonoLogger.INFO: Cron ran at: 11-03-2025 04:40:27 PM [] []
[2025-03-11 16:45:30] SlimMonoLogger.INFO: Cron ran at: 11-03-2025 04:45:30 PM [] []
[2025-03-11 16:50:29] SlimMonoLogger.INFO: Cron ran at: 11-03-2025 04:50:29 PM [] []
[2025-03-11 16:55:28] SlimMonoLogger.INFO: Cron ran at: 11-03-2025 04:55:28 PM [] []
[2025-03-11 17:00:40] SlimMonoLogger.INFO: Cron ran at: 11-03-2025 05:00:40 PM [] []
[2025-03-11 17:05:31] SlimMonoLogger.INFO: Cron ran at: 11-03-2025 05:05:31 PM [] []
[2025-03-11 17:10:30] SlimMonoLogger.INFO: Cron ran at: 11-03-2025 05:10:30 PM [] []
[2025-03-11 17:15:24] SlimMonoLogger.INFO: Cron ran at: 11-03-2025 05:15:24 PM [] []
[2025-03-11 17:20:33] SlimMonoLogger.INFO: Cron ran at: 11-03-2025 05:20:33 PM [] []
[2025-03-11 17:25:26] SlimMonoLogger.INFO: Cron ran at: 11-03-2025 05:25:26 PM [] []
[2025-03-11 17:30:32] SlimMonoLogger.INFO: Cron ran at: 11-03-2025 05:30:32 PM [] []
[2025-03-11 17:35:29] SlimMonoLogger.INFO: Cron ran at: 11-03-2025 05:35:29 PM [] []
[2025-03-11 17:40:34] SlimMonoLogger.INFO: Cron ran at: 11-03-2025 05:40:34 PM [] []
[2025-03-11 17:45:28] SlimMonoLogger.INFO: Cron ran at: 11-03-2025 05:45:28 PM [] []
[2025-03-11 17:50:32] SlimMonoLogger.INFO: Cron ran at: 11-03-2025 05:50:32 PM [] []
[2025-03-11 17:55:43] SlimMonoLogger.INFO: Cron ran at: 11-03-2025 05:55:43 PM [] []
[2025-03-11 18:00:42] SlimMonoLogger.INFO: Cron ran at: 11-03-2025 06:00:42 PM [] []
[2025-03-11 18:05:31] SlimMonoLogger.INFO: Cron ran at: 11-03-2025 06:05:31 PM [] []
[2025-03-11 18:10:26] SlimMonoLogger.INFO: Cron ran at: 11-03-2025 06:10:26 PM [] []
[2025-03-11 18:15:27] SlimMonoLogger.INFO: Cron ran at: 11-03-2025 06:15:27 PM [] []
[2025-03-11 18:20:36] SlimMonoLogger.INFO: Cron ran at: 11-03-2025 06:20:36 PM [] []
[2025-03-11 18:25:37] SlimMonoLogger.INFO: Cron ran at: 11-03-2025 06:25:37 PM [] []
[2025-03-11 18:30:36] SlimMonoLogger.INFO: Cron ran at: 11-03-2025 06:30:36 PM [] []
[2025-03-11 18:35:31] SlimMonoLogger.INFO: Cron ran at: 11-03-2025 06:35:31 PM [] []
[2025-03-11 18:40:32] SlimMonoLogger.INFO: Cron ran at: 11-03-2025 06:40:32 PM [] []
[2025-03-11 18:45:28] SlimMonoLogger.INFO: Cron ran at: 11-03-2025 06:45:28 PM [] []
[2025-03-11 18:50:32] SlimMonoLogger.INFO: Cron ran at: 11-03-2025 06:50:32 PM [] []
[2025-03-11 18:55:32] SlimMonoLogger.INFO: Cron ran at: 11-03-2025 06:55:32 PM [] []
[2025-03-11 19:00:34] SlimMonoLogger.INFO: Cron ran at: 11-03-2025 07:00:34 PM [] []
[2025-03-11 19:05:28] SlimMonoLogger.INFO: Cron ran at: 11-03-2025 07:05:28 PM [] []
[2025-03-11 19:10:36] SlimMonoLogger.INFO: Cron ran at: 11-03-2025 07:10:36 PM [] []
[2025-03-11 19:15:29] SlimMonoLogger.INFO: Cron ran at: 11-03-2025 07:15:29 PM [] []
[2025-03-11 19:20:24] SlimMonoLogger.INFO: Cron ran at: 11-03-2025 07:20:24 PM [] []
[2025-03-11 19:25:31] SlimMonoLogger.INFO: Cron ran at: 11-03-2025 07:25:31 PM [] []
[2025-03-11 19:30:35] SlimMonoLogger.INFO: Cron ran at: 11-03-2025 07:30:35 PM [] []
[2025-03-11 19:35:31] SlimMonoLogger.INFO: Cron ran at: 11-03-2025 07:35:31 PM [] []
[2025-03-11 19:40:30] SlimMonoLogger.INFO: Cron ran at: 11-03-2025 07:40:30 PM [] []
[2025-03-11 19:45:44] SlimMonoLogger.INFO: Cron ran at: 11-03-2025 07:45:44 PM [] []
[2025-03-11 19:50:31] SlimMonoLogger.INFO: Cron ran at: 11-03-2025 07:50:31 PM [] []
[2025-03-11 19:55:31] SlimMonoLogger.INFO: Cron ran at: 11-03-2025 07:55:31 PM [] []
[2025-03-11 20:00:37] SlimMonoLogger.INFO: Cron ran at: 11-03-2025 08:00:37 PM [] []
[2025-03-11 20:05:34] SlimMonoLogger.INFO: Cron ran at: 11-03-2025 08:05:34 PM [] []
[2025-03-11 20:10:33] SlimMonoLogger.INFO: Cron ran at: 11-03-2025 08:10:33 PM [] []
[2025-03-11 20:15:32] SlimMonoLogger.INFO: Cron ran at: 11-03-2025 08:15:32 PM [] []
[2025-03-11 20:20:36] SlimMonoLogger.INFO: Cron ran at: 11-03-2025 08:20:36 PM [] []
[2025-03-11 20:25:33] SlimMonoLogger.INFO: Cron ran at: 11-03-2025 08:25:33 PM [] []
[2025-03-11 20:30:31] SlimMonoLogger.INFO: Cron ran at: 11-03-2025 08:30:31 PM [] []
[2025-03-11 20:35:33] SlimMonoLogger.INFO: Cron ran at: 11-03-2025 08:35:33 PM [] []
[2025-03-11 20:40:33] SlimMonoLogger.INFO: Cron ran at: 11-03-2025 08:40:33 PM [] []
[2025-03-11 20:45:34] SlimMonoLogger.INFO: Cron ran at: 11-03-2025 08:45:34 PM [] []
[2025-03-11 20:50:32] SlimMonoLogger.INFO: Cron ran at: 11-03-2025 08:50:32 PM [] []
[2025-03-11 20:55:31] SlimMonoLogger.INFO: Cron ran at: 11-03-2025 08:55:31 PM [] []
[2025-03-11 21:00:42] SlimMonoLogger.INFO: Cron ran at: 11-03-2025 09:00:42 PM [] []
[2025-03-11 21:05:33] SlimMonoLogger.INFO: Cron ran at: 11-03-2025 09:05:33 PM [] []
[2025-03-11 21:10:37] SlimMonoLogger.INFO: Cron ran at: 11-03-2025 09:10:37 PM [] []
[2025-03-11 21:15:33] SlimMonoLogger.INFO: Cron ran at: 11-03-2025 09:15:33 PM [] []
[2025-03-11 21:20:33] SlimMonoLogger.INFO: Cron ran at: 11-03-2025 09:20:33 PM [] []
[2025-03-11 21:25:37] SlimMonoLogger.INFO: Cron ran at: 11-03-2025 09:25:37 PM [] []
[2025-03-11 21:30:35] SlimMonoLogger.INFO: Cron ran at: 11-03-2025 09:30:35 PM [] []
[2025-03-11 21:35:42] SlimMonoLogger.INFO: Cron ran at: 11-03-2025 09:35:42 PM [] []
[2025-03-11 21:40:31] SlimMonoLogger.INFO: Cron ran at: 11-03-2025 09:40:31 PM [] []
[2025-03-11 21:45:35] SlimMonoLogger.INFO: Cron ran at: 11-03-2025 09:45:35 PM [] []
[2025-03-11 21:50:32] SlimMonoLogger.INFO: Cron ran at: 11-03-2025 09:50:32 PM [] []
[2025-03-11 21:55:32] SlimMonoLogger.INFO: Cron ran at: 11-03-2025 09:55:32 PM [] []
[2025-03-11 22:00:29] SlimMonoLogger.INFO: Cron ran at: 11-03-2025 10:00:29 PM [] []
[2025-03-11 22:05:34] SlimMonoLogger.INFO: Cron ran at: 11-03-2025 10:05:34 PM [] []
[2025-03-11 22:10:33] SlimMonoLogger.INFO: Cron ran at: 11-03-2025 10:10:33 PM [] []
[2025-03-11 22:15:28] SlimMonoLogger.INFO: Cron ran at: 11-03-2025 10:15:28 PM [] []
[2025-03-11 22:20:28] SlimMonoLogger.INFO: Cron ran at: 11-03-2025 10:20:28 PM [] []
[2025-03-11 22:25:25] SlimMonoLogger.INFO: Cron ran at: 11-03-2025 10:25:25 PM [] []
[2025-03-11 22:30:30] SlimMonoLogger.INFO: Cron ran at: 11-03-2025 10:30:30 PM [] []
[2025-03-11 22:35:25] SlimMonoLogger.INFO: Cron ran at: 11-03-2025 10:35:25 PM [] []
[2025-03-11 22:40:23] SlimMonoLogger.INFO: Cron ran at: 11-03-2025 10:40:23 PM [] []
[2025-03-11 22:45:28] SlimMonoLogger.INFO: Cron ran at: 11-03-2025 10:45:28 PM [] []
[2025-03-11 22:50:25] SlimMonoLogger.INFO: Cron ran at: 11-03-2025 10:50:25 PM [] []
[2025-03-11 22:55:35] SlimMonoLogger.INFO: Cron ran at: 11-03-2025 10:55:35 PM [] []
[2025-03-11 23:00:31] SlimMonoLogger.INFO: Cron ran at: 11-03-2025 11:00:31 PM [] []
[2025-03-11 23:05:25] SlimMonoLogger.INFO: Cron ran at: 11-03-2025 11:05:25 PM [] []
[2025-03-11 23:10:25] SlimMonoLogger.INFO: Cron ran at: 11-03-2025 11:10:25 PM [] []
[2025-03-11 23:15:22] SlimMonoLogger.INFO: Cron ran at: 11-03-2025 11:15:22 PM [] []
[2025-03-11 23:20:33] SlimMonoLogger.INFO: Cron ran at: 11-03-2025 11:20:33 PM [] []
[2025-03-11 23:25:26] SlimMonoLogger.INFO: Cron ran at: 11-03-2025 11:25:26 PM [] []
[2025-03-11 23:30:31] SlimMonoLogger.INFO: Cron ran at: 11-03-2025 11:30:31 PM [] []
[2025-03-11 23:35:28] SlimMonoLogger.INFO: Cron ran at: 11-03-2025 11:35:28 PM [] []
[2025-03-11 23:40:25] SlimMonoLogger.INFO: Cron ran at: 11-03-2025 11:40:25 PM [] []
[2025-03-11 23:45:27] SlimMonoLogger.INFO: Cron ran at: 11-03-2025 11:45:27 PM [] []
[2025-03-11 23:50:27] SlimMonoLogger.INFO: Cron ran at: 11-03-2025 11:50:27 PM [] []
[2025-03-11 23:55:27] SlimMonoLogger.INFO: Cron ran at: 11-03-2025 11:55:27 PM [] []
[2025-03-12 00:00:28] SlimMonoLogger.INFO: Cron ran at: 12-03-2025 12:00:28 AM [] []
[2025-03-12 00:05:29] SlimMonoLogger.INFO: Cron ran at: 12-03-2025 12:05:29 AM [] []
[2025-03-12 00:10:27] SlimMonoLogger.INFO: Cron ran at: 12-03-2025 12:10:27 AM [] []
[2025-03-12 00:15:23] SlimMonoLogger.INFO: Cron ran at: 12-03-2025 12:15:23 AM [] []
[2025-03-12 00:20:24] SlimMonoLogger.INFO: Cron ran at: 12-03-2025 12:20:24 AM [] []
[2025-03-12 00:25:22] SlimMonoLogger.INFO: Cron ran at: 12-03-2025 12:25:22 AM [] []
[2025-03-12 00:30:29] SlimMonoLogger.INFO: Cron ran at: 12-03-2025 12:30:29 AM [] []
[2025-03-12 00:35:26] SlimMonoLogger.INFO: Cron ran at: 12-03-2025 12:35:26 AM [] []
[2025-03-12 00:40:25] SlimMonoLogger.INFO: Cron ran at: 12-03-2025 12:40:25 AM [] []
[2025-03-12 00:45:24] SlimMonoLogger.INFO: Cron ran at: 12-03-2025 12:45:24 AM [] []
[2025-03-12 00:50:27] SlimMonoLogger.INFO: Cron ran at: 12-03-2025 12:50:27 AM [] []
[2025-03-12 00:55:26] SlimMonoLogger.INFO: Cron ran at: 12-03-2025 12:55:26 AM [] []
