[2026-03-11 01:01:38] SlimMonoLogger.INFO: Cron ran at: 11-03-2026 01:01:38 AM [] []
[2026-03-11 01:06:26] SlimMonoLogger.INFO: Cron ran at: 11-03-2026 01:06:26 AM [] []
[2026-03-11 01:11:32] SlimMonoLogger.INFO: Cron ran at: 11-03-2026 01:11:32 AM [] []
[2026-03-11 01:16:19] SlimMonoLogger.INFO: Cron ran at: 11-03-2026 01:16:19 AM [] []
[2026-03-11 01:21:21] SlimMonoLogger.INFO: Cron ran at: 11-03-2026 01:21:21 AM [] []
[2026-03-11 01:26:35] SlimMonoLogger.INFO: Cron ran at: 11-03-2026 01:26:35 AM [] []
[2026-03-11 01:31:19] SlimMonoLogger.INFO: Cron ran at: 11-03-2026 01:31:19 AM [] []
[2026-03-11 01:36:21] SlimMonoLogger.INFO: Cron ran at: 11-03-2026 01:36:21 AM [] []
[2026-03-11 01:41:24] SlimMonoLogger.INFO: Cron ran at: 11-03-2026 01:41:24 AM [] []
[2026-03-11 01:46:14] SlimMonoLogger.INFO: Cron ran at: 11-03-2026 01:46:14 AM [] []
[2026-03-11 01:51:27] SlimMonoLogger.INFO: Cron ran at: 11-03-2026 01:51:27 AM [] []
[2026-03-11 01:56:21] SlimMonoLogger.INFO: Cron ran at: 11-03-2026 01:56:21 AM [] []
[2026-03-11 02:01:23] SlimMonoLogger.INFO: Cron ran at: 11-03-2026 02:01:23 AM [] []
[2026-03-11 02:06:18] SlimMonoLogger.INFO: Cron ran at: 11-03-2026 02:06:18 AM [] []
[2026-03-11 02:11:22] SlimMonoLogger.INFO: Cron ran at: 11-03-2026 02:11:22 AM [] []
[2026-03-11 02:16:26] SlimMonoLogger.INFO: Cron ran at: 11-03-2026 02:16:26 AM [] []
[2026-03-11 02:21:24] SlimMonoLogger.INFO: Cron ran at: 11-03-2026 02:21:24 AM [] []
[2026-03-11 02:26:16] SlimMonoLogger.INFO: Cron ran at: 11-03-2026 02:26:16 AM [] []
[2026-03-11 02:31:23] SlimMonoLogger.INFO: Cron ran at: 11-03-2026 02:31:23 AM [] []
[2026-03-11 02:36:24] SlimMonoLogger.INFO: Cron ran at: 11-03-2026 02:36:24 AM [] []
[2026-03-11 02:41:26] SlimMonoLogger.INFO: Cron ran at: 11-03-2026 02:41:26 AM [] []
[2026-03-11 02:46:27] SlimMonoLogger.INFO: Cron ran at: 11-03-2026 02:46:27 AM [] []
[2026-03-11 02:51:20] SlimMonoLogger.INFO: Cron ran at: 11-03-2026 02:51:20 AM [] []
[2026-03-11 02:56:27] SlimMonoLogger.INFO: Cron ran at: 11-03-2026 02:56:27 AM [] []
[2026-03-11 03:01:41] SlimMonoLogger.INFO: Cron ran at: 11-03-2026 03:01:41 AM [] []
[2026-03-11 03:06:20] SlimMonoLogger.INFO: Cron ran at: 11-03-2026 03:06:20 AM [] []
[2026-03-11 03:11:23] SlimMonoLogger.INFO: Cron ran at: 11-03-2026 03:11:23 AM [] []
[2026-03-11 03:16:30] SlimMonoLogger.INFO: Cron ran at: 11-03-2026 03:16:30 AM [] []
[2026-03-11 03:21:25] SlimMonoLogger.INFO: Cron ran at: 11-03-2026 03:21:25 AM [] []
[2026-03-11 03:26:23] SlimMonoLogger.INFO: Cron ran at: 11-03-2026 03:26:23 AM [] []
[2026-03-11 03:31:16] SlimMonoLogger.INFO: Cron ran at: 11-03-2026 03:31:16 AM [] []
[2026-03-11 03:36:21] SlimMonoLogger.INFO: Cron ran at: 11-03-2026 03:36:21 AM [] []
[2026-03-11 03:41:46] SlimMonoLogger.INFO: Cron ran at: 11-03-2026 03:41:46 AM [] []
[2026-03-11 03:49:07] SlimMonoLogger.INFO: Cron ran at: 11-03-2026 03:49:07 AM [] []
[2026-03-11 03:56:28] SlimMonoLogger.INFO: Cron ran at: 11-03-2026 03:56:28 AM [] []
[2026-03-11 04:00:23] SlimMonoLogger.ERROR: Requests_Exception: cURL error 28: Connection timed out after 500002 milliseconds in /home/latihtal/public_html/agregator1/src/vendor/rmccue/requests/library/Requests/Transport/cURL.php:422
Stack trace:
#0 /home/latihtal/public_html/agregator1/src/vendor/rmccue/requests/library/Requests/Transport/cURL.php(177): Requests_Transport_cURL->process_response()
#1 /home/latihtal/public_html/agregator1/src/vendor/rmccue/requests/library/Requests.php(379): Requests_Transport_cURL->request()
#2 /home/latihtal/public_html/agregator1/src/vendor/rmccue/requests/library/Requests/Session.php(205): Requests::request()
#3 /home/latihtal/public_html/agregator1/src/vendor/rmccue/requests/library/Requests/Session.php(132): Requests_Session->request()
#4 /home/latihtal/public_html/agregator1/src/drivers/Http/RssImporter.php(144): Requests_Session->get()
#5 /home/latihtal/public_html/agregator1/src/controllers/Dashboard/DashboardFeedsController.php(534): spark\drivers\Http\RssImporter->fetchPosts()
#6 /home/latihtal/public_html/agregator1/src/controllers/Site/SiteController.php(722): spark\controllers\Dashboard\DashboardFeedsController::importFeedPosts()
#7 [internal function]: spark\controllers\Site\SiteController->runTasks()
#8 /home/latihtal/public_html/agregator1/src/framework/Route.php(173): call_user_func_array()
#9 [internal function]: Slim\Route->Slim\{closure}()
#10 /home/latihtal/public_html/agregator1/src/framework/Route.php(468): call_user_func_array()
#11 /home/latihtal/public_html/agregator1/src/framework/Slim.php(1364): Slim\Route->dispatch()
#12 /home/latihtal/public_html/agregator1/src/framework/Middleware/Flash.php(85): Slim\Slim->call()
#13 /home/latihtal/public_html/agregator1/src/framework/Middleware/MethodOverride.php(92): Slim\Middleware\Flash->call()
#14 /home/latihtal/public_html/agregator1/src/middlewares/CsrfGuard/CsrfGuard.php(47): Slim\Middleware\MethodOverride->call()
#15 /home/latihtal/public_html/agregator1/src/framework/Middleware/PrettyExceptions.php(67): spark\middlewares\CsrfGuard\CsrfGuard->call()
#16 /home/latihtal/public_html/agregator1/src/framework/Slim.php(1308): Slim\Middleware\PrettyExceptions->call()
#17 /home/latihtal/public_html/agregator1/index.php(6): Slim\Slim->run()
#18 {main} [] []
[2026-03-11 04:01:01] SlimMonoLogger.INFO: Cron ran at: 11-03-2026 04:01:01 AM [] []
[2026-03-11 04:01:32] SlimMonoLogger.INFO: Cron ran at: 11-03-2026 04:01:32 AM [] []
[2026-03-11 04:06:27] SlimMonoLogger.INFO: Cron ran at: 11-03-2026 04:06:27 AM [] []
[2026-03-11 04:11:20] SlimMonoLogger.INFO: Cron ran at: 11-03-2026 04:11:20 AM [] []
[2026-03-11 04:16:21] SlimMonoLogger.INFO: Cron ran at: 11-03-2026 04:16:21 AM [] []
[2026-03-11 04:21:22] SlimMonoLogger.INFO: Cron ran at: 11-03-2026 04:21:22 AM [] []
[2026-03-11 04:26:26] SlimMonoLogger.INFO: Cron ran at: 11-03-2026 04:26:26 AM [] []
[2026-03-11 04:31:28] SlimMonoLogger.INFO: Cron ran at: 11-03-2026 04:31:28 AM [] []
[2026-03-11 04:36:18] SlimMonoLogger.INFO: Cron ran at: 11-03-2026 04:36:18 AM [] []
[2026-03-11 04:41:20] SlimMonoLogger.INFO: Cron ran at: 11-03-2026 04:41:20 AM [] []
[2026-03-11 04:46:28] SlimMonoLogger.INFO: Cron ran at: 11-03-2026 04:46:28 AM [] []
[2026-03-11 04:51:23] SlimMonoLogger.INFO: Cron ran at: 11-03-2026 04:51:23 AM [] []
[2026-03-11 04:56:22] SlimMonoLogger.INFO: Cron ran at: 11-03-2026 04:56:22 AM [] []
[2026-03-11 05:01:26] SlimMonoLogger.INFO: Cron ran at: 11-03-2026 05:01:26 AM [] []
[2026-03-11 05:06:22] SlimMonoLogger.INFO: Cron ran at: 11-03-2026 05:06:22 AM [] []
[2026-03-11 05:11:25] SlimMonoLogger.INFO: Cron ran at: 11-03-2026 05:11:25 AM [] []
[2026-03-11 05:16:17] SlimMonoLogger.INFO: Cron ran at: 11-03-2026 05:16:17 AM [] []
[2026-03-11 05:21:15] SlimMonoLogger.INFO: Cron ran at: 11-03-2026 05:21:15 AM [] []
[2026-03-11 05:26:17] SlimMonoLogger.INFO: Cron ran at: 11-03-2026 05:26:17 AM [] []
[2026-03-11 05:31:13] SlimMonoLogger.INFO: Cron ran at: 11-03-2026 05:31:13 AM [] []
[2026-03-11 05:36:18] SlimMonoLogger.INFO: Cron ran at: 11-03-2026 05:36:18 AM [] []
[2026-03-11 05:41:10] SlimMonoLogger.INFO: Cron ran at: 11-03-2026 05:41:10 AM [] []
[2026-03-11 05:46:16] SlimMonoLogger.INFO: Cron ran at: 11-03-2026 05:46:16 AM [] []
[2026-03-11 05:51:07] SlimMonoLogger.INFO: Cron ran at: 11-03-2026 05:51:07 AM [] []
[2026-03-11 05:56:13] SlimMonoLogger.INFO: Cron ran at: 11-03-2026 05:56:13 AM [] []
[2026-03-11 06:01:23] SlimMonoLogger.INFO: Cron ran at: 11-03-2026 06:01:23 AM [] []
[2026-03-11 06:06:11] SlimMonoLogger.INFO: Cron ran at: 11-03-2026 06:06:11 AM [] []
[2026-03-11 06:11:21] SlimMonoLogger.INFO: Cron ran at: 11-03-2026 06:11:21 AM [] []
[2026-03-11 06:16:29] SlimMonoLogger.INFO: Cron ran at: 11-03-2026 06:16:29 AM [] []
[2026-03-11 06:21:21] SlimMonoLogger.INFO: Cron ran at: 11-03-2026 06:21:21 AM [] []
[2026-03-11 06:26:24] SlimMonoLogger.INFO: Cron ran at: 11-03-2026 06:26:24 AM [] []
[2026-03-11 06:31:25] SlimMonoLogger.INFO: Cron ran at: 11-03-2026 06:31:25 AM [] []
[2026-03-11 06:36:27] SlimMonoLogger.INFO: Cron ran at: 11-03-2026 06:36:27 AM [] []
[2026-03-11 06:41:20] SlimMonoLogger.INFO: Cron ran at: 11-03-2026 06:41:20 AM [] []
[2026-03-11 06:46:22] SlimMonoLogger.INFO: Cron ran at: 11-03-2026 06:46:22 AM [] []
[2026-03-11 06:51:13] SlimMonoLogger.INFO: Cron ran at: 11-03-2026 06:51:13 AM [] []
[2026-03-11 06:56:18] SlimMonoLogger.INFO: Cron ran at: 11-03-2026 06:56:18 AM [] []
[2026-03-11 07:01:22] SlimMonoLogger.INFO: Cron ran at: 11-03-2026 07:01:22 AM [] []
[2026-03-11 07:06:20] SlimMonoLogger.INFO: Cron ran at: 11-03-2026 07:06:20 AM [] []
[2026-03-11 07:11:20] SlimMonoLogger.INFO: Cron ran at: 11-03-2026 07:11:20 AM [] []
[2026-03-11 07:16:16] SlimMonoLogger.INFO: Cron ran at: 11-03-2026 07:16:16 AM [] []
[2026-03-11 07:21:18] SlimMonoLogger.INFO: Cron ran at: 11-03-2026 07:21:18 AM [] []
[2026-03-11 07:26:11] SlimMonoLogger.INFO: Cron ran at: 11-03-2026 07:26:11 AM [] []
[2026-03-11 07:31:19] SlimMonoLogger.ERROR: PDOException: SQLSTATE[HY000]: General error: 2006 Server has gone away in /home/latihtal/public_html/agregator1/src/framework/PDO/Statement/StatementContainer.php:518
Stack trace:
#0 /home/latihtal/public_html/agregator1/src/framework/PDO/Statement/StatementContainer.php(518): PDO->prepare()
#1 /home/latihtal/public_html/agregator1/src/framework/PDO/Statement/StatementContainer.php(428): Slim\PDO\Statement\StatementContainer->getStatement()
#2 /home/latihtal/public_html/agregator1/src/framework/PDO/Statement/SelectStatement.php(411): Slim\PDO\Statement\StatementContainer->execute()
#3 /home/latihtal/public_html/agregator1/src/models/Model.php(212): Slim\PDO\Statement\SelectStatement->execute()
#4 /home/latihtal/public_html/agregator1/src/controllers/Dashboard/DashboardFeedsController.php(546): spark\models\Model->countRows()
#5 /home/latihtal/public_html/agregator1/src/controllers/Site/SiteController.php(722): spark\controllers\Dashboard\DashboardFeedsController::importFeedPosts()
#6 [internal function]: spark\controllers\Site\SiteController->runTasks()
#7 /home/latihtal/public_html/agregator1/src/framework/Route.php(173): call_user_func_array()
#8 [internal function]: Slim\Route->Slim\{closure}()
#9 /home/latihtal/public_html/agregator1/src/framework/Route.php(468): call_user_func_array()
#10 /home/latihtal/public_html/agregator1/src/framework/Slim.php(1364): Slim\Route->dispatch()
#11 /home/latihtal/public_html/agregator1/src/framework/Middleware/Flash.php(85): Slim\Slim->call()
#12 /home/latihtal/public_html/agregator1/src/framework/Middleware/MethodOverride.php(92): Slim\Middleware\Flash->call()
#13 /home/latihtal/public_html/agregator1/src/middlewares/CsrfGuard/CsrfGuard.php(47): Slim\Middleware\MethodOverride->call()
#14 /home/latihtal/public_html/agregator1/src/framework/Middleware/PrettyExceptions.php(67): spark\middlewares\CsrfGuard\CsrfGuard->call()
#15 /home/latihtal/public_html/agregator1/src/framework/Slim.php(1308): Slim\Middleware\PrettyExceptions->call()
#16 /home/latihtal/public_html/agregator1/index.php(6): Slim\Slim->run()
#17 {main} [] []
[2026-03-11 07:36:28] SlimMonoLogger.INFO: Cron ran at: 11-03-2026 07:36:28 AM [] []
[2026-03-11 07:41:36] SlimMonoLogger.INFO: Cron ran at: 11-03-2026 07:41:36 AM [] []
[2026-03-11 07:46:12] SlimMonoLogger.INFO: Cron ran at: 11-03-2026 07:46:12 AM [] []
[2026-03-11 07:51:20] SlimMonoLogger.INFO: Cron ran at: 11-03-2026 07:51:20 AM [] []
[2026-03-11 07:56:13] SlimMonoLogger.INFO: Cron ran at: 11-03-2026 07:56:13 AM [] []
[2026-03-11 08:06:45] SlimMonoLogger.INFO: Cron ran at: 11-03-2026 08:06:45 AM [] []
[2026-03-11 08:11:46] SlimMonoLogger.INFO: Cron ran at: 11-03-2026 08:11:46 AM [] []
[2026-03-11 08:16:39] SlimMonoLogger.INFO: Cron ran at: 11-03-2026 08:16:39 AM [] []
[2026-03-11 08:21:47] SlimMonoLogger.INFO: Cron ran at: 11-03-2026 08:21:47 AM [] []
[2026-03-11 08:26:40] SlimMonoLogger.INFO: Cron ran at: 11-03-2026 08:26:40 AM [] []
[2026-03-11 08:31:40] SlimMonoLogger.INFO: Cron ran at: 11-03-2026 08:31:40 AM [] []
[2026-03-11 08:36:34] SlimMonoLogger.INFO: Cron ran at: 11-03-2026 08:36:34 AM [] []
[2026-03-11 08:47:31] SlimMonoLogger.INFO: Cron ran at: 11-03-2026 08:47:31 AM [] []
[2026-03-11 08:51:38] SlimMonoLogger.INFO: Cron ran at: 11-03-2026 08:51:38 AM [] []
[2026-03-11 09:07:00] SlimMonoLogger.INFO: Cron ran at: 11-03-2026 09:07:00 AM [] []
[2026-03-11 09:11:43] SlimMonoLogger.INFO: Cron ran at: 11-03-2026 09:11:43 AM [] []
[2026-03-11 09:16:43] SlimMonoLogger.INFO: Cron ran at: 11-03-2026 09:16:43 AM [] []
[2026-03-11 09:21:39] SlimMonoLogger.INFO: Cron ran at: 11-03-2026 09:21:39 AM [] []
[2026-03-11 09:26:34] SlimMonoLogger.INFO: Cron ran at: 11-03-2026 09:26:34 AM [] []
[2026-03-11 09:31:34] SlimMonoLogger.INFO: Cron ran at: 11-03-2026 09:31:34 AM [] []
[2026-03-11 09:36:24] SlimMonoLogger.INFO: Cron ran at: 11-03-2026 09:36:24 AM [] []
[2026-03-11 09:41:27] SlimMonoLogger.INFO: Cron ran at: 11-03-2026 09:41:27 AM [] []
[2026-03-11 09:46:39] SlimMonoLogger.INFO: Cron ran at: 11-03-2026 09:46:39 AM [] []
[2026-03-11 09:51:43] SlimMonoLogger.INFO: Cron ran at: 11-03-2026 09:51:43 AM [] []
[2026-03-11 09:56:38] SlimMonoLogger.INFO: Cron ran at: 11-03-2026 09:56:38 AM [] []
[2026-03-11 10:01:44] SlimMonoLogger.INFO: Cron ran at: 11-03-2026 10:01:44 AM [] []
[2026-03-11 10:06:38] SlimMonoLogger.INFO: Cron ran at: 11-03-2026 10:06:38 AM [] []
[2026-03-11 10:11:39] SlimMonoLogger.INFO: Cron ran at: 11-03-2026 10:11:39 AM [] []
[2026-03-11 10:16:48] SlimMonoLogger.INFO: Cron ran at: 11-03-2026 10:16:48 AM [] []
[2026-03-11 10:21:40] SlimMonoLogger.INFO: Cron ran at: 11-03-2026 10:21:40 AM [] []
[2026-03-11 10:26:39] SlimMonoLogger.INFO: Cron ran at: 11-03-2026 10:26:39 AM [] []
[2026-03-11 10:31:46] SlimMonoLogger.INFO: Cron ran at: 11-03-2026 10:31:46 AM [] []
[2026-03-11 10:36:25] SlimMonoLogger.INFO: Cron ran at: 11-03-2026 10:36:25 AM [] []
[2026-03-11 10:41:30] SlimMonoLogger.INFO: Cron ran at: 11-03-2026 10:41:30 AM [] []
[2026-03-11 10:46:39] SlimMonoLogger.INFO: Cron ran at: 11-03-2026 10:46:39 AM [] []
[2026-03-11 10:51:40] SlimMonoLogger.INFO: Cron ran at: 11-03-2026 10:51:40 AM [] []
[2026-03-11 10:56:40] SlimMonoLogger.INFO: Cron ran at: 11-03-2026 10:56:40 AM [] []
[2026-03-11 11:01:38] SlimMonoLogger.INFO: Cron ran at: 11-03-2026 11:01:38 AM [] []
[2026-03-11 11:06:30] SlimMonoLogger.INFO: Cron ran at: 11-03-2026 11:06:30 AM [] []
[2026-03-11 11:11:32] SlimMonoLogger.INFO: Cron ran at: 11-03-2026 11:11:32 AM [] []
[2026-03-11 11:16:39] SlimMonoLogger.INFO: Cron ran at: 11-03-2026 11:16:39 AM [] []
[2026-03-11 11:21:50] SlimMonoLogger.INFO: Cron ran at: 11-03-2026 11:21:50 AM [] []
[2026-03-11 11:26:36] SlimMonoLogger.INFO: Cron ran at: 11-03-2026 11:26:36 AM [] []
[2026-03-11 11:31:35] SlimMonoLogger.INFO: Cron ran at: 11-03-2026 11:31:35 AM [] []
[2026-03-11 11:36:41] SlimMonoLogger.INFO: Cron ran at: 11-03-2026 11:36:41 AM [] []
[2026-03-11 11:41:38] SlimMonoLogger.INFO: Cron ran at: 11-03-2026 11:41:38 AM [] []
[2026-03-11 11:46:41] SlimMonoLogger.INFO: Cron ran at: 11-03-2026 11:46:41 AM [] []
[2026-03-11 11:51:42] SlimMonoLogger.INFO: Cron ran at: 11-03-2026 11:51:42 AM [] []
[2026-03-11 11:56:29] SlimMonoLogger.INFO: Cron ran at: 11-03-2026 11:56:29 AM [] []
[2026-03-11 12:01:59] SlimMonoLogger.INFO: Cron ran at: 11-03-2026 12:01:59 PM [] []
[2026-03-11 12:06:41] SlimMonoLogger.INFO: Cron ran at: 11-03-2026 12:06:41 PM [] []
[2026-03-11 12:11:33] SlimMonoLogger.INFO: Cron ran at: 11-03-2026 12:11:33 PM [] []
[2026-03-11 12:16:38] SlimMonoLogger.INFO: Cron ran at: 11-03-2026 12:16:38 PM [] []
[2026-03-11 12:21:58] SlimMonoLogger.INFO: Cron ran at: 11-03-2026 12:21:58 PM [] []
[2026-03-11 12:26:47] SlimMonoLogger.INFO: Cron ran at: 11-03-2026 12:26:47 PM [] []
[2026-03-11 12:31:56] SlimMonoLogger.INFO: Cron ran at: 11-03-2026 12:31:56 PM [] []
[2026-03-11 12:36:46] SlimMonoLogger.INFO: Cron ran at: 11-03-2026 12:36:46 PM [] []
[2026-03-11 12:41:44] SlimMonoLogger.INFO: Cron ran at: 11-03-2026 12:41:44 PM [] []
[2026-03-11 12:46:49] SlimMonoLogger.INFO: Cron ran at: 11-03-2026 12:46:49 PM [] []
[2026-03-11 12:51:47] SlimMonoLogger.INFO: Cron ran at: 11-03-2026 12:51:47 PM [] []
[2026-03-11 12:56:42] SlimMonoLogger.INFO: Cron ran at: 11-03-2026 12:56:42 PM [] []
[2026-03-11 13:01:43] SlimMonoLogger.INFO: Cron ran at: 11-03-2026 01:01:43 PM [] []
[2026-03-11 13:06:31] SlimMonoLogger.INFO: Cron ran at: 11-03-2026 01:06:31 PM [] []
[2026-03-11 13:11:38] SlimMonoLogger.INFO: Cron ran at: 11-03-2026 01:11:38 PM [] []
[2026-03-11 13:17:01] SlimMonoLogger.INFO: Cron ran at: 11-03-2026 01:17:01 PM [] []
[2026-03-11 13:21:32] SlimMonoLogger.INFO: Cron ran at: 11-03-2026 01:21:32 PM [] []
[2026-03-11 13:26:43] SlimMonoLogger.INFO: Cron ran at: 11-03-2026 01:26:43 PM [] []
[2026-03-11 13:31:31] SlimMonoLogger.INFO: Cron ran at: 11-03-2026 01:31:31 PM [] []
[2026-03-11 13:36:37] SlimMonoLogger.INFO: Cron ran at: 11-03-2026 01:36:37 PM [] []
[2026-03-11 13:41:39] SlimMonoLogger.INFO: Cron ran at: 11-03-2026 01:41:39 PM [] []
[2026-03-11 13:46:31] SlimMonoLogger.INFO: Cron ran at: 11-03-2026 01:46:31 PM [] []
[2026-03-11 13:51:32] SlimMonoLogger.INFO: Cron ran at: 11-03-2026 01:51:32 PM [] []
[2026-03-11 13:56:50] SlimMonoLogger.INFO: Cron ran at: 11-03-2026 01:56:50 PM [] []
[2026-03-11 14:01:49] SlimMonoLogger.INFO: Cron ran at: 11-03-2026 02:01:49 PM [] []
[2026-03-11 14:06:30] SlimMonoLogger.INFO: Cron ran at: 11-03-2026 02:06:30 PM [] []
[2026-03-11 14:11:35] SlimMonoLogger.INFO: Cron ran at: 11-03-2026 02:11:35 PM [] []
[2026-03-11 14:16:27] SlimMonoLogger.INFO: Cron ran at: 11-03-2026 02:16:27 PM [] []
[2026-03-11 14:21:36] SlimMonoLogger.INFO: Cron ran at: 11-03-2026 02:21:36 PM [] []
[2026-03-11 14:26:36] SlimMonoLogger.INFO: Cron ran at: 11-03-2026 02:26:36 PM [] []
[2026-03-11 14:31:33] SlimMonoLogger.INFO: Cron ran at: 11-03-2026 02:31:33 PM [] []
[2026-03-11 14:36:34] SlimMonoLogger.INFO: Cron ran at: 11-03-2026 02:36:34 PM [] []
[2026-03-11 14:41:27] SlimMonoLogger.INFO: Cron ran at: 11-03-2026 02:41:27 PM [] []
[2026-03-11 14:46:31] SlimMonoLogger.INFO: Cron ran at: 11-03-2026 02:46:31 PM [] []
[2026-03-11 14:51:49] SlimMonoLogger.INFO: Cron ran at: 11-03-2026 02:51:49 PM [] []
[2026-03-11 14:56:35] SlimMonoLogger.INFO: Cron ran at: 11-03-2026 02:56:35 PM [] []
[2026-03-11 15:01:54] SlimMonoLogger.INFO: Cron ran at: 11-03-2026 03:01:54 PM [] []
[2026-03-11 15:06:29] SlimMonoLogger.INFO: Cron ran at: 11-03-2026 03:06:29 PM [] []
[2026-03-11 15:11:40] SlimMonoLogger.INFO: Cron ran at: 11-03-2026 03:11:40 PM [] []
[2026-03-11 15:16:38] SlimMonoLogger.INFO: Cron ran at: 11-03-2026 03:16:38 PM [] []
[2026-03-11 15:21:33] SlimMonoLogger.INFO: Cron ran at: 11-03-2026 03:21:33 PM [] []
[2026-03-11 15:26:26] SlimMonoLogger.INFO: Cron ran at: 11-03-2026 03:26:26 PM [] []
[2026-03-11 15:31:25] SlimMonoLogger.INFO: Cron ran at: 11-03-2026 03:31:25 PM [] []
[2026-03-11 15:36:32] SlimMonoLogger.INFO: Cron ran at: 11-03-2026 03:36:32 PM [] []
[2026-03-11 15:41:30] SlimMonoLogger.INFO: Cron ran at: 11-03-2026 03:41:30 PM [] []
[2026-03-11 15:46:52] SlimMonoLogger.INFO: Cron ran at: 11-03-2026 03:46:52 PM [] []
[2026-03-11 15:51:33] SlimMonoLogger.INFO: Cron ran at: 11-03-2026 03:51:33 PM [] []
[2026-03-11 15:56:56] SlimMonoLogger.INFO: Cron ran at: 11-03-2026 03:56:56 PM [] []
[2026-03-11 16:01:43] SlimMonoLogger.INFO: Cron ran at: 11-03-2026 04:01:43 PM [] []
[2026-03-11 16:06:29] SlimMonoLogger.INFO: Cron ran at: 11-03-2026 04:06:29 PM [] []
[2026-03-11 16:11:37] SlimMonoLogger.INFO: Cron ran at: 11-03-2026 04:11:37 PM [] []
[2026-03-11 16:16:43] SlimMonoLogger.INFO: Cron ran at: 11-03-2026 04:16:43 PM [] []
[2026-03-11 16:21:22] SlimMonoLogger.INFO: Cron ran at: 11-03-2026 04:21:22 PM [] []
[2026-03-11 16:26:29] SlimMonoLogger.INFO: Cron ran at: 11-03-2026 04:26:29 PM [] []
[2026-03-11 16:31:27] SlimMonoLogger.INFO: Cron ran at: 11-03-2026 04:31:27 PM [] []
[2026-03-11 16:36:24] SlimMonoLogger.INFO: Cron ran at: 11-03-2026 04:36:24 PM [] []
[2026-03-11 16:41:26] SlimMonoLogger.INFO: Cron ran at: 11-03-2026 04:41:26 PM [] []
[2026-03-11 16:46:28] SlimMonoLogger.INFO: Cron ran at: 11-03-2026 04:46:28 PM [] []
[2026-03-11 16:51:31] SlimMonoLogger.INFO: Cron ran at: 11-03-2026 04:51:31 PM [] []
[2026-03-11 16:56:34] SlimMonoLogger.INFO: Cron ran at: 11-03-2026 04:56:34 PM [] []
[2026-03-11 17:01:41] SlimMonoLogger.INFO: Cron ran at: 11-03-2026 05:01:41 PM [] []
[2026-03-11 17:06:27] SlimMonoLogger.INFO: Cron ran at: 11-03-2026 05:06:27 PM [] []
[2026-03-11 17:11:22] SlimMonoLogger.INFO: Cron ran at: 11-03-2026 05:11:22 PM [] []
[2026-03-11 17:17:09] SlimMonoLogger.INFO: Cron ran at: 11-03-2026 05:17:09 PM [] []
[2026-03-11 17:22:05] SlimMonoLogger.INFO: Cron ran at: 11-03-2026 05:22:05 PM [] []
[2026-03-11 17:26:22] SlimMonoLogger.INFO: Cron ran at: 11-03-2026 05:26:22 PM [] []
[2026-03-11 17:31:57] SlimMonoLogger.INFO: Cron ran at: 11-03-2026 05:31:57 PM [] []
[2026-03-11 17:36:31] SlimMonoLogger.INFO: Cron ran at: 11-03-2026 05:36:31 PM [] []
[2026-03-11 17:41:39] SlimMonoLogger.INFO: Cron ran at: 11-03-2026 05:41:39 PM [] []
[2026-03-11 17:46:37] SlimMonoLogger.INFO: Cron ran at: 11-03-2026 05:46:37 PM [] []
[2026-03-11 17:51:33] SlimMonoLogger.INFO: Cron ran at: 11-03-2026 05:51:33 PM [] []
[2026-03-11 17:56:26] SlimMonoLogger.INFO: Cron ran at: 11-03-2026 05:56:26 PM [] []
[2026-03-11 18:01:45] SlimMonoLogger.INFO: Cron ran at: 11-03-2026 06:01:45 PM [] []
[2026-03-11 18:06:36] SlimMonoLogger.INFO: Cron ran at: 11-03-2026 06:06:36 PM [] []
[2026-03-11 18:11:20] SlimMonoLogger.INFO: Cron ran at: 11-03-2026 06:11:20 PM [] []
[2026-03-11 18:16:36] SlimMonoLogger.INFO: Cron ran at: 11-03-2026 06:16:36 PM [] []
[2026-03-11 18:21:46] SlimMonoLogger.INFO: Cron ran at: 11-03-2026 06:21:46 PM [] []
[2026-03-11 18:26:36] SlimMonoLogger.INFO: Cron ran at: 11-03-2026 06:26:36 PM [] []
[2026-03-11 18:31:43] SlimMonoLogger.INFO: Cron ran at: 11-03-2026 06:31:43 PM [] []
[2026-03-11 18:36:27] SlimMonoLogger.INFO: Cron ran at: 11-03-2026 06:36:27 PM [] []
[2026-03-11 18:41:44] SlimMonoLogger.INFO: Cron ran at: 11-03-2026 06:41:44 PM [] []
[2026-03-11 18:46:26] SlimMonoLogger.INFO: Cron ran at: 11-03-2026 06:46:26 PM [] []
[2026-03-11 18:51:29] SlimMonoLogger.INFO: Cron ran at: 11-03-2026 06:51:29 PM [] []
[2026-03-11 18:56:27] SlimMonoLogger.INFO: Cron ran at: 11-03-2026 06:56:27 PM [] []
[2026-03-11 19:01:39] SlimMonoLogger.INFO: Cron ran at: 11-03-2026 07:01:39 PM [] []
[2026-03-11 19:06:43] SlimMonoLogger.INFO: Cron ran at: 11-03-2026 07:06:43 PM [] []
[2026-03-11 19:11:28] SlimMonoLogger.INFO: Cron ran at: 11-03-2026 07:11:28 PM [] []
[2026-03-11 19:16:37] SlimMonoLogger.INFO: Cron ran at: 11-03-2026 07:16:37 PM [] []
[2026-03-11 19:21:20] SlimMonoLogger.INFO: Cron ran at: 11-03-2026 07:21:20 PM [] []
[2026-03-11 19:26:22] SlimMonoLogger.INFO: Cron ran at: 11-03-2026 07:26:22 PM [] []
[2026-03-11 19:31:35] SlimMonoLogger.INFO: Cron ran at: 11-03-2026 07:31:35 PM [] []
[2026-03-11 19:36:30] SlimMonoLogger.INFO: Cron ran at: 11-03-2026 07:36:30 PM [] []
[2026-03-11 19:41:30] SlimMonoLogger.INFO: Cron ran at: 11-03-2026 07:41:30 PM [] []
[2026-03-11 19:46:31] SlimMonoLogger.INFO: Cron ran at: 11-03-2026 07:46:31 PM [] []
[2026-03-11 19:51:26] SlimMonoLogger.INFO: Cron ran at: 11-03-2026 07:51:26 PM [] []
[2026-03-11 19:56:18] SlimMonoLogger.INFO: Cron ran at: 11-03-2026 07:56:18 PM [] []
[2026-03-11 20:01:41] SlimMonoLogger.INFO: Cron ran at: 11-03-2026 08:01:41 PM [] []
[2026-03-11 20:06:32] SlimMonoLogger.INFO: Cron ran at: 11-03-2026 08:06:32 PM [] []
[2026-03-11 20:11:29] SlimMonoLogger.INFO: Cron ran at: 11-03-2026 08:11:29 PM [] []
[2026-03-11 20:16:29] SlimMonoLogger.INFO: Cron ran at: 11-03-2026 08:16:29 PM [] []
[2026-03-11 20:21:48] SlimMonoLogger.INFO: Cron ran at: 11-03-2026 08:21:48 PM [] []
[2026-03-11 20:26:29] SlimMonoLogger.INFO: Cron ran at: 11-03-2026 08:26:29 PM [] []
[2026-03-11 20:31:31] SlimMonoLogger.INFO: Cron ran at: 11-03-2026 08:31:31 PM [] []
[2026-03-11 20:36:21] SlimMonoLogger.INFO: Cron ran at: 11-03-2026 08:36:21 PM [] []
[2026-03-11 20:41:27] SlimMonoLogger.INFO: Cron ran at: 11-03-2026 08:41:27 PM [] []
[2026-03-11 20:46:26] SlimMonoLogger.INFO: Cron ran at: 11-03-2026 08:46:26 PM [] []
[2026-03-11 20:51:27] SlimMonoLogger.INFO: Cron ran at: 11-03-2026 08:51:27 PM [] []
[2026-03-11 20:56:18] SlimMonoLogger.INFO: Cron ran at: 11-03-2026 08:56:18 PM [] []
[2026-03-11 21:01:44] SlimMonoLogger.INFO: Cron ran at: 11-03-2026 09:01:44 PM [] []
[2026-03-11 21:06:40] SlimMonoLogger.INFO: Cron ran at: 11-03-2026 09:06:40 PM [] []
[2026-03-11 21:11:39] SlimMonoLogger.INFO: Cron ran at: 11-03-2026 09:11:39 PM [] []
[2026-03-11 21:16:42] SlimMonoLogger.INFO: Cron ran at: 11-03-2026 09:16:42 PM [] []
[2026-03-11 21:22:02] SlimMonoLogger.INFO: Cron ran at: 11-03-2026 09:22:02 PM [] []
[2026-03-11 21:26:44] SlimMonoLogger.INFO: Cron ran at: 11-03-2026 09:26:44 PM [] []
[2026-03-11 21:31:27] SlimMonoLogger.INFO: Cron ran at: 11-03-2026 09:31:27 PM [] []
[2026-03-11 21:36:34] SlimMonoLogger.INFO: Cron ran at: 11-03-2026 09:36:34 PM [] []
[2026-03-11 21:41:31] SlimMonoLogger.INFO: Cron ran at: 11-03-2026 09:41:31 PM [] []
[2026-03-11 21:46:35] SlimMonoLogger.INFO: Cron ran at: 11-03-2026 09:46:35 PM [] []
[2026-03-11 21:51:30] SlimMonoLogger.INFO: Cron ran at: 11-03-2026 09:51:30 PM [] []
[2026-03-11 21:56:31] SlimMonoLogger.INFO: Cron ran at: 11-03-2026 09:56:31 PM [] []
[2026-03-11 22:01:40] SlimMonoLogger.INFO: Cron ran at: 11-03-2026 10:01:40 PM [] []
[2026-03-11 22:06:24] SlimMonoLogger.INFO: Cron ran at: 11-03-2026 10:06:24 PM [] []
[2026-03-11 22:11:32] SlimMonoLogger.INFO: Cron ran at: 11-03-2026 10:11:32 PM [] []
[2026-03-11 22:16:29] SlimMonoLogger.INFO: Cron ran at: 11-03-2026 10:16:29 PM [] []
[2026-03-11 22:21:32] SlimMonoLogger.INFO: Cron ran at: 11-03-2026 10:21:32 PM [] []
[2026-03-11 22:26:31] SlimMonoLogger.INFO: Cron ran at: 11-03-2026 10:26:31 PM [] []
[2026-03-11 22:31:33] SlimMonoLogger.INFO: Cron ran at: 11-03-2026 10:31:33 PM [] []
[2026-03-11 22:36:18] SlimMonoLogger.INFO: Cron ran at: 11-03-2026 10:36:18 PM [] []
[2026-03-11 22:41:40] SlimMonoLogger.INFO: Cron ran at: 11-03-2026 10:41:40 PM [] []
[2026-03-11 22:46:28] SlimMonoLogger.INFO: Cron ran at: 11-03-2026 10:46:28 PM [] []
[2026-03-11 22:51:27] SlimMonoLogger.INFO: Cron ran at: 11-03-2026 10:51:27 PM [] []
[2026-03-11 22:56:35] SlimMonoLogger.INFO: Cron ran at: 11-03-2026 10:56:35 PM [] []
[2026-03-11 23:01:36] SlimMonoLogger.INFO: Cron ran at: 11-03-2026 11:01:36 PM [] []
[2026-03-11 23:06:19] SlimMonoLogger.INFO: Cron ran at: 11-03-2026 11:06:19 PM [] []
[2026-03-11 23:11:33] SlimMonoLogger.INFO: Cron ran at: 11-03-2026 11:11:33 PM [] []
[2026-03-11 23:16:25] SlimMonoLogger.INFO: Cron ran at: 11-03-2026 11:16:25 PM [] []
[2026-03-11 23:21:30] SlimMonoLogger.INFO: Cron ran at: 11-03-2026 11:21:30 PM [] []
[2026-03-11 23:26:22] SlimMonoLogger.INFO: Cron ran at: 11-03-2026 11:26:22 PM [] []
[2026-03-11 23:31:27] SlimMonoLogger.INFO: Cron ran at: 11-03-2026 11:31:27 PM [] []
[2026-03-11 23:36:22] SlimMonoLogger.INFO: Cron ran at: 11-03-2026 11:36:22 PM [] []
[2026-03-11 23:41:21] SlimMonoLogger.INFO: Cron ran at: 11-03-2026 11:41:21 PM [] []
[2026-03-11 23:46:22] SlimMonoLogger.INFO: Cron ran at: 11-03-2026 11:46:22 PM [] []
[2026-03-11 23:51:16] SlimMonoLogger.INFO: Cron ran at: 11-03-2026 11:51:16 PM [] []
[2026-03-11 23:56:35] SlimMonoLogger.INFO: Cron ran at: 11-03-2026 11:56:35 PM [] []
[2026-03-12 00:01:28] SlimMonoLogger.INFO: Cron ran at: 12-03-2026 12:01:28 AM [] []
[2026-03-12 00:06:25] SlimMonoLogger.INFO: Cron ran at: 12-03-2026 12:06:25 AM [] []
[2026-03-12 00:11:27] SlimMonoLogger.INFO: Cron ran at: 12-03-2026 12:11:27 AM [] []
[2026-03-12 00:16:34] SlimMonoLogger.INFO: Cron ran at: 12-03-2026 12:16:34 AM [] []
[2026-03-12 00:21:26] SlimMonoLogger.INFO: Cron ran at: 12-03-2026 12:21:26 AM [] []
[2026-03-12 00:26:18] SlimMonoLogger.INFO: Cron ran at: 12-03-2026 12:26:18 AM [] []
[2026-03-12 00:31:40] SlimMonoLogger.INFO: Cron ran at: 12-03-2026 12:31:40 AM [] []
[2026-03-12 00:36:33] SlimMonoLogger.INFO: Cron ran at: 12-03-2026 12:36:33 AM [] []
[2026-03-12 00:41:22] SlimMonoLogger.INFO: Cron ran at: 12-03-2026 12:41:22 AM [] []
[2026-03-12 00:46:21] SlimMonoLogger.INFO: Cron ran at: 12-03-2026 12:46:21 AM [] []
[2026-03-12 00:51:27] SlimMonoLogger.INFO: Cron ran at: 12-03-2026 12:51:27 AM [] []
[2026-03-12 00:56:17] SlimMonoLogger.INFO: Cron ran at: 12-03-2026 12:56:17 AM [] []
