[2026-02-11 01:01:38] SlimMonoLogger.INFO: Cron ran at: 11-02-2026 01:01:38 AM [] []
[2026-02-11 01:06:23] SlimMonoLogger.INFO: Cron ran at: 11-02-2026 01:06:23 AM [] []
[2026-02-11 01:11:20] SlimMonoLogger.INFO: Cron ran at: 11-02-2026 01:11:20 AM [] []
[2026-02-11 01:16:22] SlimMonoLogger.INFO: Cron ran at: 11-02-2026 01:16:22 AM [] []
[2026-02-11 01:21:28] SlimMonoLogger.INFO: Cron ran at: 11-02-2026 01:21:28 AM [] []
[2026-02-11 01:26:27] SlimMonoLogger.INFO: Cron ran at: 11-02-2026 01:26:27 AM [] []
[2026-02-11 01:31:33] SlimMonoLogger.INFO: Cron ran at: 11-02-2026 01:31:33 AM [] []
[2026-02-11 01:36:19] SlimMonoLogger.INFO: Cron ran at: 11-02-2026 01:36:19 AM [] []
[2026-02-11 01:41:20] SlimMonoLogger.INFO: Cron ran at: 11-02-2026 01:41:20 AM [] []
[2026-02-11 01:46:28] SlimMonoLogger.INFO: Cron ran at: 11-02-2026 01:46:28 AM [] []
[2026-02-11 01:51:25] SlimMonoLogger.INFO: Cron ran at: 11-02-2026 01:51:25 AM [] []
[2026-02-11 01:56:22] SlimMonoLogger.INFO: Cron ran at: 11-02-2026 01:56:22 AM [] []
[2026-02-11 02:01:32] SlimMonoLogger.INFO: Cron ran at: 11-02-2026 02:01:32 AM [] []
[2026-02-11 02:06:33] SlimMonoLogger.INFO: Cron ran at: 11-02-2026 02:06:33 AM [] []
[2026-02-11 02:11:14] SlimMonoLogger.INFO: Cron ran at: 11-02-2026 02:11:14 AM [] []
[2026-02-11 02:16:29] SlimMonoLogger.INFO: Cron ran at: 11-02-2026 02:16:29 AM [] []
[2026-02-11 02:21:29] SlimMonoLogger.INFO: Cron ran at: 11-02-2026 02:21:29 AM [] []
[2026-02-11 02:26:27] SlimMonoLogger.INFO: Cron ran at: 11-02-2026 02:26:27 AM [] []
[2026-02-11 02:31:24] SlimMonoLogger.INFO: Cron ran at: 11-02-2026 02:31:24 AM [] []
[2026-02-11 02:36:34] SlimMonoLogger.INFO: Cron ran at: 11-02-2026 02:36:34 AM [] []
[2026-02-11 02:41:31] SlimMonoLogger.INFO: Cron ran at: 11-02-2026 02:41:31 AM [] []
[2026-02-11 02:46:29] SlimMonoLogger.INFO: Cron ran at: 11-02-2026 02:46:29 AM [] []
[2026-02-11 02:51:22] SlimMonoLogger.INFO: Cron ran at: 11-02-2026 02:51:22 AM [] []
[2026-02-11 02:56:29] SlimMonoLogger.INFO: Cron ran at: 11-02-2026 02:56:29 AM [] []
[2026-02-11 03:01:29] SlimMonoLogger.INFO: Cron ran at: 11-02-2026 03:01:29 AM [] []
[2026-02-11 03:06:29] SlimMonoLogger.INFO: Cron ran at: 11-02-2026 03:06:29 AM [] []
[2026-02-11 03:11:32] SlimMonoLogger.INFO: Cron ran at: 11-02-2026 03:11:32 AM [] []
[2026-02-11 03:16:20] SlimMonoLogger.INFO: Cron ran at: 11-02-2026 03:16:20 AM [] []
[2026-02-11 03:21:29] SlimMonoLogger.INFO: Cron ran at: 11-02-2026 03:21:29 AM [] []
[2026-02-11 03:26:30] SlimMonoLogger.INFO: Cron ran at: 11-02-2026 03:26:30 AM [] []
[2026-02-11 03:31:38] SlimMonoLogger.INFO: Cron ran at: 11-02-2026 03:31:38 AM [] []
[2026-02-11 03:35:41] SlimMonoLogger.ERROR: Requests_Exception: cURL error 52: Empty reply from server in /home/latihtal/public_html/agregator1/src/vendor/rmccue/requests/library/Requests/Transport/cURL.php:422
Stack trace:
#0 /home/latihtal/public_html/agregator1/src/vendor/rmccue/requests/library/Requests/Transport/cURL.php(177): Requests_Transport_cURL->process_response()
#1 /home/latihtal/public_html/agregator1/src/vendor/rmccue/requests/library/Requests.php(379): Requests_Transport_cURL->request()
#2 /home/latihtal/public_html/agregator1/src/vendor/rmccue/requests/library/Requests/Session.php(205): Requests::request()
#3 /home/latihtal/public_html/agregator1/src/vendor/rmccue/requests/library/Requests/Session.php(132): Requests_Session->request()
#4 /home/latihtal/public_html/agregator1/src/drivers/Http/RssImporter.php(144): Requests_Session->get()
#5 /home/latihtal/public_html/agregator1/src/controllers/Dashboard/DashboardFeedsController.php(534): spark\drivers\Http\RssImporter->fetchPosts()
#6 /home/latihtal/public_html/agregator1/src/controllers/Site/SiteController.php(722): spark\controllers\Dashboard\DashboardFeedsController::importFeedPosts()
#7 [internal function]: spark\controllers\Site\SiteController->runTasks()
#8 /home/latihtal/public_html/agregator1/src/framework/Route.php(173): call_user_func_array()
#9 [internal function]: Slim\Route->Slim\{closure}()
#10 /home/latihtal/public_html/agregator1/src/framework/Route.php(468): call_user_func_array()
#11 /home/latihtal/public_html/agregator1/src/framework/Slim.php(1364): Slim\Route->dispatch()
#12 /home/latihtal/public_html/agregator1/src/framework/Middleware/Flash.php(85): Slim\Slim->call()
#13 /home/latihtal/public_html/agregator1/src/framework/Middleware/MethodOverride.php(92): Slim\Middleware\Flash->call()
#14 /home/latihtal/public_html/agregator1/src/middlewares/CsrfGuard/CsrfGuard.php(47): Slim\Middleware\MethodOverride->call()
#15 /home/latihtal/public_html/agregator1/src/framework/Middleware/PrettyExceptions.php(67): spark\middlewares\CsrfGuard\CsrfGuard->call()
#16 /home/latihtal/public_html/agregator1/src/framework/Slim.php(1308): Slim\Middleware\PrettyExceptions->call()
#17 /home/latihtal/public_html/agregator1/index.php(6): Slim\Slim->run()
#18 {main} [] []
[2026-02-11 03:36:55] SlimMonoLogger.INFO: Cron ran at: 11-02-2026 03:36:55 AM [] []
[2026-02-11 03:41:37] SlimMonoLogger.INFO: Cron ran at: 11-02-2026 03:41:37 AM [] []
[2026-02-11 03:46:24] SlimMonoLogger.INFO: Cron ran at: 11-02-2026 03:46:24 AM [] []
[2026-02-11 03:51:26] SlimMonoLogger.INFO: Cron ran at: 11-02-2026 03:51:26 AM [] []
[2026-02-11 03:56:28] SlimMonoLogger.INFO: Cron ran at: 11-02-2026 03:56:28 AM [] []
[2026-02-11 04:02:04] SlimMonoLogger.INFO: Cron ran at: 11-02-2026 04:02:04 AM [] []
[2026-02-11 04:06:32] SlimMonoLogger.INFO: Cron ran at: 11-02-2026 04:06:32 AM [] []
[2026-02-11 04:11:28] SlimMonoLogger.INFO: Cron ran at: 11-02-2026 04:11:28 AM [] []
[2026-02-11 04:16:25] SlimMonoLogger.INFO: Cron ran at: 11-02-2026 04:16:25 AM [] []
[2026-02-11 04:21:25] SlimMonoLogger.INFO: Cron ran at: 11-02-2026 04:21:25 AM [] []
[2026-02-11 04:26:18] SlimMonoLogger.INFO: Cron ran at: 11-02-2026 04:26:18 AM [] []
[2026-02-11 04:31:30] SlimMonoLogger.INFO: Cron ran at: 11-02-2026 04:31:30 AM [] []
[2026-02-11 04:36:34] SlimMonoLogger.INFO: Cron ran at: 11-02-2026 04:36:34 AM [] []
[2026-02-11 04:41:31] SlimMonoLogger.INFO: Cron ran at: 11-02-2026 04:41:31 AM [] []
[2026-02-11 04:46:26] SlimMonoLogger.INFO: Cron ran at: 11-02-2026 04:46:26 AM [] []
[2026-02-11 04:51:27] SlimMonoLogger.INFO: Cron ran at: 11-02-2026 04:51:27 AM [] []
[2026-02-11 04:56:15] SlimMonoLogger.INFO: Cron ran at: 11-02-2026 04:56:15 AM [] []
[2026-02-11 05:01:15] SlimMonoLogger.INFO: Cron ran at: 11-02-2026 05:01:15 AM [] []
[2026-02-11 05:06:13] SlimMonoLogger.INFO: Cron ran at: 11-02-2026 05:06:13 AM [] []
[2026-02-11 05:11:20] SlimMonoLogger.INFO: Cron ran at: 11-02-2026 05:11:20 AM [] []
[2026-02-11 05:16:18] SlimMonoLogger.INFO: Cron ran at: 11-02-2026 05:16:18 AM [] []
[2026-02-11 05:21:10] SlimMonoLogger.INFO: Cron ran at: 11-02-2026 05:21:10 AM [] []
[2026-02-11 05:26:17] SlimMonoLogger.INFO: Cron ran at: 11-02-2026 05:26:17 AM [] []
[2026-02-11 05:31:20] SlimMonoLogger.INFO: Cron ran at: 11-02-2026 05:31:20 AM [] []
[2026-02-11 05:36:16] SlimMonoLogger.INFO: Cron ran at: 11-02-2026 05:36:16 AM [] []
[2026-02-11 05:41:13] SlimMonoLogger.INFO: Cron ran at: 11-02-2026 05:41:13 AM [] []
[2026-02-11 05:46:19] SlimMonoLogger.INFO: Cron ran at: 11-02-2026 05:46:19 AM [] []
[2026-02-11 05:51:11] SlimMonoLogger.INFO: Cron ran at: 11-02-2026 05:51:11 AM [] []
[2026-02-11 05:56:10] SlimMonoLogger.INFO: Cron ran at: 11-02-2026 05:56:10 AM [] []
[2026-02-11 06:01:27] SlimMonoLogger.INFO: Cron ran at: 11-02-2026 06:01:27 AM [] []
[2026-02-11 06:06:19] SlimMonoLogger.INFO: Cron ran at: 11-02-2026 06:06:19 AM [] []
[2026-02-11 06:11:11] SlimMonoLogger.INFO: Cron ran at: 11-02-2026 06:11:11 AM [] []
[2026-02-11 06:16:15] SlimMonoLogger.INFO: Cron ran at: 11-02-2026 06:16:15 AM [] []
[2026-02-11 06:21:10] SlimMonoLogger.INFO: Cron ran at: 11-02-2026 06:21:10 AM [] []
[2026-02-11 06:26:15] SlimMonoLogger.INFO: Cron ran at: 11-02-2026 06:26:15 AM [] []
[2026-02-11 06:31:50] SlimMonoLogger.INFO: Cron ran at: 11-02-2026 06:31:50 AM [] []
[2026-02-11 06:36:08] SlimMonoLogger.INFO: Cron ran at: 11-02-2026 06:36:08 AM [] []
[2026-02-11 06:41:12] SlimMonoLogger.INFO: Cron ran at: 11-02-2026 06:41:12 AM [] []
[2026-02-11 06:46:09] SlimMonoLogger.INFO: Cron ran at: 11-02-2026 06:46:09 AM [] []
[2026-02-11 06:51:13] SlimMonoLogger.INFO: Cron ran at: 11-02-2026 06:51:13 AM [] []
[2026-02-11 06:56:06] SlimMonoLogger.INFO: Cron ran at: 11-02-2026 06:56:06 AM [] []
[2026-02-11 07:01:09] SlimMonoLogger.INFO: Cron ran at: 11-02-2026 07:01:09 AM [] []
[2026-02-11 07:06:11] SlimMonoLogger.INFO: Cron ran at: 11-02-2026 07:06:11 AM [] []
[2026-02-11 07:11:11] SlimMonoLogger.INFO: Cron ran at: 11-02-2026 07:11:11 AM [] []
[2026-02-11 07:16:17] SlimMonoLogger.INFO: Cron ran at: 11-02-2026 07:16:17 AM [] []
[2026-02-11 07:21:07] SlimMonoLogger.INFO: Cron ran at: 11-02-2026 07:21:07 AM [] []
[2026-02-11 07:26:11] SlimMonoLogger.INFO: Cron ran at: 11-02-2026 07:26:11 AM [] []
[2026-02-11 07:31:29] SlimMonoLogger.INFO: Cron ran at: 11-02-2026 07:31:29 AM [] []
[2026-02-11 07:36:11] SlimMonoLogger.INFO: Cron ran at: 11-02-2026 07:36:11 AM [] []
[2026-02-11 07:41:17] SlimMonoLogger.INFO: Cron ran at: 11-02-2026 07:41:17 AM [] []
[2026-02-11 07:46:17] SlimMonoLogger.INFO: Cron ran at: 11-02-2026 07:46:17 AM [] []
[2026-02-11 07:51:07] SlimMonoLogger.INFO: Cron ran at: 11-02-2026 07:51:07 AM [] []
[2026-02-11 07:56:05] SlimMonoLogger.INFO: Cron ran at: 11-02-2026 07:56:05 AM [] []
[2026-02-11 08:01:23] SlimMonoLogger.INFO: Cron ran at: 11-02-2026 08:01:23 AM [] []
[2026-02-11 08:06:09] SlimMonoLogger.INFO: Cron ran at: 11-02-2026 08:06:09 AM [] []
[2026-02-11 08:11:19] SlimMonoLogger.INFO: Cron ran at: 11-02-2026 08:11:19 AM [] []
[2026-02-11 08:16:25] SlimMonoLogger.INFO: Cron ran at: 11-02-2026 08:16:25 AM [] []
[2026-02-11 08:21:23] SlimMonoLogger.INFO: Cron ran at: 11-02-2026 08:21:23 AM [] []
[2026-02-11 08:26:37] SlimMonoLogger.INFO: Cron ran at: 11-02-2026 08:26:37 AM [] []
[2026-02-11 08:31:33] SlimMonoLogger.INFO: Cron ran at: 11-02-2026 08:31:33 AM [] []
[2026-02-11 08:36:28] SlimMonoLogger.INFO: Cron ran at: 11-02-2026 08:36:28 AM [] []
[2026-02-11 08:41:37] SlimMonoLogger.INFO: Cron ran at: 11-02-2026 08:41:37 AM [] []
[2026-02-11 08:46:24] SlimMonoLogger.INFO: Cron ran at: 11-02-2026 08:46:24 AM [] []
[2026-02-11 09:06:58] SlimMonoLogger.INFO: Cron ran at: 11-02-2026 09:06:58 AM [] []
[2026-02-11 09:11:29] SlimMonoLogger.INFO: Cron ran at: 11-02-2026 09:11:29 AM [] []
[2026-02-11 09:16:44] SlimMonoLogger.INFO: Cron ran at: 11-02-2026 09:16:44 AM [] []
[2026-02-11 09:21:35] SlimMonoLogger.INFO: Cron ran at: 11-02-2026 09:21:35 AM [] []
[2026-02-11 09:26:30] SlimMonoLogger.INFO: Cron ran at: 11-02-2026 09:26:30 AM [] []
[2026-02-11 09:31:29] SlimMonoLogger.INFO: Cron ran at: 11-02-2026 09:31:29 AM [] []
[2026-02-11 09:36:24] SlimMonoLogger.INFO: Cron ran at: 11-02-2026 09:36:24 AM [] []
[2026-02-11 09:41:55] SlimMonoLogger.INFO: Cron ran at: 11-02-2026 09:41:55 AM [] []
[2026-02-11 09:46:34] SlimMonoLogger.INFO: Cron ran at: 11-02-2026 09:46:34 AM [] []
[2026-02-11 09:51:21] SlimMonoLogger.INFO: Cron ran at: 11-02-2026 09:51:21 AM [] []
[2026-02-11 09:56:28] SlimMonoLogger.INFO: Cron ran at: 11-02-2026 09:56:28 AM [] []
[2026-02-11 10:06:43] SlimMonoLogger.INFO: Cron ran at: 11-02-2026 10:06:43 AM [] []
[2026-02-11 10:11:40] SlimMonoLogger.INFO: Cron ran at: 11-02-2026 10:11:40 AM [] []
[2026-02-11 10:16:52] SlimMonoLogger.INFO: Cron ran at: 11-02-2026 10:16:52 AM [] []
[2026-02-11 10:21:35] SlimMonoLogger.INFO: Cron ran at: 11-02-2026 10:21:35 AM [] []
[2026-02-11 10:26:51] SlimMonoLogger.INFO: Cron ran at: 11-02-2026 10:26:51 AM [] []
[2026-02-11 10:31:30] SlimMonoLogger.INFO: Cron ran at: 11-02-2026 10:31:30 AM [] []
[2026-02-11 10:36:30] SlimMonoLogger.INFO: Cron ran at: 11-02-2026 10:36:30 AM [] []
[2026-02-11 10:41:25] SlimMonoLogger.INFO: Cron ran at: 11-02-2026 10:41:25 AM [] []
[2026-02-11 10:46:33] SlimMonoLogger.INFO: Cron ran at: 11-02-2026 10:46:33 AM [] []
[2026-02-11 10:51:25] SlimMonoLogger.INFO: Cron ran at: 11-02-2026 10:51:25 AM [] []
[2026-02-11 10:56:32] SlimMonoLogger.INFO: Cron ran at: 11-02-2026 10:56:32 AM [] []
[2026-02-11 11:01:52] SlimMonoLogger.INFO: Cron ran at: 11-02-2026 11:01:52 AM [] []
[2026-02-11 11:07:06] SlimMonoLogger.INFO: Cron ran at: 11-02-2026 11:07:06 AM [] []
[2026-02-11 11:11:33] SlimMonoLogger.INFO: Cron ran at: 11-02-2026 11:11:33 AM [] []
[2026-02-11 11:16:24] SlimMonoLogger.INFO: Cron ran at: 11-02-2026 11:16:24 AM [] []
[2026-02-11 11:21:30] SlimMonoLogger.INFO: Cron ran at: 11-02-2026 11:21:30 AM [] []
[2026-02-11 11:27:01] SlimMonoLogger.INFO: Cron ran at: 11-02-2026 11:27:01 AM [] []
[2026-02-11 11:31:50] SlimMonoLogger.INFO: Cron ran at: 11-02-2026 11:31:50 AM [] []
[2026-02-11 11:36:41] SlimMonoLogger.INFO: Cron ran at: 11-02-2026 11:36:41 AM [] []
[2026-02-11 11:41:42] SlimMonoLogger.INFO: Cron ran at: 11-02-2026 11:41:42 AM [] []
[2026-02-11 11:46:32] SlimMonoLogger.INFO: Cron ran at: 11-02-2026 11:46:32 AM [] []
[2026-02-11 11:51:37] SlimMonoLogger.INFO: Cron ran at: 11-02-2026 11:51:37 AM [] []
[2026-02-11 11:56:36] SlimMonoLogger.INFO: Cron ran at: 11-02-2026 11:56:36 AM [] []
[2026-02-11 12:01:40] SlimMonoLogger.INFO: Cron ran at: 11-02-2026 12:01:40 PM [] []
[2026-02-11 12:06:25] SlimMonoLogger.INFO: Cron ran at: 11-02-2026 12:06:25 PM [] []
[2026-02-11 12:11:37] SlimMonoLogger.INFO: Cron ran at: 11-02-2026 12:11:37 PM [] []
[2026-02-11 12:16:27] SlimMonoLogger.INFO: Cron ran at: 11-02-2026 12:16:27 PM [] []
[2026-02-11 12:21:46] SlimMonoLogger.INFO: Cron ran at: 11-02-2026 12:21:46 PM [] []
[2026-02-11 12:26:26] SlimMonoLogger.INFO: Cron ran at: 11-02-2026 12:26:26 PM [] []
[2026-02-11 12:31:59] SlimMonoLogger.INFO: Cron ran at: 11-02-2026 12:31:59 PM [] []
[2026-02-11 12:36:21] SlimMonoLogger.INFO: Cron ran at: 11-02-2026 12:36:21 PM [] []
[2026-02-11 12:41:31] SlimMonoLogger.INFO: Cron ran at: 11-02-2026 12:41:31 PM [] []
[2026-02-11 12:46:28] SlimMonoLogger.INFO: Cron ran at: 11-02-2026 12:46:28 PM [] []
[2026-02-11 12:51:22] SlimMonoLogger.INFO: Cron ran at: 11-02-2026 12:51:22 PM [] []
[2026-02-11 12:56:18] SlimMonoLogger.INFO: Cron ran at: 11-02-2026 12:56:18 PM [] []
[2026-02-11 13:01:25] SlimMonoLogger.INFO: Cron ran at: 11-02-2026 01:01:25 PM [] []
[2026-02-11 13:06:28] SlimMonoLogger.INFO: Cron ran at: 11-02-2026 01:06:28 PM [] []
[2026-02-11 13:11:35] SlimMonoLogger.INFO: Cron ran at: 11-02-2026 01:11:35 PM [] []
[2026-02-11 13:16:45] SlimMonoLogger.INFO: Cron ran at: 11-02-2026 01:16:45 PM [] []
[2026-02-11 13:21:49] SlimMonoLogger.INFO: Cron ran at: 11-02-2026 01:21:49 PM [] []
[2026-02-11 13:26:29] SlimMonoLogger.INFO: Cron ran at: 11-02-2026 01:26:29 PM [] []
[2026-02-11 13:31:31] SlimMonoLogger.INFO: Cron ran at: 11-02-2026 01:31:31 PM [] []
[2026-02-11 13:36:26] SlimMonoLogger.INFO: Cron ran at: 11-02-2026 01:36:26 PM [] []
[2026-02-11 13:41:27] SlimMonoLogger.INFO: Cron ran at: 11-02-2026 01:41:27 PM [] []
[2026-02-11 13:46:30] SlimMonoLogger.INFO: Cron ran at: 11-02-2026 01:46:30 PM [] []
[2026-02-11 13:51:32] SlimMonoLogger.INFO: Cron ran at: 11-02-2026 01:51:32 PM [] []
[2026-02-11 13:56:14] SlimMonoLogger.INFO: Cron ran at: 11-02-2026 01:56:14 PM [] []
[2026-02-11 14:01:25] SlimMonoLogger.INFO: Cron ran at: 11-02-2026 02:01:25 PM [] []
[2026-02-11 14:06:32] SlimMonoLogger.INFO: Cron ran at: 11-02-2026 02:06:32 PM [] []
[2026-02-11 14:11:32] SlimMonoLogger.INFO: Cron ran at: 11-02-2026 02:11:32 PM [] []
[2026-02-11 14:16:39] SlimMonoLogger.INFO: Cron ran at: 11-02-2026 02:16:39 PM [] []
[2026-02-11 14:21:34] SlimMonoLogger.INFO: Cron ran at: 11-02-2026 02:21:34 PM [] []
[2026-02-11 14:26:32] SlimMonoLogger.INFO: Cron ran at: 11-02-2026 02:26:32 PM [] []
[2026-02-11 14:31:37] SlimMonoLogger.INFO: Cron ran at: 11-02-2026 02:31:37 PM [] []
[2026-02-11 14:36:22] SlimMonoLogger.INFO: Cron ran at: 11-02-2026 02:36:22 PM [] []
[2026-02-11 14:41:20] SlimMonoLogger.INFO: Cron ran at: 11-02-2026 02:41:20 PM [] []
[2026-02-11 14:46:20] SlimMonoLogger.INFO: Cron ran at: 11-02-2026 02:46:20 PM [] []
[2026-02-11 14:51:13] SlimMonoLogger.INFO: Cron ran at: 11-02-2026 02:51:13 PM [] []
[2026-02-11 14:56:16] SlimMonoLogger.INFO: Cron ran at: 11-02-2026 02:56:16 PM [] []
[2026-02-11 15:01:50] SlimMonoLogger.INFO: Cron ran at: 11-02-2026 03:01:50 PM [] []
[2026-02-11 15:06:42] SlimMonoLogger.INFO: Cron ran at: 11-02-2026 03:06:42 PM [] []
[2026-02-11 15:11:19] SlimMonoLogger.INFO: Cron ran at: 11-02-2026 03:11:19 PM [] []
[2026-02-11 15:16:27] SlimMonoLogger.INFO: Cron ran at: 11-02-2026 03:16:27 PM [] []
[2026-02-11 15:21:36] SlimMonoLogger.INFO: Cron ran at: 11-02-2026 03:21:36 PM [] []
[2026-02-11 15:26:23] SlimMonoLogger.INFO: Cron ran at: 11-02-2026 03:26:23 PM [] []
[2026-02-11 15:31:29] SlimMonoLogger.INFO: Cron ran at: 11-02-2026 03:31:29 PM [] []
[2026-02-11 15:36:31] SlimMonoLogger.INFO: Cron ran at: 11-02-2026 03:36:31 PM [] []
[2026-02-11 15:41:20] SlimMonoLogger.INFO: Cron ran at: 11-02-2026 03:41:20 PM [] []
[2026-02-11 15:46:22] SlimMonoLogger.INFO: Cron ran at: 11-02-2026 03:46:22 PM [] []
[2026-02-11 15:51:13] SlimMonoLogger.INFO: Cron ran at: 11-02-2026 03:51:13 PM [] []
[2026-02-11 15:56:22] SlimMonoLogger.INFO: Cron ran at: 11-02-2026 03:56:22 PM [] []
[2026-02-11 16:01:27] SlimMonoLogger.INFO: Cron ran at: 11-02-2026 04:01:27 PM [] []
[2026-02-11 16:06:15] SlimMonoLogger.INFO: Cron ran at: 11-02-2026 04:06:15 PM [] []
[2026-02-11 16:11:15] SlimMonoLogger.INFO: Cron ran at: 11-02-2026 04:11:15 PM [] []
[2026-02-11 16:16:19] SlimMonoLogger.INFO: Cron ran at: 11-02-2026 04:16:19 PM [] []
[2026-02-11 16:21:27] SlimMonoLogger.INFO: Cron ran at: 11-02-2026 04:21:27 PM [] []
[2026-02-11 16:26:39] SlimMonoLogger.INFO: Cron ran at: 11-02-2026 04:26:39 PM [] []
[2026-02-11 16:31:25] SlimMonoLogger.INFO: Cron ran at: 11-02-2026 04:31:25 PM [] []
[2026-02-11 16:36:22] SlimMonoLogger.INFO: Cron ran at: 11-02-2026 04:36:22 PM [] []
[2026-02-11 16:41:26] SlimMonoLogger.INFO: Cron ran at: 11-02-2026 04:41:26 PM [] []
[2026-02-11 16:46:36] SlimMonoLogger.INFO: Cron ran at: 11-02-2026 04:46:36 PM [] []
[2026-02-11 16:51:13] SlimMonoLogger.INFO: Cron ran at: 11-02-2026 04:51:13 PM [] []
[2026-02-11 16:56:08] SlimMonoLogger.INFO: Cron ran at: 11-02-2026 04:56:08 PM [] []
[2026-02-11 17:08:31] SlimMonoLogger.ERROR: Requests_Exception: cURL error 28: Operation timed out after 500001 milliseconds with 4599 bytes received in /home/latihtal/public_html/agregator1/src/vendor/rmccue/requests/library/Requests/Transport/cURL.php:422
Stack trace:
#0 /home/latihtal/public_html/agregator1/src/vendor/rmccue/requests/library/Requests/Transport/cURL.php(177): Requests_Transport_cURL->process_response()
#1 /home/latihtal/public_html/agregator1/src/vendor/rmccue/requests/library/Requests.php(379): Requests_Transport_cURL->request()
#2 /home/latihtal/public_html/agregator1/src/vendor/rmccue/requests/library/Requests/Session.php(205): Requests::request()
#3 /home/latihtal/public_html/agregator1/src/vendor/rmccue/requests/library/Requests/Session.php(132): Requests_Session->request()
#4 /home/latihtal/public_html/agregator1/src/drivers/Http/RssImporter.php(144): Requests_Session->get()
#5 /home/latihtal/public_html/agregator1/src/controllers/Dashboard/DashboardFeedsController.php(534): spark\drivers\Http\RssImporter->fetchPosts()
#6 /home/latihtal/public_html/agregator1/src/controllers/Site/SiteController.php(722): spark\controllers\Dashboard\DashboardFeedsController::importFeedPosts()
#7 [internal function]: spark\controllers\Site\SiteController->runTasks()
#8 /home/latihtal/public_html/agregator1/src/framework/Route.php(173): call_user_func_array()
#9 [internal function]: Slim\Route->Slim\{closure}()
#10 /home/latihtal/public_html/agregator1/src/framework/Route.php(468): call_user_func_array()
#11 /home/latihtal/public_html/agregator1/src/framework/Slim.php(1364): Slim\Route->dispatch()
#12 /home/latihtal/public_html/agregator1/src/framework/Middleware/Flash.php(85): Slim\Slim->call()
#13 /home/latihtal/public_html/agregator1/src/framework/Middleware/MethodOverride.php(92): Slim\Middleware\Flash->call()
#14 /home/latihtal/public_html/agregator1/src/middlewares/CsrfGuard/CsrfGuard.php(47): Slim\Middleware\MethodOverride->call()
#15 /home/latihtal/public_html/agregator1/src/framework/Middleware/PrettyExceptions.php(67): spark\middlewares\CsrfGuard\CsrfGuard->call()
#16 /home/latihtal/public_html/agregator1/src/framework/Slim.php(1308): Slim\Middleware\PrettyExceptions->call()
#17 /home/latihtal/public_html/agregator1/index.php(6): Slim\Slim->run()
#18 {main} [] []
[2026-02-11 17:10:25] SlimMonoLogger.INFO: Cron ran at: 11-02-2026 05:10:25 PM [] []
[2026-02-11 17:13:32] SlimMonoLogger.ERROR: Requests_Exception: cURL error 28: Connection timed out after 500001 milliseconds in /home/latihtal/public_html/agregator1/src/vendor/rmccue/requests/library/Requests/Transport/cURL.php:422
Stack trace:
#0 /home/latihtal/public_html/agregator1/src/vendor/rmccue/requests/library/Requests/Transport/cURL.php(177): Requests_Transport_cURL->process_response()
#1 /home/latihtal/public_html/agregator1/src/vendor/rmccue/requests/library/Requests.php(379): Requests_Transport_cURL->request()
#2 /home/latihtal/public_html/agregator1/src/vendor/rmccue/requests/library/Requests/Session.php(205): Requests::request()
#3 /home/latihtal/public_html/agregator1/src/vendor/rmccue/requests/library/Requests/Session.php(132): Requests_Session->request()
#4 /home/latihtal/public_html/agregator1/src/drivers/Http/RssImporter.php(144): Requests_Session->get()
#5 /home/latihtal/public_html/agregator1/src/controllers/Dashboard/DashboardFeedsController.php(534): spark\drivers\Http\RssImporter->fetchPosts()
#6 /home/latihtal/public_html/agregator1/src/controllers/Site/SiteController.php(722): spark\controllers\Dashboard\DashboardFeedsController::importFeedPosts()
#7 [internal function]: spark\controllers\Site\SiteController->runTasks()
#8 /home/latihtal/public_html/agregator1/src/framework/Route.php(173): call_user_func_array()
#9 [internal function]: Slim\Route->Slim\{closure}()
#10 /home/latihtal/public_html/agregator1/src/framework/Route.php(468): call_user_func_array()
#11 /home/latihtal/public_html/agregator1/src/framework/Slim.php(1364): Slim\Route->dispatch()
#12 /home/latihtal/public_html/agregator1/src/framework/Middleware/Flash.php(85): Slim\Slim->call()
#13 /home/latihtal/public_html/agregator1/src/framework/Middleware/MethodOverride.php(92): Slim\Middleware\Flash->call()
#14 /home/latihtal/public_html/agregator1/src/middlewares/CsrfGuard/CsrfGuard.php(47): Slim\Middleware\MethodOverride->call()
#15 /home/latihtal/public_html/agregator1/src/framework/Middleware/PrettyExceptions.php(67): spark\middlewares\CsrfGuard\CsrfGuard->call()
#16 /home/latihtal/public_html/agregator1/src/framework/Slim.php(1308): Slim\Middleware\PrettyExceptions->call()
#17 /home/latihtal/public_html/agregator1/index.php(6): Slim\Slim->run()
#18 {main} [] []
[2026-02-11 17:14:53] SlimMonoLogger.INFO: Cron ran at: 11-02-2026 05:14:53 PM [] []
[2026-02-11 17:16:15] SlimMonoLogger.INFO: Cron ran at: 11-02-2026 05:16:15 PM [] []
[2026-02-11 17:18:33] SlimMonoLogger.ERROR: Requests_Exception: cURL error 28: Connection timed out after 500002 milliseconds in /home/latihtal/public_html/agregator1/src/vendor/rmccue/requests/library/Requests/Transport/cURL.php:422
Stack trace:
#0 /home/latihtal/public_html/agregator1/src/vendor/rmccue/requests/library/Requests/Transport/cURL.php(177): Requests_Transport_cURL->process_response()
#1 /home/latihtal/public_html/agregator1/src/vendor/rmccue/requests/library/Requests.php(379): Requests_Transport_cURL->request()
#2 /home/latihtal/public_html/agregator1/src/vendor/rmccue/requests/library/Requests/Session.php(205): Requests::request()
#3 /home/latihtal/public_html/agregator1/src/vendor/rmccue/requests/library/Requests/Session.php(132): Requests_Session->request()
#4 /home/latihtal/public_html/agregator1/src/drivers/Http/RssImporter.php(144): Requests_Session->get()
#5 /home/latihtal/public_html/agregator1/src/controllers/Dashboard/DashboardFeedsController.php(534): spark\drivers\Http\RssImporter->fetchPosts()
#6 /home/latihtal/public_html/agregator1/src/controllers/Site/SiteController.php(722): spark\controllers\Dashboard\DashboardFeedsController::importFeedPosts()
#7 [internal function]: spark\controllers\Site\SiteController->runTasks()
#8 /home/latihtal/public_html/agregator1/src/framework/Route.php(173): call_user_func_array()
#9 [internal function]: Slim\Route->Slim\{closure}()
#10 /home/latihtal/public_html/agregator1/src/framework/Route.php(468): call_user_func_array()
#11 /home/latihtal/public_html/agregator1/src/framework/Slim.php(1364): Slim\Route->dispatch()
#12 /home/latihtal/public_html/agregator1/src/framework/Middleware/Flash.php(85): Slim\Slim->call()
#13 /home/latihtal/public_html/agregator1/src/framework/Middleware/MethodOverride.php(92): Slim\Middleware\Flash->call()
#14 /home/latihtal/public_html/agregator1/src/middlewares/CsrfGuard/CsrfGuard.php(47): Slim\Middleware\MethodOverride->call()
#15 /home/latihtal/public_html/agregator1/src/framework/Middleware/PrettyExceptions.php(67): spark\middlewares\CsrfGuard\CsrfGuard->call()
#16 /home/latihtal/public_html/agregator1/src/framework/Slim.php(1308): Slim\Middleware\PrettyExceptions->call()
#17 /home/latihtal/public_html/agregator1/index.php(6): Slim\Slim->run()
#18 {main} [] []
[2026-02-11 17:19:40] SlimMonoLogger.INFO: Cron ran at: 11-02-2026 05:19:40 PM [] []
[2026-02-11 17:21:11] SlimMonoLogger.INFO: Cron ran at: 11-02-2026 05:21:11 PM [] []
[2026-02-11 17:26:20] SlimMonoLogger.INFO: Cron ran at: 11-02-2026 05:26:20 PM [] []
[2026-02-11 17:31:21] SlimMonoLogger.INFO: Cron ran at: 11-02-2026 05:31:21 PM [] []
[2026-02-11 17:36:12] SlimMonoLogger.INFO: Cron ran at: 11-02-2026 05:36:12 PM [] []
[2026-02-11 17:41:16] SlimMonoLogger.INFO: Cron ran at: 11-02-2026 05:41:16 PM [] []
[2026-02-11 17:46:15] SlimMonoLogger.INFO: Cron ran at: 11-02-2026 05:46:15 PM [] []
[2026-02-11 17:51:25] SlimMonoLogger.INFO: Cron ran at: 11-02-2026 05:51:25 PM [] []
[2026-02-11 17:56:13] SlimMonoLogger.INFO: Cron ran at: 11-02-2026 05:56:13 PM [] []
[2026-02-11 18:01:28] SlimMonoLogger.INFO: Cron ran at: 11-02-2026 06:01:28 PM [] []
[2026-02-11 18:06:19] SlimMonoLogger.INFO: Cron ran at: 11-02-2026 06:06:19 PM [] []
[2026-02-11 18:11:23] SlimMonoLogger.INFO: Cron ran at: 11-02-2026 06:11:23 PM [] []
[2026-02-11 18:16:11] SlimMonoLogger.INFO: Cron ran at: 11-02-2026 06:16:11 PM [] []
[2026-02-11 18:21:19] SlimMonoLogger.INFO: Cron ran at: 11-02-2026 06:21:19 PM [] []
[2026-02-11 18:34:34] SlimMonoLogger.ERROR: Requests_Exception: cURL error 28: Operation timed out after 500002 milliseconds with 0 bytes received in /home/latihtal/public_html/agregator1/src/vendor/rmccue/requests/library/Requests/Transport/cURL.php:422
Stack trace:
#0 /home/latihtal/public_html/agregator1/src/vendor/rmccue/requests/library/Requests/Transport/cURL.php(177): Requests_Transport_cURL->process_response()
#1 /home/latihtal/public_html/agregator1/src/vendor/rmccue/requests/library/Requests.php(379): Requests_Transport_cURL->request()
#2 /home/latihtal/public_html/agregator1/src/vendor/rmccue/requests/library/Requests/Session.php(205): Requests::request()
#3 /home/latihtal/public_html/agregator1/src/vendor/rmccue/requests/library/Requests/Session.php(132): Requests_Session->request()
#4 /home/latihtal/public_html/agregator1/src/drivers/Http/RssImporter.php(144): Requests_Session->get()
#5 /home/latihtal/public_html/agregator1/src/controllers/Dashboard/DashboardFeedsController.php(534): spark\drivers\Http\RssImporter->fetchPosts()
#6 /home/latihtal/public_html/agregator1/src/controllers/Site/SiteController.php(722): spark\controllers\Dashboard\DashboardFeedsController::importFeedPosts()
#7 [internal function]: spark\controllers\Site\SiteController->runTasks()
#8 /home/latihtal/public_html/agregator1/src/framework/Route.php(173): call_user_func_array()
#9 [internal function]: Slim\Route->Slim\{closure}()
#10 /home/latihtal/public_html/agregator1/src/framework/Route.php(468): call_user_func_array()
#11 /home/latihtal/public_html/agregator1/src/framework/Slim.php(1364): Slim\Route->dispatch()
#12 /home/latihtal/public_html/agregator1/src/framework/Middleware/Flash.php(85): Slim\Slim->call()
#13 /home/latihtal/public_html/agregator1/src/framework/Middleware/MethodOverride.php(92): Slim\Middleware\Flash->call()
#14 /home/latihtal/public_html/agregator1/src/middlewares/CsrfGuard/CsrfGuard.php(47): Slim\Middleware\MethodOverride->call()
#15 /home/latihtal/public_html/agregator1/src/framework/Middleware/PrettyExceptions.php(67): spark\middlewares\CsrfGuard\CsrfGuard->call()
#16 /home/latihtal/public_html/agregator1/src/framework/Slim.php(1308): Slim\Middleware\PrettyExceptions->call()
#17 /home/latihtal/public_html/agregator1/index.php(6): Slim\Slim->run()
#18 {main} [] []
[2026-02-11 18:35:10] SlimMonoLogger.INFO: Cron ran at: 11-02-2026 06:35:10 PM [] []
[2026-02-11 18:36:17] SlimMonoLogger.INFO: Cron ran at: 11-02-2026 06:36:17 PM [] []
[2026-02-11 18:39:02] SlimMonoLogger.ERROR: Requests_Exception: cURL error 28: Connection timed out after 500001 milliseconds in /home/latihtal/public_html/agregator1/src/vendor/rmccue/requests/library/Requests/Transport/cURL.php:422
Stack trace:
#0 /home/latihtal/public_html/agregator1/src/vendor/rmccue/requests/library/Requests/Transport/cURL.php(177): Requests_Transport_cURL->process_response()
#1 /home/latihtal/public_html/agregator1/src/vendor/rmccue/requests/library/Requests.php(379): Requests_Transport_cURL->request()
#2 /home/latihtal/public_html/agregator1/src/vendor/rmccue/requests/library/Requests/Session.php(205): Requests::request()
#3 /home/latihtal/public_html/agregator1/src/vendor/rmccue/requests/library/Requests/Session.php(132): Requests_Session->request()
#4 /home/latihtal/public_html/agregator1/src/drivers/Http/RssImporter.php(144): Requests_Session->get()
#5 /home/latihtal/public_html/agregator1/src/controllers/Dashboard/DashboardFeedsController.php(534): spark\drivers\Http\RssImporter->fetchPosts()
#6 /home/latihtal/public_html/agregator1/src/controllers/Site/SiteController.php(722): spark\controllers\Dashboard\DashboardFeedsController::importFeedPosts()
#7 [internal function]: spark\controllers\Site\SiteController->runTasks()
#8 /home/latihtal/public_html/agregator1/src/framework/Route.php(173): call_user_func_array()
#9 [internal function]: Slim\Route->Slim\{closure}()
#10 /home/latihtal/public_html/agregator1/src/framework/Route.php(468): call_user_func_array()
#11 /home/latihtal/public_html/agregator1/src/framework/Slim.php(1364): Slim\Route->dispatch()
#12 /home/latihtal/public_html/agregator1/src/framework/Middleware/Flash.php(85): Slim\Slim->call()
#13 /home/latihtal/public_html/agregator1/src/framework/Middleware/MethodOverride.php(92): Slim\Middleware\Flash->call()
#14 /home/latihtal/public_html/agregator1/src/middlewares/CsrfGuard/CsrfGuard.php(47): Slim\Middleware\MethodOverride->call()
#15 /home/latihtal/public_html/agregator1/src/framework/Middleware/PrettyExceptions.php(67): spark\middlewares\CsrfGuard\CsrfGuard->call()
#16 /home/latihtal/public_html/agregator1/src/framework/Slim.php(1308): Slim\Middleware\PrettyExceptions->call()
#17 /home/latihtal/public_html/agregator1/index.php(6): Slim\Slim->run()
#18 {main} [] []
[2026-02-11 18:40:08] SlimMonoLogger.INFO: Cron ran at: 11-02-2026 06:40:08 PM [] []
[2026-02-11 18:41:17] SlimMonoLogger.INFO: Cron ran at: 11-02-2026 06:41:17 PM [] []
[2026-02-11 18:46:23] SlimMonoLogger.INFO: Cron ran at: 11-02-2026 06:46:23 PM [] []
[2026-02-11 18:56:27] SlimMonoLogger.INFO: Cron ran at: 11-02-2026 06:56:27 PM [] []
[2026-02-11 18:59:07] SlimMonoLogger.ERROR: Requests_Exception: cURL error 28: Connection timed out after 500002 milliseconds in /home/latihtal/public_html/agregator1/src/vendor/rmccue/requests/library/Requests/Transport/cURL.php:422
Stack trace:
#0 /home/latihtal/public_html/agregator1/src/vendor/rmccue/requests/library/Requests/Transport/cURL.php(177): Requests_Transport_cURL->process_response()
#1 /home/latihtal/public_html/agregator1/src/vendor/rmccue/requests/library/Requests.php(379): Requests_Transport_cURL->request()
#2 /home/latihtal/public_html/agregator1/src/vendor/rmccue/requests/library/Requests/Session.php(205): Requests::request()
#3 /home/latihtal/public_html/agregator1/src/vendor/rmccue/requests/library/Requests/Session.php(132): Requests_Session->request()
#4 /home/latihtal/public_html/agregator1/src/drivers/Http/RssImporter.php(144): Requests_Session->get()
#5 /home/latihtal/public_html/agregator1/src/controllers/Dashboard/DashboardFeedsController.php(534): spark\drivers\Http\RssImporter->fetchPosts()
#6 /home/latihtal/public_html/agregator1/src/controllers/Site/SiteController.php(722): spark\controllers\Dashboard\DashboardFeedsController::importFeedPosts()
#7 [internal function]: spark\controllers\Site\SiteController->runTasks()
#8 /home/latihtal/public_html/agregator1/src/framework/Route.php(173): call_user_func_array()
#9 [internal function]: Slim\Route->Slim\{closure}()
#10 /home/latihtal/public_html/agregator1/src/framework/Route.php(468): call_user_func_array()
#11 /home/latihtal/public_html/agregator1/src/framework/Slim.php(1364): Slim\Route->dispatch()
#12 /home/latihtal/public_html/agregator1/src/framework/Middleware/Flash.php(85): Slim\Slim->call()
#13 /home/latihtal/public_html/agregator1/src/framework/Middleware/MethodOverride.php(92): Slim\Middleware\Flash->call()
#14 /home/latihtal/public_html/agregator1/src/middlewares/CsrfGuard/CsrfGuard.php(47): Slim\Middleware\MethodOverride->call()
#15 /home/latihtal/public_html/agregator1/src/framework/Middleware/PrettyExceptions.php(67): spark\middlewares\CsrfGuard\CsrfGuard->call()
#16 /home/latihtal/public_html/agregator1/src/framework/Slim.php(1308): Slim\Middleware\PrettyExceptions->call()
#17 /home/latihtal/public_html/agregator1/index.php(6): Slim\Slim->run()
#18 {main} [] []
[2026-02-11 18:59:37] SlimMonoLogger.INFO: Cron ran at: 11-02-2026 06:59:37 PM [] []
[2026-02-11 19:01:34] SlimMonoLogger.INFO: Cron ran at: 11-02-2026 07:01:34 PM [] []
[2026-02-11 19:06:28] SlimMonoLogger.INFO: Cron ran at: 11-02-2026 07:06:28 PM [] []
[2026-02-11 19:11:15] SlimMonoLogger.INFO: Cron ran at: 11-02-2026 07:11:15 PM [] []
[2026-02-11 19:16:28] SlimMonoLogger.INFO: Cron ran at: 11-02-2026 07:16:28 PM [] []
[2026-02-11 19:21:23] SlimMonoLogger.INFO: Cron ran at: 11-02-2026 07:21:23 PM [] []
[2026-02-11 19:26:28] SlimMonoLogger.INFO: Cron ran at: 11-02-2026 07:26:28 PM [] []
[2026-02-11 19:31:23] SlimMonoLogger.INFO: Cron ran at: 11-02-2026 07:31:23 PM [] []
[2026-02-11 19:36:20] SlimMonoLogger.INFO: Cron ran at: 11-02-2026 07:36:20 PM [] []
[2026-02-11 19:41:36] SlimMonoLogger.INFO: Cron ran at: 11-02-2026 07:41:36 PM [] []
[2026-02-11 19:46:22] SlimMonoLogger.INFO: Cron ran at: 11-02-2026 07:46:22 PM [] []
[2026-02-11 19:51:32] SlimMonoLogger.INFO: Cron ran at: 11-02-2026 07:51:32 PM [] []
[2026-02-11 19:56:25] SlimMonoLogger.INFO: Cron ran at: 11-02-2026 07:56:25 PM [] []
[2026-02-11 20:01:37] SlimMonoLogger.INFO: Cron ran at: 11-02-2026 08:01:37 PM [] []
[2026-02-11 20:06:22] SlimMonoLogger.INFO: Cron ran at: 11-02-2026 08:06:22 PM [] []
[2026-02-11 20:11:17] SlimMonoLogger.INFO: Cron ran at: 11-02-2026 08:11:17 PM [] []
[2026-02-11 20:16:25] SlimMonoLogger.INFO: Cron ran at: 11-02-2026 08:16:25 PM [] []
[2026-02-11 20:21:22] SlimMonoLogger.INFO: Cron ran at: 11-02-2026 08:21:22 PM [] []
[2026-02-11 20:26:21] SlimMonoLogger.INFO: Cron ran at: 11-02-2026 08:26:21 PM [] []
[2026-02-11 20:31:22] SlimMonoLogger.INFO: Cron ran at: 11-02-2026 08:31:22 PM [] []
[2026-02-11 20:36:28] SlimMonoLogger.INFO: Cron ran at: 11-02-2026 08:36:28 PM [] []
[2026-02-11 20:41:36] SlimMonoLogger.INFO: Cron ran at: 11-02-2026 08:41:36 PM [] []
[2026-02-11 20:46:33] SlimMonoLogger.INFO: Cron ran at: 11-02-2026 08:46:33 PM [] []
[2026-02-11 20:51:49] SlimMonoLogger.INFO: Cron ran at: 11-02-2026 08:51:49 PM [] []
[2026-02-11 20:56:40] SlimMonoLogger.INFO: Cron ran at: 11-02-2026 08:56:40 PM [] []
[2026-02-11 21:01:45] SlimMonoLogger.INFO: Cron ran at: 11-02-2026 09:01:45 PM [] []
[2026-02-11 21:06:55] SlimMonoLogger.INFO: Cron ran at: 11-02-2026 09:06:55 PM [] []
[2026-02-11 21:11:50] SlimMonoLogger.INFO: Cron ran at: 11-02-2026 09:11:50 PM [] []
[2026-02-11 21:16:37] SlimMonoLogger.INFO: Cron ran at: 11-02-2026 09:16:37 PM [] []
[2026-02-11 21:21:22] SlimMonoLogger.INFO: Cron ran at: 11-02-2026 09:21:22 PM [] []
[2026-02-11 21:26:20] SlimMonoLogger.INFO: Cron ran at: 11-02-2026 09:26:20 PM [] []
[2026-02-11 21:31:26] SlimMonoLogger.INFO: Cron ran at: 11-02-2026 09:31:26 PM [] []
[2026-02-11 21:36:30] SlimMonoLogger.INFO: Cron ran at: 11-02-2026 09:36:30 PM [] []
[2026-02-11 21:41:19] SlimMonoLogger.INFO: Cron ran at: 11-02-2026 09:41:19 PM [] []
[2026-02-11 21:46:29] SlimMonoLogger.INFO: Cron ran at: 11-02-2026 09:46:29 PM [] []
[2026-02-11 21:51:32] SlimMonoLogger.INFO: Cron ran at: 11-02-2026 09:51:32 PM [] []
[2026-02-11 21:56:17] SlimMonoLogger.INFO: Cron ran at: 11-02-2026 09:56:17 PM [] []
[2026-02-11 22:01:36] SlimMonoLogger.INFO: Cron ran at: 11-02-2026 10:01:36 PM [] []
[2026-02-11 22:06:23] SlimMonoLogger.INFO: Cron ran at: 11-02-2026 10:06:23 PM [] []
[2026-02-11 22:11:21] SlimMonoLogger.INFO: Cron ran at: 11-02-2026 10:11:21 PM [] []
[2026-02-11 22:16:26] SlimMonoLogger.INFO: Cron ran at: 11-02-2026 10:16:26 PM [] []
[2026-02-11 22:21:19] SlimMonoLogger.INFO: Cron ran at: 11-02-2026 10:21:19 PM [] []
[2026-02-11 22:26:29] SlimMonoLogger.INFO: Cron ran at: 11-02-2026 10:26:29 PM [] []
[2026-02-11 22:31:40] SlimMonoLogger.INFO: Cron ran at: 11-02-2026 10:31:40 PM [] []
[2026-02-11 22:36:31] SlimMonoLogger.INFO: Cron ran at: 11-02-2026 10:36:31 PM [] []
[2026-02-11 22:41:24] SlimMonoLogger.INFO: Cron ran at: 11-02-2026 10:41:24 PM [] []
[2026-02-11 22:46:17] SlimMonoLogger.INFO: Cron ran at: 11-02-2026 10:46:17 PM [] []
[2026-02-11 22:51:18] SlimMonoLogger.INFO: Cron ran at: 11-02-2026 10:51:18 PM [] []
[2026-02-11 22:56:13] SlimMonoLogger.INFO: Cron ran at: 11-02-2026 10:56:13 PM [] []
[2026-02-11 23:01:26] SlimMonoLogger.INFO: Cron ran at: 11-02-2026 11:01:26 PM [] []
[2026-02-11 23:06:59] SlimMonoLogger.INFO: Cron ran at: 11-02-2026 11:06:59 PM [] []
[2026-02-11 23:11:30] SlimMonoLogger.INFO: Cron ran at: 11-02-2026 11:11:30 PM [] []
[2026-02-11 23:16:21] SlimMonoLogger.INFO: Cron ran at: 11-02-2026 11:16:21 PM [] []
[2026-02-11 23:21:18] SlimMonoLogger.INFO: Cron ran at: 11-02-2026 11:21:18 PM [] []
[2026-02-11 23:26:16] SlimMonoLogger.INFO: Cron ran at: 11-02-2026 11:26:16 PM [] []
[2026-02-11 23:31:30] SlimMonoLogger.INFO: Cron ran at: 11-02-2026 11:31:30 PM [] []
[2026-02-11 23:36:24] SlimMonoLogger.INFO: Cron ran at: 11-02-2026 11:36:24 PM [] []
[2026-02-11 23:41:27] SlimMonoLogger.INFO: Cron ran at: 11-02-2026 11:41:27 PM [] []
[2026-02-11 23:46:30] SlimMonoLogger.INFO: Cron ran at: 11-02-2026 11:46:30 PM [] []
[2026-02-11 23:51:17] SlimMonoLogger.INFO: Cron ran at: 11-02-2026 11:51:17 PM [] []
[2026-02-11 23:56:25] SlimMonoLogger.INFO: Cron ran at: 11-02-2026 11:56:25 PM [] []
[2026-02-12 00:01:27] SlimMonoLogger.INFO: Cron ran at: 12-02-2026 12:01:27 AM [] []
[2026-02-12 00:06:23] SlimMonoLogger.INFO: Cron ran at: 12-02-2026 12:06:23 AM [] []
[2026-02-12 00:11:23] SlimMonoLogger.INFO: Cron ran at: 12-02-2026 12:11:23 AM [] []
[2026-02-12 00:16:30] SlimMonoLogger.INFO: Cron ran at: 12-02-2026 12:16:30 AM [] []
[2026-02-12 00:21:19] SlimMonoLogger.INFO: Cron ran at: 12-02-2026 12:21:19 AM [] []
[2026-02-12 00:26:28] SlimMonoLogger.INFO: Cron ran at: 12-02-2026 12:26:28 AM [] []
[2026-02-12 00:31:23] SlimMonoLogger.INFO: Cron ran at: 12-02-2026 12:31:23 AM [] []
[2026-02-12 00:36:26] SlimMonoLogger.INFO: Cron ran at: 12-02-2026 12:36:26 AM [] []
[2026-02-12 00:41:28] SlimMonoLogger.INFO: Cron ran at: 12-02-2026 12:41:28 AM [] []
[2026-02-12 00:46:18] SlimMonoLogger.INFO: Cron ran at: 12-02-2026 12:46:18 AM [] []
[2026-02-12 00:51:29] SlimMonoLogger.INFO: Cron ran at: 12-02-2026 12:51:29 AM [] []
[2026-02-12 00:56:16] SlimMonoLogger.INFO: Cron ran at: 12-02-2026 12:56:16 AM [] []
