[2025-11-11 01:00:35] SlimMonoLogger.INFO: Cron ran at: 11-11-2025 01:00:35 AM [] []
[2025-11-11 01:05:52] SlimMonoLogger.INFO: Cron ran at: 11-11-2025 01:05:52 AM [] []
[2025-11-11 01:10:34] SlimMonoLogger.INFO: Cron ran at: 11-11-2025 01:10:34 AM [] []
[2025-11-11 01:15:32] SlimMonoLogger.INFO: Cron ran at: 11-11-2025 01:15:32 AM [] []
[2025-11-11 01:20:30] SlimMonoLogger.INFO: Cron ran at: 11-11-2025 01:20:30 AM [] []
[2025-11-11 01:25:45] SlimMonoLogger.INFO: Cron ran at: 11-11-2025 01:25:45 AM [] []
[2025-11-11 01:30:36] SlimMonoLogger.INFO: Cron ran at: 11-11-2025 01:30:36 AM [] []
[2025-11-11 01:35:32] SlimMonoLogger.INFO: Cron ran at: 11-11-2025 01:35:32 AM [] []
[2025-11-11 01:40:32] SlimMonoLogger.INFO: Cron ran at: 11-11-2025 01:40:32 AM [] []
[2025-11-11 01:45:36] SlimMonoLogger.INFO: Cron ran at: 11-11-2025 01:45:36 AM [] []
[2025-11-11 01:50:33] SlimMonoLogger.INFO: Cron ran at: 11-11-2025 01:50:33 AM [] []
[2025-11-11 01:55:31] SlimMonoLogger.INFO: Cron ran at: 11-11-2025 01:55:31 AM [] []
[2025-11-11 02:00:40] SlimMonoLogger.INFO: Cron ran at: 11-11-2025 02:00:40 AM [] []
[2025-11-11 02:05:33] SlimMonoLogger.INFO: Cron ran at: 11-11-2025 02:05:33 AM [] []
[2025-11-11 02:10:32] SlimMonoLogger.INFO: Cron ran at: 11-11-2025 02:10:32 AM [] []
[2025-11-11 02:15:41] SlimMonoLogger.INFO: Cron ran at: 11-11-2025 02:15:41 AM [] []
[2025-11-11 02:20:42] SlimMonoLogger.INFO: Cron ran at: 11-11-2025 02:20:42 AM [] []
[2025-11-11 02:25:39] SlimMonoLogger.INFO: Cron ran at: 11-11-2025 02:25:39 AM [] []
[2025-11-11 02:30:39] SlimMonoLogger.INFO: Cron ran at: 11-11-2025 02:30:39 AM [] []
[2025-11-11 02:35:34] SlimMonoLogger.INFO: Cron ran at: 11-11-2025 02:35:34 AM [] []
[2025-11-11 02:40:33] SlimMonoLogger.INFO: Cron ran at: 11-11-2025 02:40:33 AM [] []
[2025-11-11 02:45:32] SlimMonoLogger.INFO: Cron ran at: 11-11-2025 02:45:32 AM [] []
[2025-11-11 02:50:39] SlimMonoLogger.INFO: Cron ran at: 11-11-2025 02:50:39 AM [] []
[2025-11-11 02:55:33] SlimMonoLogger.INFO: Cron ran at: 11-11-2025 02:55:33 AM [] []
[2025-11-11 03:00:33] SlimMonoLogger.INFO: Cron ran at: 11-11-2025 03:00:33 AM [] []
[2025-11-11 03:05:32] SlimMonoLogger.INFO: Cron ran at: 11-11-2025 03:05:32 AM [] []
[2025-11-11 03:10:32] SlimMonoLogger.INFO: Cron ran at: 11-11-2025 03:10:32 AM [] []
[2025-11-11 03:15:34] SlimMonoLogger.INFO: Cron ran at: 11-11-2025 03:15:34 AM [] []
[2025-11-11 03:20:33] SlimMonoLogger.INFO: Cron ran at: 11-11-2025 03:20:33 AM [] []
[2025-11-11 03:25:34] SlimMonoLogger.INFO: Cron ran at: 11-11-2025 03:25:34 AM [] []
[2025-11-11 03:30:35] SlimMonoLogger.INFO: Cron ran at: 11-11-2025 03:30:35 AM [] []
[2025-11-11 03:35:33] SlimMonoLogger.INFO: Cron ran at: 11-11-2025 03:35:33 AM [] []
[2025-11-11 03:40:32] SlimMonoLogger.INFO: Cron ran at: 11-11-2025 03:40:32 AM [] []
[2025-11-11 03:45:32] SlimMonoLogger.INFO: Cron ran at: 11-11-2025 03:45:32 AM [] []
[2025-11-11 03:50:31] SlimMonoLogger.INFO: Cron ran at: 11-11-2025 03:50:31 AM [] []
[2025-11-11 03:55:36] SlimMonoLogger.INFO: Cron ran at: 11-11-2025 03:55:36 AM [] []
[2025-11-11 04:00:34] SlimMonoLogger.INFO: Cron ran at: 11-11-2025 04:00:34 AM [] []
[2025-11-11 04:05:34] SlimMonoLogger.INFO: Cron ran at: 11-11-2025 04:05:34 AM [] []
[2025-11-11 04:10:31] SlimMonoLogger.INFO: Cron ran at: 11-11-2025 04:10:31 AM [] []
[2025-11-11 04:15:35] SlimMonoLogger.INFO: Cron ran at: 11-11-2025 04:15:35 AM [] []
[2025-11-11 04:20:31] SlimMonoLogger.INFO: Cron ran at: 11-11-2025 04:20:31 AM [] []
[2025-11-11 04:25:34] SlimMonoLogger.INFO: Cron ran at: 11-11-2025 04:25:34 AM [] []
[2025-11-11 04:30:36] SlimMonoLogger.INFO: Cron ran at: 11-11-2025 04:30:36 AM [] []
[2025-11-11 04:35:32] SlimMonoLogger.INFO: Cron ran at: 11-11-2025 04:35:32 AM [] []
[2025-11-11 04:40:33] SlimMonoLogger.INFO: Cron ran at: 11-11-2025 04:40:33 AM [] []
[2025-11-11 04:45:33] SlimMonoLogger.INFO: Cron ran at: 11-11-2025 04:45:33 AM [] []
[2025-11-11 04:50:32] SlimMonoLogger.INFO: Cron ran at: 11-11-2025 04:50:32 AM [] []
[2025-11-11 04:55:33] SlimMonoLogger.INFO: Cron ran at: 11-11-2025 04:55:33 AM [] []
[2025-11-11 05:00:33] SlimMonoLogger.INFO: Cron ran at: 11-11-2025 05:00:33 AM [] []
[2025-11-11 05:05:49] SlimMonoLogger.INFO: Cron ran at: 11-11-2025 05:05:49 AM [] []
[2025-11-11 05:10:35] SlimMonoLogger.INFO: Cron ran at: 11-11-2025 05:10:35 AM [] []
[2025-11-11 05:15:35] SlimMonoLogger.INFO: Cron ran at: 11-11-2025 05:15:35 AM [] []
[2025-11-11 05:20:37] SlimMonoLogger.INFO: Cron ran at: 11-11-2025 05:20:37 AM [] []
[2025-11-11 05:25:37] SlimMonoLogger.INFO: Cron ran at: 11-11-2025 05:25:37 AM [] []
[2025-11-11 05:30:36] SlimMonoLogger.INFO: Cron ran at: 11-11-2025 05:30:36 AM [] []
[2025-11-11 05:35:37] SlimMonoLogger.INFO: Cron ran at: 11-11-2025 05:35:37 AM [] []
[2025-11-11 05:40:37] SlimMonoLogger.INFO: Cron ran at: 11-11-2025 05:40:37 AM [] []
[2025-11-11 05:45:35] SlimMonoLogger.INFO: Cron ran at: 11-11-2025 05:45:35 AM [] []
[2025-11-11 05:50:31] SlimMonoLogger.INFO: Cron ran at: 11-11-2025 05:50:31 AM [] []
[2025-11-11 05:55:30] SlimMonoLogger.INFO: Cron ran at: 11-11-2025 05:55:30 AM [] []
[2025-11-11 06:00:40] SlimMonoLogger.INFO: Cron ran at: 11-11-2025 06:00:40 AM [] []
[2025-11-11 06:05:31] SlimMonoLogger.INFO: Cron ran at: 11-11-2025 06:05:31 AM [] []
[2025-11-11 06:10:33] SlimMonoLogger.INFO: Cron ran at: 11-11-2025 06:10:33 AM [] []
[2025-11-11 06:15:48] SlimMonoLogger.INFO: Cron ran at: 11-11-2025 06:15:48 AM [] []
[2025-11-11 06:20:32] SlimMonoLogger.INFO: Cron ran at: 11-11-2025 06:20:32 AM [] []
[2025-11-11 06:25:33] SlimMonoLogger.INFO: Cron ran at: 11-11-2025 06:25:33 AM [] []
[2025-11-11 06:30:46] SlimMonoLogger.INFO: Cron ran at: 11-11-2025 06:30:46 AM [] []
[2025-11-11 06:35:35] SlimMonoLogger.INFO: Cron ran at: 11-11-2025 06:35:35 AM [] []
[2025-11-11 06:40:33] SlimMonoLogger.INFO: Cron ran at: 11-11-2025 06:40:33 AM [] []
[2025-11-11 06:45:36] SlimMonoLogger.INFO: Cron ran at: 11-11-2025 06:45:36 AM [] []
[2025-11-11 06:50:35] SlimMonoLogger.INFO: Cron ran at: 11-11-2025 06:50:35 AM [] []
[2025-11-11 06:55:36] SlimMonoLogger.INFO: Cron ran at: 11-11-2025 06:55:36 AM [] []
[2025-11-11 07:00:35] SlimMonoLogger.INFO: Cron ran at: 11-11-2025 07:00:35 AM [] []
[2025-11-11 07:05:44] SlimMonoLogger.INFO: Cron ran at: 11-11-2025 07:05:44 AM [] []
[2025-11-11 07:10:31] SlimMonoLogger.INFO: Cron ran at: 11-11-2025 07:10:31 AM [] []
[2025-11-11 07:15:36] SlimMonoLogger.INFO: Cron ran at: 11-11-2025 07:15:36 AM [] []
[2025-11-11 07:20:37] SlimMonoLogger.INFO: Cron ran at: 11-11-2025 07:20:37 AM [] []
[2025-11-11 07:25:58] SlimMonoLogger.INFO: Cron ran at: 11-11-2025 07:25:58 AM [] []
[2025-11-11 07:30:38] SlimMonoLogger.INFO: Cron ran at: 11-11-2025 07:30:38 AM [] []
[2025-11-11 07:35:38] SlimMonoLogger.INFO: Cron ran at: 11-11-2025 07:35:38 AM [] []
[2025-11-11 07:40:38] SlimMonoLogger.INFO: Cron ran at: 11-11-2025 07:40:38 AM [] []
[2025-11-11 07:45:37] SlimMonoLogger.INFO: Cron ran at: 11-11-2025 07:45:37 AM [] []
[2025-11-11 07:50:34] SlimMonoLogger.INFO: Cron ran at: 11-11-2025 07:50:34 AM [] []
[2025-11-11 07:55:34] SlimMonoLogger.INFO: Cron ran at: 11-11-2025 07:55:34 AM [] []
[2025-11-11 08:00:39] SlimMonoLogger.INFO: Cron ran at: 11-11-2025 08:00:39 AM [] []
[2025-11-11 08:05:40] SlimMonoLogger.INFO: Cron ran at: 11-11-2025 08:05:40 AM [] []
[2025-11-11 08:10:34] SlimMonoLogger.INFO: Cron ran at: 11-11-2025 08:10:34 AM [] []
[2025-11-11 08:15:33] SlimMonoLogger.INFO: Cron ran at: 11-11-2025 08:15:33 AM [] []
[2025-11-11 08:20:35] SlimMonoLogger.INFO: Cron ran at: 11-11-2025 08:20:35 AM [] []
[2025-11-11 08:25:34] SlimMonoLogger.INFO: Cron ran at: 11-11-2025 08:25:34 AM [] []
[2025-11-11 08:30:39] SlimMonoLogger.INFO: Cron ran at: 11-11-2025 08:30:39 AM [] []
[2025-11-11 08:35:40] SlimMonoLogger.INFO: Cron ran at: 11-11-2025 08:35:40 AM [] []
[2025-11-11 08:45:46] SlimMonoLogger.INFO: Cron ran at: 11-11-2025 08:45:46 AM [] []
[2025-11-11 08:50:38] SlimMonoLogger.INFO: Cron ran at: 11-11-2025 08:50:38 AM [] []
[2025-11-11 08:55:38] SlimMonoLogger.INFO: Cron ran at: 11-11-2025 08:55:38 AM [] []
[2025-11-11 09:00:39] SlimMonoLogger.INFO: Cron ran at: 11-11-2025 09:00:39 AM [] []
[2025-11-11 09:05:40] SlimMonoLogger.INFO: Cron ran at: 11-11-2025 09:05:40 AM [] []
[2025-11-11 09:10:45] SlimMonoLogger.INFO: Cron ran at: 11-11-2025 09:10:45 AM [] []
[2025-11-11 09:15:37] SlimMonoLogger.INFO: Cron ran at: 11-11-2025 09:15:37 AM [] []
[2025-11-11 09:20:37] SlimMonoLogger.INFO: Cron ran at: 11-11-2025 09:20:37 AM [] []
[2025-11-11 09:25:41] SlimMonoLogger.INFO: Cron ran at: 11-11-2025 09:25:41 AM [] []
[2025-11-11 09:30:43] SlimMonoLogger.INFO: Cron ran at: 11-11-2025 09:30:43 AM [] []
[2025-11-11 09:35:39] SlimMonoLogger.INFO: Cron ran at: 11-11-2025 09:35:39 AM [] []
[2025-11-11 09:45:45] SlimMonoLogger.INFO: Cron ran at: 11-11-2025 09:45:45 AM [] []
[2025-11-11 09:50:34] SlimMonoLogger.INFO: Cron ran at: 11-11-2025 09:50:34 AM [] []
[2025-11-11 09:55:35] SlimMonoLogger.INFO: Cron ran at: 11-11-2025 09:55:35 AM [] []
[2025-11-11 10:05:40] SlimMonoLogger.INFO: Cron ran at: 11-11-2025 10:05:40 AM [] []
[2025-11-11 10:10:36] SlimMonoLogger.INFO: Cron ran at: 11-11-2025 10:10:36 AM [] []
[2025-11-11 10:15:36] SlimMonoLogger.INFO: Cron ran at: 11-11-2025 10:15:36 AM [] []
[2025-11-11 10:20:38] SlimMonoLogger.INFO: Cron ran at: 11-11-2025 10:20:38 AM [] []
[2025-11-11 10:25:47] SlimMonoLogger.INFO: Cron ran at: 11-11-2025 10:25:47 AM [] []
[2025-11-11 10:30:55] SlimMonoLogger.INFO: Cron ran at: 11-11-2025 10:30:55 AM [] []
[2025-11-11 10:35:43] SlimMonoLogger.INFO: Cron ran at: 11-11-2025 10:35:43 AM [] []
[2025-11-11 10:40:39] SlimMonoLogger.INFO: Cron ran at: 11-11-2025 10:40:39 AM [] []
[2025-11-11 10:45:47] SlimMonoLogger.INFO: Cron ran at: 11-11-2025 10:45:47 AM [] []
[2025-11-11 10:50:39] SlimMonoLogger.INFO: Cron ran at: 11-11-2025 10:50:39 AM [] []
[2025-11-11 10:55:44] SlimMonoLogger.INFO: Cron ran at: 11-11-2025 10:55:44 AM [] []
[2025-11-11 11:00:38] SlimMonoLogger.INFO: Cron ran at: 11-11-2025 11:00:38 AM [] []
[2025-11-11 11:05:44] SlimMonoLogger.INFO: Cron ran at: 11-11-2025 11:05:44 AM [] []
[2025-11-11 11:10:35] SlimMonoLogger.INFO: Cron ran at: 11-11-2025 11:10:35 AM [] []
[2025-11-11 11:15:42] SlimMonoLogger.INFO: Cron ran at: 11-11-2025 11:15:42 AM [] []
[2025-11-11 11:20:37] SlimMonoLogger.INFO: Cron ran at: 11-11-2025 11:20:37 AM [] []
[2025-11-11 11:25:44] SlimMonoLogger.INFO: Cron ran at: 11-11-2025 11:25:44 AM [] []
[2025-11-11 11:30:39] SlimMonoLogger.INFO: Cron ran at: 11-11-2025 11:30:39 AM [] []
[2025-11-11 11:35:37] SlimMonoLogger.INFO: Cron ran at: 11-11-2025 11:35:37 AM [] []
[2025-11-11 11:40:41] SlimMonoLogger.INFO: Cron ran at: 11-11-2025 11:40:41 AM [] []
[2025-11-11 11:45:41] SlimMonoLogger.INFO: Cron ran at: 11-11-2025 11:45:41 AM [] []
[2025-11-11 11:50:44] SlimMonoLogger.INFO: Cron ran at: 11-11-2025 11:50:44 AM [] []
[2025-11-11 11:55:40] SlimMonoLogger.INFO: Cron ran at: 11-11-2025 11:55:40 AM [] []
[2025-11-11 12:00:38] SlimMonoLogger.INFO: Cron ran at: 11-11-2025 12:00:38 PM [] []
[2025-11-11 12:05:43] SlimMonoLogger.INFO: Cron ran at: 11-11-2025 12:05:43 PM [] []
[2025-11-11 12:10:39] SlimMonoLogger.INFO: Cron ran at: 11-11-2025 12:10:39 PM [] []
[2025-11-11 12:15:37] SlimMonoLogger.INFO: Cron ran at: 11-11-2025 12:15:37 PM [] []
[2025-11-11 12:20:37] SlimMonoLogger.INFO: Cron ran at: 11-11-2025 12:20:37 PM [] []
[2025-11-11 12:25:39] SlimMonoLogger.INFO: Cron ran at: 11-11-2025 12:25:39 PM [] []
[2025-11-11 12:30:39] SlimMonoLogger.INFO: Cron ran at: 11-11-2025 12:30:39 PM [] []
[2025-11-11 12:35:39] SlimMonoLogger.INFO: Cron ran at: 11-11-2025 12:35:39 PM [] []
[2025-11-11 12:40:57] SlimMonoLogger.INFO: Cron ran at: 11-11-2025 12:40:57 PM [] []
[2025-11-11 12:45:40] SlimMonoLogger.INFO: Cron ran at: 11-11-2025 12:45:40 PM [] []
[2025-11-11 12:50:41] SlimMonoLogger.INFO: Cron ran at: 11-11-2025 12:50:41 PM [] []
[2025-11-11 12:55:40] SlimMonoLogger.INFO: Cron ran at: 11-11-2025 12:55:40 PM [] []
[2025-11-11 13:00:41] SlimMonoLogger.INFO: Cron ran at: 11-11-2025 01:00:41 PM [] []
[2025-11-11 13:05:40] SlimMonoLogger.INFO: Cron ran at: 11-11-2025 01:05:40 PM [] []
[2025-11-11 13:10:34] SlimMonoLogger.INFO: Cron ran at: 11-11-2025 01:10:34 PM [] []
[2025-11-11 13:15:50] SlimMonoLogger.INFO: Cron ran at: 11-11-2025 01:15:50 PM [] []
[2025-11-11 13:20:40] SlimMonoLogger.INFO: Cron ran at: 11-11-2025 01:20:40 PM [] []
[2025-11-11 13:25:39] SlimMonoLogger.INFO: Cron ran at: 11-11-2025 01:25:39 PM [] []
[2025-11-11 13:30:48] SlimMonoLogger.INFO: Cron ran at: 11-11-2025 01:30:48 PM [] []
[2025-11-11 13:35:39] SlimMonoLogger.INFO: Cron ran at: 11-11-2025 01:35:39 PM [] []
[2025-11-11 13:40:37] SlimMonoLogger.INFO: Cron ran at: 11-11-2025 01:40:37 PM [] []
[2025-11-11 13:45:40] SlimMonoLogger.INFO: Cron ran at: 11-11-2025 01:45:40 PM [] []
[2025-11-11 13:50:37] SlimMonoLogger.INFO: Cron ran at: 11-11-2025 01:50:37 PM [] []
[2025-11-11 13:55:39] SlimMonoLogger.INFO: Cron ran at: 11-11-2025 01:55:39 PM [] []
[2025-11-11 14:00:44] SlimMonoLogger.INFO: Cron ran at: 11-11-2025 02:00:44 PM [] []
[2025-11-11 14:05:41] SlimMonoLogger.INFO: Cron ran at: 11-11-2025 02:05:41 PM [] []
[2025-11-11 14:10:36] SlimMonoLogger.INFO: Cron ran at: 11-11-2025 02:10:36 PM [] []
[2025-11-11 14:15:48] SlimMonoLogger.INFO: Cron ran at: 11-11-2025 02:15:48 PM [] []
[2025-11-11 14:20:37] SlimMonoLogger.INFO: Cron ran at: 11-11-2025 02:20:37 PM [] []
[2025-11-11 14:25:36] SlimMonoLogger.INFO: Cron ran at: 11-11-2025 02:25:36 PM [] []
[2025-11-11 14:30:36] SlimMonoLogger.INFO: Cron ran at: 11-11-2025 02:30:36 PM [] []
[2025-11-11 14:40:41] SlimMonoLogger.INFO: Cron ran at: 11-11-2025 02:40:41 PM [] []
[2025-11-11 14:43:36] SlimMonoLogger.ERROR: Requests_Exception: cURL error 28: Operation timed out after 500002 milliseconds with 15496 bytes received in /home/latihtal/public_html/agregator1/src/vendor/rmccue/requests/library/Requests/Transport/cURL.php:422
Stack trace:
#0 /home/latihtal/public_html/agregator1/src/vendor/rmccue/requests/library/Requests/Transport/cURL.php(177): Requests_Transport_cURL->process_response()
#1 /home/latihtal/public_html/agregator1/src/vendor/rmccue/requests/library/Requests.php(379): Requests_Transport_cURL->request()
#2 /home/latihtal/public_html/agregator1/src/vendor/rmccue/requests/library/Requests/Session.php(205): Requests::request()
#3 /home/latihtal/public_html/agregator1/src/vendor/rmccue/requests/library/Requests/Session.php(132): Requests_Session->request()
#4 /home/latihtal/public_html/agregator1/src/drivers/Http/RssImporter.php(144): Requests_Session->get()
#5 /home/latihtal/public_html/agregator1/src/controllers/Dashboard/DashboardFeedsController.php(534): spark\drivers\Http\RssImporter->fetchPosts()
#6 /home/latihtal/public_html/agregator1/src/controllers/Site/SiteController.php(722): spark\controllers\Dashboard\DashboardFeedsController::importFeedPosts()
#7 [internal function]: spark\controllers\Site\SiteController->runTasks()
#8 /home/latihtal/public_html/agregator1/src/framework/Route.php(173): call_user_func_array()
#9 [internal function]: Slim\Route->Slim\{closure}()
#10 /home/latihtal/public_html/agregator1/src/framework/Route.php(468): call_user_func_array()
#11 /home/latihtal/public_html/agregator1/src/framework/Slim.php(1364): Slim\Route->dispatch()
#12 /home/latihtal/public_html/agregator1/src/framework/Middleware/Flash.php(85): Slim\Slim->call()
#13 /home/latihtal/public_html/agregator1/src/framework/Middleware/MethodOverride.php(92): Slim\Middleware\Flash->call()
#14 /home/latihtal/public_html/agregator1/src/middlewares/CsrfGuard/CsrfGuard.php(47): Slim\Middleware\MethodOverride->call()
#15 /home/latihtal/public_html/agregator1/src/framework/Middleware/PrettyExceptions.php(67): spark\middlewares\CsrfGuard\CsrfGuard->call()
#16 /home/latihtal/public_html/agregator1/src/framework/Slim.php(1308): Slim\Middleware\PrettyExceptions->call()
#17 /home/latihtal/public_html/agregator1/index.php(6): Slim\Slim->run()
#18 {main} [] []
[2025-11-11 14:44:02] SlimMonoLogger.INFO: Cron ran at: 11-11-2025 02:44:02 PM [] []
[2025-11-11 14:45:32] SlimMonoLogger.INFO: Cron ran at: 11-11-2025 02:45:32 PM [] []
[2025-11-11 14:50:34] SlimMonoLogger.INFO: Cron ran at: 11-11-2025 02:50:34 PM [] []
[2025-11-11 14:55:39] SlimMonoLogger.INFO: Cron ran at: 11-11-2025 02:55:39 PM [] []
[2025-11-11 15:00:46] SlimMonoLogger.INFO: Cron ran at: 11-11-2025 03:00:46 PM [] []
[2025-11-11 15:05:41] SlimMonoLogger.INFO: Cron ran at: 11-11-2025 03:05:41 PM [] []
[2025-11-11 15:10:40] SlimMonoLogger.INFO: Cron ran at: 11-11-2025 03:10:40 PM [] []
[2025-11-11 15:15:39] SlimMonoLogger.INFO: Cron ran at: 11-11-2025 03:15:39 PM [] []
[2025-11-11 15:20:39] SlimMonoLogger.INFO: Cron ran at: 11-11-2025 03:20:39 PM [] []
[2025-11-11 15:25:42] SlimMonoLogger.INFO: Cron ran at: 11-11-2025 03:25:42 PM [] []
[2025-11-11 15:30:40] SlimMonoLogger.INFO: Cron ran at: 11-11-2025 03:30:40 PM [] []
[2025-11-11 15:35:41] SlimMonoLogger.INFO: Cron ran at: 11-11-2025 03:35:41 PM [] []
[2025-11-11 15:40:43] SlimMonoLogger.INFO: Cron ran at: 11-11-2025 03:40:43 PM [] []
[2025-11-11 15:45:42] SlimMonoLogger.INFO: Cron ran at: 11-11-2025 03:45:42 PM [] []
[2025-11-11 15:50:43] SlimMonoLogger.INFO: Cron ran at: 11-11-2025 03:50:43 PM [] []
[2025-11-11 15:55:41] SlimMonoLogger.INFO: Cron ran at: 11-11-2025 03:55:41 PM [] []
[2025-11-11 16:00:57] SlimMonoLogger.INFO: Cron ran at: 11-11-2025 04:00:57 PM [] []
[2025-11-11 16:05:32] SlimMonoLogger.INFO: Cron ran at: 11-11-2025 04:05:32 PM [] []
[2025-11-11 16:10:43] SlimMonoLogger.INFO: Cron ran at: 11-11-2025 04:10:43 PM [] []
[2025-11-11 16:15:34] SlimMonoLogger.INFO: Cron ran at: 11-11-2025 04:15:34 PM [] []
[2025-11-11 16:20:38] SlimMonoLogger.INFO: Cron ran at: 11-11-2025 04:20:38 PM [] []
[2025-11-11 16:25:39] SlimMonoLogger.INFO: Cron ran at: 11-11-2025 04:25:39 PM [] []
[2025-11-11 16:30:42] SlimMonoLogger.INFO: Cron ran at: 11-11-2025 04:30:42 PM [] []
[2025-11-11 16:35:37] SlimMonoLogger.INFO: Cron ran at: 11-11-2025 04:35:37 PM [] []
[2025-11-11 16:40:35] SlimMonoLogger.INFO: Cron ran at: 11-11-2025 04:40:35 PM [] []
[2025-11-11 16:45:40] SlimMonoLogger.INFO: Cron ran at: 11-11-2025 04:45:40 PM [] []
[2025-11-11 16:50:42] SlimMonoLogger.INFO: Cron ran at: 11-11-2025 04:50:42 PM [] []
[2025-11-11 16:55:34] SlimMonoLogger.INFO: Cron ran at: 11-11-2025 04:55:34 PM [] []
[2025-11-11 17:00:51] SlimMonoLogger.INFO: Cron ran at: 11-11-2025 05:00:51 PM [] []
[2025-11-11 16:05:15] SlimMonoLogger.CRITICAL: PDOException: SQLSTATE[HY000] [1040] Too many connections in /home/latihtal/public_html/agregator1/src/framework/PDO/Database.php:34
Stack trace:
#0 /home/latihtal/public_html/agregator1/src/framework/PDO/Database.php(34): PDO->__construct()
#1 /home/latihtal/public_html/agregator1/src/dependencies.php(73): Slim\PDO\Database->__construct()
#2 /home/latihtal/public_html/agregator1/src/framework/Helper/Set.php(231): {closure}()
#3 /home/latihtal/public_html/agregator1/src/framework/Helper/Set.php(88): Slim\Helper\Set->Slim\Helper\{closure}()
#4 /home/latihtal/public_html/agregator1/src/framework/Slim.php(232): Slim\Helper\Set->get()
#5 /home/latihtal/public_html/agregator1/src/models/Model.php(176): Slim\Slim->__get()
#6 /home/latihtal/public_html/agregator1/src/models/OptionModel.php(180): spark\models\Model->select()
#7 /home/latihtal/public_html/agregator1/src/models/OptionModel.php(40): spark\models\OptionModel->autoloadOptions()
#8 /home/latihtal/public_html/agregator1/src/dependencies.php(99): spark\models\OptionModel->__construct()
#9 /home/latihtal/public_html/agregator1/src/framework/Helper/Set.php(231): {closure}()
#10 /home/latihtal/public_html/agregator1/src/framework/Helper/Set.php(88): Slim\Helper\Set->Slim\Helper\{closure}()
#11 /home/latihtal/public_html/agregator1/src/framework/Slim.php(232): Slim\Helper\Set->get()
#12 /home/latihtal/public_html/agregator1/src/drivers/Views/ThemeManager.php(34): Slim\Slim->__get()
#13 /home/latihtal/public_html/agregator1/src/dependencies.php(142): spark\drivers\Views\ThemeManager->initEngine()
#14 /home/latihtal/public_html/agregator1/src/bootstrap.php(68): require('/home/latihtal/...')
#15 /home/latihtal/public_html/agregator1/index.php(4): require('/home/latihtal/...')
#16 {main} [] []
[2025-11-11 17:10:41] SlimMonoLogger.INFO: Cron ran at: 11-11-2025 05:10:41 PM [] []
[2025-11-11 17:15:34] SlimMonoLogger.INFO: Cron ran at: 11-11-2025 05:15:34 PM [] []
[2025-11-11 17:20:38] SlimMonoLogger.INFO: Cron ran at: 11-11-2025 05:20:38 PM [] []
[2025-11-11 17:25:42] SlimMonoLogger.INFO: Cron ran at: 11-11-2025 05:25:42 PM [] []
[2025-11-11 17:30:38] SlimMonoLogger.INFO: Cron ran at: 11-11-2025 05:30:38 PM [] []
[2025-11-11 17:35:35] SlimMonoLogger.INFO: Cron ran at: 11-11-2025 05:35:35 PM [] []
[2025-11-11 17:40:34] SlimMonoLogger.INFO: Cron ran at: 11-11-2025 05:40:34 PM [] []
[2025-11-11 17:46:09] SlimMonoLogger.INFO: Cron ran at: 11-11-2025 05:46:09 PM [] []
[2025-11-11 17:50:54] SlimMonoLogger.INFO: Cron ran at: 11-11-2025 05:50:54 PM [] []
[2025-11-11 17:55:58] SlimMonoLogger.INFO: Cron ran at: 11-11-2025 05:55:58 PM [] []
[2025-11-11 18:00:47] SlimMonoLogger.INFO: Cron ran at: 11-11-2025 06:00:47 PM [] []
[2025-11-11 18:05:43] SlimMonoLogger.INFO: Cron ran at: 11-11-2025 06:05:43 PM [] []
[2025-11-11 18:10:36] SlimMonoLogger.INFO: Cron ran at: 11-11-2025 06:10:36 PM [] []
[2025-11-11 18:15:36] SlimMonoLogger.INFO: Cron ran at: 11-11-2025 06:15:36 PM [] []
[2025-11-11 18:20:42] SlimMonoLogger.INFO: Cron ran at: 11-11-2025 06:20:42 PM [] []
[2025-11-11 18:25:38] SlimMonoLogger.INFO: Cron ran at: 11-11-2025 06:25:38 PM [] []
[2025-11-11 18:30:49] SlimMonoLogger.INFO: Cron ran at: 11-11-2025 06:30:49 PM [] []
[2025-11-11 18:35:34] SlimMonoLogger.INFO: Cron ran at: 11-11-2025 06:35:34 PM [] []
[2025-11-11 18:40:44] SlimMonoLogger.INFO: Cron ran at: 11-11-2025 06:40:44 PM [] []
[2025-11-11 18:45:31] SlimMonoLogger.INFO: Cron ran at: 11-11-2025 06:45:31 PM [] []
[2025-11-11 18:50:36] SlimMonoLogger.INFO: Cron ran at: 11-11-2025 06:50:36 PM [] []
[2025-11-11 18:55:38] SlimMonoLogger.INFO: Cron ran at: 11-11-2025 06:55:38 PM [] []
[2025-11-11 19:00:49] SlimMonoLogger.INFO: Cron ran at: 11-11-2025 07:00:49 PM [] []
[2025-11-11 19:05:36] SlimMonoLogger.INFO: Cron ran at: 11-11-2025 07:05:36 PM [] []
[2025-11-11 19:10:41] SlimMonoLogger.INFO: Cron ran at: 11-11-2025 07:10:41 PM [] []
[2025-11-11 19:15:38] SlimMonoLogger.INFO: Cron ran at: 11-11-2025 07:15:38 PM [] []
[2025-11-11 19:20:46] SlimMonoLogger.INFO: Cron ran at: 11-11-2025 07:20:46 PM [] []
[2025-11-11 19:25:36] SlimMonoLogger.INFO: Cron ran at: 11-11-2025 07:25:36 PM [] []
[2025-11-11 19:30:37] SlimMonoLogger.INFO: Cron ran at: 11-11-2025 07:30:37 PM [] []
[2025-11-11 19:35:44] SlimMonoLogger.INFO: Cron ran at: 11-11-2025 07:35:44 PM [] []
[2025-11-11 19:40:49] SlimMonoLogger.INFO: Cron ran at: 11-11-2025 07:40:49 PM [] []
[2025-11-11 19:45:40] SlimMonoLogger.INFO: Cron ran at: 11-11-2025 07:45:40 PM [] []
[2025-11-11 19:50:40] SlimMonoLogger.INFO: Cron ran at: 11-11-2025 07:50:40 PM [] []
[2025-11-11 19:55:42] SlimMonoLogger.INFO: Cron ran at: 11-11-2025 07:55:42 PM [] []
[2025-11-11 20:00:36] SlimMonoLogger.INFO: Cron ran at: 11-11-2025 08:00:36 PM [] []
[2025-11-11 20:05:34] SlimMonoLogger.INFO: Cron ran at: 11-11-2025 08:05:34 PM [] []
[2025-11-11 20:10:44] SlimMonoLogger.INFO: Cron ran at: 11-11-2025 08:10:44 PM [] []
[2025-11-11 20:15:40] SlimMonoLogger.INFO: Cron ran at: 11-11-2025 08:15:40 PM [] []
[2025-11-11 20:20:35] SlimMonoLogger.INFO: Cron ran at: 11-11-2025 08:20:35 PM [] []
[2025-11-11 20:25:36] SlimMonoLogger.INFO: Cron ran at: 11-11-2025 08:25:36 PM [] []
[2025-11-11 20:30:33] SlimMonoLogger.INFO: Cron ran at: 11-11-2025 08:30:33 PM [] []
[2025-11-11 20:35:38] SlimMonoLogger.INFO: Cron ran at: 11-11-2025 08:35:38 PM [] []
[2025-11-11 20:40:37] SlimMonoLogger.INFO: Cron ran at: 11-11-2025 08:40:37 PM [] []
[2025-11-11 20:45:47] SlimMonoLogger.INFO: Cron ran at: 11-11-2025 08:45:47 PM [] []
[2025-11-11 20:50:40] SlimMonoLogger.INFO: Cron ran at: 11-11-2025 08:50:40 PM [] []
[2025-11-11 20:55:38] SlimMonoLogger.INFO: Cron ran at: 11-11-2025 08:55:38 PM [] []
[2025-11-11 21:01:12] SlimMonoLogger.INFO: Cron ran at: 11-11-2025 09:01:12 PM [] []
[2025-11-11 21:05:32] SlimMonoLogger.INFO: Cron ran at: 11-11-2025 09:05:32 PM [] []
[2025-11-11 21:10:33] SlimMonoLogger.INFO: Cron ran at: 11-11-2025 09:10:33 PM [] []
[2025-11-11 21:15:38] SlimMonoLogger.INFO: Cron ran at: 11-11-2025 09:15:38 PM [] []
[2025-11-11 21:20:43] SlimMonoLogger.INFO: Cron ran at: 11-11-2025 09:20:43 PM [] []
[2025-11-11 21:25:35] SlimMonoLogger.INFO: Cron ran at: 11-11-2025 09:25:35 PM [] []
[2025-11-11 21:30:36] SlimMonoLogger.INFO: Cron ran at: 11-11-2025 09:30:36 PM [] []
[2025-11-11 21:35:32] SlimMonoLogger.INFO: Cron ran at: 11-11-2025 09:35:32 PM [] []
[2025-11-11 21:40:37] SlimMonoLogger.INFO: Cron ran at: 11-11-2025 09:40:37 PM [] []
[2025-11-11 21:45:34] SlimMonoLogger.INFO: Cron ran at: 11-11-2025 09:45:34 PM [] []
[2025-11-11 21:50:41] SlimMonoLogger.INFO: Cron ran at: 11-11-2025 09:50:41 PM [] []
[2025-11-11 21:55:36] SlimMonoLogger.INFO: Cron ran at: 11-11-2025 09:55:36 PM [] []
[2025-11-11 22:00:36] SlimMonoLogger.INFO: Cron ran at: 11-11-2025 10:00:36 PM [] []
[2025-11-11 22:05:37] SlimMonoLogger.INFO: Cron ran at: 11-11-2025 10:05:37 PM [] []
[2025-11-11 22:10:37] SlimMonoLogger.INFO: Cron ran at: 11-11-2025 10:10:37 PM [] []
[2025-11-11 22:15:39] SlimMonoLogger.INFO: Cron ran at: 11-11-2025 10:15:39 PM [] []
[2025-11-11 22:20:36] SlimMonoLogger.INFO: Cron ran at: 11-11-2025 10:20:36 PM [] []
[2025-11-11 22:25:42] SlimMonoLogger.INFO: Cron ran at: 11-11-2025 10:25:42 PM [] []
[2025-11-11 22:30:44] SlimMonoLogger.INFO: Cron ran at: 11-11-2025 10:30:44 PM [] []
[2025-11-11 22:35:41] SlimMonoLogger.INFO: Cron ran at: 11-11-2025 10:35:41 PM [] []
[2025-11-11 22:40:38] SlimMonoLogger.INFO: Cron ran at: 11-11-2025 10:40:38 PM [] []
[2025-11-11 22:45:37] SlimMonoLogger.INFO: Cron ran at: 11-11-2025 10:45:37 PM [] []
[2025-11-11 22:50:36] SlimMonoLogger.INFO: Cron ran at: 11-11-2025 10:50:36 PM [] []
[2025-11-11 22:55:35] SlimMonoLogger.INFO: Cron ran at: 11-11-2025 10:55:35 PM [] []
[2025-11-11 23:00:44] SlimMonoLogger.INFO: Cron ran at: 11-11-2025 11:00:44 PM [] []
[2025-11-11 23:05:41] SlimMonoLogger.INFO: Cron ran at: 11-11-2025 11:05:41 PM [] []
[2025-11-11 23:10:35] SlimMonoLogger.INFO: Cron ran at: 11-11-2025 11:10:35 PM [] []
[2025-11-11 23:15:35] SlimMonoLogger.INFO: Cron ran at: 11-11-2025 11:15:35 PM [] []
[2025-11-11 23:20:39] SlimMonoLogger.INFO: Cron ran at: 11-11-2025 11:20:39 PM [] []
[2025-11-11 23:25:35] SlimMonoLogger.INFO: Cron ran at: 11-11-2025 11:25:35 PM [] []
[2025-11-11 23:30:37] SlimMonoLogger.INFO: Cron ran at: 11-11-2025 11:30:37 PM [] []
[2025-11-11 23:35:36] SlimMonoLogger.INFO: Cron ran at: 11-11-2025 11:35:36 PM [] []
[2025-11-11 23:40:34] SlimMonoLogger.INFO: Cron ran at: 11-11-2025 11:40:34 PM [] []
[2025-11-11 23:45:37] SlimMonoLogger.INFO: Cron ran at: 11-11-2025 11:45:37 PM [] []
[2025-11-11 23:50:35] SlimMonoLogger.INFO: Cron ran at: 11-11-2025 11:50:35 PM [] []
[2025-11-11 23:55:38] SlimMonoLogger.INFO: Cron ran at: 11-11-2025 11:55:38 PM [] []
[2025-11-12 00:00:36] SlimMonoLogger.INFO: Cron ran at: 12-11-2025 12:00:36 AM [] []
[2025-11-12 00:05:39] SlimMonoLogger.INFO: Cron ran at: 12-11-2025 12:05:39 AM [] []
[2025-11-12 00:10:37] SlimMonoLogger.INFO: Cron ran at: 12-11-2025 12:10:37 AM [] []
[2025-11-12 00:15:38] SlimMonoLogger.INFO: Cron ran at: 12-11-2025 12:15:38 AM [] []
[2025-11-12 00:20:44] SlimMonoLogger.INFO: Cron ran at: 12-11-2025 12:20:44 AM [] []
[2025-11-12 00:25:37] SlimMonoLogger.INFO: Cron ran at: 12-11-2025 12:25:37 AM [] []
[2025-11-12 00:30:42] SlimMonoLogger.INFO: Cron ran at: 12-11-2025 12:30:42 AM [] []
[2025-11-12 00:35:37] SlimMonoLogger.INFO: Cron ran at: 12-11-2025 12:35:37 AM [] []
[2025-11-12 00:40:39] SlimMonoLogger.INFO: Cron ran at: 12-11-2025 12:40:39 AM [] []
[2025-11-12 00:45:37] SlimMonoLogger.INFO: Cron ran at: 12-11-2025 12:45:37 AM [] []
[2025-11-12 00:50:37] SlimMonoLogger.INFO: Cron ran at: 12-11-2025 12:50:37 AM [] []
[2025-11-12 00:55:37] SlimMonoLogger.INFO: Cron ran at: 12-11-2025 12:55:37 AM [] []
