[2025-04-12 02:00:23] SlimMonoLogger.INFO: Cron ran at: 12-04-2025 02:00:23 AM [] []
[2025-04-12 02:05:39] SlimMonoLogger.INFO: Cron ran at: 12-04-2025 02:05:39 AM [] []
[2025-04-12 02:10:33] SlimMonoLogger.INFO: Cron ran at: 12-04-2025 02:10:33 AM [] []
[2025-04-12 02:15:33] SlimMonoLogger.INFO: Cron ran at: 12-04-2025 02:15:33 AM [] []
[2025-04-12 02:20:31] SlimMonoLogger.INFO: Cron ran at: 12-04-2025 02:20:31 AM [] []
[2025-04-12 02:25:28] SlimMonoLogger.INFO: Cron ran at: 12-04-2025 02:25:28 AM [] []
[2025-04-12 02:30:29] SlimMonoLogger.INFO: Cron ran at: 12-04-2025 02:30:29 AM [] []
[2025-04-12 02:35:30] SlimMonoLogger.INFO: Cron ran at: 12-04-2025 02:35:30 AM [] []
[2025-04-12 02:40:23] SlimMonoLogger.INFO: Cron ran at: 12-04-2025 02:40:23 AM [] []
[2025-04-12 02:45:24] SlimMonoLogger.INFO: Cron ran at: 12-04-2025 02:45:24 AM [] []
[2025-04-12 02:50:25] SlimMonoLogger.INFO: Cron ran at: 12-04-2025 02:50:25 AM [] []
[2025-04-12 02:55:26] SlimMonoLogger.INFO: Cron ran at: 12-04-2025 02:55:26 AM [] []
[2025-04-12 03:00:28] SlimMonoLogger.INFO: Cron ran at: 12-04-2025 03:00:28 AM [] []
[2025-04-12 03:05:22] SlimMonoLogger.INFO: Cron ran at: 12-04-2025 03:05:22 AM [] []
[2025-04-12 03:10:26] SlimMonoLogger.INFO: Cron ran at: 12-04-2025 03:10:26 AM [] []
[2025-04-12 03:15:26] SlimMonoLogger.INFO: Cron ran at: 12-04-2025 03:15:26 AM [] []
[2025-04-12 03:21:26] SlimMonoLogger.INFO: Cron ran at: 12-04-2025 03:21:26 AM [] []
[2025-04-12 03:27:20] SlimMonoLogger.INFO: Cron ran at: 12-04-2025 03:27:20 AM [] []
[2025-04-12 01:30:04] SlimMonoLogger.CRITICAL: PDOException: SQLSTATE[HY000] [2002] Can't connect to local server through socket '/var/lib/mysql/mysql.sock' (2) in /home/latihtal/public_html/agregator1/src/framework/PDO/Database.php:34
Stack trace:
#0 /home/latihtal/public_html/agregator1/src/framework/PDO/Database.php(34): PDO->__construct()
#1 /home/latihtal/public_html/agregator1/src/dependencies.php(76): Slim\PDO\Database->__construct()
#2 /home/latihtal/public_html/agregator1/src/framework/Helper/Set.php(231): {closure}()
#3 /home/latihtal/public_html/agregator1/src/framework/Helper/Set.php(88): Slim\Helper\Set->Slim\Helper\{closure}()
#4 /home/latihtal/public_html/agregator1/src/framework/Slim.php(232): Slim\Helper\Set->get()
#5 /home/latihtal/public_html/agregator1/src/models/Model.php(176): Slim\Slim->__get()
#6 /home/latihtal/public_html/agregator1/src/models/OptionModel.php(180): spark\models\Model->select()
#7 /home/latihtal/public_html/agregator1/src/models/OptionModel.php(40): spark\models\OptionModel->autoloadOptions()
#8 /home/latihtal/public_html/agregator1/src/dependencies.php(99): spark\models\OptionModel->__construct()
#9 /home/latihtal/public_html/agregator1/src/framework/Helper/Set.php(231): {closure}()
#10 /home/latihtal/public_html/agregator1/src/framework/Helper/Set.php(88): Slim\Helper\Set->Slim\Helper\{closure}()
#11 /home/latihtal/public_html/agregator1/src/framework/Slim.php(232): Slim\Helper\Set->get()
#12 /home/latihtal/public_html/agregator1/src/drivers/Views/ThemeManager.php(34): Slim\Slim->__get()
#13 /home/latihtal/public_html/agregator1/src/dependencies.php(142): spark\drivers\Views\ThemeManager->initEngine()
#14 /home/latihtal/public_html/agregator1/src/bootstrap.php(68): require('/home/latihtal/...')
#15 /home/latihtal/public_html/agregator1/index.php(4): require('/home/latihtal/...')
#16 {main} [] []
[2025-04-12 03:35:25] SlimMonoLogger.INFO: Cron ran at: 12-04-2025 03:35:25 AM [] []
[2025-04-12 03:40:24] SlimMonoLogger.INFO: Cron ran at: 12-04-2025 03:40:24 AM [] []
[2025-04-12 03:45:27] SlimMonoLogger.INFO: Cron ran at: 12-04-2025 03:45:27 AM [] []
[2025-04-12 03:50:27] SlimMonoLogger.INFO: Cron ran at: 12-04-2025 03:50:27 AM [] []
[2025-04-12 03:55:32] SlimMonoLogger.INFO: Cron ran at: 12-04-2025 03:55:32 AM [] []
[2025-04-12 04:00:25] SlimMonoLogger.INFO: Cron ran at: 12-04-2025 04:00:25 AM [] []
[2025-04-12 04:05:28] SlimMonoLogger.INFO: Cron ran at: 12-04-2025 04:05:28 AM [] []
[2025-04-12 04:10:25] SlimMonoLogger.INFO: Cron ran at: 12-04-2025 04:10:25 AM [] []
[2025-04-12 04:15:29] SlimMonoLogger.INFO: Cron ran at: 12-04-2025 04:15:29 AM [] []
[2025-04-12 04:20:26] SlimMonoLogger.INFO: Cron ran at: 12-04-2025 04:20:26 AM [] []
[2025-04-12 04:25:24] SlimMonoLogger.INFO: Cron ran at: 12-04-2025 04:25:24 AM [] []
[2025-04-12 04:30:29] SlimMonoLogger.INFO: Cron ran at: 12-04-2025 04:30:29 AM [] []
[2025-04-12 04:35:33] SlimMonoLogger.INFO: Cron ran at: 12-04-2025 04:35:33 AM [] []
[2025-04-12 04:40:34] SlimMonoLogger.INFO: Cron ran at: 12-04-2025 04:40:34 AM [] []
[2025-04-12 04:45:30] SlimMonoLogger.INFO: Cron ran at: 12-04-2025 04:45:30 AM [] []
[2025-04-12 04:50:26] SlimMonoLogger.INFO: Cron ran at: 12-04-2025 04:50:26 AM [] []
[2025-04-12 04:55:26] SlimMonoLogger.INFO: Cron ran at: 12-04-2025 04:55:26 AM [] []
[2025-04-12 05:00:27] SlimMonoLogger.INFO: Cron ran at: 12-04-2025 05:00:27 AM [] []
[2025-04-12 05:05:24] SlimMonoLogger.INFO: Cron ran at: 12-04-2025 05:05:24 AM [] []
[2025-04-12 05:10:25] SlimMonoLogger.INFO: Cron ran at: 12-04-2025 05:10:25 AM [] []
[2025-04-12 05:15:23] SlimMonoLogger.INFO: Cron ran at: 12-04-2025 05:15:23 AM [] []
[2025-04-12 05:20:22] SlimMonoLogger.INFO: Cron ran at: 12-04-2025 05:20:22 AM [] []
[2025-04-12 05:25:23] SlimMonoLogger.INFO: Cron ran at: 12-04-2025 05:25:23 AM [] []
[2025-04-12 05:30:26] SlimMonoLogger.INFO: Cron ran at: 12-04-2025 05:30:26 AM [] []
[2025-04-12 05:35:23] SlimMonoLogger.INFO: Cron ran at: 12-04-2025 05:35:23 AM [] []
[2025-04-12 05:40:24] SlimMonoLogger.INFO: Cron ran at: 12-04-2025 05:40:24 AM [] []
[2025-04-12 05:45:26] SlimMonoLogger.INFO: Cron ran at: 12-04-2025 05:45:26 AM [] []
[2025-04-12 05:50:27] SlimMonoLogger.INFO: Cron ran at: 12-04-2025 05:50:27 AM [] []
[2025-04-12 05:55:28] SlimMonoLogger.INFO: Cron ran at: 12-04-2025 05:55:28 AM [] []
[2025-04-12 06:00:34] SlimMonoLogger.INFO: Cron ran at: 12-04-2025 06:00:34 AM [] []
[2025-04-12 06:05:29] SlimMonoLogger.INFO: Cron ran at: 12-04-2025 06:05:29 AM [] []
[2025-04-12 06:10:28] SlimMonoLogger.INFO: Cron ran at: 12-04-2025 06:10:28 AM [] []
[2025-04-12 06:15:27] SlimMonoLogger.INFO: Cron ran at: 12-04-2025 06:15:27 AM [] []
[2025-04-12 06:20:26] SlimMonoLogger.INFO: Cron ran at: 12-04-2025 06:20:26 AM [] []
[2025-04-12 06:25:59] SlimMonoLogger.INFO: Cron ran at: 12-04-2025 06:25:59 AM [] []
[2025-04-12 06:30:36] SlimMonoLogger.INFO: Cron ran at: 12-04-2025 06:30:36 AM [] []
[2025-04-12 06:35:29] SlimMonoLogger.INFO: Cron ran at: 12-04-2025 06:35:29 AM [] []
[2025-04-12 06:40:25] SlimMonoLogger.INFO: Cron ran at: 12-04-2025 06:40:25 AM [] []
[2025-04-12 06:45:25] SlimMonoLogger.INFO: Cron ran at: 12-04-2025 06:45:25 AM [] []
[2025-04-12 06:50:24] SlimMonoLogger.INFO: Cron ran at: 12-04-2025 06:50:24 AM [] []
[2025-04-12 06:55:22] SlimMonoLogger.INFO: Cron ran at: 12-04-2025 06:55:22 AM [] []
[2025-04-12 07:00:30] SlimMonoLogger.INFO: Cron ran at: 12-04-2025 07:00:30 AM [] []
[2025-04-12 07:05:23] SlimMonoLogger.INFO: Cron ran at: 12-04-2025 07:05:23 AM [] []
[2025-04-12 07:10:25] SlimMonoLogger.INFO: Cron ran at: 12-04-2025 07:10:25 AM [] []
[2025-04-12 07:15:26] SlimMonoLogger.INFO: Cron ran at: 12-04-2025 07:15:26 AM [] []
[2025-04-12 07:20:28] SlimMonoLogger.INFO: Cron ran at: 12-04-2025 07:20:28 AM [] []
[2025-04-12 07:25:24] SlimMonoLogger.INFO: Cron ran at: 12-04-2025 07:25:24 AM [] []
[2025-04-12 07:30:25] SlimMonoLogger.INFO: Cron ran at: 12-04-2025 07:30:25 AM [] []
[2025-04-12 07:35:29] SlimMonoLogger.INFO: Cron ran at: 12-04-2025 07:35:29 AM [] []
[2025-04-12 07:40:26] SlimMonoLogger.INFO: Cron ran at: 12-04-2025 07:40:26 AM [] []
[2025-04-12 07:45:33] SlimMonoLogger.INFO: Cron ran at: 12-04-2025 07:45:33 AM [] []
[2025-04-12 07:50:26] SlimMonoLogger.INFO: Cron ran at: 12-04-2025 07:50:26 AM [] []
[2025-04-12 07:55:34] SlimMonoLogger.INFO: Cron ran at: 12-04-2025 07:55:34 AM [] []
[2025-04-12 08:00:30] SlimMonoLogger.INFO: Cron ran at: 12-04-2025 08:00:30 AM [] []
[2025-04-12 08:05:21] SlimMonoLogger.INFO: Cron ran at: 12-04-2025 08:05:21 AM [] []
[2025-04-12 08:10:23] SlimMonoLogger.INFO: Cron ran at: 12-04-2025 08:10:23 AM [] []
[2025-04-12 08:15:30] SlimMonoLogger.INFO: Cron ran at: 12-04-2025 08:15:30 AM [] []
[2025-04-12 08:20:27] SlimMonoLogger.INFO: Cron ran at: 12-04-2025 08:20:27 AM [] []
[2025-04-12 08:25:28] SlimMonoLogger.INFO: Cron ran at: 12-04-2025 08:25:28 AM [] []
[2025-04-12 08:30:32] SlimMonoLogger.INFO: Cron ran at: 12-04-2025 08:30:32 AM [] []
[2025-04-12 08:35:29] SlimMonoLogger.INFO: Cron ran at: 12-04-2025 08:35:29 AM [] []
[2025-04-12 08:40:23] SlimMonoLogger.INFO: Cron ran at: 12-04-2025 08:40:23 AM [] []
[2025-04-12 08:45:28] SlimMonoLogger.INFO: Cron ran at: 12-04-2025 08:45:28 AM [] []
[2025-04-12 08:50:25] SlimMonoLogger.INFO: Cron ran at: 12-04-2025 08:50:25 AM [] []
[2025-04-12 08:55:25] SlimMonoLogger.INFO: Cron ran at: 12-04-2025 08:55:25 AM [] []
[2025-04-12 09:00:31] SlimMonoLogger.INFO: Cron ran at: 12-04-2025 09:00:31 AM [] []
[2025-04-12 09:05:33] SlimMonoLogger.INFO: Cron ran at: 12-04-2025 09:05:33 AM [] []
[2025-04-12 09:10:30] SlimMonoLogger.INFO: Cron ran at: 12-04-2025 09:10:30 AM [] []
[2025-04-12 09:15:31] SlimMonoLogger.INFO: Cron ran at: 12-04-2025 09:15:31 AM [] []
[2025-04-12 09:20:27] SlimMonoLogger.INFO: Cron ran at: 12-04-2025 09:20:27 AM [] []
[2025-04-12 09:25:31] SlimMonoLogger.INFO: Cron ran at: 12-04-2025 09:25:31 AM [] []
[2025-04-12 09:30:29] SlimMonoLogger.INFO: Cron ran at: 12-04-2025 09:30:29 AM [] []
[2025-04-12 09:35:28] SlimMonoLogger.INFO: Cron ran at: 12-04-2025 09:35:28 AM [] []
[2025-04-12 09:40:30] SlimMonoLogger.INFO: Cron ran at: 12-04-2025 09:40:30 AM [] []
[2025-04-12 09:45:28] SlimMonoLogger.INFO: Cron ran at: 12-04-2025 09:45:28 AM [] []
[2025-04-12 09:50:28] SlimMonoLogger.INFO: Cron ran at: 12-04-2025 09:50:28 AM [] []
[2025-04-12 09:55:28] SlimMonoLogger.INFO: Cron ran at: 12-04-2025 09:55:28 AM [] []
[2025-04-12 10:00:36] SlimMonoLogger.INFO: Cron ran at: 12-04-2025 10:00:36 AM [] []
[2025-04-12 10:05:26] SlimMonoLogger.INFO: Cron ran at: 12-04-2025 10:05:26 AM [] []
[2025-04-12 10:10:25] SlimMonoLogger.INFO: Cron ran at: 12-04-2025 10:10:25 AM [] []
[2025-04-12 10:15:20] SlimMonoLogger.INFO: Cron ran at: 12-04-2025 10:15:20 AM [] []
[2025-04-12 10:20:26] SlimMonoLogger.INFO: Cron ran at: 12-04-2025 10:20:26 AM [] []
[2025-04-12 10:25:24] SlimMonoLogger.INFO: Cron ran at: 12-04-2025 10:25:24 AM [] []
[2025-04-12 10:30:37] SlimMonoLogger.INFO: Cron ran at: 12-04-2025 10:30:37 AM [] []
[2025-04-12 10:35:31] SlimMonoLogger.INFO: Cron ran at: 12-04-2025 10:35:31 AM [] []
[2025-04-12 10:40:24] SlimMonoLogger.INFO: Cron ran at: 12-04-2025 10:40:24 AM [] []
[2025-04-12 10:45:23] SlimMonoLogger.INFO: Cron ran at: 12-04-2025 10:45:23 AM [] []
[2025-04-12 10:50:26] SlimMonoLogger.INFO: Cron ran at: 12-04-2025 10:50:26 AM [] []
[2025-04-12 10:55:26] SlimMonoLogger.INFO: Cron ran at: 12-04-2025 10:55:26 AM [] []
[2025-04-12 11:00:28] SlimMonoLogger.INFO: Cron ran at: 12-04-2025 11:00:28 AM [] []
[2025-04-12 11:05:22] SlimMonoLogger.INFO: Cron ran at: 12-04-2025 11:05:22 AM [] []
[2025-04-12 11:10:30] SlimMonoLogger.INFO: Cron ran at: 12-04-2025 11:10:30 AM [] []
[2025-04-12 11:15:31] SlimMonoLogger.INFO: Cron ran at: 12-04-2025 11:15:31 AM [] []
[2025-04-12 11:20:28] SlimMonoLogger.INFO: Cron ran at: 12-04-2025 11:20:28 AM [] []
[2025-04-12 11:25:31] SlimMonoLogger.INFO: Cron ran at: 12-04-2025 11:25:31 AM [] []
[2025-04-12 11:30:27] SlimMonoLogger.INFO: Cron ran at: 12-04-2025 11:30:27 AM [] []
[2025-04-12 11:35:25] SlimMonoLogger.INFO: Cron ran at: 12-04-2025 11:35:25 AM [] []
[2025-04-12 11:40:25] SlimMonoLogger.INFO: Cron ran at: 12-04-2025 11:40:25 AM [] []
[2025-04-12 11:45:27] SlimMonoLogger.INFO: Cron ran at: 12-04-2025 11:45:27 AM [] []
[2025-04-12 11:50:23] SlimMonoLogger.INFO: Cron ran at: 12-04-2025 11:50:23 AM [] []
[2025-04-12 11:55:24] SlimMonoLogger.INFO: Cron ran at: 12-04-2025 11:55:24 AM [] []
[2025-04-12 12:00:24] SlimMonoLogger.INFO: Cron ran at: 12-04-2025 12:00:24 PM [] []
[2025-04-12 12:05:29] SlimMonoLogger.INFO: Cron ran at: 12-04-2025 12:05:29 PM [] []
[2025-04-12 12:10:26] SlimMonoLogger.INFO: Cron ran at: 12-04-2025 12:10:26 PM [] []
[2025-04-12 12:15:27] SlimMonoLogger.INFO: Cron ran at: 12-04-2025 12:15:27 PM [] []
[2025-04-12 12:20:24] SlimMonoLogger.INFO: Cron ran at: 12-04-2025 12:20:24 PM [] []
[2025-04-12 12:25:23] SlimMonoLogger.INFO: Cron ran at: 12-04-2025 12:25:23 PM [] []
[2025-04-12 12:30:28] SlimMonoLogger.INFO: Cron ran at: 12-04-2025 12:30:28 PM [] []
[2025-04-12 12:35:25] SlimMonoLogger.INFO: Cron ran at: 12-04-2025 12:35:25 PM [] []
[2025-04-12 12:40:25] SlimMonoLogger.INFO: Cron ran at: 12-04-2025 12:40:25 PM [] []
[2025-04-12 12:45:30] SlimMonoLogger.INFO: Cron ran at: 12-04-2025 12:45:30 PM [] []
[2025-04-12 12:50:25] SlimMonoLogger.INFO: Cron ran at: 12-04-2025 12:50:25 PM [] []
[2025-04-12 12:55:25] SlimMonoLogger.INFO: Cron ran at: 12-04-2025 12:55:25 PM [] []
[2025-04-12 13:00:28] SlimMonoLogger.INFO: Cron ran at: 12-04-2025 01:00:28 PM [] []
[2025-04-12 13:05:20] SlimMonoLogger.INFO: Cron ran at: 12-04-2025 01:05:20 PM [] []
[2025-04-12 13:10:26] SlimMonoLogger.INFO: Cron ran at: 12-04-2025 01:10:26 PM [] []
[2025-04-12 13:15:26] SlimMonoLogger.INFO: Cron ran at: 12-04-2025 01:15:26 PM [] []
[2025-04-12 13:20:21] SlimMonoLogger.INFO: Cron ran at: 12-04-2025 01:20:21 PM [] []
[2025-04-12 13:25:23] SlimMonoLogger.INFO: Cron ran at: 12-04-2025 01:25:23 PM [] []
[2025-04-12 13:30:26] SlimMonoLogger.INFO: Cron ran at: 12-04-2025 01:30:26 PM [] []
[2025-04-12 13:35:22] SlimMonoLogger.INFO: Cron ran at: 12-04-2025 01:35:22 PM [] []
[2025-04-12 13:40:26] SlimMonoLogger.INFO: Cron ran at: 12-04-2025 01:40:26 PM [] []
[2025-04-12 13:45:26] SlimMonoLogger.INFO: Cron ran at: 12-04-2025 01:45:26 PM [] []
[2025-04-12 13:50:30] SlimMonoLogger.INFO: Cron ran at: 12-04-2025 01:50:30 PM [] []
[2025-04-12 13:55:24] SlimMonoLogger.INFO: Cron ran at: 12-04-2025 01:55:24 PM [] []
[2025-04-12 14:00:30] SlimMonoLogger.INFO: Cron ran at: 12-04-2025 02:00:30 PM [] []
[2025-04-12 14:05:25] SlimMonoLogger.INFO: Cron ran at: 12-04-2025 02:05:25 PM [] []
[2025-04-12 14:11:31] SlimMonoLogger.INFO: Cron ran at: 12-04-2025 02:11:31 PM [] []
[2025-04-12 14:15:32] SlimMonoLogger.INFO: Cron ran at: 12-04-2025 02:15:32 PM [] []
[2025-04-12 14:20:31] SlimMonoLogger.INFO: Cron ran at: 12-04-2025 02:20:31 PM [] []
[2025-04-12 14:25:31] SlimMonoLogger.INFO: Cron ran at: 12-04-2025 02:25:31 PM [] []
[2025-04-12 14:30:30] SlimMonoLogger.INFO: Cron ran at: 12-04-2025 02:30:30 PM [] []
[2025-04-12 14:35:32] SlimMonoLogger.INFO: Cron ran at: 12-04-2025 02:35:32 PM [] []
[2025-04-12 14:40:30] SlimMonoLogger.INFO: Cron ran at: 12-04-2025 02:40:30 PM [] []
[2025-04-12 14:45:30] SlimMonoLogger.INFO: Cron ran at: 12-04-2025 02:45:30 PM [] []
[2025-04-12 14:50:26] SlimMonoLogger.INFO: Cron ran at: 12-04-2025 02:50:26 PM [] []
[2025-04-12 14:55:27] SlimMonoLogger.INFO: Cron ran at: 12-04-2025 02:55:27 PM [] []
[2025-04-12 15:00:31] SlimMonoLogger.INFO: Cron ran at: 12-04-2025 03:00:31 PM [] []
[2025-04-12 15:05:33] SlimMonoLogger.INFO: Cron ran at: 12-04-2025 03:05:33 PM [] []
[2025-04-12 15:10:31] SlimMonoLogger.INFO: Cron ran at: 12-04-2025 03:10:31 PM [] []
[2025-04-12 15:15:35] SlimMonoLogger.INFO: Cron ran at: 12-04-2025 03:15:35 PM [] []
[2025-04-12 15:20:30] SlimMonoLogger.INFO: Cron ran at: 12-04-2025 03:20:30 PM [] []
[2025-04-12 15:25:31] SlimMonoLogger.INFO: Cron ran at: 12-04-2025 03:25:31 PM [] []
[2025-04-12 15:30:34] SlimMonoLogger.INFO: Cron ran at: 12-04-2025 03:30:34 PM [] []
[2025-04-12 15:35:30] SlimMonoLogger.INFO: Cron ran at: 12-04-2025 03:35:30 PM [] []
[2025-04-12 15:40:28] SlimMonoLogger.INFO: Cron ran at: 12-04-2025 03:40:28 PM [] []
[2025-04-12 15:45:25] SlimMonoLogger.INFO: Cron ran at: 12-04-2025 03:45:25 PM [] []
[2025-04-12 15:50:30] SlimMonoLogger.INFO: Cron ran at: 12-04-2025 03:50:30 PM [] []
[2025-04-12 15:55:33] SlimMonoLogger.INFO: Cron ran at: 12-04-2025 03:55:33 PM [] []
[2025-04-12 16:00:32] SlimMonoLogger.INFO: Cron ran at: 12-04-2025 04:00:32 PM [] []
[2025-04-12 16:05:33] SlimMonoLogger.INFO: Cron ran at: 12-04-2025 04:05:33 PM [] []
[2025-04-12 16:10:33] SlimMonoLogger.INFO: Cron ran at: 12-04-2025 04:10:33 PM [] []
[2025-04-12 16:15:37] SlimMonoLogger.INFO: Cron ran at: 12-04-2025 04:15:37 PM [] []
[2025-04-12 16:20:28] SlimMonoLogger.INFO: Cron ran at: 12-04-2025 04:20:28 PM [] []
[2025-04-12 16:25:29] SlimMonoLogger.INFO: Cron ran at: 12-04-2025 04:25:29 PM [] []
[2025-04-12 16:30:45] SlimMonoLogger.INFO: Cron ran at: 12-04-2025 04:30:45 PM [] []
[2025-04-12 16:35:40] SlimMonoLogger.INFO: Cron ran at: 12-04-2025 04:35:40 PM [] []
[2025-04-12 16:40:37] SlimMonoLogger.INFO: Cron ran at: 12-04-2025 04:40:37 PM [] []
[2025-04-12 16:45:34] SlimMonoLogger.INFO: Cron ran at: 12-04-2025 04:45:34 PM [] []
[2025-04-12 16:50:33] SlimMonoLogger.INFO: Cron ran at: 12-04-2025 04:50:33 PM [] []
[2025-04-12 16:55:32] SlimMonoLogger.INFO: Cron ran at: 12-04-2025 04:55:32 PM [] []
[2025-04-12 17:00:39] SlimMonoLogger.INFO: Cron ran at: 12-04-2025 05:00:39 PM [] []
[2025-04-12 17:05:36] SlimMonoLogger.INFO: Cron ran at: 12-04-2025 05:05:36 PM [] []
[2025-04-12 17:10:32] SlimMonoLogger.INFO: Cron ran at: 12-04-2025 05:10:32 PM [] []
[2025-04-12 17:15:31] SlimMonoLogger.INFO: Cron ran at: 12-04-2025 05:15:31 PM [] []
[2025-04-12 17:20:36] SlimMonoLogger.INFO: Cron ran at: 12-04-2025 05:20:36 PM [] []
[2025-04-12 17:25:45] SlimMonoLogger.INFO: Cron ran at: 12-04-2025 05:25:45 PM [] []
[2025-04-12 17:30:40] SlimMonoLogger.INFO: Cron ran at: 12-04-2025 05:30:40 PM [] []
[2025-04-12 17:35:39] SlimMonoLogger.INFO: Cron ran at: 12-04-2025 05:35:39 PM [] []
[2025-04-12 17:40:30] SlimMonoLogger.INFO: Cron ran at: 12-04-2025 05:40:30 PM [] []
[2025-04-12 17:45:37] SlimMonoLogger.INFO: Cron ran at: 12-04-2025 05:45:37 PM [] []
[2025-04-12 17:50:28] SlimMonoLogger.INFO: Cron ran at: 12-04-2025 05:50:28 PM [] []
[2025-04-12 17:55:36] SlimMonoLogger.INFO: Cron ran at: 12-04-2025 05:55:36 PM [] []
[2025-04-12 18:00:35] SlimMonoLogger.INFO: Cron ran at: 12-04-2025 06:00:35 PM [] []
[2025-04-12 18:05:36] SlimMonoLogger.INFO: Cron ran at: 12-04-2025 06:05:36 PM [] []
[2025-04-12 18:10:35] SlimMonoLogger.INFO: Cron ran at: 12-04-2025 06:10:35 PM [] []
[2025-04-12 18:15:35] SlimMonoLogger.INFO: Cron ran at: 12-04-2025 06:15:35 PM [] []
[2025-04-12 18:20:32] SlimMonoLogger.INFO: Cron ran at: 12-04-2025 06:20:32 PM [] []
[2025-04-12 18:25:34] SlimMonoLogger.INFO: Cron ran at: 12-04-2025 06:25:34 PM [] []
[2025-04-12 18:30:38] SlimMonoLogger.INFO: Cron ran at: 12-04-2025 06:30:38 PM [] []
[2025-04-12 18:35:35] SlimMonoLogger.INFO: Cron ran at: 12-04-2025 06:35:35 PM [] []
[2025-04-12 18:40:36] SlimMonoLogger.INFO: Cron ran at: 12-04-2025 06:40:36 PM [] []
[2025-04-12 18:45:32] SlimMonoLogger.INFO: Cron ran at: 12-04-2025 06:45:32 PM [] []
[2025-04-12 18:50:30] SlimMonoLogger.INFO: Cron ran at: 12-04-2025 06:50:30 PM [] []
[2025-04-12 18:55:42] SlimMonoLogger.INFO: Cron ran at: 12-04-2025 06:55:42 PM [] []
[2025-04-12 19:00:39] SlimMonoLogger.INFO: Cron ran at: 12-04-2025 07:00:39 PM [] []
[2025-04-12 19:05:35] SlimMonoLogger.INFO: Cron ran at: 12-04-2025 07:05:35 PM [] []
[2025-04-12 19:10:30] SlimMonoLogger.INFO: Cron ran at: 12-04-2025 07:10:30 PM [] []
[2025-04-12 19:15:37] SlimMonoLogger.INFO: Cron ran at: 12-04-2025 07:15:37 PM [] []
[2025-04-12 19:20:34] SlimMonoLogger.INFO: Cron ran at: 12-04-2025 07:20:34 PM [] []
[2025-04-12 19:25:32] SlimMonoLogger.INFO: Cron ran at: 12-04-2025 07:25:32 PM [] []
[2025-04-12 19:30:33] SlimMonoLogger.INFO: Cron ran at: 12-04-2025 07:30:33 PM [] []
[2025-04-12 19:35:28] SlimMonoLogger.INFO: Cron ran at: 12-04-2025 07:35:28 PM [] []
[2025-04-12 19:40:39] SlimMonoLogger.INFO: Cron ran at: 12-04-2025 07:40:39 PM [] []
[2025-04-12 19:45:28] SlimMonoLogger.INFO: Cron ran at: 12-04-2025 07:45:28 PM [] []
[2025-04-12 19:50:36] SlimMonoLogger.INFO: Cron ran at: 12-04-2025 07:50:36 PM [] []
[2025-04-12 19:55:26] SlimMonoLogger.INFO: Cron ran at: 12-04-2025 07:55:26 PM [] []
[2025-04-12 20:00:30] SlimMonoLogger.INFO: Cron ran at: 12-04-2025 08:00:30 PM [] []
[2025-04-12 20:05:34] SlimMonoLogger.INFO: Cron ran at: 12-04-2025 08:05:34 PM [] []
[2025-04-12 20:10:31] SlimMonoLogger.INFO: Cron ran at: 12-04-2025 08:10:31 PM [] []
[2025-04-12 20:15:34] SlimMonoLogger.INFO: Cron ran at: 12-04-2025 08:15:34 PM [] []
[2025-04-12 20:20:32] SlimMonoLogger.INFO: Cron ran at: 12-04-2025 08:20:32 PM [] []
[2025-04-12 20:25:32] SlimMonoLogger.INFO: Cron ran at: 12-04-2025 08:25:32 PM [] []
[2025-04-12 20:30:33] SlimMonoLogger.INFO: Cron ran at: 12-04-2025 08:30:33 PM [] []
[2025-04-12 20:35:37] SlimMonoLogger.INFO: Cron ran at: 12-04-2025 08:35:37 PM [] []
[2025-04-12 20:40:33] SlimMonoLogger.INFO: Cron ran at: 12-04-2025 08:40:33 PM [] []
[2025-04-12 20:45:35] SlimMonoLogger.INFO: Cron ran at: 12-04-2025 08:45:35 PM [] []
[2025-04-12 20:50:35] SlimMonoLogger.INFO: Cron ran at: 12-04-2025 08:50:35 PM [] []
[2025-04-12 20:55:39] SlimMonoLogger.INFO: Cron ran at: 12-04-2025 08:55:39 PM [] []
[2025-04-12 21:00:45] SlimMonoLogger.INFO: Cron ran at: 12-04-2025 09:00:45 PM [] []
[2025-04-12 21:05:31] SlimMonoLogger.INFO: Cron ran at: 12-04-2025 09:05:31 PM [] []
[2025-04-12 21:10:37] SlimMonoLogger.INFO: Cron ran at: 12-04-2025 09:10:37 PM [] []
[2025-04-12 21:15:31] SlimMonoLogger.INFO: Cron ran at: 12-04-2025 09:15:31 PM [] []
[2025-04-12 21:20:31] SlimMonoLogger.INFO: Cron ran at: 12-04-2025 09:20:31 PM [] []
[2025-04-12 21:25:37] SlimMonoLogger.INFO: Cron ran at: 12-04-2025 09:25:37 PM [] []
[2025-04-12 21:30:40] SlimMonoLogger.INFO: Cron ran at: 12-04-2025 09:30:40 PM [] []
[2025-04-12 21:35:35] SlimMonoLogger.INFO: Cron ran at: 12-04-2025 09:35:35 PM [] []
[2025-04-12 21:40:30] SlimMonoLogger.INFO: Cron ran at: 12-04-2025 09:40:30 PM [] []
[2025-04-12 21:45:35] SlimMonoLogger.INFO: Cron ran at: 12-04-2025 09:45:35 PM [] []
[2025-04-12 21:50:29] SlimMonoLogger.INFO: Cron ran at: 12-04-2025 09:50:29 PM [] []
[2025-04-12 21:55:35] SlimMonoLogger.INFO: Cron ran at: 12-04-2025 09:55:35 PM [] []
[2025-04-12 22:00:32] SlimMonoLogger.INFO: Cron ran at: 12-04-2025 10:00:32 PM [] []
[2025-04-12 22:05:35] SlimMonoLogger.INFO: Cron ran at: 12-04-2025 10:05:35 PM [] []
[2025-04-12 22:10:28] SlimMonoLogger.INFO: Cron ran at: 12-04-2025 10:10:28 PM [] []
[2025-04-12 22:15:32] SlimMonoLogger.INFO: Cron ran at: 12-04-2025 10:15:32 PM [] []
[2025-04-12 22:20:35] SlimMonoLogger.INFO: Cron ran at: 12-04-2025 10:20:35 PM [] []
[2025-04-12 22:25:39] SlimMonoLogger.INFO: Cron ran at: 12-04-2025 10:25:39 PM [] []
[2025-04-12 22:30:38] SlimMonoLogger.INFO: Cron ran at: 12-04-2025 10:30:38 PM [] []
[2025-04-12 22:35:30] SlimMonoLogger.INFO: Cron ran at: 12-04-2025 10:35:30 PM [] []
[2025-04-12 22:40:27] SlimMonoLogger.INFO: Cron ran at: 12-04-2025 10:40:27 PM [] []
[2025-04-12 22:45:37] SlimMonoLogger.INFO: Cron ran at: 12-04-2025 10:45:37 PM [] []
[2025-04-12 22:50:32] SlimMonoLogger.INFO: Cron ran at: 12-04-2025 10:50:32 PM [] []
[2025-04-12 22:55:29] SlimMonoLogger.INFO: Cron ran at: 12-04-2025 10:55:29 PM [] []
[2025-04-12 23:00:35] SlimMonoLogger.INFO: Cron ran at: 12-04-2025 11:00:35 PM [] []
[2025-04-12 23:05:31] SlimMonoLogger.INFO: Cron ran at: 12-04-2025 11:05:31 PM [] []
[2025-04-12 23:10:38] SlimMonoLogger.INFO: Cron ran at: 12-04-2025 11:10:38 PM [] []
[2025-04-12 23:15:40] SlimMonoLogger.INFO: Cron ran at: 12-04-2025 11:15:40 PM [] []
[2025-04-12 23:20:29] SlimMonoLogger.INFO: Cron ran at: 12-04-2025 11:20:29 PM [] []
[2025-04-12 23:25:29] SlimMonoLogger.INFO: Cron ran at: 12-04-2025 11:25:29 PM [] []
[2025-04-12 23:30:34] SlimMonoLogger.INFO: Cron ran at: 12-04-2025 11:30:34 PM [] []
[2025-04-12 23:35:32] SlimMonoLogger.INFO: Cron ran at: 12-04-2025 11:35:32 PM [] []
[2025-04-12 23:40:28] SlimMonoLogger.INFO: Cron ran at: 12-04-2025 11:40:28 PM [] []
[2025-04-12 23:45:35] SlimMonoLogger.INFO: Cron ran at: 12-04-2025 11:45:35 PM [] []
[2025-04-12 23:50:29] SlimMonoLogger.INFO: Cron ran at: 12-04-2025 11:50:29 PM [] []
[2025-04-12 23:55:30] SlimMonoLogger.INFO: Cron ran at: 12-04-2025 11:55:30 PM [] []
[2025-04-13 00:00:31] SlimMonoLogger.INFO: Cron ran at: 13-04-2025 12:00:31 AM [] []
[2025-04-13 00:05:36] SlimMonoLogger.INFO: Cron ran at: 13-04-2025 12:05:36 AM [] []
[2025-04-13 00:10:35] SlimMonoLogger.INFO: Cron ran at: 13-04-2025 12:10:35 AM [] []
[2025-04-13 00:15:39] SlimMonoLogger.INFO: Cron ran at: 13-04-2025 12:15:39 AM [] []
[2025-04-13 00:20:36] SlimMonoLogger.INFO: Cron ran at: 13-04-2025 12:20:36 AM [] []
[2025-04-13 00:25:37] SlimMonoLogger.INFO: Cron ran at: 13-04-2025 12:25:37 AM [] []
[2025-04-13 00:30:34] SlimMonoLogger.INFO: Cron ran at: 13-04-2025 12:30:34 AM [] []
[2025-04-13 00:35:34] SlimMonoLogger.INFO: Cron ran at: 13-04-2025 12:35:34 AM [] []
[2025-04-13 00:40:29] SlimMonoLogger.INFO: Cron ran at: 13-04-2025 12:40:29 AM [] []
[2025-04-13 00:45:30] SlimMonoLogger.INFO: Cron ran at: 13-04-2025 12:45:30 AM [] []
[2025-04-13 00:50:34] SlimMonoLogger.INFO: Cron ran at: 13-04-2025 12:50:34 AM [] []
[2025-04-13 00:55:33] SlimMonoLogger.INFO: Cron ran at: 13-04-2025 12:55:33 AM [] []
[2025-04-13 01:00:33] SlimMonoLogger.INFO: Cron ran at: 13-04-2025 01:00:33 AM [] []
[2025-04-13 01:05:38] SlimMonoLogger.INFO: Cron ran at: 13-04-2025 01:05:38 AM [] []
[2025-04-13 01:10:36] SlimMonoLogger.INFO: Cron ran at: 13-04-2025 01:10:36 AM [] []
[2025-04-13 01:15:39] SlimMonoLogger.INFO: Cron ran at: 13-04-2025 01:15:39 AM [] []
[2025-04-13 01:20:35] SlimMonoLogger.INFO: Cron ran at: 13-04-2025 01:20:35 AM [] []
[2025-04-13 01:25:34] SlimMonoLogger.INFO: Cron ran at: 13-04-2025 01:25:34 AM [] []
[2025-04-13 01:30:36] SlimMonoLogger.INFO: Cron ran at: 13-04-2025 01:30:36 AM [] []
[2025-04-13 01:35:48] SlimMonoLogger.INFO: Cron ran at: 13-04-2025 01:35:48 AM [] []
[2025-04-13 01:40:30] SlimMonoLogger.INFO: Cron ran at: 13-04-2025 01:40:30 AM [] []
[2025-04-13 01:45:31] SlimMonoLogger.INFO: Cron ran at: 13-04-2025 01:45:31 AM [] []
[2025-04-13 01:50:38] SlimMonoLogger.INFO: Cron ran at: 13-04-2025 01:50:38 AM [] []
[2025-04-13 01:55:35] SlimMonoLogger.INFO: Cron ran at: 13-04-2025 01:55:35 AM [] []
