[2026-01-12 01:01:18] SlimMonoLogger.INFO: Cron ran at: 12-01-2026 01:01:18 AM [] []
[2026-01-12 01:06:08] SlimMonoLogger.INFO: Cron ran at: 12-01-2026 01:06:08 AM [] []
[2026-01-12 01:11:14] SlimMonoLogger.INFO: Cron ran at: 12-01-2026 01:11:14 AM [] []
[2026-01-12 01:16:09] SlimMonoLogger.INFO: Cron ran at: 12-01-2026 01:16:09 AM [] []
[2026-01-12 01:21:11] SlimMonoLogger.INFO: Cron ran at: 12-01-2026 01:21:11 AM [] []
[2026-01-12 01:26:09] SlimMonoLogger.INFO: Cron ran at: 12-01-2026 01:26:09 AM [] []
[2026-01-12 01:31:19] SlimMonoLogger.INFO: Cron ran at: 12-01-2026 01:31:19 AM [] []
[2026-01-12 01:36:13] SlimMonoLogger.INFO: Cron ran at: 12-01-2026 01:36:13 AM [] []
[2026-01-12 01:41:14] SlimMonoLogger.INFO: Cron ran at: 12-01-2026 01:41:14 AM [] []
[2026-01-12 01:46:10] SlimMonoLogger.INFO: Cron ran at: 12-01-2026 01:46:10 AM [] []
[2026-01-12 01:51:08] SlimMonoLogger.INFO: Cron ran at: 12-01-2026 01:51:08 AM [] []
[2026-01-12 01:56:10] SlimMonoLogger.INFO: Cron ran at: 12-01-2026 01:56:10 AM [] []
[2026-01-12 02:01:12] SlimMonoLogger.INFO: Cron ran at: 12-01-2026 02:01:12 AM [] []
[2026-01-12 02:06:12] SlimMonoLogger.INFO: Cron ran at: 12-01-2026 02:06:12 AM [] []
[2026-01-12 02:11:09] SlimMonoLogger.INFO: Cron ran at: 12-01-2026 02:11:09 AM [] []
[2026-01-12 02:16:13] SlimMonoLogger.INFO: Cron ran at: 12-01-2026 02:16:13 AM [] []
[2026-01-12 02:21:08] SlimMonoLogger.INFO: Cron ran at: 12-01-2026 02:21:08 AM [] []
[2026-01-12 02:26:09] SlimMonoLogger.INFO: Cron ran at: 12-01-2026 02:26:09 AM [] []
[2026-01-12 02:31:14] SlimMonoLogger.INFO: Cron ran at: 12-01-2026 02:31:14 AM [] []
[2026-01-12 02:36:10] SlimMonoLogger.INFO: Cron ran at: 12-01-2026 02:36:10 AM [] []
[2026-01-12 02:41:11] SlimMonoLogger.INFO: Cron ran at: 12-01-2026 02:41:11 AM [] []
[2026-01-12 02:46:12] SlimMonoLogger.INFO: Cron ran at: 12-01-2026 02:46:12 AM [] []
[2026-01-12 02:51:09] SlimMonoLogger.INFO: Cron ran at: 12-01-2026 02:51:09 AM [] []
[2026-01-12 02:56:08] SlimMonoLogger.INFO: Cron ran at: 12-01-2026 02:56:08 AM [] []
[2026-01-12 03:01:16] SlimMonoLogger.INFO: Cron ran at: 12-01-2026 03:01:16 AM [] []
[2026-01-12 03:06:09] SlimMonoLogger.INFO: Cron ran at: 12-01-2026 03:06:09 AM [] []
[2026-01-12 03:11:10] SlimMonoLogger.INFO: Cron ran at: 12-01-2026 03:11:10 AM [] []
[2026-01-12 03:16:14] SlimMonoLogger.INFO: Cron ran at: 12-01-2026 03:16:14 AM [] []
[2026-01-12 03:21:12] SlimMonoLogger.INFO: Cron ran at: 12-01-2026 03:21:12 AM [] []
[2026-01-12 03:26:11] SlimMonoLogger.INFO: Cron ran at: 12-01-2026 03:26:11 AM [] []
[2026-01-12 03:31:16] SlimMonoLogger.INFO: Cron ran at: 12-01-2026 03:31:16 AM [] []
[2026-01-12 03:36:13] SlimMonoLogger.INFO: Cron ran at: 12-01-2026 03:36:13 AM [] []
[2026-01-12 03:41:09] SlimMonoLogger.INFO: Cron ran at: 12-01-2026 03:41:09 AM [] []
[2026-01-12 03:46:09] SlimMonoLogger.INFO: Cron ran at: 12-01-2026 03:46:09 AM [] []
[2026-01-12 03:51:10] SlimMonoLogger.INFO: Cron ran at: 12-01-2026 03:51:10 AM [] []
[2026-01-12 03:56:12] SlimMonoLogger.INFO: Cron ran at: 12-01-2026 03:56:12 AM [] []
[2026-01-12 04:01:14] SlimMonoLogger.INFO: Cron ran at: 12-01-2026 04:01:14 AM [] []
[2026-01-12 04:06:12] SlimMonoLogger.INFO: Cron ran at: 12-01-2026 04:06:12 AM [] []
[2026-01-12 04:11:11] SlimMonoLogger.INFO: Cron ran at: 12-01-2026 04:11:11 AM [] []
[2026-01-12 04:16:13] SlimMonoLogger.INFO: Cron ran at: 12-01-2026 04:16:13 AM [] []
[2026-01-12 04:21:09] SlimMonoLogger.INFO: Cron ran at: 12-01-2026 04:21:09 AM [] []
[2026-01-12 04:26:10] SlimMonoLogger.INFO: Cron ran at: 12-01-2026 04:26:10 AM [] []
[2026-01-12 04:31:12] SlimMonoLogger.INFO: Cron ran at: 12-01-2026 04:31:12 AM [] []
[2026-01-12 04:36:10] SlimMonoLogger.INFO: Cron ran at: 12-01-2026 04:36:10 AM [] []
[2026-01-12 04:41:09] SlimMonoLogger.INFO: Cron ran at: 12-01-2026 04:41:09 AM [] []
[2026-01-12 04:46:12] SlimMonoLogger.INFO: Cron ran at: 12-01-2026 04:46:12 AM [] []
[2026-01-12 04:51:16] SlimMonoLogger.INFO: Cron ran at: 12-01-2026 04:51:16 AM [] []
[2026-01-12 04:56:09] SlimMonoLogger.INFO: Cron ran at: 12-01-2026 04:56:09 AM [] []
[2026-01-12 05:01:11] SlimMonoLogger.INFO: Cron ran at: 12-01-2026 05:01:11 AM [] []
[2026-01-12 05:06:14] SlimMonoLogger.INFO: Cron ran at: 12-01-2026 05:06:14 AM [] []
[2026-01-12 05:11:08] SlimMonoLogger.INFO: Cron ran at: 12-01-2026 05:11:08 AM [] []
[2026-01-12 05:16:11] SlimMonoLogger.INFO: Cron ran at: 12-01-2026 05:16:11 AM [] []
[2026-01-12 05:21:12] SlimMonoLogger.INFO: Cron ran at: 12-01-2026 05:21:12 AM [] []
[2026-01-12 05:26:10] SlimMonoLogger.INFO: Cron ran at: 12-01-2026 05:26:10 AM [] []
[2026-01-12 05:31:14] SlimMonoLogger.INFO: Cron ran at: 12-01-2026 05:31:14 AM [] []
[2026-01-12 05:36:06] SlimMonoLogger.INFO: Cron ran at: 12-01-2026 05:36:06 AM [] []
[2026-01-12 05:41:09] SlimMonoLogger.INFO: Cron ran at: 12-01-2026 05:41:09 AM [] []
[2026-01-12 05:46:06] SlimMonoLogger.INFO: Cron ran at: 12-01-2026 05:46:06 AM [] []
[2026-01-12 05:51:07] SlimMonoLogger.INFO: Cron ran at: 12-01-2026 05:51:07 AM [] []
[2026-01-12 05:56:08] SlimMonoLogger.INFO: Cron ran at: 12-01-2026 05:56:08 AM [] []
[2026-01-12 06:01:12] SlimMonoLogger.INFO: Cron ran at: 12-01-2026 06:01:12 AM [] []
[2026-01-12 06:06:09] SlimMonoLogger.INFO: Cron ran at: 12-01-2026 06:06:09 AM [] []
[2026-01-12 06:11:07] SlimMonoLogger.INFO: Cron ran at: 12-01-2026 06:11:07 AM [] []
[2026-01-12 06:16:09] SlimMonoLogger.INFO: Cron ran at: 12-01-2026 06:16:09 AM [] []
[2026-01-12 06:21:14] SlimMonoLogger.INFO: Cron ran at: 12-01-2026 06:21:14 AM [] []
[2026-01-12 06:26:15] SlimMonoLogger.INFO: Cron ran at: 12-01-2026 06:26:15 AM [] []
[2026-01-12 06:31:22] SlimMonoLogger.INFO: Cron ran at: 12-01-2026 06:31:22 AM [] []
[2026-01-12 06:36:12] SlimMonoLogger.INFO: Cron ran at: 12-01-2026 06:36:12 AM [] []
[2026-01-12 06:41:12] SlimMonoLogger.INFO: Cron ran at: 12-01-2026 06:41:12 AM [] []
[2026-01-12 06:46:11] SlimMonoLogger.INFO: Cron ran at: 12-01-2026 06:46:11 AM [] []
[2026-01-12 06:51:21] SlimMonoLogger.INFO: Cron ran at: 12-01-2026 06:51:21 AM [] []
[2026-01-12 06:56:14] SlimMonoLogger.INFO: Cron ran at: 12-01-2026 06:56:14 AM [] []
[2026-01-12 07:01:24] SlimMonoLogger.INFO: Cron ran at: 12-01-2026 07:01:24 AM [] []
[2026-01-12 07:06:13] SlimMonoLogger.INFO: Cron ran at: 12-01-2026 07:06:13 AM [] []
[2026-01-12 07:11:10] SlimMonoLogger.INFO: Cron ran at: 12-01-2026 07:11:10 AM [] []
[2026-01-12 07:16:20] SlimMonoLogger.INFO: Cron ran at: 12-01-2026 07:16:20 AM [] []
[2026-01-12 07:21:15] SlimMonoLogger.INFO: Cron ran at: 12-01-2026 07:21:15 AM [] []
[2026-01-12 07:26:14] SlimMonoLogger.INFO: Cron ran at: 12-01-2026 07:26:14 AM [] []
[2026-01-12 07:31:18] SlimMonoLogger.INFO: Cron ran at: 12-01-2026 07:31:18 AM [] []
[2026-01-12 07:36:17] SlimMonoLogger.INFO: Cron ran at: 12-01-2026 07:36:17 AM [] []
[2026-01-12 07:41:14] SlimMonoLogger.INFO: Cron ran at: 12-01-2026 07:41:14 AM [] []
[2026-01-12 07:46:12] SlimMonoLogger.INFO: Cron ran at: 12-01-2026 07:46:12 AM [] []
[2026-01-12 07:51:15] SlimMonoLogger.INFO: Cron ran at: 12-01-2026 07:51:15 AM [] []
[2026-01-12 07:56:15] SlimMonoLogger.INFO: Cron ran at: 12-01-2026 07:56:15 AM [] []
[2026-01-12 08:01:18] SlimMonoLogger.INFO: Cron ran at: 12-01-2026 08:01:18 AM [] []
[2026-01-12 08:06:15] SlimMonoLogger.INFO: Cron ran at: 12-01-2026 08:06:15 AM [] []
[2026-01-12 08:11:13] SlimMonoLogger.INFO: Cron ran at: 12-01-2026 08:11:13 AM [] []
[2026-01-12 08:16:18] SlimMonoLogger.INFO: Cron ran at: 12-01-2026 08:16:18 AM [] []
[2026-01-12 08:21:16] SlimMonoLogger.INFO: Cron ran at: 12-01-2026 08:21:16 AM [] []
[2026-01-12 08:26:19] SlimMonoLogger.INFO: Cron ran at: 12-01-2026 08:26:19 AM [] []
[2026-01-12 08:31:16] SlimMonoLogger.INFO: Cron ran at: 12-01-2026 08:31:16 AM [] []
[2026-01-12 08:41:33] SlimMonoLogger.INFO: Cron ran at: 12-01-2026 08:41:33 AM [] []
[2026-01-12 08:46:31] SlimMonoLogger.INFO: Cron ran at: 12-01-2026 08:46:31 AM [] []
[2026-01-12 08:51:29] SlimMonoLogger.INFO: Cron ran at: 12-01-2026 08:51:29 AM [] []
[2026-01-12 08:56:26] SlimMonoLogger.INFO: Cron ran at: 12-01-2026 08:56:26 AM [] []
[2026-01-12 09:01:39] SlimMonoLogger.INFO: Cron ran at: 12-01-2026 09:01:39 AM [] []
[2026-01-12 09:06:30] SlimMonoLogger.INFO: Cron ran at: 12-01-2026 09:06:30 AM [] []
[2026-01-12 09:11:27] SlimMonoLogger.INFO: Cron ran at: 12-01-2026 09:11:27 AM [] []
[2026-01-12 09:16:27] SlimMonoLogger.INFO: Cron ran at: 12-01-2026 09:16:27 AM [] []
[2026-01-12 09:21:27] SlimMonoLogger.INFO: Cron ran at: 12-01-2026 09:21:27 AM [] []
[2026-01-12 09:26:36] SlimMonoLogger.INFO: Cron ran at: 12-01-2026 09:26:36 AM [] []
[2026-01-12 09:31:20] SlimMonoLogger.INFO: Cron ran at: 12-01-2026 09:31:20 AM [] []
[2026-01-12 09:36:24] SlimMonoLogger.INFO: Cron ran at: 12-01-2026 09:36:24 AM [] []
[2026-01-12 09:51:25] SlimMonoLogger.INFO: Cron ran at: 12-01-2026 09:51:25 AM [] []
[2026-01-12 09:54:29] SlimMonoLogger.ERROR: Requests_Exception: cURL error 28: Operation timed out after 500003 milliseconds with 15824 bytes received in /home/latihtal/public_html/agregator1/src/vendor/rmccue/requests/library/Requests/Transport/cURL.php:422
Stack trace:
#0 /home/latihtal/public_html/agregator1/src/vendor/rmccue/requests/library/Requests/Transport/cURL.php(177): Requests_Transport_cURL->process_response()
#1 /home/latihtal/public_html/agregator1/src/vendor/rmccue/requests/library/Requests.php(379): Requests_Transport_cURL->request()
#2 /home/latihtal/public_html/agregator1/src/vendor/rmccue/requests/library/Requests/Session.php(205): Requests::request()
#3 /home/latihtal/public_html/agregator1/src/vendor/rmccue/requests/library/Requests/Session.php(132): Requests_Session->request()
#4 /home/latihtal/public_html/agregator1/src/drivers/Http/RssImporter.php(144): Requests_Session->get()
#5 /home/latihtal/public_html/agregator1/src/controllers/Dashboard/DashboardFeedsController.php(534): spark\drivers\Http\RssImporter->fetchPosts()
#6 /home/latihtal/public_html/agregator1/src/controllers/Site/SiteController.php(722): spark\controllers\Dashboard\DashboardFeedsController::importFeedPosts()
#7 [internal function]: spark\controllers\Site\SiteController->runTasks()
#8 /home/latihtal/public_html/agregator1/src/framework/Route.php(173): call_user_func_array()
#9 [internal function]: Slim\Route->Slim\{closure}()
#10 /home/latihtal/public_html/agregator1/src/framework/Route.php(468): call_user_func_array()
#11 /home/latihtal/public_html/agregator1/src/framework/Slim.php(1364): Slim\Route->dispatch()
#12 /home/latihtal/public_html/agregator1/src/framework/Middleware/Flash.php(85): Slim\Slim->call()
#13 /home/latihtal/public_html/agregator1/src/framework/Middleware/MethodOverride.php(92): Slim\Middleware\Flash->call()
#14 /home/latihtal/public_html/agregator1/src/middlewares/CsrfGuard/CsrfGuard.php(47): Slim\Middleware\MethodOverride->call()
#15 /home/latihtal/public_html/agregator1/src/framework/Middleware/PrettyExceptions.php(67): spark\middlewares\CsrfGuard\CsrfGuard->call()
#16 /home/latihtal/public_html/agregator1/src/framework/Slim.php(1308): Slim\Middleware\PrettyExceptions->call()
#17 /home/latihtal/public_html/agregator1/index.php(6): Slim\Slim->run()
#18 {main} [] []
[2026-01-12 09:54:57] SlimMonoLogger.INFO: Cron ran at: 12-01-2026 09:54:57 AM [] []
[2026-01-12 09:56:25] SlimMonoLogger.INFO: Cron ran at: 12-01-2026 09:56:25 AM [] []
[2026-01-12 10:01:31] SlimMonoLogger.INFO: Cron ran at: 12-01-2026 10:01:31 AM [] []
[2026-01-12 10:06:22] SlimMonoLogger.INFO: Cron ran at: 12-01-2026 10:06:22 AM [] []
[2026-01-12 10:11:22] SlimMonoLogger.INFO: Cron ran at: 12-01-2026 10:11:22 AM [] []
[2026-01-12 10:16:18] SlimMonoLogger.INFO: Cron ran at: 12-01-2026 10:16:18 AM [] []
[2026-01-12 10:21:30] SlimMonoLogger.INFO: Cron ran at: 12-01-2026 10:21:30 AM [] []
[2026-01-12 10:27:38] SlimMonoLogger.INFO: Cron ran at: 12-01-2026 10:27:38 AM [] []
[2026-01-12 10:31:22] SlimMonoLogger.INFO: Cron ran at: 12-01-2026 10:31:22 AM [] []
[2026-01-12 10:36:19] SlimMonoLogger.INFO: Cron ran at: 12-01-2026 10:36:19 AM [] []
[2026-01-12 10:41:23] SlimMonoLogger.INFO: Cron ran at: 12-01-2026 10:41:23 AM [] []
[2026-01-12 10:46:22] SlimMonoLogger.INFO: Cron ran at: 12-01-2026 10:46:22 AM [] []
[2026-01-12 10:51:28] SlimMonoLogger.INFO: Cron ran at: 12-01-2026 10:51:28 AM [] []
[2026-01-12 10:56:28] SlimMonoLogger.INFO: Cron ran at: 12-01-2026 10:56:28 AM [] []
[2026-01-12 11:01:09] SlimMonoLogger.INFO: Cron ran at: 12-01-2026 11:01:09 AM [] []
[2026-01-12 11:06:24] SlimMonoLogger.INFO: Cron ran at: 12-01-2026 11:06:24 AM [] []
[2026-01-12 11:11:23] SlimMonoLogger.INFO: Cron ran at: 12-01-2026 11:11:23 AM [] []
[2026-01-12 11:16:16] SlimMonoLogger.INFO: Cron ran at: 12-01-2026 11:16:16 AM [] []
[2026-01-12 11:21:18] SlimMonoLogger.INFO: Cron ran at: 12-01-2026 11:21:18 AM [] []
[2026-01-12 11:26:33] SlimMonoLogger.INFO: Cron ran at: 12-01-2026 11:26:33 AM [] []
[2026-01-12 11:31:17] SlimMonoLogger.INFO: Cron ran at: 12-01-2026 11:31:17 AM [] []
[2026-01-12 11:36:19] SlimMonoLogger.INFO: Cron ran at: 12-01-2026 11:36:19 AM [] []
[2026-01-12 11:41:22] SlimMonoLogger.INFO: Cron ran at: 12-01-2026 11:41:22 AM [] []
[2026-01-12 11:46:23] SlimMonoLogger.INFO: Cron ran at: 12-01-2026 11:46:23 AM [] []
[2026-01-12 11:51:17] SlimMonoLogger.INFO: Cron ran at: 12-01-2026 11:51:17 AM [] []
[2026-01-12 11:56:24] SlimMonoLogger.INFO: Cron ran at: 12-01-2026 11:56:24 AM [] []
[2026-01-12 12:01:24] SlimMonoLogger.INFO: Cron ran at: 12-01-2026 12:01:24 PM [] []
[2026-01-12 12:06:18] SlimMonoLogger.INFO: Cron ran at: 12-01-2026 12:06:18 PM [] []
[2026-01-12 12:11:22] SlimMonoLogger.INFO: Cron ran at: 12-01-2026 12:11:22 PM [] []
[2026-01-12 12:16:17] SlimMonoLogger.INFO: Cron ran at: 12-01-2026 12:16:17 PM [] []
[2026-01-12 12:21:19] SlimMonoLogger.INFO: Cron ran at: 12-01-2026 12:21:19 PM [] []
[2026-01-12 12:26:15] SlimMonoLogger.INFO: Cron ran at: 12-01-2026 12:26:15 PM [] []
[2026-01-12 12:31:23] SlimMonoLogger.INFO: Cron ran at: 12-01-2026 12:31:23 PM [] []
[2026-01-12 12:36:14] SlimMonoLogger.INFO: Cron ran at: 12-01-2026 12:36:14 PM [] []
[2026-01-12 12:41:30] SlimMonoLogger.INFO: Cron ran at: 12-01-2026 12:41:30 PM [] []
[2026-01-12 12:46:28] SlimMonoLogger.INFO: Cron ran at: 12-01-2026 12:46:28 PM [] []
[2026-01-12 12:51:23] SlimMonoLogger.INFO: Cron ran at: 12-01-2026 12:51:23 PM [] []
[2026-01-12 12:56:27] SlimMonoLogger.INFO: Cron ran at: 12-01-2026 12:56:27 PM [] []
[2026-01-12 13:01:35] SlimMonoLogger.INFO: Cron ran at: 12-01-2026 01:01:35 PM [] []
[2026-01-12 13:06:22] SlimMonoLogger.INFO: Cron ran at: 12-01-2026 01:06:22 PM [] []
[2026-01-12 13:11:19] SlimMonoLogger.INFO: Cron ran at: 12-01-2026 01:11:19 PM [] []
[2026-01-12 13:16:30] SlimMonoLogger.INFO: Cron ran at: 12-01-2026 01:16:30 PM [] []
[2026-01-12 13:21:21] SlimMonoLogger.INFO: Cron ran at: 12-01-2026 01:21:21 PM [] []
[2026-01-12 13:26:18] SlimMonoLogger.INFO: Cron ran at: 12-01-2026 01:26:18 PM [] []
[2026-01-12 13:31:18] SlimMonoLogger.INFO: Cron ran at: 12-01-2026 01:31:18 PM [] []
[2026-01-12 13:36:14] SlimMonoLogger.INFO: Cron ran at: 12-01-2026 01:36:14 PM [] []
[2026-01-12 13:41:10] SlimMonoLogger.INFO: Cron ran at: 12-01-2026 01:41:10 PM [] []
[2026-01-12 13:46:22] SlimMonoLogger.INFO: Cron ran at: 12-01-2026 01:46:22 PM [] []
[2026-01-12 13:51:28] SlimMonoLogger.INFO: Cron ran at: 12-01-2026 01:51:28 PM [] []
[2026-01-12 13:56:25] SlimMonoLogger.INFO: Cron ran at: 12-01-2026 01:56:25 PM [] []
[2026-01-12 14:01:30] SlimMonoLogger.INFO: Cron ran at: 12-01-2026 02:01:30 PM [] []
[2026-01-12 14:06:28] SlimMonoLogger.INFO: Cron ran at: 12-01-2026 02:06:28 PM [] []
[2026-01-12 14:11:32] SlimMonoLogger.INFO: Cron ran at: 12-01-2026 02:11:32 PM [] []
[2026-01-12 14:16:24] SlimMonoLogger.INFO: Cron ran at: 12-01-2026 02:16:24 PM [] []
[2026-01-12 14:21:22] SlimMonoLogger.INFO: Cron ran at: 12-01-2026 02:21:22 PM [] []
[2026-01-12 14:26:23] SlimMonoLogger.INFO: Cron ran at: 12-01-2026 02:26:23 PM [] []
[2026-01-12 14:31:47] SlimMonoLogger.INFO: Cron ran at: 12-01-2026 02:31:47 PM [] []
[2026-01-12 14:36:20] SlimMonoLogger.INFO: Cron ran at: 12-01-2026 02:36:20 PM [] []
[2026-01-12 14:41:21] SlimMonoLogger.INFO: Cron ran at: 12-01-2026 02:41:21 PM [] []
[2026-01-12 14:46:26] SlimMonoLogger.INFO: Cron ran at: 12-01-2026 02:46:26 PM [] []
[2026-01-12 14:51:26] SlimMonoLogger.INFO: Cron ran at: 12-01-2026 02:51:26 PM [] []
[2026-01-12 14:56:19] SlimMonoLogger.INFO: Cron ran at: 12-01-2026 02:56:19 PM [] []
[2026-01-12 15:01:18] SlimMonoLogger.INFO: Cron ran at: 12-01-2026 03:01:18 PM [] []
[2026-01-12 15:06:21] SlimMonoLogger.INFO: Cron ran at: 12-01-2026 03:06:21 PM [] []
[2026-01-12 15:11:22] SlimMonoLogger.INFO: Cron ran at: 12-01-2026 03:11:22 PM [] []
[2026-01-12 15:16:29] SlimMonoLogger.INFO: Cron ran at: 12-01-2026 03:16:29 PM [] []
[2026-01-12 15:21:19] SlimMonoLogger.INFO: Cron ran at: 12-01-2026 03:21:19 PM [] []
[2026-01-12 15:26:20] SlimMonoLogger.INFO: Cron ran at: 12-01-2026 03:26:20 PM [] []
[2026-01-12 15:31:29] SlimMonoLogger.INFO: Cron ran at: 12-01-2026 03:31:29 PM [] []
[2026-01-12 15:36:17] SlimMonoLogger.INFO: Cron ran at: 12-01-2026 03:36:17 PM [] []
[2026-01-12 15:41:12] SlimMonoLogger.INFO: Cron ran at: 12-01-2026 03:41:12 PM [] []
[2026-01-12 15:46:20] SlimMonoLogger.INFO: Cron ran at: 12-01-2026 03:46:20 PM [] []
[2026-01-12 15:51:28] SlimMonoLogger.INFO: Cron ran at: 12-01-2026 03:51:28 PM [] []
[2026-01-12 15:56:18] SlimMonoLogger.INFO: Cron ran at: 12-01-2026 03:56:18 PM [] []
[2026-01-12 16:01:19] SlimMonoLogger.INFO: Cron ran at: 12-01-2026 04:01:19 PM [] []
[2026-01-12 16:06:16] SlimMonoLogger.INFO: Cron ran at: 12-01-2026 04:06:16 PM [] []
[2026-01-12 16:11:13] SlimMonoLogger.INFO: Cron ran at: 12-01-2026 04:11:13 PM [] []
[2026-01-12 16:16:21] SlimMonoLogger.INFO: Cron ran at: 12-01-2026 04:16:21 PM [] []
[2026-01-12 16:21:17] SlimMonoLogger.INFO: Cron ran at: 12-01-2026 04:21:17 PM [] []
[2026-01-12 16:26:22] SlimMonoLogger.INFO: Cron ran at: 12-01-2026 04:26:22 PM [] []
[2026-01-12 16:31:22] SlimMonoLogger.INFO: Cron ran at: 12-01-2026 04:31:22 PM [] []
[2026-01-12 16:36:17] SlimMonoLogger.INFO: Cron ran at: 12-01-2026 04:36:17 PM [] []
[2026-01-12 16:41:19] SlimMonoLogger.INFO: Cron ran at: 12-01-2026 04:41:19 PM [] []
[2026-01-12 16:46:24] SlimMonoLogger.INFO: Cron ran at: 12-01-2026 04:46:24 PM [] []
[2026-01-12 16:51:14] SlimMonoLogger.INFO: Cron ran at: 12-01-2026 04:51:14 PM [] []
[2026-01-12 16:56:18] SlimMonoLogger.INFO: Cron ran at: 12-01-2026 04:56:18 PM [] []
[2026-01-12 17:01:27] SlimMonoLogger.INFO: Cron ran at: 12-01-2026 05:01:27 PM [] []
[2026-01-12 17:06:18] SlimMonoLogger.INFO: Cron ran at: 12-01-2026 05:06:18 PM [] []
[2026-01-12 17:11:13] SlimMonoLogger.INFO: Cron ran at: 12-01-2026 05:11:13 PM [] []
[2026-01-12 17:16:18] SlimMonoLogger.INFO: Cron ran at: 12-01-2026 05:16:18 PM [] []
[2026-01-12 17:21:10] SlimMonoLogger.INFO: Cron ran at: 12-01-2026 05:21:10 PM [] []
[2026-01-12 17:26:16] SlimMonoLogger.INFO: Cron ran at: 12-01-2026 05:26:16 PM [] []
[2026-01-12 17:31:24] SlimMonoLogger.INFO: Cron ran at: 12-01-2026 05:31:24 PM [] []
[2026-01-12 17:36:13] SlimMonoLogger.INFO: Cron ran at: 12-01-2026 05:36:13 PM [] []
[2026-01-12 17:41:16] SlimMonoLogger.INFO: Cron ran at: 12-01-2026 05:41:16 PM [] []
[2026-01-12 17:46:21] SlimMonoLogger.INFO: Cron ran at: 12-01-2026 05:46:21 PM [] []
[2026-01-12 17:51:08] SlimMonoLogger.INFO: Cron ran at: 12-01-2026 05:51:08 PM [] []
[2026-01-12 17:56:20] SlimMonoLogger.INFO: Cron ran at: 12-01-2026 05:56:20 PM [] []
[2026-01-12 18:01:24] SlimMonoLogger.INFO: Cron ran at: 12-01-2026 06:01:24 PM [] []
[2026-01-12 18:06:15] SlimMonoLogger.INFO: Cron ran at: 12-01-2026 06:06:15 PM [] []
[2026-01-12 18:11:21] SlimMonoLogger.INFO: Cron ran at: 12-01-2026 06:11:21 PM [] []
[2026-01-12 18:16:17] SlimMonoLogger.INFO: Cron ran at: 12-01-2026 06:16:17 PM [] []
[2026-01-12 18:21:17] SlimMonoLogger.INFO: Cron ran at: 12-01-2026 06:21:17 PM [] []
[2026-01-12 18:26:18] SlimMonoLogger.INFO: Cron ran at: 12-01-2026 06:26:18 PM [] []
[2026-01-12 18:31:19] SlimMonoLogger.INFO: Cron ran at: 12-01-2026 06:31:19 PM [] []
[2026-01-12 18:36:17] SlimMonoLogger.INFO: Cron ran at: 12-01-2026 06:36:17 PM [] []
[2026-01-12 18:41:19] SlimMonoLogger.INFO: Cron ran at: 12-01-2026 06:41:19 PM [] []
[2026-01-12 18:46:18] SlimMonoLogger.INFO: Cron ran at: 12-01-2026 06:46:18 PM [] []
[2026-01-12 18:51:16] SlimMonoLogger.INFO: Cron ran at: 12-01-2026 06:51:16 PM [] []
[2026-01-12 18:56:16] SlimMonoLogger.INFO: Cron ran at: 12-01-2026 06:56:16 PM [] []
[2026-01-12 19:01:25] SlimMonoLogger.INFO: Cron ran at: 12-01-2026 07:01:25 PM [] []
[2026-01-12 19:06:19] SlimMonoLogger.INFO: Cron ran at: 12-01-2026 07:06:19 PM [] []
[2026-01-12 19:11:22] SlimMonoLogger.INFO: Cron ran at: 12-01-2026 07:11:22 PM [] []
[2026-01-12 19:16:16] SlimMonoLogger.INFO: Cron ran at: 12-01-2026 07:16:16 PM [] []
[2026-01-12 19:21:13] SlimMonoLogger.INFO: Cron ran at: 12-01-2026 07:21:13 PM [] []
[2026-01-12 19:26:15] SlimMonoLogger.INFO: Cron ran at: 12-01-2026 07:26:15 PM [] []
[2026-01-12 19:31:16] SlimMonoLogger.INFO: Cron ran at: 12-01-2026 07:31:16 PM [] []
[2026-01-12 19:36:22] SlimMonoLogger.INFO: Cron ran at: 12-01-2026 07:36:22 PM [] []
[2026-01-12 19:41:19] SlimMonoLogger.INFO: Cron ran at: 12-01-2026 07:41:19 PM [] []
[2026-01-12 19:46:18] SlimMonoLogger.INFO: Cron ran at: 12-01-2026 07:46:18 PM [] []
[2026-01-12 19:51:16] SlimMonoLogger.INFO: Cron ran at: 12-01-2026 07:51:16 PM [] []
[2026-01-12 19:56:24] SlimMonoLogger.INFO: Cron ran at: 12-01-2026 07:56:24 PM [] []
[2026-01-12 20:01:21] SlimMonoLogger.INFO: Cron ran at: 12-01-2026 08:01:21 PM [] []
[2026-01-12 20:06:15] SlimMonoLogger.INFO: Cron ran at: 12-01-2026 08:06:15 PM [] []
[2026-01-12 20:11:13] SlimMonoLogger.INFO: Cron ran at: 12-01-2026 08:11:13 PM [] []
[2026-01-12 20:16:19] SlimMonoLogger.INFO: Cron ran at: 12-01-2026 08:16:19 PM [] []
[2026-01-12 20:21:15] SlimMonoLogger.INFO: Cron ran at: 12-01-2026 08:21:15 PM [] []
[2026-01-12 20:26:11] SlimMonoLogger.INFO: Cron ran at: 12-01-2026 08:26:11 PM [] []
[2026-01-12 20:31:20] SlimMonoLogger.INFO: Cron ran at: 12-01-2026 08:31:20 PM [] []
[2026-01-12 20:36:19] SlimMonoLogger.INFO: Cron ran at: 12-01-2026 08:36:19 PM [] []
[2026-01-12 20:41:24] SlimMonoLogger.INFO: Cron ran at: 12-01-2026 08:41:24 PM [] []
[2026-01-12 20:46:23] SlimMonoLogger.INFO: Cron ran at: 12-01-2026 08:46:23 PM [] []
[2026-01-12 20:51:18] SlimMonoLogger.INFO: Cron ran at: 12-01-2026 08:51:18 PM [] []
[2026-01-12 20:56:31] SlimMonoLogger.INFO: Cron ran at: 12-01-2026 08:56:31 PM [] []
[2026-01-12 21:01:19] SlimMonoLogger.INFO: Cron ran at: 12-01-2026 09:01:19 PM [] []
[2026-01-12 21:06:14] SlimMonoLogger.INFO: Cron ran at: 12-01-2026 09:06:14 PM [] []
[2026-01-12 21:11:18] SlimMonoLogger.INFO: Cron ran at: 12-01-2026 09:11:18 PM [] []
[2026-01-12 21:16:17] SlimMonoLogger.INFO: Cron ran at: 12-01-2026 09:16:17 PM [] []
[2026-01-12 21:21:11] SlimMonoLogger.INFO: Cron ran at: 12-01-2026 09:21:11 PM [] []
[2026-01-12 21:26:13] SlimMonoLogger.INFO: Cron ran at: 12-01-2026 09:26:13 PM [] []
[2026-01-12 21:31:14] SlimMonoLogger.INFO: Cron ran at: 12-01-2026 09:31:14 PM [] []
[2026-01-12 21:36:15] SlimMonoLogger.INFO: Cron ran at: 12-01-2026 09:36:15 PM [] []
[2026-01-12 21:41:25] SlimMonoLogger.INFO: Cron ran at: 12-01-2026 09:41:25 PM [] []
[2026-01-12 21:46:19] SlimMonoLogger.INFO: Cron ran at: 12-01-2026 09:46:19 PM [] []
[2026-01-12 21:51:13] SlimMonoLogger.INFO: Cron ran at: 12-01-2026 09:51:13 PM [] []
[2026-01-12 21:56:18] SlimMonoLogger.INFO: Cron ran at: 12-01-2026 09:56:18 PM [] []
[2026-01-12 22:01:15] SlimMonoLogger.INFO: Cron ran at: 12-01-2026 10:01:15 PM [] []
[2026-01-12 22:06:11] SlimMonoLogger.INFO: Cron ran at: 12-01-2026 10:06:11 PM [] []
[2026-01-12 22:11:10] SlimMonoLogger.INFO: Cron ran at: 12-01-2026 10:11:10 PM [] []
[2026-01-12 22:16:18] SlimMonoLogger.INFO: Cron ran at: 12-01-2026 10:16:18 PM [] []
[2026-01-12 22:21:15] SlimMonoLogger.INFO: Cron ran at: 12-01-2026 10:21:15 PM [] []
[2026-01-12 22:26:19] SlimMonoLogger.INFO: Cron ran at: 12-01-2026 10:26:19 PM [] []
[2026-01-12 22:31:20] SlimMonoLogger.INFO: Cron ran at: 12-01-2026 10:31:20 PM [] []
[2026-01-12 22:36:24] SlimMonoLogger.INFO: Cron ran at: 12-01-2026 10:36:24 PM [] []
[2026-01-12 22:41:12] SlimMonoLogger.INFO: Cron ran at: 12-01-2026 10:41:12 PM [] []
[2026-01-12 22:46:15] SlimMonoLogger.INFO: Cron ran at: 12-01-2026 10:46:15 PM [] []
[2026-01-12 22:51:16] SlimMonoLogger.INFO: Cron ran at: 12-01-2026 10:51:16 PM [] []
[2026-01-12 22:56:21] SlimMonoLogger.INFO: Cron ran at: 12-01-2026 10:56:21 PM [] []
[2026-01-12 23:01:24] SlimMonoLogger.INFO: Cron ran at: 12-01-2026 11:01:24 PM [] []
[2026-01-12 23:06:18] SlimMonoLogger.INFO: Cron ran at: 12-01-2026 11:06:18 PM [] []
[2026-01-12 23:11:18] SlimMonoLogger.INFO: Cron ran at: 12-01-2026 11:11:18 PM [] []
[2026-01-12 23:16:21] SlimMonoLogger.INFO: Cron ran at: 12-01-2026 11:16:21 PM [] []
[2026-01-12 23:21:20] SlimMonoLogger.INFO: Cron ran at: 12-01-2026 11:21:20 PM [] []
[2026-01-12 23:26:17] SlimMonoLogger.INFO: Cron ran at: 12-01-2026 11:26:17 PM [] []
[2026-01-12 23:31:18] SlimMonoLogger.INFO: Cron ran at: 12-01-2026 11:31:18 PM [] []
[2026-01-12 23:36:16] SlimMonoLogger.INFO: Cron ran at: 12-01-2026 11:36:16 PM [] []
[2026-01-12 23:41:20] SlimMonoLogger.INFO: Cron ran at: 12-01-2026 11:41:20 PM [] []
[2026-01-12 23:46:15] SlimMonoLogger.INFO: Cron ran at: 12-01-2026 11:46:15 PM [] []
[2026-01-12 23:51:20] SlimMonoLogger.INFO: Cron ran at: 12-01-2026 11:51:20 PM [] []
[2026-01-12 23:56:15] SlimMonoLogger.INFO: Cron ran at: 12-01-2026 11:56:15 PM [] []
[2026-01-13 00:01:16] SlimMonoLogger.INFO: Cron ran at: 13-01-2026 12:01:16 AM [] []
[2026-01-13 00:06:16] SlimMonoLogger.INFO: Cron ran at: 13-01-2026 12:06:16 AM [] []
[2026-01-13 00:11:12] SlimMonoLogger.INFO: Cron ran at: 13-01-2026 12:11:12 AM [] []
[2026-01-13 00:16:19] SlimMonoLogger.INFO: Cron ran at: 13-01-2026 12:16:19 AM [] []
[2026-01-13 00:21:16] SlimMonoLogger.INFO: Cron ran at: 13-01-2026 12:21:16 AM [] []
[2026-01-13 00:26:15] SlimMonoLogger.INFO: Cron ran at: 13-01-2026 12:26:15 AM [] []
[2026-01-13 00:31:25] SlimMonoLogger.INFO: Cron ran at: 13-01-2026 12:31:25 AM [] []
[2026-01-13 00:36:14] SlimMonoLogger.INFO: Cron ran at: 13-01-2026 12:36:14 AM [] []
[2026-01-13 00:41:14] SlimMonoLogger.INFO: Cron ran at: 13-01-2026 12:41:14 AM [] []
[2026-01-13 00:46:12] SlimMonoLogger.INFO: Cron ran at: 13-01-2026 12:46:12 AM [] []
[2026-01-13 00:51:12] SlimMonoLogger.INFO: Cron ran at: 13-01-2026 12:51:12 AM [] []
[2026-01-13 00:56:12] SlimMonoLogger.INFO: Cron ran at: 13-01-2026 12:56:12 AM [] []
