[2026-02-12 01:01:29] SlimMonoLogger.INFO: Cron ran at: 12-02-2026 01:01:29 AM [] []
[2026-02-12 01:06:21] SlimMonoLogger.INFO: Cron ran at: 12-02-2026 01:06:21 AM [] []
[2026-02-12 01:11:34] SlimMonoLogger.INFO: Cron ran at: 12-02-2026 01:11:34 AM [] []
[2026-02-12 01:16:20] SlimMonoLogger.INFO: Cron ran at: 12-02-2026 01:16:20 AM [] []
[2026-02-12 01:21:18] SlimMonoLogger.INFO: Cron ran at: 12-02-2026 01:21:18 AM [] []
[2026-02-12 01:26:21] SlimMonoLogger.INFO: Cron ran at: 12-02-2026 01:26:21 AM [] []
[2026-02-12 01:31:31] SlimMonoLogger.INFO: Cron ran at: 12-02-2026 01:31:31 AM [] []
[2026-02-12 01:36:20] SlimMonoLogger.INFO: Cron ran at: 12-02-2026 01:36:20 AM [] []
[2026-02-12 01:41:25] SlimMonoLogger.INFO: Cron ran at: 12-02-2026 01:41:25 AM [] []
[2026-02-12 01:46:23] SlimMonoLogger.INFO: Cron ran at: 12-02-2026 01:46:23 AM [] []
[2026-02-12 01:51:23] SlimMonoLogger.INFO: Cron ran at: 12-02-2026 01:51:23 AM [] []
[2026-02-12 01:56:22] SlimMonoLogger.INFO: Cron ran at: 12-02-2026 01:56:22 AM [] []
[2026-02-12 02:01:33] SlimMonoLogger.INFO: Cron ran at: 12-02-2026 02:01:33 AM [] []
[2026-02-12 02:06:27] SlimMonoLogger.INFO: Cron ran at: 12-02-2026 02:06:27 AM [] []
[2026-02-12 02:11:29] SlimMonoLogger.INFO: Cron ran at: 12-02-2026 02:11:29 AM [] []
[2026-02-12 02:16:25] SlimMonoLogger.INFO: Cron ran at: 12-02-2026 02:16:25 AM [] []
[2026-02-12 02:21:31] SlimMonoLogger.INFO: Cron ran at: 12-02-2026 02:21:31 AM [] []
[2026-02-12 02:26:25] SlimMonoLogger.INFO: Cron ran at: 12-02-2026 02:26:25 AM [] []
[2026-02-12 02:32:04] SlimMonoLogger.INFO: Cron ran at: 12-02-2026 02:32:04 AM [] []
[2026-02-12 02:36:25] SlimMonoLogger.INFO: Cron ran at: 12-02-2026 02:36:25 AM [] []
[2026-02-12 02:41:33] SlimMonoLogger.INFO: Cron ran at: 12-02-2026 02:41:33 AM [] []
[2026-02-12 02:46:32] SlimMonoLogger.INFO: Cron ran at: 12-02-2026 02:46:32 AM [] []
[2026-02-12 02:51:24] SlimMonoLogger.INFO: Cron ran at: 12-02-2026 02:51:24 AM [] []
[2026-02-12 02:56:32] SlimMonoLogger.INFO: Cron ran at: 12-02-2026 02:56:32 AM [] []
[2026-02-12 03:01:42] SlimMonoLogger.INFO: Cron ran at: 12-02-2026 03:01:42 AM [] []
[2026-02-12 03:06:31] SlimMonoLogger.INFO: Cron ran at: 12-02-2026 03:06:31 AM [] []
[2026-02-12 03:11:38] SlimMonoLogger.INFO: Cron ran at: 12-02-2026 03:11:38 AM [] []
[2026-02-12 03:16:31] SlimMonoLogger.INFO: Cron ran at: 12-02-2026 03:16:31 AM [] []
[2026-02-12 03:21:23] SlimMonoLogger.INFO: Cron ran at: 12-02-2026 03:21:23 AM [] []
[2026-02-12 03:26:33] SlimMonoLogger.INFO: Cron ran at: 12-02-2026 03:26:33 AM [] []
[2026-02-12 03:31:45] SlimMonoLogger.INFO: Cron ran at: 12-02-2026 03:31:45 AM [] []
[2026-02-12 03:36:37] SlimMonoLogger.INFO: Cron ran at: 12-02-2026 03:36:37 AM [] []
[2026-02-12 03:41:35] SlimMonoLogger.INFO: Cron ran at: 12-02-2026 03:41:35 AM [] []
[2026-02-12 03:46:43] SlimMonoLogger.INFO: Cron ran at: 12-02-2026 03:46:43 AM [] []
[2026-02-12 03:51:34] SlimMonoLogger.INFO: Cron ran at: 12-02-2026 03:51:34 AM [] []
[2026-02-12 03:56:34] SlimMonoLogger.INFO: Cron ran at: 12-02-2026 03:56:34 AM [] []
[2026-02-12 04:01:33] SlimMonoLogger.INFO: Cron ran at: 12-02-2026 04:01:33 AM [] []
[2026-02-12 04:06:30] SlimMonoLogger.INFO: Cron ran at: 12-02-2026 04:06:30 AM [] []
[2026-02-12 04:11:28] SlimMonoLogger.INFO: Cron ran at: 12-02-2026 04:11:28 AM [] []
[2026-02-12 04:16:34] SlimMonoLogger.INFO: Cron ran at: 12-02-2026 04:16:34 AM [] []
[2026-02-12 04:21:33] SlimMonoLogger.INFO: Cron ran at: 12-02-2026 04:21:33 AM [] []
[2026-02-12 04:31:30] SlimMonoLogger.INFO: Cron ran at: 12-02-2026 04:31:30 AM [] []
[2026-02-12 04:33:39] SlimMonoLogger.ERROR: Requests_Exception: cURL error 28: Operation timed out after 500001 milliseconds with 23743 bytes received in /home/latihtal/public_html/agregator1/src/vendor/rmccue/requests/library/Requests/Transport/cURL.php:422
Stack trace:
#0 /home/latihtal/public_html/agregator1/src/vendor/rmccue/requests/library/Requests/Transport/cURL.php(177): Requests_Transport_cURL->process_response()
#1 /home/latihtal/public_html/agregator1/src/vendor/rmccue/requests/library/Requests.php(379): Requests_Transport_cURL->request()
#2 /home/latihtal/public_html/agregator1/src/vendor/rmccue/requests/library/Requests/Session.php(205): Requests::request()
#3 /home/latihtal/public_html/agregator1/src/vendor/rmccue/requests/library/Requests/Session.php(132): Requests_Session->request()
#4 /home/latihtal/public_html/agregator1/src/drivers/Http/RssImporter.php(144): Requests_Session->get()
#5 /home/latihtal/public_html/agregator1/src/controllers/Dashboard/DashboardFeedsController.php(534): spark\drivers\Http\RssImporter->fetchPosts()
#6 /home/latihtal/public_html/agregator1/src/controllers/Site/SiteController.php(722): spark\controllers\Dashboard\DashboardFeedsController::importFeedPosts()
#7 [internal function]: spark\controllers\Site\SiteController->runTasks()
#8 /home/latihtal/public_html/agregator1/src/framework/Route.php(173): call_user_func_array()
#9 [internal function]: Slim\Route->Slim\{closure}()
#10 /home/latihtal/public_html/agregator1/src/framework/Route.php(468): call_user_func_array()
#11 /home/latihtal/public_html/agregator1/src/framework/Slim.php(1364): Slim\Route->dispatch()
#12 /home/latihtal/public_html/agregator1/src/framework/Middleware/Flash.php(85): Slim\Slim->call()
#13 /home/latihtal/public_html/agregator1/src/framework/Middleware/MethodOverride.php(92): Slim\Middleware\Flash->call()
#14 /home/latihtal/public_html/agregator1/src/middlewares/CsrfGuard/CsrfGuard.php(47): Slim\Middleware\MethodOverride->call()
#15 /home/latihtal/public_html/agregator1/src/framework/Middleware/PrettyExceptions.php(67): spark\middlewares\CsrfGuard\CsrfGuard->call()
#16 /home/latihtal/public_html/agregator1/src/framework/Slim.php(1308): Slim\Middleware\PrettyExceptions->call()
#17 /home/latihtal/public_html/agregator1/index.php(6): Slim\Slim->run()
#18 {main} [] []
[2026-02-12 04:34:55] SlimMonoLogger.INFO: Cron ran at: 12-02-2026 04:34:55 AM [] []
[2026-02-12 04:36:28] SlimMonoLogger.INFO: Cron ran at: 12-02-2026 04:36:28 AM [] []
[2026-02-12 04:41:28] SlimMonoLogger.INFO: Cron ran at: 12-02-2026 04:41:28 AM [] []
[2026-02-12 04:46:32] SlimMonoLogger.INFO: Cron ran at: 12-02-2026 04:46:32 AM [] []
[2026-02-12 04:51:30] SlimMonoLogger.INFO: Cron ran at: 12-02-2026 04:51:30 AM [] []
[2026-02-12 04:56:37] SlimMonoLogger.INFO: Cron ran at: 12-02-2026 04:56:37 AM [] []
[2026-02-12 05:01:35] SlimMonoLogger.INFO: Cron ran at: 12-02-2026 05:01:35 AM [] []
[2026-02-12 05:06:36] SlimMonoLogger.INFO: Cron ran at: 12-02-2026 05:06:36 AM [] []
[2026-02-12 05:11:29] SlimMonoLogger.INFO: Cron ran at: 12-02-2026 05:11:29 AM [] []
[2026-02-12 05:16:25] SlimMonoLogger.INFO: Cron ran at: 12-02-2026 05:16:25 AM [] []
[2026-02-12 05:21:32] SlimMonoLogger.INFO: Cron ran at: 12-02-2026 05:21:32 AM [] []
[2026-02-12 05:26:32] SlimMonoLogger.INFO: Cron ran at: 12-02-2026 05:26:32 AM [] []
[2026-02-12 05:31:42] SlimMonoLogger.INFO: Cron ran at: 12-02-2026 05:31:42 AM [] []
[2026-02-12 05:36:33] SlimMonoLogger.INFO: Cron ran at: 12-02-2026 05:36:33 AM [] []
[2026-02-12 05:41:31] SlimMonoLogger.INFO: Cron ran at: 12-02-2026 05:41:31 AM [] []
[2026-02-12 05:46:34] SlimMonoLogger.INFO: Cron ran at: 12-02-2026 05:46:34 AM [] []
[2026-02-12 05:51:26] SlimMonoLogger.INFO: Cron ran at: 12-02-2026 05:51:26 AM [] []
[2026-02-12 05:56:20] SlimMonoLogger.INFO: Cron ran at: 12-02-2026 05:56:20 AM [] []
[2026-02-12 06:01:33] SlimMonoLogger.INFO: Cron ran at: 12-02-2026 06:01:33 AM [] []
[2026-02-12 06:06:36] SlimMonoLogger.INFO: Cron ran at: 12-02-2026 06:06:36 AM [] []
[2026-02-12 06:11:27] SlimMonoLogger.INFO: Cron ran at: 12-02-2026 06:11:27 AM [] []
[2026-02-12 06:16:25] SlimMonoLogger.INFO: Cron ran at: 12-02-2026 06:16:25 AM [] []
[2026-02-12 06:21:30] SlimMonoLogger.INFO: Cron ran at: 12-02-2026 06:21:30 AM [] []
[2026-02-12 06:26:28] SlimMonoLogger.INFO: Cron ran at: 12-02-2026 06:26:28 AM [] []
[2026-02-12 06:31:27] SlimMonoLogger.INFO: Cron ran at: 12-02-2026 06:31:27 AM [] []
[2026-02-12 06:36:27] SlimMonoLogger.INFO: Cron ran at: 12-02-2026 06:36:27 AM [] []
[2026-02-12 06:41:32] SlimMonoLogger.INFO: Cron ran at: 12-02-2026 06:41:32 AM [] []
[2026-02-12 06:46:30] SlimMonoLogger.INFO: Cron ran at: 12-02-2026 06:46:30 AM [] []
[2026-02-12 06:51:25] SlimMonoLogger.INFO: Cron ran at: 12-02-2026 06:51:25 AM [] []
[2026-02-12 06:56:23] SlimMonoLogger.INFO: Cron ran at: 12-02-2026 06:56:23 AM [] []
[2026-02-12 07:01:28] SlimMonoLogger.INFO: Cron ran at: 12-02-2026 07:01:28 AM [] []
[2026-02-12 07:06:25] SlimMonoLogger.INFO: Cron ran at: 12-02-2026 07:06:25 AM [] []
[2026-02-12 07:11:32] SlimMonoLogger.INFO: Cron ran at: 12-02-2026 07:11:32 AM [] []
[2026-02-12 07:16:22] SlimMonoLogger.INFO: Cron ran at: 12-02-2026 07:16:22 AM [] []
[2026-02-12 07:21:36] SlimMonoLogger.INFO: Cron ran at: 12-02-2026 07:21:36 AM [] []
[2026-02-12 07:26:28] SlimMonoLogger.INFO: Cron ran at: 12-02-2026 07:26:28 AM [] []
[2026-02-12 07:31:29] SlimMonoLogger.INFO: Cron ran at: 12-02-2026 07:31:29 AM [] []
[2026-02-12 07:36:22] SlimMonoLogger.INFO: Cron ran at: 12-02-2026 07:36:22 AM [] []
[2026-02-12 07:41:30] SlimMonoLogger.INFO: Cron ran at: 12-02-2026 07:41:30 AM [] []
[2026-02-12 07:46:21] SlimMonoLogger.INFO: Cron ran at: 12-02-2026 07:46:21 AM [] []
[2026-02-12 07:51:18] SlimMonoLogger.INFO: Cron ran at: 12-02-2026 07:51:18 AM [] []
[2026-02-12 07:56:10] SlimMonoLogger.INFO: Cron ran at: 12-02-2026 07:56:10 AM [] []
[2026-02-12 08:01:28] SlimMonoLogger.INFO: Cron ran at: 12-02-2026 08:01:28 AM [] []
[2026-02-12 08:06:21] SlimMonoLogger.INFO: Cron ran at: 12-02-2026 08:06:21 AM [] []
[2026-02-12 08:11:15] SlimMonoLogger.INFO: Cron ran at: 12-02-2026 08:11:15 AM [] []
[2026-02-12 08:16:17] SlimMonoLogger.INFO: Cron ran at: 12-02-2026 08:16:17 AM [] []
[2026-02-12 08:21:22] SlimMonoLogger.INFO: Cron ran at: 12-02-2026 08:21:22 AM [] []
[2026-02-12 08:26:14] SlimMonoLogger.INFO: Cron ran at: 12-02-2026 08:26:14 AM [] []
[2026-02-12 08:31:18] SlimMonoLogger.INFO: Cron ran at: 12-02-2026 08:31:18 AM [] []
[2026-02-12 08:36:23] SlimMonoLogger.INFO: Cron ran at: 12-02-2026 08:36:23 AM [] []
[2026-02-12 08:41:32] SlimMonoLogger.INFO: Cron ran at: 12-02-2026 08:41:32 AM [] []
[2026-02-12 08:46:24] SlimMonoLogger.INFO: Cron ran at: 12-02-2026 08:46:24 AM [] []
[2026-02-12 08:51:38] SlimMonoLogger.INFO: Cron ran at: 12-02-2026 08:51:38 AM [] []
[2026-02-12 08:56:13] SlimMonoLogger.INFO: Cron ran at: 12-02-2026 08:56:13 AM [] []
[2026-02-12 09:06:48] SlimMonoLogger.INFO: Cron ran at: 12-02-2026 09:06:48 AM [] []
[2026-02-12 09:11:41] SlimMonoLogger.INFO: Cron ran at: 12-02-2026 09:11:41 AM [] []
[2026-02-12 09:16:20] SlimMonoLogger.INFO: Cron ran at: 12-02-2026 09:16:20 AM [] []
[2026-02-12 09:21:30] SlimMonoLogger.INFO: Cron ran at: 12-02-2026 09:21:30 AM [] []
[2026-02-12 09:26:26] SlimMonoLogger.INFO: Cron ran at: 12-02-2026 09:26:26 AM [] []
[2026-02-12 09:31:25] SlimMonoLogger.INFO: Cron ran at: 12-02-2026 09:31:25 AM [] []
[2026-02-12 09:36:27] SlimMonoLogger.INFO: Cron ran at: 12-02-2026 09:36:27 AM [] []
[2026-02-12 09:41:34] SlimMonoLogger.INFO: Cron ran at: 12-02-2026 09:41:34 AM [] []
[2026-02-12 09:46:34] SlimMonoLogger.INFO: Cron ran at: 12-02-2026 09:46:34 AM [] []
[2026-02-12 09:51:46] SlimMonoLogger.INFO: Cron ran at: 12-02-2026 09:51:46 AM [] []
[2026-02-12 09:56:27] SlimMonoLogger.INFO: Cron ran at: 12-02-2026 09:56:27 AM [] []
[2026-02-12 10:01:35] SlimMonoLogger.INFO: Cron ran at: 12-02-2026 10:01:35 AM [] []
[2026-02-12 10:06:29] SlimMonoLogger.INFO: Cron ran at: 12-02-2026 10:06:29 AM [] []
[2026-02-12 10:11:22] SlimMonoLogger.INFO: Cron ran at: 12-02-2026 10:11:22 AM [] []
[2026-02-12 10:16:29] SlimMonoLogger.INFO: Cron ran at: 12-02-2026 10:16:29 AM [] []
[2026-02-12 10:21:34] SlimMonoLogger.INFO: Cron ran at: 12-02-2026 10:21:34 AM [] []
[2026-02-12 10:26:27] SlimMonoLogger.INFO: Cron ran at: 12-02-2026 10:26:27 AM [] []
[2026-02-12 10:31:28] SlimMonoLogger.INFO: Cron ran at: 12-02-2026 10:31:28 AM [] []
[2026-02-12 10:36:18] SlimMonoLogger.INFO: Cron ran at: 12-02-2026 10:36:18 AM [] []
[2026-02-12 10:41:36] SlimMonoLogger.INFO: Cron ran at: 12-02-2026 10:41:36 AM [] []
[2026-02-12 10:46:20] SlimMonoLogger.INFO: Cron ran at: 12-02-2026 10:46:20 AM [] []
[2026-02-12 10:51:37] SlimMonoLogger.INFO: Cron ran at: 12-02-2026 10:51:37 AM [] []
[2026-02-12 10:56:23] SlimMonoLogger.INFO: Cron ran at: 12-02-2026 10:56:23 AM [] []
[2026-02-12 11:01:39] SlimMonoLogger.INFO: Cron ran at: 12-02-2026 11:01:39 AM [] []
[2026-02-12 11:06:57] SlimMonoLogger.INFO: Cron ran at: 12-02-2026 11:06:57 AM [] []
[2026-02-12 11:11:46] SlimMonoLogger.INFO: Cron ran at: 12-02-2026 11:11:46 AM [] []
[2026-02-12 11:16:51] SlimMonoLogger.INFO: Cron ran at: 12-02-2026 11:16:51 AM [] []
[2026-02-12 11:21:26] SlimMonoLogger.INFO: Cron ran at: 12-02-2026 11:21:26 AM [] []
[2026-02-12 11:26:33] SlimMonoLogger.INFO: Cron ran at: 12-02-2026 11:26:33 AM [] []
[2026-02-12 11:32:59] SlimMonoLogger.INFO: Cron ran at: 12-02-2026 11:32:59 AM [] []
[2026-02-12 11:36:18] SlimMonoLogger.INFO: Cron ran at: 12-02-2026 11:36:18 AM [] []
[2026-02-12 11:41:41] SlimMonoLogger.INFO: Cron ran at: 12-02-2026 11:41:41 AM [] []
[2026-02-12 11:46:22] SlimMonoLogger.INFO: Cron ran at: 12-02-2026 11:46:22 AM [] []
[2026-02-12 11:51:30] SlimMonoLogger.INFO: Cron ran at: 12-02-2026 11:51:30 AM [] []
[2026-02-12 11:56:24] SlimMonoLogger.INFO: Cron ran at: 12-02-2026 11:56:24 AM [] []
[2026-02-12 12:01:45] SlimMonoLogger.INFO: Cron ran at: 12-02-2026 12:01:45 PM [] []
[2026-02-12 12:06:41] SlimMonoLogger.INFO: Cron ran at: 12-02-2026 12:06:41 PM [] []
[2026-02-12 12:11:34] SlimMonoLogger.INFO: Cron ran at: 12-02-2026 12:11:34 PM [] []
[2026-02-12 12:16:37] SlimMonoLogger.INFO: Cron ran at: 12-02-2026 12:16:37 PM [] []
[2026-02-12 12:21:31] SlimMonoLogger.INFO: Cron ran at: 12-02-2026 12:21:31 PM [] []
[2026-02-12 12:26:43] SlimMonoLogger.INFO: Cron ran at: 12-02-2026 12:26:43 PM [] []
[2026-02-12 12:31:33] SlimMonoLogger.INFO: Cron ran at: 12-02-2026 12:31:33 PM [] []
[2026-02-12 12:36:27] SlimMonoLogger.INFO: Cron ran at: 12-02-2026 12:36:27 PM [] []
[2026-02-12 12:41:24] SlimMonoLogger.INFO: Cron ran at: 12-02-2026 12:41:24 PM [] []
[2026-02-12 12:46:36] SlimMonoLogger.INFO: Cron ran at: 12-02-2026 12:46:36 PM [] []
[2026-02-12 12:51:26] SlimMonoLogger.INFO: Cron ran at: 12-02-2026 12:51:26 PM [] []
[2026-02-12 12:56:24] SlimMonoLogger.INFO: Cron ran at: 12-02-2026 12:56:24 PM [] []
[2026-02-12 13:01:49] SlimMonoLogger.INFO: Cron ran at: 12-02-2026 01:01:49 PM [] []
[2026-02-12 13:06:27] SlimMonoLogger.INFO: Cron ran at: 12-02-2026 01:06:27 PM [] []
[2026-02-12 13:11:31] SlimMonoLogger.INFO: Cron ran at: 12-02-2026 01:11:31 PM [] []
[2026-02-12 13:16:46] SlimMonoLogger.INFO: Cron ran at: 12-02-2026 01:16:46 PM [] []
[2026-02-12 13:21:48] SlimMonoLogger.INFO: Cron ran at: 12-02-2026 01:21:48 PM [] []
[2026-02-12 13:26:29] SlimMonoLogger.INFO: Cron ran at: 12-02-2026 01:26:29 PM [] []
[2026-02-12 13:31:42] SlimMonoLogger.INFO: Cron ran at: 12-02-2026 01:31:42 PM [] []
[2026-02-12 13:36:38] SlimMonoLogger.INFO: Cron ran at: 12-02-2026 01:36:38 PM [] []
[2026-02-12 13:41:36] SlimMonoLogger.INFO: Cron ran at: 12-02-2026 01:41:36 PM [] []
[2026-02-12 13:46:33] SlimMonoLogger.INFO: Cron ran at: 12-02-2026 01:46:33 PM [] []
[2026-02-12 13:51:43] SlimMonoLogger.INFO: Cron ran at: 12-02-2026 01:51:43 PM [] []
[2026-02-12 13:56:34] SlimMonoLogger.INFO: Cron ran at: 12-02-2026 01:56:34 PM [] []
[2026-02-12 14:01:46] SlimMonoLogger.INFO: Cron ran at: 12-02-2026 02:01:46 PM [] []
[2026-02-12 14:06:48] SlimMonoLogger.INFO: Cron ran at: 12-02-2026 02:06:48 PM [] []
[2026-02-12 14:11:22] SlimMonoLogger.INFO: Cron ran at: 12-02-2026 02:11:22 PM [] []
[2026-02-12 14:16:46] SlimMonoLogger.INFO: Cron ran at: 12-02-2026 02:16:46 PM [] []
[2026-02-12 14:21:42] SlimMonoLogger.INFO: Cron ran at: 12-02-2026 02:21:42 PM [] []
[2026-02-12 14:26:41] SlimMonoLogger.INFO: Cron ran at: 12-02-2026 02:26:41 PM [] []
[2026-02-12 14:31:42] SlimMonoLogger.INFO: Cron ran at: 12-02-2026 02:31:42 PM [] []
[2026-02-12 14:36:41] SlimMonoLogger.INFO: Cron ran at: 12-02-2026 02:36:41 PM [] []
[2026-02-12 14:41:20] SlimMonoLogger.INFO: Cron ran at: 12-02-2026 02:41:20 PM [] []
[2026-02-12 14:46:46] SlimMonoLogger.INFO: Cron ran at: 12-02-2026 02:46:46 PM [] []
[2026-02-12 14:51:33] SlimMonoLogger.INFO: Cron ran at: 12-02-2026 02:51:33 PM [] []
[2026-02-12 14:56:41] SlimMonoLogger.INFO: Cron ran at: 12-02-2026 02:56:41 PM [] []
[2026-02-12 15:01:51] SlimMonoLogger.INFO: Cron ran at: 12-02-2026 03:01:51 PM [] []
[2026-02-12 15:06:40] SlimMonoLogger.INFO: Cron ran at: 12-02-2026 03:06:40 PM [] []
[2026-02-12 15:12:14] SlimMonoLogger.INFO: Cron ran at: 12-02-2026 03:12:14 PM [] []
[2026-02-12 15:16:30] SlimMonoLogger.INFO: Cron ran at: 12-02-2026 03:16:30 PM [] []
[2026-02-12 15:21:41] SlimMonoLogger.INFO: Cron ran at: 12-02-2026 03:21:41 PM [] []
[2026-02-12 15:26:28] SlimMonoLogger.INFO: Cron ran at: 12-02-2026 03:26:28 PM [] []
[2026-02-12 15:31:27] SlimMonoLogger.INFO: Cron ran at: 12-02-2026 03:31:27 PM [] []
[2026-02-12 15:36:33] SlimMonoLogger.INFO: Cron ran at: 12-02-2026 03:36:33 PM [] []
[2026-02-12 15:41:36] SlimMonoLogger.INFO: Cron ran at: 12-02-2026 03:41:36 PM [] []
[2026-02-12 15:46:28] SlimMonoLogger.INFO: Cron ran at: 12-02-2026 03:46:28 PM [] []
[2026-02-12 15:51:26] SlimMonoLogger.INFO: Cron ran at: 12-02-2026 03:51:26 PM [] []
[2026-02-12 15:56:26] SlimMonoLogger.INFO: Cron ran at: 12-02-2026 03:56:26 PM [] []
[2026-02-12 16:01:47] SlimMonoLogger.INFO: Cron ran at: 12-02-2026 04:01:47 PM [] []
[2026-02-12 16:06:38] SlimMonoLogger.INFO: Cron ran at: 12-02-2026 04:06:38 PM [] []
[2026-02-12 16:11:47] SlimMonoLogger.INFO: Cron ran at: 12-02-2026 04:11:47 PM [] []
[2026-02-12 16:16:40] SlimMonoLogger.INFO: Cron ran at: 12-02-2026 04:16:40 PM [] []
[2026-02-12 16:21:50] SlimMonoLogger.INFO: Cron ran at: 12-02-2026 04:21:50 PM [] []
[2026-02-12 16:26:45] SlimMonoLogger.INFO: Cron ran at: 12-02-2026 04:26:45 PM [] []
[2026-02-12 16:31:49] SlimMonoLogger.INFO: Cron ran at: 12-02-2026 04:31:49 PM [] []
[2026-02-12 16:37:08] SlimMonoLogger.INFO: Cron ran at: 12-02-2026 04:37:08 PM [] []
[2026-02-12 16:41:44] SlimMonoLogger.INFO: Cron ran at: 12-02-2026 04:41:44 PM [] []
[2026-02-12 16:46:38] SlimMonoLogger.INFO: Cron ran at: 12-02-2026 04:46:38 PM [] []
[2026-02-12 16:51:45] SlimMonoLogger.INFO: Cron ran at: 12-02-2026 04:51:45 PM [] []
[2026-02-12 16:56:32] SlimMonoLogger.INFO: Cron ran at: 12-02-2026 04:56:32 PM [] []
[2026-02-12 17:01:44] SlimMonoLogger.INFO: Cron ran at: 12-02-2026 05:01:44 PM [] []
[2026-02-12 17:06:37] SlimMonoLogger.INFO: Cron ran at: 12-02-2026 05:06:37 PM [] []
[2026-02-12 17:11:53] SlimMonoLogger.INFO: Cron ran at: 12-02-2026 05:11:53 PM [] []
[2026-02-12 17:16:46] SlimMonoLogger.INFO: Cron ran at: 12-02-2026 05:16:46 PM [] []
[2026-02-12 17:21:54] SlimMonoLogger.INFO: Cron ran at: 12-02-2026 05:21:54 PM [] []
[2026-02-12 17:26:47] SlimMonoLogger.INFO: Cron ran at: 12-02-2026 05:26:47 PM [] []
[2026-02-12 17:31:41] SlimMonoLogger.INFO: Cron ran at: 12-02-2026 05:31:41 PM [] []
[2026-02-12 17:36:32] SlimMonoLogger.INFO: Cron ran at: 12-02-2026 05:36:32 PM [] []
[2026-02-12 17:41:53] SlimMonoLogger.INFO: Cron ran at: 12-02-2026 05:41:53 PM [] []
[2026-02-12 17:46:42] SlimMonoLogger.INFO: Cron ran at: 12-02-2026 05:46:42 PM [] []
[2026-02-12 17:51:37] SlimMonoLogger.INFO: Cron ran at: 12-02-2026 05:51:37 PM [] []
[2026-02-12 17:56:35] SlimMonoLogger.INFO: Cron ran at: 12-02-2026 05:56:35 PM [] []
[2026-02-12 18:01:47] SlimMonoLogger.INFO: Cron ran at: 12-02-2026 06:01:47 PM [] []
[2026-02-12 18:06:33] SlimMonoLogger.INFO: Cron ran at: 12-02-2026 06:06:33 PM [] []
[2026-02-12 18:11:35] SlimMonoLogger.INFO: Cron ran at: 12-02-2026 06:11:35 PM [] []
[2026-02-12 18:16:34] SlimMonoLogger.INFO: Cron ran at: 12-02-2026 06:16:34 PM [] []
[2026-02-12 18:21:40] SlimMonoLogger.INFO: Cron ran at: 12-02-2026 06:21:40 PM [] []
[2026-02-12 18:26:36] SlimMonoLogger.INFO: Cron ran at: 12-02-2026 06:26:36 PM [] []
[2026-02-12 18:31:47] SlimMonoLogger.INFO: Cron ran at: 12-02-2026 06:31:47 PM [] []
[2026-02-12 18:36:32] SlimMonoLogger.INFO: Cron ran at: 12-02-2026 06:36:32 PM [] []
[2026-02-12 18:41:44] SlimMonoLogger.INFO: Cron ran at: 12-02-2026 06:41:44 PM [] []
[2026-02-12 18:46:49] SlimMonoLogger.INFO: Cron ran at: 12-02-2026 06:46:49 PM [] []
[2026-02-12 18:51:34] SlimMonoLogger.INFO: Cron ran at: 12-02-2026 06:51:34 PM [] []
[2026-02-12 18:56:31] SlimMonoLogger.INFO: Cron ran at: 12-02-2026 06:56:31 PM [] []
[2026-02-12 19:01:39] SlimMonoLogger.INFO: Cron ran at: 12-02-2026 07:01:39 PM [] []
[2026-02-12 19:06:33] SlimMonoLogger.INFO: Cron ran at: 12-02-2026 07:06:33 PM [] []
[2026-02-12 19:11:37] SlimMonoLogger.INFO: Cron ran at: 12-02-2026 07:11:37 PM [] []
[2026-02-12 19:16:31] SlimMonoLogger.INFO: Cron ran at: 12-02-2026 07:16:31 PM [] []
[2026-02-12 19:21:27] SlimMonoLogger.INFO: Cron ran at: 12-02-2026 07:21:27 PM [] []
[2026-02-12 19:26:31] SlimMonoLogger.INFO: Cron ran at: 12-02-2026 07:26:31 PM [] []
[2026-02-12 19:31:44] SlimMonoLogger.INFO: Cron ran at: 12-02-2026 07:31:44 PM [] []
[2026-02-12 19:36:26] SlimMonoLogger.INFO: Cron ran at: 12-02-2026 07:36:26 PM [] []
[2026-02-12 19:41:25] SlimMonoLogger.INFO: Cron ran at: 12-02-2026 07:41:25 PM [] []
[2026-02-12 19:46:30] SlimMonoLogger.INFO: Cron ran at: 12-02-2026 07:46:30 PM [] []
[2026-02-12 19:51:25] SlimMonoLogger.INFO: Cron ran at: 12-02-2026 07:51:25 PM [] []
[2026-02-12 19:56:21] SlimMonoLogger.INFO: Cron ran at: 12-02-2026 07:56:21 PM [] []
[2026-02-12 20:01:34] SlimMonoLogger.INFO: Cron ran at: 12-02-2026 08:01:34 PM [] []
[2026-02-12 20:06:17] SlimMonoLogger.INFO: Cron ran at: 12-02-2026 08:06:17 PM [] []
[2026-02-12 20:11:29] SlimMonoLogger.INFO: Cron ran at: 12-02-2026 08:11:29 PM [] []
[2026-02-12 20:16:36] SlimMonoLogger.INFO: Cron ran at: 12-02-2026 08:16:36 PM [] []
[2026-02-12 20:21:35] SlimMonoLogger.INFO: Cron ran at: 12-02-2026 08:21:35 PM [] []
[2026-02-12 20:26:29] SlimMonoLogger.INFO: Cron ran at: 12-02-2026 08:26:29 PM [] []
[2026-02-12 20:31:23] SlimMonoLogger.INFO: Cron ran at: 12-02-2026 08:31:23 PM [] []
[2026-02-12 20:36:33] SlimMonoLogger.INFO: Cron ran at: 12-02-2026 08:36:33 PM [] []
[2026-02-12 20:41:51] SlimMonoLogger.INFO: Cron ran at: 12-02-2026 08:41:51 PM [] []
[2026-02-12 20:46:24] SlimMonoLogger.INFO: Cron ran at: 12-02-2026 08:46:24 PM [] []
[2026-02-12 20:51:27] SlimMonoLogger.INFO: Cron ran at: 12-02-2026 08:51:27 PM [] []
[2026-02-12 20:56:26] SlimMonoLogger.INFO: Cron ran at: 12-02-2026 08:56:26 PM [] []
[2026-02-12 21:01:37] SlimMonoLogger.INFO: Cron ran at: 12-02-2026 09:01:37 PM [] []
[2026-02-12 21:06:20] SlimMonoLogger.INFO: Cron ran at: 12-02-2026 09:06:20 PM [] []
[2026-02-12 21:11:23] SlimMonoLogger.INFO: Cron ran at: 12-02-2026 09:11:23 PM [] []
[2026-02-12 21:16:55] SlimMonoLogger.INFO: Cron ran at: 12-02-2026 09:16:55 PM [] []
[2026-02-12 21:21:35] SlimMonoLogger.INFO: Cron ran at: 12-02-2026 09:21:35 PM [] []
[2026-02-12 21:26:29] SlimMonoLogger.INFO: Cron ran at: 12-02-2026 09:26:29 PM [] []
[2026-02-12 21:31:45] SlimMonoLogger.INFO: Cron ran at: 12-02-2026 09:31:45 PM [] []
[2026-02-12 21:41:50] SlimMonoLogger.INFO: Cron ran at: 12-02-2026 09:41:50 PM [] []
[2026-02-12 21:43:52] SlimMonoLogger.ERROR: Requests_Exception: cURL error 28: Operation timed out after 500002 milliseconds with 0 bytes received in /home/latihtal/public_html/agregator1/src/vendor/rmccue/requests/library/Requests/Transport/cURL.php:422
Stack trace:
#0 /home/latihtal/public_html/agregator1/src/vendor/rmccue/requests/library/Requests/Transport/cURL.php(177): Requests_Transport_cURL->process_response()
#1 /home/latihtal/public_html/agregator1/src/vendor/rmccue/requests/library/Requests.php(379): Requests_Transport_cURL->request()
#2 /home/latihtal/public_html/agregator1/src/vendor/rmccue/requests/library/Requests/Session.php(205): Requests::request()
#3 /home/latihtal/public_html/agregator1/src/vendor/rmccue/requests/library/Requests/Session.php(132): Requests_Session->request()
#4 /home/latihtal/public_html/agregator1/src/drivers/Http/RssImporter.php(144): Requests_Session->get()
#5 /home/latihtal/public_html/agregator1/src/controllers/Dashboard/DashboardFeedsController.php(534): spark\drivers\Http\RssImporter->fetchPosts()
#6 /home/latihtal/public_html/agregator1/src/controllers/Site/SiteController.php(722): spark\controllers\Dashboard\DashboardFeedsController::importFeedPosts()
#7 [internal function]: spark\controllers\Site\SiteController->runTasks()
#8 /home/latihtal/public_html/agregator1/src/framework/Route.php(173): call_user_func_array()
#9 [internal function]: Slim\Route->Slim\{closure}()
#10 /home/latihtal/public_html/agregator1/src/framework/Route.php(468): call_user_func_array()
#11 /home/latihtal/public_html/agregator1/src/framework/Slim.php(1364): Slim\Route->dispatch()
#12 /home/latihtal/public_html/agregator1/src/framework/Middleware/Flash.php(85): Slim\Slim->call()
#13 /home/latihtal/public_html/agregator1/src/framework/Middleware/MethodOverride.php(92): Slim\Middleware\Flash->call()
#14 /home/latihtal/public_html/agregator1/src/middlewares/CsrfGuard/CsrfGuard.php(47): Slim\Middleware\MethodOverride->call()
#15 /home/latihtal/public_html/agregator1/src/framework/Middleware/PrettyExceptions.php(67): spark\middlewares\CsrfGuard\CsrfGuard->call()
#16 /home/latihtal/public_html/agregator1/src/framework/Slim.php(1308): Slim\Middleware\PrettyExceptions->call()
#17 /home/latihtal/public_html/agregator1/index.php(6): Slim\Slim->run()
#18 {main} [] []
[2026-02-12 21:45:00] SlimMonoLogger.INFO: Cron ran at: 12-02-2026 09:45:00 PM [] []
[2026-02-12 21:46:23] SlimMonoLogger.INFO: Cron ran at: 12-02-2026 09:46:23 PM [] []
[2026-02-12 21:51:25] SlimMonoLogger.INFO: Cron ran at: 12-02-2026 09:51:25 PM [] []
[2026-02-12 21:56:43] SlimMonoLogger.INFO: Cron ran at: 12-02-2026 09:56:43 PM [] []
[2026-02-12 22:01:40] SlimMonoLogger.INFO: Cron ran at: 12-02-2026 10:01:40 PM [] []
[2026-02-12 22:06:25] SlimMonoLogger.INFO: Cron ran at: 12-02-2026 10:06:25 PM [] []
[2026-02-12 22:11:37] SlimMonoLogger.INFO: Cron ran at: 12-02-2026 10:11:37 PM [] []
[2026-02-12 22:16:23] SlimMonoLogger.INFO: Cron ran at: 12-02-2026 10:16:23 PM [] []
[2026-02-12 22:21:31] SlimMonoLogger.INFO: Cron ran at: 12-02-2026 10:21:31 PM [] []
[2026-02-12 22:26:31] SlimMonoLogger.INFO: Cron ran at: 12-02-2026 10:26:31 PM [] []
[2026-02-12 22:31:19] SlimMonoLogger.INFO: Cron ran at: 12-02-2026 10:31:19 PM [] []
[2026-02-12 22:36:16] SlimMonoLogger.INFO: Cron ran at: 12-02-2026 10:36:16 PM [] []
[2026-02-12 22:41:26] SlimMonoLogger.INFO: Cron ran at: 12-02-2026 10:41:26 PM [] []
[2026-02-12 22:46:19] SlimMonoLogger.INFO: Cron ran at: 12-02-2026 10:46:19 PM [] []
[2026-02-12 22:51:37] SlimMonoLogger.INFO: Cron ran at: 12-02-2026 10:51:37 PM [] []
[2026-02-12 22:56:20] SlimMonoLogger.INFO: Cron ran at: 12-02-2026 10:56:20 PM [] []
[2026-02-12 23:01:35] SlimMonoLogger.INFO: Cron ran at: 12-02-2026 11:01:35 PM [] []
[2026-02-12 23:06:26] SlimMonoLogger.INFO: Cron ran at: 12-02-2026 11:06:26 PM [] []
[2026-02-12 23:11:24] SlimMonoLogger.INFO: Cron ran at: 12-02-2026 11:11:24 PM [] []
[2026-02-12 23:16:30] SlimMonoLogger.INFO: Cron ran at: 12-02-2026 11:16:30 PM [] []
[2026-02-12 23:21:33] SlimMonoLogger.INFO: Cron ran at: 12-02-2026 11:21:33 PM [] []
[2026-02-12 23:26:31] SlimMonoLogger.INFO: Cron ran at: 12-02-2026 11:26:31 PM [] []
[2026-02-12 23:31:27] SlimMonoLogger.INFO: Cron ran at: 12-02-2026 11:31:27 PM [] []
[2026-02-12 23:36:21] SlimMonoLogger.INFO: Cron ran at: 12-02-2026 11:36:21 PM [] []
[2026-02-12 23:41:28] SlimMonoLogger.INFO: Cron ran at: 12-02-2026 11:41:28 PM [] []
[2026-02-12 23:46:36] SlimMonoLogger.INFO: Cron ran at: 12-02-2026 11:46:36 PM [] []
[2026-02-12 23:51:31] SlimMonoLogger.INFO: Cron ran at: 12-02-2026 11:51:31 PM [] []
[2026-02-12 23:56:27] SlimMonoLogger.INFO: Cron ran at: 12-02-2026 11:56:27 PM [] []
[2026-02-13 00:01:41] SlimMonoLogger.INFO: Cron ran at: 13-02-2026 12:01:41 AM [] []
[2026-02-13 00:06:37] SlimMonoLogger.INFO: Cron ran at: 13-02-2026 12:06:37 AM [] []
[2026-02-13 00:11:36] SlimMonoLogger.INFO: Cron ran at: 13-02-2026 12:11:36 AM [] []
[2026-02-13 00:16:33] SlimMonoLogger.INFO: Cron ran at: 13-02-2026 12:16:33 AM [] []
[2026-02-13 00:21:26] SlimMonoLogger.INFO: Cron ran at: 13-02-2026 12:21:26 AM [] []
[2026-02-13 00:26:25] SlimMonoLogger.INFO: Cron ran at: 13-02-2026 12:26:25 AM [] []
[2026-02-13 00:31:37] SlimMonoLogger.INFO: Cron ran at: 13-02-2026 12:31:37 AM [] []
[2026-02-13 00:36:24] SlimMonoLogger.INFO: Cron ran at: 13-02-2026 12:36:24 AM [] []
[2026-02-13 00:41:22] SlimMonoLogger.INFO: Cron ran at: 13-02-2026 12:41:22 AM [] []
[2026-02-13 00:46:29] SlimMonoLogger.INFO: Cron ran at: 13-02-2026 12:46:29 AM [] []
[2026-02-13 00:51:25] SlimMonoLogger.INFO: Cron ran at: 13-02-2026 12:51:25 AM [] []
[2026-02-13 00:56:37] SlimMonoLogger.INFO: Cron ran at: 13-02-2026 12:56:37 AM [] []
