[2025-06-12 02:00:33] SlimMonoLogger.INFO: Cron ran at: 12-06-2025 02:00:33 AM [] []
[2025-06-12 02:05:26] SlimMonoLogger.INFO: Cron ran at: 12-06-2025 02:05:26 AM [] []
[2025-06-12 02:10:23] SlimMonoLogger.INFO: Cron ran at: 12-06-2025 02:10:23 AM [] []
[2025-06-12 02:15:24] SlimMonoLogger.INFO: Cron ran at: 12-06-2025 02:15:24 AM [] []
[2025-06-12 02:20:30] SlimMonoLogger.INFO: Cron ran at: 12-06-2025 02:20:30 AM [] []
[2025-06-12 02:25:28] SlimMonoLogger.INFO: Cron ran at: 12-06-2025 02:25:28 AM [] []
[2025-06-12 02:30:28] SlimMonoLogger.INFO: Cron ran at: 12-06-2025 02:30:28 AM [] []
[2025-06-12 02:35:27] SlimMonoLogger.INFO: Cron ran at: 12-06-2025 02:35:27 AM [] []
[2025-06-12 02:40:25] SlimMonoLogger.INFO: Cron ran at: 12-06-2025 02:40:25 AM [] []
[2025-06-12 02:45:26] SlimMonoLogger.INFO: Cron ran at: 12-06-2025 02:45:26 AM [] []
[2025-06-12 02:50:29] SlimMonoLogger.INFO: Cron ran at: 12-06-2025 02:50:29 AM [] []
[2025-06-12 02:55:30] SlimMonoLogger.INFO: Cron ran at: 12-06-2025 02:55:30 AM [] []
[2025-06-12 03:00:30] SlimMonoLogger.INFO: Cron ran at: 12-06-2025 03:00:30 AM [] []
[2025-06-12 03:05:27] SlimMonoLogger.INFO: Cron ran at: 12-06-2025 03:05:27 AM [] []
[2025-06-12 03:10:26] SlimMonoLogger.INFO: Cron ran at: 12-06-2025 03:10:26 AM [] []
[2025-06-12 03:15:24] SlimMonoLogger.INFO: Cron ran at: 12-06-2025 03:15:24 AM [] []
[2025-06-12 03:20:28] SlimMonoLogger.INFO: Cron ran at: 12-06-2025 03:20:28 AM [] []
[2025-06-12 03:25:22] SlimMonoLogger.INFO: Cron ran at: 12-06-2025 03:25:22 AM [] []
[2025-06-12 03:30:26] SlimMonoLogger.INFO: Cron ran at: 12-06-2025 03:30:26 AM [] []
[2025-06-12 03:35:28] SlimMonoLogger.INFO: Cron ran at: 12-06-2025 03:35:28 AM [] []
[2025-06-12 03:40:27] SlimMonoLogger.INFO: Cron ran at: 12-06-2025 03:40:27 AM [] []
[2025-06-12 03:45:28] SlimMonoLogger.INFO: Cron ran at: 12-06-2025 03:45:28 AM [] []
[2025-06-12 03:50:29] SlimMonoLogger.INFO: Cron ran at: 12-06-2025 03:50:29 AM [] []
[2025-06-12 03:55:25] SlimMonoLogger.INFO: Cron ran at: 12-06-2025 03:55:25 AM [] []
[2025-06-12 04:00:29] SlimMonoLogger.INFO: Cron ran at: 12-06-2025 04:00:29 AM [] []
[2025-06-12 04:05:25] SlimMonoLogger.INFO: Cron ran at: 12-06-2025 04:05:25 AM [] []
[2025-06-12 04:10:23] SlimMonoLogger.INFO: Cron ran at: 12-06-2025 04:10:23 AM [] []
[2025-06-12 04:15:25] SlimMonoLogger.INFO: Cron ran at: 12-06-2025 04:15:25 AM [] []
[2025-06-12 04:20:25] SlimMonoLogger.INFO: Cron ran at: 12-06-2025 04:20:25 AM [] []
[2025-06-12 04:25:24] SlimMonoLogger.INFO: Cron ran at: 12-06-2025 04:25:24 AM [] []
[2025-06-12 04:30:28] SlimMonoLogger.INFO: Cron ran at: 12-06-2025 04:30:28 AM [] []
[2025-06-12 04:35:34] SlimMonoLogger.INFO: Cron ran at: 12-06-2025 04:35:34 AM [] []
[2025-06-12 04:40:28] SlimMonoLogger.INFO: Cron ran at: 12-06-2025 04:40:28 AM [] []
[2025-06-12 04:45:32] SlimMonoLogger.INFO: Cron ran at: 12-06-2025 04:45:32 AM [] []
[2025-06-12 04:50:26] SlimMonoLogger.INFO: Cron ran at: 12-06-2025 04:50:26 AM [] []
[2025-06-12 04:55:25] SlimMonoLogger.INFO: Cron ran at: 12-06-2025 04:55:25 AM [] []
[2025-06-12 05:00:33] SlimMonoLogger.INFO: Cron ran at: 12-06-2025 05:00:33 AM [] []
[2025-06-12 05:05:23] SlimMonoLogger.INFO: Cron ran at: 12-06-2025 05:05:23 AM [] []
[2025-06-12 05:10:21] SlimMonoLogger.INFO: Cron ran at: 12-06-2025 05:10:21 AM [] []
[2025-06-12 05:15:29] SlimMonoLogger.INFO: Cron ran at: 12-06-2025 05:15:29 AM [] []
[2025-06-12 05:20:32] SlimMonoLogger.INFO: Cron ran at: 12-06-2025 05:20:32 AM [] []
[2025-06-12 05:25:27] SlimMonoLogger.INFO: Cron ran at: 12-06-2025 05:25:27 AM [] []
[2025-06-12 05:30:31] SlimMonoLogger.INFO: Cron ran at: 12-06-2025 05:30:31 AM [] []
[2025-06-12 05:35:28] SlimMonoLogger.INFO: Cron ran at: 12-06-2025 05:35:28 AM [] []
[2025-06-12 05:40:27] SlimMonoLogger.INFO: Cron ran at: 12-06-2025 05:40:27 AM [] []
[2025-06-12 05:45:27] SlimMonoLogger.INFO: Cron ran at: 12-06-2025 05:45:27 AM [] []
[2025-06-12 05:50:28] SlimMonoLogger.INFO: Cron ran at: 12-06-2025 05:50:28 AM [] []
[2025-06-12 05:55:28] SlimMonoLogger.INFO: Cron ran at: 12-06-2025 05:55:28 AM [] []
[2025-06-12 06:00:33] SlimMonoLogger.INFO: Cron ran at: 12-06-2025 06:00:33 AM [] []
[2025-06-12 06:05:27] SlimMonoLogger.INFO: Cron ran at: 12-06-2025 06:05:27 AM [] []
[2025-06-12 06:10:28] SlimMonoLogger.INFO: Cron ran at: 12-06-2025 06:10:28 AM [] []
[2025-06-12 06:15:26] SlimMonoLogger.INFO: Cron ran at: 12-06-2025 06:15:26 AM [] []
[2025-06-12 06:20:28] SlimMonoLogger.INFO: Cron ran at: 12-06-2025 06:20:28 AM [] []
[2025-06-12 06:25:25] SlimMonoLogger.INFO: Cron ran at: 12-06-2025 06:25:25 AM [] []
[2025-06-12 06:30:31] SlimMonoLogger.INFO: Cron ran at: 12-06-2025 06:30:31 AM [] []
[2025-06-12 06:35:31] SlimMonoLogger.INFO: Cron ran at: 12-06-2025 06:35:31 AM [] []
[2025-06-12 06:40:32] SlimMonoLogger.INFO: Cron ran at: 12-06-2025 06:40:32 AM [] []
[2025-06-12 06:45:33] SlimMonoLogger.INFO: Cron ran at: 12-06-2025 06:45:33 AM [] []
[2025-06-12 06:50:29] SlimMonoLogger.INFO: Cron ran at: 12-06-2025 06:50:29 AM [] []
[2025-06-12 06:55:28] SlimMonoLogger.INFO: Cron ran at: 12-06-2025 06:55:28 AM [] []
[2025-06-12 07:00:30] SlimMonoLogger.INFO: Cron ran at: 12-06-2025 07:00:30 AM [] []
[2025-06-12 07:05:26] SlimMonoLogger.INFO: Cron ran at: 12-06-2025 07:05:26 AM [] []
[2025-06-12 07:10:26] SlimMonoLogger.INFO: Cron ran at: 12-06-2025 07:10:26 AM [] []
[2025-06-12 07:15:31] SlimMonoLogger.INFO: Cron ran at: 12-06-2025 07:15:31 AM [] []
[2025-06-12 07:20:37] SlimMonoLogger.INFO: Cron ran at: 12-06-2025 07:20:37 AM [] []
[2025-06-12 07:25:23] SlimMonoLogger.INFO: Cron ran at: 12-06-2025 07:25:23 AM [] []
[2025-06-12 07:30:30] SlimMonoLogger.INFO: Cron ran at: 12-06-2025 07:30:30 AM [] []
[2025-06-12 07:35:25] SlimMonoLogger.INFO: Cron ran at: 12-06-2025 07:35:25 AM [] []
[2025-06-12 07:40:30] SlimMonoLogger.INFO: Cron ran at: 12-06-2025 07:40:30 AM [] []
[2025-06-12 07:45:32] SlimMonoLogger.INFO: Cron ran at: 12-06-2025 07:45:32 AM [] []
[2025-06-12 07:50:23] SlimMonoLogger.INFO: Cron ran at: 12-06-2025 07:50:23 AM [] []
[2025-06-12 07:55:25] SlimMonoLogger.INFO: Cron ran at: 12-06-2025 07:55:25 AM [] []
[2025-06-12 08:00:29] SlimMonoLogger.INFO: Cron ran at: 12-06-2025 08:00:29 AM [] []
[2025-06-12 08:05:28] SlimMonoLogger.INFO: Cron ran at: 12-06-2025 08:05:28 AM [] []
[2025-06-12 08:10:29] SlimMonoLogger.INFO: Cron ran at: 12-06-2025 08:10:29 AM [] []
[2025-06-12 08:15:28] SlimMonoLogger.INFO: Cron ran at: 12-06-2025 08:15:28 AM [] []
[2025-06-12 08:20:28] SlimMonoLogger.INFO: Cron ran at: 12-06-2025 08:20:28 AM [] []
[2025-06-12 08:25:26] SlimMonoLogger.INFO: Cron ran at: 12-06-2025 08:25:26 AM [] []
[2025-06-12 08:30:32] SlimMonoLogger.INFO: Cron ran at: 12-06-2025 08:30:32 AM [] []
[2025-06-12 08:35:26] SlimMonoLogger.INFO: Cron ran at: 12-06-2025 08:35:26 AM [] []
[2025-06-12 08:40:29] SlimMonoLogger.INFO: Cron ran at: 12-06-2025 08:40:29 AM [] []
[2025-06-12 08:45:27] SlimMonoLogger.INFO: Cron ran at: 12-06-2025 08:45:27 AM [] []
[2025-06-12 08:50:28] SlimMonoLogger.INFO: Cron ran at: 12-06-2025 08:50:28 AM [] []
[2025-06-12 08:55:28] SlimMonoLogger.INFO: Cron ran at: 12-06-2025 08:55:28 AM [] []
[2025-06-12 09:00:29] SlimMonoLogger.INFO: Cron ran at: 12-06-2025 09:00:29 AM [] []
[2025-06-12 09:05:27] SlimMonoLogger.INFO: Cron ran at: 12-06-2025 09:05:27 AM [] []
[2025-06-12 09:10:24] SlimMonoLogger.INFO: Cron ran at: 12-06-2025 09:10:24 AM [] []
[2025-06-12 09:15:28] SlimMonoLogger.INFO: Cron ran at: 12-06-2025 09:15:28 AM [] []
[2025-06-12 09:20:29] SlimMonoLogger.INFO: Cron ran at: 12-06-2025 09:20:29 AM [] []
[2025-06-12 09:25:27] SlimMonoLogger.INFO: Cron ran at: 12-06-2025 09:25:27 AM [] []
[2025-06-12 09:30:33] SlimMonoLogger.INFO: Cron ran at: 12-06-2025 09:30:33 AM [] []
[2025-06-12 09:35:26] SlimMonoLogger.INFO: Cron ran at: 12-06-2025 09:35:26 AM [] []
[2025-06-12 09:40:30] SlimMonoLogger.INFO: Cron ran at: 12-06-2025 09:40:30 AM [] []
[2025-06-12 09:45:28] SlimMonoLogger.INFO: Cron ran at: 12-06-2025 09:45:28 AM [] []
[2025-06-12 09:50:29] SlimMonoLogger.INFO: Cron ran at: 12-06-2025 09:50:29 AM [] []
[2025-06-12 09:55:25] SlimMonoLogger.INFO: Cron ran at: 12-06-2025 09:55:25 AM [] []
[2025-06-12 10:00:28] SlimMonoLogger.INFO: Cron ran at: 12-06-2025 10:00:28 AM [] []
[2025-06-12 10:05:28] SlimMonoLogger.INFO: Cron ran at: 12-06-2025 10:05:28 AM [] []
[2025-06-12 10:10:26] SlimMonoLogger.INFO: Cron ran at: 12-06-2025 10:10:26 AM [] []
[2025-06-12 10:15:27] SlimMonoLogger.INFO: Cron ran at: 12-06-2025 10:15:27 AM [] []
[2025-06-12 10:20:26] SlimMonoLogger.INFO: Cron ran at: 12-06-2025 10:20:26 AM [] []
[2025-06-12 10:25:23] SlimMonoLogger.INFO: Cron ran at: 12-06-2025 10:25:23 AM [] []
[2025-06-12 10:30:35] SlimMonoLogger.INFO: Cron ran at: 12-06-2025 10:30:35 AM [] []
[2025-06-12 10:35:24] SlimMonoLogger.INFO: Cron ran at: 12-06-2025 10:35:24 AM [] []
[2025-06-12 10:40:27] SlimMonoLogger.INFO: Cron ran at: 12-06-2025 10:40:27 AM [] []
[2025-06-12 10:45:29] SlimMonoLogger.INFO: Cron ran at: 12-06-2025 10:45:29 AM [] []
[2025-06-12 10:50:25] SlimMonoLogger.INFO: Cron ran at: 12-06-2025 10:50:25 AM [] []
[2025-06-12 10:55:27] SlimMonoLogger.INFO: Cron ran at: 12-06-2025 10:55:27 AM [] []
[2025-06-12 11:00:23] SlimMonoLogger.INFO: Cron ran at: 12-06-2025 11:00:23 AM [] []
[2025-06-12 11:05:32] SlimMonoLogger.INFO: Cron ran at: 12-06-2025 11:05:32 AM [] []
[2025-06-12 11:10:27] SlimMonoLogger.INFO: Cron ran at: 12-06-2025 11:10:27 AM [] []
[2025-06-12 11:15:32] SlimMonoLogger.INFO: Cron ran at: 12-06-2025 11:15:32 AM [] []
[2025-06-12 11:20:28] SlimMonoLogger.INFO: Cron ran at: 12-06-2025 11:20:28 AM [] []
[2025-06-12 11:25:28] SlimMonoLogger.INFO: Cron ran at: 12-06-2025 11:25:28 AM [] []
[2025-06-12 11:30:28] SlimMonoLogger.INFO: Cron ran at: 12-06-2025 11:30:28 AM [] []
[2025-06-12 11:35:31] SlimMonoLogger.INFO: Cron ran at: 12-06-2025 11:35:31 AM [] []
[2025-06-12 11:40:32] SlimMonoLogger.INFO: Cron ran at: 12-06-2025 11:40:32 AM [] []
[2025-06-12 11:45:29] SlimMonoLogger.INFO: Cron ran at: 12-06-2025 11:45:29 AM [] []
[2025-06-12 11:50:34] SlimMonoLogger.INFO: Cron ran at: 12-06-2025 11:50:34 AM [] []
[2025-06-12 11:55:30] SlimMonoLogger.INFO: Cron ran at: 12-06-2025 11:55:30 AM [] []
[2025-06-12 12:00:33] SlimMonoLogger.INFO: Cron ran at: 12-06-2025 12:00:33 PM [] []
[2025-06-12 12:05:25] SlimMonoLogger.INFO: Cron ran at: 12-06-2025 12:05:25 PM [] []
[2025-06-12 12:10:27] SlimMonoLogger.INFO: Cron ran at: 12-06-2025 12:10:27 PM [] []
[2025-06-12 12:15:28] SlimMonoLogger.INFO: Cron ran at: 12-06-2025 12:15:28 PM [] []
[2025-06-12 12:20:26] SlimMonoLogger.INFO: Cron ran at: 12-06-2025 12:20:26 PM [] []
[2025-06-12 12:25:27] SlimMonoLogger.INFO: Cron ran at: 12-06-2025 12:25:27 PM [] []
[2025-06-12 12:30:26] SlimMonoLogger.INFO: Cron ran at: 12-06-2025 12:30:26 PM [] []
[2025-06-12 12:35:26] SlimMonoLogger.INFO: Cron ran at: 12-06-2025 12:35:26 PM [] []
[2025-06-12 12:40:22] SlimMonoLogger.INFO: Cron ran at: 12-06-2025 12:40:22 PM [] []
[2025-06-12 12:45:30] SlimMonoLogger.INFO: Cron ran at: 12-06-2025 12:45:30 PM [] []
[2025-06-12 12:50:28] SlimMonoLogger.INFO: Cron ran at: 12-06-2025 12:50:28 PM [] []
[2025-06-12 12:55:22] SlimMonoLogger.INFO: Cron ran at: 12-06-2025 12:55:22 PM [] []
[2025-06-12 13:00:26] SlimMonoLogger.INFO: Cron ran at: 12-06-2025 01:00:26 PM [] []
[2025-06-12 13:05:24] SlimMonoLogger.INFO: Cron ran at: 12-06-2025 01:05:24 PM [] []
[2025-06-12 13:10:27] SlimMonoLogger.INFO: Cron ran at: 12-06-2025 01:10:27 PM [] []
[2025-06-12 13:15:29] SlimMonoLogger.INFO: Cron ran at: 12-06-2025 01:15:29 PM [] []
[2025-06-12 13:20:18] SlimMonoLogger.ERROR: Requests_Exception: cURL error 52: Empty reply from server in /home/latihtal/public_html/agregator1/src/vendor/rmccue/requests/library/Requests/Transport/cURL.php:422
Stack trace:
#0 /home/latihtal/public_html/agregator1/src/vendor/rmccue/requests/library/Requests/Transport/cURL.php(177): Requests_Transport_cURL->process_response()
#1 /home/latihtal/public_html/agregator1/src/vendor/rmccue/requests/library/Requests.php(379): Requests_Transport_cURL->request()
#2 /home/latihtal/public_html/agregator1/src/vendor/rmccue/requests/library/Requests/Session.php(205): Requests::request()
#3 /home/latihtal/public_html/agregator1/src/vendor/rmccue/requests/library/Requests/Session.php(132): Requests_Session->request()
#4 /home/latihtal/public_html/agregator1/src/drivers/Http/RssImporter.php(144): Requests_Session->get()
#5 /home/latihtal/public_html/agregator1/src/controllers/Dashboard/DashboardFeedsController.php(534): spark\drivers\Http\RssImporter->fetchPosts()
#6 /home/latihtal/public_html/agregator1/src/controllers/Site/SiteController.php(722): spark\controllers\Dashboard\DashboardFeedsController::importFeedPosts()
#7 [internal function]: spark\controllers\Site\SiteController->runTasks()
#8 /home/latihtal/public_html/agregator1/src/framework/Route.php(173): call_user_func_array()
#9 [internal function]: Slim\Route->Slim\{closure}()
#10 /home/latihtal/public_html/agregator1/src/framework/Route.php(468): call_user_func_array()
#11 /home/latihtal/public_html/agregator1/src/framework/Slim.php(1364): Slim\Route->dispatch()
#12 /home/latihtal/public_html/agregator1/src/framework/Middleware/Flash.php(85): Slim\Slim->call()
#13 /home/latihtal/public_html/agregator1/src/framework/Middleware/MethodOverride.php(92): Slim\Middleware\Flash->call()
#14 /home/latihtal/public_html/agregator1/src/middlewares/CsrfGuard/CsrfGuard.php(47): Slim\Middleware\MethodOverride->call()
#15 /home/latihtal/public_html/agregator1/src/framework/Middleware/PrettyExceptions.php(67): spark\middlewares\CsrfGuard\CsrfGuard->call()
#16 /home/latihtal/public_html/agregator1/src/framework/Slim.php(1308): Slim\Middleware\PrettyExceptions->call()
#17 /home/latihtal/public_html/agregator1/index.php(6): Slim\Slim->run()
#18 {main} [] []
[2025-06-12 13:20:26] SlimMonoLogger.INFO: Cron ran at: 12-06-2025 01:20:26 PM [] []
[2025-06-12 13:25:30] SlimMonoLogger.INFO: Cron ran at: 12-06-2025 01:25:30 PM [] []
[2025-06-12 13:30:30] SlimMonoLogger.INFO: Cron ran at: 12-06-2025 01:30:30 PM [] []
[2025-06-12 13:35:26] SlimMonoLogger.INFO: Cron ran at: 12-06-2025 01:35:26 PM [] []
[2025-06-12 13:40:27] SlimMonoLogger.INFO: Cron ran at: 12-06-2025 01:40:27 PM [] []
[2025-06-12 13:45:29] SlimMonoLogger.INFO: Cron ran at: 12-06-2025 01:45:29 PM [] []
[2025-06-12 13:50:27] SlimMonoLogger.INFO: Cron ran at: 12-06-2025 01:50:27 PM [] []
[2025-06-12 13:55:24] SlimMonoLogger.INFO: Cron ran at: 12-06-2025 01:55:24 PM [] []
[2025-06-12 14:00:35] SlimMonoLogger.INFO: Cron ran at: 12-06-2025 02:00:35 PM [] []
[2025-06-12 14:05:27] SlimMonoLogger.INFO: Cron ran at: 12-06-2025 02:05:27 PM [] []
[2025-06-12 14:10:30] SlimMonoLogger.INFO: Cron ran at: 12-06-2025 02:10:30 PM [] []
[2025-06-12 14:15:27] SlimMonoLogger.INFO: Cron ran at: 12-06-2025 02:15:27 PM [] []
[2025-06-12 14:20:31] SlimMonoLogger.INFO: Cron ran at: 12-06-2025 02:20:31 PM [] []
[2025-06-12 14:25:33] SlimMonoLogger.INFO: Cron ran at: 12-06-2025 02:25:33 PM [] []
[2025-06-12 14:30:34] SlimMonoLogger.INFO: Cron ran at: 12-06-2025 02:30:34 PM [] []
[2025-06-12 14:35:25] SlimMonoLogger.INFO: Cron ran at: 12-06-2025 02:35:25 PM [] []
[2025-06-12 14:40:30] SlimMonoLogger.INFO: Cron ran at: 12-06-2025 02:40:30 PM [] []
[2025-06-12 14:45:25] SlimMonoLogger.INFO: Cron ran at: 12-06-2025 02:45:25 PM [] []
[2025-06-12 14:50:35] SlimMonoLogger.INFO: Cron ran at: 12-06-2025 02:50:35 PM [] []
[2025-06-12 14:55:30] SlimMonoLogger.INFO: Cron ran at: 12-06-2025 02:55:30 PM [] []
[2025-06-12 15:00:39] SlimMonoLogger.INFO: Cron ran at: 12-06-2025 03:00:39 PM [] []
[2025-06-12 15:05:27] SlimMonoLogger.INFO: Cron ran at: 12-06-2025 03:05:27 PM [] []
[2025-06-12 15:10:32] SlimMonoLogger.INFO: Cron ran at: 12-06-2025 03:10:32 PM [] []
[2025-06-12 15:15:26] SlimMonoLogger.INFO: Cron ran at: 12-06-2025 03:15:26 PM [] []
[2025-06-12 15:20:25] SlimMonoLogger.INFO: Cron ran at: 12-06-2025 03:20:25 PM [] []
[2025-06-12 15:25:30] SlimMonoLogger.INFO: Cron ran at: 12-06-2025 03:25:30 PM [] []
[2025-06-12 15:30:28] SlimMonoLogger.INFO: Cron ran at: 12-06-2025 03:30:28 PM [] []
[2025-06-12 15:35:26] SlimMonoLogger.INFO: Cron ran at: 12-06-2025 03:35:26 PM [] []
[2025-06-12 15:40:27] SlimMonoLogger.INFO: Cron ran at: 12-06-2025 03:40:27 PM [] []
[2025-06-12 15:45:30] SlimMonoLogger.INFO: Cron ran at: 12-06-2025 03:45:30 PM [] []
[2025-06-12 15:50:27] SlimMonoLogger.INFO: Cron ran at: 12-06-2025 03:50:27 PM [] []
[2025-06-12 15:55:28] SlimMonoLogger.INFO: Cron ran at: 12-06-2025 03:55:28 PM [] []
[2025-06-12 16:00:26] SlimMonoLogger.INFO: Cron ran at: 12-06-2025 04:00:26 PM [] []
[2025-06-12 16:05:25] SlimMonoLogger.INFO: Cron ran at: 12-06-2025 04:05:25 PM [] []
[2025-06-12 16:10:23] SlimMonoLogger.INFO: Cron ran at: 12-06-2025 04:10:23 PM [] []
[2025-06-12 16:15:24] SlimMonoLogger.INFO: Cron ran at: 12-06-2025 04:15:24 PM [] []
[2025-06-12 16:20:22] SlimMonoLogger.INFO: Cron ran at: 12-06-2025 04:20:22 PM [] []
[2025-06-12 16:25:28] SlimMonoLogger.INFO: Cron ran at: 12-06-2025 04:25:28 PM [] []
[2025-06-12 16:30:23] SlimMonoLogger.INFO: Cron ran at: 12-06-2025 04:30:23 PM [] []
[2025-06-12 16:35:22] SlimMonoLogger.INFO: Cron ran at: 12-06-2025 04:35:22 PM [] []
[2025-06-12 16:40:24] SlimMonoLogger.INFO: Cron ran at: 12-06-2025 04:40:24 PM [] []
[2025-06-12 16:45:24] SlimMonoLogger.INFO: Cron ran at: 12-06-2025 04:45:24 PM [] []
[2025-06-12 16:50:21] SlimMonoLogger.INFO: Cron ran at: 12-06-2025 04:50:21 PM [] []
[2025-06-12 16:55:28] SlimMonoLogger.INFO: Cron ran at: 12-06-2025 04:55:28 PM [] []
[2025-06-12 17:00:26] SlimMonoLogger.INFO: Cron ran at: 12-06-2025 05:00:26 PM [] []
[2025-06-12 17:05:33] SlimMonoLogger.INFO: Cron ran at: 12-06-2025 05:05:33 PM [] []
[2025-06-12 17:10:24] SlimMonoLogger.INFO: Cron ran at: 12-06-2025 05:10:24 PM [] []
[2025-06-12 17:15:23] SlimMonoLogger.INFO: Cron ran at: 12-06-2025 05:15:23 PM [] []
[2025-06-12 17:20:24] SlimMonoLogger.INFO: Cron ran at: 12-06-2025 05:20:24 PM [] []
[2025-06-12 17:25:25] SlimMonoLogger.INFO: Cron ran at: 12-06-2025 05:25:25 PM [] []
[2025-06-12 17:30:27] SlimMonoLogger.INFO: Cron ran at: 12-06-2025 05:30:27 PM [] []
[2025-06-12 17:35:26] SlimMonoLogger.INFO: Cron ran at: 12-06-2025 05:35:26 PM [] []
[2025-06-12 17:40:27] SlimMonoLogger.INFO: Cron ran at: 12-06-2025 05:40:27 PM [] []
[2025-06-12 17:45:25] SlimMonoLogger.INFO: Cron ran at: 12-06-2025 05:45:25 PM [] []
[2025-06-12 17:50:24] SlimMonoLogger.INFO: Cron ran at: 12-06-2025 05:50:24 PM [] []
[2025-06-12 17:55:26] SlimMonoLogger.INFO: Cron ran at: 12-06-2025 05:55:26 PM [] []
[2025-06-12 18:00:28] SlimMonoLogger.INFO: Cron ran at: 12-06-2025 06:00:28 PM [] []
[2025-06-12 18:05:25] SlimMonoLogger.INFO: Cron ran at: 12-06-2025 06:05:25 PM [] []
[2025-06-12 18:10:24] SlimMonoLogger.INFO: Cron ran at: 12-06-2025 06:10:24 PM [] []
[2025-06-12 18:15:25] SlimMonoLogger.INFO: Cron ran at: 12-06-2025 06:15:25 PM [] []
[2025-06-12 18:20:24] SlimMonoLogger.INFO: Cron ran at: 12-06-2025 06:20:24 PM [] []
[2025-06-12 18:25:24] SlimMonoLogger.INFO: Cron ran at: 12-06-2025 06:25:24 PM [] []
[2025-06-12 18:30:26] SlimMonoLogger.INFO: Cron ran at: 12-06-2025 06:30:26 PM [] []
[2025-06-12 18:35:23] SlimMonoLogger.INFO: Cron ran at: 12-06-2025 06:35:23 PM [] []
[2025-06-12 18:40:28] SlimMonoLogger.INFO: Cron ran at: 12-06-2025 06:40:28 PM [] []
[2025-06-12 18:45:22] SlimMonoLogger.INFO: Cron ran at: 12-06-2025 06:45:22 PM [] []
[2025-06-12 18:50:28] SlimMonoLogger.INFO: Cron ran at: 12-06-2025 06:50:28 PM [] []
[2025-06-12 18:55:22] SlimMonoLogger.INFO: Cron ran at: 12-06-2025 06:55:22 PM [] []
[2025-06-12 19:00:24] SlimMonoLogger.INFO: Cron ran at: 12-06-2025 07:00:24 PM [] []
[2025-06-12 19:05:28] SlimMonoLogger.INFO: Cron ran at: 12-06-2025 07:05:28 PM [] []
[2025-06-12 19:10:23] SlimMonoLogger.INFO: Cron ran at: 12-06-2025 07:10:23 PM [] []
[2025-06-12 19:15:22] SlimMonoLogger.INFO: Cron ran at: 12-06-2025 07:15:22 PM [] []
[2025-06-12 19:20:22] SlimMonoLogger.INFO: Cron ran at: 12-06-2025 07:20:22 PM [] []
[2025-06-12 19:25:25] SlimMonoLogger.INFO: Cron ran at: 12-06-2025 07:25:25 PM [] []
[2025-06-12 19:30:24] SlimMonoLogger.INFO: Cron ran at: 12-06-2025 07:30:24 PM [] []
[2025-06-12 19:35:24] SlimMonoLogger.INFO: Cron ran at: 12-06-2025 07:35:24 PM [] []
[2025-06-12 19:40:29] SlimMonoLogger.INFO: Cron ran at: 12-06-2025 07:40:29 PM [] []
[2025-06-12 19:45:32] SlimMonoLogger.INFO: Cron ran at: 12-06-2025 07:45:32 PM [] []
[2025-06-12 19:50:26] SlimMonoLogger.INFO: Cron ran at: 12-06-2025 07:50:26 PM [] []
[2025-06-12 19:55:23] SlimMonoLogger.INFO: Cron ran at: 12-06-2025 07:55:23 PM [] []
[2025-06-12 20:00:25] SlimMonoLogger.INFO: Cron ran at: 12-06-2025 08:00:25 PM [] []
[2025-06-12 20:05:24] SlimMonoLogger.INFO: Cron ran at: 12-06-2025 08:05:24 PM [] []
[2025-06-12 20:10:21] SlimMonoLogger.INFO: Cron ran at: 12-06-2025 08:10:21 PM [] []
[2025-06-12 20:15:23] SlimMonoLogger.INFO: Cron ran at: 12-06-2025 08:15:23 PM [] []
[2025-06-12 20:20:22] SlimMonoLogger.INFO: Cron ran at: 12-06-2025 08:20:22 PM [] []
[2025-06-12 20:25:26] SlimMonoLogger.INFO: Cron ran at: 12-06-2025 08:25:26 PM [] []
[2025-06-12 20:30:25] SlimMonoLogger.INFO: Cron ran at: 12-06-2025 08:30:25 PM [] []
[2025-06-12 20:35:33] SlimMonoLogger.INFO: Cron ran at: 12-06-2025 08:35:33 PM [] []
[2025-06-12 20:40:26] SlimMonoLogger.INFO: Cron ran at: 12-06-2025 08:40:26 PM [] []
[2025-06-12 20:45:27] SlimMonoLogger.INFO: Cron ran at: 12-06-2025 08:45:27 PM [] []
[2025-06-12 20:50:27] SlimMonoLogger.INFO: Cron ran at: 12-06-2025 08:50:27 PM [] []
[2025-06-12 20:55:24] SlimMonoLogger.INFO: Cron ran at: 12-06-2025 08:55:24 PM [] []
[2025-06-12 21:00:32] SlimMonoLogger.INFO: Cron ran at: 12-06-2025 09:00:32 PM [] []
[2025-06-12 21:05:26] SlimMonoLogger.INFO: Cron ran at: 12-06-2025 09:05:26 PM [] []
[2025-06-12 21:10:30] SlimMonoLogger.INFO: Cron ran at: 12-06-2025 09:10:30 PM [] []
[2025-06-12 21:15:23] SlimMonoLogger.INFO: Cron ran at: 12-06-2025 09:15:23 PM [] []
[2025-06-12 21:20:26] SlimMonoLogger.INFO: Cron ran at: 12-06-2025 09:20:26 PM [] []
[2025-06-12 21:25:29] SlimMonoLogger.INFO: Cron ran at: 12-06-2025 09:25:29 PM [] []
[2025-06-12 21:30:31] SlimMonoLogger.INFO: Cron ran at: 12-06-2025 09:30:31 PM [] []
[2025-06-12 21:35:27] SlimMonoLogger.INFO: Cron ran at: 12-06-2025 09:35:27 PM [] []
[2025-06-12 21:40:32] SlimMonoLogger.INFO: Cron ran at: 12-06-2025 09:40:32 PM [] []
[2025-06-12 21:45:29] SlimMonoLogger.INFO: Cron ran at: 12-06-2025 09:45:29 PM [] []
[2025-06-12 21:50:27] SlimMonoLogger.INFO: Cron ran at: 12-06-2025 09:50:27 PM [] []
[2025-06-12 21:55:25] SlimMonoLogger.INFO: Cron ran at: 12-06-2025 09:55:25 PM [] []
[2025-06-12 22:00:26] SlimMonoLogger.INFO: Cron ran at: 12-06-2025 10:00:26 PM [] []
[2025-06-12 22:05:29] SlimMonoLogger.INFO: Cron ran at: 12-06-2025 10:05:29 PM [] []
[2025-06-12 22:10:24] SlimMonoLogger.INFO: Cron ran at: 12-06-2025 10:10:24 PM [] []
[2025-06-12 22:15:29] SlimMonoLogger.INFO: Cron ran at: 12-06-2025 10:15:29 PM [] []
[2025-06-12 22:20:23] SlimMonoLogger.INFO: Cron ran at: 12-06-2025 10:20:23 PM [] []
[2025-06-12 22:25:27] SlimMonoLogger.INFO: Cron ran at: 12-06-2025 10:25:27 PM [] []
[2025-06-12 22:30:27] SlimMonoLogger.INFO: Cron ran at: 12-06-2025 10:30:27 PM [] []
[2025-06-12 22:35:25] SlimMonoLogger.INFO: Cron ran at: 12-06-2025 10:35:25 PM [] []
[2025-06-12 22:40:23] SlimMonoLogger.INFO: Cron ran at: 12-06-2025 10:40:23 PM [] []
[2025-06-12 22:45:27] SlimMonoLogger.INFO: Cron ran at: 12-06-2025 10:45:27 PM [] []
[2025-06-12 22:50:23] SlimMonoLogger.INFO: Cron ran at: 12-06-2025 10:50:23 PM [] []
[2025-06-12 22:55:25] SlimMonoLogger.INFO: Cron ran at: 12-06-2025 10:55:25 PM [] []
[2025-06-12 23:00:27] SlimMonoLogger.INFO: Cron ran at: 12-06-2025 11:00:27 PM [] []
[2025-06-12 23:05:28] SlimMonoLogger.INFO: Cron ran at: 12-06-2025 11:05:28 PM [] []
[2025-06-12 23:10:25] SlimMonoLogger.INFO: Cron ran at: 12-06-2025 11:10:25 PM [] []
[2025-06-12 23:15:26] SlimMonoLogger.INFO: Cron ran at: 12-06-2025 11:15:26 PM [] []
[2025-06-12 23:20:28] SlimMonoLogger.INFO: Cron ran at: 12-06-2025 11:20:28 PM [] []
[2025-06-12 23:25:25] SlimMonoLogger.INFO: Cron ran at: 12-06-2025 11:25:25 PM [] []
[2025-06-12 23:30:27] SlimMonoLogger.INFO: Cron ran at: 12-06-2025 11:30:27 PM [] []
[2025-06-12 23:35:27] SlimMonoLogger.INFO: Cron ran at: 12-06-2025 11:35:27 PM [] []
[2025-06-12 23:40:28] SlimMonoLogger.INFO: Cron ran at: 12-06-2025 11:40:28 PM [] []
[2025-06-12 23:45:30] SlimMonoLogger.INFO: Cron ran at: 12-06-2025 11:45:30 PM [] []
[2025-06-12 23:50:25] SlimMonoLogger.INFO: Cron ran at: 12-06-2025 11:50:25 PM [] []
[2025-06-12 23:55:24] SlimMonoLogger.INFO: Cron ran at: 12-06-2025 11:55:24 PM [] []
[2025-06-13 00:00:26] SlimMonoLogger.INFO: Cron ran at: 13-06-2025 12:00:26 AM [] []
[2025-06-13 00:05:26] SlimMonoLogger.INFO: Cron ran at: 13-06-2025 12:05:26 AM [] []
[2025-06-13 00:10:21] SlimMonoLogger.INFO: Cron ran at: 13-06-2025 12:10:21 AM [] []
[2025-06-13 00:15:23] SlimMonoLogger.INFO: Cron ran at: 13-06-2025 12:15:23 AM [] []
[2025-06-13 00:20:24] SlimMonoLogger.INFO: Cron ran at: 13-06-2025 12:20:24 AM [] []
[2025-06-13 00:25:22] SlimMonoLogger.INFO: Cron ran at: 13-06-2025 12:25:22 AM [] []
[2025-06-13 00:30:36] SlimMonoLogger.INFO: Cron ran at: 13-06-2025 12:30:36 AM [] []
[2025-06-13 00:35:24] SlimMonoLogger.INFO: Cron ran at: 13-06-2025 12:35:24 AM [] []
[2025-06-13 00:40:29] SlimMonoLogger.INFO: Cron ran at: 13-06-2025 12:40:29 AM [] []
[2025-06-13 00:45:23] SlimMonoLogger.INFO: Cron ran at: 13-06-2025 12:45:23 AM [] []
[2025-06-13 00:50:25] SlimMonoLogger.INFO: Cron ran at: 13-06-2025 12:50:25 AM [] []
[2025-06-13 00:55:22] SlimMonoLogger.INFO: Cron ran at: 13-06-2025 12:55:22 AM [] []
[2025-06-13 01:00:24] SlimMonoLogger.INFO: Cron ran at: 13-06-2025 01:00:24 AM [] []
[2025-06-13 01:05:26] SlimMonoLogger.INFO: Cron ran at: 13-06-2025 01:05:26 AM [] []
[2025-06-13 01:10:23] SlimMonoLogger.INFO: Cron ran at: 13-06-2025 01:10:23 AM [] []
[2025-06-13 01:15:26] SlimMonoLogger.INFO: Cron ran at: 13-06-2025 01:15:26 AM [] []
[2025-06-13 01:20:21] SlimMonoLogger.INFO: Cron ran at: 13-06-2025 01:20:21 AM [] []
[2025-06-13 01:25:21] SlimMonoLogger.INFO: Cron ran at: 13-06-2025 01:25:21 AM [] []
[2025-06-13 01:30:28] SlimMonoLogger.INFO: Cron ran at: 13-06-2025 01:30:28 AM [] []
[2025-06-13 01:35:24] SlimMonoLogger.INFO: Cron ran at: 13-06-2025 01:35:24 AM [] []
[2025-06-13 01:40:23] SlimMonoLogger.INFO: Cron ran at: 13-06-2025 01:40:23 AM [] []
[2025-06-13 01:45:24] SlimMonoLogger.INFO: Cron ran at: 13-06-2025 01:45:24 AM [] []
[2025-06-13 01:50:20] SlimMonoLogger.INFO: Cron ran at: 13-06-2025 01:50:20 AM [] []
[2025-06-13 01:55:25] SlimMonoLogger.INFO: Cron ran at: 13-06-2025 01:55:25 AM [] []
