[2025-05-13 02:00:46] SlimMonoLogger.INFO: Cron ran at: 13-05-2025 02:00:46 AM [] []
[2025-05-13 02:05:43] SlimMonoLogger.INFO: Cron ran at: 13-05-2025 02:05:43 AM [] []
[2025-05-13 02:10:35] SlimMonoLogger.INFO: Cron ran at: 13-05-2025 02:10:35 AM [] []
[2025-05-13 02:15:45] SlimMonoLogger.INFO: Cron ran at: 13-05-2025 02:15:45 AM [] []
[2025-05-13 02:20:38] SlimMonoLogger.INFO: Cron ran at: 13-05-2025 02:20:38 AM [] []
[2025-05-13 02:25:38] SlimMonoLogger.INFO: Cron ran at: 13-05-2025 02:25:38 AM [] []
[2025-05-13 02:30:40] SlimMonoLogger.INFO: Cron ran at: 13-05-2025 02:30:40 AM [] []
[2025-05-13 02:35:41] SlimMonoLogger.INFO: Cron ran at: 13-05-2025 02:35:41 AM [] []
[2025-05-13 02:40:38] SlimMonoLogger.INFO: Cron ran at: 13-05-2025 02:40:38 AM [] []
[2025-05-13 02:45:39] SlimMonoLogger.INFO: Cron ran at: 13-05-2025 02:45:39 AM [] []
[2025-05-13 02:50:55] SlimMonoLogger.INFO: Cron ran at: 13-05-2025 02:50:55 AM [] []
[2025-05-13 02:55:35] SlimMonoLogger.INFO: Cron ran at: 13-05-2025 02:55:35 AM [] []
[2025-05-13 03:00:39] SlimMonoLogger.INFO: Cron ran at: 13-05-2025 03:00:39 AM [] []
[2025-05-13 03:05:42] SlimMonoLogger.INFO: Cron ran at: 13-05-2025 03:05:42 AM [] []
[2025-05-13 03:10:48] SlimMonoLogger.INFO: Cron ran at: 13-05-2025 03:10:48 AM [] []
[2025-05-13 03:15:40] SlimMonoLogger.INFO: Cron ran at: 13-05-2025 03:15:40 AM [] []
[2025-05-13 03:20:34] SlimMonoLogger.INFO: Cron ran at: 13-05-2025 03:20:34 AM [] []
[2025-05-13 03:25:32] SlimMonoLogger.INFO: Cron ran at: 13-05-2025 03:25:32 AM [] []
[2025-05-13 03:30:36] SlimMonoLogger.INFO: Cron ran at: 13-05-2025 03:30:36 AM [] []
[2025-05-13 03:35:44] SlimMonoLogger.INFO: Cron ran at: 13-05-2025 03:35:44 AM [] []
[2025-05-13 03:40:32] SlimMonoLogger.INFO: Cron ran at: 13-05-2025 03:40:32 AM [] []
[2025-05-13 03:45:30] SlimMonoLogger.INFO: Cron ran at: 13-05-2025 03:45:30 AM [] []
[2025-05-13 03:50:34] SlimMonoLogger.INFO: Cron ran at: 13-05-2025 03:50:34 AM [] []
[2025-05-13 03:55:32] SlimMonoLogger.INFO: Cron ran at: 13-05-2025 03:55:32 AM [] []
[2025-05-13 04:00:42] SlimMonoLogger.INFO: Cron ran at: 13-05-2025 04:00:42 AM [] []
[2025-05-13 04:05:39] SlimMonoLogger.INFO: Cron ran at: 13-05-2025 04:05:39 AM [] []
[2025-05-13 04:10:31] SlimMonoLogger.INFO: Cron ran at: 13-05-2025 04:10:31 AM [] []
[2025-05-13 04:15:40] SlimMonoLogger.INFO: Cron ran at: 13-05-2025 04:15:40 AM [] []
[2025-05-13 04:20:34] SlimMonoLogger.INFO: Cron ran at: 13-05-2025 04:20:34 AM [] []
[2025-05-13 04:25:38] SlimMonoLogger.INFO: Cron ran at: 13-05-2025 04:25:38 AM [] []
[2025-05-13 04:30:46] SlimMonoLogger.INFO: Cron ran at: 13-05-2025 04:30:46 AM [] []
[2025-05-13 04:35:49] SlimMonoLogger.INFO: Cron ran at: 13-05-2025 04:35:49 AM [] []
[2025-05-13 04:40:52] SlimMonoLogger.INFO: Cron ran at: 13-05-2025 04:40:52 AM [] []
[2025-05-13 04:45:35] SlimMonoLogger.INFO: Cron ran at: 13-05-2025 04:45:35 AM [] []
[2025-05-13 04:50:37] SlimMonoLogger.INFO: Cron ran at: 13-05-2025 04:50:37 AM [] []
[2025-05-13 04:55:41] SlimMonoLogger.INFO: Cron ran at: 13-05-2025 04:55:41 AM [] []
[2025-05-13 05:00:48] SlimMonoLogger.INFO: Cron ran at: 13-05-2025 05:00:48 AM [] []
[2025-05-13 05:05:42] SlimMonoLogger.INFO: Cron ran at: 13-05-2025 05:05:42 AM [] []
[2025-05-13 05:10:48] SlimMonoLogger.INFO: Cron ran at: 13-05-2025 05:10:48 AM [] []
[2025-05-13 05:15:42] SlimMonoLogger.INFO: Cron ran at: 13-05-2025 05:15:42 AM [] []
[2025-05-13 05:20:43] SlimMonoLogger.INFO: Cron ran at: 13-05-2025 05:20:43 AM [] []
[2025-05-13 05:25:38] SlimMonoLogger.INFO: Cron ran at: 13-05-2025 05:25:38 AM [] []
[2025-05-13 05:30:38] SlimMonoLogger.INFO: Cron ran at: 13-05-2025 05:30:38 AM [] []
[2025-05-13 05:35:41] SlimMonoLogger.INFO: Cron ran at: 13-05-2025 05:35:41 AM [] []
[2025-05-13 05:40:35] SlimMonoLogger.INFO: Cron ran at: 13-05-2025 05:40:35 AM [] []
[2025-05-13 05:45:47] SlimMonoLogger.INFO: Cron ran at: 13-05-2025 05:45:47 AM [] []
[2025-05-13 05:50:34] SlimMonoLogger.INFO: Cron ran at: 13-05-2025 05:50:34 AM [] []
[2025-05-13 05:55:36] SlimMonoLogger.INFO: Cron ran at: 13-05-2025 05:55:36 AM [] []
[2025-05-13 06:00:43] SlimMonoLogger.INFO: Cron ran at: 13-05-2025 06:00:43 AM [] []
[2025-05-13 06:05:28] SlimMonoLogger.INFO: Cron ran at: 13-05-2025 06:05:28 AM [] []
[2025-05-13 06:10:30] SlimMonoLogger.INFO: Cron ran at: 13-05-2025 06:10:30 AM [] []
[2025-05-13 06:15:33] SlimMonoLogger.INFO: Cron ran at: 13-05-2025 06:15:33 AM [] []
[2025-05-13 06:20:28] SlimMonoLogger.INFO: Cron ran at: 13-05-2025 06:20:28 AM [] []
[2025-05-13 06:25:33] SlimMonoLogger.INFO: Cron ran at: 13-05-2025 06:25:33 AM [] []
[2025-05-13 06:30:36] SlimMonoLogger.INFO: Cron ran at: 13-05-2025 06:30:36 AM [] []
[2025-05-13 06:35:31] SlimMonoLogger.INFO: Cron ran at: 13-05-2025 06:35:31 AM [] []
[2025-05-13 06:40:30] SlimMonoLogger.INFO: Cron ran at: 13-05-2025 06:40:30 AM [] []
[2025-05-13 06:45:31] SlimMonoLogger.INFO: Cron ran at: 13-05-2025 06:45:31 AM [] []
[2025-05-13 06:50:31] SlimMonoLogger.INFO: Cron ran at: 13-05-2025 06:50:31 AM [] []
[2025-05-13 06:55:32] SlimMonoLogger.INFO: Cron ran at: 13-05-2025 06:55:32 AM [] []
[2025-05-13 07:00:34] SlimMonoLogger.INFO: Cron ran at: 13-05-2025 07:00:34 AM [] []
[2025-05-13 07:05:34] SlimMonoLogger.INFO: Cron ran at: 13-05-2025 07:05:34 AM [] []
[2025-05-13 07:10:34] SlimMonoLogger.INFO: Cron ran at: 13-05-2025 07:10:34 AM [] []
[2025-05-13 07:15:38] SlimMonoLogger.INFO: Cron ran at: 13-05-2025 07:15:38 AM [] []
[2025-05-13 07:20:32] SlimMonoLogger.INFO: Cron ran at: 13-05-2025 07:20:32 AM [] []
[2025-05-13 07:25:44] SlimMonoLogger.INFO: Cron ran at: 13-05-2025 07:25:44 AM [] []
[2025-05-13 07:30:46] SlimMonoLogger.INFO: Cron ran at: 13-05-2025 07:30:46 AM [] []
[2025-05-13 07:35:40] SlimMonoLogger.INFO: Cron ran at: 13-05-2025 07:35:40 AM [] []
[2025-05-13 07:40:45] SlimMonoLogger.INFO: Cron ran at: 13-05-2025 07:40:45 AM [] []
[2025-05-13 07:45:42] SlimMonoLogger.INFO: Cron ran at: 13-05-2025 07:45:42 AM [] []
[2025-05-13 07:50:38] SlimMonoLogger.INFO: Cron ran at: 13-05-2025 07:50:38 AM [] []
[2025-05-13 07:55:38] SlimMonoLogger.INFO: Cron ran at: 13-05-2025 07:55:38 AM [] []
[2025-05-13 08:00:53] SlimMonoLogger.INFO: Cron ran at: 13-05-2025 08:00:53 AM [] []
[2025-05-13 08:05:39] SlimMonoLogger.INFO: Cron ran at: 13-05-2025 08:05:39 AM [] []
[2025-05-13 08:10:38] SlimMonoLogger.INFO: Cron ran at: 13-05-2025 08:10:38 AM [] []
[2025-05-13 08:15:42] SlimMonoLogger.INFO: Cron ran at: 13-05-2025 08:15:42 AM [] []
[2025-05-13 08:20:36] SlimMonoLogger.INFO: Cron ran at: 13-05-2025 08:20:36 AM [] []
[2025-05-13 08:25:37] SlimMonoLogger.INFO: Cron ran at: 13-05-2025 08:25:37 AM [] []
[2025-05-13 08:31:01] SlimMonoLogger.INFO: Cron ran at: 13-05-2025 08:31:01 AM [] []
[2025-05-13 08:35:51] SlimMonoLogger.INFO: Cron ran at: 13-05-2025 08:35:51 AM [] []
[2025-05-13 08:40:42] SlimMonoLogger.INFO: Cron ran at: 13-05-2025 08:40:42 AM [] []
[2025-05-13 08:45:43] SlimMonoLogger.INFO: Cron ran at: 13-05-2025 08:45:43 AM [] []
[2025-05-13 08:50:52] SlimMonoLogger.INFO: Cron ran at: 13-05-2025 08:50:52 AM [] []
[2025-05-13 08:55:44] SlimMonoLogger.INFO: Cron ran at: 13-05-2025 08:55:44 AM [] []
[2025-05-13 09:00:55] SlimMonoLogger.INFO: Cron ran at: 13-05-2025 09:00:55 AM [] []
[2025-05-13 09:05:52] SlimMonoLogger.INFO: Cron ran at: 13-05-2025 09:05:52 AM [] []
[2025-05-13 09:10:47] SlimMonoLogger.INFO: Cron ran at: 13-05-2025 09:10:47 AM [] []
[2025-05-13 09:15:53] SlimMonoLogger.INFO: Cron ran at: 13-05-2025 09:15:53 AM [] []
[2025-05-13 09:20:44] SlimMonoLogger.INFO: Cron ran at: 13-05-2025 09:20:44 AM [] []
[2025-05-13 09:25:57] SlimMonoLogger.INFO: Cron ran at: 13-05-2025 09:25:57 AM [] []
[2025-05-13 09:30:45] SlimMonoLogger.INFO: Cron ran at: 13-05-2025 09:30:45 AM [] []
[2025-05-13 09:35:55] SlimMonoLogger.INFO: Cron ran at: 13-05-2025 09:35:55 AM [] []
[2025-05-13 09:40:45] SlimMonoLogger.INFO: Cron ran at: 13-05-2025 09:40:45 AM [] []
[2025-05-13 09:45:39] SlimMonoLogger.INFO: Cron ran at: 13-05-2025 09:45:39 AM [] []
[2025-05-13 09:50:45] SlimMonoLogger.INFO: Cron ran at: 13-05-2025 09:50:45 AM [] []
[2025-05-13 09:55:42] SlimMonoLogger.INFO: Cron ran at: 13-05-2025 09:55:42 AM [] []
[2025-05-13 10:01:00] SlimMonoLogger.INFO: Cron ran at: 13-05-2025 10:01:00 AM [] []
[2025-05-13 10:10:50] SlimMonoLogger.INFO: Cron ran at: 13-05-2025 10:10:50 AM [] []
[2025-05-13 10:15:55] SlimMonoLogger.INFO: Cron ran at: 13-05-2025 10:15:55 AM [] []
[2025-05-13 10:20:56] SlimMonoLogger.INFO: Cron ran at: 13-05-2025 10:20:56 AM [] []
[2025-05-13 10:25:55] SlimMonoLogger.INFO: Cron ran at: 13-05-2025 10:25:55 AM [] []
[2025-05-13 10:30:41] SlimMonoLogger.INFO: Cron ran at: 13-05-2025 10:30:41 AM [] []
[2025-05-13 10:40:37] SlimMonoLogger.INFO: Cron ran at: 13-05-2025 10:40:37 AM [] []
[2025-05-13 10:45:50] SlimMonoLogger.INFO: Cron ran at: 13-05-2025 10:45:50 AM [] []
[2025-05-13 10:50:43] SlimMonoLogger.INFO: Cron ran at: 13-05-2025 10:50:43 AM [] []
[2025-05-13 10:55:43] SlimMonoLogger.INFO: Cron ran at: 13-05-2025 10:55:43 AM [] []
[2025-05-13 11:01:11] SlimMonoLogger.INFO: Cron ran at: 13-05-2025 11:01:11 AM [] []
[2025-05-13 11:05:55] SlimMonoLogger.INFO: Cron ran at: 13-05-2025 11:05:55 AM [] []
[2025-05-13 11:10:44] SlimMonoLogger.INFO: Cron ran at: 13-05-2025 11:10:44 AM [] []
[2025-05-13 11:16:02] SlimMonoLogger.INFO: Cron ran at: 13-05-2025 11:16:02 AM [] []
[2025-05-13 11:20:46] SlimMonoLogger.INFO: Cron ran at: 13-05-2025 11:20:46 AM [] []
[2025-05-13 11:25:53] SlimMonoLogger.INFO: Cron ran at: 13-05-2025 11:25:53 AM [] []
[2025-05-13 11:30:47] SlimMonoLogger.INFO: Cron ran at: 13-05-2025 11:30:47 AM [] []
[2025-05-13 11:35:41] SlimMonoLogger.INFO: Cron ran at: 13-05-2025 11:35:41 AM [] []
[2025-05-13 11:40:38] SlimMonoLogger.INFO: Cron ran at: 13-05-2025 11:40:38 AM [] []
[2025-05-13 11:45:34] SlimMonoLogger.INFO: Cron ran at: 13-05-2025 11:45:34 AM [] []
[2025-05-13 11:50:29] SlimMonoLogger.INFO: Cron ran at: 13-05-2025 11:50:29 AM [] []
[2025-05-13 11:56:06] SlimMonoLogger.INFO: Cron ran at: 13-05-2025 11:56:06 AM [] []
[2025-05-13 12:00:49] SlimMonoLogger.INFO: Cron ran at: 13-05-2025 12:00:49 PM [] []
[2025-05-13 12:05:42] SlimMonoLogger.INFO: Cron ran at: 13-05-2025 12:05:42 PM [] []
[2025-05-13 12:10:46] SlimMonoLogger.INFO: Cron ran at: 13-05-2025 12:10:46 PM [] []
[2025-05-13 12:15:42] SlimMonoLogger.INFO: Cron ran at: 13-05-2025 12:15:42 PM [] []
[2025-05-13 12:20:37] SlimMonoLogger.INFO: Cron ran at: 13-05-2025 12:20:37 PM [] []
[2025-05-13 12:25:52] SlimMonoLogger.INFO: Cron ran at: 13-05-2025 12:25:52 PM [] []
[2025-05-13 12:31:07] SlimMonoLogger.INFO: Cron ran at: 13-05-2025 12:31:07 PM [] []
[2025-05-13 12:35:55] SlimMonoLogger.INFO: Cron ran at: 13-05-2025 12:35:55 PM [] []
[2025-05-13 12:40:44] SlimMonoLogger.INFO: Cron ran at: 13-05-2025 12:40:44 PM [] []
[2025-05-13 12:46:05] SlimMonoLogger.INFO: Cron ran at: 13-05-2025 12:46:05 PM [] []
[2025-05-13 12:50:37] SlimMonoLogger.INFO: Cron ran at: 13-05-2025 12:50:37 PM [] []
[2025-05-13 12:55:43] SlimMonoLogger.INFO: Cron ran at: 13-05-2025 12:55:43 PM [] []
[2025-05-13 13:00:46] SlimMonoLogger.INFO: Cron ran at: 13-05-2025 01:00:46 PM [] []
[2025-05-13 13:05:53] SlimMonoLogger.INFO: Cron ran at: 13-05-2025 01:05:53 PM [] []
[2025-05-13 13:10:44] SlimMonoLogger.INFO: Cron ran at: 13-05-2025 01:10:44 PM [] []
[2025-05-13 11:15:10] SlimMonoLogger.CRITICAL: PDOException: SQLSTATE[HY000] [2002] Can't connect to local server through socket '/var/lib/mysql/mysql.sock' (2) in /home/latihtal/public_html/agregator1/src/framework/PDO/Database.php:34
Stack trace:
#0 /home/latihtal/public_html/agregator1/src/framework/PDO/Database.php(34): PDO->__construct()
#1 /home/latihtal/public_html/agregator1/src/dependencies.php(76): Slim\PDO\Database->__construct()
#2 /home/latihtal/public_html/agregator1/src/framework/Helper/Set.php(231): {closure}()
#3 /home/latihtal/public_html/agregator1/src/framework/Helper/Set.php(88): Slim\Helper\Set->Slim\Helper\{closure}()
#4 /home/latihtal/public_html/agregator1/src/framework/Slim.php(232): Slim\Helper\Set->get()
#5 /home/latihtal/public_html/agregator1/src/models/Model.php(176): Slim\Slim->__get()
#6 /home/latihtal/public_html/agregator1/src/models/OptionModel.php(180): spark\models\Model->select()
#7 /home/latihtal/public_html/agregator1/src/models/OptionModel.php(40): spark\models\OptionModel->autoloadOptions()
#8 /home/latihtal/public_html/agregator1/src/dependencies.php(99): spark\models\OptionModel->__construct()
#9 /home/latihtal/public_html/agregator1/src/framework/Helper/Set.php(231): {closure}()
#10 /home/latihtal/public_html/agregator1/src/framework/Helper/Set.php(88): Slim\Helper\Set->Slim\Helper\{closure}()
#11 /home/latihtal/public_html/agregator1/src/framework/Slim.php(232): Slim\Helper\Set->get()
#12 /home/latihtal/public_html/agregator1/src/drivers/Views/ThemeManager.php(34): Slim\Slim->__get()
#13 /home/latihtal/public_html/agregator1/src/dependencies.php(142): spark\drivers\Views\ThemeManager->initEngine()
#14 /home/latihtal/public_html/agregator1/src/bootstrap.php(68): require('/home/latihtal/...')
#15 /home/latihtal/public_html/agregator1/index.php(4): require('/home/latihtal/...')
#16 {main} [] []
[2025-05-13 13:20:39] SlimMonoLogger.INFO: Cron ran at: 13-05-2025 01:20:39 PM [] []
[2025-05-13 13:25:33] SlimMonoLogger.INFO: Cron ran at: 13-05-2025 01:25:33 PM [] []
[2025-05-13 13:30:36] SlimMonoLogger.INFO: Cron ran at: 13-05-2025 01:30:36 PM [] []
[2025-05-13 13:35:33] SlimMonoLogger.INFO: Cron ran at: 13-05-2025 01:35:33 PM [] []
[2025-05-13 13:40:38] SlimMonoLogger.INFO: Cron ran at: 13-05-2025 01:40:38 PM [] []
[2025-05-13 13:45:40] SlimMonoLogger.INFO: Cron ran at: 13-05-2025 01:45:40 PM [] []
[2025-05-13 13:50:31] SlimMonoLogger.INFO: Cron ran at: 13-05-2025 01:50:31 PM [] []
[2025-05-13 13:55:34] SlimMonoLogger.INFO: Cron ran at: 13-05-2025 01:55:34 PM [] []
[2025-05-13 14:00:38] SlimMonoLogger.INFO: Cron ran at: 13-05-2025 02:00:38 PM [] []
[2025-05-13 14:05:32] SlimMonoLogger.INFO: Cron ran at: 13-05-2025 02:05:32 PM [] []
[2025-05-13 14:10:32] SlimMonoLogger.INFO: Cron ran at: 13-05-2025 02:10:32 PM [] []
[2025-05-13 14:15:36] SlimMonoLogger.INFO: Cron ran at: 13-05-2025 02:15:36 PM [] []
[2025-05-13 14:20:33] SlimMonoLogger.INFO: Cron ran at: 13-05-2025 02:20:33 PM [] []
[2025-05-13 14:25:32] SlimMonoLogger.INFO: Cron ran at: 13-05-2025 02:25:32 PM [] []
[2025-05-13 14:30:36] SlimMonoLogger.INFO: Cron ran at: 13-05-2025 02:30:36 PM [] []
[2025-05-13 14:35:37] SlimMonoLogger.INFO: Cron ran at: 13-05-2025 02:35:37 PM [] []
[2025-05-13 14:40:37] SlimMonoLogger.INFO: Cron ran at: 13-05-2025 02:40:37 PM [] []
[2025-05-13 14:45:38] SlimMonoLogger.INFO: Cron ran at: 13-05-2025 02:45:38 PM [] []
[2025-05-13 14:50:33] SlimMonoLogger.INFO: Cron ran at: 13-05-2025 02:50:33 PM [] []
[2025-05-13 14:55:35] SlimMonoLogger.INFO: Cron ran at: 13-05-2025 02:55:35 PM [] []
[2025-05-13 15:00:37] SlimMonoLogger.INFO: Cron ran at: 13-05-2025 03:00:37 PM [] []
[2025-05-13 15:05:42] SlimMonoLogger.INFO: Cron ran at: 13-05-2025 03:05:42 PM [] []
[2025-05-13 15:10:34] SlimMonoLogger.INFO: Cron ran at: 13-05-2025 03:10:34 PM [] []
[2025-05-13 15:15:31] SlimMonoLogger.INFO: Cron ran at: 13-05-2025 03:15:31 PM [] []
[2025-05-13 15:20:33] SlimMonoLogger.INFO: Cron ran at: 13-05-2025 03:20:33 PM [] []
[2025-05-13 15:25:35] SlimMonoLogger.INFO: Cron ran at: 13-05-2025 03:25:35 PM [] []
[2025-05-13 15:30:34] SlimMonoLogger.INFO: Cron ran at: 13-05-2025 03:30:34 PM [] []
[2025-05-13 15:35:32] SlimMonoLogger.INFO: Cron ran at: 13-05-2025 03:35:32 PM [] []
[2025-05-13 15:40:31] SlimMonoLogger.INFO: Cron ran at: 13-05-2025 03:40:31 PM [] []
[2025-05-13 15:45:33] SlimMonoLogger.INFO: Cron ran at: 13-05-2025 03:45:33 PM [] []
[2025-05-13 15:50:45] SlimMonoLogger.INFO: Cron ran at: 13-05-2025 03:50:45 PM [] []
[2025-05-13 15:55:31] SlimMonoLogger.INFO: Cron ran at: 13-05-2025 03:55:31 PM [] []
[2025-05-13 16:00:34] SlimMonoLogger.INFO: Cron ran at: 13-05-2025 04:00:34 PM [] []
[2025-05-13 16:05:27] SlimMonoLogger.INFO: Cron ran at: 13-05-2025 04:05:27 PM [] []
[2025-05-13 16:10:34] SlimMonoLogger.INFO: Cron ran at: 13-05-2025 04:10:34 PM [] []
[2025-05-13 16:15:34] SlimMonoLogger.INFO: Cron ran at: 13-05-2025 04:15:34 PM [] []
[2025-05-13 16:20:41] SlimMonoLogger.INFO: Cron ran at: 13-05-2025 04:20:41 PM [] []
[2025-05-13 16:25:37] SlimMonoLogger.INFO: Cron ran at: 13-05-2025 04:25:37 PM [] []
[2025-05-13 16:30:32] SlimMonoLogger.INFO: Cron ran at: 13-05-2025 04:30:32 PM [] []
[2025-05-13 16:35:31] SlimMonoLogger.INFO: Cron ran at: 13-05-2025 04:35:31 PM [] []
[2025-05-13 16:40:35] SlimMonoLogger.INFO: Cron ran at: 13-05-2025 04:40:35 PM [] []
[2025-05-13 16:45:28] SlimMonoLogger.INFO: Cron ran at: 13-05-2025 04:45:28 PM [] []
[2025-05-13 16:50:36] SlimMonoLogger.INFO: Cron ran at: 13-05-2025 04:50:36 PM [] []
[2025-05-13 16:55:33] SlimMonoLogger.INFO: Cron ran at: 13-05-2025 04:55:33 PM [] []
[2025-05-13 17:00:39] SlimMonoLogger.INFO: Cron ran at: 13-05-2025 05:00:39 PM [] []
[2025-05-13 17:05:33] SlimMonoLogger.INFO: Cron ran at: 13-05-2025 05:05:33 PM [] []
[2025-05-13 17:10:40] SlimMonoLogger.INFO: Cron ran at: 13-05-2025 05:10:40 PM [] []
[2025-05-13 17:15:30] SlimMonoLogger.INFO: Cron ran at: 13-05-2025 05:15:30 PM [] []
[2025-05-13 17:20:36] SlimMonoLogger.INFO: Cron ran at: 13-05-2025 05:20:36 PM [] []
[2025-05-13 17:25:41] SlimMonoLogger.INFO: Cron ran at: 13-05-2025 05:25:41 PM [] []
[2025-05-13 17:30:41] SlimMonoLogger.INFO: Cron ran at: 13-05-2025 05:30:41 PM [] []
[2025-05-13 17:35:36] SlimMonoLogger.INFO: Cron ran at: 13-05-2025 05:35:36 PM [] []
[2025-05-13 17:40:35] SlimMonoLogger.INFO: Cron ran at: 13-05-2025 05:40:35 PM [] []
[2025-05-13 17:45:35] SlimMonoLogger.INFO: Cron ran at: 13-05-2025 05:45:35 PM [] []
[2025-05-13 17:50:31] SlimMonoLogger.INFO: Cron ran at: 13-05-2025 05:50:31 PM [] []
[2025-05-13 17:55:31] SlimMonoLogger.INFO: Cron ran at: 13-05-2025 05:55:31 PM [] []
[2025-05-13 18:00:33] SlimMonoLogger.INFO: Cron ran at: 13-05-2025 06:00:33 PM [] []
[2025-05-13 18:05:28] SlimMonoLogger.INFO: Cron ran at: 13-05-2025 06:05:28 PM [] []
[2025-05-13 18:10:34] SlimMonoLogger.INFO: Cron ran at: 13-05-2025 06:10:34 PM [] []
[2025-05-13 18:15:35] SlimMonoLogger.INFO: Cron ran at: 13-05-2025 06:15:35 PM [] []
[2025-05-13 18:20:32] SlimMonoLogger.INFO: Cron ran at: 13-05-2025 06:20:32 PM [] []
[2025-05-13 18:25:29] SlimMonoLogger.INFO: Cron ran at: 13-05-2025 06:25:29 PM [] []
[2025-05-13 18:30:29] SlimMonoLogger.INFO: Cron ran at: 13-05-2025 06:30:29 PM [] []
[2025-05-13 18:35:36] SlimMonoLogger.INFO: Cron ran at: 13-05-2025 06:35:36 PM [] []
[2025-05-13 18:40:33] SlimMonoLogger.INFO: Cron ran at: 13-05-2025 06:40:33 PM [] []
[2025-05-13 18:45:36] SlimMonoLogger.INFO: Cron ran at: 13-05-2025 06:45:36 PM [] []
[2025-05-13 18:50:33] SlimMonoLogger.INFO: Cron ran at: 13-05-2025 06:50:33 PM [] []
[2025-05-13 18:55:28] SlimMonoLogger.INFO: Cron ran at: 13-05-2025 06:55:28 PM [] []
[2025-05-13 19:00:30] SlimMonoLogger.INFO: Cron ran at: 13-05-2025 07:00:30 PM [] []
[2025-05-13 19:05:29] SlimMonoLogger.INFO: Cron ran at: 13-05-2025 07:05:29 PM [] []
[2025-05-13 19:10:32] SlimMonoLogger.INFO: Cron ran at: 13-05-2025 07:10:32 PM [] []
[2025-05-13 19:15:37] SlimMonoLogger.INFO: Cron ran at: 13-05-2025 07:15:37 PM [] []
[2025-05-13 19:20:38] SlimMonoLogger.INFO: Cron ran at: 13-05-2025 07:20:38 PM [] []
[2025-05-13 19:25:31] SlimMonoLogger.INFO: Cron ran at: 13-05-2025 07:25:31 PM [] []
[2025-05-13 19:30:36] SlimMonoLogger.INFO: Cron ran at: 13-05-2025 07:30:36 PM [] []
[2025-05-13 19:35:29] SlimMonoLogger.INFO: Cron ran at: 13-05-2025 07:35:29 PM [] []
[2025-05-13 19:40:27] SlimMonoLogger.INFO: Cron ran at: 13-05-2025 07:40:27 PM [] []
[2025-05-13 19:45:31] SlimMonoLogger.INFO: Cron ran at: 13-05-2025 07:45:31 PM [] []
[2025-05-13 19:50:35] SlimMonoLogger.INFO: Cron ran at: 13-05-2025 07:50:35 PM [] []
[2025-05-13 19:55:25] SlimMonoLogger.INFO: Cron ran at: 13-05-2025 07:55:25 PM [] []
[2025-05-13 20:00:29] SlimMonoLogger.INFO: Cron ran at: 13-05-2025 08:00:29 PM [] []
[2025-05-13 20:05:31] SlimMonoLogger.INFO: Cron ran at: 13-05-2025 08:05:31 PM [] []
[2025-05-13 20:10:24] SlimMonoLogger.INFO: Cron ran at: 13-05-2025 08:10:24 PM [] []
[2025-05-13 20:15:26] SlimMonoLogger.INFO: Cron ran at: 13-05-2025 08:15:26 PM [] []
[2025-05-13 20:20:28] SlimMonoLogger.INFO: Cron ran at: 13-05-2025 08:20:28 PM [] []
[2025-05-13 20:25:27] SlimMonoLogger.INFO: Cron ran at: 13-05-2025 08:25:27 PM [] []
[2025-05-13 20:30:25] SlimMonoLogger.INFO: Cron ran at: 13-05-2025 08:30:25 PM [] []
[2025-05-13 20:35:30] SlimMonoLogger.INFO: Cron ran at: 13-05-2025 08:35:30 PM [] []
[2025-05-13 20:40:27] SlimMonoLogger.INFO: Cron ran at: 13-05-2025 08:40:27 PM [] []
[2025-05-13 20:45:29] SlimMonoLogger.INFO: Cron ran at: 13-05-2025 08:45:29 PM [] []
[2025-05-13 20:50:33] SlimMonoLogger.INFO: Cron ran at: 13-05-2025 08:50:33 PM [] []
[2025-05-13 20:55:35] SlimMonoLogger.INFO: Cron ran at: 13-05-2025 08:55:35 PM [] []
[2025-05-13 21:00:33] SlimMonoLogger.INFO: Cron ran at: 13-05-2025 09:00:33 PM [] []
[2025-05-13 21:05:35] SlimMonoLogger.INFO: Cron ran at: 13-05-2025 09:05:35 PM [] []
[2025-05-13 21:10:29] SlimMonoLogger.INFO: Cron ran at: 13-05-2025 09:10:29 PM [] []
[2025-05-13 21:15:26] SlimMonoLogger.INFO: Cron ran at: 13-05-2025 09:15:26 PM [] []
[2025-05-13 21:20:31] SlimMonoLogger.INFO: Cron ran at: 13-05-2025 09:20:31 PM [] []
[2025-05-13 21:25:37] SlimMonoLogger.INFO: Cron ran at: 13-05-2025 09:25:37 PM [] []
[2025-05-13 21:30:49] SlimMonoLogger.INFO: Cron ran at: 13-05-2025 09:30:49 PM [] []
[2025-05-13 21:35:39] SlimMonoLogger.INFO: Cron ran at: 13-05-2025 09:35:39 PM [] []
[2025-05-13 21:40:32] SlimMonoLogger.INFO: Cron ran at: 13-05-2025 09:40:32 PM [] []
[2025-05-13 21:45:34] SlimMonoLogger.INFO: Cron ran at: 13-05-2025 09:45:34 PM [] []
[2025-05-13 21:50:37] SlimMonoLogger.INFO: Cron ran at: 13-05-2025 09:50:37 PM [] []
[2025-05-13 21:55:27] SlimMonoLogger.INFO: Cron ran at: 13-05-2025 09:55:27 PM [] []
[2025-05-13 22:00:29] SlimMonoLogger.INFO: Cron ran at: 13-05-2025 10:00:29 PM [] []
[2025-05-13 22:05:28] SlimMonoLogger.INFO: Cron ran at: 13-05-2025 10:05:28 PM [] []
[2025-05-13 22:10:30] SlimMonoLogger.INFO: Cron ran at: 13-05-2025 10:10:30 PM [] []
[2025-05-13 22:15:32] SlimMonoLogger.INFO: Cron ran at: 13-05-2025 10:15:32 PM [] []
[2025-05-13 22:20:33] SlimMonoLogger.INFO: Cron ran at: 13-05-2025 10:20:33 PM [] []
[2025-05-13 22:25:32] SlimMonoLogger.INFO: Cron ran at: 13-05-2025 10:25:32 PM [] []
[2025-05-13 22:30:40] SlimMonoLogger.INFO: Cron ran at: 13-05-2025 10:30:40 PM [] []
[2025-05-13 22:35:30] SlimMonoLogger.INFO: Cron ran at: 13-05-2025 10:35:30 PM [] []
[2025-05-13 22:40:37] SlimMonoLogger.INFO: Cron ran at: 13-05-2025 10:40:37 PM [] []
[2025-05-13 22:45:37] SlimMonoLogger.INFO: Cron ran at: 13-05-2025 10:45:37 PM [] []
[2025-05-13 22:50:37] SlimMonoLogger.INFO: Cron ran at: 13-05-2025 10:50:37 PM [] []
[2025-05-13 22:55:36] SlimMonoLogger.INFO: Cron ran at: 13-05-2025 10:55:36 PM [] []
[2025-05-13 23:00:42] SlimMonoLogger.INFO: Cron ran at: 13-05-2025 11:00:42 PM [] []
[2025-05-13 23:05:31] SlimMonoLogger.INFO: Cron ran at: 13-05-2025 11:05:31 PM [] []
[2025-05-13 23:10:37] SlimMonoLogger.INFO: Cron ran at: 13-05-2025 11:10:37 PM [] []
[2025-05-13 23:15:28] SlimMonoLogger.INFO: Cron ran at: 13-05-2025 11:15:28 PM [] []
[2025-05-13 23:20:28] SlimMonoLogger.INFO: Cron ran at: 13-05-2025 11:20:28 PM [] []
[2025-05-13 23:25:31] SlimMonoLogger.INFO: Cron ran at: 13-05-2025 11:25:31 PM [] []
[2025-05-13 23:30:35] SlimMonoLogger.INFO: Cron ran at: 13-05-2025 11:30:35 PM [] []
[2025-05-13 23:35:30] SlimMonoLogger.INFO: Cron ran at: 13-05-2025 11:35:30 PM [] []
[2025-05-13 23:40:40] SlimMonoLogger.INFO: Cron ran at: 13-05-2025 11:40:40 PM [] []
[2025-05-13 23:45:38] SlimMonoLogger.INFO: Cron ran at: 13-05-2025 11:45:38 PM [] []
[2025-05-13 23:50:36] SlimMonoLogger.INFO: Cron ran at: 13-05-2025 11:50:36 PM [] []
[2025-05-13 23:55:31] SlimMonoLogger.INFO: Cron ran at: 13-05-2025 11:55:31 PM [] []
[2025-05-14 00:00:30] SlimMonoLogger.INFO: Cron ran at: 14-05-2025 12:00:30 AM [] []
[2025-05-14 00:05:47] SlimMonoLogger.INFO: Cron ran at: 14-05-2025 12:05:47 AM [] []
[2025-05-14 00:10:30] SlimMonoLogger.INFO: Cron ran at: 14-05-2025 12:10:30 AM [] []
[2025-05-14 00:15:37] SlimMonoLogger.INFO: Cron ran at: 14-05-2025 12:15:37 AM [] []
[2025-05-14 00:20:31] SlimMonoLogger.INFO: Cron ran at: 14-05-2025 12:20:31 AM [] []
[2025-05-14 00:25:29] SlimMonoLogger.INFO: Cron ran at: 14-05-2025 12:25:29 AM [] []
[2025-05-14 00:30:31] SlimMonoLogger.INFO: Cron ran at: 14-05-2025 12:30:31 AM [] []
[2025-05-14 00:35:27] SlimMonoLogger.INFO: Cron ran at: 14-05-2025 12:35:27 AM [] []
[2025-05-14 00:40:32] SlimMonoLogger.INFO: Cron ran at: 14-05-2025 12:40:32 AM [] []
[2025-05-14 00:45:31] SlimMonoLogger.INFO: Cron ran at: 14-05-2025 12:45:31 AM [] []
[2025-05-14 00:50:29] SlimMonoLogger.INFO: Cron ran at: 14-05-2025 12:50:29 AM [] []
[2025-05-14 00:55:28] SlimMonoLogger.INFO: Cron ran at: 14-05-2025 12:55:28 AM [] []
[2025-05-14 01:00:39] SlimMonoLogger.INFO: Cron ran at: 14-05-2025 01:00:39 AM [] []
[2025-05-14 01:05:41] SlimMonoLogger.INFO: Cron ran at: 14-05-2025 01:05:41 AM [] []
[2025-05-14 01:10:35] SlimMonoLogger.INFO: Cron ran at: 14-05-2025 01:10:35 AM [] []
[2025-05-14 01:15:36] SlimMonoLogger.INFO: Cron ran at: 14-05-2025 01:15:36 AM [] []
[2025-05-14 01:20:31] SlimMonoLogger.INFO: Cron ran at: 14-05-2025 01:20:31 AM [] []
[2025-05-14 01:25:31] SlimMonoLogger.INFO: Cron ran at: 14-05-2025 01:25:31 AM [] []
[2025-05-14 01:30:36] SlimMonoLogger.INFO: Cron ran at: 14-05-2025 01:30:36 AM [] []
[2025-05-14 01:35:35] SlimMonoLogger.INFO: Cron ran at: 14-05-2025 01:35:35 AM [] []
[2025-05-14 01:40:32] SlimMonoLogger.INFO: Cron ran at: 14-05-2025 01:40:32 AM [] []
[2025-05-14 01:45:25] SlimMonoLogger.INFO: Cron ran at: 14-05-2025 01:45:25 AM [] []
[2025-05-14 01:50:26] SlimMonoLogger.INFO: Cron ran at: 14-05-2025 01:50:26 AM [] []
[2025-05-14 01:55:27] SlimMonoLogger.INFO: Cron ran at: 14-05-2025 01:55:27 AM [] []
