[2026-02-13 01:01:40] SlimMonoLogger.INFO: Cron ran at: 13-02-2026 01:01:40 AM [] []
[2026-02-13 01:06:26] SlimMonoLogger.INFO: Cron ran at: 13-02-2026 01:06:26 AM [] []
[2026-02-13 01:11:38] SlimMonoLogger.INFO: Cron ran at: 13-02-2026 01:11:38 AM [] []
[2026-02-13 01:16:31] SlimMonoLogger.INFO: Cron ran at: 13-02-2026 01:16:31 AM [] []
[2026-02-13 01:21:28] SlimMonoLogger.INFO: Cron ran at: 13-02-2026 01:21:28 AM [] []
[2026-02-13 01:26:26] SlimMonoLogger.INFO: Cron ran at: 13-02-2026 01:26:26 AM [] []
[2026-02-13 01:31:26] SlimMonoLogger.INFO: Cron ran at: 13-02-2026 01:31:26 AM [] []
[2026-02-13 01:36:54] SlimMonoLogger.INFO: Cron ran at: 13-02-2026 01:36:54 AM [] []
[2026-02-13 01:41:33] SlimMonoLogger.INFO: Cron ran at: 13-02-2026 01:41:33 AM [] []
[2026-02-13 01:46:31] SlimMonoLogger.INFO: Cron ran at: 13-02-2026 01:46:31 AM [] []
[2026-02-13 01:51:35] SlimMonoLogger.INFO: Cron ran at: 13-02-2026 01:51:35 AM [] []
[2026-02-13 01:56:25] SlimMonoLogger.INFO: Cron ran at: 13-02-2026 01:56:25 AM [] []
[2026-02-13 02:01:40] SlimMonoLogger.INFO: Cron ran at: 13-02-2026 02:01:40 AM [] []
[2026-02-13 02:06:35] SlimMonoLogger.INFO: Cron ran at: 13-02-2026 02:06:35 AM [] []
[2026-02-13 02:11:44] SlimMonoLogger.INFO: Cron ran at: 13-02-2026 02:11:44 AM [] []
[2026-02-13 02:16:27] SlimMonoLogger.INFO: Cron ran at: 13-02-2026 02:16:27 AM [] []
[2026-02-13 02:21:32] SlimMonoLogger.INFO: Cron ran at: 13-02-2026 02:21:32 AM [] []
[2026-02-13 02:26:37] SlimMonoLogger.INFO: Cron ran at: 13-02-2026 02:26:37 AM [] []
[2026-02-13 02:31:40] SlimMonoLogger.INFO: Cron ran at: 13-02-2026 02:31:40 AM [] []
[2026-02-13 02:36:34] SlimMonoLogger.INFO: Cron ran at: 13-02-2026 02:36:34 AM [] []
[2026-02-13 02:41:23] SlimMonoLogger.INFO: Cron ran at: 13-02-2026 02:41:23 AM [] []
[2026-02-13 02:46:38] SlimMonoLogger.INFO: Cron ran at: 13-02-2026 02:46:38 AM [] []
[2026-02-13 02:51:36] SlimMonoLogger.INFO: Cron ran at: 13-02-2026 02:51:36 AM [] []
[2026-02-13 02:56:29] SlimMonoLogger.INFO: Cron ran at: 13-02-2026 02:56:29 AM [] []
[2026-02-13 03:01:37] SlimMonoLogger.INFO: Cron ran at: 13-02-2026 03:01:37 AM [] []
[2026-02-13 03:06:39] SlimMonoLogger.INFO: Cron ran at: 13-02-2026 03:06:39 AM [] []
[2026-02-13 03:11:32] SlimMonoLogger.INFO: Cron ran at: 13-02-2026 03:11:32 AM [] []
[2026-02-13 03:16:36] SlimMonoLogger.INFO: Cron ran at: 13-02-2026 03:16:36 AM [] []
[2026-02-13 03:21:32] SlimMonoLogger.INFO: Cron ran at: 13-02-2026 03:21:32 AM [] []
[2026-02-13 03:26:37] SlimMonoLogger.INFO: Cron ran at: 13-02-2026 03:26:37 AM [] []
[2026-02-13 03:31:25] SlimMonoLogger.INFO: Cron ran at: 13-02-2026 03:31:25 AM [] []
[2026-02-13 03:36:32] SlimMonoLogger.INFO: Cron ran at: 13-02-2026 03:36:32 AM [] []
[2026-02-13 03:41:33] SlimMonoLogger.INFO: Cron ran at: 13-02-2026 03:41:33 AM [] []
[2026-02-13 03:46:29] SlimMonoLogger.INFO: Cron ran at: 13-02-2026 03:46:29 AM [] []
[2026-02-13 03:51:44] SlimMonoLogger.INFO: Cron ran at: 13-02-2026 03:51:44 AM [] []
[2026-02-13 03:56:27] SlimMonoLogger.INFO: Cron ran at: 13-02-2026 03:56:27 AM [] []
[2026-02-13 04:01:42] SlimMonoLogger.INFO: Cron ran at: 13-02-2026 04:01:42 AM [] []
[2026-02-13 04:06:35] SlimMonoLogger.INFO: Cron ran at: 13-02-2026 04:06:35 AM [] []
[2026-02-13 04:11:30] SlimMonoLogger.INFO: Cron ran at: 13-02-2026 04:11:30 AM [] []
[2026-02-13 04:16:38] SlimMonoLogger.INFO: Cron ran at: 13-02-2026 04:16:38 AM [] []
[2026-02-13 04:21:20] SlimMonoLogger.INFO: Cron ran at: 13-02-2026 04:21:20 AM [] []
[2026-02-13 04:26:20] SlimMonoLogger.INFO: Cron ran at: 13-02-2026 04:26:20 AM [] []
[2026-02-13 04:31:27] SlimMonoLogger.INFO: Cron ran at: 13-02-2026 04:31:27 AM [] []
[2026-02-13 04:36:27] SlimMonoLogger.INFO: Cron ran at: 13-02-2026 04:36:27 AM [] []
[2026-02-13 04:41:40] SlimMonoLogger.INFO: Cron ran at: 13-02-2026 04:41:40 AM [] []
[2026-02-13 04:46:20] SlimMonoLogger.INFO: Cron ran at: 13-02-2026 04:46:20 AM [] []
[2026-02-13 04:51:24] SlimMonoLogger.INFO: Cron ran at: 13-02-2026 04:51:24 AM [] []
[2026-02-13 04:56:22] SlimMonoLogger.INFO: Cron ran at: 13-02-2026 04:56:22 AM [] []
[2026-02-13 05:01:25] SlimMonoLogger.INFO: Cron ran at: 13-02-2026 05:01:25 AM [] []
[2026-02-13 05:06:25] SlimMonoLogger.INFO: Cron ran at: 13-02-2026 05:06:25 AM [] []
[2026-02-13 05:11:17] SlimMonoLogger.INFO: Cron ran at: 13-02-2026 05:11:17 AM [] []
[2026-02-13 05:16:22] SlimMonoLogger.INFO: Cron ran at: 13-02-2026 05:16:22 AM [] []
[2026-02-13 05:21:29] SlimMonoLogger.INFO: Cron ran at: 13-02-2026 05:21:29 AM [] []
[2026-02-13 05:26:30] SlimMonoLogger.INFO: Cron ran at: 13-02-2026 05:26:30 AM [] []
[2026-02-13 05:31:24] SlimMonoLogger.INFO: Cron ran at: 13-02-2026 05:31:24 AM [] []
[2026-02-13 05:36:28] SlimMonoLogger.INFO: Cron ran at: 13-02-2026 05:36:28 AM [] []
[2026-02-13 05:41:20] SlimMonoLogger.INFO: Cron ran at: 13-02-2026 05:41:20 AM [] []
[2026-02-13 05:46:19] SlimMonoLogger.INFO: Cron ran at: 13-02-2026 05:46:19 AM [] []
[2026-02-13 05:51:18] SlimMonoLogger.INFO: Cron ran at: 13-02-2026 05:51:18 AM [] []
[2026-02-13 05:56:23] SlimMonoLogger.INFO: Cron ran at: 13-02-2026 05:56:23 AM [] []
[2026-02-13 06:01:32] SlimMonoLogger.INFO: Cron ran at: 13-02-2026 06:01:32 AM [] []
[2026-02-13 06:06:18] SlimMonoLogger.INFO: Cron ran at: 13-02-2026 06:06:18 AM [] []
[2026-02-13 06:11:24] SlimMonoLogger.INFO: Cron ran at: 13-02-2026 06:11:24 AM [] []
[2026-02-13 06:16:24] SlimMonoLogger.INFO: Cron ran at: 13-02-2026 06:16:24 AM [] []
[2026-02-13 06:21:29] SlimMonoLogger.INFO: Cron ran at: 13-02-2026 06:21:29 AM [] []
[2026-02-13 06:26:24] SlimMonoLogger.INFO: Cron ran at: 13-02-2026 06:26:24 AM [] []
[2026-02-13 06:31:26] SlimMonoLogger.INFO: Cron ran at: 13-02-2026 06:31:26 AM [] []
[2026-02-13 06:36:29] SlimMonoLogger.INFO: Cron ran at: 13-02-2026 06:36:29 AM [] []
[2026-02-13 06:41:20] SlimMonoLogger.INFO: Cron ran at: 13-02-2026 06:41:20 AM [] []
[2026-02-13 06:46:17] SlimMonoLogger.INFO: Cron ran at: 13-02-2026 06:46:17 AM [] []
[2026-02-13 06:51:19] SlimMonoLogger.INFO: Cron ran at: 13-02-2026 06:51:19 AM [] []
[2026-02-13 06:56:21] SlimMonoLogger.INFO: Cron ran at: 13-02-2026 06:56:21 AM [] []
[2026-02-13 07:01:23] SlimMonoLogger.INFO: Cron ran at: 13-02-2026 07:01:23 AM [] []
[2026-02-13 07:06:15] SlimMonoLogger.INFO: Cron ran at: 13-02-2026 07:06:15 AM [] []
[2026-02-13 07:11:18] SlimMonoLogger.INFO: Cron ran at: 13-02-2026 07:11:18 AM [] []
[2026-02-13 07:16:27] SlimMonoLogger.INFO: Cron ran at: 13-02-2026 07:16:27 AM [] []
[2026-02-13 07:21:17] SlimMonoLogger.INFO: Cron ran at: 13-02-2026 07:21:17 AM [] []
[2026-02-13 07:26:16] SlimMonoLogger.INFO: Cron ran at: 13-02-2026 07:26:16 AM [] []
[2026-02-13 07:31:21] SlimMonoLogger.INFO: Cron ran at: 13-02-2026 07:31:21 AM [] []
[2026-02-13 07:36:12] SlimMonoLogger.INFO: Cron ran at: 13-02-2026 07:36:12 AM [] []
[2026-02-13 07:41:20] SlimMonoLogger.INFO: Cron ran at: 13-02-2026 07:41:20 AM [] []
[2026-02-13 07:46:26] SlimMonoLogger.INFO: Cron ran at: 13-02-2026 07:46:26 AM [] []
[2026-02-13 07:51:10] SlimMonoLogger.INFO: Cron ran at: 13-02-2026 07:51:10 AM [] []
[2026-02-13 07:56:13] SlimMonoLogger.INFO: Cron ran at: 13-02-2026 07:56:13 AM [] []
[2026-02-13 08:01:22] SlimMonoLogger.INFO: Cron ran at: 13-02-2026 08:01:22 AM [] []
[2026-02-13 08:06:13] SlimMonoLogger.INFO: Cron ran at: 13-02-2026 08:06:13 AM [] []
[2026-02-13 08:11:22] SlimMonoLogger.INFO: Cron ran at: 13-02-2026 08:11:22 AM [] []
[2026-02-13 08:16:19] SlimMonoLogger.INFO: Cron ran at: 13-02-2026 08:16:19 AM [] []
[2026-02-13 08:21:14] SlimMonoLogger.INFO: Cron ran at: 13-02-2026 08:21:14 AM [] []
[2026-02-13 08:26:10] SlimMonoLogger.INFO: Cron ran at: 13-02-2026 08:26:10 AM [] []
[2026-02-13 08:31:22] SlimMonoLogger.INFO: Cron ran at: 13-02-2026 08:31:22 AM [] []
[2026-02-13 08:36:26] SlimMonoLogger.INFO: Cron ran at: 13-02-2026 08:36:26 AM [] []
[2026-02-13 08:41:27] SlimMonoLogger.INFO: Cron ran at: 13-02-2026 08:41:27 AM [] []
[2026-02-13 08:46:43] SlimMonoLogger.INFO: Cron ran at: 13-02-2026 08:46:43 AM [] []
[2026-02-13 09:02:08] SlimMonoLogger.INFO: Cron ran at: 13-02-2026 09:02:08 AM [] []
[2026-02-13 09:07:00] SlimMonoLogger.INFO: Cron ran at: 13-02-2026 09:07:00 AM [] []
[2026-02-13 09:11:55] SlimMonoLogger.INFO: Cron ran at: 13-02-2026 09:11:55 AM [] []
[2026-02-13 09:17:04] SlimMonoLogger.INFO: Cron ran at: 13-02-2026 09:17:04 AM [] []
[2026-02-13 09:21:46] SlimMonoLogger.INFO: Cron ran at: 13-02-2026 09:21:46 AM [] []
[2026-02-13 09:26:52] SlimMonoLogger.INFO: Cron ran at: 13-02-2026 09:26:52 AM [] []
[2026-02-13 09:36:49] SlimMonoLogger.INFO: Cron ran at: 13-02-2026 09:36:49 AM [] []
[2026-02-13 09:41:44] SlimMonoLogger.INFO: Cron ran at: 13-02-2026 09:41:44 AM [] []
[2026-02-13 09:46:49] SlimMonoLogger.INFO: Cron ran at: 13-02-2026 09:46:49 AM [] []
[2026-02-13 09:51:55] SlimMonoLogger.INFO: Cron ran at: 13-02-2026 09:51:55 AM [] []
[2026-02-13 09:56:36] SlimMonoLogger.INFO: Cron ran at: 13-02-2026 09:56:36 AM [] []
[2026-02-13 10:01:40] SlimMonoLogger.INFO: Cron ran at: 13-02-2026 10:01:40 AM [] []
[2026-02-13 10:06:34] SlimMonoLogger.INFO: Cron ran at: 13-02-2026 10:06:34 AM [] []
[2026-02-13 10:11:47] SlimMonoLogger.INFO: Cron ran at: 13-02-2026 10:11:47 AM [] []
[2026-02-13 10:16:38] SlimMonoLogger.INFO: Cron ran at: 13-02-2026 10:16:38 AM [] []
[2026-02-13 10:21:54] SlimMonoLogger.INFO: Cron ran at: 13-02-2026 10:21:54 AM [] []
[2026-02-13 10:26:54] SlimMonoLogger.INFO: Cron ran at: 13-02-2026 10:26:54 AM [] []
[2026-02-13 10:31:54] SlimMonoLogger.INFO: Cron ran at: 13-02-2026 10:31:54 AM [] []
[2026-02-13 10:36:46] SlimMonoLogger.INFO: Cron ran at: 13-02-2026 10:36:46 AM [] []
[2026-02-13 10:41:44] SlimMonoLogger.INFO: Cron ran at: 13-02-2026 10:41:44 AM [] []
[2026-02-13 10:46:53] SlimMonoLogger.INFO: Cron ran at: 13-02-2026 10:46:53 AM [] []
[2026-02-13 10:51:28] SlimMonoLogger.INFO: Cron ran at: 13-02-2026 10:51:28 AM [] []
[2026-02-13 10:56:24] SlimMonoLogger.INFO: Cron ran at: 13-02-2026 10:56:24 AM [] []
[2026-02-13 11:01:50] SlimMonoLogger.INFO: Cron ran at: 13-02-2026 11:01:50 AM [] []
[2026-02-13 11:11:52] SlimMonoLogger.INFO: Cron ran at: 13-02-2026 11:11:52 AM [] []
[2026-02-13 11:13:32] SlimMonoLogger.ERROR: Requests_Exception: cURL error 28: Operation timed out after 500001 milliseconds with 0 bytes received in /home/latihtal/public_html/agregator1/src/vendor/rmccue/requests/library/Requests/Transport/cURL.php:422
Stack trace:
#0 /home/latihtal/public_html/agregator1/src/vendor/rmccue/requests/library/Requests/Transport/cURL.php(177): Requests_Transport_cURL->process_response()
#1 /home/latihtal/public_html/agregator1/src/vendor/rmccue/requests/library/Requests.php(379): Requests_Transport_cURL->request()
#2 /home/latihtal/public_html/agregator1/src/vendor/rmccue/requests/library/Requests/Session.php(205): Requests::request()
#3 /home/latihtal/public_html/agregator1/src/vendor/rmccue/requests/library/Requests/Session.php(132): Requests_Session->request()
#4 /home/latihtal/public_html/agregator1/src/drivers/Http/RssImporter.php(144): Requests_Session->get()
#5 /home/latihtal/public_html/agregator1/src/controllers/Dashboard/DashboardFeedsController.php(534): spark\drivers\Http\RssImporter->fetchPosts()
#6 /home/latihtal/public_html/agregator1/src/controllers/Site/SiteController.php(722): spark\controllers\Dashboard\DashboardFeedsController::importFeedPosts()
#7 [internal function]: spark\controllers\Site\SiteController->runTasks()
#8 /home/latihtal/public_html/agregator1/src/framework/Route.php(173): call_user_func_array()
#9 [internal function]: Slim\Route->Slim\{closure}()
#10 /home/latihtal/public_html/agregator1/src/framework/Route.php(468): call_user_func_array()
#11 /home/latihtal/public_html/agregator1/src/framework/Slim.php(1364): Slim\Route->dispatch()
#12 /home/latihtal/public_html/agregator1/src/framework/Middleware/Flash.php(85): Slim\Slim->call()
#13 /home/latihtal/public_html/agregator1/src/framework/Middleware/MethodOverride.php(92): Slim\Middleware\Flash->call()
#14 /home/latihtal/public_html/agregator1/src/middlewares/CsrfGuard/CsrfGuard.php(47): Slim\Middleware\MethodOverride->call()
#15 /home/latihtal/public_html/agregator1/src/framework/Middleware/PrettyExceptions.php(67): spark\middlewares\CsrfGuard\CsrfGuard->call()
#16 /home/latihtal/public_html/agregator1/src/framework/Slim.php(1308): Slim\Middleware\PrettyExceptions->call()
#17 /home/latihtal/public_html/agregator1/index.php(6): Slim\Slim->run()
#18 {main} [] []
[2026-02-13 11:15:16] SlimMonoLogger.INFO: Cron ran at: 13-02-2026 11:15:16 AM [] []
[2026-02-13 11:16:26] SlimMonoLogger.INFO: Cron ran at: 13-02-2026 11:16:26 AM [] []
[2026-02-13 11:21:25] SlimMonoLogger.INFO: Cron ran at: 13-02-2026 11:21:25 AM [] []
[2026-02-13 11:26:42] SlimMonoLogger.INFO: Cron ran at: 13-02-2026 11:26:42 AM [] []
[2026-02-13 11:31:47] SlimMonoLogger.INFO: Cron ran at: 13-02-2026 11:31:47 AM [] []
[2026-02-13 11:36:37] SlimMonoLogger.INFO: Cron ran at: 13-02-2026 11:36:37 AM [] []
[2026-02-13 11:41:35] SlimMonoLogger.INFO: Cron ran at: 13-02-2026 11:41:35 AM [] []
[2026-02-13 11:46:36] SlimMonoLogger.INFO: Cron ran at: 13-02-2026 11:46:36 AM [] []
[2026-02-13 11:51:29] SlimMonoLogger.INFO: Cron ran at: 13-02-2026 11:51:29 AM [] []
[2026-02-13 11:56:27] SlimMonoLogger.INFO: Cron ran at: 13-02-2026 11:56:27 AM [] []
[2026-02-13 12:01:49] SlimMonoLogger.INFO: Cron ran at: 13-02-2026 12:01:49 PM [] []
[2026-02-13 12:06:44] SlimMonoLogger.INFO: Cron ran at: 13-02-2026 12:06:44 PM [] []
[2026-02-13 12:11:28] SlimMonoLogger.INFO: Cron ran at: 13-02-2026 12:11:28 PM [] []
[2026-02-13 12:16:26] SlimMonoLogger.INFO: Cron ran at: 13-02-2026 12:16:26 PM [] []
[2026-02-13 12:21:31] SlimMonoLogger.INFO: Cron ran at: 13-02-2026 12:21:31 PM [] []
[2026-02-13 12:26:30] SlimMonoLogger.INFO: Cron ran at: 13-02-2026 12:26:30 PM [] []
[2026-02-13 12:32:20] SlimMonoLogger.INFO: Cron ran at: 13-02-2026 12:32:20 PM [] []
[2026-02-13 12:36:23] SlimMonoLogger.INFO: Cron ran at: 13-02-2026 12:36:23 PM [] []
[2026-02-13 12:41:34] SlimMonoLogger.INFO: Cron ran at: 13-02-2026 12:41:34 PM [] []
[2026-02-13 12:46:35] SlimMonoLogger.INFO: Cron ran at: 13-02-2026 12:46:35 PM [] []
[2026-02-13 12:51:31] SlimMonoLogger.INFO: Cron ran at: 13-02-2026 12:51:31 PM [] []
[2026-02-13 12:56:39] SlimMonoLogger.INFO: Cron ran at: 13-02-2026 12:56:39 PM [] []
[2026-02-13 13:01:53] SlimMonoLogger.INFO: Cron ran at: 13-02-2026 01:01:53 PM [] []
[2026-02-13 13:06:38] SlimMonoLogger.INFO: Cron ran at: 13-02-2026 01:06:38 PM [] []
[2026-02-13 13:11:35] SlimMonoLogger.INFO: Cron ran at: 13-02-2026 01:11:35 PM [] []
[2026-02-13 13:16:33] SlimMonoLogger.INFO: Cron ran at: 13-02-2026 01:16:33 PM [] []
[2026-02-13 13:21:44] SlimMonoLogger.INFO: Cron ran at: 13-02-2026 01:21:44 PM [] []
[2026-02-13 13:26:38] SlimMonoLogger.INFO: Cron ran at: 13-02-2026 01:26:38 PM [] []
[2026-02-13 13:31:36] SlimMonoLogger.INFO: Cron ran at: 13-02-2026 01:31:36 PM [] []
[2026-02-13 13:36:30] SlimMonoLogger.INFO: Cron ran at: 13-02-2026 01:36:30 PM [] []
[2026-02-13 13:41:36] SlimMonoLogger.INFO: Cron ran at: 13-02-2026 01:41:36 PM [] []
[2026-02-13 13:46:37] SlimMonoLogger.INFO: Cron ran at: 13-02-2026 01:46:37 PM [] []
[2026-02-13 13:51:30] SlimMonoLogger.INFO: Cron ran at: 13-02-2026 01:51:30 PM [] []
[2026-02-13 13:56:28] SlimMonoLogger.INFO: Cron ran at: 13-02-2026 01:56:28 PM [] []
[2026-02-13 14:01:35] SlimMonoLogger.INFO: Cron ran at: 13-02-2026 02:01:35 PM [] []
[2026-02-13 14:06:31] SlimMonoLogger.INFO: Cron ran at: 13-02-2026 02:06:31 PM [] []
[2026-02-13 14:11:37] SlimMonoLogger.INFO: Cron ran at: 13-02-2026 02:11:37 PM [] []
[2026-02-13 14:16:22] SlimMonoLogger.INFO: Cron ran at: 13-02-2026 02:16:22 PM [] []
[2026-02-13 14:21:42] SlimMonoLogger.INFO: Cron ran at: 13-02-2026 02:21:42 PM [] []
[2026-02-13 14:26:40] SlimMonoLogger.INFO: Cron ran at: 13-02-2026 02:26:40 PM [] []
[2026-02-13 14:31:40] SlimMonoLogger.INFO: Cron ran at: 13-02-2026 02:31:40 PM [] []
[2026-02-13 14:36:27] SlimMonoLogger.INFO: Cron ran at: 13-02-2026 02:36:27 PM [] []
[2026-02-13 14:41:58] SlimMonoLogger.INFO: Cron ran at: 13-02-2026 02:41:58 PM [] []
[2026-02-13 14:46:31] SlimMonoLogger.INFO: Cron ran at: 13-02-2026 02:46:31 PM [] []
[2026-02-13 14:51:49] SlimMonoLogger.INFO: Cron ran at: 13-02-2026 02:51:49 PM [] []
[2026-02-13 14:56:34] SlimMonoLogger.INFO: Cron ran at: 13-02-2026 02:56:34 PM [] []
[2026-02-13 15:01:52] SlimMonoLogger.INFO: Cron ran at: 13-02-2026 03:01:52 PM [] []
[2026-02-13 15:06:46] SlimMonoLogger.INFO: Cron ran at: 13-02-2026 03:06:46 PM [] []
[2026-02-13 15:11:27] SlimMonoLogger.INFO: Cron ran at: 13-02-2026 03:11:27 PM [] []
[2026-02-13 15:17:02] SlimMonoLogger.INFO: Cron ran at: 13-02-2026 03:17:02 PM [] []
[2026-02-13 15:21:35] SlimMonoLogger.INFO: Cron ran at: 13-02-2026 03:21:35 PM [] []
[2026-02-13 15:26:21] SlimMonoLogger.INFO: Cron ran at: 13-02-2026 03:26:21 PM [] []
[2026-02-13 15:31:17] SlimMonoLogger.INFO: Cron ran at: 13-02-2026 03:31:17 PM [] []
[2026-02-13 15:36:31] SlimMonoLogger.INFO: Cron ran at: 13-02-2026 03:36:31 PM [] []
[2026-02-13 15:41:28] SlimMonoLogger.INFO: Cron ran at: 13-02-2026 03:41:28 PM [] []
[2026-02-13 15:46:16] SlimMonoLogger.INFO: Cron ran at: 13-02-2026 03:46:16 PM [] []
[2026-02-13 15:51:19] SlimMonoLogger.INFO: Cron ran at: 13-02-2026 03:51:19 PM [] []
[2026-02-13 15:56:35] SlimMonoLogger.INFO: Cron ran at: 13-02-2026 03:56:35 PM [] []
[2026-02-13 16:01:28] SlimMonoLogger.INFO: Cron ran at: 13-02-2026 04:01:28 PM [] []
[2026-02-13 16:06:23] SlimMonoLogger.INFO: Cron ran at: 13-02-2026 04:06:23 PM [] []
[2026-02-13 16:11:22] SlimMonoLogger.INFO: Cron ran at: 13-02-2026 04:11:22 PM [] []
[2026-02-13 16:16:33] SlimMonoLogger.INFO: Cron ran at: 13-02-2026 04:16:33 PM [] []
[2026-02-13 16:21:26] SlimMonoLogger.INFO: Cron ran at: 13-02-2026 04:21:26 PM [] []
[2026-02-13 16:26:33] SlimMonoLogger.INFO: Cron ran at: 13-02-2026 04:26:33 PM [] []
[2026-02-13 16:31:43] SlimMonoLogger.INFO: Cron ran at: 13-02-2026 04:31:43 PM [] []
[2026-02-13 16:36:37] SlimMonoLogger.INFO: Cron ran at: 13-02-2026 04:36:37 PM [] []
[2026-02-13 16:41:27] SlimMonoLogger.INFO: Cron ran at: 13-02-2026 04:41:27 PM [] []
[2026-02-13 16:46:35] SlimMonoLogger.INFO: Cron ran at: 13-02-2026 04:46:35 PM [] []
[2026-02-13 16:51:17] SlimMonoLogger.INFO: Cron ran at: 13-02-2026 04:51:17 PM [] []
[2026-02-13 16:56:26] SlimMonoLogger.INFO: Cron ran at: 13-02-2026 04:56:26 PM [] []
[2026-02-13 17:01:52] SlimMonoLogger.INFO: Cron ran at: 13-02-2026 05:01:52 PM [] []
[2026-02-13 17:06:29] SlimMonoLogger.INFO: Cron ran at: 13-02-2026 05:06:29 PM [] []
[2026-02-13 17:11:30] SlimMonoLogger.INFO: Cron ran at: 13-02-2026 05:11:30 PM [] []
[2026-02-13 17:16:31] SlimMonoLogger.INFO: Cron ran at: 13-02-2026 05:16:31 PM [] []
[2026-02-13 17:21:23] SlimMonoLogger.INFO: Cron ran at: 13-02-2026 05:21:23 PM [] []
[2026-02-13 17:26:34] SlimMonoLogger.INFO: Cron ran at: 13-02-2026 05:26:34 PM [] []
[2026-02-13 17:31:35] SlimMonoLogger.INFO: Cron ran at: 13-02-2026 05:31:35 PM [] []
[2026-02-13 17:36:33] SlimMonoLogger.INFO: Cron ran at: 13-02-2026 05:36:33 PM [] []
[2026-02-13 17:41:36] SlimMonoLogger.INFO: Cron ran at: 13-02-2026 05:41:36 PM [] []
[2026-02-13 17:46:28] SlimMonoLogger.INFO: Cron ran at: 13-02-2026 05:46:28 PM [] []
[2026-02-13 17:51:22] SlimMonoLogger.INFO: Cron ran at: 13-02-2026 05:51:22 PM [] []
[2026-02-13 17:56:30] SlimMonoLogger.INFO: Cron ran at: 13-02-2026 05:56:30 PM [] []
[2026-02-13 18:01:43] SlimMonoLogger.INFO: Cron ran at: 13-02-2026 06:01:43 PM [] []
[2026-02-13 18:06:52] SlimMonoLogger.INFO: Cron ran at: 13-02-2026 06:06:52 PM [] []
[2026-02-13 18:11:52] SlimMonoLogger.INFO: Cron ran at: 13-02-2026 06:11:52 PM [] []
[2026-02-13 18:16:34] SlimMonoLogger.INFO: Cron ran at: 13-02-2026 06:16:34 PM [] []
[2026-02-13 18:21:32] SlimMonoLogger.INFO: Cron ran at: 13-02-2026 06:21:32 PM [] []
[2026-02-13 18:26:34] SlimMonoLogger.INFO: Cron ran at: 13-02-2026 06:26:34 PM [] []
[2026-02-13 18:31:40] SlimMonoLogger.INFO: Cron ran at: 13-02-2026 06:31:40 PM [] []
[2026-02-13 18:36:32] SlimMonoLogger.INFO: Cron ran at: 13-02-2026 06:36:32 PM [] []
[2026-02-13 18:41:32] SlimMonoLogger.INFO: Cron ran at: 13-02-2026 06:41:32 PM [] []
[2026-02-13 18:46:34] SlimMonoLogger.INFO: Cron ran at: 13-02-2026 06:46:34 PM [] []
[2026-02-13 18:51:24] SlimMonoLogger.INFO: Cron ran at: 13-02-2026 06:51:24 PM [] []
[2026-02-13 18:56:22] SlimMonoLogger.INFO: Cron ran at: 13-02-2026 06:56:22 PM [] []
[2026-02-13 19:01:36] SlimMonoLogger.INFO: Cron ran at: 13-02-2026 07:01:36 PM [] []
[2026-02-13 19:06:30] SlimMonoLogger.INFO: Cron ran at: 13-02-2026 07:06:30 PM [] []
[2026-02-13 19:11:27] SlimMonoLogger.INFO: Cron ran at: 13-02-2026 07:11:27 PM [] []
[2026-02-13 19:16:32] SlimMonoLogger.INFO: Cron ran at: 13-02-2026 07:16:32 PM [] []
[2026-02-13 19:21:39] SlimMonoLogger.INFO: Cron ran at: 13-02-2026 07:21:39 PM [] []
[2026-02-13 19:26:25] SlimMonoLogger.INFO: Cron ran at: 13-02-2026 07:26:25 PM [] []
[2026-02-13 19:31:39] SlimMonoLogger.INFO: Cron ran at: 13-02-2026 07:31:39 PM [] []
[2026-02-13 19:36:26] SlimMonoLogger.INFO: Cron ran at: 13-02-2026 07:36:26 PM [] []
[2026-02-13 19:41:23] SlimMonoLogger.INFO: Cron ran at: 13-02-2026 07:41:23 PM [] []
[2026-02-13 19:46:33] SlimMonoLogger.INFO: Cron ran at: 13-02-2026 07:46:33 PM [] []
[2026-02-13 19:51:28] SlimMonoLogger.INFO: Cron ran at: 13-02-2026 07:51:28 PM [] []
[2026-02-13 19:56:29] SlimMonoLogger.INFO: Cron ran at: 13-02-2026 07:56:29 PM [] []
[2026-02-13 20:01:27] SlimMonoLogger.INFO: Cron ran at: 13-02-2026 08:01:27 PM [] []
[2026-02-13 20:06:27] SlimMonoLogger.INFO: Cron ran at: 13-02-2026 08:06:27 PM [] []
[2026-02-13 20:11:36] SlimMonoLogger.INFO: Cron ran at: 13-02-2026 08:11:36 PM [] []
[2026-02-13 20:16:41] SlimMonoLogger.INFO: Cron ran at: 13-02-2026 08:16:41 PM [] []
[2026-02-13 20:21:44] SlimMonoLogger.INFO: Cron ran at: 13-02-2026 08:21:44 PM [] []
[2026-02-13 20:26:32] SlimMonoLogger.INFO: Cron ran at: 13-02-2026 08:26:32 PM [] []
[2026-02-13 20:32:16] SlimMonoLogger.INFO: Cron ran at: 13-02-2026 08:32:16 PM [] []
[2026-02-13 20:36:33] SlimMonoLogger.INFO: Cron ran at: 13-02-2026 08:36:33 PM [] []
[2026-02-13 20:41:56] SlimMonoLogger.INFO: Cron ran at: 13-02-2026 08:41:56 PM [] []
[2026-02-13 20:46:39] SlimMonoLogger.INFO: Cron ran at: 13-02-2026 08:46:39 PM [] []
[2026-02-13 20:51:37] SlimMonoLogger.INFO: Cron ran at: 13-02-2026 08:51:37 PM [] []
[2026-02-13 20:56:44] SlimMonoLogger.INFO: Cron ran at: 13-02-2026 08:56:44 PM [] []
[2026-02-13 21:01:49] SlimMonoLogger.INFO: Cron ran at: 13-02-2026 09:01:49 PM [] []
[2026-02-13 21:06:36] SlimMonoLogger.INFO: Cron ran at: 13-02-2026 09:06:36 PM [] []
[2026-02-13 21:11:49] SlimMonoLogger.INFO: Cron ran at: 13-02-2026 09:11:49 PM [] []
[2026-02-13 21:16:03] SlimMonoLogger.ERROR: Requests_Exception: cURL error 35: Recv failure: Connection reset by peer in /home/latihtal/public_html/agregator1/src/vendor/rmccue/requests/library/Requests/Transport/cURL.php:422
Stack trace:
#0 /home/latihtal/public_html/agregator1/src/vendor/rmccue/requests/library/Requests/Transport/cURL.php(177): Requests_Transport_cURL->process_response()
#1 /home/latihtal/public_html/agregator1/src/vendor/rmccue/requests/library/Requests.php(379): Requests_Transport_cURL->request()
#2 /home/latihtal/public_html/agregator1/src/vendor/rmccue/requests/library/Requests/Session.php(205): Requests::request()
#3 /home/latihtal/public_html/agregator1/src/vendor/rmccue/requests/library/Requests/Session.php(132): Requests_Session->request()
#4 /home/latihtal/public_html/agregator1/src/drivers/Http/RssImporter.php(144): Requests_Session->get()
#5 /home/latihtal/public_html/agregator1/src/controllers/Dashboard/DashboardFeedsController.php(534): spark\drivers\Http\RssImporter->fetchPosts()
#6 /home/latihtal/public_html/agregator1/src/controllers/Site/SiteController.php(722): spark\controllers\Dashboard\DashboardFeedsController::importFeedPosts()
#7 [internal function]: spark\controllers\Site\SiteController->runTasks()
#8 /home/latihtal/public_html/agregator1/src/framework/Route.php(173): call_user_func_array()
#9 [internal function]: Slim\Route->Slim\{closure}()
#10 /home/latihtal/public_html/agregator1/src/framework/Route.php(468): call_user_func_array()
#11 /home/latihtal/public_html/agregator1/src/framework/Slim.php(1364): Slim\Route->dispatch()
#12 /home/latihtal/public_html/agregator1/src/framework/Middleware/Flash.php(85): Slim\Slim->call()
#13 /home/latihtal/public_html/agregator1/src/framework/Middleware/MethodOverride.php(92): Slim\Middleware\Flash->call()
#14 /home/latihtal/public_html/agregator1/src/middlewares/CsrfGuard/CsrfGuard.php(47): Slim\Middleware\MethodOverride->call()
#15 /home/latihtal/public_html/agregator1/src/framework/Middleware/PrettyExceptions.php(67): spark\middlewares\CsrfGuard\CsrfGuard->call()
#16 /home/latihtal/public_html/agregator1/src/framework/Slim.php(1308): Slim\Middleware\PrettyExceptions->call()
#17 /home/latihtal/public_html/agregator1/index.php(6): Slim\Slim->run()
#18 {main} [] []
[2026-02-13 21:16:57] SlimMonoLogger.INFO: Cron ran at: 13-02-2026 09:16:57 PM [] []
[2026-02-13 21:21:43] SlimMonoLogger.INFO: Cron ran at: 13-02-2026 09:21:43 PM [] []
[2026-02-13 21:26:29] SlimMonoLogger.INFO: Cron ran at: 13-02-2026 09:26:29 PM [] []
[2026-02-13 21:31:42] SlimMonoLogger.INFO: Cron ran at: 13-02-2026 09:31:42 PM [] []
[2026-02-13 21:36:24] SlimMonoLogger.INFO: Cron ran at: 13-02-2026 09:36:24 PM [] []
[2026-02-13 21:41:35] SlimMonoLogger.INFO: Cron ran at: 13-02-2026 09:41:35 PM [] []
[2026-02-13 21:46:25] SlimMonoLogger.INFO: Cron ran at: 13-02-2026 09:46:25 PM [] []
[2026-02-13 21:51:31] SlimMonoLogger.INFO: Cron ran at: 13-02-2026 09:51:31 PM [] []
[2026-02-13 21:56:25] SlimMonoLogger.INFO: Cron ran at: 13-02-2026 09:56:25 PM [] []
[2026-02-13 22:01:31] SlimMonoLogger.INFO: Cron ran at: 13-02-2026 10:01:31 PM [] []
[2026-02-13 22:06:33] SlimMonoLogger.INFO: Cron ran at: 13-02-2026 10:06:33 PM [] []
[2026-02-13 22:11:30] SlimMonoLogger.INFO: Cron ran at: 13-02-2026 10:11:30 PM [] []
[2026-02-13 22:16:25] SlimMonoLogger.INFO: Cron ran at: 13-02-2026 10:16:25 PM [] []
[2026-02-13 22:21:29] SlimMonoLogger.INFO: Cron ran at: 13-02-2026 10:21:29 PM [] []
[2026-02-13 22:26:31] SlimMonoLogger.INFO: Cron ran at: 13-02-2026 10:26:31 PM [] []
[2026-02-13 22:31:36] SlimMonoLogger.INFO: Cron ran at: 13-02-2026 10:31:36 PM [] []
[2026-02-13 22:36:31] SlimMonoLogger.INFO: Cron ran at: 13-02-2026 10:36:31 PM [] []
[2026-02-13 22:41:21] SlimMonoLogger.INFO: Cron ran at: 13-02-2026 10:41:21 PM [] []
[2026-02-13 22:46:35] SlimMonoLogger.INFO: Cron ran at: 13-02-2026 10:46:35 PM [] []
[2026-02-13 22:51:28] SlimMonoLogger.INFO: Cron ran at: 13-02-2026 10:51:28 PM [] []
[2026-02-13 22:56:25] SlimMonoLogger.INFO: Cron ran at: 13-02-2026 10:56:25 PM [] []
[2026-02-13 23:01:41] SlimMonoLogger.INFO: Cron ran at: 13-02-2026 11:01:41 PM [] []
[2026-02-13 23:06:26] SlimMonoLogger.INFO: Cron ran at: 13-02-2026 11:06:26 PM [] []
[2026-02-13 23:11:31] SlimMonoLogger.INFO: Cron ran at: 13-02-2026 11:11:31 PM [] []
[2026-02-13 23:16:38] SlimMonoLogger.INFO: Cron ran at: 13-02-2026 11:16:38 PM [] []
[2026-02-13 23:21:29] SlimMonoLogger.INFO: Cron ran at: 13-02-2026 11:21:29 PM [] []
[2026-02-13 23:26:26] SlimMonoLogger.INFO: Cron ran at: 13-02-2026 11:26:26 PM [] []
[2026-02-13 23:31:23] SlimMonoLogger.INFO: Cron ran at: 13-02-2026 11:31:23 PM [] []
[2026-02-13 23:36:19] SlimMonoLogger.INFO: Cron ran at: 13-02-2026 11:36:19 PM [] []
[2026-02-13 23:41:20] SlimMonoLogger.INFO: Cron ran at: 13-02-2026 11:41:20 PM [] []
[2026-02-13 23:46:19] SlimMonoLogger.INFO: Cron ran at: 13-02-2026 11:46:19 PM [] []
[2026-02-13 23:51:26] SlimMonoLogger.INFO: Cron ran at: 13-02-2026 11:51:26 PM [] []
[2026-02-13 23:56:27] SlimMonoLogger.INFO: Cron ran at: 13-02-2026 11:56:27 PM [] []
[2026-02-14 00:01:36] SlimMonoLogger.INFO: Cron ran at: 14-02-2026 12:01:36 AM [] []
[2026-02-14 00:06:27] SlimMonoLogger.INFO: Cron ran at: 14-02-2026 12:06:27 AM [] []
[2026-02-14 00:11:19] SlimMonoLogger.INFO: Cron ran at: 14-02-2026 12:11:19 AM [] []
[2026-02-14 00:16:28] SlimMonoLogger.INFO: Cron ran at: 14-02-2026 12:16:28 AM [] []
[2026-02-14 00:21:35] SlimMonoLogger.INFO: Cron ran at: 14-02-2026 12:21:35 AM [] []
[2026-02-14 00:26:24] SlimMonoLogger.INFO: Cron ran at: 14-02-2026 12:26:24 AM [] []
[2026-02-14 00:31:26] SlimMonoLogger.INFO: Cron ran at: 14-02-2026 12:31:26 AM [] []
[2026-02-14 00:36:25] SlimMonoLogger.INFO: Cron ran at: 14-02-2026 12:36:25 AM [] []
[2026-02-14 00:41:28] SlimMonoLogger.INFO: Cron ran at: 14-02-2026 12:41:28 AM [] []
[2026-02-14 00:46:28] SlimMonoLogger.INFO: Cron ran at: 14-02-2026 12:46:28 AM [] []
[2026-02-14 00:51:18] SlimMonoLogger.INFO: Cron ran at: 14-02-2026 12:51:18 AM [] []
[2026-02-14 00:56:20] SlimMonoLogger.INFO: Cron ran at: 14-02-2026 12:56:20 AM [] []
