[2025-12-13 01:01:25] SlimMonoLogger.INFO: Cron ran at: 13-12-2025 01:01:25 AM [] []
[2025-12-13 01:06:11] SlimMonoLogger.INFO: Cron ran at: 13-12-2025 01:06:11 AM [] []
[2025-12-13 01:11:12] SlimMonoLogger.INFO: Cron ran at: 13-12-2025 01:11:12 AM [] []
[2025-12-13 01:16:10] SlimMonoLogger.INFO: Cron ran at: 13-12-2025 01:16:10 AM [] []
[2025-12-13 01:21:11] SlimMonoLogger.INFO: Cron ran at: 13-12-2025 01:21:11 AM [] []
[2025-12-13 01:26:10] SlimMonoLogger.INFO: Cron ran at: 13-12-2025 01:26:10 AM [] []
[2025-12-13 01:31:12] SlimMonoLogger.INFO: Cron ran at: 13-12-2025 01:31:12 AM [] []
[2025-12-13 01:36:10] SlimMonoLogger.INFO: Cron ran at: 13-12-2025 01:36:10 AM [] []
[2025-12-13 01:41:10] SlimMonoLogger.INFO: Cron ran at: 13-12-2025 01:41:10 AM [] []
[2025-12-13 01:46:09] SlimMonoLogger.INFO: Cron ran at: 13-12-2025 01:46:09 AM [] []
[2025-12-13 01:51:17] SlimMonoLogger.INFO: Cron ran at: 13-12-2025 01:51:17 AM [] []
[2025-12-13 01:56:12] SlimMonoLogger.INFO: Cron ran at: 13-12-2025 01:56:12 AM [] []
[2025-12-13 02:01:33] SlimMonoLogger.INFO: Cron ran at: 13-12-2025 02:01:33 AM [] []
[2025-12-13 02:06:17] SlimMonoLogger.INFO: Cron ran at: 13-12-2025 02:06:17 AM [] []
[2025-12-13 02:11:21] SlimMonoLogger.INFO: Cron ran at: 13-12-2025 02:11:21 AM [] []
[2025-12-13 02:16:18] SlimMonoLogger.INFO: Cron ran at: 13-12-2025 02:16:18 AM [] []
[2025-12-13 02:21:25] SlimMonoLogger.INFO: Cron ran at: 13-12-2025 02:21:25 AM [] []
[2025-12-13 02:26:16] SlimMonoLogger.INFO: Cron ran at: 13-12-2025 02:26:16 AM [] []
[2025-12-13 02:31:24] SlimMonoLogger.INFO: Cron ran at: 13-12-2025 02:31:24 AM [] []
[2025-12-13 02:36:16] SlimMonoLogger.INFO: Cron ran at: 13-12-2025 02:36:16 AM [] []
[2025-12-13 02:41:18] SlimMonoLogger.INFO: Cron ran at: 13-12-2025 02:41:18 AM [] []
[2025-12-13 02:46:29] SlimMonoLogger.INFO: Cron ran at: 13-12-2025 02:46:29 AM [] []
[2025-12-13 02:51:16] SlimMonoLogger.INFO: Cron ran at: 13-12-2025 02:51:16 AM [] []
[2025-12-13 02:56:17] SlimMonoLogger.INFO: Cron ran at: 13-12-2025 02:56:17 AM [] []
[2025-12-13 03:01:33] SlimMonoLogger.INFO: Cron ran at: 13-12-2025 03:01:33 AM [] []
[2025-12-13 03:06:16] SlimMonoLogger.INFO: Cron ran at: 13-12-2025 03:06:16 AM [] []
[2025-12-13 03:11:15] SlimMonoLogger.INFO: Cron ran at: 13-12-2025 03:11:15 AM [] []
[2025-12-13 03:16:15] SlimMonoLogger.INFO: Cron ran at: 13-12-2025 03:16:15 AM [] []
[2025-12-13 03:21:16] SlimMonoLogger.INFO: Cron ran at: 13-12-2025 03:21:16 AM [] []
[2025-12-13 03:26:19] SlimMonoLogger.INFO: Cron ran at: 13-12-2025 03:26:19 AM [] []
[2025-12-13 03:31:16] SlimMonoLogger.INFO: Cron ran at: 13-12-2025 03:31:16 AM [] []
[2025-12-13 03:36:16] SlimMonoLogger.INFO: Cron ran at: 13-12-2025 03:36:16 AM [] []
[2025-12-13 03:41:16] SlimMonoLogger.INFO: Cron ran at: 13-12-2025 03:41:16 AM [] []
[2025-12-13 03:46:15] SlimMonoLogger.INFO: Cron ran at: 13-12-2025 03:46:15 AM [] []
[2025-12-13 03:51:11] SlimMonoLogger.INFO: Cron ran at: 13-12-2025 03:51:11 AM [] []
[2025-12-13 03:56:17] SlimMonoLogger.INFO: Cron ran at: 13-12-2025 03:56:17 AM [] []
[2025-12-13 04:01:18] SlimMonoLogger.INFO: Cron ran at: 13-12-2025 04:01:18 AM [] []
[2025-12-13 04:06:16] SlimMonoLogger.INFO: Cron ran at: 13-12-2025 04:06:16 AM [] []
[2025-12-13 04:11:18] SlimMonoLogger.INFO: Cron ran at: 13-12-2025 04:11:18 AM [] []
[2025-12-13 04:16:19] SlimMonoLogger.INFO: Cron ran at: 13-12-2025 04:16:19 AM [] []
[2025-12-13 04:21:16] SlimMonoLogger.INFO: Cron ran at: 13-12-2025 04:21:16 AM [] []
[2025-12-13 04:26:14] SlimMonoLogger.INFO: Cron ran at: 13-12-2025 04:26:14 AM [] []
[2025-12-13 04:31:21] SlimMonoLogger.INFO: Cron ran at: 13-12-2025 04:31:21 AM [] []
[2025-12-13 04:36:17] SlimMonoLogger.INFO: Cron ran at: 13-12-2025 04:36:17 AM [] []
[2025-12-13 04:41:13] SlimMonoLogger.INFO: Cron ran at: 13-12-2025 04:41:13 AM [] []
[2025-12-13 04:46:14] SlimMonoLogger.INFO: Cron ran at: 13-12-2025 04:46:14 AM [] []
[2025-12-13 04:51:19] SlimMonoLogger.INFO: Cron ran at: 13-12-2025 04:51:19 AM [] []
[2025-12-13 04:56:27] SlimMonoLogger.INFO: Cron ran at: 13-12-2025 04:56:27 AM [] []
[2025-12-13 05:01:17] SlimMonoLogger.INFO: Cron ran at: 13-12-2025 05:01:17 AM [] []
[2025-12-13 05:06:15] SlimMonoLogger.INFO: Cron ran at: 13-12-2025 05:06:15 AM [] []
[2025-12-13 05:11:15] SlimMonoLogger.INFO: Cron ran at: 13-12-2025 05:11:15 AM [] []
[2025-12-13 05:16:18] SlimMonoLogger.INFO: Cron ran at: 13-12-2025 05:16:18 AM [] []
[2025-12-13 05:21:13] SlimMonoLogger.INFO: Cron ran at: 13-12-2025 05:21:13 AM [] []
[2025-12-13 05:26:11] SlimMonoLogger.INFO: Cron ran at: 13-12-2025 05:26:11 AM [] []
[2025-12-13 05:31:26] SlimMonoLogger.INFO: Cron ran at: 13-12-2025 05:31:26 AM [] []
[2025-12-13 05:36:19] SlimMonoLogger.INFO: Cron ran at: 13-12-2025 05:36:19 AM [] []
[2025-12-13 05:41:32] SlimMonoLogger.INFO: Cron ran at: 13-12-2025 05:41:32 AM [] []
[2025-12-13 05:46:17] SlimMonoLogger.INFO: Cron ran at: 13-12-2025 05:46:17 AM [] []
[2025-12-13 05:51:18] SlimMonoLogger.INFO: Cron ran at: 13-12-2025 05:51:18 AM [] []
[2025-12-13 05:56:22] SlimMonoLogger.INFO: Cron ran at: 13-12-2025 05:56:22 AM [] []
[2025-12-13 06:01:22] SlimMonoLogger.INFO: Cron ran at: 13-12-2025 06:01:22 AM [] []
[2025-12-13 06:06:23] SlimMonoLogger.INFO: Cron ran at: 13-12-2025 06:06:23 AM [] []
[2025-12-13 06:11:20] SlimMonoLogger.INFO: Cron ran at: 13-12-2025 06:11:20 AM [] []
[2025-12-13 06:16:20] SlimMonoLogger.INFO: Cron ran at: 13-12-2025 06:16:20 AM [] []
[2025-12-13 06:21:17] SlimMonoLogger.INFO: Cron ran at: 13-12-2025 06:21:17 AM [] []
[2025-12-13 06:26:17] SlimMonoLogger.INFO: Cron ran at: 13-12-2025 06:26:17 AM [] []
[2025-12-13 06:31:29] SlimMonoLogger.INFO: Cron ran at: 13-12-2025 06:31:29 AM [] []
[2025-12-13 06:36:17] SlimMonoLogger.INFO: Cron ran at: 13-12-2025 06:36:17 AM [] []
[2025-12-13 06:41:15] SlimMonoLogger.INFO: Cron ran at: 13-12-2025 06:41:15 AM [] []
[2025-12-13 06:46:22] SlimMonoLogger.INFO: Cron ran at: 13-12-2025 06:46:22 AM [] []
[2025-12-13 06:51:18] SlimMonoLogger.INFO: Cron ran at: 13-12-2025 06:51:18 AM [] []
[2025-12-13 06:56:13] SlimMonoLogger.INFO: Cron ran at: 13-12-2025 06:56:13 AM [] []
[2025-12-13 07:01:18] SlimMonoLogger.INFO: Cron ran at: 13-12-2025 07:01:18 AM [] []
[2025-12-13 07:06:18] SlimMonoLogger.INFO: Cron ran at: 13-12-2025 07:06:18 AM [] []
[2025-12-13 07:11:15] SlimMonoLogger.INFO: Cron ran at: 13-12-2025 07:11:15 AM [] []
[2025-12-13 07:16:15] SlimMonoLogger.INFO: Cron ran at: 13-12-2025 07:16:15 AM [] []
[2025-12-13 07:21:16] SlimMonoLogger.INFO: Cron ran at: 13-12-2025 07:21:16 AM [] []
[2025-12-13 07:26:21] SlimMonoLogger.INFO: Cron ran at: 13-12-2025 07:26:21 AM [] []
[2025-12-13 07:31:23] SlimMonoLogger.INFO: Cron ran at: 13-12-2025 07:31:23 AM [] []
[2025-12-13 07:36:25] SlimMonoLogger.INFO: Cron ran at: 13-12-2025 07:36:25 AM [] []
[2025-12-13 07:41:20] SlimMonoLogger.INFO: Cron ran at: 13-12-2025 07:41:20 AM [] []
[2025-12-13 07:46:16] SlimMonoLogger.INFO: Cron ran at: 13-12-2025 07:46:16 AM [] []
[2025-12-13 07:51:18] SlimMonoLogger.INFO: Cron ran at: 13-12-2025 07:51:18 AM [] []
[2025-12-13 07:56:17] SlimMonoLogger.INFO: Cron ran at: 13-12-2025 07:56:17 AM [] []
[2025-12-13 08:01:25] SlimMonoLogger.INFO: Cron ran at: 13-12-2025 08:01:25 AM [] []
[2025-12-13 08:06:24] SlimMonoLogger.INFO: Cron ran at: 13-12-2025 08:06:24 AM [] []
[2025-12-13 08:11:16] SlimMonoLogger.INFO: Cron ran at: 13-12-2025 08:11:16 AM [] []
[2025-12-13 08:16:18] SlimMonoLogger.INFO: Cron ran at: 13-12-2025 08:16:18 AM [] []
[2025-12-13 08:21:25] SlimMonoLogger.INFO: Cron ran at: 13-12-2025 08:21:25 AM [] []
[2025-12-13 08:26:25] SlimMonoLogger.INFO: Cron ran at: 13-12-2025 08:26:25 AM [] []
[2025-12-13 08:31:26] SlimMonoLogger.INFO: Cron ran at: 13-12-2025 08:31:26 AM [] []
[2025-12-13 08:36:20] SlimMonoLogger.INFO: Cron ran at: 13-12-2025 08:36:20 AM [] []
[2025-12-13 08:46:28] SlimMonoLogger.INFO: Cron ran at: 13-12-2025 08:46:28 AM [] []
[2025-12-13 08:51:23] SlimMonoLogger.INFO: Cron ran at: 13-12-2025 08:51:23 AM [] []
[2025-12-13 08:56:27] SlimMonoLogger.INFO: Cron ran at: 13-12-2025 08:56:27 AM [] []
[2025-12-13 09:06:33] SlimMonoLogger.INFO: Cron ran at: 13-12-2025 09:06:33 AM [] []
[2025-12-13 09:11:44] SlimMonoLogger.INFO: Cron ran at: 13-12-2025 09:11:44 AM [] []
[2025-12-13 09:16:33] SlimMonoLogger.INFO: Cron ran at: 13-12-2025 09:16:33 AM [] []
[2025-12-13 09:21:37] SlimMonoLogger.INFO: Cron ran at: 13-12-2025 09:21:37 AM [] []
[2025-12-13 09:26:33] SlimMonoLogger.INFO: Cron ran at: 13-12-2025 09:26:33 AM [] []
[2025-12-13 09:31:31] SlimMonoLogger.INFO: Cron ran at: 13-12-2025 09:31:31 AM [] []
[2025-12-13 09:36:29] SlimMonoLogger.INFO: Cron ran at: 13-12-2025 09:36:29 AM [] []
[2025-12-13 09:41:23] SlimMonoLogger.INFO: Cron ran at: 13-12-2025 09:41:23 AM [] []
[2025-12-13 09:46:23] SlimMonoLogger.INFO: Cron ran at: 13-12-2025 09:46:23 AM [] []
[2025-12-13 09:51:26] SlimMonoLogger.INFO: Cron ran at: 13-12-2025 09:51:26 AM [] []
[2025-12-13 10:06:37] SlimMonoLogger.INFO: Cron ran at: 13-12-2025 10:06:37 AM [] []
[2025-12-13 10:11:21] SlimMonoLogger.INFO: Cron ran at: 13-12-2025 10:11:21 AM [] []
[2025-12-13 10:16:25] SlimMonoLogger.INFO: Cron ran at: 13-12-2025 10:16:25 AM [] []
[2025-12-13 10:21:37] SlimMonoLogger.INFO: Cron ran at: 13-12-2025 10:21:37 AM [] []
[2025-12-13 10:26:28] SlimMonoLogger.INFO: Cron ran at: 13-12-2025 10:26:28 AM [] []
[2025-12-13 10:31:26] SlimMonoLogger.INFO: Cron ran at: 13-12-2025 10:31:26 AM [] []
[2025-12-13 10:36:29] SlimMonoLogger.INFO: Cron ran at: 13-12-2025 10:36:29 AM [] []
[2025-12-13 10:41:26] SlimMonoLogger.INFO: Cron ran at: 13-12-2025 10:41:26 AM [] []
[2025-12-13 10:46:24] SlimMonoLogger.INFO: Cron ran at: 13-12-2025 10:46:24 AM [] []
[2025-12-13 10:51:24] SlimMonoLogger.INFO: Cron ran at: 13-12-2025 10:51:24 AM [] []
[2025-12-13 10:56:31] SlimMonoLogger.INFO: Cron ran at: 13-12-2025 10:56:31 AM [] []
[2025-12-13 11:01:34] SlimMonoLogger.INFO: Cron ran at: 13-12-2025 11:01:34 AM [] []
[2025-12-13 11:06:28] SlimMonoLogger.INFO: Cron ran at: 13-12-2025 11:06:28 AM [] []
[2025-12-13 11:11:23] SlimMonoLogger.INFO: Cron ran at: 13-12-2025 11:11:23 AM [] []
[2025-12-13 11:16:23] SlimMonoLogger.INFO: Cron ran at: 13-12-2025 11:16:23 AM [] []
[2025-12-13 11:21:42] SlimMonoLogger.INFO: Cron ran at: 13-12-2025 11:21:42 AM [] []
[2025-12-13 11:26:35] SlimMonoLogger.INFO: Cron ran at: 13-12-2025 11:26:35 AM [] []
[2025-12-13 11:31:27] SlimMonoLogger.INFO: Cron ran at: 13-12-2025 11:31:27 AM [] []
[2025-12-13 11:36:22] SlimMonoLogger.INFO: Cron ran at: 13-12-2025 11:36:22 AM [] []
[2025-12-13 11:41:24] SlimMonoLogger.INFO: Cron ran at: 13-12-2025 11:41:24 AM [] []
[2025-12-13 11:46:30] SlimMonoLogger.INFO: Cron ran at: 13-12-2025 11:46:30 AM [] []
[2025-12-13 11:51:26] SlimMonoLogger.INFO: Cron ran at: 13-12-2025 11:51:26 AM [] []
[2025-12-13 11:56:23] SlimMonoLogger.INFO: Cron ran at: 13-12-2025 11:56:23 AM [] []
[2025-12-13 12:01:21] SlimMonoLogger.INFO: Cron ran at: 13-12-2025 12:01:21 PM [] []
[2025-12-13 12:06:26] SlimMonoLogger.INFO: Cron ran at: 13-12-2025 12:06:26 PM [] []
[2025-12-13 12:11:25] SlimMonoLogger.INFO: Cron ran at: 13-12-2025 12:11:25 PM [] []
[2025-12-13 12:16:29] SlimMonoLogger.INFO: Cron ran at: 13-12-2025 12:16:29 PM [] []
[2025-12-13 12:21:28] SlimMonoLogger.INFO: Cron ran at: 13-12-2025 12:21:28 PM [] []
[2025-12-13 12:26:24] SlimMonoLogger.INFO: Cron ran at: 13-12-2025 12:26:24 PM [] []
[2025-12-13 12:31:28] SlimMonoLogger.INFO: Cron ran at: 13-12-2025 12:31:28 PM [] []
[2025-12-13 12:36:28] SlimMonoLogger.INFO: Cron ran at: 13-12-2025 12:36:28 PM [] []
[2025-12-13 12:41:30] SlimMonoLogger.INFO: Cron ran at: 13-12-2025 12:41:30 PM [] []
[2025-12-13 12:46:26] SlimMonoLogger.INFO: Cron ran at: 13-12-2025 12:46:26 PM [] []
[2025-12-13 12:51:31] SlimMonoLogger.INFO: Cron ran at: 13-12-2025 12:51:31 PM [] []
[2025-12-13 12:56:27] SlimMonoLogger.INFO: Cron ran at: 13-12-2025 12:56:27 PM [] []
[2025-12-13 13:01:36] SlimMonoLogger.INFO: Cron ran at: 13-12-2025 01:01:36 PM [] []
[2025-12-13 13:06:18] SlimMonoLogger.INFO: Cron ran at: 13-12-2025 01:06:18 PM [] []
[2025-12-13 13:11:28] SlimMonoLogger.INFO: Cron ran at: 13-12-2025 01:11:28 PM [] []
[2025-12-13 13:16:26] SlimMonoLogger.INFO: Cron ran at: 13-12-2025 01:16:26 PM [] []
[2025-12-13 13:21:23] SlimMonoLogger.INFO: Cron ran at: 13-12-2025 01:21:23 PM [] []
[2025-12-13 13:26:23] SlimMonoLogger.INFO: Cron ran at: 13-12-2025 01:26:23 PM [] []
[2025-12-13 13:31:23] SlimMonoLogger.INFO: Cron ran at: 13-12-2025 01:31:23 PM [] []
[2025-12-13 13:36:18] SlimMonoLogger.INFO: Cron ran at: 13-12-2025 01:36:18 PM [] []
[2025-12-13 13:41:28] SlimMonoLogger.INFO: Cron ran at: 13-12-2025 01:41:28 PM [] []
[2025-12-13 13:46:19] SlimMonoLogger.INFO: Cron ran at: 13-12-2025 01:46:19 PM [] []
[2025-12-13 13:51:29] SlimMonoLogger.INFO: Cron ran at: 13-12-2025 01:51:29 PM [] []
[2025-12-13 13:56:27] SlimMonoLogger.INFO: Cron ran at: 13-12-2025 01:56:27 PM [] []
[2025-12-13 14:01:26] SlimMonoLogger.INFO: Cron ran at: 13-12-2025 02:01:26 PM [] []
[2025-12-13 14:06:21] SlimMonoLogger.INFO: Cron ran at: 13-12-2025 02:06:21 PM [] []
[2025-12-13 14:11:28] SlimMonoLogger.INFO: Cron ran at: 13-12-2025 02:11:28 PM [] []
[2025-12-13 14:16:33] SlimMonoLogger.INFO: Cron ran at: 13-12-2025 02:16:33 PM [] []
[2025-12-13 14:21:19] SlimMonoLogger.INFO: Cron ran at: 13-12-2025 02:21:19 PM [] []
[2025-12-13 14:26:28] SlimMonoLogger.INFO: Cron ran at: 13-12-2025 02:26:28 PM [] []
[2025-12-13 14:31:29] SlimMonoLogger.INFO: Cron ran at: 13-12-2025 02:31:29 PM [] []
[2025-12-13 14:36:25] SlimMonoLogger.INFO: Cron ran at: 13-12-2025 02:36:25 PM [] []
[2025-12-13 14:41:26] SlimMonoLogger.INFO: Cron ran at: 13-12-2025 02:41:26 PM [] []
[2025-12-13 14:46:20] SlimMonoLogger.INFO: Cron ran at: 13-12-2025 02:46:20 PM [] []
[2025-12-13 14:51:24] SlimMonoLogger.INFO: Cron ran at: 13-12-2025 02:51:24 PM [] []
[2025-12-13 14:57:00] SlimMonoLogger.INFO: Cron ran at: 13-12-2025 02:57:00 PM [] []
[2025-12-13 15:01:21] SlimMonoLogger.INFO: Cron ran at: 13-12-2025 03:01:21 PM [] []
[2025-12-13 15:06:31] SlimMonoLogger.INFO: Cron ran at: 13-12-2025 03:06:31 PM [] []
[2025-12-13 15:11:28] SlimMonoLogger.INFO: Cron ran at: 13-12-2025 03:11:28 PM [] []
[2025-12-13 15:16:29] SlimMonoLogger.INFO: Cron ran at: 13-12-2025 03:16:29 PM [] []
[2025-12-13 15:21:37] SlimMonoLogger.INFO: Cron ran at: 13-12-2025 03:21:37 PM [] []
[2025-12-13 14:22:11] SlimMonoLogger.CRITICAL: PDOException: SQLSTATE[08004] [1040] Too many connections in /home/latihtal/public_html/agregator1/src/framework/PDO/Database.php:34
Stack trace:
#0 /home/latihtal/public_html/agregator1/src/framework/PDO/Database.php(34): PDO->__construct()
#1 /home/latihtal/public_html/agregator1/src/dependencies.php(73): Slim\PDO\Database->__construct()
#2 /home/latihtal/public_html/agregator1/src/framework/Helper/Set.php(231): {closure}()
#3 /home/latihtal/public_html/agregator1/src/framework/Helper/Set.php(88): Slim\Helper\Set->Slim\Helper\{closure}()
#4 /home/latihtal/public_html/agregator1/src/framework/Slim.php(232): Slim\Helper\Set->get()
#5 /home/latihtal/public_html/agregator1/src/models/Model.php(176): Slim\Slim->__get()
#6 /home/latihtal/public_html/agregator1/src/models/OptionModel.php(180): spark\models\Model->select()
#7 /home/latihtal/public_html/agregator1/src/models/OptionModel.php(40): spark\models\OptionModel->autoloadOptions()
#8 /home/latihtal/public_html/agregator1/src/dependencies.php(99): spark\models\OptionModel->__construct()
#9 /home/latihtal/public_html/agregator1/src/framework/Helper/Set.php(231): {closure}()
#10 /home/latihtal/public_html/agregator1/src/framework/Helper/Set.php(88): Slim\Helper\Set->Slim\Helper\{closure}()
#11 /home/latihtal/public_html/agregator1/src/framework/Slim.php(232): Slim\Helper\Set->get()
#12 /home/latihtal/public_html/agregator1/src/drivers/Views/ThemeManager.php(34): Slim\Slim->__get()
#13 /home/latihtal/public_html/agregator1/src/dependencies.php(142): spark\drivers\Views\ThemeManager->initEngine()
#14 /home/latihtal/public_html/agregator1/src/bootstrap.php(68): require('/home/latihtal/...')
#15 /home/latihtal/public_html/agregator1/index.php(4): require('/home/latihtal/...')
#16 {main} [] []
[2025-12-13 14:22:21] SlimMonoLogger.CRITICAL: PDOException: SQLSTATE[HY000] [1040] Too many connections in /home/latihtal/public_html/agregator1/src/framework/PDO/Database.php:34
Stack trace:
#0 /home/latihtal/public_html/agregator1/src/framework/PDO/Database.php(34): PDO->__construct()
#1 /home/latihtal/public_html/agregator1/src/dependencies.php(73): Slim\PDO\Database->__construct()
#2 /home/latihtal/public_html/agregator1/src/framework/Helper/Set.php(231): {closure}()
#3 /home/latihtal/public_html/agregator1/src/framework/Helper/Set.php(88): Slim\Helper\Set->Slim\Helper\{closure}()
#4 /home/latihtal/public_html/agregator1/src/framework/Slim.php(232): Slim\Helper\Set->get()
#5 /home/latihtal/public_html/agregator1/src/models/Model.php(176): Slim\Slim->__get()
#6 /home/latihtal/public_html/agregator1/src/models/OptionModel.php(180): spark\models\Model->select()
#7 /home/latihtal/public_html/agregator1/src/models/OptionModel.php(40): spark\models\OptionModel->autoloadOptions()
#8 /home/latihtal/public_html/agregator1/src/dependencies.php(99): spark\models\OptionModel->__construct()
#9 /home/latihtal/public_html/agregator1/src/framework/Helper/Set.php(231): {closure}()
#10 /home/latihtal/public_html/agregator1/src/framework/Helper/Set.php(88): Slim\Helper\Set->Slim\Helper\{closure}()
#11 /home/latihtal/public_html/agregator1/src/framework/Slim.php(232): Slim\Helper\Set->get()
#12 /home/latihtal/public_html/agregator1/src/drivers/Views/ThemeManager.php(34): Slim\Slim->__get()
#13 /home/latihtal/public_html/agregator1/src/dependencies.php(142): spark\drivers\Views\ThemeManager->initEngine()
#14 /home/latihtal/public_html/agregator1/src/bootstrap.php(68): require('/home/latihtal/...')
#15 /home/latihtal/public_html/agregator1/index.php(4): require('/home/latihtal/...')
#16 {main} [] []
[2025-12-13 14:22:22] SlimMonoLogger.CRITICAL: PDOException: SQLSTATE[HY000] [1040] Too many connections in /home/latihtal/public_html/agregator1/src/framework/PDO/Database.php:34
Stack trace:
#0 /home/latihtal/public_html/agregator1/src/framework/PDO/Database.php(34): PDO->__construct()
#1 /home/latihtal/public_html/agregator1/src/dependencies.php(73): Slim\PDO\Database->__construct()
#2 /home/latihtal/public_html/agregator1/src/framework/Helper/Set.php(231): {closure}()
#3 /home/latihtal/public_html/agregator1/src/framework/Helper/Set.php(88): Slim\Helper\Set->Slim\Helper\{closure}()
#4 /home/latihtal/public_html/agregator1/src/framework/Slim.php(232): Slim\Helper\Set->get()
#5 /home/latihtal/public_html/agregator1/src/models/Model.php(176): Slim\Slim->__get()
#6 /home/latihtal/public_html/agregator1/src/models/OptionModel.php(180): spark\models\Model->select()
#7 /home/latihtal/public_html/agregator1/src/models/OptionModel.php(40): spark\models\OptionModel->autoloadOptions()
#8 /home/latihtal/public_html/agregator1/src/dependencies.php(99): spark\models\OptionModel->__construct()
#9 /home/latihtal/public_html/agregator1/src/framework/Helper/Set.php(231): {closure}()
#10 /home/latihtal/public_html/agregator1/src/framework/Helper/Set.php(88): Slim\Helper\Set->Slim\Helper\{closure}()
#11 /home/latihtal/public_html/agregator1/src/framework/Slim.php(232): Slim\Helper\Set->get()
#12 /home/latihtal/public_html/agregator1/src/drivers/Views/ThemeManager.php(34): Slim\Slim->__get()
#13 /home/latihtal/public_html/agregator1/src/dependencies.php(142): spark\drivers\Views\ThemeManager->initEngine()
#14 /home/latihtal/public_html/agregator1/src/bootstrap.php(68): require('/home/latihtal/...')
#15 /home/latihtal/public_html/agregator1/index.php(4): require('/home/latihtal/...')
#16 {main} [] []
[2025-12-13 15:26:42] SlimMonoLogger.INFO: Cron ran at: 13-12-2025 03:26:42 PM [] []
[2025-12-13 15:31:19] SlimMonoLogger.INFO: Cron ran at: 13-12-2025 03:31:19 PM [] []
[2025-12-13 15:36:26] SlimMonoLogger.INFO: Cron ran at: 13-12-2025 03:36:26 PM [] []
[2025-12-13 15:41:27] SlimMonoLogger.INFO: Cron ran at: 13-12-2025 03:41:27 PM [] []
[2025-12-13 15:46:23] SlimMonoLogger.INFO: Cron ran at: 13-12-2025 03:46:23 PM [] []
[2025-12-13 15:51:44] SlimMonoLogger.INFO: Cron ran at: 13-12-2025 03:51:44 PM [] []
[2025-12-13 15:56:27] SlimMonoLogger.INFO: Cron ran at: 13-12-2025 03:56:27 PM [] []
[2025-12-13 16:01:24] SlimMonoLogger.INFO: Cron ran at: 13-12-2025 04:01:24 PM [] []
[2025-12-13 16:06:31] SlimMonoLogger.INFO: Cron ran at: 13-12-2025 04:06:31 PM [] []
[2025-12-13 16:11:29] SlimMonoLogger.INFO: Cron ran at: 13-12-2025 04:11:29 PM [] []
[2025-12-13 16:16:33] SlimMonoLogger.INFO: Cron ran at: 13-12-2025 04:16:33 PM [] []
[2025-12-13 16:21:30] SlimMonoLogger.INFO: Cron ran at: 13-12-2025 04:21:30 PM [] []
[2025-12-13 16:26:29] SlimMonoLogger.INFO: Cron ran at: 13-12-2025 04:26:29 PM [] []
[2025-12-13 16:31:28] SlimMonoLogger.INFO: Cron ran at: 13-12-2025 04:31:28 PM [] []
[2025-12-13 16:36:43] SlimMonoLogger.INFO: Cron ran at: 13-12-2025 04:36:43 PM [] []
[2025-12-13 16:41:28] SlimMonoLogger.INFO: Cron ran at: 13-12-2025 04:41:28 PM [] []
[2025-12-13 16:46:33] SlimMonoLogger.INFO: Cron ran at: 13-12-2025 04:46:33 PM [] []
[2025-12-13 16:59:57] SlimMonoLogger.INFO: Cron ran at: 13-12-2025 04:59:57 PM [] []
[2025-12-13 17:01:35] SlimMonoLogger.ERROR: Requests_Exception: cURL error 28: Connection timed out after 500002 milliseconds in /home/latihtal/public_html/agregator1/src/vendor/rmccue/requests/library/Requests/Transport/cURL.php:422
Stack trace:
#0 /home/latihtal/public_html/agregator1/src/vendor/rmccue/requests/library/Requests/Transport/cURL.php(177): Requests_Transport_cURL->process_response()
#1 /home/latihtal/public_html/agregator1/src/vendor/rmccue/requests/library/Requests.php(379): Requests_Transport_cURL->request()
#2 /home/latihtal/public_html/agregator1/src/vendor/rmccue/requests/library/Requests/Session.php(205): Requests::request()
#3 /home/latihtal/public_html/agregator1/src/vendor/rmccue/requests/library/Requests/Session.php(132): Requests_Session->request()
#4 /home/latihtal/public_html/agregator1/src/drivers/Http/RssImporter.php(144): Requests_Session->get()
#5 /home/latihtal/public_html/agregator1/src/controllers/Dashboard/DashboardFeedsController.php(534): spark\drivers\Http\RssImporter->fetchPosts()
#6 /home/latihtal/public_html/agregator1/src/controllers/Site/SiteController.php(722): spark\controllers\Dashboard\DashboardFeedsController::importFeedPosts()
#7 [internal function]: spark\controllers\Site\SiteController->runTasks()
#8 /home/latihtal/public_html/agregator1/src/framework/Route.php(173): call_user_func_array()
#9 [internal function]: Slim\Route->Slim\{closure}()
#10 /home/latihtal/public_html/agregator1/src/framework/Route.php(468): call_user_func_array()
#11 /home/latihtal/public_html/agregator1/src/framework/Slim.php(1364): Slim\Route->dispatch()
#12 /home/latihtal/public_html/agregator1/src/framework/Middleware/Flash.php(85): Slim\Slim->call()
#13 /home/latihtal/public_html/agregator1/src/framework/Middleware/MethodOverride.php(92): Slim\Middleware\Flash->call()
#14 /home/latihtal/public_html/agregator1/src/middlewares/CsrfGuard/CsrfGuard.php(47): Slim\Middleware\MethodOverride->call()
#15 /home/latihtal/public_html/agregator1/src/framework/Middleware/PrettyExceptions.php(67): spark\middlewares\CsrfGuard\CsrfGuard->call()
#16 /home/latihtal/public_html/agregator1/src/framework/Slim.php(1308): Slim\Middleware\PrettyExceptions->call()
#17 /home/latihtal/public_html/agregator1/index.php(6): Slim\Slim->run()
#18 {main} [] []
[2025-12-13 17:03:46] SlimMonoLogger.INFO: Cron ran at: 13-12-2025 05:03:46 PM [] []
[2025-12-13 17:03:58] SlimMonoLogger.INFO: Cron ran at: 13-12-2025 05:03:58 PM [] []
[2025-12-13 17:13:58] SlimMonoLogger.INFO: Cron ran at: 13-12-2025 05:13:58 PM [] []
[2025-12-13 17:13:58] SlimMonoLogger.ERROR: Requests_Exception: cURL error 28: Operation timed out after 500001 milliseconds with 0 bytes received in /home/latihtal/public_html/agregator1/src/vendor/rmccue/requests/library/Requests/Transport/cURL.php:422
Stack trace:
#0 /home/latihtal/public_html/agregator1/src/vendor/rmccue/requests/library/Requests/Transport/cURL.php(177): Requests_Transport_cURL->process_response()
#1 /home/latihtal/public_html/agregator1/src/vendor/rmccue/requests/library/Requests.php(379): Requests_Transport_cURL->request()
#2 /home/latihtal/public_html/agregator1/src/vendor/rmccue/requests/library/Requests/Session.php(205): Requests::request()
#3 /home/latihtal/public_html/agregator1/src/vendor/rmccue/requests/library/Requests/Session.php(132): Requests_Session->request()
#4 /home/latihtal/public_html/agregator1/src/drivers/Http/RssImporter.php(144): Requests_Session->get()
#5 /home/latihtal/public_html/agregator1/src/controllers/Dashboard/DashboardFeedsController.php(534): spark\drivers\Http\RssImporter->fetchPosts()
#6 /home/latihtal/public_html/agregator1/src/controllers/Site/SiteController.php(722): spark\controllers\Dashboard\DashboardFeedsController::importFeedPosts()
#7 [internal function]: spark\controllers\Site\SiteController->runTasks()
#8 /home/latihtal/public_html/agregator1/src/framework/Route.php(173): call_user_func_array()
#9 [internal function]: Slim\Route->Slim\{closure}()
#10 /home/latihtal/public_html/agregator1/src/framework/Route.php(468): call_user_func_array()
#11 /home/latihtal/public_html/agregator1/src/framework/Slim.php(1364): Slim\Route->dispatch()
#12 /home/latihtal/public_html/agregator1/src/framework/Middleware/Flash.php(85): Slim\Slim->call()
#13 /home/latihtal/public_html/agregator1/src/framework/Middleware/MethodOverride.php(92): Slim\Middleware\Flash->call()
#14 /home/latihtal/public_html/agregator1/src/middlewares/CsrfGuard/CsrfGuard.php(47): Slim\Middleware\MethodOverride->call()
#15 /home/latihtal/public_html/agregator1/src/framework/Middleware/PrettyExceptions.php(67): spark\middlewares\CsrfGuard\CsrfGuard->call()
#16 /home/latihtal/public_html/agregator1/src/framework/Slim.php(1308): Slim\Middleware\PrettyExceptions->call()
#17 /home/latihtal/public_html/agregator1/index.php(6): Slim\Slim->run()
#18 {main} [] []
[2025-12-13 17:19:26] SlimMonoLogger.INFO: Cron ran at: 13-12-2025 05:19:26 PM [] []
[2025-12-13 17:19:27] SlimMonoLogger.INFO: Cron ran at: 13-12-2025 05:19:27 PM [] []
[2025-12-13 17:28:31] SlimMonoLogger.INFO: Cron ran at: 13-12-2025 05:28:31 PM [] []
[2025-12-13 17:28:44] SlimMonoLogger.ERROR: Requests_Exception: cURL error 28: Operation timed out after 500000 milliseconds with 15903 bytes received in /home/latihtal/public_html/agregator1/src/vendor/rmccue/requests/library/Requests/Transport/cURL.php:422
Stack trace:
#0 /home/latihtal/public_html/agregator1/src/vendor/rmccue/requests/library/Requests/Transport/cURL.php(177): Requests_Transport_cURL->process_response()
#1 /home/latihtal/public_html/agregator1/src/vendor/rmccue/requests/library/Requests.php(379): Requests_Transport_cURL->request()
#2 /home/latihtal/public_html/agregator1/src/vendor/rmccue/requests/library/Requests/Session.php(205): Requests::request()
#3 /home/latihtal/public_html/agregator1/src/vendor/rmccue/requests/library/Requests/Session.php(132): Requests_Session->request()
#4 /home/latihtal/public_html/agregator1/src/drivers/Http/RssImporter.php(144): Requests_Session->get()
#5 /home/latihtal/public_html/agregator1/src/controllers/Dashboard/DashboardFeedsController.php(534): spark\drivers\Http\RssImporter->fetchPosts()
#6 /home/latihtal/public_html/agregator1/src/controllers/Site/SiteController.php(722): spark\controllers\Dashboard\DashboardFeedsController::importFeedPosts()
#7 [internal function]: spark\controllers\Site\SiteController->runTasks()
#8 /home/latihtal/public_html/agregator1/src/framework/Route.php(173): call_user_func_array()
#9 [internal function]: Slim\Route->Slim\{closure}()
#10 /home/latihtal/public_html/agregator1/src/framework/Route.php(468): call_user_func_array()
#11 /home/latihtal/public_html/agregator1/src/framework/Slim.php(1364): Slim\Route->dispatch()
#12 /home/latihtal/public_html/agregator1/src/framework/Middleware/Flash.php(85): Slim\Slim->call()
#13 /home/latihtal/public_html/agregator1/src/framework/Middleware/MethodOverride.php(92): Slim\Middleware\Flash->call()
#14 /home/latihtal/public_html/agregator1/src/middlewares/CsrfGuard/CsrfGuard.php(47): Slim\Middleware\MethodOverride->call()
#15 /home/latihtal/public_html/agregator1/src/framework/Middleware/PrettyExceptions.php(67): spark\middlewares\CsrfGuard\CsrfGuard->call()
#16 /home/latihtal/public_html/agregator1/src/framework/Slim.php(1308): Slim\Middleware\PrettyExceptions->call()
#17 /home/latihtal/public_html/agregator1/index.php(6): Slim\Slim->run()
#18 {main} [] []
[2025-12-13 17:33:01] SlimMonoLogger.INFO: Cron ran at: 13-12-2025 05:33:01 PM [] []
[2025-12-13 17:33:04] SlimMonoLogger.INFO: Cron ran at: 13-12-2025 05:33:04 PM [] []
[2025-12-13 17:37:49] SlimMonoLogger.INFO: Cron ran at: 13-12-2025 05:37:49 PM [] []
[2025-12-13 17:43:23] SlimMonoLogger.INFO: Cron ran at: 13-12-2025 05:43:23 PM [] []
[2025-12-13 17:47:46] SlimMonoLogger.INFO: Cron ran at: 13-12-2025 05:47:46 PM [] []
[2025-12-13 17:52:10] SlimMonoLogger.ERROR: Requests_Exception: cURL error 52: Empty reply from server in /home/latihtal/public_html/agregator1/src/vendor/rmccue/requests/library/Requests/Transport/cURL.php:422
Stack trace:
#0 /home/latihtal/public_html/agregator1/src/vendor/rmccue/requests/library/Requests/Transport/cURL.php(177): Requests_Transport_cURL->process_response()
#1 /home/latihtal/public_html/agregator1/src/vendor/rmccue/requests/library/Requests.php(379): Requests_Transport_cURL->request()
#2 /home/latihtal/public_html/agregator1/src/vendor/rmccue/requests/library/Requests/Session.php(205): Requests::request()
#3 /home/latihtal/public_html/agregator1/src/vendor/rmccue/requests/library/Requests/Session.php(132): Requests_Session->request()
#4 /home/latihtal/public_html/agregator1/src/drivers/Http/RssImporter.php(144): Requests_Session->get()
#5 /home/latihtal/public_html/agregator1/src/controllers/Dashboard/DashboardFeedsController.php(534): spark\drivers\Http\RssImporter->fetchPosts()
#6 /home/latihtal/public_html/agregator1/src/controllers/Site/SiteController.php(722): spark\controllers\Dashboard\DashboardFeedsController::importFeedPosts()
#7 [internal function]: spark\controllers\Site\SiteController->runTasks()
#8 /home/latihtal/public_html/agregator1/src/framework/Route.php(173): call_user_func_array()
#9 [internal function]: Slim\Route->Slim\{closure}()
#10 /home/latihtal/public_html/agregator1/src/framework/Route.php(468): call_user_func_array()
#11 /home/latihtal/public_html/agregator1/src/framework/Slim.php(1364): Slim\Route->dispatch()
#12 /home/latihtal/public_html/agregator1/src/framework/Middleware/Flash.php(85): Slim\Slim->call()
#13 /home/latihtal/public_html/agregator1/src/framework/Middleware/MethodOverride.php(92): Slim\Middleware\Flash->call()
#14 /home/latihtal/public_html/agregator1/src/middlewares/CsrfGuard/CsrfGuard.php(47): Slim\Middleware\MethodOverride->call()
#15 /home/latihtal/public_html/agregator1/src/framework/Middleware/PrettyExceptions.php(67): spark\middlewares\CsrfGuard\CsrfGuard->call()
#16 /home/latihtal/public_html/agregator1/src/framework/Slim.php(1308): Slim\Middleware\PrettyExceptions->call()
#17 /home/latihtal/public_html/agregator1/index.php(6): Slim\Slim->run()
#18 {main} [] []
[2025-12-13 17:56:04] SlimMonoLogger.INFO: Cron ran at: 13-12-2025 05:56:04 PM [] []
[2025-12-13 17:57:54] SlimMonoLogger.INFO: Cron ran at: 13-12-2025 05:57:54 PM [] []
[2025-12-13 18:02:52] SlimMonoLogger.INFO: Cron ran at: 13-12-2025 06:02:52 PM [] []
[2025-12-13 18:08:01] SlimMonoLogger.INFO: Cron ran at: 13-12-2025 06:08:01 PM [] []
[2025-12-13 18:12:34] SlimMonoLogger.INFO: Cron ran at: 13-12-2025 06:12:34 PM [] []
[2025-12-13 18:18:30] SlimMonoLogger.INFO: Cron ran at: 13-12-2025 06:18:30 PM [] []
[2025-12-13 18:22:36] SlimMonoLogger.INFO: Cron ran at: 13-12-2025 06:22:36 PM [] []
[2025-12-13 18:27:59] SlimMonoLogger.INFO: Cron ran at: 13-12-2025 06:27:59 PM [] []
[2025-12-13 18:34:08] SlimMonoLogger.INFO: Cron ran at: 13-12-2025 06:34:08 PM [] []
[2025-12-13 18:37:15] SlimMonoLogger.INFO: Cron ran at: 13-12-2025 06:37:15 PM [] []
[2025-12-13 18:43:11] SlimMonoLogger.INFO: Cron ran at: 13-12-2025 06:43:11 PM [] []
[2025-12-13 18:47:25] SlimMonoLogger.INFO: Cron ran at: 13-12-2025 06:47:25 PM [] []
[2025-12-13 18:52:17] SlimMonoLogger.INFO: Cron ran at: 13-12-2025 06:52:17 PM [] []
[2025-12-13 18:57:40] SlimMonoLogger.INFO: Cron ran at: 13-12-2025 06:57:40 PM [] []
[2025-12-13 19:02:20] SlimMonoLogger.INFO: Cron ran at: 13-12-2025 07:02:20 PM [] []
[2025-12-13 19:07:51] SlimMonoLogger.INFO: Cron ran at: 13-12-2025 07:07:51 PM [] []
[2025-12-13 19:12:38] SlimMonoLogger.INFO: Cron ran at: 13-12-2025 07:12:38 PM [] []
[2025-12-13 19:17:52] SlimMonoLogger.INFO: Cron ran at: 13-12-2025 07:17:52 PM [] []
[2025-12-13 19:21:56] SlimMonoLogger.INFO: Cron ran at: 13-12-2025 07:21:56 PM [] []
[2025-12-13 19:26:52] SlimMonoLogger.INFO: Cron ran at: 13-12-2025 07:26:52 PM [] []
[2025-12-13 19:31:54] SlimMonoLogger.INFO: Cron ran at: 13-12-2025 07:31:54 PM [] []
[2025-12-13 19:36:52] SlimMonoLogger.INFO: Cron ran at: 13-12-2025 07:36:52 PM [] []
[2025-12-13 19:41:55] SlimMonoLogger.INFO: Cron ran at: 13-12-2025 07:41:55 PM [] []
[2025-12-13 19:46:57] SlimMonoLogger.INFO: Cron ran at: 13-12-2025 07:46:57 PM [] []
[2025-12-13 19:51:53] SlimMonoLogger.INFO: Cron ran at: 13-12-2025 07:51:53 PM [] []
[2025-12-13 19:57:02] SlimMonoLogger.INFO: Cron ran at: 13-12-2025 07:57:02 PM [] []
[2025-12-13 20:01:57] SlimMonoLogger.INFO: Cron ran at: 13-12-2025 08:01:57 PM [] []
[2025-12-13 20:06:55] SlimMonoLogger.INFO: Cron ran at: 13-12-2025 08:06:55 PM [] []
[2025-12-13 20:11:57] SlimMonoLogger.INFO: Cron ran at: 13-12-2025 08:11:57 PM [] []
[2025-12-13 20:16:57] SlimMonoLogger.INFO: Cron ran at: 13-12-2025 08:16:57 PM [] []
[2025-12-13 20:21:51] SlimMonoLogger.INFO: Cron ran at: 13-12-2025 08:21:51 PM [] []
[2025-12-13 20:27:03] SlimMonoLogger.INFO: Cron ran at: 13-12-2025 08:27:03 PM [] []
[2025-12-13 20:31:51] SlimMonoLogger.INFO: Cron ran at: 13-12-2025 08:31:51 PM [] []
[2025-12-13 20:36:52] SlimMonoLogger.INFO: Cron ran at: 13-12-2025 08:36:52 PM [] []
[2025-12-13 20:41:59] SlimMonoLogger.INFO: Cron ran at: 13-12-2025 08:41:59 PM [] []
[2025-12-13 20:46:59] SlimMonoLogger.INFO: Cron ran at: 13-12-2025 08:46:59 PM [] []
[2025-12-13 20:51:55] SlimMonoLogger.INFO: Cron ran at: 13-12-2025 08:51:55 PM [] []
[2025-12-13 20:56:50] SlimMonoLogger.INFO: Cron ran at: 13-12-2025 08:56:50 PM [] []
[2025-12-13 21:01:58] SlimMonoLogger.INFO: Cron ran at: 13-12-2025 09:01:58 PM [] []
[2025-12-13 21:06:44] SlimMonoLogger.INFO: Cron ran at: 13-12-2025 09:06:44 PM [] []
[2025-12-13 21:11:59] SlimMonoLogger.INFO: Cron ran at: 13-12-2025 09:11:59 PM [] []
[2025-12-13 21:16:45] SlimMonoLogger.INFO: Cron ran at: 13-12-2025 09:16:45 PM [] []
[2025-12-13 21:21:44] SlimMonoLogger.INFO: Cron ran at: 13-12-2025 09:21:44 PM [] []
[2025-12-13 21:26:53] SlimMonoLogger.INFO: Cron ran at: 13-12-2025 09:26:53 PM [] []
[2025-12-13 21:31:53] SlimMonoLogger.INFO: Cron ran at: 13-12-2025 09:31:53 PM [] []
[2025-12-13 21:36:52] SlimMonoLogger.INFO: Cron ran at: 13-12-2025 09:36:52 PM [] []
[2025-12-13 21:41:48] SlimMonoLogger.INFO: Cron ran at: 13-12-2025 09:41:48 PM [] []
[2025-12-13 21:46:49] SlimMonoLogger.INFO: Cron ran at: 13-12-2025 09:46:49 PM [] []
[2025-12-13 21:51:56] SlimMonoLogger.INFO: Cron ran at: 13-12-2025 09:51:56 PM [] []
[2025-12-13 21:56:50] SlimMonoLogger.INFO: Cron ran at: 13-12-2025 09:56:50 PM [] []
[2025-12-13 22:01:49] SlimMonoLogger.INFO: Cron ran at: 13-12-2025 10:01:49 PM [] []
[2025-12-13 22:06:55] SlimMonoLogger.INFO: Cron ran at: 13-12-2025 10:06:55 PM [] []
[2025-12-13 22:12:01] SlimMonoLogger.INFO: Cron ran at: 13-12-2025 10:12:01 PM [] []
[2025-12-13 22:16:56] SlimMonoLogger.INFO: Cron ran at: 13-12-2025 10:16:56 PM [] []
[2025-12-13 22:21:47] SlimMonoLogger.INFO: Cron ran at: 13-12-2025 10:21:47 PM [] []
[2025-12-13 22:26:48] SlimMonoLogger.INFO: Cron ran at: 13-12-2025 10:26:48 PM [] []
[2025-12-13 22:31:54] SlimMonoLogger.INFO: Cron ran at: 13-12-2025 10:31:54 PM [] []
[2025-12-13 22:36:50] SlimMonoLogger.INFO: Cron ran at: 13-12-2025 10:36:50 PM [] []
[2025-12-13 22:41:54] SlimMonoLogger.INFO: Cron ran at: 13-12-2025 10:41:54 PM [] []
[2025-12-13 22:46:57] SlimMonoLogger.INFO: Cron ran at: 13-12-2025 10:46:57 PM [] []
[2025-12-13 22:51:55] SlimMonoLogger.INFO: Cron ran at: 13-12-2025 10:51:55 PM [] []
[2025-12-13 22:56:52] SlimMonoLogger.INFO: Cron ran at: 13-12-2025 10:56:52 PM [] []
[2025-12-13 23:01:52] SlimMonoLogger.INFO: Cron ran at: 13-12-2025 11:01:52 PM [] []
[2025-12-13 23:07:00] SlimMonoLogger.INFO: Cron ran at: 13-12-2025 11:07:00 PM [] []
[2025-12-13 23:12:00] SlimMonoLogger.INFO: Cron ran at: 13-12-2025 11:12:00 PM [] []
[2025-12-13 23:16:59] SlimMonoLogger.INFO: Cron ran at: 13-12-2025 11:16:59 PM [] []
[2025-12-13 23:22:12] SlimMonoLogger.INFO: Cron ran at: 13-12-2025 11:22:12 PM [] []
[2025-12-13 23:27:02] SlimMonoLogger.INFO: Cron ran at: 13-12-2025 11:27:02 PM [] []
[2025-12-13 23:31:54] SlimMonoLogger.INFO: Cron ran at: 13-12-2025 11:31:54 PM [] []
[2025-12-13 23:36:55] SlimMonoLogger.INFO: Cron ran at: 13-12-2025 11:36:55 PM [] []
[2025-12-13 23:42:01] SlimMonoLogger.INFO: Cron ran at: 13-12-2025 11:42:01 PM [] []
[2025-12-13 23:46:49] SlimMonoLogger.INFO: Cron ran at: 13-12-2025 11:46:49 PM [] []
[2025-12-13 23:51:51] SlimMonoLogger.INFO: Cron ran at: 13-12-2025 11:51:51 PM [] []
[2025-12-13 23:57:12] SlimMonoLogger.INFO: Cron ran at: 13-12-2025 11:57:12 PM [] []
[2025-12-14 00:01:54] SlimMonoLogger.INFO: Cron ran at: 14-12-2025 12:01:54 AM [] []
[2025-12-14 00:06:55] SlimMonoLogger.INFO: Cron ran at: 14-12-2025 12:06:55 AM [] []
[2025-12-14 00:11:52] SlimMonoLogger.INFO: Cron ran at: 14-12-2025 12:11:52 AM [] []
[2025-12-14 00:16:55] SlimMonoLogger.INFO: Cron ran at: 14-12-2025 12:16:55 AM [] []
[2025-12-14 00:21:54] SlimMonoLogger.INFO: Cron ran at: 14-12-2025 12:21:54 AM [] []
[2025-12-14 00:26:58] SlimMonoLogger.INFO: Cron ran at: 14-12-2025 12:26:58 AM [] []
[2025-12-14 00:31:51] SlimMonoLogger.INFO: Cron ran at: 14-12-2025 12:31:51 AM [] []
[2025-12-14 00:36:50] SlimMonoLogger.INFO: Cron ran at: 14-12-2025 12:36:50 AM [] []
[2025-12-14 00:41:53] SlimMonoLogger.INFO: Cron ran at: 14-12-2025 12:41:53 AM [] []
[2025-12-14 00:47:00] SlimMonoLogger.INFO: Cron ran at: 14-12-2025 12:47:00 AM [] []
[2025-12-14 00:51:51] SlimMonoLogger.INFO: Cron ran at: 14-12-2025 12:51:51 AM [] []
[2025-12-14 00:56:59] SlimMonoLogger.INFO: Cron ran at: 14-12-2025 12:56:59 AM [] []
