[2025-11-13 01:00:35] SlimMonoLogger.INFO: Cron ran at: 13-11-2025 01:00:35 AM [] []
[2025-11-13 01:05:33] SlimMonoLogger.INFO: Cron ran at: 13-11-2025 01:05:33 AM [] []
[2025-11-13 01:10:32] SlimMonoLogger.INFO: Cron ran at: 13-11-2025 01:10:32 AM [] []
[2025-11-13 01:15:35] SlimMonoLogger.INFO: Cron ran at: 13-11-2025 01:15:35 AM [] []
[2025-11-13 01:20:45] SlimMonoLogger.INFO: Cron ran at: 13-11-2025 01:20:45 AM [] []
[2025-11-13 01:25:34] SlimMonoLogger.INFO: Cron ran at: 13-11-2025 01:25:34 AM [] []
[2025-11-13 01:30:44] SlimMonoLogger.INFO: Cron ran at: 13-11-2025 01:30:44 AM [] []
[2025-11-13 01:35:35] SlimMonoLogger.INFO: Cron ran at: 13-11-2025 01:35:35 AM [] []
[2025-11-13 01:40:36] SlimMonoLogger.INFO: Cron ran at: 13-11-2025 01:40:36 AM [] []
[2025-11-13 01:45:33] SlimMonoLogger.INFO: Cron ran at: 13-11-2025 01:45:33 AM [] []
[2025-11-13 01:50:32] SlimMonoLogger.INFO: Cron ran at: 13-11-2025 01:50:32 AM [] []
[2025-11-13 01:55:33] SlimMonoLogger.INFO: Cron ran at: 13-11-2025 01:55:33 AM [] []
[2025-11-13 02:00:34] SlimMonoLogger.INFO: Cron ran at: 13-11-2025 02:00:34 AM [] []
[2025-11-13 02:05:35] SlimMonoLogger.INFO: Cron ran at: 13-11-2025 02:05:35 AM [] []
[2025-11-13 02:10:48] SlimMonoLogger.INFO: Cron ran at: 13-11-2025 02:10:48 AM [] []
[2025-11-13 02:15:33] SlimMonoLogger.INFO: Cron ran at: 13-11-2025 02:15:33 AM [] []
[2025-11-13 02:20:34] SlimMonoLogger.INFO: Cron ran at: 13-11-2025 02:20:34 AM [] []
[2025-11-13 02:25:34] SlimMonoLogger.INFO: Cron ran at: 13-11-2025 02:25:34 AM [] []
[2025-11-13 02:30:39] SlimMonoLogger.INFO: Cron ran at: 13-11-2025 02:30:39 AM [] []
[2025-11-13 02:35:32] SlimMonoLogger.INFO: Cron ran at: 13-11-2025 02:35:32 AM [] []
[2025-11-13 02:40:34] SlimMonoLogger.INFO: Cron ran at: 13-11-2025 02:40:34 AM [] []
[2025-11-13 02:45:35] SlimMonoLogger.INFO: Cron ran at: 13-11-2025 02:45:35 AM [] []
[2025-11-13 02:50:34] SlimMonoLogger.INFO: Cron ran at: 13-11-2025 02:50:34 AM [] []
[2025-11-13 02:55:33] SlimMonoLogger.INFO: Cron ran at: 13-11-2025 02:55:33 AM [] []
[2025-11-13 03:00:34] SlimMonoLogger.INFO: Cron ran at: 13-11-2025 03:00:34 AM [] []
[2025-11-13 03:05:34] SlimMonoLogger.INFO: Cron ran at: 13-11-2025 03:05:34 AM [] []
[2025-11-13 03:10:34] SlimMonoLogger.INFO: Cron ran at: 13-11-2025 03:10:34 AM [] []
[2025-11-13 03:15:49] SlimMonoLogger.INFO: Cron ran at: 13-11-2025 03:15:49 AM [] []
[2025-11-13 03:20:31] SlimMonoLogger.INFO: Cron ran at: 13-11-2025 03:20:31 AM [] []
[2025-11-13 03:25:31] SlimMonoLogger.INFO: Cron ran at: 13-11-2025 03:25:31 AM [] []
[2025-11-13 03:30:36] SlimMonoLogger.INFO: Cron ran at: 13-11-2025 03:30:36 AM [] []
[2025-11-13 03:35:37] SlimMonoLogger.INFO: Cron ran at: 13-11-2025 03:35:37 AM [] []
[2025-11-13 03:40:34] SlimMonoLogger.INFO: Cron ran at: 13-11-2025 03:40:34 AM [] []
[2025-11-13 03:45:35] SlimMonoLogger.INFO: Cron ran at: 13-11-2025 03:45:35 AM [] []
[2025-11-13 03:50:35] SlimMonoLogger.INFO: Cron ran at: 13-11-2025 03:50:35 AM [] []
[2025-11-13 03:55:34] SlimMonoLogger.INFO: Cron ran at: 13-11-2025 03:55:34 AM [] []
[2025-11-13 04:00:34] SlimMonoLogger.INFO: Cron ran at: 13-11-2025 04:00:34 AM [] []
[2025-11-13 04:05:33] SlimMonoLogger.INFO: Cron ran at: 13-11-2025 04:05:33 AM [] []
[2025-11-13 04:10:35] SlimMonoLogger.INFO: Cron ran at: 13-11-2025 04:10:35 AM [] []
[2025-11-13 04:15:36] SlimMonoLogger.INFO: Cron ran at: 13-11-2025 04:15:36 AM [] []
[2025-11-13 04:20:32] SlimMonoLogger.INFO: Cron ran at: 13-11-2025 04:20:32 AM [] []
[2025-11-13 04:25:36] SlimMonoLogger.INFO: Cron ran at: 13-11-2025 04:25:36 AM [] []
[2025-11-13 04:30:40] SlimMonoLogger.INFO: Cron ran at: 13-11-2025 04:30:40 AM [] []
[2025-11-13 04:35:33] SlimMonoLogger.INFO: Cron ran at: 13-11-2025 04:35:33 AM [] []
[2025-11-13 04:40:32] SlimMonoLogger.INFO: Cron ran at: 13-11-2025 04:40:32 AM [] []
[2025-11-13 04:45:33] SlimMonoLogger.INFO: Cron ran at: 13-11-2025 04:45:33 AM [] []
[2025-11-13 04:50:33] SlimMonoLogger.INFO: Cron ran at: 13-11-2025 04:50:33 AM [] []
[2025-11-13 04:55:32] SlimMonoLogger.INFO: Cron ran at: 13-11-2025 04:55:32 AM [] []
[2025-11-13 05:00:35] SlimMonoLogger.INFO: Cron ran at: 13-11-2025 05:00:35 AM [] []
[2025-11-13 05:05:33] SlimMonoLogger.INFO: Cron ran at: 13-11-2025 05:05:33 AM [] []
[2025-11-13 05:10:34] SlimMonoLogger.INFO: Cron ran at: 13-11-2025 05:10:34 AM [] []
[2025-11-13 05:15:34] SlimMonoLogger.INFO: Cron ran at: 13-11-2025 05:15:34 AM [] []
[2025-11-13 05:20:40] SlimMonoLogger.INFO: Cron ran at: 13-11-2025 05:20:40 AM [] []
[2025-11-13 05:25:33] SlimMonoLogger.INFO: Cron ran at: 13-11-2025 05:25:33 AM [] []
[2025-11-13 05:30:34] SlimMonoLogger.INFO: Cron ran at: 13-11-2025 05:30:34 AM [] []
[2025-11-13 05:35:34] SlimMonoLogger.INFO: Cron ran at: 13-11-2025 05:35:34 AM [] []
[2025-11-13 05:40:34] SlimMonoLogger.INFO: Cron ran at: 13-11-2025 05:40:34 AM [] []
[2025-11-13 05:45:31] SlimMonoLogger.INFO: Cron ran at: 13-11-2025 05:45:31 AM [] []
[2025-11-13 05:50:33] SlimMonoLogger.INFO: Cron ran at: 13-11-2025 05:50:33 AM [] []
[2025-11-13 05:55:33] SlimMonoLogger.INFO: Cron ran at: 13-11-2025 05:55:33 AM [] []
[2025-11-13 06:00:39] SlimMonoLogger.INFO: Cron ran at: 13-11-2025 06:00:39 AM [] []
[2025-11-13 06:05:33] SlimMonoLogger.INFO: Cron ran at: 13-11-2025 06:05:33 AM [] []
[2025-11-13 06:10:34] SlimMonoLogger.INFO: Cron ran at: 13-11-2025 06:10:34 AM [] []
[2025-11-13 06:15:32] SlimMonoLogger.INFO: Cron ran at: 13-11-2025 06:15:32 AM [] []
[2025-11-13 06:20:39] SlimMonoLogger.INFO: Cron ran at: 13-11-2025 06:20:39 AM [] []
[2025-11-13 06:25:34] SlimMonoLogger.INFO: Cron ran at: 13-11-2025 06:25:34 AM [] []
[2025-11-13 06:30:34] SlimMonoLogger.INFO: Cron ran at: 13-11-2025 06:30:34 AM [] []
[2025-11-13 06:35:34] SlimMonoLogger.INFO: Cron ran at: 13-11-2025 06:35:34 AM [] []
[2025-11-13 06:40:35] SlimMonoLogger.INFO: Cron ran at: 13-11-2025 06:40:35 AM [] []
[2025-11-13 06:45:35] SlimMonoLogger.INFO: Cron ran at: 13-11-2025 06:45:35 AM [] []
[2025-11-13 06:50:32] SlimMonoLogger.INFO: Cron ran at: 13-11-2025 06:50:32 AM [] []
[2025-11-13 06:55:36] SlimMonoLogger.INFO: Cron ran at: 13-11-2025 06:55:36 AM [] []
[2025-11-13 07:00:44] SlimMonoLogger.INFO: Cron ran at: 13-11-2025 07:00:44 AM [] []
[2025-11-13 07:05:33] SlimMonoLogger.INFO: Cron ran at: 13-11-2025 07:05:33 AM [] []
[2025-11-13 07:10:42] SlimMonoLogger.INFO: Cron ran at: 13-11-2025 07:10:42 AM [] []
[2025-11-13 07:15:34] SlimMonoLogger.INFO: Cron ran at: 13-11-2025 07:15:34 AM [] []
[2025-11-13 07:20:38] SlimMonoLogger.INFO: Cron ran at: 13-11-2025 07:20:38 AM [] []
[2025-11-13 07:25:37] SlimMonoLogger.INFO: Cron ran at: 13-11-2025 07:25:37 AM [] []
[2025-11-13 07:30:36] SlimMonoLogger.INFO: Cron ran at: 13-11-2025 07:30:36 AM [] []
[2025-11-13 07:35:33] SlimMonoLogger.INFO: Cron ran at: 13-11-2025 07:35:33 AM [] []
[2025-11-13 07:40:35] SlimMonoLogger.INFO: Cron ran at: 13-11-2025 07:40:35 AM [] []
[2025-11-13 07:45:36] SlimMonoLogger.INFO: Cron ran at: 13-11-2025 07:45:36 AM [] []
[2025-11-13 07:50:35] SlimMonoLogger.INFO: Cron ran at: 13-11-2025 07:50:35 AM [] []
[2025-11-13 07:55:34] SlimMonoLogger.INFO: Cron ran at: 13-11-2025 07:55:34 AM [] []
[2025-11-13 08:00:37] SlimMonoLogger.INFO: Cron ran at: 13-11-2025 08:00:37 AM [] []
[2025-11-13 08:05:34] SlimMonoLogger.INFO: Cron ran at: 13-11-2025 08:05:34 AM [] []
[2025-11-13 08:10:36] SlimMonoLogger.INFO: Cron ran at: 13-11-2025 08:10:36 AM [] []
[2025-11-13 08:15:36] SlimMonoLogger.INFO: Cron ran at: 13-11-2025 08:15:36 AM [] []
[2025-11-13 08:20:34] SlimMonoLogger.INFO: Cron ran at: 13-11-2025 08:20:34 AM [] []
[2025-11-13 08:25:35] SlimMonoLogger.INFO: Cron ran at: 13-11-2025 08:25:35 AM [] []
[2025-11-13 08:30:37] SlimMonoLogger.INFO: Cron ran at: 13-11-2025 08:30:37 AM [] []
[2025-11-13 08:35:38] SlimMonoLogger.INFO: Cron ran at: 13-11-2025 08:35:38 AM [] []
[2025-11-13 08:40:44] SlimMonoLogger.INFO: Cron ran at: 13-11-2025 08:40:44 AM [] []
[2025-11-13 08:45:38] SlimMonoLogger.INFO: Cron ran at: 13-11-2025 08:45:38 AM [] []
[2025-11-13 08:50:39] SlimMonoLogger.INFO: Cron ran at: 13-11-2025 08:50:39 AM [] []
[2025-11-13 08:55:44] SlimMonoLogger.INFO: Cron ran at: 13-11-2025 08:55:44 AM [] []
[2025-11-13 09:00:45] SlimMonoLogger.INFO: Cron ran at: 13-11-2025 09:00:45 AM [] []
[2025-11-13 09:05:36] SlimMonoLogger.INFO: Cron ran at: 13-11-2025 09:05:36 AM [] []
[2025-11-13 09:10:37] SlimMonoLogger.INFO: Cron ran at: 13-11-2025 09:10:37 AM [] []
[2025-11-13 09:15:41] SlimMonoLogger.INFO: Cron ran at: 13-11-2025 09:15:41 AM [] []
[2025-11-13 09:20:37] SlimMonoLogger.INFO: Cron ran at: 13-11-2025 09:20:37 AM [] []
[2025-11-13 09:25:35] SlimMonoLogger.INFO: Cron ran at: 13-11-2025 09:25:35 AM [] []
[2025-11-13 09:30:41] SlimMonoLogger.INFO: Cron ran at: 13-11-2025 09:30:41 AM [] []
[2025-11-13 09:35:37] SlimMonoLogger.INFO: Cron ran at: 13-11-2025 09:35:37 AM [] []
[2025-11-13 09:45:36] SlimMonoLogger.INFO: Cron ran at: 13-11-2025 09:45:36 AM [] []
[2025-11-13 09:50:38] SlimMonoLogger.INFO: Cron ran at: 13-11-2025 09:50:38 AM [] []
[2025-11-13 09:55:37] SlimMonoLogger.INFO: Cron ran at: 13-11-2025 09:55:37 AM [] []
[2025-11-13 10:00:34] SlimMonoLogger.INFO: Cron ran at: 13-11-2025 10:00:34 AM [] []
[2025-11-13 10:05:35] SlimMonoLogger.INFO: Cron ran at: 13-11-2025 10:05:35 AM [] []
[2025-11-13 10:10:57] SlimMonoLogger.INFO: Cron ran at: 13-11-2025 10:10:57 AM [] []
[2025-11-13 10:15:39] SlimMonoLogger.INFO: Cron ran at: 13-11-2025 10:15:39 AM [] []
[2025-11-13 10:20:37] SlimMonoLogger.INFO: Cron ran at: 13-11-2025 10:20:37 AM [] []
[2025-11-13 10:25:44] SlimMonoLogger.INFO: Cron ran at: 13-11-2025 10:25:44 AM [] []
[2025-11-13 10:30:49] SlimMonoLogger.INFO: Cron ran at: 13-11-2025 10:30:49 AM [] []
[2025-11-13 10:35:40] SlimMonoLogger.INFO: Cron ran at: 13-11-2025 10:35:40 AM [] []
[2025-11-13 10:40:36] SlimMonoLogger.INFO: Cron ran at: 13-11-2025 10:40:36 AM [] []
[2025-11-13 10:45:41] SlimMonoLogger.INFO: Cron ran at: 13-11-2025 10:45:41 AM [] []
[2025-11-13 10:50:36] SlimMonoLogger.INFO: Cron ran at: 13-11-2025 10:50:36 AM [] []
[2025-11-13 10:55:39] SlimMonoLogger.INFO: Cron ran at: 13-11-2025 10:55:39 AM [] []
[2025-11-13 11:00:44] SlimMonoLogger.INFO: Cron ran at: 13-11-2025 11:00:44 AM [] []
[2025-11-13 11:05:42] SlimMonoLogger.INFO: Cron ran at: 13-11-2025 11:05:42 AM [] []
[2025-11-13 11:10:41] SlimMonoLogger.INFO: Cron ran at: 13-11-2025 11:10:41 AM [] []
[2025-11-13 11:15:37] SlimMonoLogger.INFO: Cron ran at: 13-11-2025 11:15:37 AM [] []
[2025-11-13 11:21:12] SlimMonoLogger.INFO: Cron ran at: 13-11-2025 11:21:12 AM [] []
[2025-11-13 11:25:48] SlimMonoLogger.INFO: Cron ran at: 13-11-2025 11:25:48 AM [] []
[2025-11-13 11:31:06] SlimMonoLogger.INFO: Cron ran at: 13-11-2025 11:31:06 AM [] []
[2025-11-13 11:35:41] SlimMonoLogger.INFO: Cron ran at: 13-11-2025 11:35:41 AM [] []
[2025-11-13 11:40:42] SlimMonoLogger.INFO: Cron ran at: 13-11-2025 11:40:42 AM [] []
[2025-11-13 11:45:37] SlimMonoLogger.INFO: Cron ran at: 13-11-2025 11:45:37 AM [] []
[2025-11-13 11:50:38] SlimMonoLogger.INFO: Cron ran at: 13-11-2025 11:50:38 AM [] []
[2025-11-13 11:55:36] SlimMonoLogger.INFO: Cron ran at: 13-11-2025 11:55:36 AM [] []
[2025-11-13 12:00:40] SlimMonoLogger.INFO: Cron ran at: 13-11-2025 12:00:40 PM [] []
[2025-11-13 12:05:40] SlimMonoLogger.INFO: Cron ran at: 13-11-2025 12:05:40 PM [] []
[2025-11-13 12:10:37] SlimMonoLogger.INFO: Cron ran at: 13-11-2025 12:10:37 PM [] []
[2025-11-13 12:15:52] SlimMonoLogger.INFO: Cron ran at: 13-11-2025 12:15:52 PM [] []
[2025-11-13 12:20:40] SlimMonoLogger.INFO: Cron ran at: 13-11-2025 12:20:40 PM [] []
[2025-11-13 12:25:41] SlimMonoLogger.INFO: Cron ran at: 13-11-2025 12:25:41 PM [] []
[2025-11-13 12:30:39] SlimMonoLogger.INFO: Cron ran at: 13-11-2025 12:30:39 PM [] []
[2025-11-13 12:35:50] SlimMonoLogger.INFO: Cron ran at: 13-11-2025 12:35:50 PM [] []
[2025-11-13 12:40:40] SlimMonoLogger.INFO: Cron ran at: 13-11-2025 12:40:40 PM [] []
[2025-11-13 12:45:41] SlimMonoLogger.INFO: Cron ran at: 13-11-2025 12:45:41 PM [] []
[2025-11-13 12:50:38] SlimMonoLogger.INFO: Cron ran at: 13-11-2025 12:50:38 PM [] []
[2025-11-13 12:55:37] SlimMonoLogger.INFO: Cron ran at: 13-11-2025 12:55:37 PM [] []
[2025-11-13 13:00:35] SlimMonoLogger.INFO: Cron ran at: 13-11-2025 01:00:35 PM [] []
[2025-11-13 13:05:37] SlimMonoLogger.INFO: Cron ran at: 13-11-2025 01:05:37 PM [] []
[2025-11-13 13:10:36] SlimMonoLogger.INFO: Cron ran at: 13-11-2025 01:10:36 PM [] []
[2025-11-13 13:15:47] SlimMonoLogger.INFO: Cron ran at: 13-11-2025 01:15:47 PM [] []
[2025-11-13 13:20:38] SlimMonoLogger.INFO: Cron ran at: 13-11-2025 01:20:38 PM [] []
[2025-11-13 13:25:35] SlimMonoLogger.INFO: Cron ran at: 13-11-2025 01:25:35 PM [] []
[2025-11-13 13:30:33] SlimMonoLogger.INFO: Cron ran at: 13-11-2025 01:30:33 PM [] []
[2025-11-13 13:35:42] SlimMonoLogger.INFO: Cron ran at: 13-11-2025 01:35:42 PM [] []
[2025-11-13 13:40:33] SlimMonoLogger.INFO: Cron ran at: 13-11-2025 01:40:33 PM [] []
[2025-11-13 13:45:36] SlimMonoLogger.INFO: Cron ran at: 13-11-2025 01:45:36 PM [] []
[2025-11-13 13:50:36] SlimMonoLogger.INFO: Cron ran at: 13-11-2025 01:50:36 PM [] []
[2025-11-13 13:55:36] SlimMonoLogger.INFO: Cron ran at: 13-11-2025 01:55:36 PM [] []
[2025-11-13 14:00:37] SlimMonoLogger.INFO: Cron ran at: 13-11-2025 02:00:37 PM [] []
[2025-11-13 14:05:36] SlimMonoLogger.INFO: Cron ran at: 13-11-2025 02:05:36 PM [] []
[2025-11-13 14:10:34] SlimMonoLogger.INFO: Cron ran at: 13-11-2025 02:10:34 PM [] []
[2025-11-13 14:15:36] SlimMonoLogger.INFO: Cron ran at: 13-11-2025 02:15:36 PM [] []
[2025-11-13 14:20:36] SlimMonoLogger.INFO: Cron ran at: 13-11-2025 02:20:36 PM [] []
[2025-11-13 14:25:36] SlimMonoLogger.INFO: Cron ran at: 13-11-2025 02:25:36 PM [] []
[2025-11-13 14:30:49] SlimMonoLogger.INFO: Cron ran at: 13-11-2025 02:30:49 PM [] []
[2025-11-13 14:35:35] SlimMonoLogger.INFO: Cron ran at: 13-11-2025 02:35:35 PM [] []
[2025-11-13 14:40:34] SlimMonoLogger.INFO: Cron ran at: 13-11-2025 02:40:34 PM [] []
[2025-11-13 14:45:41] SlimMonoLogger.INFO: Cron ran at: 13-11-2025 02:45:41 PM [] []
[2025-11-13 14:50:35] SlimMonoLogger.INFO: Cron ran at: 13-11-2025 02:50:35 PM [] []
[2025-11-13 14:55:36] SlimMonoLogger.INFO: Cron ran at: 13-11-2025 02:55:36 PM [] []
[2025-11-13 15:00:45] SlimMonoLogger.INFO: Cron ran at: 13-11-2025 03:00:45 PM [] []
[2025-11-13 15:08:14] SlimMonoLogger.INFO: Cron ran at: 13-11-2025 03:08:14 PM [] []
[2025-11-13 15:10:36] SlimMonoLogger.INFO: Cron ran at: 13-11-2025 03:10:36 PM [] []
[2025-11-13 15:15:35] SlimMonoLogger.ERROR: Requests_Exception: cURL error 52: Empty reply from server in /home/latihtal/public_html/agregator1/src/vendor/rmccue/requests/library/Requests/Transport/cURL.php:422
Stack trace:
#0 /home/latihtal/public_html/agregator1/src/vendor/rmccue/requests/library/Requests/Transport/cURL.php(177): Requests_Transport_cURL->process_response()
#1 /home/latihtal/public_html/agregator1/src/vendor/rmccue/requests/library/Requests.php(379): Requests_Transport_cURL->request()
#2 /home/latihtal/public_html/agregator1/src/vendor/rmccue/requests/library/Requests/Session.php(205): Requests::request()
#3 /home/latihtal/public_html/agregator1/src/vendor/rmccue/requests/library/Requests/Session.php(132): Requests_Session->request()
#4 /home/latihtal/public_html/agregator1/src/drivers/Http/RssImporter.php(144): Requests_Session->get()
#5 /home/latihtal/public_html/agregator1/src/controllers/Dashboard/DashboardFeedsController.php(534): spark\drivers\Http\RssImporter->fetchPosts()
#6 /home/latihtal/public_html/agregator1/src/controllers/Site/SiteController.php(722): spark\controllers\Dashboard\DashboardFeedsController::importFeedPosts()
#7 [internal function]: spark\controllers\Site\SiteController->runTasks()
#8 /home/latihtal/public_html/agregator1/src/framework/Route.php(173): call_user_func_array()
#9 [internal function]: Slim\Route->Slim\{closure}()
#10 /home/latihtal/public_html/agregator1/src/framework/Route.php(468): call_user_func_array()
#11 /home/latihtal/public_html/agregator1/src/framework/Slim.php(1364): Slim\Route->dispatch()
#12 /home/latihtal/public_html/agregator1/src/framework/Middleware/Flash.php(85): Slim\Slim->call()
#13 /home/latihtal/public_html/agregator1/src/framework/Middleware/MethodOverride.php(92): Slim\Middleware\Flash->call()
#14 /home/latihtal/public_html/agregator1/src/middlewares/CsrfGuard/CsrfGuard.php(47): Slim\Middleware\MethodOverride->call()
#15 /home/latihtal/public_html/agregator1/src/framework/Middleware/PrettyExceptions.php(67): spark\middlewares\CsrfGuard\CsrfGuard->call()
#16 /home/latihtal/public_html/agregator1/src/framework/Slim.php(1308): Slim\Middleware\PrettyExceptions->call()
#17 /home/latihtal/public_html/agregator1/index.php(6): Slim\Slim->run()
#18 {main} [] []
[2025-11-13 15:15:36] SlimMonoLogger.INFO: Cron ran at: 13-11-2025 03:15:36 PM [] []
[2025-11-13 15:20:39] SlimMonoLogger.INFO: Cron ran at: 13-11-2025 03:20:39 PM [] []
[2025-11-13 15:25:36] SlimMonoLogger.INFO: Cron ran at: 13-11-2025 03:25:36 PM [] []
[2025-11-13 15:30:40] SlimMonoLogger.INFO: Cron ran at: 13-11-2025 03:30:40 PM [] []
[2025-11-13 15:35:46] SlimMonoLogger.INFO: Cron ran at: 13-11-2025 03:35:46 PM [] []
[2025-11-13 15:40:37] SlimMonoLogger.INFO: Cron ran at: 13-11-2025 03:40:37 PM [] []
[2025-11-13 15:45:39] SlimMonoLogger.INFO: Cron ran at: 13-11-2025 03:45:39 PM [] []
[2025-11-13 15:50:36] SlimMonoLogger.INFO: Cron ran at: 13-11-2025 03:50:36 PM [] []
[2025-11-13 15:55:37] SlimMonoLogger.INFO: Cron ran at: 13-11-2025 03:55:37 PM [] []
[2025-11-13 16:00:39] SlimMonoLogger.INFO: Cron ran at: 13-11-2025 04:00:39 PM [] []
[2025-11-13 16:05:35] SlimMonoLogger.INFO: Cron ran at: 13-11-2025 04:05:35 PM [] []
[2025-11-13 16:10:40] SlimMonoLogger.INFO: Cron ran at: 13-11-2025 04:10:40 PM [] []
[2025-11-13 16:15:42] SlimMonoLogger.INFO: Cron ran at: 13-11-2025 04:15:42 PM [] []
[2025-11-13 16:20:38] SlimMonoLogger.INFO: Cron ran at: 13-11-2025 04:20:38 PM [] []
[2025-11-13 16:25:38] SlimMonoLogger.INFO: Cron ran at: 13-11-2025 04:25:38 PM [] []
[2025-11-13 16:30:38] SlimMonoLogger.INFO: Cron ran at: 13-11-2025 04:30:38 PM [] []
[2025-11-13 16:35:40] SlimMonoLogger.INFO: Cron ran at: 13-11-2025 04:35:40 PM [] []
[2025-11-13 16:40:40] SlimMonoLogger.INFO: Cron ran at: 13-11-2025 04:40:40 PM [] []
[2025-11-13 16:45:38] SlimMonoLogger.INFO: Cron ran at: 13-11-2025 04:45:38 PM [] []
[2025-11-13 16:50:44] SlimMonoLogger.INFO: Cron ran at: 13-11-2025 04:50:44 PM [] []
[2025-11-13 16:55:35] SlimMonoLogger.INFO: Cron ran at: 13-11-2025 04:55:35 PM [] []
[2025-11-13 17:00:37] SlimMonoLogger.INFO: Cron ran at: 13-11-2025 05:00:37 PM [] []
[2025-11-13 17:05:41] SlimMonoLogger.INFO: Cron ran at: 13-11-2025 05:05:41 PM [] []
[2025-11-13 17:10:40] SlimMonoLogger.INFO: Cron ran at: 13-11-2025 05:10:40 PM [] []
[2025-11-13 17:15:37] SlimMonoLogger.INFO: Cron ran at: 13-11-2025 05:15:37 PM [] []
[2025-11-13 17:20:53] SlimMonoLogger.INFO: Cron ran at: 13-11-2025 05:20:53 PM [] []
[2025-11-13 17:25:46] SlimMonoLogger.INFO: Cron ran at: 13-11-2025 05:25:46 PM [] []
[2025-11-13 17:30:36] SlimMonoLogger.INFO: Cron ran at: 13-11-2025 05:30:36 PM [] []
[2025-11-13 17:35:39] SlimMonoLogger.INFO: Cron ran at: 13-11-2025 05:35:39 PM [] []
[2025-11-13 17:40:34] SlimMonoLogger.INFO: Cron ran at: 13-11-2025 05:40:34 PM [] []
[2025-11-13 17:45:40] SlimMonoLogger.INFO: Cron ran at: 13-11-2025 05:45:40 PM [] []
[2025-11-13 17:50:34] SlimMonoLogger.INFO: Cron ran at: 13-11-2025 05:50:34 PM [] []
[2025-11-13 17:55:39] SlimMonoLogger.INFO: Cron ran at: 13-11-2025 05:55:39 PM [] []
[2025-11-13 18:00:41] SlimMonoLogger.INFO: Cron ran at: 13-11-2025 06:00:41 PM [] []
[2025-11-13 18:05:36] SlimMonoLogger.INFO: Cron ran at: 13-11-2025 06:05:36 PM [] []
[2025-11-13 18:10:33] SlimMonoLogger.INFO: Cron ran at: 13-11-2025 06:10:33 PM [] []
[2025-11-13 18:15:38] SlimMonoLogger.INFO: Cron ran at: 13-11-2025 06:15:38 PM [] []
[2025-11-13 18:20:41] SlimMonoLogger.INFO: Cron ran at: 13-11-2025 06:20:41 PM [] []
[2025-11-13 18:25:35] SlimMonoLogger.INFO: Cron ran at: 13-11-2025 06:25:35 PM [] []
[2025-11-13 18:30:41] SlimMonoLogger.INFO: Cron ran at: 13-11-2025 06:30:41 PM [] []
[2025-11-13 18:35:40] SlimMonoLogger.INFO: Cron ran at: 13-11-2025 06:35:40 PM [] []
[2025-11-13 18:40:38] SlimMonoLogger.INFO: Cron ran at: 13-11-2025 06:40:38 PM [] []
[2025-11-13 18:45:42] SlimMonoLogger.INFO: Cron ran at: 13-11-2025 06:45:42 PM [] []
[2025-11-13 18:50:40] SlimMonoLogger.INFO: Cron ran at: 13-11-2025 06:50:40 PM [] []
[2025-11-13 18:55:41] SlimMonoLogger.INFO: Cron ran at: 13-11-2025 06:55:41 PM [] []
[2025-11-13 19:00:50] SlimMonoLogger.INFO: Cron ran at: 13-11-2025 07:00:50 PM [] []
[2025-11-13 19:05:41] SlimMonoLogger.INFO: Cron ran at: 13-11-2025 07:05:41 PM [] []
[2025-11-13 19:10:38] SlimMonoLogger.INFO: Cron ran at: 13-11-2025 07:10:38 PM [] []
[2025-11-13 19:15:43] SlimMonoLogger.INFO: Cron ran at: 13-11-2025 07:15:43 PM [] []
[2025-11-13 19:20:37] SlimMonoLogger.INFO: Cron ran at: 13-11-2025 07:20:37 PM [] []
[2025-11-13 19:25:36] SlimMonoLogger.INFO: Cron ran at: 13-11-2025 07:25:36 PM [] []
[2025-11-13 19:30:50] SlimMonoLogger.INFO: Cron ran at: 13-11-2025 07:30:50 PM [] []
[2025-11-13 19:35:42] SlimMonoLogger.INFO: Cron ran at: 13-11-2025 07:35:42 PM [] []
[2025-11-13 19:40:42] SlimMonoLogger.INFO: Cron ran at: 13-11-2025 07:40:42 PM [] []
[2025-11-13 19:46:30] SlimMonoLogger.INFO: Cron ran at: 13-11-2025 07:46:30 PM [] []
[2025-11-13 19:50:38] SlimMonoLogger.INFO: Cron ran at: 13-11-2025 07:50:38 PM [] []
[2025-11-13 19:55:36] SlimMonoLogger.INFO: Cron ran at: 13-11-2025 07:55:36 PM [] []
[2025-11-13 20:00:37] SlimMonoLogger.INFO: Cron ran at: 13-11-2025 08:00:37 PM [] []
[2025-11-13 20:05:40] SlimMonoLogger.INFO: Cron ran at: 13-11-2025 08:05:40 PM [] []
[2025-11-13 20:10:45] SlimMonoLogger.INFO: Cron ran at: 13-11-2025 08:10:45 PM [] []
[2025-11-13 20:15:40] SlimMonoLogger.INFO: Cron ran at: 13-11-2025 08:15:40 PM [] []
[2025-11-13 20:20:42] SlimMonoLogger.INFO: Cron ran at: 13-11-2025 08:20:42 PM [] []
[2025-11-13 20:25:38] SlimMonoLogger.INFO: Cron ran at: 13-11-2025 08:25:38 PM [] []
[2025-11-13 20:30:45] SlimMonoLogger.INFO: Cron ran at: 13-11-2025 08:30:45 PM [] []
[2025-11-13 20:35:52] SlimMonoLogger.INFO: Cron ran at: 13-11-2025 08:35:52 PM [] []
[2025-11-13 20:40:52] SlimMonoLogger.INFO: Cron ran at: 13-11-2025 08:40:52 PM [] []
[2025-11-13 20:45:51] SlimMonoLogger.INFO: Cron ran at: 13-11-2025 08:45:51 PM [] []
[2025-11-13 20:50:43] SlimMonoLogger.INFO: Cron ran at: 13-11-2025 08:50:43 PM [] []
[2025-11-13 20:55:41] SlimMonoLogger.INFO: Cron ran at: 13-11-2025 08:55:41 PM [] []
[2025-11-13 21:00:41] SlimMonoLogger.INFO: Cron ran at: 13-11-2025 09:00:41 PM [] []
[2025-11-13 21:05:42] SlimMonoLogger.INFO: Cron ran at: 13-11-2025 09:05:42 PM [] []
[2025-11-13 21:10:39] SlimMonoLogger.INFO: Cron ran at: 13-11-2025 09:10:39 PM [] []
[2025-11-13 21:15:36] SlimMonoLogger.INFO: Cron ran at: 13-11-2025 09:15:36 PM [] []
[2025-11-13 21:20:34] SlimMonoLogger.INFO: Cron ran at: 13-11-2025 09:20:34 PM [] []
[2025-11-13 21:25:38] SlimMonoLogger.INFO: Cron ran at: 13-11-2025 09:25:38 PM [] []
[2025-11-13 21:30:43] SlimMonoLogger.INFO: Cron ran at: 13-11-2025 09:30:43 PM [] []
[2025-11-13 21:35:34] SlimMonoLogger.INFO: Cron ran at: 13-11-2025 09:35:34 PM [] []
[2025-11-13 21:40:39] SlimMonoLogger.INFO: Cron ran at: 13-11-2025 09:40:39 PM [] []
[2025-11-13 21:45:34] SlimMonoLogger.INFO: Cron ran at: 13-11-2025 09:45:34 PM [] []
[2025-11-13 21:50:36] SlimMonoLogger.INFO: Cron ran at: 13-11-2025 09:50:36 PM [] []
[2025-11-13 21:55:36] SlimMonoLogger.INFO: Cron ran at: 13-11-2025 09:55:36 PM [] []
[2025-11-13 22:00:42] SlimMonoLogger.INFO: Cron ran at: 13-11-2025 10:00:42 PM [] []
[2025-11-13 22:05:40] SlimMonoLogger.INFO: Cron ran at: 13-11-2025 10:05:40 PM [] []
[2025-11-13 22:10:40] SlimMonoLogger.INFO: Cron ran at: 13-11-2025 10:10:40 PM [] []
[2025-11-13 22:15:35] SlimMonoLogger.INFO: Cron ran at: 13-11-2025 10:15:35 PM [] []
[2025-11-13 22:20:38] SlimMonoLogger.INFO: Cron ran at: 13-11-2025 10:20:38 PM [] []
[2025-11-13 22:25:35] SlimMonoLogger.INFO: Cron ran at: 13-11-2025 10:25:35 PM [] []
[2025-11-13 22:30:39] SlimMonoLogger.INFO: Cron ran at: 13-11-2025 10:30:39 PM [] []
[2025-11-13 22:35:37] SlimMonoLogger.INFO: Cron ran at: 13-11-2025 10:35:37 PM [] []
[2025-11-13 22:40:40] SlimMonoLogger.INFO: Cron ran at: 13-11-2025 10:40:40 PM [] []
[2025-11-13 22:45:36] SlimMonoLogger.INFO: Cron ran at: 13-11-2025 10:45:36 PM [] []
[2025-11-13 22:50:34] SlimMonoLogger.INFO: Cron ran at: 13-11-2025 10:50:34 PM [] []
[2025-11-13 22:55:38] SlimMonoLogger.INFO: Cron ran at: 13-11-2025 10:55:38 PM [] []
[2025-11-13 23:00:38] SlimMonoLogger.INFO: Cron ran at: 13-11-2025 11:00:38 PM [] []
[2025-11-13 23:05:39] SlimMonoLogger.INFO: Cron ran at: 13-11-2025 11:05:39 PM [] []
[2025-11-13 23:10:36] SlimMonoLogger.INFO: Cron ran at: 13-11-2025 11:10:36 PM [] []
[2025-11-13 23:15:39] SlimMonoLogger.INFO: Cron ran at: 13-11-2025 11:15:39 PM [] []
[2025-11-13 23:20:43] SlimMonoLogger.INFO: Cron ran at: 13-11-2025 11:20:43 PM [] []
[2025-11-13 23:25:34] SlimMonoLogger.INFO: Cron ran at: 13-11-2025 11:25:34 PM [] []
[2025-11-13 23:30:41] SlimMonoLogger.INFO: Cron ran at: 13-11-2025 11:30:41 PM [] []
[2025-11-13 23:35:34] SlimMonoLogger.INFO: Cron ran at: 13-11-2025 11:35:34 PM [] []
[2025-11-13 23:40:39] SlimMonoLogger.INFO: Cron ran at: 13-11-2025 11:40:39 PM [] []
[2025-11-13 23:45:37] SlimMonoLogger.INFO: Cron ran at: 13-11-2025 11:45:37 PM [] []
[2025-11-13 23:50:36] SlimMonoLogger.INFO: Cron ran at: 13-11-2025 11:50:36 PM [] []
[2025-11-13 23:55:43] SlimMonoLogger.INFO: Cron ran at: 13-11-2025 11:55:43 PM [] []
[2025-11-14 00:00:35] SlimMonoLogger.INFO: Cron ran at: 14-11-2025 12:00:35 AM [] []
[2025-11-14 00:05:40] SlimMonoLogger.INFO: Cron ran at: 14-11-2025 12:05:40 AM [] []
[2025-11-14 00:10:36] SlimMonoLogger.INFO: Cron ran at: 14-11-2025 12:10:36 AM [] []
[2025-11-14 00:15:40] SlimMonoLogger.INFO: Cron ran at: 14-11-2025 12:15:40 AM [] []
[2025-11-14 00:20:38] SlimMonoLogger.INFO: Cron ran at: 14-11-2025 12:20:38 AM [] []
[2025-11-14 00:25:37] SlimMonoLogger.INFO: Cron ran at: 14-11-2025 12:25:37 AM [] []
[2025-11-14 00:31:09] SlimMonoLogger.INFO: Cron ran at: 14-11-2025 12:31:09 AM [] []
[2025-11-14 00:35:36] SlimMonoLogger.INFO: Cron ran at: 14-11-2025 12:35:36 AM [] []
[2025-11-14 00:40:54] SlimMonoLogger.INFO: Cron ran at: 14-11-2025 12:40:54 AM [] []
[2025-11-14 00:45:37] SlimMonoLogger.INFO: Cron ran at: 14-11-2025 12:45:37 AM [] []
[2025-11-14 00:50:45] SlimMonoLogger.INFO: Cron ran at: 14-11-2025 12:50:45 AM [] []
[2025-11-14 00:55:37] SlimMonoLogger.INFO: Cron ran at: 14-11-2025 12:55:37 AM [] []
