[2026-02-14 01:01:26] SlimMonoLogger.INFO: Cron ran at: 14-02-2026 01:01:26 AM [] []
[2026-02-14 01:06:27] SlimMonoLogger.INFO: Cron ran at: 14-02-2026 01:06:27 AM [] []
[2026-02-14 01:11:30] SlimMonoLogger.INFO: Cron ran at: 14-02-2026 01:11:30 AM [] []
[2026-02-14 01:16:34] SlimMonoLogger.INFO: Cron ran at: 14-02-2026 01:16:34 AM [] []
[2026-02-14 01:21:30] SlimMonoLogger.INFO: Cron ran at: 14-02-2026 01:21:30 AM [] []
[2026-02-14 01:26:11] SlimMonoLogger.INFO: Cron ran at: 14-02-2026 01:26:11 AM [] []
[2026-02-14 01:31:27] SlimMonoLogger.INFO: Cron ran at: 14-02-2026 01:31:27 AM [] []
[2026-02-14 01:36:19] SlimMonoLogger.INFO: Cron ran at: 14-02-2026 01:36:19 AM [] []
[2026-02-14 01:41:32] SlimMonoLogger.INFO: Cron ran at: 14-02-2026 01:41:32 AM [] []
[2026-02-14 01:46:33] SlimMonoLogger.INFO: Cron ran at: 14-02-2026 01:46:33 AM [] []
[2026-02-14 01:51:09] SlimMonoLogger.INFO: Cron ran at: 14-02-2026 01:51:09 AM [] []
[2026-02-14 01:56:14] SlimMonoLogger.INFO: Cron ran at: 14-02-2026 01:56:14 AM [] []
[2026-02-14 02:01:29] SlimMonoLogger.INFO: Cron ran at: 14-02-2026 02:01:29 AM [] []
[2026-02-14 02:06:21] SlimMonoLogger.INFO: Cron ran at: 14-02-2026 02:06:21 AM [] []
[2026-02-14 02:11:17] SlimMonoLogger.INFO: Cron ran at: 14-02-2026 02:11:17 AM [] []
[2026-02-14 02:16:34] SlimMonoLogger.INFO: Cron ran at: 14-02-2026 02:16:34 AM [] []
[2026-02-14 02:21:26] SlimMonoLogger.INFO: Cron ran at: 14-02-2026 02:21:26 AM [] []
[2026-02-14 02:26:24] SlimMonoLogger.INFO: Cron ran at: 14-02-2026 02:26:24 AM [] []
[2026-02-14 02:31:37] SlimMonoLogger.INFO: Cron ran at: 14-02-2026 02:31:37 AM [] []
[2026-02-14 02:38:01] SlimMonoLogger.INFO: Cron ran at: 14-02-2026 02:38:01 AM [] []
[2026-02-14 02:41:29] SlimMonoLogger.INFO: Cron ran at: 14-02-2026 02:41:29 AM [] []
[2026-02-14 02:51:13] SlimMonoLogger.INFO: Cron ran at: 14-02-2026 02:51:13 AM [] []
[2026-02-14 02:51:25] SlimMonoLogger.INFO: Cron ran at: 14-02-2026 02:51:25 AM [] []
[2026-02-14 02:56:21] SlimMonoLogger.INFO: Cron ran at: 14-02-2026 02:56:21 AM [] []
[2026-02-14 03:01:46] SlimMonoLogger.INFO: Cron ran at: 14-02-2026 03:01:46 AM [] []
[2026-02-14 03:11:19] SlimMonoLogger.INFO: Cron ran at: 14-02-2026 03:11:19 AM [] []
[2026-02-14 03:11:22] SlimMonoLogger.INFO: Cron ran at: 14-02-2026 03:11:22 AM [] []
[2026-02-14 03:16:32] SlimMonoLogger.INFO: Cron ran at: 14-02-2026 03:16:32 AM [] []
[2026-02-14 03:21:29] SlimMonoLogger.INFO: Cron ran at: 14-02-2026 03:21:29 AM [] []
[2026-02-14 03:26:26] SlimMonoLogger.INFO: Cron ran at: 14-02-2026 03:26:26 AM [] []
[2026-02-14 03:31:28] SlimMonoLogger.INFO: Cron ran at: 14-02-2026 03:31:28 AM [] []
[2026-02-14 03:41:18] SlimMonoLogger.INFO: Cron ran at: 14-02-2026 03:41:18 AM [] []
[2026-02-14 03:41:19] SlimMonoLogger.INFO: Cron ran at: 14-02-2026 03:41:19 AM [] []
[2026-02-14 03:46:26] SlimMonoLogger.INFO: Cron ran at: 14-02-2026 03:46:26 AM [] []
[2026-02-14 03:51:20] SlimMonoLogger.INFO: Cron ran at: 14-02-2026 03:51:20 AM [] []
[2026-02-14 03:56:22] SlimMonoLogger.INFO: Cron ran at: 14-02-2026 03:56:22 AM [] []
[2026-02-14 04:01:24] SlimMonoLogger.INFO: Cron ran at: 14-02-2026 04:01:24 AM [] []
[2026-02-14 04:06:27] SlimMonoLogger.INFO: Cron ran at: 14-02-2026 04:06:27 AM [] []
[2026-02-14 04:11:27] SlimMonoLogger.INFO: Cron ran at: 14-02-2026 04:11:27 AM [] []
[2026-02-14 04:16:33] SlimMonoLogger.INFO: Cron ran at: 14-02-2026 04:16:33 AM [] []
[2026-02-14 04:21:29] SlimMonoLogger.INFO: Cron ran at: 14-02-2026 04:21:29 AM [] []
[2026-02-14 04:26:20] SlimMonoLogger.INFO: Cron ran at: 14-02-2026 04:26:20 AM [] []
[2026-02-14 04:31:26] SlimMonoLogger.INFO: Cron ran at: 14-02-2026 04:31:26 AM [] []
[2026-02-14 04:36:19] SlimMonoLogger.INFO: Cron ran at: 14-02-2026 04:36:19 AM [] []
[2026-02-14 04:41:29] SlimMonoLogger.INFO: Cron ran at: 14-02-2026 04:41:29 AM [] []
[2026-02-14 04:46:28] SlimMonoLogger.INFO: Cron ran at: 14-02-2026 04:46:28 AM [] []
[2026-02-14 04:51:10] SlimMonoLogger.INFO: Cron ran at: 14-02-2026 04:51:10 AM [] []
[2026-02-14 04:56:18] SlimMonoLogger.INFO: Cron ran at: 14-02-2026 04:56:18 AM [] []
[2026-02-14 05:01:12] SlimMonoLogger.INFO: Cron ran at: 14-02-2026 05:01:12 AM [] []
[2026-02-14 05:06:05] SlimMonoLogger.INFO: Cron ran at: 14-02-2026 05:06:05 AM [] []
[2026-02-14 05:11:23] SlimMonoLogger.INFO: Cron ran at: 14-02-2026 05:11:23 AM [] []
[2026-02-14 05:16:21] SlimMonoLogger.INFO: Cron ran at: 14-02-2026 05:16:21 AM [] []
[2026-02-14 05:21:18] SlimMonoLogger.INFO: Cron ran at: 14-02-2026 05:21:18 AM [] []
[2026-02-14 05:26:18] SlimMonoLogger.INFO: Cron ran at: 14-02-2026 05:26:18 AM [] []
[2026-02-14 05:31:29] SlimMonoLogger.INFO: Cron ran at: 14-02-2026 05:31:29 AM [] []
[2026-02-14 05:36:23] SlimMonoLogger.INFO: Cron ran at: 14-02-2026 05:36:23 AM [] []
[2026-02-14 05:41:17] SlimMonoLogger.INFO: Cron ran at: 14-02-2026 05:41:17 AM [] []
[2026-02-14 05:46:18] SlimMonoLogger.INFO: Cron ran at: 14-02-2026 05:46:18 AM [] []
[2026-02-14 05:51:20] SlimMonoLogger.INFO: Cron ran at: 14-02-2026 05:51:20 AM [] []
[2026-02-14 05:56:19] SlimMonoLogger.INFO: Cron ran at: 14-02-2026 05:56:19 AM [] []
[2026-02-14 06:01:35] SlimMonoLogger.INFO: Cron ran at: 14-02-2026 06:01:35 AM [] []
[2026-02-14 06:06:34] SlimMonoLogger.INFO: Cron ran at: 14-02-2026 06:06:34 AM [] []
[2026-02-14 06:11:24] SlimMonoLogger.INFO: Cron ran at: 14-02-2026 06:11:24 AM [] []
[2026-02-14 06:16:21] SlimMonoLogger.INFO: Cron ran at: 14-02-2026 06:16:21 AM [] []
[2026-02-14 06:21:18] SlimMonoLogger.INFO: Cron ran at: 14-02-2026 06:21:18 AM [] []
[2026-02-14 06:26:25] SlimMonoLogger.INFO: Cron ran at: 14-02-2026 06:26:25 AM [] []
[2026-02-14 06:31:18] SlimMonoLogger.INFO: Cron ran at: 14-02-2026 06:31:18 AM [] []
[2026-02-14 06:36:18] SlimMonoLogger.INFO: Cron ran at: 14-02-2026 06:36:18 AM [] []
[2026-02-14 06:41:17] SlimMonoLogger.INFO: Cron ran at: 14-02-2026 06:41:17 AM [] []
[2026-02-14 06:46:11] SlimMonoLogger.INFO: Cron ran at: 14-02-2026 06:46:11 AM [] []
[2026-02-14 06:51:13] SlimMonoLogger.INFO: Cron ran at: 14-02-2026 06:51:13 AM [] []
[2026-02-14 06:56:11] SlimMonoLogger.INFO: Cron ran at: 14-02-2026 06:56:11 AM [] []
[2026-02-14 07:01:15] SlimMonoLogger.INFO: Cron ran at: 14-02-2026 07:01:15 AM [] []
[2026-02-14 07:06:02] SlimMonoLogger.INFO: Cron ran at: 14-02-2026 07:06:02 AM [] []
[2026-02-14 07:11:04] SlimMonoLogger.INFO: Cron ran at: 14-02-2026 07:11:04 AM [] []
[2026-02-14 07:16:05] SlimMonoLogger.INFO: Cron ran at: 14-02-2026 07:16:05 AM [] []
[2026-02-14 07:21:06] SlimMonoLogger.INFO: Cron ran at: 14-02-2026 07:21:06 AM [] []
[2026-02-14 07:26:08] SlimMonoLogger.INFO: Cron ran at: 14-02-2026 07:26:08 AM [] []
[2026-02-14 07:31:11] SlimMonoLogger.INFO: Cron ran at: 14-02-2026 07:31:11 AM [] []
[2026-02-14 07:36:06] SlimMonoLogger.INFO: Cron ran at: 14-02-2026 07:36:06 AM [] []
[2026-02-14 07:41:03] SlimMonoLogger.INFO: Cron ran at: 14-02-2026 07:41:03 AM [] []
[2026-02-14 07:46:07] SlimMonoLogger.INFO: Cron ran at: 14-02-2026 07:46:07 AM [] []
[2026-02-14 07:51:08] SlimMonoLogger.INFO: Cron ran at: 14-02-2026 07:51:08 AM [] []
[2026-02-14 07:56:03] SlimMonoLogger.INFO: Cron ran at: 14-02-2026 07:56:03 AM [] []
[2026-02-14 08:01:16] SlimMonoLogger.INFO: Cron ran at: 14-02-2026 08:01:16 AM [] []
[2026-02-14 08:06:08] SlimMonoLogger.INFO: Cron ran at: 14-02-2026 08:06:08 AM [] []
[2026-02-14 08:11:11] SlimMonoLogger.INFO: Cron ran at: 14-02-2026 08:11:11 AM [] []
[2026-02-14 08:16:10] SlimMonoLogger.INFO: Cron ran at: 14-02-2026 08:16:10 AM [] []
[2026-02-14 08:21:19] SlimMonoLogger.INFO: Cron ran at: 14-02-2026 08:21:19 AM [] []
[2026-02-14 08:26:07] SlimMonoLogger.INFO: Cron ran at: 14-02-2026 08:26:07 AM [] []
[2026-02-14 08:39:00] SlimMonoLogger.ERROR: Requests_Exception: cURL error 28: Operation timed out after 500000 milliseconds with 71513 bytes received in /home/latihtal/public_html/agregator1/src/vendor/rmccue/requests/library/Requests/Transport/cURL.php:422
Stack trace:
#0 /home/latihtal/public_html/agregator1/src/vendor/rmccue/requests/library/Requests/Transport/cURL.php(177): Requests_Transport_cURL->process_response()
#1 /home/latihtal/public_html/agregator1/src/vendor/rmccue/requests/library/Requests.php(379): Requests_Transport_cURL->request()
#2 /home/latihtal/public_html/agregator1/src/vendor/rmccue/requests/library/Requests/Session.php(205): Requests::request()
#3 /home/latihtal/public_html/agregator1/src/vendor/rmccue/requests/library/Requests/Session.php(132): Requests_Session->request()
#4 /home/latihtal/public_html/agregator1/src/drivers/Http/RssImporter.php(144): Requests_Session->get()
#5 /home/latihtal/public_html/agregator1/src/controllers/Dashboard/DashboardFeedsController.php(534): spark\drivers\Http\RssImporter->fetchPosts()
#6 /home/latihtal/public_html/agregator1/src/controllers/Site/SiteController.php(722): spark\controllers\Dashboard\DashboardFeedsController::importFeedPosts()
#7 [internal function]: spark\controllers\Site\SiteController->runTasks()
#8 /home/latihtal/public_html/agregator1/src/framework/Route.php(173): call_user_func_array()
#9 [internal function]: Slim\Route->Slim\{closure}()
#10 /home/latihtal/public_html/agregator1/src/framework/Route.php(468): call_user_func_array()
#11 /home/latihtal/public_html/agregator1/src/framework/Slim.php(1364): Slim\Route->dispatch()
#12 /home/latihtal/public_html/agregator1/src/framework/Middleware/Flash.php(85): Slim\Slim->call()
#13 /home/latihtal/public_html/agregator1/src/framework/Middleware/MethodOverride.php(92): Slim\Middleware\Flash->call()
#14 /home/latihtal/public_html/agregator1/src/middlewares/CsrfGuard/CsrfGuard.php(47): Slim\Middleware\MethodOverride->call()
#15 /home/latihtal/public_html/agregator1/src/framework/Middleware/PrettyExceptions.php(67): spark\middlewares\CsrfGuard\CsrfGuard->call()
#16 /home/latihtal/public_html/agregator1/src/framework/Slim.php(1308): Slim\Middleware\PrettyExceptions->call()
#17 /home/latihtal/public_html/agregator1/index.php(6): Slim\Slim->run()
#18 {main} [] []
[2026-02-14 08:43:31] SlimMonoLogger.ERROR: Requests_Exception: cURL error 28: Connection timed out after 500000 milliseconds in /home/latihtal/public_html/agregator1/src/vendor/rmccue/requests/library/Requests/Transport/cURL.php:422
Stack trace:
#0 /home/latihtal/public_html/agregator1/src/vendor/rmccue/requests/library/Requests/Transport/cURL.php(177): Requests_Transport_cURL->process_response()
#1 /home/latihtal/public_html/agregator1/src/vendor/rmccue/requests/library/Requests.php(379): Requests_Transport_cURL->request()
#2 /home/latihtal/public_html/agregator1/src/vendor/rmccue/requests/library/Requests/Session.php(205): Requests::request()
#3 /home/latihtal/public_html/agregator1/src/vendor/rmccue/requests/library/Requests/Session.php(132): Requests_Session->request()
#4 /home/latihtal/public_html/agregator1/src/drivers/Http/RssImporter.php(144): Requests_Session->get()
#5 /home/latihtal/public_html/agregator1/src/controllers/Dashboard/DashboardFeedsController.php(534): spark\drivers\Http\RssImporter->fetchPosts()
#6 /home/latihtal/public_html/agregator1/src/controllers/Site/SiteController.php(722): spark\controllers\Dashboard\DashboardFeedsController::importFeedPosts()
#7 [internal function]: spark\controllers\Site\SiteController->runTasks()
#8 /home/latihtal/public_html/agregator1/src/framework/Route.php(173): call_user_func_array()
#9 [internal function]: Slim\Route->Slim\{closure}()
#10 /home/latihtal/public_html/agregator1/src/framework/Route.php(468): call_user_func_array()
#11 /home/latihtal/public_html/agregator1/src/framework/Slim.php(1364): Slim\Route->dispatch()
#12 /home/latihtal/public_html/agregator1/src/framework/Middleware/Flash.php(85): Slim\Slim->call()
#13 /home/latihtal/public_html/agregator1/src/framework/Middleware/MethodOverride.php(92): Slim\Middleware\Flash->call()
#14 /home/latihtal/public_html/agregator1/src/middlewares/CsrfGuard/CsrfGuard.php(47): Slim\Middleware\MethodOverride->call()
#15 /home/latihtal/public_html/agregator1/src/framework/Middleware/PrettyExceptions.php(67): spark\middlewares\CsrfGuard\CsrfGuard->call()
#16 /home/latihtal/public_html/agregator1/src/framework/Slim.php(1308): Slim\Middleware\PrettyExceptions->call()
#17 /home/latihtal/public_html/agregator1/index.php(6): Slim\Slim->run()
#18 {main} [] []
[2026-02-14 08:49:36] SlimMonoLogger.ERROR: Requests_Exception: cURL error 28: Connection timed out after 500002 milliseconds in /home/latihtal/public_html/agregator1/src/vendor/rmccue/requests/library/Requests/Transport/cURL.php:422
Stack trace:
#0 /home/latihtal/public_html/agregator1/src/vendor/rmccue/requests/library/Requests/Transport/cURL.php(177): Requests_Transport_cURL->process_response()
#1 /home/latihtal/public_html/agregator1/src/vendor/rmccue/requests/library/Requests.php(379): Requests_Transport_cURL->request()
#2 /home/latihtal/public_html/agregator1/src/vendor/rmccue/requests/library/Requests/Session.php(205): Requests::request()
#3 /home/latihtal/public_html/agregator1/src/vendor/rmccue/requests/library/Requests/Session.php(132): Requests_Session->request()
#4 /home/latihtal/public_html/agregator1/src/drivers/Http/RssImporter.php(144): Requests_Session->get()
#5 /home/latihtal/public_html/agregator1/src/controllers/Dashboard/DashboardFeedsController.php(534): spark\drivers\Http\RssImporter->fetchPosts()
#6 /home/latihtal/public_html/agregator1/src/controllers/Site/SiteController.php(722): spark\controllers\Dashboard\DashboardFeedsController::importFeedPosts()
#7 [internal function]: spark\controllers\Site\SiteController->runTasks()
#8 /home/latihtal/public_html/agregator1/src/framework/Route.php(173): call_user_func_array()
#9 [internal function]: Slim\Route->Slim\{closure}()
#10 /home/latihtal/public_html/agregator1/src/framework/Route.php(468): call_user_func_array()
#11 /home/latihtal/public_html/agregator1/src/framework/Slim.php(1364): Slim\Route->dispatch()
#12 /home/latihtal/public_html/agregator1/src/framework/Middleware/Flash.php(85): Slim\Slim->call()
#13 /home/latihtal/public_html/agregator1/src/framework/Middleware/MethodOverride.php(92): Slim\Middleware\Flash->call()
#14 /home/latihtal/public_html/agregator1/src/middlewares/CsrfGuard/CsrfGuard.php(47): Slim\Middleware\MethodOverride->call()
#15 /home/latihtal/public_html/agregator1/src/framework/Middleware/PrettyExceptions.php(67): spark\middlewares\CsrfGuard\CsrfGuard->call()
#16 /home/latihtal/public_html/agregator1/src/framework/Slim.php(1308): Slim\Middleware\PrettyExceptions->call()
#17 /home/latihtal/public_html/agregator1/index.php(6): Slim\Slim->run()
#18 {main} [] []
[2026-02-14 08:50:04] SlimMonoLogger.ERROR: Requests_Exception: cURL error 28: Connection timed out after 500002 milliseconds in /home/latihtal/public_html/agregator1/src/vendor/rmccue/requests/library/Requests/Transport/cURL.php:422
Stack trace:
#0 /home/latihtal/public_html/agregator1/src/vendor/rmccue/requests/library/Requests/Transport/cURL.php(177): Requests_Transport_cURL->process_response()
#1 /home/latihtal/public_html/agregator1/src/vendor/rmccue/requests/library/Requests.php(379): Requests_Transport_cURL->request()
#2 /home/latihtal/public_html/agregator1/src/vendor/rmccue/requests/library/Requests/Session.php(205): Requests::request()
#3 /home/latihtal/public_html/agregator1/src/vendor/rmccue/requests/library/Requests/Session.php(132): Requests_Session->request()
#4 /home/latihtal/public_html/agregator1/src/drivers/Http/RssImporter.php(144): Requests_Session->get()
#5 /home/latihtal/public_html/agregator1/src/controllers/Dashboard/DashboardFeedsController.php(534): spark\drivers\Http\RssImporter->fetchPosts()
#6 /home/latihtal/public_html/agregator1/src/controllers/Site/SiteController.php(722): spark\controllers\Dashboard\DashboardFeedsController::importFeedPosts()
#7 [internal function]: spark\controllers\Site\SiteController->runTasks()
#8 /home/latihtal/public_html/agregator1/src/framework/Route.php(173): call_user_func_array()
#9 [internal function]: Slim\Route->Slim\{closure}()
#10 /home/latihtal/public_html/agregator1/src/framework/Route.php(468): call_user_func_array()
#11 /home/latihtal/public_html/agregator1/src/framework/Slim.php(1364): Slim\Route->dispatch()
#12 /home/latihtal/public_html/agregator1/src/framework/Middleware/Flash.php(85): Slim\Slim->call()
#13 /home/latihtal/public_html/agregator1/src/framework/Middleware/MethodOverride.php(92): Slim\Middleware\Flash->call()
#14 /home/latihtal/public_html/agregator1/src/middlewares/CsrfGuard/CsrfGuard.php(47): Slim\Middleware\MethodOverride->call()
#15 /home/latihtal/public_html/agregator1/src/framework/Middleware/PrettyExceptions.php(67): spark\middlewares\CsrfGuard\CsrfGuard->call()
#16 /home/latihtal/public_html/agregator1/src/framework/Slim.php(1308): Slim\Middleware\PrettyExceptions->call()
#17 /home/latihtal/public_html/agregator1/index.php(6): Slim\Slim->run()
#18 {main} [] []
[2026-02-14 08:50:17] SlimMonoLogger.INFO: Cron ran at: 14-02-2026 08:50:17 AM [] []
[2026-02-14 08:50:43] SlimMonoLogger.INFO: Cron ran at: 14-02-2026 08:50:43 AM [] []
[2026-02-14 08:51:31] SlimMonoLogger.INFO: Cron ran at: 14-02-2026 08:51:31 AM [] []
[2026-02-14 08:51:52] SlimMonoLogger.ERROR: Requests_Exception: cURL error 28: Connection timed out after 500002 milliseconds in /home/latihtal/public_html/agregator1/src/vendor/rmccue/requests/library/Requests/Transport/cURL.php:422
Stack trace:
#0 /home/latihtal/public_html/agregator1/src/vendor/rmccue/requests/library/Requests/Transport/cURL.php(177): Requests_Transport_cURL->process_response()
#1 /home/latihtal/public_html/agregator1/src/vendor/rmccue/requests/library/Requests.php(379): Requests_Transport_cURL->request()
#2 /home/latihtal/public_html/agregator1/src/vendor/rmccue/requests/library/Requests/Session.php(205): Requests::request()
#3 /home/latihtal/public_html/agregator1/src/vendor/rmccue/requests/library/Requests/Session.php(132): Requests_Session->request()
#4 /home/latihtal/public_html/agregator1/src/drivers/Http/RssImporter.php(144): Requests_Session->get()
#5 /home/latihtal/public_html/agregator1/src/controllers/Dashboard/DashboardFeedsController.php(534): spark\drivers\Http\RssImporter->fetchPosts()
#6 /home/latihtal/public_html/agregator1/src/controllers/Site/SiteController.php(722): spark\controllers\Dashboard\DashboardFeedsController::importFeedPosts()
#7 [internal function]: spark\controllers\Site\SiteController->runTasks()
#8 /home/latihtal/public_html/agregator1/src/framework/Route.php(173): call_user_func_array()
#9 [internal function]: Slim\Route->Slim\{closure}()
#10 /home/latihtal/public_html/agregator1/src/framework/Route.php(468): call_user_func_array()
#11 /home/latihtal/public_html/agregator1/src/framework/Slim.php(1364): Slim\Route->dispatch()
#12 /home/latihtal/public_html/agregator1/src/framework/Middleware/Flash.php(85): Slim\Slim->call()
#13 /home/latihtal/public_html/agregator1/src/framework/Middleware/MethodOverride.php(92): Slim\Middleware\Flash->call()
#14 /home/latihtal/public_html/agregator1/src/middlewares/CsrfGuard/CsrfGuard.php(47): Slim\Middleware\MethodOverride->call()
#15 /home/latihtal/public_html/agregator1/src/framework/Middleware/PrettyExceptions.php(67): spark\middlewares\CsrfGuard\CsrfGuard->call()
#16 /home/latihtal/public_html/agregator1/src/framework/Slim.php(1308): Slim\Middleware\PrettyExceptions->call()
#17 /home/latihtal/public_html/agregator1/index.php(6): Slim\Slim->run()
#18 {main} [] []
[2026-02-14 08:53:18] SlimMonoLogger.INFO: Cron ran at: 14-02-2026 08:53:18 AM [] []
[2026-02-14 08:53:42] SlimMonoLogger.ERROR: Requests_Exception: cURL error 28: Connection timed out after 500003 milliseconds in /home/latihtal/public_html/agregator1/src/vendor/rmccue/requests/library/Requests/Transport/cURL.php:422
Stack trace:
#0 /home/latihtal/public_html/agregator1/src/vendor/rmccue/requests/library/Requests/Transport/cURL.php(177): Requests_Transport_cURL->process_response()
#1 /home/latihtal/public_html/agregator1/src/vendor/rmccue/requests/library/Requests.php(379): Requests_Transport_cURL->request()
#2 /home/latihtal/public_html/agregator1/src/vendor/rmccue/requests/library/Requests/Session.php(205): Requests::request()
#3 /home/latihtal/public_html/agregator1/src/vendor/rmccue/requests/library/Requests/Session.php(132): Requests_Session->request()
#4 /home/latihtal/public_html/agregator1/src/drivers/Http/RssImporter.php(144): Requests_Session->get()
#5 /home/latihtal/public_html/agregator1/src/controllers/Dashboard/DashboardFeedsController.php(534): spark\drivers\Http\RssImporter->fetchPosts()
#6 /home/latihtal/public_html/agregator1/src/controllers/Site/SiteController.php(722): spark\controllers\Dashboard\DashboardFeedsController::importFeedPosts()
#7 [internal function]: spark\controllers\Site\SiteController->runTasks()
#8 /home/latihtal/public_html/agregator1/src/framework/Route.php(173): call_user_func_array()
#9 [internal function]: Slim\Route->Slim\{closure}()
#10 /home/latihtal/public_html/agregator1/src/framework/Route.php(468): call_user_func_array()
#11 /home/latihtal/public_html/agregator1/src/framework/Slim.php(1364): Slim\Route->dispatch()
#12 /home/latihtal/public_html/agregator1/src/framework/Middleware/Flash.php(85): Slim\Slim->call()
#13 /home/latihtal/public_html/agregator1/src/framework/Middleware/MethodOverride.php(92): Slim\Middleware\Flash->call()
#14 /home/latihtal/public_html/agregator1/src/middlewares/CsrfGuard/CsrfGuard.php(47): Slim\Middleware\MethodOverride->call()
#15 /home/latihtal/public_html/agregator1/src/framework/Middleware/PrettyExceptions.php(67): spark\middlewares\CsrfGuard\CsrfGuard->call()
#16 /home/latihtal/public_html/agregator1/src/framework/Slim.php(1308): Slim\Middleware\PrettyExceptions->call()
#17 /home/latihtal/public_html/agregator1/index.php(6): Slim\Slim->run()
#18 {main} [] []
[2026-02-14 08:55:00] SlimMonoLogger.INFO: Cron ran at: 14-02-2026 08:55:00 AM [] []
[2026-02-14 08:56:13] SlimMonoLogger.INFO: Cron ran at: 14-02-2026 08:56:13 AM [] []
[2026-02-14 09:01:49] SlimMonoLogger.INFO: Cron ran at: 14-02-2026 09:01:49 AM [] []
[2026-02-14 09:06:38] SlimMonoLogger.INFO: Cron ran at: 14-02-2026 09:06:38 AM [] []
[2026-02-14 09:11:38] SlimMonoLogger.INFO: Cron ran at: 14-02-2026 09:11:38 AM [] []
[2026-02-14 09:16:47] SlimMonoLogger.INFO: Cron ran at: 14-02-2026 09:16:47 AM [] []
[2026-02-14 09:21:24] SlimMonoLogger.INFO: Cron ran at: 14-02-2026 09:21:24 AM [] []
[2026-02-14 09:26:43] SlimMonoLogger.INFO: Cron ran at: 14-02-2026 09:26:43 AM [] []
[2026-02-14 09:36:41] SlimMonoLogger.INFO: Cron ran at: 14-02-2026 09:36:41 AM [] []
[2026-02-14 09:41:32] SlimMonoLogger.INFO: Cron ran at: 14-02-2026 09:41:32 AM [] []
[2026-02-14 09:46:31] SlimMonoLogger.INFO: Cron ran at: 14-02-2026 09:46:31 AM [] []
[2026-02-14 09:51:17] SlimMonoLogger.INFO: Cron ran at: 14-02-2026 09:51:17 AM [] []
[2026-02-14 09:56:26] SlimMonoLogger.INFO: Cron ran at: 14-02-2026 09:56:26 AM [] []
[2026-02-14 10:06:37] SlimMonoLogger.INFO: Cron ran at: 14-02-2026 10:06:37 AM [] []
[2026-02-14 10:11:20] SlimMonoLogger.INFO: Cron ran at: 14-02-2026 10:11:20 AM [] []
[2026-02-14 10:16:21] SlimMonoLogger.INFO: Cron ran at: 14-02-2026 10:16:21 AM [] []
[2026-02-14 10:21:43] SlimMonoLogger.INFO: Cron ran at: 14-02-2026 10:21:43 AM [] []
[2026-02-14 10:26:39] SlimMonoLogger.INFO: Cron ran at: 14-02-2026 10:26:39 AM [] []
[2026-02-14 10:31:40] SlimMonoLogger.INFO: Cron ran at: 14-02-2026 10:31:40 AM [] []
[2026-02-14 10:36:36] SlimMonoLogger.INFO: Cron ran at: 14-02-2026 10:36:36 AM [] []
[2026-02-14 10:41:31] SlimMonoLogger.INFO: Cron ran at: 14-02-2026 10:41:31 AM [] []
[2026-02-14 10:46:35] SlimMonoLogger.INFO: Cron ran at: 14-02-2026 10:46:35 AM [] []
[2026-02-14 10:51:43] SlimMonoLogger.INFO: Cron ran at: 14-02-2026 10:51:43 AM [] []
[2026-02-14 10:56:28] SlimMonoLogger.INFO: Cron ran at: 14-02-2026 10:56:28 AM [] []
[2026-02-14 11:01:40] SlimMonoLogger.INFO: Cron ran at: 14-02-2026 11:01:40 AM [] []
[2026-02-14 11:06:28] SlimMonoLogger.INFO: Cron ran at: 14-02-2026 11:06:28 AM [] []
[2026-02-14 11:11:43] SlimMonoLogger.INFO: Cron ran at: 14-02-2026 11:11:43 AM [] []
[2026-02-14 11:16:40] SlimMonoLogger.INFO: Cron ran at: 14-02-2026 11:16:40 AM [] []
[2026-02-14 11:21:36] SlimMonoLogger.INFO: Cron ran at: 14-02-2026 11:21:36 AM [] []
[2026-02-14 11:26:35] SlimMonoLogger.INFO: Cron ran at: 14-02-2026 11:26:35 AM [] []
[2026-02-14 11:31:36] SlimMonoLogger.INFO: Cron ran at: 14-02-2026 11:31:36 AM [] []
[2026-02-14 11:36:20] SlimMonoLogger.INFO: Cron ran at: 14-02-2026 11:36:20 AM [] []
[2026-02-14 11:41:30] SlimMonoLogger.INFO: Cron ran at: 14-02-2026 11:41:30 AM [] []
[2026-02-14 11:46:27] SlimMonoLogger.INFO: Cron ran at: 14-02-2026 11:46:27 AM [] []
[2026-02-14 11:51:36] SlimMonoLogger.INFO: Cron ran at: 14-02-2026 11:51:36 AM [] []
[2026-02-14 11:56:19] SlimMonoLogger.INFO: Cron ran at: 14-02-2026 11:56:19 AM [] []
[2026-02-14 12:01:47] SlimMonoLogger.INFO: Cron ran at: 14-02-2026 12:01:47 PM [] []
[2026-02-14 12:06:29] SlimMonoLogger.INFO: Cron ran at: 14-02-2026 12:06:29 PM [] []
[2026-02-14 12:11:30] SlimMonoLogger.INFO: Cron ran at: 14-02-2026 12:11:30 PM [] []
[2026-02-14 12:16:22] SlimMonoLogger.INFO: Cron ran at: 14-02-2026 12:16:22 PM [] []
[2026-02-14 12:21:25] SlimMonoLogger.INFO: Cron ran at: 14-02-2026 12:21:25 PM [] []
[2026-02-14 12:26:36] SlimMonoLogger.INFO: Cron ran at: 14-02-2026 12:26:36 PM [] []
[2026-02-14 12:31:35] SlimMonoLogger.INFO: Cron ran at: 14-02-2026 12:31:35 PM [] []
[2026-02-14 12:36:39] SlimMonoLogger.INFO: Cron ran at: 14-02-2026 12:36:39 PM [] []
[2026-02-14 12:41:32] SlimMonoLogger.INFO: Cron ran at: 14-02-2026 12:41:32 PM [] []
[2026-02-14 12:46:30] SlimMonoLogger.INFO: Cron ran at: 14-02-2026 12:46:30 PM [] []
[2026-02-14 12:51:29] SlimMonoLogger.INFO: Cron ran at: 14-02-2026 12:51:29 PM [] []
[2026-02-14 12:56:36] SlimMonoLogger.INFO: Cron ran at: 14-02-2026 12:56:36 PM [] []
[2026-02-14 13:01:36] SlimMonoLogger.INFO: Cron ran at: 14-02-2026 01:01:36 PM [] []
[2026-02-14 13:06:31] SlimMonoLogger.INFO: Cron ran at: 14-02-2026 01:06:31 PM [] []
[2026-02-14 13:11:23] SlimMonoLogger.INFO: Cron ran at: 14-02-2026 01:11:23 PM [] []
[2026-02-14 13:16:26] SlimMonoLogger.INFO: Cron ran at: 14-02-2026 01:16:26 PM [] []
[2026-02-14 13:21:33] SlimMonoLogger.INFO: Cron ran at: 14-02-2026 01:21:33 PM [] []
[2026-02-14 13:26:35] SlimMonoLogger.INFO: Cron ran at: 14-02-2026 01:26:35 PM [] []
[2026-02-14 13:31:29] SlimMonoLogger.INFO: Cron ran at: 14-02-2026 01:31:29 PM [] []
[2026-02-14 13:36:36] SlimMonoLogger.INFO: Cron ran at: 14-02-2026 01:36:36 PM [] []
[2026-02-14 13:41:36] SlimMonoLogger.INFO: Cron ran at: 14-02-2026 01:41:36 PM [] []
[2026-02-14 13:46:31] SlimMonoLogger.INFO: Cron ran at: 14-02-2026 01:46:31 PM [] []
[2026-02-14 13:51:29] SlimMonoLogger.INFO: Cron ran at: 14-02-2026 01:51:29 PM [] []
[2026-02-14 13:56:40] SlimMonoLogger.INFO: Cron ran at: 14-02-2026 01:56:40 PM [] []
[2026-02-14 14:01:42] SlimMonoLogger.INFO: Cron ran at: 14-02-2026 02:01:42 PM [] []
[2026-02-14 14:06:37] SlimMonoLogger.INFO: Cron ran at: 14-02-2026 02:06:37 PM [] []
[2026-02-14 14:11:24] SlimMonoLogger.INFO: Cron ran at: 14-02-2026 02:11:24 PM [] []
[2026-02-14 14:16:27] SlimMonoLogger.INFO: Cron ran at: 14-02-2026 02:16:27 PM [] []
[2026-02-14 14:21:35] SlimMonoLogger.INFO: Cron ran at: 14-02-2026 02:21:35 PM [] []
[2026-02-14 14:26:23] SlimMonoLogger.INFO: Cron ran at: 14-02-2026 02:26:23 PM [] []
[2026-02-14 14:31:40] SlimMonoLogger.INFO: Cron ran at: 14-02-2026 02:31:40 PM [] []
[2026-02-14 14:36:23] SlimMonoLogger.INFO: Cron ran at: 14-02-2026 02:36:23 PM [] []
[2026-02-14 14:41:36] SlimMonoLogger.INFO: Cron ran at: 14-02-2026 02:41:36 PM [] []
[2026-02-14 14:46:42] SlimMonoLogger.INFO: Cron ran at: 14-02-2026 02:46:42 PM [] []
[2026-02-14 14:51:21] SlimMonoLogger.INFO: Cron ran at: 14-02-2026 02:51:21 PM [] []
[2026-02-14 14:56:31] SlimMonoLogger.INFO: Cron ran at: 14-02-2026 02:56:31 PM [] []
[2026-02-14 15:01:36] SlimMonoLogger.INFO: Cron ran at: 14-02-2026 03:01:36 PM [] []
[2026-02-14 15:06:34] SlimMonoLogger.INFO: Cron ran at: 14-02-2026 03:06:34 PM [] []
[2026-02-14 15:11:38] SlimMonoLogger.INFO: Cron ran at: 14-02-2026 03:11:38 PM [] []
[2026-02-14 15:16:30] SlimMonoLogger.INFO: Cron ran at: 14-02-2026 03:16:30 PM [] []
[2026-02-14 15:21:43] SlimMonoLogger.INFO: Cron ran at: 14-02-2026 03:21:43 PM [] []
[2026-02-14 15:26:28] SlimMonoLogger.INFO: Cron ran at: 14-02-2026 03:26:28 PM [] []
[2026-02-14 15:31:37] SlimMonoLogger.INFO: Cron ran at: 14-02-2026 03:31:37 PM [] []
[2026-02-14 15:36:25] SlimMonoLogger.INFO: Cron ran at: 14-02-2026 03:36:25 PM [] []
[2026-02-14 15:41:36] SlimMonoLogger.INFO: Cron ran at: 14-02-2026 03:41:36 PM [] []
[2026-02-14 15:46:32] SlimMonoLogger.INFO: Cron ran at: 14-02-2026 03:46:32 PM [] []
[2026-02-14 15:51:38] SlimMonoLogger.INFO: Cron ran at: 14-02-2026 03:51:38 PM [] []
[2026-02-14 15:56:34] SlimMonoLogger.INFO: Cron ran at: 14-02-2026 03:56:34 PM [] []
[2026-02-14 16:01:36] SlimMonoLogger.INFO: Cron ran at: 14-02-2026 04:01:36 PM [] []
[2026-02-14 16:06:16] SlimMonoLogger.INFO: Cron ran at: 14-02-2026 04:06:16 PM [] []
[2026-02-14 16:11:34] SlimMonoLogger.INFO: Cron ran at: 14-02-2026 04:11:34 PM [] []
[2026-02-14 16:16:27] SlimMonoLogger.INFO: Cron ran at: 14-02-2026 04:16:27 PM [] []
[2026-02-14 16:21:37] SlimMonoLogger.INFO: Cron ran at: 14-02-2026 04:21:37 PM [] []
[2026-02-14 16:26:41] SlimMonoLogger.INFO: Cron ran at: 14-02-2026 04:26:41 PM [] []
[2026-02-14 16:31:30] SlimMonoLogger.INFO: Cron ran at: 14-02-2026 04:31:30 PM [] []
[2026-02-14 16:36:27] SlimMonoLogger.INFO: Cron ran at: 14-02-2026 04:36:27 PM [] []
[2026-02-14 16:41:31] SlimMonoLogger.INFO: Cron ran at: 14-02-2026 04:41:31 PM [] []
[2026-02-14 16:46:34] SlimMonoLogger.INFO: Cron ran at: 14-02-2026 04:46:34 PM [] []
[2026-02-14 16:51:29] SlimMonoLogger.INFO: Cron ran at: 14-02-2026 04:51:29 PM [] []
[2026-02-14 16:56:27] SlimMonoLogger.INFO: Cron ran at: 14-02-2026 04:56:27 PM [] []
[2026-02-14 17:01:29] SlimMonoLogger.INFO: Cron ran at: 14-02-2026 05:01:29 PM [] []
[2026-02-14 17:06:31] SlimMonoLogger.INFO: Cron ran at: 14-02-2026 05:06:31 PM [] []
[2026-02-14 17:11:27] SlimMonoLogger.INFO: Cron ran at: 14-02-2026 05:11:27 PM [] []
[2026-02-14 17:16:21] SlimMonoLogger.INFO: Cron ran at: 14-02-2026 05:16:21 PM [] []
[2026-02-14 17:21:40] SlimMonoLogger.INFO: Cron ran at: 14-02-2026 05:21:40 PM [] []
[2026-02-14 17:26:27] SlimMonoLogger.INFO: Cron ran at: 14-02-2026 05:26:27 PM [] []
[2026-02-14 17:31:26] SlimMonoLogger.INFO: Cron ran at: 14-02-2026 05:31:26 PM [] []
[2026-02-14 17:36:18] SlimMonoLogger.INFO: Cron ran at: 14-02-2026 05:36:18 PM [] []
[2026-02-14 17:41:32] SlimMonoLogger.INFO: Cron ran at: 14-02-2026 05:41:32 PM [] []
[2026-02-14 17:46:34] SlimMonoLogger.INFO: Cron ran at: 14-02-2026 05:46:34 PM [] []
[2026-02-14 17:51:35] SlimMonoLogger.INFO: Cron ran at: 14-02-2026 05:51:35 PM [] []
[2026-02-14 17:56:19] SlimMonoLogger.INFO: Cron ran at: 14-02-2026 05:56:19 PM [] []
[2026-02-14 18:01:24] SlimMonoLogger.INFO: Cron ran at: 14-02-2026 06:01:24 PM [] []
[2026-02-14 18:06:24] SlimMonoLogger.INFO: Cron ran at: 14-02-2026 06:06:24 PM [] []
[2026-02-14 18:11:29] SlimMonoLogger.INFO: Cron ran at: 14-02-2026 06:11:29 PM [] []
[2026-02-14 18:16:26] SlimMonoLogger.INFO: Cron ran at: 14-02-2026 06:16:26 PM [] []
[2026-02-14 18:21:35] SlimMonoLogger.INFO: Cron ran at: 14-02-2026 06:21:35 PM [] []
[2026-02-14 18:26:28] SlimMonoLogger.INFO: Cron ran at: 14-02-2026 06:26:28 PM [] []
[2026-02-14 18:31:24] SlimMonoLogger.INFO: Cron ran at: 14-02-2026 06:31:24 PM [] []
[2026-02-14 18:36:20] SlimMonoLogger.INFO: Cron ran at: 14-02-2026 06:36:20 PM [] []
[2026-02-14 18:41:17] SlimMonoLogger.INFO: Cron ran at: 14-02-2026 06:41:17 PM [] []
[2026-02-14 18:46:25] SlimMonoLogger.INFO: Cron ran at: 14-02-2026 06:46:25 PM [] []
[2026-02-14 18:51:26] SlimMonoLogger.INFO: Cron ran at: 14-02-2026 06:51:26 PM [] []
[2026-02-14 18:56:23] SlimMonoLogger.INFO: Cron ran at: 14-02-2026 06:56:23 PM [] []
[2026-02-14 19:01:31] SlimMonoLogger.INFO: Cron ran at: 14-02-2026 07:01:31 PM [] []
[2026-02-14 19:06:19] SlimMonoLogger.INFO: Cron ran at: 14-02-2026 07:06:19 PM [] []
[2026-02-14 19:11:17] SlimMonoLogger.INFO: Cron ran at: 14-02-2026 07:11:17 PM [] []
[2026-02-14 19:16:26] SlimMonoLogger.INFO: Cron ran at: 14-02-2026 07:16:26 PM [] []
[2026-02-14 19:21:19] SlimMonoLogger.INFO: Cron ran at: 14-02-2026 07:21:19 PM [] []
[2026-02-14 19:26:23] SlimMonoLogger.INFO: Cron ran at: 14-02-2026 07:26:23 PM [] []
[2026-02-14 19:31:28] SlimMonoLogger.INFO: Cron ran at: 14-02-2026 07:31:28 PM [] []
[2026-02-14 19:36:22] SlimMonoLogger.INFO: Cron ran at: 14-02-2026 07:36:22 PM [] []
[2026-02-14 19:41:25] SlimMonoLogger.INFO: Cron ran at: 14-02-2026 07:41:25 PM [] []
[2026-02-14 19:46:20] SlimMonoLogger.INFO: Cron ran at: 14-02-2026 07:46:20 PM [] []
[2026-02-14 19:51:31] SlimMonoLogger.INFO: Cron ran at: 14-02-2026 07:51:31 PM [] []
[2026-02-14 19:56:16] SlimMonoLogger.INFO: Cron ran at: 14-02-2026 07:56:16 PM [] []
[2026-02-14 20:01:35] SlimMonoLogger.INFO: Cron ran at: 14-02-2026 08:01:35 PM [] []
[2026-02-14 20:06:24] SlimMonoLogger.INFO: Cron ran at: 14-02-2026 08:06:24 PM [] []
[2026-02-14 20:11:19] SlimMonoLogger.INFO: Cron ran at: 14-02-2026 08:11:19 PM [] []
[2026-02-14 20:16:29] SlimMonoLogger.INFO: Cron ran at: 14-02-2026 08:16:29 PM [] []
[2026-02-14 20:21:27] SlimMonoLogger.INFO: Cron ran at: 14-02-2026 08:21:27 PM [] []
[2026-02-14 20:26:34] SlimMonoLogger.INFO: Cron ran at: 14-02-2026 08:26:34 PM [] []
[2026-02-14 20:31:28] SlimMonoLogger.INFO: Cron ran at: 14-02-2026 08:31:28 PM [] []
[2026-02-14 20:36:31] SlimMonoLogger.INFO: Cron ran at: 14-02-2026 08:36:31 PM [] []
[2026-02-14 20:41:18] SlimMonoLogger.INFO: Cron ran at: 14-02-2026 08:41:18 PM [] []
[2026-02-14 20:46:23] SlimMonoLogger.INFO: Cron ran at: 14-02-2026 08:46:23 PM [] []
[2026-02-14 20:51:24] SlimMonoLogger.INFO: Cron ran at: 14-02-2026 08:51:24 PM [] []
[2026-02-14 20:56:29] SlimMonoLogger.INFO: Cron ran at: 14-02-2026 08:56:29 PM [] []
[2026-02-14 21:01:40] SlimMonoLogger.INFO: Cron ran at: 14-02-2026 09:01:40 PM [] []
[2026-02-14 21:06:25] SlimMonoLogger.INFO: Cron ran at: 14-02-2026 09:06:25 PM [] []
[2026-02-14 21:11:27] SlimMonoLogger.INFO: Cron ran at: 14-02-2026 09:11:27 PM [] []
[2026-02-14 21:16:26] SlimMonoLogger.INFO: Cron ran at: 14-02-2026 09:16:26 PM [] []
[2026-02-14 21:21:17] SlimMonoLogger.INFO: Cron ran at: 14-02-2026 09:21:17 PM [] []
[2026-02-14 21:26:29] SlimMonoLogger.INFO: Cron ran at: 14-02-2026 09:26:29 PM [] []
[2026-02-14 21:31:28] SlimMonoLogger.INFO: Cron ran at: 14-02-2026 09:31:28 PM [] []
[2026-02-14 21:36:19] SlimMonoLogger.INFO: Cron ran at: 14-02-2026 09:36:19 PM [] []
[2026-02-14 21:41:35] SlimMonoLogger.INFO: Cron ran at: 14-02-2026 09:41:35 PM [] []
[2026-02-14 21:46:31] SlimMonoLogger.INFO: Cron ran at: 14-02-2026 09:46:31 PM [] []
[2026-02-14 21:51:30] SlimMonoLogger.INFO: Cron ran at: 14-02-2026 09:51:30 PM [] []
[2026-02-14 21:56:22] SlimMonoLogger.INFO: Cron ran at: 14-02-2026 09:56:22 PM [] []
[2026-02-14 22:01:34] SlimMonoLogger.INFO: Cron ran at: 14-02-2026 10:01:34 PM [] []
[2026-02-14 22:06:24] SlimMonoLogger.INFO: Cron ran at: 14-02-2026 10:06:24 PM [] []
[2026-02-14 22:11:28] SlimMonoLogger.INFO: Cron ran at: 14-02-2026 10:11:28 PM [] []
[2026-02-14 22:16:22] SlimMonoLogger.INFO: Cron ran at: 14-02-2026 10:16:22 PM [] []
[2026-02-14 22:21:26] SlimMonoLogger.INFO: Cron ran at: 14-02-2026 10:21:26 PM [] []
[2026-02-14 22:26:35] SlimMonoLogger.INFO: Cron ran at: 14-02-2026 10:26:35 PM [] []
[2026-02-14 22:31:34] SlimMonoLogger.INFO: Cron ran at: 14-02-2026 10:31:34 PM [] []
[2026-02-14 22:36:22] SlimMonoLogger.INFO: Cron ran at: 14-02-2026 10:36:22 PM [] []
[2026-02-14 22:41:21] SlimMonoLogger.INFO: Cron ran at: 14-02-2026 10:41:21 PM [] []
[2026-02-14 22:46:31] SlimMonoLogger.INFO: Cron ran at: 14-02-2026 10:46:31 PM [] []
[2026-02-14 22:51:25] SlimMonoLogger.INFO: Cron ran at: 14-02-2026 10:51:25 PM [] []
[2026-02-14 22:56:24] SlimMonoLogger.INFO: Cron ran at: 14-02-2026 10:56:24 PM [] []
[2026-02-14 23:01:37] SlimMonoLogger.INFO: Cron ran at: 14-02-2026 11:01:37 PM [] []
[2026-02-14 23:06:34] SlimMonoLogger.INFO: Cron ran at: 14-02-2026 11:06:34 PM [] []
[2026-02-14 23:11:27] SlimMonoLogger.INFO: Cron ran at: 14-02-2026 11:11:27 PM [] []
[2026-02-14 23:16:15] SlimMonoLogger.INFO: Cron ran at: 14-02-2026 11:16:15 PM [] []
[2026-02-14 23:21:19] SlimMonoLogger.INFO: Cron ran at: 14-02-2026 11:21:19 PM [] []
[2026-02-14 23:26:28] SlimMonoLogger.INFO: Cron ran at: 14-02-2026 11:26:28 PM [] []
[2026-02-14 23:31:36] SlimMonoLogger.INFO: Cron ran at: 14-02-2026 11:31:36 PM [] []
[2026-02-14 23:36:14] SlimMonoLogger.INFO: Cron ran at: 14-02-2026 11:36:14 PM [] []
[2026-02-14 23:41:23] SlimMonoLogger.INFO: Cron ran at: 14-02-2026 11:41:23 PM [] []
[2026-02-14 23:46:31] SlimMonoLogger.INFO: Cron ran at: 14-02-2026 11:46:31 PM [] []
[2026-02-14 23:51:16] SlimMonoLogger.INFO: Cron ran at: 14-02-2026 11:51:16 PM [] []
[2026-02-14 23:56:18] SlimMonoLogger.INFO: Cron ran at: 14-02-2026 11:56:18 PM [] []
[2026-02-15 00:01:29] SlimMonoLogger.INFO: Cron ran at: 15-02-2026 12:01:29 AM [] []
[2026-02-15 00:06:30] SlimMonoLogger.INFO: Cron ran at: 15-02-2026 12:06:30 AM [] []
[2026-02-15 00:11:21] SlimMonoLogger.INFO: Cron ran at: 15-02-2026 12:11:21 AM [] []
[2026-02-15 00:16:32] SlimMonoLogger.INFO: Cron ran at: 15-02-2026 12:16:32 AM [] []
[2026-02-15 00:21:29] SlimMonoLogger.INFO: Cron ran at: 15-02-2026 12:21:29 AM [] []
[2026-02-15 00:26:37] SlimMonoLogger.INFO: Cron ran at: 15-02-2026 12:26:37 AM [] []
[2026-02-15 00:31:34] SlimMonoLogger.INFO: Cron ran at: 15-02-2026 12:31:34 AM [] []
[2026-02-15 00:36:25] SlimMonoLogger.INFO: Cron ran at: 15-02-2026 12:36:25 AM [] []
[2026-02-15 00:41:20] SlimMonoLogger.INFO: Cron ran at: 15-02-2026 12:41:20 AM [] []
[2026-02-15 00:46:19] SlimMonoLogger.INFO: Cron ran at: 15-02-2026 12:46:19 AM [] []
[2026-02-15 00:51:24] SlimMonoLogger.INFO: Cron ran at: 15-02-2026 12:51:24 AM [] []
[2026-02-15 00:56:25] SlimMonoLogger.INFO: Cron ran at: 15-02-2026 12:56:25 AM [] []
