[2025-03-14 01:00:31] SlimMonoLogger.INFO: Cron ran at: 14-03-2025 01:00:31 AM [] []
[2025-03-14 01:05:30] SlimMonoLogger.INFO: Cron ran at: 14-03-2025 01:05:30 AM [] []
[2025-03-14 01:10:28] SlimMonoLogger.INFO: Cron ran at: 14-03-2025 01:10:28 AM [] []
[2025-03-14 01:15:31] SlimMonoLogger.INFO: Cron ran at: 14-03-2025 01:15:31 AM [] []
[2025-03-14 01:20:28] SlimMonoLogger.INFO: Cron ran at: 14-03-2025 01:20:28 AM [] []
[2025-03-14 01:25:27] SlimMonoLogger.INFO: Cron ran at: 14-03-2025 01:25:27 AM [] []
[2025-03-14 01:30:30] SlimMonoLogger.INFO: Cron ran at: 14-03-2025 01:30:30 AM [] []
[2025-03-14 01:35:24] SlimMonoLogger.INFO: Cron ran at: 14-03-2025 01:35:24 AM [] []
[2025-03-14 01:40:34] SlimMonoLogger.INFO: Cron ran at: 14-03-2025 01:40:34 AM [] []
[2025-03-14 01:45:27] SlimMonoLogger.INFO: Cron ran at: 14-03-2025 01:45:27 AM [] []
[2025-03-14 01:50:32] SlimMonoLogger.INFO: Cron ran at: 14-03-2025 01:50:32 AM [] []
[2025-03-14 01:55:27] SlimMonoLogger.INFO: Cron ran at: 14-03-2025 01:55:27 AM [] []
[2025-03-14 02:00:32] SlimMonoLogger.INFO: Cron ran at: 14-03-2025 02:00:32 AM [] []
[2025-03-14 02:05:31] SlimMonoLogger.INFO: Cron ran at: 14-03-2025 02:05:31 AM [] []
[2025-03-14 02:10:26] SlimMonoLogger.INFO: Cron ran at: 14-03-2025 02:10:26 AM [] []
[2025-03-14 02:15:26] SlimMonoLogger.INFO: Cron ran at: 14-03-2025 02:15:26 AM [] []
[2025-03-14 02:20:29] SlimMonoLogger.INFO: Cron ran at: 14-03-2025 02:20:29 AM [] []
[2025-03-14 02:25:26] SlimMonoLogger.INFO: Cron ran at: 14-03-2025 02:25:26 AM [] []
[2025-03-14 02:30:29] SlimMonoLogger.INFO: Cron ran at: 14-03-2025 02:30:29 AM [] []
[2025-03-14 02:35:27] SlimMonoLogger.INFO: Cron ran at: 14-03-2025 02:35:27 AM [] []
[2025-03-14 02:40:26] SlimMonoLogger.INFO: Cron ran at: 14-03-2025 02:40:26 AM [] []
[2025-03-14 02:45:28] SlimMonoLogger.INFO: Cron ran at: 14-03-2025 02:45:28 AM [] []
[2025-03-14 02:50:31] SlimMonoLogger.INFO: Cron ran at: 14-03-2025 02:50:31 AM [] []
[2025-03-14 02:55:27] SlimMonoLogger.INFO: Cron ran at: 14-03-2025 02:55:27 AM [] []
[2025-03-14 03:00:27] SlimMonoLogger.INFO: Cron ran at: 14-03-2025 03:00:27 AM [] []
[2025-03-14 03:05:26] SlimMonoLogger.INFO: Cron ran at: 14-03-2025 03:05:26 AM [] []
[2025-03-14 03:10:27] SlimMonoLogger.INFO: Cron ran at: 14-03-2025 03:10:27 AM [] []
[2025-03-14 03:15:28] SlimMonoLogger.INFO: Cron ran at: 14-03-2025 03:15:28 AM [] []
[2025-03-14 03:20:29] SlimMonoLogger.INFO: Cron ran at: 14-03-2025 03:20:29 AM [] []
[2025-03-14 03:25:26] SlimMonoLogger.INFO: Cron ran at: 14-03-2025 03:25:26 AM [] []
[2025-03-14 03:30:27] SlimMonoLogger.INFO: Cron ran at: 14-03-2025 03:30:27 AM [] []
[2025-03-14 03:35:24] SlimMonoLogger.INFO: Cron ran at: 14-03-2025 03:35:24 AM [] []
[2025-03-14 03:40:29] SlimMonoLogger.INFO: Cron ran at: 14-03-2025 03:40:29 AM [] []
[2025-03-14 03:45:25] SlimMonoLogger.INFO: Cron ran at: 14-03-2025 03:45:25 AM [] []
[2025-03-14 03:50:26] SlimMonoLogger.INFO: Cron ran at: 14-03-2025 03:50:26 AM [] []
[2025-03-14 03:55:23] SlimMonoLogger.INFO: Cron ran at: 14-03-2025 03:55:23 AM [] []
[2025-03-14 04:00:26] SlimMonoLogger.INFO: Cron ran at: 14-03-2025 04:00:26 AM [] []
[2025-03-14 04:05:29] SlimMonoLogger.INFO: Cron ran at: 14-03-2025 04:05:29 AM [] []
[2025-03-14 04:10:34] SlimMonoLogger.INFO: Cron ran at: 14-03-2025 04:10:34 AM [] []
[2025-03-14 04:15:30] SlimMonoLogger.INFO: Cron ran at: 14-03-2025 04:15:30 AM [] []
[2025-03-14 04:20:34] SlimMonoLogger.INFO: Cron ran at: 14-03-2025 04:20:34 AM [] []
[2025-03-14 04:25:36] SlimMonoLogger.INFO: Cron ran at: 14-03-2025 04:25:36 AM [] []
[2025-03-14 04:30:36] SlimMonoLogger.INFO: Cron ran at: 14-03-2025 04:30:36 AM [] []
[2025-03-14 04:35:31] SlimMonoLogger.INFO: Cron ran at: 14-03-2025 04:35:31 AM [] []
[2025-03-14 04:40:33] SlimMonoLogger.INFO: Cron ran at: 14-03-2025 04:40:33 AM [] []
[2025-03-14 04:45:31] SlimMonoLogger.INFO: Cron ran at: 14-03-2025 04:45:31 AM [] []
[2025-03-14 04:50:23] SlimMonoLogger.INFO: Cron ran at: 14-03-2025 04:50:23 AM [] []
[2025-03-14 04:55:45] SlimMonoLogger.INFO: Cron ran at: 14-03-2025 04:55:45 AM [] []
[2025-03-14 05:00:32] SlimMonoLogger.INFO: Cron ran at: 14-03-2025 05:00:32 AM [] []
[2025-03-14 05:05:24] SlimMonoLogger.INFO: Cron ran at: 14-03-2025 05:05:24 AM [] []
[2025-03-14 05:10:26] SlimMonoLogger.INFO: Cron ran at: 14-03-2025 05:10:26 AM [] []
[2025-03-14 05:15:28] SlimMonoLogger.INFO: Cron ran at: 14-03-2025 05:15:28 AM [] []
[2025-03-14 05:20:25] SlimMonoLogger.INFO: Cron ran at: 14-03-2025 05:20:25 AM [] []
[2025-03-14 05:25:24] SlimMonoLogger.INFO: Cron ran at: 14-03-2025 05:25:24 AM [] []
[2025-03-14 05:30:32] SlimMonoLogger.INFO: Cron ran at: 14-03-2025 05:30:32 AM [] []
[2025-03-14 05:35:32] SlimMonoLogger.INFO: Cron ran at: 14-03-2025 05:35:32 AM [] []
[2025-03-14 05:40:29] SlimMonoLogger.INFO: Cron ran at: 14-03-2025 05:40:29 AM [] []
[2025-03-14 05:45:27] SlimMonoLogger.INFO: Cron ran at: 14-03-2025 05:45:27 AM [] []
[2025-03-14 05:50:25] SlimMonoLogger.INFO: Cron ran at: 14-03-2025 05:50:25 AM [] []
[2025-03-14 05:55:23] SlimMonoLogger.INFO: Cron ran at: 14-03-2025 05:55:23 AM [] []
[2025-03-14 06:00:33] SlimMonoLogger.INFO: Cron ran at: 14-03-2025 06:00:33 AM [] []
[2025-03-14 06:05:24] SlimMonoLogger.INFO: Cron ran at: 14-03-2025 06:05:24 AM [] []
[2025-03-14 06:10:27] SlimMonoLogger.INFO: Cron ran at: 14-03-2025 06:10:27 AM [] []
[2025-03-14 06:15:26] SlimMonoLogger.INFO: Cron ran at: 14-03-2025 06:15:26 AM [] []
[2025-03-14 06:20:26] SlimMonoLogger.INFO: Cron ran at: 14-03-2025 06:20:26 AM [] []
[2025-03-14 06:25:27] SlimMonoLogger.INFO: Cron ran at: 14-03-2025 06:25:27 AM [] []
[2025-03-14 06:30:24] SlimMonoLogger.INFO: Cron ran at: 14-03-2025 06:30:24 AM [] []
[2025-03-14 06:35:35] SlimMonoLogger.INFO: Cron ran at: 14-03-2025 06:35:35 AM [] []
[2025-03-14 06:40:28] SlimMonoLogger.INFO: Cron ran at: 14-03-2025 06:40:28 AM [] []
[2025-03-14 06:45:36] SlimMonoLogger.INFO: Cron ran at: 14-03-2025 06:45:36 AM [] []
[2025-03-14 06:50:33] SlimMonoLogger.INFO: Cron ran at: 14-03-2025 06:50:33 AM [] []
[2025-03-14 06:55:35] SlimMonoLogger.INFO: Cron ran at: 14-03-2025 06:55:35 AM [] []
[2025-03-14 07:00:37] SlimMonoLogger.INFO: Cron ran at: 14-03-2025 07:00:37 AM [] []
[2025-03-14 07:05:32] SlimMonoLogger.INFO: Cron ran at: 14-03-2025 07:05:32 AM [] []
[2025-03-14 07:10:35] SlimMonoLogger.INFO: Cron ran at: 14-03-2025 07:10:35 AM [] []
[2025-03-14 07:15:34] SlimMonoLogger.INFO: Cron ran at: 14-03-2025 07:15:34 AM [] []
[2025-03-14 07:20:33] SlimMonoLogger.INFO: Cron ran at: 14-03-2025 07:20:33 AM [] []
[2025-03-14 07:25:32] SlimMonoLogger.INFO: Cron ran at: 14-03-2025 07:25:32 AM [] []
[2025-03-14 07:30:53] SlimMonoLogger.INFO: Cron ran at: 14-03-2025 07:30:53 AM [] []
[2025-03-14 07:35:35] SlimMonoLogger.INFO: Cron ran at: 14-03-2025 07:35:35 AM [] []
[2025-03-14 07:40:35] SlimMonoLogger.INFO: Cron ran at: 14-03-2025 07:40:35 AM [] []
[2025-03-14 07:45:39] SlimMonoLogger.INFO: Cron ran at: 14-03-2025 07:45:39 AM [] []
[2025-03-14 07:50:30] SlimMonoLogger.INFO: Cron ran at: 14-03-2025 07:50:30 AM [] []
[2025-03-14 07:55:28] SlimMonoLogger.INFO: Cron ran at: 14-03-2025 07:55:28 AM [] []
[2025-03-14 08:05:28] SlimMonoLogger.INFO: Cron ran at: 14-03-2025 08:05:28 AM [] []
[2025-03-14 08:10:30] SlimMonoLogger.INFO: Cron ran at: 14-03-2025 08:10:30 AM [] []
[2025-03-14 08:15:31] SlimMonoLogger.INFO: Cron ran at: 14-03-2025 08:15:31 AM [] []
[2025-03-14 08:20:27] SlimMonoLogger.INFO: Cron ran at: 14-03-2025 08:20:27 AM [] []
[2025-03-14 08:25:28] SlimMonoLogger.INFO: Cron ran at: 14-03-2025 08:25:28 AM [] []
[2025-03-14 08:30:36] SlimMonoLogger.INFO: Cron ran at: 14-03-2025 08:30:36 AM [] []
[2025-03-14 08:35:28] SlimMonoLogger.INFO: Cron ran at: 14-03-2025 08:35:28 AM [] []
[2025-03-14 08:40:35] SlimMonoLogger.INFO: Cron ran at: 14-03-2025 08:40:35 AM [] []
[2025-03-14 08:45:32] SlimMonoLogger.INFO: Cron ran at: 14-03-2025 08:45:32 AM [] []
[2025-03-14 08:50:34] SlimMonoLogger.INFO: Cron ran at: 14-03-2025 08:50:34 AM [] []
[2025-03-14 08:55:27] SlimMonoLogger.INFO: Cron ran at: 14-03-2025 08:55:27 AM [] []
[2025-03-14 09:00:33] SlimMonoLogger.INFO: Cron ran at: 14-03-2025 09:00:33 AM [] []
[2025-03-14 09:05:25] SlimMonoLogger.INFO: Cron ran at: 14-03-2025 09:05:25 AM [] []
[2025-03-14 09:10:38] SlimMonoLogger.INFO: Cron ran at: 14-03-2025 09:10:38 AM [] []
[2025-03-14 09:15:31] SlimMonoLogger.INFO: Cron ran at: 14-03-2025 09:15:31 AM [] []
[2025-03-14 09:20:32] SlimMonoLogger.INFO: Cron ran at: 14-03-2025 09:20:32 AM [] []
[2025-03-14 09:25:32] SlimMonoLogger.INFO: Cron ran at: 14-03-2025 09:25:32 AM [] []
[2025-03-14 09:30:35] SlimMonoLogger.INFO: Cron ran at: 14-03-2025 09:30:35 AM [] []
[2025-03-14 09:35:37] SlimMonoLogger.INFO: Cron ran at: 14-03-2025 09:35:37 AM [] []
[2025-03-14 09:40:34] SlimMonoLogger.INFO: Cron ran at: 14-03-2025 09:40:34 AM [] []
[2025-03-14 09:45:31] SlimMonoLogger.INFO: Cron ran at: 14-03-2025 09:45:31 AM [] []
[2025-03-14 09:50:34] SlimMonoLogger.INFO: Cron ran at: 14-03-2025 09:50:34 AM [] []
[2025-03-14 09:55:39] SlimMonoLogger.INFO: Cron ran at: 14-03-2025 09:55:39 AM [] []
[2025-03-14 10:00:49] SlimMonoLogger.INFO: Cron ran at: 14-03-2025 10:00:49 AM [] []
[2025-03-14 10:05:32] SlimMonoLogger.INFO: Cron ran at: 14-03-2025 10:05:32 AM [] []
[2025-03-14 10:10:36] SlimMonoLogger.INFO: Cron ran at: 14-03-2025 10:10:36 AM [] []
[2025-03-14 10:15:40] SlimMonoLogger.INFO: Cron ran at: 14-03-2025 10:15:40 AM [] []
[2025-03-14 10:20:47] SlimMonoLogger.INFO: Cron ran at: 14-03-2025 10:20:47 AM [] []
[2025-03-14 10:25:35] SlimMonoLogger.INFO: Cron ran at: 14-03-2025 10:25:35 AM [] []
[2025-03-14 10:30:37] SlimMonoLogger.INFO: Cron ran at: 14-03-2025 10:30:37 AM [] []
[2025-03-14 10:35:45] SlimMonoLogger.INFO: Cron ran at: 14-03-2025 10:35:45 AM [] []
[2025-03-14 10:40:37] SlimMonoLogger.INFO: Cron ran at: 14-03-2025 10:40:37 AM [] []
[2025-03-14 10:45:35] SlimMonoLogger.INFO: Cron ran at: 14-03-2025 10:45:35 AM [] []
[2025-03-14 10:50:29] SlimMonoLogger.INFO: Cron ran at: 14-03-2025 10:50:29 AM [] []
[2025-03-14 10:55:32] SlimMonoLogger.INFO: Cron ran at: 14-03-2025 10:55:32 AM [] []
[2025-03-14 11:00:37] SlimMonoLogger.INFO: Cron ran at: 14-03-2025 11:00:37 AM [] []
[2025-03-14 11:05:33] SlimMonoLogger.INFO: Cron ran at: 14-03-2025 11:05:33 AM [] []
[2025-03-14 11:10:29] SlimMonoLogger.INFO: Cron ran at: 14-03-2025 11:10:29 AM [] []
[2025-03-14 11:15:35] SlimMonoLogger.INFO: Cron ran at: 14-03-2025 11:15:35 AM [] []
[2025-03-14 11:20:28] SlimMonoLogger.INFO: Cron ran at: 14-03-2025 11:20:28 AM [] []
[2025-03-14 11:25:38] SlimMonoLogger.INFO: Cron ran at: 14-03-2025 11:25:38 AM [] []
[2025-03-14 11:30:45] SlimMonoLogger.INFO: Cron ran at: 14-03-2025 11:30:45 AM [] []
[2025-03-14 11:35:46] SlimMonoLogger.INFO: Cron ran at: 14-03-2025 11:35:46 AM [] []
[2025-03-14 11:40:38] SlimMonoLogger.INFO: Cron ran at: 14-03-2025 11:40:38 AM [] []
[2025-03-14 11:45:40] SlimMonoLogger.INFO: Cron ran at: 14-03-2025 11:45:40 AM [] []
[2025-03-14 11:50:38] SlimMonoLogger.INFO: Cron ran at: 14-03-2025 11:50:38 AM [] []
[2025-03-14 11:55:36] SlimMonoLogger.INFO: Cron ran at: 14-03-2025 11:55:36 AM [] []
[2025-03-14 12:00:33] SlimMonoLogger.INFO: Cron ran at: 14-03-2025 12:00:33 PM [] []
[2025-03-14 12:05:31] SlimMonoLogger.INFO: Cron ran at: 14-03-2025 12:05:31 PM [] []
[2025-03-14 12:10:29] SlimMonoLogger.INFO: Cron ran at: 14-03-2025 12:10:29 PM [] []
[2025-03-14 12:15:37] SlimMonoLogger.INFO: Cron ran at: 14-03-2025 12:15:37 PM [] []
[2025-03-14 12:20:31] SlimMonoLogger.INFO: Cron ran at: 14-03-2025 12:20:31 PM [] []
[2025-03-14 12:25:33] SlimMonoLogger.INFO: Cron ran at: 14-03-2025 12:25:33 PM [] []
[2025-03-14 12:30:39] SlimMonoLogger.INFO: Cron ran at: 14-03-2025 12:30:39 PM [] []
[2025-03-14 12:35:40] SlimMonoLogger.INFO: Cron ran at: 14-03-2025 12:35:40 PM [] []
[2025-03-14 12:40:32] SlimMonoLogger.INFO: Cron ran at: 14-03-2025 12:40:32 PM [] []
[2025-03-14 12:45:36] SlimMonoLogger.INFO: Cron ran at: 14-03-2025 12:45:36 PM [] []
[2025-03-14 12:50:33] SlimMonoLogger.INFO: Cron ran at: 14-03-2025 12:50:33 PM [] []
[2025-03-14 12:55:50] SlimMonoLogger.INFO: Cron ran at: 14-03-2025 12:55:50 PM [] []
[2025-03-14 13:00:40] SlimMonoLogger.INFO: Cron ran at: 14-03-2025 01:00:40 PM [] []
[2025-03-14 13:05:35] SlimMonoLogger.INFO: Cron ran at: 14-03-2025 01:05:35 PM [] []
[2025-03-14 13:10:40] SlimMonoLogger.INFO: Cron ran at: 14-03-2025 01:10:40 PM [] []
[2025-03-14 13:15:37] SlimMonoLogger.INFO: Cron ran at: 14-03-2025 01:15:37 PM [] []
[2025-03-14 13:20:32] SlimMonoLogger.INFO: Cron ran at: 14-03-2025 01:20:32 PM [] []
[2025-03-14 13:25:38] SlimMonoLogger.INFO: Cron ran at: 14-03-2025 01:25:38 PM [] []
[2025-03-14 13:30:42] SlimMonoLogger.INFO: Cron ran at: 14-03-2025 01:30:42 PM [] []
[2025-03-14 13:35:38] SlimMonoLogger.INFO: Cron ran at: 14-03-2025 01:35:38 PM [] []
[2025-03-14 13:40:37] SlimMonoLogger.INFO: Cron ran at: 14-03-2025 01:40:37 PM [] []
[2025-03-14 13:45:44] SlimMonoLogger.INFO: Cron ran at: 14-03-2025 01:45:44 PM [] []
[2025-03-14 13:50:33] SlimMonoLogger.INFO: Cron ran at: 14-03-2025 01:50:33 PM [] []
[2025-03-14 13:55:37] SlimMonoLogger.INFO: Cron ran at: 14-03-2025 01:55:37 PM [] []
[2025-03-14 14:00:45] SlimMonoLogger.INFO: Cron ran at: 14-03-2025 02:00:45 PM [] []
[2025-03-14 14:05:39] SlimMonoLogger.INFO: Cron ran at: 14-03-2025 02:05:39 PM [] []
[2025-03-14 14:10:38] SlimMonoLogger.INFO: Cron ran at: 14-03-2025 02:10:38 PM [] []
[2025-03-14 14:15:39] SlimMonoLogger.INFO: Cron ran at: 14-03-2025 02:15:39 PM [] []
[2025-03-14 14:20:37] SlimMonoLogger.INFO: Cron ran at: 14-03-2025 02:20:37 PM [] []
[2025-03-14 14:25:35] SlimMonoLogger.INFO: Cron ran at: 14-03-2025 02:25:35 PM [] []
[2025-03-14 14:30:45] SlimMonoLogger.INFO: Cron ran at: 14-03-2025 02:30:45 PM [] []
[2025-03-14 14:35:35] SlimMonoLogger.INFO: Cron ran at: 14-03-2025 02:35:35 PM [] []
[2025-03-14 14:40:40] SlimMonoLogger.INFO: Cron ran at: 14-03-2025 02:40:40 PM [] []
[2025-03-14 14:46:20] SlimMonoLogger.INFO: Cron ran at: 14-03-2025 02:46:20 PM [] []
[2025-03-14 14:50:33] SlimMonoLogger.INFO: Cron ran at: 14-03-2025 02:50:33 PM [] []
[2025-03-14 14:55:32] SlimMonoLogger.INFO: Cron ran at: 14-03-2025 02:55:32 PM [] []
[2025-03-14 15:00:34] SlimMonoLogger.INFO: Cron ran at: 14-03-2025 03:00:34 PM [] []
[2025-03-14 15:05:30] SlimMonoLogger.INFO: Cron ran at: 14-03-2025 03:05:30 PM [] []
[2025-03-14 15:10:33] SlimMonoLogger.INFO: Cron ran at: 14-03-2025 03:10:33 PM [] []
[2025-03-14 15:16:15] SlimMonoLogger.INFO: Cron ran at: 14-03-2025 03:16:15 PM [] []
[2025-03-14 15:20:38] SlimMonoLogger.INFO: Cron ran at: 14-03-2025 03:20:38 PM [] []
[2025-03-14 15:25:42] SlimMonoLogger.INFO: Cron ran at: 14-03-2025 03:25:42 PM [] []
[2025-03-14 15:30:52] SlimMonoLogger.INFO: Cron ran at: 14-03-2025 03:30:52 PM [] []
[2025-03-14 15:35:35] SlimMonoLogger.INFO: Cron ran at: 14-03-2025 03:35:35 PM [] []
[2025-03-14 15:40:36] SlimMonoLogger.INFO: Cron ran at: 14-03-2025 03:40:36 PM [] []
[2025-03-14 15:45:49] SlimMonoLogger.INFO: Cron ran at: 14-03-2025 03:45:49 PM [] []
[2025-03-14 15:50:46] SlimMonoLogger.INFO: Cron ran at: 14-03-2025 03:50:46 PM [] []
[2025-03-14 15:55:34] SlimMonoLogger.INFO: Cron ran at: 14-03-2025 03:55:34 PM [] []
[2025-03-14 16:01:08] SlimMonoLogger.INFO: Cron ran at: 14-03-2025 04:01:08 PM [] []
[2025-03-14 16:05:43] SlimMonoLogger.INFO: Cron ran at: 14-03-2025 04:05:43 PM [] []
[2025-03-14 16:10:50] SlimMonoLogger.INFO: Cron ran at: 14-03-2025 04:10:50 PM [] []
[2025-03-14 16:15:43] SlimMonoLogger.INFO: Cron ran at: 14-03-2025 04:15:43 PM [] []
[2025-03-14 16:20:45] SlimMonoLogger.INFO: Cron ran at: 14-03-2025 04:20:45 PM [] []
[2025-03-14 16:25:29] SlimMonoLogger.INFO: Cron ran at: 14-03-2025 04:25:29 PM [] []
[2025-03-14 16:30:43] SlimMonoLogger.INFO: Cron ran at: 14-03-2025 04:30:43 PM [] []
[2025-03-14 16:35:38] SlimMonoLogger.INFO: Cron ran at: 14-03-2025 04:35:38 PM [] []
[2025-03-14 16:40:38] SlimMonoLogger.INFO: Cron ran at: 14-03-2025 04:40:38 PM [] []
[2025-03-14 16:45:35] SlimMonoLogger.INFO: Cron ran at: 14-03-2025 04:45:35 PM [] []
[2025-03-14 16:50:40] SlimMonoLogger.INFO: Cron ran at: 14-03-2025 04:50:40 PM [] []
[2025-03-14 16:55:37] SlimMonoLogger.INFO: Cron ran at: 14-03-2025 04:55:37 PM [] []
[2025-03-14 17:00:35] SlimMonoLogger.INFO: Cron ran at: 14-03-2025 05:00:35 PM [] []
[2025-03-14 17:05:28] SlimMonoLogger.INFO: Cron ran at: 14-03-2025 05:05:28 PM [] []
[2025-03-14 17:10:33] SlimMonoLogger.INFO: Cron ran at: 14-03-2025 05:10:33 PM [] []
[2025-03-14 17:15:31] SlimMonoLogger.INFO: Cron ran at: 14-03-2025 05:15:31 PM [] []
[2025-03-14 17:20:31] SlimMonoLogger.INFO: Cron ran at: 14-03-2025 05:20:31 PM [] []
[2025-03-14 17:25:34] SlimMonoLogger.INFO: Cron ran at: 14-03-2025 05:25:34 PM [] []
[2025-03-14 17:30:36] SlimMonoLogger.INFO: Cron ran at: 14-03-2025 05:30:36 PM [] []
[2025-03-14 17:35:30] SlimMonoLogger.INFO: Cron ran at: 14-03-2025 05:35:30 PM [] []
[2025-03-14 17:40:33] SlimMonoLogger.INFO: Cron ran at: 14-03-2025 05:40:33 PM [] []
[2025-03-14 17:45:29] SlimMonoLogger.INFO: Cron ran at: 14-03-2025 05:45:29 PM [] []
[2025-03-14 17:50:34] SlimMonoLogger.INFO: Cron ran at: 14-03-2025 05:50:34 PM [] []
[2025-03-14 17:55:31] SlimMonoLogger.INFO: Cron ran at: 14-03-2025 05:55:31 PM [] []
[2025-03-14 18:00:35] SlimMonoLogger.INFO: Cron ran at: 14-03-2025 06:00:35 PM [] []
[2025-03-14 18:05:42] SlimMonoLogger.INFO: Cron ran at: 14-03-2025 06:05:42 PM [] []
[2025-03-14 18:10:37] SlimMonoLogger.INFO: Cron ran at: 14-03-2025 06:10:37 PM [] []
[2025-03-14 18:15:43] SlimMonoLogger.INFO: Cron ran at: 14-03-2025 06:15:43 PM [] []
[2025-03-14 18:20:32] SlimMonoLogger.INFO: Cron ran at: 14-03-2025 06:20:32 PM [] []
[2025-03-14 18:25:44] SlimMonoLogger.INFO: Cron ran at: 14-03-2025 06:25:44 PM [] []
[2025-03-14 18:30:39] SlimMonoLogger.INFO: Cron ran at: 14-03-2025 06:30:39 PM [] []
[2025-03-14 18:35:35] SlimMonoLogger.INFO: Cron ran at: 14-03-2025 06:35:35 PM [] []
[2025-03-14 18:40:44] SlimMonoLogger.INFO: Cron ran at: 14-03-2025 06:40:44 PM [] []
[2025-03-14 18:45:40] SlimMonoLogger.INFO: Cron ran at: 14-03-2025 06:45:40 PM [] []
[2025-03-14 18:50:33] SlimMonoLogger.INFO: Cron ran at: 14-03-2025 06:50:33 PM [] []
[2025-03-14 18:55:32] SlimMonoLogger.INFO: Cron ran at: 14-03-2025 06:55:32 PM [] []
[2025-03-14 19:00:31] SlimMonoLogger.INFO: Cron ran at: 14-03-2025 07:00:31 PM [] []
[2025-03-14 19:05:34] SlimMonoLogger.INFO: Cron ran at: 14-03-2025 07:05:34 PM [] []
[2025-03-14 19:10:38] SlimMonoLogger.INFO: Cron ran at: 14-03-2025 07:10:38 PM [] []
[2025-03-14 19:16:04] SlimMonoLogger.INFO: Cron ran at: 14-03-2025 07:16:04 PM [] []
[2025-03-14 19:20:39] SlimMonoLogger.INFO: Cron ran at: 14-03-2025 07:20:39 PM [] []
[2025-03-14 19:25:34] SlimMonoLogger.INFO: Cron ran at: 14-03-2025 07:25:34 PM [] []
[2025-03-14 19:30:49] SlimMonoLogger.INFO: Cron ran at: 14-03-2025 07:30:49 PM [] []
[2025-03-14 19:35:42] SlimMonoLogger.INFO: Cron ran at: 14-03-2025 07:35:42 PM [] []
[2025-03-14 19:40:34] SlimMonoLogger.INFO: Cron ran at: 14-03-2025 07:40:34 PM [] []
[2025-03-14 19:47:57] SlimMonoLogger.INFO: Cron ran at: 14-03-2025 07:47:57 PM [] []
[2025-03-14 19:51:04] SlimMonoLogger.INFO: Cron ran at: 14-03-2025 07:51:04 PM [] []
[2025-03-14 19:57:41] SlimMonoLogger.ERROR: Requests_Exception: cURL error 28: Failed to connect to antropol.mk port 443 after 131445 ms: Could not connect to server in /home/latihtal/public_html/agregator1/src/vendor/rmccue/requests/library/Requests/Transport/cURL.php:422
Stack trace:
#0 /home/latihtal/public_html/agregator1/src/vendor/rmccue/requests/library/Requests/Transport/cURL.php(177): Requests_Transport_cURL->process_response()
#1 /home/latihtal/public_html/agregator1/src/vendor/rmccue/requests/library/Requests.php(379): Requests_Transport_cURL->request()
#2 /home/latihtal/public_html/agregator1/src/vendor/rmccue/requests/library/Requests/Session.php(205): Requests::request()
#3 /home/latihtal/public_html/agregator1/src/vendor/rmccue/requests/library/Requests/Session.php(132): Requests_Session->request()
#4 /home/latihtal/public_html/agregator1/src/drivers/Http/RssImporter.php(144): Requests_Session->get()
#5 /home/latihtal/public_html/agregator1/src/controllers/Dashboard/DashboardFeedsController.php(534): spark\drivers\Http\RssImporter->fetchPosts()
#6 /home/latihtal/public_html/agregator1/src/controllers/Site/SiteController.php(722): spark\controllers\Dashboard\DashboardFeedsController::importFeedPosts()
#7 [internal function]: spark\controllers\Site\SiteController->runTasks()
#8 /home/latihtal/public_html/agregator1/src/framework/Route.php(173): call_user_func_array()
#9 [internal function]: Slim\Route->Slim\{closure}()
#10 /home/latihtal/public_html/agregator1/src/framework/Route.php(468): call_user_func_array()
#11 /home/latihtal/public_html/agregator1/src/framework/Slim.php(1364): Slim\Route->dispatch()
#12 /home/latihtal/public_html/agregator1/src/framework/Middleware/Flash.php(85): Slim\Slim->call()
#13 /home/latihtal/public_html/agregator1/src/framework/Middleware/MethodOverride.php(92): Slim\Middleware\Flash->call()
#14 /home/latihtal/public_html/agregator1/src/middlewares/CsrfGuard/CsrfGuard.php(47): Slim\Middleware\MethodOverride->call()
#15 /home/latihtal/public_html/agregator1/src/framework/Middleware/PrettyExceptions.php(67): spark\middlewares\CsrfGuard\CsrfGuard->call()
#16 /home/latihtal/public_html/agregator1/src/framework/Slim.php(1308): Slim\Middleware\PrettyExceptions->call()
#17 /home/latihtal/public_html/agregator1/index.php(6): Slim\Slim->run()
#18 {main} [] []
[2025-03-14 19:58:07] SlimMonoLogger.INFO: Cron ran at: 14-03-2025 07:58:07 PM [] []
[2025-03-14 20:00:39] SlimMonoLogger.INFO: Cron ran at: 14-03-2025 08:00:39 PM [] []
[2025-03-14 20:05:34] SlimMonoLogger.INFO: Cron ran at: 14-03-2025 08:05:34 PM [] []
[2025-03-14 20:10:37] SlimMonoLogger.INFO: Cron ran at: 14-03-2025 08:10:37 PM [] []
[2025-03-14 20:15:32] SlimMonoLogger.INFO: Cron ran at: 14-03-2025 08:15:32 PM [] []
[2025-03-14 20:20:39] SlimMonoLogger.INFO: Cron ran at: 14-03-2025 08:20:39 PM [] []
[2025-03-14 20:25:32] SlimMonoLogger.INFO: Cron ran at: 14-03-2025 08:25:32 PM [] []
[2025-03-14 20:30:35] SlimMonoLogger.INFO: Cron ran at: 14-03-2025 08:30:35 PM [] []
[2025-03-14 20:35:34] SlimMonoLogger.INFO: Cron ran at: 14-03-2025 08:35:34 PM [] []
[2025-03-14 20:40:36] SlimMonoLogger.INFO: Cron ran at: 14-03-2025 08:40:36 PM [] []
[2025-03-14 20:45:37] SlimMonoLogger.INFO: Cron ran at: 14-03-2025 08:45:37 PM [] []
[2025-03-14 20:50:32] SlimMonoLogger.INFO: Cron ran at: 14-03-2025 08:50:32 PM [] []
[2025-03-14 20:55:37] SlimMonoLogger.INFO: Cron ran at: 14-03-2025 08:55:37 PM [] []
[2025-03-14 21:00:37] SlimMonoLogger.INFO: Cron ran at: 14-03-2025 09:00:37 PM [] []
[2025-03-14 21:05:31] SlimMonoLogger.INFO: Cron ran at: 14-03-2025 09:05:31 PM [] []
[2025-03-14 21:10:36] SlimMonoLogger.INFO: Cron ran at: 14-03-2025 09:10:36 PM [] []
[2025-03-14 21:15:46] SlimMonoLogger.INFO: Cron ran at: 14-03-2025 09:15:46 PM [] []
[2025-03-14 21:20:34] SlimMonoLogger.INFO: Cron ran at: 14-03-2025 09:20:34 PM [] []
[2025-03-14 21:25:40] SlimMonoLogger.INFO: Cron ran at: 14-03-2025 09:25:40 PM [] []
[2025-03-14 21:30:39] SlimMonoLogger.INFO: Cron ran at: 14-03-2025 09:30:39 PM [] []
[2025-03-14 21:35:29] SlimMonoLogger.INFO: Cron ran at: 14-03-2025 09:35:29 PM [] []
[2025-03-14 21:40:35] SlimMonoLogger.INFO: Cron ran at: 14-03-2025 09:40:35 PM [] []
[2025-03-14 21:45:44] SlimMonoLogger.INFO: Cron ran at: 14-03-2025 09:45:44 PM [] []
[2025-03-14 21:50:29] SlimMonoLogger.INFO: Cron ran at: 14-03-2025 09:50:29 PM [] []
[2025-03-14 21:55:30] SlimMonoLogger.INFO: Cron ran at: 14-03-2025 09:55:30 PM [] []
[2025-03-14 22:00:42] SlimMonoLogger.INFO: Cron ran at: 14-03-2025 10:00:42 PM [] []
[2025-03-14 22:05:38] SlimMonoLogger.INFO: Cron ran at: 14-03-2025 10:05:38 PM [] []
[2025-03-14 22:10:32] SlimMonoLogger.INFO: Cron ran at: 14-03-2025 10:10:32 PM [] []
[2025-03-14 22:15:35] SlimMonoLogger.INFO: Cron ran at: 14-03-2025 10:15:35 PM [] []
[2025-03-14 22:20:26] SlimMonoLogger.INFO: Cron ran at: 14-03-2025 10:20:26 PM [] []
[2025-03-14 22:25:30] SlimMonoLogger.INFO: Cron ran at: 14-03-2025 10:25:30 PM [] []
[2025-03-14 22:30:40] SlimMonoLogger.INFO: Cron ran at: 14-03-2025 10:30:40 PM [] []
[2025-03-14 22:35:31] SlimMonoLogger.INFO: Cron ran at: 14-03-2025 10:35:31 PM [] []
[2025-03-14 22:40:31] SlimMonoLogger.INFO: Cron ran at: 14-03-2025 10:40:31 PM [] []
[2025-03-14 22:45:35] SlimMonoLogger.INFO: Cron ran at: 14-03-2025 10:45:35 PM [] []
[2025-03-14 22:50:32] SlimMonoLogger.INFO: Cron ran at: 14-03-2025 10:50:32 PM [] []
[2025-03-14 22:55:37] SlimMonoLogger.INFO: Cron ran at: 14-03-2025 10:55:37 PM [] []
[2025-03-14 23:00:31] SlimMonoLogger.INFO: Cron ran at: 14-03-2025 11:00:31 PM [] []
[2025-03-14 23:05:40] SlimMonoLogger.INFO: Cron ran at: 14-03-2025 11:05:40 PM [] []
[2025-03-14 23:10:33] SlimMonoLogger.INFO: Cron ran at: 14-03-2025 11:10:33 PM [] []
[2025-03-14 23:15:37] SlimMonoLogger.INFO: Cron ran at: 14-03-2025 11:15:37 PM [] []
[2025-03-14 23:20:29] SlimMonoLogger.INFO: Cron ran at: 14-03-2025 11:20:29 PM [] []
[2025-03-14 23:25:28] SlimMonoLogger.INFO: Cron ran at: 14-03-2025 11:25:28 PM [] []
[2025-03-14 23:30:31] SlimMonoLogger.INFO: Cron ran at: 14-03-2025 11:30:31 PM [] []
[2025-03-14 23:35:33] SlimMonoLogger.INFO: Cron ran at: 14-03-2025 11:35:33 PM [] []
[2025-03-14 23:40:29] SlimMonoLogger.INFO: Cron ran at: 14-03-2025 11:40:29 PM [] []
[2025-03-14 23:45:31] SlimMonoLogger.INFO: Cron ran at: 14-03-2025 11:45:31 PM [] []
[2025-03-14 23:50:35] SlimMonoLogger.INFO: Cron ran at: 14-03-2025 11:50:35 PM [] []
[2025-03-14 23:55:29] SlimMonoLogger.INFO: Cron ran at: 14-03-2025 11:55:29 PM [] []
[2025-03-15 00:00:25] SlimMonoLogger.INFO: Cron ran at: 15-03-2025 12:00:25 AM [] []
[2025-03-15 00:05:29] SlimMonoLogger.INFO: Cron ran at: 15-03-2025 12:05:29 AM [] []
[2025-03-15 00:10:26] SlimMonoLogger.INFO: Cron ran at: 15-03-2025 12:10:26 AM [] []
[2025-03-15 00:15:27] SlimMonoLogger.INFO: Cron ran at: 15-03-2025 12:15:27 AM [] []
[2025-03-15 00:20:30] SlimMonoLogger.INFO: Cron ran at: 15-03-2025 12:20:30 AM [] []
[2025-03-15 00:25:27] SlimMonoLogger.INFO: Cron ran at: 15-03-2025 12:25:27 AM [] []
[2025-03-15 00:30:29] SlimMonoLogger.INFO: Cron ran at: 15-03-2025 12:30:29 AM [] []
[2025-03-15 00:35:28] SlimMonoLogger.INFO: Cron ran at: 15-03-2025 12:35:28 AM [] []
[2025-03-15 00:40:28] SlimMonoLogger.INFO: Cron ran at: 15-03-2025 12:40:28 AM [] []
[2025-03-15 00:45:28] SlimMonoLogger.INFO: Cron ran at: 15-03-2025 12:45:28 AM [] []
[2025-03-15 00:50:33] SlimMonoLogger.INFO: Cron ran at: 15-03-2025 12:50:33 AM [] []
[2025-03-15 00:55:33] SlimMonoLogger.INFO: Cron ran at: 15-03-2025 12:55:33 AM [] []
