[2025-12-14 01:01:50] SlimMonoLogger.INFO: Cron ran at: 14-12-2025 01:01:50 AM [] []
[2025-12-14 01:07:02] SlimMonoLogger.INFO: Cron ran at: 14-12-2025 01:07:02 AM [] []
[2025-12-14 01:11:50] SlimMonoLogger.INFO: Cron ran at: 14-12-2025 01:11:50 AM [] []
[2025-12-14 01:16:50] SlimMonoLogger.INFO: Cron ran at: 14-12-2025 01:16:50 AM [] []
[2025-12-14 01:21:53] SlimMonoLogger.INFO: Cron ran at: 14-12-2025 01:21:53 AM [] []
[2025-12-14 01:26:52] SlimMonoLogger.INFO: Cron ran at: 14-12-2025 01:26:52 AM [] []
[2025-12-14 01:31:54] SlimMonoLogger.INFO: Cron ran at: 14-12-2025 01:31:54 AM [] []
[2025-12-14 01:36:51] SlimMonoLogger.INFO: Cron ran at: 14-12-2025 01:36:51 AM [] []
[2025-12-14 01:41:46] SlimMonoLogger.INFO: Cron ran at: 14-12-2025 01:41:46 AM [] []
[2025-12-14 01:46:49] SlimMonoLogger.INFO: Cron ran at: 14-12-2025 01:46:49 AM [] []
[2025-12-14 01:51:49] SlimMonoLogger.INFO: Cron ran at: 14-12-2025 01:51:49 AM [] []
[2025-12-14 01:56:50] SlimMonoLogger.INFO: Cron ran at: 14-12-2025 01:56:50 AM [] []
[2025-12-14 02:02:05] SlimMonoLogger.INFO: Cron ran at: 14-12-2025 02:02:05 AM [] []
[2025-12-14 02:06:50] SlimMonoLogger.INFO: Cron ran at: 14-12-2025 02:06:50 AM [] []
[2025-12-14 02:11:56] SlimMonoLogger.INFO: Cron ran at: 14-12-2025 02:11:56 AM [] []
[2025-12-14 02:16:53] SlimMonoLogger.INFO: Cron ran at: 14-12-2025 02:16:53 AM [] []
[2025-12-14 02:22:09] SlimMonoLogger.INFO: Cron ran at: 14-12-2025 02:22:09 AM [] []
[2025-12-14 02:26:50] SlimMonoLogger.INFO: Cron ran at: 14-12-2025 02:26:50 AM [] []
[2025-12-14 02:32:03] SlimMonoLogger.INFO: Cron ran at: 14-12-2025 02:32:03 AM [] []
[2025-12-14 02:36:54] SlimMonoLogger.INFO: Cron ran at: 14-12-2025 02:36:54 AM [] []
[2025-12-14 02:41:52] SlimMonoLogger.INFO: Cron ran at: 14-12-2025 02:41:52 AM [] []
[2025-12-14 02:46:52] SlimMonoLogger.INFO: Cron ran at: 14-12-2025 02:46:52 AM [] []
[2025-12-14 02:51:53] SlimMonoLogger.INFO: Cron ran at: 14-12-2025 02:51:53 AM [] []
[2025-12-14 02:56:59] SlimMonoLogger.INFO: Cron ran at: 14-12-2025 02:56:59 AM [] []
[2025-12-14 03:02:15] SlimMonoLogger.INFO: Cron ran at: 14-12-2025 03:02:15 AM [] []
[2025-12-14 03:07:02] SlimMonoLogger.INFO: Cron ran at: 14-12-2025 03:07:02 AM [] []
[2025-12-14 03:11:54] SlimMonoLogger.INFO: Cron ran at: 14-12-2025 03:11:54 AM [] []
[2025-12-14 03:16:55] SlimMonoLogger.INFO: Cron ran at: 14-12-2025 03:16:55 AM [] []
[2025-12-14 03:21:53] SlimMonoLogger.INFO: Cron ran at: 14-12-2025 03:21:53 AM [] []
[2025-12-14 03:26:54] SlimMonoLogger.INFO: Cron ran at: 14-12-2025 03:26:54 AM [] []
[2025-12-14 03:31:59] SlimMonoLogger.INFO: Cron ran at: 14-12-2025 03:31:59 AM [] []
[2025-12-14 03:36:59] SlimMonoLogger.INFO: Cron ran at: 14-12-2025 03:36:59 AM [] []
[2025-12-14 03:42:02] SlimMonoLogger.INFO: Cron ran at: 14-12-2025 03:42:02 AM [] []
[2025-12-14 03:46:58] SlimMonoLogger.INFO: Cron ran at: 14-12-2025 03:46:58 AM [] []
[2025-12-14 03:51:59] SlimMonoLogger.INFO: Cron ran at: 14-12-2025 03:51:59 AM [] []
[2025-12-14 03:56:56] SlimMonoLogger.INFO: Cron ran at: 14-12-2025 03:56:56 AM [] []
[2025-12-14 04:02:04] SlimMonoLogger.INFO: Cron ran at: 14-12-2025 04:02:04 AM [] []
[2025-12-14 04:06:56] SlimMonoLogger.INFO: Cron ran at: 14-12-2025 04:06:56 AM [] []
[2025-12-14 04:11:58] SlimMonoLogger.INFO: Cron ran at: 14-12-2025 04:11:58 AM [] []
[2025-12-14 04:16:38] SlimMonoLogger.INFO: Cron ran at: 14-12-2025 04:16:38 AM [] []
[2025-12-14 04:21:57] SlimMonoLogger.INFO: Cron ran at: 14-12-2025 04:21:57 AM [] []
[2025-12-14 04:26:58] SlimMonoLogger.INFO: Cron ran at: 14-12-2025 04:26:58 AM [] []
[2025-12-14 04:32:01] SlimMonoLogger.INFO: Cron ran at: 14-12-2025 04:32:01 AM [] []
[2025-12-14 04:36:56] SlimMonoLogger.INFO: Cron ran at: 14-12-2025 04:36:56 AM [] []
[2025-12-14 04:41:55] SlimMonoLogger.INFO: Cron ran at: 14-12-2025 04:41:55 AM [] []
[2025-12-14 04:46:57] SlimMonoLogger.INFO: Cron ran at: 14-12-2025 04:46:57 AM [] []
[2025-12-14 04:52:00] SlimMonoLogger.INFO: Cron ran at: 14-12-2025 04:52:00 AM [] []
[2025-12-14 04:56:56] SlimMonoLogger.INFO: Cron ran at: 14-12-2025 04:56:56 AM [] []
[2025-12-14 05:01:59] SlimMonoLogger.INFO: Cron ran at: 14-12-2025 05:01:59 AM [] []
[2025-12-14 05:06:55] SlimMonoLogger.INFO: Cron ran at: 14-12-2025 05:06:55 AM [] []
[2025-12-14 05:12:04] SlimMonoLogger.INFO: Cron ran at: 14-12-2025 05:12:04 AM [] []
[2025-12-14 05:16:56] SlimMonoLogger.INFO: Cron ran at: 14-12-2025 05:16:56 AM [] []
[2025-12-14 05:22:03] SlimMonoLogger.INFO: Cron ran at: 14-12-2025 05:22:03 AM [] []
[2025-12-14 05:26:58] SlimMonoLogger.INFO: Cron ran at: 14-12-2025 05:26:58 AM [] []
[2025-12-14 05:31:58] SlimMonoLogger.INFO: Cron ran at: 14-12-2025 05:31:58 AM [] []
[2025-12-14 05:37:10] SlimMonoLogger.INFO: Cron ran at: 14-12-2025 05:37:10 AM [] []
[2025-12-14 05:42:01] SlimMonoLogger.INFO: Cron ran at: 14-12-2025 05:42:01 AM [] []
[2025-12-14 05:46:59] SlimMonoLogger.INFO: Cron ran at: 14-12-2025 05:46:59 AM [] []
[2025-12-14 05:52:04] SlimMonoLogger.INFO: Cron ran at: 14-12-2025 05:52:04 AM [] []
[2025-12-14 05:56:57] SlimMonoLogger.INFO: Cron ran at: 14-12-2025 05:56:57 AM [] []
[2025-12-14 06:02:15] SlimMonoLogger.INFO: Cron ran at: 14-12-2025 06:02:15 AM [] []
[2025-12-14 06:07:00] SlimMonoLogger.INFO: Cron ran at: 14-12-2025 06:07:00 AM [] []
[2025-12-14 06:12:05] SlimMonoLogger.INFO: Cron ran at: 14-12-2025 06:12:05 AM [] []
[2025-12-14 06:17:05] SlimMonoLogger.INFO: Cron ran at: 14-12-2025 06:17:05 AM [] []
[2025-12-14 06:22:03] SlimMonoLogger.INFO: Cron ran at: 14-12-2025 06:22:03 AM [] []
[2025-12-14 06:27:07] SlimMonoLogger.INFO: Cron ran at: 14-12-2025 06:27:07 AM [] []
[2025-12-14 06:32:08] SlimMonoLogger.INFO: Cron ran at: 14-12-2025 06:32:08 AM [] []
[2025-12-14 06:37:02] SlimMonoLogger.INFO: Cron ran at: 14-12-2025 06:37:02 AM [] []
[2025-12-14 06:42:00] SlimMonoLogger.INFO: Cron ran at: 14-12-2025 06:42:00 AM [] []
[2025-12-14 06:47:10] SlimMonoLogger.INFO: Cron ran at: 14-12-2025 06:47:10 AM [] []
[2025-12-14 06:52:12] SlimMonoLogger.INFO: Cron ran at: 14-12-2025 06:52:12 AM [] []
[2025-12-14 06:57:01] SlimMonoLogger.INFO: Cron ran at: 14-12-2025 06:57:01 AM [] []
[2025-12-14 07:01:59] SlimMonoLogger.INFO: Cron ran at: 14-12-2025 07:01:59 AM [] []
[2025-12-14 07:07:13] SlimMonoLogger.INFO: Cron ran at: 14-12-2025 07:07:13 AM [] []
[2025-12-14 07:11:56] SlimMonoLogger.INFO: Cron ran at: 14-12-2025 07:11:56 AM [] []
[2025-12-14 07:16:58] SlimMonoLogger.INFO: Cron ran at: 14-12-2025 07:16:58 AM [] []
[2025-12-14 07:21:59] SlimMonoLogger.INFO: Cron ran at: 14-12-2025 07:21:59 AM [] []
[2025-12-14 07:27:05] SlimMonoLogger.INFO: Cron ran at: 14-12-2025 07:27:05 AM [] []
[2025-12-14 07:32:11] SlimMonoLogger.INFO: Cron ran at: 14-12-2025 07:32:11 AM [] []
[2025-12-14 07:37:01] SlimMonoLogger.INFO: Cron ran at: 14-12-2025 07:37:01 AM [] []
[2025-12-14 07:42:04] SlimMonoLogger.INFO: Cron ran at: 14-12-2025 07:42:04 AM [] []
[2025-12-14 07:47:03] SlimMonoLogger.INFO: Cron ran at: 14-12-2025 07:47:03 AM [] []
[2025-12-14 07:52:02] SlimMonoLogger.INFO: Cron ran at: 14-12-2025 07:52:02 AM [] []
[2025-12-14 07:56:59] SlimMonoLogger.INFO: Cron ran at: 14-12-2025 07:56:59 AM [] []
[2025-12-14 08:02:09] SlimMonoLogger.INFO: Cron ran at: 14-12-2025 08:02:09 AM [] []
[2025-12-14 08:07:05] SlimMonoLogger.INFO: Cron ran at: 14-12-2025 08:07:05 AM [] []
[2025-12-14 08:12:06] SlimMonoLogger.INFO: Cron ran at: 14-12-2025 08:12:06 AM [] []
[2025-12-14 08:17:08] SlimMonoLogger.INFO: Cron ran at: 14-12-2025 08:17:08 AM [] []
[2025-12-14 08:22:04] SlimMonoLogger.INFO: Cron ran at: 14-12-2025 08:22:04 AM [] []
[2025-12-14 08:27:02] SlimMonoLogger.INFO: Cron ran at: 14-12-2025 08:27:02 AM [] []
[2025-12-14 08:32:18] SlimMonoLogger.INFO: Cron ran at: 14-12-2025 08:32:18 AM [] []
[2025-12-14 08:42:07] SlimMonoLogger.INFO: Cron ran at: 14-12-2025 08:42:07 AM [] []
[2025-12-14 08:47:10] SlimMonoLogger.INFO: Cron ran at: 14-12-2025 08:47:10 AM [] []
[2025-12-14 08:52:00] SlimMonoLogger.INFO: Cron ran at: 14-12-2025 08:52:00 AM [] []
[2025-12-14 09:06:49] SlimMonoLogger.INFO: Cron ran at: 14-12-2025 09:06:49 AM [] []
[2025-12-14 09:12:04] SlimMonoLogger.INFO: Cron ran at: 14-12-2025 09:12:04 AM [] []
[2025-12-14 09:17:03] SlimMonoLogger.INFO: Cron ran at: 14-12-2025 09:17:03 AM [] []
[2025-12-14 09:22:06] SlimMonoLogger.INFO: Cron ran at: 14-12-2025 09:22:06 AM [] []
[2025-12-14 09:27:05] SlimMonoLogger.INFO: Cron ran at: 14-12-2025 09:27:05 AM [] []
[2025-12-14 09:32:24] SlimMonoLogger.INFO: Cron ran at: 14-12-2025 09:32:24 AM [] []
[2025-12-14 09:37:10] SlimMonoLogger.INFO: Cron ran at: 14-12-2025 09:37:10 AM [] []
[2025-12-14 09:47:22] SlimMonoLogger.INFO: Cron ran at: 14-12-2025 09:47:22 AM [] []
[2025-12-14 09:52:08] SlimMonoLogger.INFO: Cron ran at: 14-12-2025 09:52:08 AM [] []
[2025-12-14 10:07:12] SlimMonoLogger.INFO: Cron ran at: 14-12-2025 10:07:12 AM [] []
[2025-12-14 10:12:20] SlimMonoLogger.INFO: Cron ran at: 14-12-2025 10:12:20 AM [] []
[2025-12-14 10:17:15] SlimMonoLogger.INFO: Cron ran at: 14-12-2025 10:17:15 AM [] []
[2025-12-14 10:22:30] SlimMonoLogger.INFO: Cron ran at: 14-12-2025 10:22:30 AM [] []
[2025-12-14 10:27:39] SlimMonoLogger.INFO: Cron ran at: 14-12-2025 10:27:39 AM [] []
[2025-12-14 10:33:04] SlimMonoLogger.INFO: Cron ran at: 14-12-2025 10:33:04 AM [] []
[2025-12-14 10:37:18] SlimMonoLogger.INFO: Cron ran at: 14-12-2025 10:37:18 AM [] []
[2025-12-14 10:42:28] SlimMonoLogger.INFO: Cron ran at: 14-12-2025 10:42:28 AM [] []
[2025-12-14 10:47:44] SlimMonoLogger.INFO: Cron ran at: 14-12-2025 10:47:44 AM [] []
[2025-12-14 10:52:23] SlimMonoLogger.INFO: Cron ran at: 14-12-2025 10:52:23 AM [] []
[2025-12-14 10:57:24] SlimMonoLogger.INFO: Cron ran at: 14-12-2025 10:57:24 AM [] []
[2025-12-14 11:02:42] SlimMonoLogger.INFO: Cron ran at: 14-12-2025 11:02:42 AM [] []
[2025-12-14 11:07:43] SlimMonoLogger.INFO: Cron ran at: 14-12-2025 11:07:43 AM [] []
[2025-12-14 11:12:25] SlimMonoLogger.INFO: Cron ran at: 14-12-2025 11:12:25 AM [] []
[2025-12-14 11:17:42] SlimMonoLogger.INFO: Cron ran at: 14-12-2025 11:17:42 AM [] []
[2025-12-14 11:22:29] SlimMonoLogger.INFO: Cron ran at: 14-12-2025 11:22:29 AM [] []
[2025-12-14 11:27:14] SlimMonoLogger.INFO: Cron ran at: 14-12-2025 11:27:14 AM [] []
[2025-12-14 11:32:27] SlimMonoLogger.INFO: Cron ran at: 14-12-2025 11:32:27 AM [] []
[2025-12-14 11:37:18] SlimMonoLogger.INFO: Cron ran at: 14-12-2025 11:37:18 AM [] []
[2025-12-14 11:42:17] SlimMonoLogger.INFO: Cron ran at: 14-12-2025 11:42:17 AM [] []
[2025-12-14 11:47:14] SlimMonoLogger.INFO: Cron ran at: 14-12-2025 11:47:14 AM [] []
[2025-12-14 11:52:10] SlimMonoLogger.INFO: Cron ran at: 14-12-2025 11:52:10 AM [] []
[2025-12-14 11:57:22] SlimMonoLogger.INFO: Cron ran at: 14-12-2025 11:57:22 AM [] []
[2025-12-14 12:02:15] SlimMonoLogger.INFO: Cron ran at: 14-12-2025 12:02:15 PM [] []
[2025-12-14 12:07:22] SlimMonoLogger.INFO: Cron ran at: 14-12-2025 12:07:22 PM [] []
[2025-12-14 12:12:18] SlimMonoLogger.INFO: Cron ran at: 14-12-2025 12:12:18 PM [] []
[2025-12-14 12:17:11] SlimMonoLogger.INFO: Cron ran at: 14-12-2025 12:17:11 PM [] []
[2025-12-14 12:22:09] SlimMonoLogger.INFO: Cron ran at: 14-12-2025 12:22:09 PM [] []
[2025-12-14 12:27:15] SlimMonoLogger.INFO: Cron ran at: 14-12-2025 12:27:15 PM [] []
[2025-12-14 12:32:15] SlimMonoLogger.INFO: Cron ran at: 14-12-2025 12:32:15 PM [] []
[2025-12-14 12:37:07] SlimMonoLogger.INFO: Cron ran at: 14-12-2025 12:37:07 PM [] []
[2025-12-14 12:42:08] SlimMonoLogger.INFO: Cron ran at: 14-12-2025 12:42:08 PM [] []
[2025-12-14 12:47:17] SlimMonoLogger.INFO: Cron ran at: 14-12-2025 12:47:17 PM [] []
[2025-12-14 12:52:14] SlimMonoLogger.INFO: Cron ran at: 14-12-2025 12:52:14 PM [] []
[2025-12-14 12:57:13] SlimMonoLogger.INFO: Cron ran at: 14-12-2025 12:57:13 PM [] []
[2025-12-14 13:02:19] SlimMonoLogger.INFO: Cron ran at: 14-12-2025 01:02:19 PM [] []
[2025-12-14 13:07:20] SlimMonoLogger.INFO: Cron ran at: 14-12-2025 01:07:20 PM [] []
[2025-12-14 13:12:13] SlimMonoLogger.INFO: Cron ran at: 14-12-2025 01:12:13 PM [] []
[2025-12-14 13:17:02] SlimMonoLogger.INFO: Cron ran at: 14-12-2025 01:17:02 PM [] []
[2025-12-14 13:22:03] SlimMonoLogger.INFO: Cron ran at: 14-12-2025 01:22:03 PM [] []
[2025-12-14 13:27:15] SlimMonoLogger.INFO: Cron ran at: 14-12-2025 01:27:15 PM [] []
[2025-12-14 13:32:21] SlimMonoLogger.INFO: Cron ran at: 14-12-2025 01:32:21 PM [] []
[2025-12-14 13:37:07] SlimMonoLogger.INFO: Cron ran at: 14-12-2025 01:37:07 PM [] []
[2025-12-14 13:42:13] SlimMonoLogger.INFO: Cron ran at: 14-12-2025 01:42:13 PM [] []
[2025-12-14 13:47:00] SlimMonoLogger.INFO: Cron ran at: 14-12-2025 01:47:00 PM [] []
[2025-12-14 13:51:59] SlimMonoLogger.INFO: Cron ran at: 14-12-2025 01:51:59 PM [] []
[2025-12-14 13:57:12] SlimMonoLogger.INFO: Cron ran at: 14-12-2025 01:57:12 PM [] []
[2025-12-14 14:02:16] SlimMonoLogger.INFO: Cron ran at: 14-12-2025 02:02:16 PM [] []
[2025-12-14 14:07:03] SlimMonoLogger.INFO: Cron ran at: 14-12-2025 02:07:03 PM [] []
[2025-12-14 14:11:58] SlimMonoLogger.INFO: Cron ran at: 14-12-2025 02:11:58 PM [] []
[2025-12-14 14:17:03] SlimMonoLogger.INFO: Cron ran at: 14-12-2025 02:17:03 PM [] []
[2025-12-14 14:21:56] SlimMonoLogger.INFO: Cron ran at: 14-12-2025 02:21:56 PM [] []
[2025-12-14 14:26:56] SlimMonoLogger.INFO: Cron ran at: 14-12-2025 02:26:56 PM [] []
[2025-12-14 14:32:04] SlimMonoLogger.INFO: Cron ran at: 14-12-2025 02:32:04 PM [] []
[2025-12-14 14:37:04] SlimMonoLogger.INFO: Cron ran at: 14-12-2025 02:37:04 PM [] []
[2025-12-14 14:42:12] SlimMonoLogger.INFO: Cron ran at: 14-12-2025 02:42:12 PM [] []
[2025-12-14 14:47:11] SlimMonoLogger.INFO: Cron ran at: 14-12-2025 02:47:11 PM [] []
[2025-12-14 14:52:04] SlimMonoLogger.INFO: Cron ran at: 14-12-2025 02:52:04 PM [] []
[2025-12-14 14:56:52] SlimMonoLogger.INFO: Cron ran at: 14-12-2025 02:56:52 PM [] []
[2025-12-14 15:01:57] SlimMonoLogger.INFO: Cron ran at: 14-12-2025 03:01:57 PM [] []
[2025-12-14 15:06:56] SlimMonoLogger.INFO: Cron ran at: 14-12-2025 03:06:56 PM [] []
[2025-12-14 15:12:03] SlimMonoLogger.INFO: Cron ran at: 14-12-2025 03:12:03 PM [] []
[2025-12-14 15:16:58] SlimMonoLogger.INFO: Cron ran at: 14-12-2025 03:16:58 PM [] []
[2025-12-14 15:21:51] SlimMonoLogger.INFO: Cron ran at: 14-12-2025 03:21:51 PM [] []
[2025-12-14 15:27:00] SlimMonoLogger.INFO: Cron ran at: 14-12-2025 03:27:00 PM [] []
[2025-12-14 15:32:00] SlimMonoLogger.INFO: Cron ran at: 14-12-2025 03:32:00 PM [] []
[2025-12-14 15:37:04] SlimMonoLogger.INFO: Cron ran at: 14-12-2025 03:37:04 PM [] []
[2025-12-14 15:42:00] SlimMonoLogger.INFO: Cron ran at: 14-12-2025 03:42:00 PM [] []
[2025-12-14 15:47:06] SlimMonoLogger.INFO: Cron ran at: 14-12-2025 03:47:06 PM [] []
[2025-12-14 15:52:50] SlimMonoLogger.INFO: Cron ran at: 14-12-2025 03:52:50 PM [] []
[2025-12-14 15:57:01] SlimMonoLogger.INFO: Cron ran at: 14-12-2025 03:57:01 PM [] []
[2025-12-14 16:02:12] SlimMonoLogger.INFO: Cron ran at: 14-12-2025 04:02:12 PM [] []
[2025-12-14 16:07:00] SlimMonoLogger.INFO: Cron ran at: 14-12-2025 04:07:00 PM [] []
[2025-12-14 16:12:00] SlimMonoLogger.INFO: Cron ran at: 14-12-2025 04:12:00 PM [] []
[2025-12-14 16:17:42] SlimMonoLogger.INFO: Cron ran at: 14-12-2025 04:17:42 PM [] []
[2025-12-14 16:22:58] SlimMonoLogger.INFO: Cron ran at: 14-12-2025 04:22:58 PM [] []
[2025-12-14 16:27:05] SlimMonoLogger.INFO: Cron ran at: 14-12-2025 04:27:05 PM [] []
[2025-12-14 16:32:25] SlimMonoLogger.INFO: Cron ran at: 14-12-2025 04:32:25 PM [] []
[2025-12-14 16:37:05] SlimMonoLogger.INFO: Cron ran at: 14-12-2025 04:37:05 PM [] []
[2025-12-14 16:42:10] SlimMonoLogger.INFO: Cron ran at: 14-12-2025 04:42:10 PM [] []
[2025-12-14 16:47:06] SlimMonoLogger.INFO: Cron ran at: 14-12-2025 04:47:06 PM [] []
[2025-12-14 16:51:55] SlimMonoLogger.INFO: Cron ran at: 14-12-2025 04:51:55 PM [] []
[2025-12-14 16:57:10] SlimMonoLogger.INFO: Cron ran at: 14-12-2025 04:57:10 PM [] []
[2025-12-14 17:02:11] SlimMonoLogger.INFO: Cron ran at: 14-12-2025 05:02:11 PM [] []
[2025-12-14 17:07:01] SlimMonoLogger.INFO: Cron ran at: 14-12-2025 05:07:01 PM [] []
[2025-12-14 17:12:07] SlimMonoLogger.INFO: Cron ran at: 14-12-2025 05:12:07 PM [] []
[2025-12-14 17:18:12] SlimMonoLogger.INFO: Cron ran at: 14-12-2025 05:18:12 PM [] []
[2025-12-14 17:22:27] SlimMonoLogger.INFO: Cron ran at: 14-12-2025 05:22:27 PM [] []
[2025-12-14 17:27:16] SlimMonoLogger.INFO: Cron ran at: 14-12-2025 05:27:16 PM [] []
[2025-12-14 17:32:18] SlimMonoLogger.INFO: Cron ran at: 14-12-2025 05:32:18 PM [] []
[2025-12-14 17:37:24] SlimMonoLogger.INFO: Cron ran at: 14-12-2025 05:37:24 PM [] []
[2025-12-14 17:44:04] SlimMonoLogger.INFO: Cron ran at: 14-12-2025 05:44:04 PM [] []
[2025-12-14 17:48:28] SlimMonoLogger.INFO: Cron ran at: 14-12-2025 05:48:28 PM [] []
[2025-12-14 17:52:25] SlimMonoLogger.INFO: Cron ran at: 14-12-2025 05:52:25 PM [] []
[2025-12-14 17:57:27] SlimMonoLogger.INFO: Cron ran at: 14-12-2025 05:57:27 PM [] []
[2025-12-14 18:07:46] SlimMonoLogger.INFO: Cron ran at: 14-12-2025 06:07:46 PM [] []
[2025-12-14 18:09:33] SlimMonoLogger.ERROR: Requests_Exception: cURL error 28: Operation timed out after 500010 milliseconds with 0 bytes received in /home/latihtal/public_html/agregator1/src/vendor/rmccue/requests/library/Requests/Transport/cURL.php:422
Stack trace:
#0 /home/latihtal/public_html/agregator1/src/vendor/rmccue/requests/library/Requests/Transport/cURL.php(177): Requests_Transport_cURL->process_response()
#1 /home/latihtal/public_html/agregator1/src/vendor/rmccue/requests/library/Requests.php(379): Requests_Transport_cURL->request()
#2 /home/latihtal/public_html/agregator1/src/vendor/rmccue/requests/library/Requests/Session.php(205): Requests::request()
#3 /home/latihtal/public_html/agregator1/src/vendor/rmccue/requests/library/Requests/Session.php(132): Requests_Session->request()
#4 /home/latihtal/public_html/agregator1/src/drivers/Http/RssImporter.php(144): Requests_Session->get()
#5 /home/latihtal/public_html/agregator1/src/controllers/Dashboard/DashboardFeedsController.php(534): spark\drivers\Http\RssImporter->fetchPosts()
#6 /home/latihtal/public_html/agregator1/src/controllers/Site/SiteController.php(722): spark\controllers\Dashboard\DashboardFeedsController::importFeedPosts()
#7 [internal function]: spark\controllers\Site\SiteController->runTasks()
#8 /home/latihtal/public_html/agregator1/src/framework/Route.php(173): call_user_func_array()
#9 [internal function]: Slim\Route->Slim\{closure}()
#10 /home/latihtal/public_html/agregator1/src/framework/Route.php(468): call_user_func_array()
#11 /home/latihtal/public_html/agregator1/src/framework/Slim.php(1364): Slim\Route->dispatch()
#12 /home/latihtal/public_html/agregator1/src/framework/Middleware/Flash.php(85): Slim\Slim->call()
#13 /home/latihtal/public_html/agregator1/src/framework/Middleware/MethodOverride.php(92): Slim\Middleware\Flash->call()
#14 /home/latihtal/public_html/agregator1/src/middlewares/CsrfGuard/CsrfGuard.php(47): Slim\Middleware\MethodOverride->call()
#15 /home/latihtal/public_html/agregator1/src/framework/Middleware/PrettyExceptions.php(67): spark\middlewares\CsrfGuard\CsrfGuard->call()
#16 /home/latihtal/public_html/agregator1/src/framework/Slim.php(1308): Slim\Middleware\PrettyExceptions->call()
#17 /home/latihtal/public_html/agregator1/index.php(6): Slim\Slim->run()
#18 {main} [] []
[2025-12-14 18:10:38] SlimMonoLogger.INFO: Cron ran at: 14-12-2025 06:10:38 PM [] []
[2025-12-14 18:12:20] SlimMonoLogger.INFO: Cron ran at: 14-12-2025 06:12:20 PM [] []
[2025-12-14 18:17:40] SlimMonoLogger.INFO: Cron ran at: 14-12-2025 06:17:40 PM [] []
[2025-12-14 18:22:36] SlimMonoLogger.INFO: Cron ran at: 14-12-2025 06:22:36 PM [] []
[2025-12-14 18:27:32] SlimMonoLogger.INFO: Cron ran at: 14-12-2025 06:27:32 PM [] []
[2025-12-14 18:32:18] SlimMonoLogger.INFO: Cron ran at: 14-12-2025 06:32:18 PM [] []
[2025-12-14 18:37:21] SlimMonoLogger.INFO: Cron ran at: 14-12-2025 06:37:21 PM [] []
[2025-12-14 18:42:28] SlimMonoLogger.INFO: Cron ran at: 14-12-2025 06:42:28 PM [] []
[2025-12-14 18:47:12] SlimMonoLogger.INFO: Cron ran at: 14-12-2025 06:47:12 PM [] []
[2025-12-14 18:52:37] SlimMonoLogger.INFO: Cron ran at: 14-12-2025 06:52:37 PM [] []
[2025-12-14 18:57:27] SlimMonoLogger.INFO: Cron ran at: 14-12-2025 06:57:27 PM [] []
[2025-12-14 19:02:26] SlimMonoLogger.INFO: Cron ran at: 14-12-2025 07:02:26 PM [] []
[2025-12-14 19:07:12] SlimMonoLogger.INFO: Cron ran at: 14-12-2025 07:07:12 PM [] []
[2025-12-14 19:12:28] SlimMonoLogger.INFO: Cron ran at: 14-12-2025 07:12:28 PM [] []
[2025-12-14 19:17:14] SlimMonoLogger.INFO: Cron ran at: 14-12-2025 07:17:14 PM [] []
[2025-12-14 19:22:21] SlimMonoLogger.INFO: Cron ran at: 14-12-2025 07:22:21 PM [] []
[2025-12-14 19:27:33] SlimMonoLogger.INFO: Cron ran at: 14-12-2025 07:27:33 PM [] []
[2025-12-14 19:31:53] SlimMonoLogger.INFO: Cron ran at: 14-12-2025 07:31:53 PM [] []
[2025-12-14 19:36:53] SlimMonoLogger.INFO: Cron ran at: 14-12-2025 07:36:53 PM [] []
[2025-12-14 19:41:41] SlimMonoLogger.INFO: Cron ran at: 14-12-2025 07:41:41 PM [] []
[2025-12-14 19:47:06] SlimMonoLogger.INFO: Cron ran at: 14-12-2025 07:47:06 PM [] []
[2025-12-14 19:51:52] SlimMonoLogger.INFO: Cron ran at: 14-12-2025 07:51:52 PM [] []
[2025-12-14 19:56:40] SlimMonoLogger.INFO: Cron ran at: 14-12-2025 07:56:40 PM [] []
[2025-12-14 20:01:55] SlimMonoLogger.INFO: Cron ran at: 14-12-2025 08:01:55 PM [] []
[2025-12-14 20:06:43] SlimMonoLogger.INFO: Cron ran at: 14-12-2025 08:06:43 PM [] []
[2025-12-14 20:11:44] SlimMonoLogger.INFO: Cron ran at: 14-12-2025 08:11:44 PM [] []
[2025-12-14 20:16:59] SlimMonoLogger.INFO: Cron ran at: 14-12-2025 08:16:59 PM [] []
[2025-12-14 20:21:48] SlimMonoLogger.INFO: Cron ran at: 14-12-2025 08:21:48 PM [] []
[2025-12-14 20:27:04] SlimMonoLogger.INFO: Cron ran at: 14-12-2025 08:27:04 PM [] []
[2025-12-14 20:31:46] SlimMonoLogger.INFO: Cron ran at: 14-12-2025 08:31:46 PM [] []
[2025-12-14 20:36:41] SlimMonoLogger.INFO: Cron ran at: 14-12-2025 08:36:41 PM [] []
[2025-12-14 20:41:57] SlimMonoLogger.INFO: Cron ran at: 14-12-2025 08:41:57 PM [] []
[2025-12-14 20:47:35] SlimMonoLogger.INFO: Cron ran at: 14-12-2025 08:47:35 PM [] []
[2025-12-14 20:51:45] SlimMonoLogger.INFO: Cron ran at: 14-12-2025 08:51:45 PM [] []
[2025-12-14 20:56:45] SlimMonoLogger.INFO: Cron ran at: 14-12-2025 08:56:45 PM [] []
[2025-12-14 21:01:56] SlimMonoLogger.INFO: Cron ran at: 14-12-2025 09:01:56 PM [] []
[2025-12-14 21:06:43] SlimMonoLogger.INFO: Cron ran at: 14-12-2025 09:06:43 PM [] []
[2025-12-14 21:11:55] SlimMonoLogger.INFO: Cron ran at: 14-12-2025 09:11:55 PM [] []
[2025-12-14 21:16:55] SlimMonoLogger.INFO: Cron ran at: 14-12-2025 09:16:55 PM [] []
[2025-12-14 21:21:48] SlimMonoLogger.INFO: Cron ran at: 14-12-2025 09:21:48 PM [] []
[2025-12-14 21:26:53] SlimMonoLogger.INFO: Cron ran at: 14-12-2025 09:26:53 PM [] []
[2025-12-14 21:31:45] SlimMonoLogger.INFO: Cron ran at: 14-12-2025 09:31:45 PM [] []
[2025-12-14 21:36:44] SlimMonoLogger.INFO: Cron ran at: 14-12-2025 09:36:44 PM [] []
[2025-12-14 21:41:39] SlimMonoLogger.INFO: Cron ran at: 14-12-2025 09:41:39 PM [] []
[2025-12-14 21:46:55] SlimMonoLogger.INFO: Cron ran at: 14-12-2025 09:46:55 PM [] []
[2025-12-14 21:51:51] SlimMonoLogger.INFO: Cron ran at: 14-12-2025 09:51:51 PM [] []
[2025-12-14 21:56:35] SlimMonoLogger.INFO: Cron ran at: 14-12-2025 09:56:35 PM [] []
[2025-12-14 22:01:44] SlimMonoLogger.INFO: Cron ran at: 14-12-2025 10:01:44 PM [] []
[2025-12-14 22:06:41] SlimMonoLogger.INFO: Cron ran at: 14-12-2025 10:06:41 PM [] []
[2025-12-14 22:11:44] SlimMonoLogger.INFO: Cron ran at: 14-12-2025 10:11:44 PM [] []
[2025-12-14 22:16:43] SlimMonoLogger.INFO: Cron ran at: 14-12-2025 10:16:43 PM [] []
[2025-12-14 22:21:49] SlimMonoLogger.INFO: Cron ran at: 14-12-2025 10:21:49 PM [] []
[2025-12-14 22:26:54] SlimMonoLogger.INFO: Cron ran at: 14-12-2025 10:26:54 PM [] []
[2025-12-14 22:31:42] SlimMonoLogger.INFO: Cron ran at: 14-12-2025 10:31:42 PM [] []
[2025-12-14 22:36:43] SlimMonoLogger.INFO: Cron ran at: 14-12-2025 10:36:43 PM [] []
[2025-12-14 22:41:35] SlimMonoLogger.INFO: Cron ran at: 14-12-2025 10:41:35 PM [] []
[2025-12-14 22:46:42] SlimMonoLogger.INFO: Cron ran at: 14-12-2025 10:46:42 PM [] []
[2025-12-14 22:51:43] SlimMonoLogger.INFO: Cron ran at: 14-12-2025 10:51:43 PM [] []
[2025-12-14 22:56:43] SlimMonoLogger.INFO: Cron ran at: 14-12-2025 10:56:43 PM [] []
[2025-12-14 23:01:44] SlimMonoLogger.INFO: Cron ran at: 14-12-2025 11:01:44 PM [] []
[2025-12-14 23:06:47] SlimMonoLogger.INFO: Cron ran at: 14-12-2025 11:06:47 PM [] []
[2025-12-14 23:11:42] SlimMonoLogger.INFO: Cron ran at: 14-12-2025 11:11:42 PM [] []
[2025-12-14 23:16:41] SlimMonoLogger.INFO: Cron ran at: 14-12-2025 11:16:41 PM [] []
[2025-12-14 23:21:48] SlimMonoLogger.INFO: Cron ran at: 14-12-2025 11:21:48 PM [] []
[2025-12-14 23:26:34] SlimMonoLogger.INFO: Cron ran at: 14-12-2025 11:26:34 PM [] []
[2025-12-14 23:31:33] SlimMonoLogger.INFO: Cron ran at: 14-12-2025 11:31:33 PM [] []
[2025-12-14 23:36:35] SlimMonoLogger.INFO: Cron ran at: 14-12-2025 11:36:35 PM [] []
[2025-12-14 23:41:38] SlimMonoLogger.INFO: Cron ran at: 14-12-2025 11:41:38 PM [] []
[2025-12-14 23:46:40] SlimMonoLogger.INFO: Cron ran at: 14-12-2025 11:46:40 PM [] []
[2025-12-14 23:51:39] SlimMonoLogger.INFO: Cron ran at: 14-12-2025 11:51:39 PM [] []
[2025-12-14 23:56:41] SlimMonoLogger.INFO: Cron ran at: 14-12-2025 11:56:41 PM [] []
[2025-12-15 00:01:41] SlimMonoLogger.INFO: Cron ran at: 15-12-2025 12:01:41 AM [] []
[2025-12-15 00:06:42] SlimMonoLogger.INFO: Cron ran at: 15-12-2025 12:06:42 AM [] []
[2025-12-15 00:11:42] SlimMonoLogger.INFO: Cron ran at: 15-12-2025 12:11:42 AM [] []
[2025-12-15 00:16:31] SlimMonoLogger.INFO: Cron ran at: 15-12-2025 12:16:31 AM [] []
[2025-12-15 00:21:41] SlimMonoLogger.INFO: Cron ran at: 15-12-2025 12:21:41 AM [] []
[2025-12-15 00:26:45] SlimMonoLogger.INFO: Cron ran at: 15-12-2025 12:26:45 AM [] []
[2025-12-15 00:32:20] SlimMonoLogger.INFO: Cron ran at: 15-12-2025 12:32:20 AM [] []
[2025-12-15 00:36:40] SlimMonoLogger.INFO: Cron ran at: 15-12-2025 12:36:40 AM [] []
[2025-12-15 00:41:39] SlimMonoLogger.INFO: Cron ran at: 15-12-2025 12:41:39 AM [] []
[2025-12-15 00:46:41] SlimMonoLogger.INFO: Cron ran at: 15-12-2025 12:46:41 AM [] []
[2025-12-15 00:51:34] SlimMonoLogger.INFO: Cron ran at: 15-12-2025 12:51:34 AM [] []
[2025-12-15 00:56:34] SlimMonoLogger.INFO: Cron ran at: 15-12-2025 12:56:34 AM [] []
