[2025-03-15 01:00:36] SlimMonoLogger.INFO: Cron ran at: 15-03-2025 01:00:36 AM [] []
[2025-03-15 01:05:31] SlimMonoLogger.INFO: Cron ran at: 15-03-2025 01:05:31 AM [] []
[2025-03-15 01:10:29] SlimMonoLogger.INFO: Cron ran at: 15-03-2025 01:10:29 AM [] []
[2025-03-15 01:15:37] SlimMonoLogger.INFO: Cron ran at: 15-03-2025 01:15:37 AM [] []
[2025-03-15 01:20:30] SlimMonoLogger.INFO: Cron ran at: 15-03-2025 01:20:30 AM [] []
[2025-03-15 01:25:32] SlimMonoLogger.INFO: Cron ran at: 15-03-2025 01:25:32 AM [] []
[2025-03-15 01:30:31] SlimMonoLogger.INFO: Cron ran at: 15-03-2025 01:30:31 AM [] []
[2025-03-15 01:35:31] SlimMonoLogger.INFO: Cron ran at: 15-03-2025 01:35:31 AM [] []
[2025-03-15 01:40:33] SlimMonoLogger.INFO: Cron ran at: 15-03-2025 01:40:33 AM [] []
[2025-03-15 01:45:34] SlimMonoLogger.INFO: Cron ran at: 15-03-2025 01:45:34 AM [] []
[2025-03-15 01:50:37] SlimMonoLogger.INFO: Cron ran at: 15-03-2025 01:50:37 AM [] []
[2025-03-15 01:55:26] SlimMonoLogger.INFO: Cron ran at: 15-03-2025 01:55:26 AM [] []
[2025-03-15 02:00:31] SlimMonoLogger.INFO: Cron ran at: 15-03-2025 02:00:31 AM [] []
[2025-03-15 02:05:35] SlimMonoLogger.INFO: Cron ran at: 15-03-2025 02:05:35 AM [] []
[2025-03-15 02:10:26] SlimMonoLogger.INFO: Cron ran at: 15-03-2025 02:10:26 AM [] []
[2025-03-15 02:15:25] SlimMonoLogger.INFO: Cron ran at: 15-03-2025 02:15:25 AM [] []
[2025-03-15 02:20:29] SlimMonoLogger.INFO: Cron ran at: 15-03-2025 02:20:29 AM [] []
[2025-03-15 02:25:28] SlimMonoLogger.INFO: Cron ran at: 15-03-2025 02:25:28 AM [] []
[2025-03-15 02:30:26] SlimMonoLogger.INFO: Cron ran at: 15-03-2025 02:30:26 AM [] []
[2025-03-15 02:35:29] SlimMonoLogger.INFO: Cron ran at: 15-03-2025 02:35:29 AM [] []
[2025-03-15 02:40:31] SlimMonoLogger.INFO: Cron ran at: 15-03-2025 02:40:31 AM [] []
[2025-03-15 02:45:34] SlimMonoLogger.INFO: Cron ran at: 15-03-2025 02:45:34 AM [] []
[2025-03-15 02:50:28] SlimMonoLogger.INFO: Cron ran at: 15-03-2025 02:50:28 AM [] []
[2025-03-15 02:55:26] SlimMonoLogger.INFO: Cron ran at: 15-03-2025 02:55:26 AM [] []
[2025-03-15 03:00:29] SlimMonoLogger.INFO: Cron ran at: 15-03-2025 03:00:29 AM [] []
[2025-03-15 03:05:28] SlimMonoLogger.INFO: Cron ran at: 15-03-2025 03:05:28 AM [] []
[2025-03-15 03:10:28] SlimMonoLogger.INFO: Cron ran at: 15-03-2025 03:10:28 AM [] []
[2025-03-15 03:15:33] SlimMonoLogger.INFO: Cron ran at: 15-03-2025 03:15:33 AM [] []
[2025-03-15 03:20:24] SlimMonoLogger.INFO: Cron ran at: 15-03-2025 03:20:24 AM [] []
[2025-03-15 03:25:29] SlimMonoLogger.INFO: Cron ran at: 15-03-2025 03:25:29 AM [] []
[2025-03-15 03:30:29] SlimMonoLogger.INFO: Cron ran at: 15-03-2025 03:30:29 AM [] []
[2025-03-15 03:35:28] SlimMonoLogger.INFO: Cron ran at: 15-03-2025 03:35:28 AM [] []
[2025-03-15 03:40:35] SlimMonoLogger.INFO: Cron ran at: 15-03-2025 03:40:35 AM [] []
[2025-03-15 03:45:27] SlimMonoLogger.INFO: Cron ran at: 15-03-2025 03:45:27 AM [] []
[2025-03-15 03:50:25] SlimMonoLogger.INFO: Cron ran at: 15-03-2025 03:50:25 AM [] []
[2025-03-15 03:55:29] SlimMonoLogger.INFO: Cron ran at: 15-03-2025 03:55:29 AM [] []
[2025-03-15 04:00:29] SlimMonoLogger.INFO: Cron ran at: 15-03-2025 04:00:29 AM [] []
[2025-03-15 04:05:35] SlimMonoLogger.INFO: Cron ran at: 15-03-2025 04:05:35 AM [] []
[2025-03-15 04:10:32] SlimMonoLogger.INFO: Cron ran at: 15-03-2025 04:10:32 AM [] []
[2025-03-15 04:15:30] SlimMonoLogger.INFO: Cron ran at: 15-03-2025 04:15:30 AM [] []
[2025-03-15 04:20:29] SlimMonoLogger.INFO: Cron ran at: 15-03-2025 04:20:29 AM [] []
[2025-03-15 04:25:30] SlimMonoLogger.INFO: Cron ran at: 15-03-2025 04:25:30 AM [] []
[2025-03-15 04:30:34] SlimMonoLogger.INFO: Cron ran at: 15-03-2025 04:30:34 AM [] []
[2025-03-15 04:35:31] SlimMonoLogger.INFO: Cron ran at: 15-03-2025 04:35:31 AM [] []
[2025-03-15 04:40:29] SlimMonoLogger.INFO: Cron ran at: 15-03-2025 04:40:29 AM [] []
[2025-03-15 04:45:32] SlimMonoLogger.INFO: Cron ran at: 15-03-2025 04:45:32 AM [] []
[2025-03-15 04:50:36] SlimMonoLogger.INFO: Cron ran at: 15-03-2025 04:50:36 AM [] []
[2025-03-15 04:55:29] SlimMonoLogger.INFO: Cron ran at: 15-03-2025 04:55:29 AM [] []
[2025-03-15 05:00:34] SlimMonoLogger.INFO: Cron ran at: 15-03-2025 05:00:34 AM [] []
[2025-03-15 05:05:35] SlimMonoLogger.INFO: Cron ran at: 15-03-2025 05:05:35 AM [] []
[2025-03-15 05:10:29] SlimMonoLogger.INFO: Cron ran at: 15-03-2025 05:10:29 AM [] []
[2025-03-15 05:15:26] SlimMonoLogger.INFO: Cron ran at: 15-03-2025 05:15:26 AM [] []
[2025-03-15 05:20:29] SlimMonoLogger.INFO: Cron ran at: 15-03-2025 05:20:29 AM [] []
[2025-03-15 05:25:30] SlimMonoLogger.INFO: Cron ran at: 15-03-2025 05:25:30 AM [] []
[2025-03-15 05:30:38] SlimMonoLogger.INFO: Cron ran at: 15-03-2025 05:30:38 AM [] []
[2025-03-15 05:35:29] SlimMonoLogger.INFO: Cron ran at: 15-03-2025 05:35:29 AM [] []
[2025-03-15 05:40:27] SlimMonoLogger.INFO: Cron ran at: 15-03-2025 05:40:27 AM [] []
[2025-03-15 05:45:31] SlimMonoLogger.INFO: Cron ran at: 15-03-2025 05:45:31 AM [] []
[2025-03-15 05:50:31] SlimMonoLogger.INFO: Cron ran at: 15-03-2025 05:50:31 AM [] []
[2025-03-15 05:55:30] SlimMonoLogger.INFO: Cron ran at: 15-03-2025 05:55:30 AM [] []
[2025-03-15 06:00:38] SlimMonoLogger.INFO: Cron ran at: 15-03-2025 06:00:38 AM [] []
[2025-03-15 06:05:38] SlimMonoLogger.INFO: Cron ran at: 15-03-2025 06:05:38 AM [] []
[2025-03-15 06:10:31] SlimMonoLogger.INFO: Cron ran at: 15-03-2025 06:10:31 AM [] []
[2025-03-15 06:15:30] SlimMonoLogger.INFO: Cron ran at: 15-03-2025 06:15:30 AM [] []
[2025-03-15 06:20:28] SlimMonoLogger.INFO: Cron ran at: 15-03-2025 06:20:28 AM [] []
[2025-03-15 06:25:35] SlimMonoLogger.INFO: Cron ran at: 15-03-2025 06:25:35 AM [] []
[2025-03-15 06:30:47] SlimMonoLogger.INFO: Cron ran at: 15-03-2025 06:30:47 AM [] []
[2025-03-15 06:35:36] SlimMonoLogger.INFO: Cron ran at: 15-03-2025 06:35:36 AM [] []
[2025-03-15 06:40:33] SlimMonoLogger.INFO: Cron ran at: 15-03-2025 06:40:33 AM [] []
[2025-03-15 06:45:44] SlimMonoLogger.INFO: Cron ran at: 15-03-2025 06:45:44 AM [] []
[2025-03-15 06:50:33] SlimMonoLogger.INFO: Cron ran at: 15-03-2025 06:50:33 AM [] []
[2025-03-15 06:55:38] SlimMonoLogger.INFO: Cron ran at: 15-03-2025 06:55:38 AM [] []
[2025-03-15 07:00:30] SlimMonoLogger.INFO: Cron ran at: 15-03-2025 07:00:30 AM [] []
[2025-03-15 07:05:28] SlimMonoLogger.INFO: Cron ran at: 15-03-2025 07:05:28 AM [] []
[2025-03-15 07:10:32] SlimMonoLogger.INFO: Cron ran at: 15-03-2025 07:10:32 AM [] []
[2025-03-15 07:15:30] SlimMonoLogger.INFO: Cron ran at: 15-03-2025 07:15:30 AM [] []
[2025-03-15 07:20:30] SlimMonoLogger.INFO: Cron ran at: 15-03-2025 07:20:30 AM [] []
[2025-03-15 07:25:26] SlimMonoLogger.INFO: Cron ran at: 15-03-2025 07:25:26 AM [] []
[2025-03-15 07:30:50] SlimMonoLogger.INFO: Cron ran at: 15-03-2025 07:30:50 AM [] []
[2025-03-15 07:35:33] SlimMonoLogger.INFO: Cron ran at: 15-03-2025 07:35:33 AM [] []
[2025-03-15 07:40:30] SlimMonoLogger.INFO: Cron ran at: 15-03-2025 07:40:30 AM [] []
[2025-03-15 07:45:34] SlimMonoLogger.INFO: Cron ran at: 15-03-2025 07:45:34 AM [] []
[2025-03-15 07:50:38] SlimMonoLogger.INFO: Cron ran at: 15-03-2025 07:50:38 AM [] []
[2025-03-15 07:55:30] SlimMonoLogger.INFO: Cron ran at: 15-03-2025 07:55:30 AM [] []
[2025-03-15 08:00:35] SlimMonoLogger.INFO: Cron ran at: 15-03-2025 08:00:35 AM [] []
[2025-03-15 08:05:36] SlimMonoLogger.INFO: Cron ran at: 15-03-2025 08:05:36 AM [] []
[2025-03-15 08:10:34] SlimMonoLogger.INFO: Cron ran at: 15-03-2025 08:10:34 AM [] []
[2025-03-15 08:15:36] SlimMonoLogger.INFO: Cron ran at: 15-03-2025 08:15:36 AM [] []
[2025-03-15 08:20:32] SlimMonoLogger.INFO: Cron ran at: 15-03-2025 08:20:32 AM [] []
[2025-03-15 08:25:34] SlimMonoLogger.INFO: Cron ran at: 15-03-2025 08:25:34 AM [] []
[2025-03-15 08:30:40] SlimMonoLogger.INFO: Cron ran at: 15-03-2025 08:30:40 AM [] []
[2025-03-15 08:35:33] SlimMonoLogger.INFO: Cron ran at: 15-03-2025 08:35:33 AM [] []
[2025-03-15 08:40:35] SlimMonoLogger.INFO: Cron ran at: 15-03-2025 08:40:35 AM [] []
[2025-03-15 08:45:46] SlimMonoLogger.INFO: Cron ran at: 15-03-2025 08:45:46 AM [] []
[2025-03-15 08:50:34] SlimMonoLogger.INFO: Cron ran at: 15-03-2025 08:50:34 AM [] []
[2025-03-15 08:55:30] SlimMonoLogger.INFO: Cron ran at: 15-03-2025 08:55:30 AM [] []
[2025-03-15 09:00:51] SlimMonoLogger.INFO: Cron ran at: 15-03-2025 09:00:51 AM [] []
[2025-03-15 09:05:36] SlimMonoLogger.INFO: Cron ran at: 15-03-2025 09:05:36 AM [] []
[2025-03-15 09:10:37] SlimMonoLogger.INFO: Cron ran at: 15-03-2025 09:10:37 AM [] []
[2025-03-15 09:15:33] SlimMonoLogger.INFO: Cron ran at: 15-03-2025 09:15:33 AM [] []
[2025-03-15 09:20:33] SlimMonoLogger.INFO: Cron ran at: 15-03-2025 09:20:33 AM [] []
[2025-03-15 09:25:32] SlimMonoLogger.INFO: Cron ran at: 15-03-2025 09:25:32 AM [] []
[2025-03-15 09:30:34] SlimMonoLogger.INFO: Cron ran at: 15-03-2025 09:30:34 AM [] []
[2025-03-15 09:35:37] SlimMonoLogger.INFO: Cron ran at: 15-03-2025 09:35:37 AM [] []
[2025-03-15 09:40:37] SlimMonoLogger.INFO: Cron ran at: 15-03-2025 09:40:37 AM [] []
[2025-03-15 09:45:37] SlimMonoLogger.INFO: Cron ran at: 15-03-2025 09:45:37 AM [] []
[2025-03-15 09:50:32] SlimMonoLogger.INFO: Cron ran at: 15-03-2025 09:50:32 AM [] []
[2025-03-15 09:55:43] SlimMonoLogger.INFO: Cron ran at: 15-03-2025 09:55:43 AM [] []
[2025-03-15 10:00:35] SlimMonoLogger.INFO: Cron ran at: 15-03-2025 10:00:35 AM [] []
[2025-03-15 10:05:31] SlimMonoLogger.INFO: Cron ran at: 15-03-2025 10:05:31 AM [] []
[2025-03-15 10:10:34] SlimMonoLogger.INFO: Cron ran at: 15-03-2025 10:10:34 AM [] []
[2025-03-15 10:15:32] SlimMonoLogger.INFO: Cron ran at: 15-03-2025 10:15:32 AM [] []
[2025-03-15 10:20:37] SlimMonoLogger.INFO: Cron ran at: 15-03-2025 10:20:37 AM [] []
[2025-03-15 10:25:34] SlimMonoLogger.INFO: Cron ran at: 15-03-2025 10:25:34 AM [] []
[2025-03-15 10:30:31] SlimMonoLogger.INFO: Cron ran at: 15-03-2025 10:30:31 AM [] []
[2025-03-15 10:35:30] SlimMonoLogger.INFO: Cron ran at: 15-03-2025 10:35:30 AM [] []
[2025-03-15 10:40:34] SlimMonoLogger.INFO: Cron ran at: 15-03-2025 10:40:34 AM [] []
[2025-03-15 10:47:42] SlimMonoLogger.INFO: Cron ran at: 15-03-2025 10:47:42 AM [] []
[2025-03-15 10:53:02] SlimMonoLogger.INFO: Cron ran at: 15-03-2025 10:53:02 AM [] []
[2025-03-15 10:58:10] SlimMonoLogger.INFO: Cron ran at: 15-03-2025 10:58:10 AM [] []
[2025-03-15 11:07:53] SlimMonoLogger.INFO: Cron ran at: 15-03-2025 11:07:53 AM [] []
[2025-03-15 11:12:01] SlimMonoLogger.INFO: Cron ran at: 15-03-2025 11:12:01 AM [] []
[2025-03-15 11:16:27] SlimMonoLogger.INFO: Cron ran at: 15-03-2025 11:16:27 AM [] []
[2025-03-15 11:20:30] SlimMonoLogger.INFO: Cron ran at: 15-03-2025 11:20:30 AM [] []
[2025-03-15 11:25:41] SlimMonoLogger.INFO: Cron ran at: 15-03-2025 11:25:41 AM [] []
[2025-03-15 11:30:35] SlimMonoLogger.INFO: Cron ran at: 15-03-2025 11:30:35 AM [] []
[2025-03-15 11:35:31] SlimMonoLogger.INFO: Cron ran at: 15-03-2025 11:35:31 AM [] []
[2025-03-15 11:40:32] SlimMonoLogger.INFO: Cron ran at: 15-03-2025 11:40:32 AM [] []
[2025-03-15 11:45:26] SlimMonoLogger.INFO: Cron ran at: 15-03-2025 11:45:26 AM [] []
[2025-03-15 11:50:30] SlimMonoLogger.INFO: Cron ran at: 15-03-2025 11:50:30 AM [] []
[2025-03-15 11:55:37] SlimMonoLogger.INFO: Cron ran at: 15-03-2025 11:55:37 AM [] []
[2025-03-15 12:00:28] SlimMonoLogger.INFO: Cron ran at: 15-03-2025 12:00:28 PM [] []
[2025-03-15 12:05:25] SlimMonoLogger.INFO: Cron ran at: 15-03-2025 12:05:25 PM [] []
[2025-03-15 12:10:32] SlimMonoLogger.INFO: Cron ran at: 15-03-2025 12:10:32 PM [] []
[2025-03-15 12:15:31] SlimMonoLogger.INFO: Cron ran at: 15-03-2025 12:15:31 PM [] []
[2025-03-15 12:20:27] SlimMonoLogger.INFO: Cron ran at: 15-03-2025 12:20:27 PM [] []
[2025-03-15 12:25:40] SlimMonoLogger.INFO: Cron ran at: 15-03-2025 12:25:40 PM [] []
[2025-03-15 12:30:30] SlimMonoLogger.INFO: Cron ran at: 15-03-2025 12:30:30 PM [] []
[2025-03-15 12:35:39] SlimMonoLogger.INFO: Cron ran at: 15-03-2025 12:35:39 PM [] []
[2025-03-15 12:40:30] SlimMonoLogger.INFO: Cron ran at: 15-03-2025 12:40:30 PM [] []
[2025-03-15 12:45:28] SlimMonoLogger.INFO: Cron ran at: 15-03-2025 12:45:28 PM [] []
[2025-03-15 12:50:29] SlimMonoLogger.INFO: Cron ran at: 15-03-2025 12:50:29 PM [] []
[2025-03-15 12:55:29] SlimMonoLogger.INFO: Cron ran at: 15-03-2025 12:55:29 PM [] []
[2025-03-15 13:00:34] SlimMonoLogger.INFO: Cron ran at: 15-03-2025 01:00:34 PM [] []
[2025-03-15 13:05:29] SlimMonoLogger.INFO: Cron ran at: 15-03-2025 01:05:29 PM [] []
[2025-03-15 13:10:29] SlimMonoLogger.INFO: Cron ran at: 15-03-2025 01:10:29 PM [] []
[2025-03-15 13:15:33] SlimMonoLogger.INFO: Cron ran at: 15-03-2025 01:15:33 PM [] []
[2025-03-15 13:20:34] SlimMonoLogger.INFO: Cron ran at: 15-03-2025 01:20:34 PM [] []
[2025-03-15 13:25:35] SlimMonoLogger.INFO: Cron ran at: 15-03-2025 01:25:35 PM [] []
[2025-03-15 13:30:30] SlimMonoLogger.INFO: Cron ran at: 15-03-2025 01:30:30 PM [] []
[2025-03-15 13:35:30] SlimMonoLogger.INFO: Cron ran at: 15-03-2025 01:35:30 PM [] []
[2025-03-15 13:40:32] SlimMonoLogger.INFO: Cron ran at: 15-03-2025 01:40:32 PM [] []
[2025-03-15 13:45:32] SlimMonoLogger.INFO: Cron ran at: 15-03-2025 01:45:32 PM [] []
[2025-03-15 13:50:35] SlimMonoLogger.INFO: Cron ran at: 15-03-2025 01:50:35 PM [] []
[2025-03-15 13:55:36] SlimMonoLogger.INFO: Cron ran at: 15-03-2025 01:55:36 PM [] []
[2025-03-15 14:00:39] SlimMonoLogger.INFO: Cron ran at: 15-03-2025 02:00:39 PM [] []
[2025-03-15 14:05:35] SlimMonoLogger.INFO: Cron ran at: 15-03-2025 02:05:35 PM [] []
[2025-03-15 14:10:47] SlimMonoLogger.INFO: Cron ran at: 15-03-2025 02:10:47 PM [] []
[2025-03-15 14:15:31] SlimMonoLogger.INFO: Cron ran at: 15-03-2025 02:15:31 PM [] []
[2025-03-15 14:20:37] SlimMonoLogger.INFO: Cron ran at: 15-03-2025 02:20:37 PM [] []
[2025-03-15 14:25:32] SlimMonoLogger.INFO: Cron ran at: 15-03-2025 02:25:32 PM [] []
[2025-03-15 14:30:32] SlimMonoLogger.INFO: Cron ran at: 15-03-2025 02:30:32 PM [] []
[2025-03-15 14:35:28] SlimMonoLogger.INFO: Cron ran at: 15-03-2025 02:35:28 PM [] []
[2025-03-15 14:40:32] SlimMonoLogger.INFO: Cron ran at: 15-03-2025 02:40:32 PM [] []
[2025-03-15 14:45:31] SlimMonoLogger.INFO: Cron ran at: 15-03-2025 02:45:31 PM [] []
[2025-03-15 14:50:52] SlimMonoLogger.INFO: Cron ran at: 15-03-2025 02:50:52 PM [] []
[2025-03-15 14:55:31] SlimMonoLogger.INFO: Cron ran at: 15-03-2025 02:55:31 PM [] []
[2025-03-15 15:00:37] SlimMonoLogger.INFO: Cron ran at: 15-03-2025 03:00:37 PM [] []
[2025-03-15 15:05:28] SlimMonoLogger.INFO: Cron ran at: 15-03-2025 03:05:28 PM [] []
[2025-03-15 15:12:24] SlimMonoLogger.ERROR: Requests_Exception: cURL error 28: Failed to connect to antropol.mk port 443 after 131265 ms: Could not connect to server in /home/latihtal/public_html/agregator1/src/vendor/rmccue/requests/library/Requests/Transport/cURL.php:422
Stack trace:
#0 /home/latihtal/public_html/agregator1/src/vendor/rmccue/requests/library/Requests/Transport/cURL.php(177): Requests_Transport_cURL->process_response()
#1 /home/latihtal/public_html/agregator1/src/vendor/rmccue/requests/library/Requests.php(379): Requests_Transport_cURL->request()
#2 /home/latihtal/public_html/agregator1/src/vendor/rmccue/requests/library/Requests/Session.php(205): Requests::request()
#3 /home/latihtal/public_html/agregator1/src/vendor/rmccue/requests/library/Requests/Session.php(132): Requests_Session->request()
#4 /home/latihtal/public_html/agregator1/src/drivers/Http/RssImporter.php(144): Requests_Session->get()
#5 /home/latihtal/public_html/agregator1/src/controllers/Dashboard/DashboardFeedsController.php(534): spark\drivers\Http\RssImporter->fetchPosts()
#6 /home/latihtal/public_html/agregator1/src/controllers/Site/SiteController.php(722): spark\controllers\Dashboard\DashboardFeedsController::importFeedPosts()
#7 [internal function]: spark\controllers\Site\SiteController->runTasks()
#8 /home/latihtal/public_html/agregator1/src/framework/Route.php(173): call_user_func_array()
#9 [internal function]: Slim\Route->Slim\{closure}()
#10 /home/latihtal/public_html/agregator1/src/framework/Route.php(468): call_user_func_array()
#11 /home/latihtal/public_html/agregator1/src/framework/Slim.php(1364): Slim\Route->dispatch()
#12 /home/latihtal/public_html/agregator1/src/framework/Middleware/Flash.php(85): Slim\Slim->call()
#13 /home/latihtal/public_html/agregator1/src/framework/Middleware/MethodOverride.php(92): Slim\Middleware\Flash->call()
#14 /home/latihtal/public_html/agregator1/src/middlewares/CsrfGuard/CsrfGuard.php(47): Slim\Middleware\MethodOverride->call()
#15 /home/latihtal/public_html/agregator1/src/framework/Middleware/PrettyExceptions.php(67): spark\middlewares\CsrfGuard\CsrfGuard->call()
#16 /home/latihtal/public_html/agregator1/src/framework/Slim.php(1308): Slim\Middleware\PrettyExceptions->call()
#17 /home/latihtal/public_html/agregator1/index.php(6): Slim\Slim->run()
#18 {main} [] []
[2025-03-15 15:12:41] SlimMonoLogger.INFO: Cron ran at: 15-03-2025 03:12:41 PM [] []
[2025-03-15 15:15:34] SlimMonoLogger.INFO: Cron ran at: 15-03-2025 03:15:34 PM [] []
[2025-03-15 15:20:31] SlimMonoLogger.INFO: Cron ran at: 15-03-2025 03:20:31 PM [] []
[2025-03-15 15:25:33] SlimMonoLogger.INFO: Cron ran at: 15-03-2025 03:25:33 PM [] []
[2025-03-15 15:30:36] SlimMonoLogger.INFO: Cron ran at: 15-03-2025 03:30:36 PM [] []
[2025-03-15 15:35:33] SlimMonoLogger.INFO: Cron ran at: 15-03-2025 03:35:33 PM [] []
[2025-03-15 15:40:40] SlimMonoLogger.INFO: Cron ran at: 15-03-2025 03:40:40 PM [] []
[2025-03-15 15:47:25] SlimMonoLogger.ERROR: Requests_Exception: cURL error 28: Failed to connect to antropol.mk port 443 after 131295 ms: Could not connect to server in /home/latihtal/public_html/agregator1/src/vendor/rmccue/requests/library/Requests/Transport/cURL.php:422
Stack trace:
#0 /home/latihtal/public_html/agregator1/src/vendor/rmccue/requests/library/Requests/Transport/cURL.php(177): Requests_Transport_cURL->process_response()
#1 /home/latihtal/public_html/agregator1/src/vendor/rmccue/requests/library/Requests.php(379): Requests_Transport_cURL->request()
#2 /home/latihtal/public_html/agregator1/src/vendor/rmccue/requests/library/Requests/Session.php(205): Requests::request()
#3 /home/latihtal/public_html/agregator1/src/vendor/rmccue/requests/library/Requests/Session.php(132): Requests_Session->request()
#4 /home/latihtal/public_html/agregator1/src/drivers/Http/RssImporter.php(144): Requests_Session->get()
#5 /home/latihtal/public_html/agregator1/src/controllers/Dashboard/DashboardFeedsController.php(534): spark\drivers\Http\RssImporter->fetchPosts()
#6 /home/latihtal/public_html/agregator1/src/controllers/Site/SiteController.php(722): spark\controllers\Dashboard\DashboardFeedsController::importFeedPosts()
#7 [internal function]: spark\controllers\Site\SiteController->runTasks()
#8 /home/latihtal/public_html/agregator1/src/framework/Route.php(173): call_user_func_array()
#9 [internal function]: Slim\Route->Slim\{closure}()
#10 /home/latihtal/public_html/agregator1/src/framework/Route.php(468): call_user_func_array()
#11 /home/latihtal/public_html/agregator1/src/framework/Slim.php(1364): Slim\Route->dispatch()
#12 /home/latihtal/public_html/agregator1/src/framework/Middleware/Flash.php(85): Slim\Slim->call()
#13 /home/latihtal/public_html/agregator1/src/framework/Middleware/MethodOverride.php(92): Slim\Middleware\Flash->call()
#14 /home/latihtal/public_html/agregator1/src/middlewares/CsrfGuard/CsrfGuard.php(47): Slim\Middleware\MethodOverride->call()
#15 /home/latihtal/public_html/agregator1/src/framework/Middleware/PrettyExceptions.php(67): spark\middlewares\CsrfGuard\CsrfGuard->call()
#16 /home/latihtal/public_html/agregator1/src/framework/Slim.php(1308): Slim\Middleware\PrettyExceptions->call()
#17 /home/latihtal/public_html/agregator1/index.php(6): Slim\Slim->run()
#18 {main} [] []
[2025-03-15 15:47:54] SlimMonoLogger.INFO: Cron ran at: 15-03-2025 03:47:54 PM [] []
[2025-03-15 15:50:37] SlimMonoLogger.INFO: Cron ran at: 15-03-2025 03:50:37 PM [] []
[2025-03-15 15:55:34] SlimMonoLogger.INFO: Cron ran at: 15-03-2025 03:55:34 PM [] []
[2025-03-15 16:00:35] SlimMonoLogger.INFO: Cron ran at: 15-03-2025 04:00:35 PM [] []
[2025-03-15 16:05:34] SlimMonoLogger.INFO: Cron ran at: 15-03-2025 04:05:34 PM [] []
[2025-03-15 16:10:39] SlimMonoLogger.INFO: Cron ran at: 15-03-2025 04:10:39 PM [] []
[2025-03-15 16:15:38] SlimMonoLogger.INFO: Cron ran at: 15-03-2025 04:15:38 PM [] []
[2025-03-15 16:20:34] SlimMonoLogger.INFO: Cron ran at: 15-03-2025 04:20:34 PM [] []
[2025-03-15 16:25:35] SlimMonoLogger.INFO: Cron ran at: 15-03-2025 04:25:35 PM [] []
[2025-03-15 16:30:50] SlimMonoLogger.INFO: Cron ran at: 15-03-2025 04:30:50 PM [] []
[2025-03-15 16:35:40] SlimMonoLogger.INFO: Cron ran at: 15-03-2025 04:35:40 PM [] []
[2025-03-15 16:42:26] SlimMonoLogger.ERROR: Requests_Exception: cURL error 28: Failed to connect to antropol.mk port 443 after 131139 ms: Could not connect to server in /home/latihtal/public_html/agregator1/src/vendor/rmccue/requests/library/Requests/Transport/cURL.php:422
Stack trace:
#0 /home/latihtal/public_html/agregator1/src/vendor/rmccue/requests/library/Requests/Transport/cURL.php(177): Requests_Transport_cURL->process_response()
#1 /home/latihtal/public_html/agregator1/src/vendor/rmccue/requests/library/Requests.php(379): Requests_Transport_cURL->request()
#2 /home/latihtal/public_html/agregator1/src/vendor/rmccue/requests/library/Requests/Session.php(205): Requests::request()
#3 /home/latihtal/public_html/agregator1/src/vendor/rmccue/requests/library/Requests/Session.php(132): Requests_Session->request()
#4 /home/latihtal/public_html/agregator1/src/drivers/Http/RssImporter.php(144): Requests_Session->get()
#5 /home/latihtal/public_html/agregator1/src/controllers/Dashboard/DashboardFeedsController.php(534): spark\drivers\Http\RssImporter->fetchPosts()
#6 /home/latihtal/public_html/agregator1/src/controllers/Site/SiteController.php(722): spark\controllers\Dashboard\DashboardFeedsController::importFeedPosts()
#7 [internal function]: spark\controllers\Site\SiteController->runTasks()
#8 /home/latihtal/public_html/agregator1/src/framework/Route.php(173): call_user_func_array()
#9 [internal function]: Slim\Route->Slim\{closure}()
#10 /home/latihtal/public_html/agregator1/src/framework/Route.php(468): call_user_func_array()
#11 /home/latihtal/public_html/agregator1/src/framework/Slim.php(1364): Slim\Route->dispatch()
#12 /home/latihtal/public_html/agregator1/src/framework/Middleware/Flash.php(85): Slim\Slim->call()
#13 /home/latihtal/public_html/agregator1/src/framework/Middleware/MethodOverride.php(92): Slim\Middleware\Flash->call()
#14 /home/latihtal/public_html/agregator1/src/middlewares/CsrfGuard/CsrfGuard.php(47): Slim\Middleware\MethodOverride->call()
#15 /home/latihtal/public_html/agregator1/src/framework/Middleware/PrettyExceptions.php(67): spark\middlewares\CsrfGuard\CsrfGuard->call()
#16 /home/latihtal/public_html/agregator1/src/framework/Slim.php(1308): Slim\Middleware\PrettyExceptions->call()
#17 /home/latihtal/public_html/agregator1/index.php(6): Slim\Slim->run()
#18 {main} [] []
[2025-03-15 16:42:44] SlimMonoLogger.INFO: Cron ran at: 15-03-2025 04:42:44 PM [] []
[2025-03-15 16:45:38] SlimMonoLogger.INFO: Cron ran at: 15-03-2025 04:45:38 PM [] []
[2025-03-15 16:50:39] SlimMonoLogger.INFO: Cron ran at: 15-03-2025 04:50:39 PM [] []
[2025-03-15 16:55:32] SlimMonoLogger.INFO: Cron ran at: 15-03-2025 04:55:32 PM [] []
[2025-03-15 17:00:35] SlimMonoLogger.INFO: Cron ran at: 15-03-2025 05:00:35 PM [] []
[2025-03-15 17:05:33] SlimMonoLogger.INFO: Cron ran at: 15-03-2025 05:05:33 PM [] []
[2025-03-15 17:10:35] SlimMonoLogger.INFO: Cron ran at: 15-03-2025 05:10:35 PM [] []
[2025-03-15 17:15:40] SlimMonoLogger.INFO: Cron ran at: 15-03-2025 05:15:40 PM [] []
[2025-03-15 17:20:33] SlimMonoLogger.INFO: Cron ran at: 15-03-2025 05:20:33 PM [] []
[2025-03-15 17:25:40] SlimMonoLogger.INFO: Cron ran at: 15-03-2025 05:25:40 PM [] []
[2025-03-15 17:30:38] SlimMonoLogger.INFO: Cron ran at: 15-03-2025 05:30:38 PM [] []
[2025-03-15 17:35:46] SlimMonoLogger.INFO: Cron ran at: 15-03-2025 05:35:46 PM [] []
[2025-03-15 17:40:27] SlimMonoLogger.INFO: Cron ran at: 15-03-2025 05:40:27 PM [] []
[2025-03-15 17:45:27] SlimMonoLogger.INFO: Cron ran at: 15-03-2025 05:45:27 PM [] []
[2025-03-15 17:50:31] SlimMonoLogger.INFO: Cron ran at: 15-03-2025 05:50:31 PM [] []
[2025-03-15 17:55:35] SlimMonoLogger.INFO: Cron ran at: 15-03-2025 05:55:35 PM [] []
[2025-03-15 18:00:32] SlimMonoLogger.INFO: Cron ran at: 15-03-2025 06:00:32 PM [] []
[2025-03-15 18:05:36] SlimMonoLogger.INFO: Cron ran at: 15-03-2025 06:05:36 PM [] []
[2025-03-15 18:10:36] SlimMonoLogger.INFO: Cron ran at: 15-03-2025 06:10:36 PM [] []
[2025-03-15 18:15:34] SlimMonoLogger.INFO: Cron ran at: 15-03-2025 06:15:34 PM [] []
[2025-03-15 18:20:28] SlimMonoLogger.INFO: Cron ran at: 15-03-2025 06:20:28 PM [] []
[2025-03-15 18:25:32] SlimMonoLogger.INFO: Cron ran at: 15-03-2025 06:25:32 PM [] []
[2025-03-15 18:30:30] SlimMonoLogger.INFO: Cron ran at: 15-03-2025 06:30:30 PM [] []
[2025-03-15 18:35:36] SlimMonoLogger.INFO: Cron ran at: 15-03-2025 06:35:36 PM [] []
[2025-03-15 18:40:34] SlimMonoLogger.INFO: Cron ran at: 15-03-2025 06:40:34 PM [] []
[2025-03-15 18:45:32] SlimMonoLogger.INFO: Cron ran at: 15-03-2025 06:45:32 PM [] []
[2025-03-15 18:50:41] SlimMonoLogger.INFO: Cron ran at: 15-03-2025 06:50:41 PM [] []
[2025-03-15 18:55:36] SlimMonoLogger.INFO: Cron ran at: 15-03-2025 06:55:36 PM [] []
[2025-03-15 19:00:43] SlimMonoLogger.INFO: Cron ran at: 15-03-2025 07:00:43 PM [] []
[2025-03-15 19:05:31] SlimMonoLogger.INFO: Cron ran at: 15-03-2025 07:05:31 PM [] []
[2025-03-15 19:10:30] SlimMonoLogger.INFO: Cron ran at: 15-03-2025 07:10:30 PM [] []
[2025-03-15 19:15:32] SlimMonoLogger.INFO: Cron ran at: 15-03-2025 07:15:32 PM [] []
[2025-03-15 19:20:36] SlimMonoLogger.INFO: Cron ran at: 15-03-2025 07:20:36 PM [] []
[2025-03-15 19:25:48] SlimMonoLogger.INFO: Cron ran at: 15-03-2025 07:25:48 PM [] []
[2025-03-15 19:30:39] SlimMonoLogger.INFO: Cron ran at: 15-03-2025 07:30:39 PM [] []
[2025-03-15 19:36:15] SlimMonoLogger.INFO: Cron ran at: 15-03-2025 07:36:15 PM [] []
[2025-03-15 19:42:12] SlimMonoLogger.INFO: Cron ran at: 15-03-2025 07:42:12 PM [] []
[2025-03-15 19:46:59] SlimMonoLogger.INFO: Cron ran at: 15-03-2025 07:46:59 PM [] []
[2025-03-15 19:50:58] SlimMonoLogger.INFO: Cron ran at: 15-03-2025 07:50:58 PM [] []
[2025-03-15 19:55:34] SlimMonoLogger.INFO: Cron ran at: 15-03-2025 07:55:34 PM [] []
[2025-03-15 20:00:42] SlimMonoLogger.INFO: Cron ran at: 15-03-2025 08:00:42 PM [] []
[2025-03-15 20:05:40] SlimMonoLogger.INFO: Cron ran at: 15-03-2025 08:05:40 PM [] []
[2025-03-15 20:10:32] SlimMonoLogger.INFO: Cron ran at: 15-03-2025 08:10:32 PM [] []
[2025-03-15 20:15:30] SlimMonoLogger.INFO: Cron ran at: 15-03-2025 08:15:30 PM [] []
[2025-03-15 20:20:33] SlimMonoLogger.INFO: Cron ran at: 15-03-2025 08:20:33 PM [] []
[2025-03-15 20:25:30] SlimMonoLogger.INFO: Cron ran at: 15-03-2025 08:25:30 PM [] []
[2025-03-15 20:30:38] SlimMonoLogger.INFO: Cron ran at: 15-03-2025 08:30:38 PM [] []
[2025-03-15 20:35:48] SlimMonoLogger.INFO: Cron ran at: 15-03-2025 08:35:48 PM [] []
[2025-03-15 20:40:28] SlimMonoLogger.INFO: Cron ran at: 15-03-2025 08:40:28 PM [] []
[2025-03-15 20:45:29] SlimMonoLogger.INFO: Cron ran at: 15-03-2025 08:45:29 PM [] []
[2025-03-15 20:50:41] SlimMonoLogger.INFO: Cron ran at: 15-03-2025 08:50:41 PM [] []
[2025-03-15 20:55:34] SlimMonoLogger.INFO: Cron ran at: 15-03-2025 08:55:34 PM [] []
[2025-03-15 21:00:36] SlimMonoLogger.INFO: Cron ran at: 15-03-2025 09:00:36 PM [] []
[2025-03-15 21:05:31] SlimMonoLogger.INFO: Cron ran at: 15-03-2025 09:05:31 PM [] []
[2025-03-15 21:10:38] SlimMonoLogger.INFO: Cron ran at: 15-03-2025 09:10:38 PM [] []
[2025-03-15 21:15:33] SlimMonoLogger.INFO: Cron ran at: 15-03-2025 09:15:33 PM [] []
[2025-03-15 21:20:31] SlimMonoLogger.INFO: Cron ran at: 15-03-2025 09:20:31 PM [] []
[2025-03-15 21:25:32] SlimMonoLogger.INFO: Cron ran at: 15-03-2025 09:25:32 PM [] []
[2025-03-15 21:30:34] SlimMonoLogger.INFO: Cron ran at: 15-03-2025 09:30:34 PM [] []
[2025-03-15 21:35:30] SlimMonoLogger.INFO: Cron ran at: 15-03-2025 09:35:30 PM [] []
[2025-03-15 21:40:30] SlimMonoLogger.INFO: Cron ran at: 15-03-2025 09:40:30 PM [] []
[2025-03-15 21:45:28] SlimMonoLogger.INFO: Cron ran at: 15-03-2025 09:45:28 PM [] []
[2025-03-15 21:50:28] SlimMonoLogger.INFO: Cron ran at: 15-03-2025 09:50:28 PM [] []
[2025-03-15 21:55:30] SlimMonoLogger.INFO: Cron ran at: 15-03-2025 09:55:30 PM [] []
[2025-03-15 22:00:32] SlimMonoLogger.INFO: Cron ran at: 15-03-2025 10:00:32 PM [] []
[2025-03-15 22:05:40] SlimMonoLogger.INFO: Cron ran at: 15-03-2025 10:05:40 PM [] []
[2025-03-15 22:10:31] SlimMonoLogger.INFO: Cron ran at: 15-03-2025 10:10:31 PM [] []
[2025-03-15 22:15:31] SlimMonoLogger.INFO: Cron ran at: 15-03-2025 10:15:31 PM [] []
[2025-03-15 22:20:30] SlimMonoLogger.INFO: Cron ran at: 15-03-2025 10:20:30 PM [] []
[2025-03-15 22:25:30] SlimMonoLogger.INFO: Cron ran at: 15-03-2025 10:25:30 PM [] []
[2025-03-15 22:30:31] SlimMonoLogger.INFO: Cron ran at: 15-03-2025 10:30:31 PM [] []
[2025-03-15 22:35:38] SlimMonoLogger.INFO: Cron ran at: 15-03-2025 10:35:38 PM [] []
[2025-03-15 22:40:25] SlimMonoLogger.INFO: Cron ran at: 15-03-2025 10:40:25 PM [] []
[2025-03-15 22:45:29] SlimMonoLogger.INFO: Cron ran at: 15-03-2025 10:45:29 PM [] []
[2025-03-15 22:50:31] SlimMonoLogger.INFO: Cron ran at: 15-03-2025 10:50:31 PM [] []
[2025-03-15 22:55:27] SlimMonoLogger.INFO: Cron ran at: 15-03-2025 10:55:27 PM [] []
[2025-03-15 23:00:35] SlimMonoLogger.INFO: Cron ran at: 15-03-2025 11:00:35 PM [] []
[2025-03-15 23:05:30] SlimMonoLogger.INFO: Cron ran at: 15-03-2025 11:05:30 PM [] []
[2025-03-15 23:10:39] SlimMonoLogger.INFO: Cron ran at: 15-03-2025 11:10:39 PM [] []
[2025-03-15 23:15:32] SlimMonoLogger.INFO: Cron ran at: 15-03-2025 11:15:32 PM [] []
[2025-03-15 23:20:29] SlimMonoLogger.INFO: Cron ran at: 15-03-2025 11:20:29 PM [] []
[2025-03-15 23:25:30] SlimMonoLogger.INFO: Cron ran at: 15-03-2025 11:25:30 PM [] []
[2025-03-15 23:30:28] SlimMonoLogger.INFO: Cron ran at: 15-03-2025 11:30:28 PM [] []
[2025-03-15 23:35:36] SlimMonoLogger.INFO: Cron ran at: 15-03-2025 11:35:36 PM [] []
[2025-03-15 23:40:29] SlimMonoLogger.INFO: Cron ran at: 15-03-2025 11:40:29 PM [] []
[2025-03-15 23:45:27] SlimMonoLogger.INFO: Cron ran at: 15-03-2025 11:45:27 PM [] []
[2025-03-15 23:50:28] SlimMonoLogger.INFO: Cron ran at: 15-03-2025 11:50:28 PM [] []
[2025-03-15 23:55:26] SlimMonoLogger.INFO: Cron ran at: 15-03-2025 11:55:26 PM [] []
[2025-03-16 00:00:35] SlimMonoLogger.INFO: Cron ran at: 16-03-2025 12:00:35 AM [] []
[2025-03-16 00:05:28] SlimMonoLogger.INFO: Cron ran at: 16-03-2025 12:05:28 AM [] []
[2025-03-16 00:10:32] SlimMonoLogger.INFO: Cron ran at: 16-03-2025 12:10:32 AM [] []
[2025-03-16 00:15:31] SlimMonoLogger.INFO: Cron ran at: 16-03-2025 12:15:31 AM [] []
[2025-03-16 00:20:25] SlimMonoLogger.INFO: Cron ran at: 16-03-2025 12:20:25 AM [] []
[2025-03-16 00:25:29] SlimMonoLogger.INFO: Cron ran at: 16-03-2025 12:25:29 AM [] []
[2025-03-16 00:30:34] SlimMonoLogger.INFO: Cron ran at: 16-03-2025 12:30:34 AM [] []
[2025-03-16 00:35:31] SlimMonoLogger.INFO: Cron ran at: 16-03-2025 12:35:31 AM [] []
[2025-03-16 00:40:29] SlimMonoLogger.INFO: Cron ran at: 16-03-2025 12:40:29 AM [] []
[2025-03-16 00:45:31] SlimMonoLogger.INFO: Cron ran at: 16-03-2025 12:45:31 AM [] []
[2025-03-16 00:50:29] SlimMonoLogger.INFO: Cron ran at: 16-03-2025 12:50:29 AM [] []
[2025-03-16 00:55:29] SlimMonoLogger.INFO: Cron ran at: 16-03-2025 12:55:29 AM [] []
