[2025-12-15 01:01:46] SlimMonoLogger.INFO: Cron ran at: 15-12-2025 01:01:46 AM [] []
[2025-12-15 01:06:36] SlimMonoLogger.INFO: Cron ran at: 15-12-2025 01:06:36 AM [] []
[2025-12-15 01:11:36] SlimMonoLogger.INFO: Cron ran at: 15-12-2025 01:11:36 AM [] []
[2025-12-15 01:16:35] SlimMonoLogger.INFO: Cron ran at: 15-12-2025 01:16:35 AM [] []
[2025-12-15 01:21:35] SlimMonoLogger.INFO: Cron ran at: 15-12-2025 01:21:35 AM [] []
[2025-12-15 01:26:40] SlimMonoLogger.INFO: Cron ran at: 15-12-2025 01:26:40 AM [] []
[2025-12-15 01:31:38] SlimMonoLogger.INFO: Cron ran at: 15-12-2025 01:31:38 AM [] []
[2025-12-15 01:36:29] SlimMonoLogger.INFO: Cron ran at: 15-12-2025 01:36:29 AM [] []
[2025-12-15 01:41:36] SlimMonoLogger.INFO: Cron ran at: 15-12-2025 01:41:36 AM [] []
[2025-12-15 01:46:32] SlimMonoLogger.INFO: Cron ran at: 15-12-2025 01:46:32 AM [] []
[2025-12-15 01:51:42] SlimMonoLogger.INFO: Cron ran at: 15-12-2025 01:51:42 AM [] []
[2025-12-15 01:56:32] SlimMonoLogger.INFO: Cron ran at: 15-12-2025 01:56:32 AM [] []
[2025-12-15 02:01:31] SlimMonoLogger.INFO: Cron ran at: 15-12-2025 02:01:31 AM [] []
[2025-12-15 02:06:35] SlimMonoLogger.INFO: Cron ran at: 15-12-2025 02:06:35 AM [] []
[2025-12-15 02:11:42] SlimMonoLogger.INFO: Cron ran at: 15-12-2025 02:11:42 AM [] []
[2025-12-15 02:16:41] SlimMonoLogger.INFO: Cron ran at: 15-12-2025 02:16:41 AM [] []
[2025-12-15 02:21:44] SlimMonoLogger.INFO: Cron ran at: 15-12-2025 02:21:44 AM [] []
[2025-12-15 02:26:44] SlimMonoLogger.INFO: Cron ran at: 15-12-2025 02:26:44 AM [] []
[2025-12-15 02:32:03] SlimMonoLogger.INFO: Cron ran at: 15-12-2025 02:32:03 AM [] []
[2025-12-15 02:36:45] SlimMonoLogger.INFO: Cron ran at: 15-12-2025 02:36:45 AM [] []
[2025-12-15 02:41:47] SlimMonoLogger.INFO: Cron ran at: 15-12-2025 02:41:47 AM [] []
[2025-12-15 02:46:46] SlimMonoLogger.INFO: Cron ran at: 15-12-2025 02:46:46 AM [] []
[2025-12-15 02:51:44] SlimMonoLogger.INFO: Cron ran at: 15-12-2025 02:51:44 AM [] []
[2025-12-15 02:56:41] SlimMonoLogger.INFO: Cron ran at: 15-12-2025 02:56:41 AM [] []
[2025-12-15 03:01:57] SlimMonoLogger.INFO: Cron ran at: 15-12-2025 03:01:57 AM [] []
[2025-12-15 03:06:42] SlimMonoLogger.INFO: Cron ran at: 15-12-2025 03:06:42 AM [] []
[2025-12-15 03:11:47] SlimMonoLogger.INFO: Cron ran at: 15-12-2025 03:11:47 AM [] []
[2025-12-15 03:16:44] SlimMonoLogger.INFO: Cron ran at: 15-12-2025 03:16:44 AM [] []
[2025-12-15 03:21:47] SlimMonoLogger.INFO: Cron ran at: 15-12-2025 03:21:47 AM [] []
[2025-12-15 03:26:54] SlimMonoLogger.INFO: Cron ran at: 15-12-2025 03:26:54 AM [] []
[2025-12-15 03:31:45] SlimMonoLogger.INFO: Cron ran at: 15-12-2025 03:31:45 AM [] []
[2025-12-15 03:36:40] SlimMonoLogger.INFO: Cron ran at: 15-12-2025 03:36:40 AM [] []
[2025-12-15 03:41:42] SlimMonoLogger.INFO: Cron ran at: 15-12-2025 03:41:42 AM [] []
[2025-12-15 03:46:42] SlimMonoLogger.INFO: Cron ran at: 15-12-2025 03:46:42 AM [] []
[2025-12-15 03:51:39] SlimMonoLogger.INFO: Cron ran at: 15-12-2025 03:51:39 AM [] []
[2025-12-15 03:56:48] SlimMonoLogger.INFO: Cron ran at: 15-12-2025 03:56:48 AM [] []
[2025-12-15 04:01:51] SlimMonoLogger.INFO: Cron ran at: 15-12-2025 04:01:51 AM [] []
[2025-12-15 04:06:47] SlimMonoLogger.INFO: Cron ran at: 15-12-2025 04:06:47 AM [] []
[2025-12-15 04:11:48] SlimMonoLogger.INFO: Cron ran at: 15-12-2025 04:11:48 AM [] []
[2025-12-15 04:16:41] SlimMonoLogger.INFO: Cron ran at: 15-12-2025 04:16:41 AM [] []
[2025-12-15 04:21:43] SlimMonoLogger.INFO: Cron ran at: 15-12-2025 04:21:43 AM [] []
[2025-12-15 04:26:50] SlimMonoLogger.INFO: Cron ran at: 15-12-2025 04:26:50 AM [] []
[2025-12-15 04:31:53] SlimMonoLogger.INFO: Cron ran at: 15-12-2025 04:31:53 AM [] []
[2025-12-15 04:36:54] SlimMonoLogger.INFO: Cron ran at: 15-12-2025 04:36:54 AM [] []
[2025-12-15 04:41:43] SlimMonoLogger.INFO: Cron ran at: 15-12-2025 04:41:43 AM [] []
[2025-12-15 04:46:43] SlimMonoLogger.INFO: Cron ran at: 15-12-2025 04:46:43 AM [] []
[2025-12-15 04:51:38] SlimMonoLogger.INFO: Cron ran at: 15-12-2025 04:51:38 AM [] []
[2025-12-15 04:56:41] SlimMonoLogger.INFO: Cron ran at: 15-12-2025 04:56:41 AM [] []
[2025-12-15 05:01:49] SlimMonoLogger.INFO: Cron ran at: 15-12-2025 05:01:49 AM [] []
[2025-12-15 05:06:40] SlimMonoLogger.INFO: Cron ran at: 15-12-2025 05:06:40 AM [] []
[2025-12-15 05:11:49] SlimMonoLogger.INFO: Cron ran at: 15-12-2025 05:11:49 AM [] []
[2025-12-15 05:16:48] SlimMonoLogger.INFO: Cron ran at: 15-12-2025 05:16:48 AM [] []
[2025-12-15 05:21:48] SlimMonoLogger.INFO: Cron ran at: 15-12-2025 05:21:48 AM [] []
[2025-12-15 05:26:47] SlimMonoLogger.INFO: Cron ran at: 15-12-2025 05:26:47 AM [] []
[2025-12-15 05:31:52] SlimMonoLogger.INFO: Cron ran at: 15-12-2025 05:31:52 AM [] []
[2025-12-15 05:36:51] SlimMonoLogger.INFO: Cron ran at: 15-12-2025 05:36:51 AM [] []
[2025-12-15 05:41:53] SlimMonoLogger.INFO: Cron ran at: 15-12-2025 05:41:53 AM [] []
[2025-12-15 05:46:46] SlimMonoLogger.INFO: Cron ran at: 15-12-2025 05:46:46 AM [] []
[2025-12-15 05:51:40] SlimMonoLogger.INFO: Cron ran at: 15-12-2025 05:51:40 AM [] []
[2025-12-15 05:56:40] SlimMonoLogger.INFO: Cron ran at: 15-12-2025 05:56:40 AM [] []
[2025-12-15 06:01:46] SlimMonoLogger.INFO: Cron ran at: 15-12-2025 06:01:46 AM [] []
[2025-12-15 06:06:44] SlimMonoLogger.INFO: Cron ran at: 15-12-2025 06:06:44 AM [] []
[2025-12-15 06:11:40] SlimMonoLogger.INFO: Cron ran at: 15-12-2025 06:11:40 AM [] []
[2025-12-15 06:16:42] SlimMonoLogger.INFO: Cron ran at: 15-12-2025 06:16:42 AM [] []
[2025-12-15 06:21:52] SlimMonoLogger.INFO: Cron ran at: 15-12-2025 06:21:52 AM [] []
[2025-12-15 06:26:43] SlimMonoLogger.INFO: Cron ran at: 15-12-2025 06:26:43 AM [] []
[2025-12-15 06:31:50] SlimMonoLogger.INFO: Cron ran at: 15-12-2025 06:31:50 AM [] []
[2025-12-15 06:36:45] SlimMonoLogger.INFO: Cron ran at: 15-12-2025 06:36:45 AM [] []
[2025-12-15 06:41:32] SlimMonoLogger.INFO: Cron ran at: 15-12-2025 06:41:32 AM [] []
[2025-12-15 06:46:48] SlimMonoLogger.INFO: Cron ran at: 15-12-2025 06:46:48 AM [] []
[2025-12-15 06:51:48] SlimMonoLogger.INFO: Cron ran at: 15-12-2025 06:51:48 AM [] []
[2025-12-15 06:56:50] SlimMonoLogger.INFO: Cron ran at: 15-12-2025 06:56:50 AM [] []
[2025-12-15 07:01:45] SlimMonoLogger.INFO: Cron ran at: 15-12-2025 07:01:45 AM [] []
[2025-12-15 07:06:42] SlimMonoLogger.INFO: Cron ran at: 15-12-2025 07:06:42 AM [] []
[2025-12-15 07:11:41] SlimMonoLogger.INFO: Cron ran at: 15-12-2025 07:11:41 AM [] []
[2025-12-15 07:16:47] SlimMonoLogger.INFO: Cron ran at: 15-12-2025 07:16:47 AM [] []
[2025-12-15 07:21:40] SlimMonoLogger.INFO: Cron ran at: 15-12-2025 07:21:40 AM [] []
[2025-12-15 07:26:49] SlimMonoLogger.INFO: Cron ran at: 15-12-2025 07:26:49 AM [] []
[2025-12-15 07:31:46] SlimMonoLogger.INFO: Cron ran at: 15-12-2025 07:31:46 AM [] []
[2025-12-15 07:36:41] SlimMonoLogger.INFO: Cron ran at: 15-12-2025 07:36:41 AM [] []
[2025-12-15 07:41:45] SlimMonoLogger.INFO: Cron ran at: 15-12-2025 07:41:45 AM [] []
[2025-12-15 07:46:46] SlimMonoLogger.INFO: Cron ran at: 15-12-2025 07:46:46 AM [] []
[2025-12-15 07:51:47] SlimMonoLogger.INFO: Cron ran at: 15-12-2025 07:51:47 AM [] []
[2025-12-15 07:56:43] SlimMonoLogger.INFO: Cron ran at: 15-12-2025 07:56:43 AM [] []
[2025-12-15 08:01:55] SlimMonoLogger.INFO: Cron ran at: 15-12-2025 08:01:55 AM [] []
[2025-12-15 08:06:52] SlimMonoLogger.INFO: Cron ran at: 15-12-2025 08:06:52 AM [] []
[2025-12-15 08:11:57] SlimMonoLogger.INFO: Cron ran at: 15-12-2025 08:11:57 AM [] []
[2025-12-15 08:16:48] SlimMonoLogger.INFO: Cron ran at: 15-12-2025 08:16:48 AM [] []
[2025-12-15 08:21:56] SlimMonoLogger.INFO: Cron ran at: 15-12-2025 08:21:56 AM [] []
[2025-12-15 08:27:02] SlimMonoLogger.INFO: Cron ran at: 15-12-2025 08:27:02 AM [] []
[2025-12-15 08:31:56] SlimMonoLogger.INFO: Cron ran at: 15-12-2025 08:31:56 AM [] []
[2025-12-15 08:36:50] SlimMonoLogger.INFO: Cron ran at: 15-12-2025 08:36:50 AM [] []
[2025-12-15 08:42:05] SlimMonoLogger.INFO: Cron ran at: 15-12-2025 08:42:05 AM [] []
[2025-12-15 08:47:11] SlimMonoLogger.INFO: Cron ran at: 15-12-2025 08:47:11 AM [] []
[2025-12-15 08:51:58] SlimMonoLogger.INFO: Cron ran at: 15-12-2025 08:51:58 AM [] []
[2025-12-15 08:56:55] SlimMonoLogger.INFO: Cron ran at: 15-12-2025 08:56:55 AM [] []
[2025-12-15 09:07:12] SlimMonoLogger.INFO: Cron ran at: 15-12-2025 09:07:12 AM [] []
[2025-12-15 09:11:56] SlimMonoLogger.INFO: Cron ran at: 15-12-2025 09:11:56 AM [] []
[2025-12-15 09:17:04] SlimMonoLogger.INFO: Cron ran at: 15-12-2025 09:17:04 AM [] []
[2025-12-15 09:22:03] SlimMonoLogger.INFO: Cron ran at: 15-12-2025 09:22:03 AM [] []
[2025-12-15 09:26:57] SlimMonoLogger.INFO: Cron ran at: 15-12-2025 09:26:57 AM [] []
[2025-12-15 09:32:04] SlimMonoLogger.INFO: Cron ran at: 15-12-2025 09:32:04 AM [] []
[2025-12-15 09:36:55] SlimMonoLogger.INFO: Cron ran at: 15-12-2025 09:36:55 AM [] []
[2025-12-15 09:47:06] SlimMonoLogger.INFO: Cron ran at: 15-12-2025 09:47:06 AM [] []
[2025-12-15 09:52:18] SlimMonoLogger.INFO: Cron ran at: 15-12-2025 09:52:18 AM [] []
[2025-12-15 09:57:00] SlimMonoLogger.INFO: Cron ran at: 15-12-2025 09:57:00 AM [] []
[2025-12-15 10:01:56] SlimMonoLogger.INFO: Cron ran at: 15-12-2025 10:01:56 AM [] []
[2025-12-15 10:07:02] SlimMonoLogger.INFO: Cron ran at: 15-12-2025 10:07:02 AM [] []
[2025-12-15 10:12:09] SlimMonoLogger.INFO: Cron ran at: 15-12-2025 10:12:09 AM [] []
[2025-12-15 10:16:48] SlimMonoLogger.INFO: Cron ran at: 15-12-2025 10:16:48 AM [] []
[2025-12-15 10:21:51] SlimMonoLogger.INFO: Cron ran at: 15-12-2025 10:21:51 AM [] []
[2025-12-15 10:26:45] SlimMonoLogger.INFO: Cron ran at: 15-12-2025 10:26:45 AM [] []
[2025-12-15 10:32:40] SlimMonoLogger.INFO: Cron ran at: 15-12-2025 10:32:40 AM [] []
[2025-12-15 10:36:51] SlimMonoLogger.INFO: Cron ran at: 15-12-2025 10:36:51 AM [] []
[2025-12-15 10:41:58] SlimMonoLogger.INFO: Cron ran at: 15-12-2025 10:41:58 AM [] []
[2025-12-15 10:46:57] SlimMonoLogger.INFO: Cron ran at: 15-12-2025 10:46:57 AM [] []
[2025-12-15 10:51:48] SlimMonoLogger.INFO: Cron ran at: 15-12-2025 10:51:48 AM [] []
[2025-12-15 10:56:47] SlimMonoLogger.INFO: Cron ran at: 15-12-2025 10:56:47 AM [] []
[2025-12-15 11:02:06] SlimMonoLogger.INFO: Cron ran at: 15-12-2025 11:02:06 AM [] []
[2025-12-15 11:06:54] SlimMonoLogger.INFO: Cron ran at: 15-12-2025 11:06:54 AM [] []
[2025-12-15 11:11:47] SlimMonoLogger.INFO: Cron ran at: 15-12-2025 11:11:47 AM [] []
[2025-12-15 11:16:45] SlimMonoLogger.INFO: Cron ran at: 15-12-2025 11:16:45 AM [] []
[2025-12-15 11:21:43] SlimMonoLogger.INFO: Cron ran at: 15-12-2025 11:21:43 AM [] []
[2025-12-15 11:26:51] SlimMonoLogger.INFO: Cron ran at: 15-12-2025 11:26:51 AM [] []
[2025-12-15 11:32:11] SlimMonoLogger.INFO: Cron ran at: 15-12-2025 11:32:11 AM [] []
[2025-12-15 11:36:54] SlimMonoLogger.INFO: Cron ran at: 15-12-2025 11:36:54 AM [] []
[2025-12-15 11:42:12] SlimMonoLogger.INFO: Cron ran at: 15-12-2025 11:42:12 AM [] []
[2025-12-15 11:47:01] SlimMonoLogger.INFO: Cron ran at: 15-12-2025 11:47:01 AM [] []
[2025-12-15 11:52:03] SlimMonoLogger.INFO: Cron ran at: 15-12-2025 11:52:03 AM [] []
[2025-12-15 11:56:55] SlimMonoLogger.INFO: Cron ran at: 15-12-2025 11:56:55 AM [] []
[2025-12-15 12:01:50] SlimMonoLogger.INFO: Cron ran at: 15-12-2025 12:01:50 PM [] []
[2025-12-15 12:06:49] SlimMonoLogger.INFO: Cron ran at: 15-12-2025 12:06:49 PM [] []
[2025-12-15 12:11:57] SlimMonoLogger.INFO: Cron ran at: 15-12-2025 12:11:57 PM [] []
[2025-12-15 12:17:08] SlimMonoLogger.INFO: Cron ran at: 15-12-2025 12:17:08 PM [] []
[2025-12-15 12:21:48] SlimMonoLogger.INFO: Cron ran at: 15-12-2025 12:21:48 PM [] []
[2025-12-15 12:26:51] SlimMonoLogger.INFO: Cron ran at: 15-12-2025 12:26:51 PM [] []
[2025-12-15 12:31:52] SlimMonoLogger.INFO: Cron ran at: 15-12-2025 12:31:52 PM [] []
[2025-12-15 12:36:44] SlimMonoLogger.INFO: Cron ran at: 15-12-2025 12:36:44 PM [] []
[2025-12-15 12:41:50] SlimMonoLogger.INFO: Cron ran at: 15-12-2025 12:41:50 PM [] []
[2025-12-15 12:46:45] SlimMonoLogger.INFO: Cron ran at: 15-12-2025 12:46:45 PM [] []
[2025-12-15 12:51:47] SlimMonoLogger.INFO: Cron ran at: 15-12-2025 12:51:47 PM [] []
[2025-12-15 12:56:48] SlimMonoLogger.INFO: Cron ran at: 15-12-2025 12:56:48 PM [] []
[2025-12-15 13:01:45] SlimMonoLogger.INFO: Cron ran at: 15-12-2025 01:01:45 PM [] []
[2025-12-15 13:11:55] SlimMonoLogger.INFO: Cron ran at: 15-12-2025 01:11:55 PM [] []
[2025-12-15 13:14:24] SlimMonoLogger.ERROR: Requests_Exception: cURL error 28: Operation timed out after 500001 milliseconds with 15824 bytes received in /home/latihtal/public_html/agregator1/src/vendor/rmccue/requests/library/Requests/Transport/cURL.php:422
Stack trace:
#0 /home/latihtal/public_html/agregator1/src/vendor/rmccue/requests/library/Requests/Transport/cURL.php(177): Requests_Transport_cURL->process_response()
#1 /home/latihtal/public_html/agregator1/src/vendor/rmccue/requests/library/Requests.php(379): Requests_Transport_cURL->request()
#2 /home/latihtal/public_html/agregator1/src/vendor/rmccue/requests/library/Requests/Session.php(205): Requests::request()
#3 /home/latihtal/public_html/agregator1/src/vendor/rmccue/requests/library/Requests/Session.php(132): Requests_Session->request()
#4 /home/latihtal/public_html/agregator1/src/drivers/Http/RssImporter.php(144): Requests_Session->get()
#5 /home/latihtal/public_html/agregator1/src/controllers/Dashboard/DashboardFeedsController.php(534): spark\drivers\Http\RssImporter->fetchPosts()
#6 /home/latihtal/public_html/agregator1/src/controllers/Site/SiteController.php(722): spark\controllers\Dashboard\DashboardFeedsController::importFeedPosts()
#7 [internal function]: spark\controllers\Site\SiteController->runTasks()
#8 /home/latihtal/public_html/agregator1/src/framework/Route.php(173): call_user_func_array()
#9 [internal function]: Slim\Route->Slim\{closure}()
#10 /home/latihtal/public_html/agregator1/src/framework/Route.php(468): call_user_func_array()
#11 /home/latihtal/public_html/agregator1/src/framework/Slim.php(1364): Slim\Route->dispatch()
#12 /home/latihtal/public_html/agregator1/src/framework/Middleware/Flash.php(85): Slim\Slim->call()
#13 /home/latihtal/public_html/agregator1/src/framework/Middleware/MethodOverride.php(92): Slim\Middleware\Flash->call()
#14 /home/latihtal/public_html/agregator1/src/middlewares/CsrfGuard/CsrfGuard.php(47): Slim\Middleware\MethodOverride->call()
#15 /home/latihtal/public_html/agregator1/src/framework/Middleware/PrettyExceptions.php(67): spark\middlewares\CsrfGuard\CsrfGuard->call()
#16 /home/latihtal/public_html/agregator1/src/framework/Slim.php(1308): Slim\Middleware\PrettyExceptions->call()
#17 /home/latihtal/public_html/agregator1/index.php(6): Slim\Slim->run()
#18 {main} [] []
[2025-12-15 13:15:14] SlimMonoLogger.INFO: Cron ran at: 15-12-2025 01:15:14 PM [] []
[2025-12-15 13:16:48] SlimMonoLogger.INFO: Cron ran at: 15-12-2025 01:16:48 PM [] []
[2025-12-15 13:21:50] SlimMonoLogger.INFO: Cron ran at: 15-12-2025 01:21:50 PM [] []
[2025-12-15 13:27:00] SlimMonoLogger.INFO: Cron ran at: 15-12-2025 01:27:00 PM [] []
[2025-12-15 13:32:02] SlimMonoLogger.INFO: Cron ran at: 15-12-2025 01:32:02 PM [] []
[2025-12-15 13:36:57] SlimMonoLogger.INFO: Cron ran at: 15-12-2025 01:36:57 PM [] []
[2025-12-15 13:41:54] SlimMonoLogger.INFO: Cron ran at: 15-12-2025 01:41:54 PM [] []
[2025-12-15 13:46:57] SlimMonoLogger.INFO: Cron ran at: 15-12-2025 01:46:57 PM [] []
[2025-12-15 13:51:53] SlimMonoLogger.INFO: Cron ran at: 15-12-2025 01:51:53 PM [] []
[2025-12-15 13:56:52] SlimMonoLogger.INFO: Cron ran at: 15-12-2025 01:56:52 PM [] []
[2025-12-15 14:06:52] SlimMonoLogger.INFO: Cron ran at: 15-12-2025 02:06:52 PM [] []
[2025-12-15 14:09:33] SlimMonoLogger.ERROR: Requests_Exception: cURL error 28: Operation timed out after 500001 milliseconds with 0 bytes received in /home/latihtal/public_html/agregator1/src/vendor/rmccue/requests/library/Requests/Transport/cURL.php:422
Stack trace:
#0 /home/latihtal/public_html/agregator1/src/vendor/rmccue/requests/library/Requests/Transport/cURL.php(177): Requests_Transport_cURL->process_response()
#1 /home/latihtal/public_html/agregator1/src/vendor/rmccue/requests/library/Requests.php(379): Requests_Transport_cURL->request()
#2 /home/latihtal/public_html/agregator1/src/vendor/rmccue/requests/library/Requests/Session.php(205): Requests::request()
#3 /home/latihtal/public_html/agregator1/src/vendor/rmccue/requests/library/Requests/Session.php(132): Requests_Session->request()
#4 /home/latihtal/public_html/agregator1/src/drivers/Http/RssImporter.php(144): Requests_Session->get()
#5 /home/latihtal/public_html/agregator1/src/controllers/Dashboard/DashboardFeedsController.php(534): spark\drivers\Http\RssImporter->fetchPosts()
#6 /home/latihtal/public_html/agregator1/src/controllers/Site/SiteController.php(722): spark\controllers\Dashboard\DashboardFeedsController::importFeedPosts()
#7 [internal function]: spark\controllers\Site\SiteController->runTasks()
#8 /home/latihtal/public_html/agregator1/src/framework/Route.php(173): call_user_func_array()
#9 [internal function]: Slim\Route->Slim\{closure}()
#10 /home/latihtal/public_html/agregator1/src/framework/Route.php(468): call_user_func_array()
#11 /home/latihtal/public_html/agregator1/src/framework/Slim.php(1364): Slim\Route->dispatch()
#12 /home/latihtal/public_html/agregator1/src/framework/Middleware/Flash.php(85): Slim\Slim->call()
#13 /home/latihtal/public_html/agregator1/src/framework/Middleware/MethodOverride.php(92): Slim\Middleware\Flash->call()
#14 /home/latihtal/public_html/agregator1/src/middlewares/CsrfGuard/CsrfGuard.php(47): Slim\Middleware\MethodOverride->call()
#15 /home/latihtal/public_html/agregator1/src/framework/Middleware/PrettyExceptions.php(67): spark\middlewares\CsrfGuard\CsrfGuard->call()
#16 /home/latihtal/public_html/agregator1/src/framework/Slim.php(1308): Slim\Middleware\PrettyExceptions->call()
#17 /home/latihtal/public_html/agregator1/index.php(6): Slim\Slim->run()
#18 {main} [] []
[2025-12-15 14:10:12] SlimMonoLogger.INFO: Cron ran at: 15-12-2025 02:10:12 PM [] []
[2025-12-15 14:11:38] SlimMonoLogger.INFO: Cron ran at: 15-12-2025 02:11:38 PM [] []
[2025-12-15 14:16:45] SlimMonoLogger.INFO: Cron ran at: 15-12-2025 02:16:45 PM [] []
[2025-12-15 14:21:53] SlimMonoLogger.INFO: Cron ran at: 15-12-2025 02:21:53 PM [] []
[2025-12-15 14:26:49] SlimMonoLogger.INFO: Cron ran at: 15-12-2025 02:26:49 PM [] []
[2025-12-15 14:31:48] SlimMonoLogger.INFO: Cron ran at: 15-12-2025 02:31:48 PM [] []
[2025-12-15 14:36:47] SlimMonoLogger.INFO: Cron ran at: 15-12-2025 02:36:47 PM [] []
[2025-12-15 14:41:52] SlimMonoLogger.INFO: Cron ran at: 15-12-2025 02:41:52 PM [] []
[2025-12-15 14:46:46] SlimMonoLogger.INFO: Cron ran at: 15-12-2025 02:46:46 PM [] []
[2025-12-15 14:51:41] SlimMonoLogger.INFO: Cron ran at: 15-12-2025 02:51:41 PM [] []
[2025-12-15 14:56:41] SlimMonoLogger.INFO: Cron ran at: 15-12-2025 02:56:41 PM [] []
[2025-12-15 15:01:46] SlimMonoLogger.INFO: Cron ran at: 15-12-2025 03:01:46 PM [] []
[2025-12-15 15:06:34] SlimMonoLogger.INFO: Cron ran at: 15-12-2025 03:06:34 PM [] []
[2025-12-15 15:11:45] SlimMonoLogger.INFO: Cron ran at: 15-12-2025 03:11:45 PM [] []
[2025-12-15 15:16:35] SlimMonoLogger.INFO: Cron ran at: 15-12-2025 03:16:35 PM [] []
[2025-12-15 15:22:12] SlimMonoLogger.INFO: Cron ran at: 15-12-2025 03:22:12 PM [] []
[2025-12-15 15:26:30] SlimMonoLogger.INFO: Cron ran at: 15-12-2025 03:26:30 PM [] []
[2025-12-15 15:31:48] SlimMonoLogger.INFO: Cron ran at: 15-12-2025 03:31:48 PM [] []
[2025-12-15 15:36:40] SlimMonoLogger.INFO: Cron ran at: 15-12-2025 03:36:40 PM [] []
[2025-12-15 15:41:38] SlimMonoLogger.INFO: Cron ran at: 15-12-2025 03:41:38 PM [] []
[2025-12-15 15:46:51] SlimMonoLogger.INFO: Cron ran at: 15-12-2025 03:46:51 PM [] []
[2025-12-15 15:51:52] SlimMonoLogger.INFO: Cron ran at: 15-12-2025 03:51:52 PM [] []
[2025-12-15 15:56:35] SlimMonoLogger.INFO: Cron ran at: 15-12-2025 03:56:35 PM [] []
[2025-12-15 16:01:46] SlimMonoLogger.INFO: Cron ran at: 15-12-2025 04:01:46 PM [] []
[2025-12-15 16:06:54] SlimMonoLogger.INFO: Cron ran at: 15-12-2025 04:06:54 PM [] []
[2025-12-15 16:11:48] SlimMonoLogger.INFO: Cron ran at: 15-12-2025 04:11:48 PM [] []
[2025-12-15 16:16:33] SlimMonoLogger.INFO: Cron ran at: 15-12-2025 04:16:33 PM [] []
[2025-12-15 16:21:39] SlimMonoLogger.INFO: Cron ran at: 15-12-2025 04:21:39 PM [] []
[2025-12-15 16:26:33] SlimMonoLogger.INFO: Cron ran at: 15-12-2025 04:26:33 PM [] []
[2025-12-15 16:31:43] SlimMonoLogger.INFO: Cron ran at: 15-12-2025 04:31:43 PM [] []
[2025-12-15 16:36:33] SlimMonoLogger.INFO: Cron ran at: 15-12-2025 04:36:33 PM [] []
[2025-12-15 16:41:36] SlimMonoLogger.INFO: Cron ran at: 15-12-2025 04:41:36 PM [] []
[2025-12-15 16:46:35] SlimMonoLogger.INFO: Cron ran at: 15-12-2025 04:46:35 PM [] []
[2025-12-15 16:51:27] SlimMonoLogger.INFO: Cron ran at: 15-12-2025 04:51:27 PM [] []
[2025-12-15 16:56:36] SlimMonoLogger.INFO: Cron ran at: 15-12-2025 04:56:36 PM [] []
[2025-12-15 17:01:46] SlimMonoLogger.INFO: Cron ran at: 15-12-2025 05:01:46 PM [] []
[2025-12-15 17:06:36] SlimMonoLogger.INFO: Cron ran at: 15-12-2025 05:06:36 PM [] []
[2025-12-15 17:11:30] SlimMonoLogger.INFO: Cron ran at: 15-12-2025 05:11:30 PM [] []
[2025-12-15 17:16:34] SlimMonoLogger.INFO: Cron ran at: 15-12-2025 05:16:34 PM [] []
[2025-12-15 17:21:35] SlimMonoLogger.INFO: Cron ran at: 15-12-2025 05:21:35 PM [] []
[2025-12-15 17:26:34] SlimMonoLogger.INFO: Cron ran at: 15-12-2025 05:26:34 PM [] []
[2025-12-15 17:31:44] SlimMonoLogger.INFO: Cron ran at: 15-12-2025 05:31:44 PM [] []
[2025-12-15 17:36:44] SlimMonoLogger.INFO: Cron ran at: 15-12-2025 05:36:44 PM [] []
[2025-12-15 17:41:40] SlimMonoLogger.INFO: Cron ran at: 15-12-2025 05:41:40 PM [] []
[2025-12-15 17:46:27] SlimMonoLogger.INFO: Cron ran at: 15-12-2025 05:46:27 PM [] []
[2025-12-15 17:51:40] SlimMonoLogger.INFO: Cron ran at: 15-12-2025 05:51:40 PM [] []
[2025-12-15 17:56:32] SlimMonoLogger.INFO: Cron ran at: 15-12-2025 05:56:32 PM [] []
[2025-12-15 18:01:46] SlimMonoLogger.INFO: Cron ran at: 15-12-2025 06:01:46 PM [] []
[2025-12-15 18:06:40] SlimMonoLogger.INFO: Cron ran at: 15-12-2025 06:06:40 PM [] []
[2025-12-15 18:11:32] SlimMonoLogger.INFO: Cron ran at: 15-12-2025 06:11:32 PM [] []
[2025-12-15 18:16:37] SlimMonoLogger.INFO: Cron ran at: 15-12-2025 06:16:37 PM [] []
[2025-12-15 18:21:39] SlimMonoLogger.INFO: Cron ran at: 15-12-2025 06:21:39 PM [] []
[2025-12-15 18:26:42] SlimMonoLogger.INFO: Cron ran at: 15-12-2025 06:26:42 PM [] []
[2025-12-15 18:31:38] SlimMonoLogger.INFO: Cron ran at: 15-12-2025 06:31:38 PM [] []
[2025-12-15 18:36:37] SlimMonoLogger.INFO: Cron ran at: 15-12-2025 06:36:37 PM [] []
[2025-12-15 18:41:37] SlimMonoLogger.INFO: Cron ran at: 15-12-2025 06:41:37 PM [] []
[2025-12-15 18:46:36] SlimMonoLogger.INFO: Cron ran at: 15-12-2025 06:46:36 PM [] []
[2025-12-15 18:51:53] SlimMonoLogger.INFO: Cron ran at: 15-12-2025 06:51:53 PM [] []
[2025-12-15 18:56:43] SlimMonoLogger.INFO: Cron ran at: 15-12-2025 06:56:43 PM [] []
[2025-12-15 19:01:41] SlimMonoLogger.INFO: Cron ran at: 15-12-2025 07:01:41 PM [] []
[2025-12-15 19:06:41] SlimMonoLogger.INFO: Cron ran at: 15-12-2025 07:06:41 PM [] []
[2025-12-15 19:11:47] SlimMonoLogger.INFO: Cron ran at: 15-12-2025 07:11:47 PM [] []
[2025-12-15 19:16:36] SlimMonoLogger.INFO: Cron ran at: 15-12-2025 07:16:36 PM [] []
[2025-12-15 19:21:46] SlimMonoLogger.INFO: Cron ran at: 15-12-2025 07:21:46 PM [] []
[2025-12-15 19:26:42] SlimMonoLogger.INFO: Cron ran at: 15-12-2025 07:26:42 PM [] []
[2025-12-15 19:31:42] SlimMonoLogger.INFO: Cron ran at: 15-12-2025 07:31:42 PM [] []
[2025-12-15 19:36:39] SlimMonoLogger.INFO: Cron ran at: 15-12-2025 07:36:39 PM [] []
[2025-12-15 19:41:38] SlimMonoLogger.INFO: Cron ran at: 15-12-2025 07:41:38 PM [] []
[2025-12-15 19:46:46] SlimMonoLogger.INFO: Cron ran at: 15-12-2025 07:46:46 PM [] []
[2025-12-15 19:51:39] SlimMonoLogger.INFO: Cron ran at: 15-12-2025 07:51:39 PM [] []
[2025-12-15 19:56:39] SlimMonoLogger.INFO: Cron ran at: 15-12-2025 07:56:39 PM [] []
[2025-12-15 20:01:43] SlimMonoLogger.INFO: Cron ran at: 15-12-2025 08:01:43 PM [] []
[2025-12-15 20:06:31] SlimMonoLogger.INFO: Cron ran at: 15-12-2025 08:06:31 PM [] []
[2025-12-15 20:11:33] SlimMonoLogger.INFO: Cron ran at: 15-12-2025 08:11:33 PM [] []
[2025-12-15 20:16:36] SlimMonoLogger.INFO: Cron ran at: 15-12-2025 08:16:36 PM [] []
[2025-12-15 20:21:31] SlimMonoLogger.INFO: Cron ran at: 15-12-2025 08:21:31 PM [] []
[2025-12-15 20:26:39] SlimMonoLogger.INFO: Cron ran at: 15-12-2025 08:26:39 PM [] []
[2025-12-15 20:31:45] SlimMonoLogger.INFO: Cron ran at: 15-12-2025 08:31:45 PM [] []
[2025-12-15 20:36:30] SlimMonoLogger.INFO: Cron ran at: 15-12-2025 08:36:30 PM [] []
[2025-12-15 20:41:53] SlimMonoLogger.INFO: Cron ran at: 15-12-2025 08:41:53 PM [] []
[2025-12-15 20:46:44] SlimMonoLogger.INFO: Cron ran at: 15-12-2025 08:46:44 PM [] []
[2025-12-15 20:51:32] SlimMonoLogger.INFO: Cron ran at: 15-12-2025 08:51:32 PM [] []
[2025-12-15 20:56:31] SlimMonoLogger.INFO: Cron ran at: 15-12-2025 08:56:31 PM [] []
[2025-12-15 21:01:40] SlimMonoLogger.INFO: Cron ran at: 15-12-2025 09:01:40 PM [] []
[2025-12-15 21:06:38] SlimMonoLogger.INFO: Cron ran at: 15-12-2025 09:06:38 PM [] []
[2025-12-15 21:11:39] SlimMonoLogger.INFO: Cron ran at: 15-12-2025 09:11:39 PM [] []
[2025-12-15 21:16:34] SlimMonoLogger.INFO: Cron ran at: 15-12-2025 09:16:34 PM [] []
[2025-12-15 21:21:34] SlimMonoLogger.INFO: Cron ran at: 15-12-2025 09:21:34 PM [] []
[2025-12-15 21:26:23] SlimMonoLogger.INFO: Cron ran at: 15-12-2025 09:26:23 PM [] []
[2025-12-15 21:32:05] SlimMonoLogger.INFO: Cron ran at: 15-12-2025 09:32:05 PM [] []
[2025-12-15 21:36:32] SlimMonoLogger.INFO: Cron ran at: 15-12-2025 09:36:32 PM [] []
[2025-12-15 21:41:48] SlimMonoLogger.INFO: Cron ran at: 15-12-2025 09:41:48 PM [] []
[2025-12-15 21:46:37] SlimMonoLogger.INFO: Cron ran at: 15-12-2025 09:46:37 PM [] []
[2025-12-15 21:51:29] SlimMonoLogger.INFO: Cron ran at: 15-12-2025 09:51:29 PM [] []
[2025-12-15 21:56:47] SlimMonoLogger.INFO: Cron ran at: 15-12-2025 09:56:47 PM [] []
[2025-12-15 22:01:48] SlimMonoLogger.INFO: Cron ran at: 15-12-2025 10:01:48 PM [] []
[2025-12-15 22:06:34] SlimMonoLogger.INFO: Cron ran at: 15-12-2025 10:06:34 PM [] []
[2025-12-15 22:11:38] SlimMonoLogger.INFO: Cron ran at: 15-12-2025 10:11:38 PM [] []
[2025-12-15 22:16:40] SlimMonoLogger.INFO: Cron ran at: 15-12-2025 10:16:40 PM [] []
[2025-12-15 22:21:33] SlimMonoLogger.INFO: Cron ran at: 15-12-2025 10:21:33 PM [] []
[2025-12-15 22:26:37] SlimMonoLogger.INFO: Cron ran at: 15-12-2025 10:26:37 PM [] []
[2025-12-15 22:31:41] SlimMonoLogger.INFO: Cron ran at: 15-12-2025 10:31:41 PM [] []
[2025-12-15 22:36:24] SlimMonoLogger.INFO: Cron ran at: 15-12-2025 10:36:24 PM [] []
[2025-12-15 22:41:28] SlimMonoLogger.INFO: Cron ran at: 15-12-2025 10:41:28 PM [] []
[2025-12-15 22:46:16] SlimMonoLogger.INFO: Cron ran at: 15-12-2025 10:46:16 PM [] []
[2025-12-15 22:51:27] SlimMonoLogger.INFO: Cron ran at: 15-12-2025 10:51:27 PM [] []
[2025-12-15 22:56:25] SlimMonoLogger.INFO: Cron ran at: 15-12-2025 10:56:25 PM [] []
[2025-12-15 23:01:28] SlimMonoLogger.INFO: Cron ran at: 15-12-2025 11:01:28 PM [] []
[2025-12-15 23:06:32] SlimMonoLogger.INFO: Cron ran at: 15-12-2025 11:06:32 PM [] []
[2025-12-15 23:12:04] SlimMonoLogger.INFO: Cron ran at: 15-12-2025 11:12:04 PM [] []
[2025-12-15 23:16:36] SlimMonoLogger.INFO: Cron ran at: 15-12-2025 11:16:36 PM [] []
[2025-12-15 23:21:25] SlimMonoLogger.INFO: Cron ran at: 15-12-2025 11:21:25 PM [] []
[2025-12-15 23:26:29] SlimMonoLogger.INFO: Cron ran at: 15-12-2025 11:26:29 PM [] []
[2025-12-15 23:31:23] SlimMonoLogger.INFO: Cron ran at: 15-12-2025 11:31:23 PM [] []
[2025-12-15 23:36:38] SlimMonoLogger.INFO: Cron ran at: 15-12-2025 11:36:38 PM [] []
[2025-12-15 23:41:39] SlimMonoLogger.INFO: Cron ran at: 15-12-2025 11:41:39 PM [] []
[2025-12-15 23:46:27] SlimMonoLogger.INFO: Cron ran at: 15-12-2025 11:46:27 PM [] []
[2025-12-15 23:51:25] SlimMonoLogger.INFO: Cron ran at: 15-12-2025 11:51:25 PM [] []
[2025-12-15 23:56:29] SlimMonoLogger.INFO: Cron ran at: 15-12-2025 11:56:29 PM [] []
[2025-12-16 00:01:31] SlimMonoLogger.INFO: Cron ran at: 16-12-2025 12:01:31 AM [] []
[2025-12-16 00:06:25] SlimMonoLogger.INFO: Cron ran at: 16-12-2025 12:06:25 AM [] []
[2025-12-16 00:11:29] SlimMonoLogger.INFO: Cron ran at: 16-12-2025 12:11:29 AM [] []
[2025-12-16 00:16:40] SlimMonoLogger.INFO: Cron ran at: 16-12-2025 12:16:40 AM [] []
[2025-12-16 00:21:38] SlimMonoLogger.INFO: Cron ran at: 16-12-2025 12:21:38 AM [] []
[2025-12-16 00:26:35] SlimMonoLogger.INFO: Cron ran at: 16-12-2025 12:26:35 AM [] []
[2025-12-16 00:31:27] SlimMonoLogger.INFO: Cron ran at: 16-12-2025 12:31:27 AM [] []
[2025-12-16 00:36:33] SlimMonoLogger.INFO: Cron ran at: 16-12-2025 12:36:33 AM [] []
[2025-12-16 00:41:31] SlimMonoLogger.INFO: Cron ran at: 16-12-2025 12:41:31 AM [] []
[2025-12-16 00:46:28] SlimMonoLogger.INFO: Cron ran at: 16-12-2025 12:46:28 AM [] []
[2025-12-16 00:51:30] SlimMonoLogger.INFO: Cron ran at: 16-12-2025 12:51:30 AM [] []
[2025-12-16 00:56:26] SlimMonoLogger.INFO: Cron ran at: 16-12-2025 12:56:26 AM [] []
