[2025-11-15 01:00:45] SlimMonoLogger.INFO: Cron ran at: 15-11-2025 01:00:45 AM [] []
[2025-11-15 01:05:35] SlimMonoLogger.INFO: Cron ran at: 15-11-2025 01:05:35 AM [] []
[2025-11-15 01:10:34] SlimMonoLogger.INFO: Cron ran at: 15-11-2025 01:10:34 AM [] []
[2025-11-15 01:15:35] SlimMonoLogger.INFO: Cron ran at: 15-11-2025 01:15:35 AM [] []
[2025-11-15 01:20:11] SlimMonoLogger.ERROR: Requests_Exception: cURL error 56: Recv failure: Connection reset by peer in /home/latihtal/public_html/agregator1/src/vendor/rmccue/requests/library/Requests/Transport/cURL.php:422
Stack trace:
#0 /home/latihtal/public_html/agregator1/src/vendor/rmccue/requests/library/Requests/Transport/cURL.php(177): Requests_Transport_cURL->process_response()
#1 /home/latihtal/public_html/agregator1/src/vendor/rmccue/requests/library/Requests.php(379): Requests_Transport_cURL->request()
#2 /home/latihtal/public_html/agregator1/src/vendor/rmccue/requests/library/Requests/Session.php(205): Requests::request()
#3 /home/latihtal/public_html/agregator1/src/vendor/rmccue/requests/library/Requests/Session.php(132): Requests_Session->request()
#4 /home/latihtal/public_html/agregator1/src/drivers/Http/RssImporter.php(144): Requests_Session->get()
#5 /home/latihtal/public_html/agregator1/src/controllers/Dashboard/DashboardFeedsController.php(534): spark\drivers\Http\RssImporter->fetchPosts()
#6 /home/latihtal/public_html/agregator1/src/controllers/Site/SiteController.php(722): spark\controllers\Dashboard\DashboardFeedsController::importFeedPosts()
#7 [internal function]: spark\controllers\Site\SiteController->runTasks()
#8 /home/latihtal/public_html/agregator1/src/framework/Route.php(173): call_user_func_array()
#9 [internal function]: Slim\Route->Slim\{closure}()
#10 /home/latihtal/public_html/agregator1/src/framework/Route.php(468): call_user_func_array()
#11 /home/latihtal/public_html/agregator1/src/framework/Slim.php(1364): Slim\Route->dispatch()
#12 /home/latihtal/public_html/agregator1/src/framework/Middleware/Flash.php(85): Slim\Slim->call()
#13 /home/latihtal/public_html/agregator1/src/framework/Middleware/MethodOverride.php(92): Slim\Middleware\Flash->call()
#14 /home/latihtal/public_html/agregator1/src/middlewares/CsrfGuard/CsrfGuard.php(47): Slim\Middleware\MethodOverride->call()
#15 /home/latihtal/public_html/agregator1/src/framework/Middleware/PrettyExceptions.php(67): spark\middlewares\CsrfGuard\CsrfGuard->call()
#16 /home/latihtal/public_html/agregator1/src/framework/Slim.php(1308): Slim\Middleware\PrettyExceptions->call()
#17 /home/latihtal/public_html/agregator1/index.php(6): Slim\Slim->run()
#18 {main} [] []
[2025-11-15 01:20:41] SlimMonoLogger.INFO: Cron ran at: 15-11-2025 01:20:41 AM [] []
[2025-11-15 01:25:35] SlimMonoLogger.INFO: Cron ran at: 15-11-2025 01:25:35 AM [] []
[2025-11-15 01:30:44] SlimMonoLogger.INFO: Cron ran at: 15-11-2025 01:30:44 AM [] []
[2025-11-15 01:35:35] SlimMonoLogger.INFO: Cron ran at: 15-11-2025 01:35:35 AM [] []
[2025-11-15 01:40:37] SlimMonoLogger.INFO: Cron ran at: 15-11-2025 01:40:37 AM [] []
[2025-11-15 01:45:34] SlimMonoLogger.INFO: Cron ran at: 15-11-2025 01:45:34 AM [] []
[2025-11-15 01:50:36] SlimMonoLogger.INFO: Cron ran at: 15-11-2025 01:50:36 AM [] []
[2025-11-15 01:55:35] SlimMonoLogger.INFO: Cron ran at: 15-11-2025 01:55:35 AM [] []
[2025-11-15 02:00:34] SlimMonoLogger.INFO: Cron ran at: 15-11-2025 02:00:34 AM [] []
[2025-11-15 02:05:35] SlimMonoLogger.INFO: Cron ran at: 15-11-2025 02:05:35 AM [] []
[2025-11-15 02:10:38] SlimMonoLogger.INFO: Cron ran at: 15-11-2025 02:10:38 AM [] []
[2025-11-15 02:15:35] SlimMonoLogger.INFO: Cron ran at: 15-11-2025 02:15:35 AM [] []
[2025-11-15 02:20:41] SlimMonoLogger.INFO: Cron ran at: 15-11-2025 02:20:41 AM [] []
[2025-11-15 02:25:43] SlimMonoLogger.INFO: Cron ran at: 15-11-2025 02:25:43 AM [] []
[2025-11-15 02:30:45] SlimMonoLogger.INFO: Cron ran at: 15-11-2025 02:30:45 AM [] []
[2025-11-15 02:35:40] SlimMonoLogger.INFO: Cron ran at: 15-11-2025 02:35:40 AM [] []
[2025-11-15 02:40:40] SlimMonoLogger.INFO: Cron ran at: 15-11-2025 02:40:40 AM [] []
[2025-11-15 02:45:35] SlimMonoLogger.INFO: Cron ran at: 15-11-2025 02:45:35 AM [] []
[2025-11-15 02:50:33] SlimMonoLogger.INFO: Cron ran at: 15-11-2025 02:50:33 AM [] []
[2025-11-15 02:55:38] SlimMonoLogger.INFO: Cron ran at: 15-11-2025 02:55:38 AM [] []
[2025-11-15 03:00:34] SlimMonoLogger.INFO: Cron ran at: 15-11-2025 03:00:34 AM [] []
[2025-11-15 03:05:36] SlimMonoLogger.INFO: Cron ran at: 15-11-2025 03:05:36 AM [] []
[2025-11-15 03:10:34] SlimMonoLogger.INFO: Cron ran at: 15-11-2025 03:10:34 AM [] []
[2025-11-15 03:15:36] SlimMonoLogger.INFO: Cron ran at: 15-11-2025 03:15:36 AM [] []
[2025-11-15 03:20:33] SlimMonoLogger.INFO: Cron ran at: 15-11-2025 03:20:33 AM [] []
[2025-11-15 03:25:36] SlimMonoLogger.INFO: Cron ran at: 15-11-2025 03:25:36 AM [] []
[2025-11-15 03:30:40] SlimMonoLogger.INFO: Cron ran at: 15-11-2025 03:30:40 AM [] []
[2025-11-15 03:35:41] SlimMonoLogger.INFO: Cron ran at: 15-11-2025 03:35:41 AM [] []
[2025-11-15 03:40:35] SlimMonoLogger.INFO: Cron ran at: 15-11-2025 03:40:35 AM [] []
[2025-11-15 03:45:36] SlimMonoLogger.INFO: Cron ran at: 15-11-2025 03:45:36 AM [] []
[2025-11-15 03:50:36] SlimMonoLogger.INFO: Cron ran at: 15-11-2025 03:50:36 AM [] []
[2025-11-15 03:55:36] SlimMonoLogger.INFO: Cron ran at: 15-11-2025 03:55:36 AM [] []
[2025-11-15 04:00:37] SlimMonoLogger.INFO: Cron ran at: 15-11-2025 04:00:37 AM [] []
[2025-11-15 04:05:37] SlimMonoLogger.INFO: Cron ran at: 15-11-2025 04:05:37 AM [] []
[2025-11-15 04:10:35] SlimMonoLogger.INFO: Cron ran at: 15-11-2025 04:10:35 AM [] []
[2025-11-15 04:15:39] SlimMonoLogger.INFO: Cron ran at: 15-11-2025 04:15:39 AM [] []
[2025-11-15 04:20:38] SlimMonoLogger.INFO: Cron ran at: 15-11-2025 04:20:38 AM [] []
[2025-11-15 04:25:38] SlimMonoLogger.INFO: Cron ran at: 15-11-2025 04:25:38 AM [] []
[2025-11-15 04:30:39] SlimMonoLogger.INFO: Cron ran at: 15-11-2025 04:30:39 AM [] []
[2025-11-15 04:35:36] SlimMonoLogger.INFO: Cron ran at: 15-11-2025 04:35:36 AM [] []
[2025-11-15 04:40:35] SlimMonoLogger.INFO: Cron ran at: 15-11-2025 04:40:35 AM [] []
[2025-11-15 04:45:35] SlimMonoLogger.INFO: Cron ran at: 15-11-2025 04:45:35 AM [] []
[2025-11-15 04:50:34] SlimMonoLogger.INFO: Cron ran at: 15-11-2025 04:50:34 AM [] []
[2025-11-15 04:55:34] SlimMonoLogger.INFO: Cron ran at: 15-11-2025 04:55:34 AM [] []
[2025-11-15 05:00:36] SlimMonoLogger.INFO: Cron ran at: 15-11-2025 05:00:36 AM [] []
[2025-11-15 05:05:36] SlimMonoLogger.INFO: Cron ran at: 15-11-2025 05:05:36 AM [] []
[2025-11-15 05:10:35] SlimMonoLogger.INFO: Cron ran at: 15-11-2025 05:10:35 AM [] []
[2025-11-15 05:15:37] SlimMonoLogger.INFO: Cron ran at: 15-11-2025 05:15:37 AM [] []
[2025-11-15 05:20:37] SlimMonoLogger.INFO: Cron ran at: 15-11-2025 05:20:37 AM [] []
[2025-11-15 05:25:36] SlimMonoLogger.INFO: Cron ran at: 15-11-2025 05:25:36 AM [] []
[2025-11-15 05:30:36] SlimMonoLogger.INFO: Cron ran at: 15-11-2025 05:30:36 AM [] []
[2025-11-15 05:35:35] SlimMonoLogger.INFO: Cron ran at: 15-11-2025 05:35:35 AM [] []
[2025-11-15 05:40:38] SlimMonoLogger.INFO: Cron ran at: 15-11-2025 05:40:38 AM [] []
[2025-11-15 05:45:36] SlimMonoLogger.INFO: Cron ran at: 15-11-2025 05:45:36 AM [] []
[2025-11-15 05:50:35] SlimMonoLogger.INFO: Cron ran at: 15-11-2025 05:50:35 AM [] []
[2025-11-15 05:55:34] SlimMonoLogger.INFO: Cron ran at: 15-11-2025 05:55:34 AM [] []
[2025-11-15 06:00:43] SlimMonoLogger.INFO: Cron ran at: 15-11-2025 06:00:43 AM [] []
[2025-11-15 06:05:33] SlimMonoLogger.INFO: Cron ran at: 15-11-2025 06:05:33 AM [] []
[2025-11-15 06:10:38] SlimMonoLogger.INFO: Cron ran at: 15-11-2025 06:10:38 AM [] []
[2025-11-15 06:15:37] SlimMonoLogger.INFO: Cron ran at: 15-11-2025 06:15:37 AM [] []
[2025-11-15 06:20:36] SlimMonoLogger.INFO: Cron ran at: 15-11-2025 06:20:36 AM [] []
[2025-11-15 06:25:35] SlimMonoLogger.INFO: Cron ran at: 15-11-2025 06:25:35 AM [] []
[2025-11-15 06:30:42] SlimMonoLogger.INFO: Cron ran at: 15-11-2025 06:30:42 AM [] []
[2025-11-15 06:35:35] SlimMonoLogger.INFO: Cron ran at: 15-11-2025 06:35:35 AM [] []
[2025-11-15 06:40:34] SlimMonoLogger.INFO: Cron ran at: 15-11-2025 06:40:34 AM [] []
[2025-11-15 06:45:36] SlimMonoLogger.INFO: Cron ran at: 15-11-2025 06:45:36 AM [] []
[2025-11-15 06:50:40] SlimMonoLogger.INFO: Cron ran at: 15-11-2025 06:50:40 AM [] []
[2025-11-15 06:55:37] SlimMonoLogger.INFO: Cron ran at: 15-11-2025 06:55:37 AM [] []
[2025-11-15 07:00:41] SlimMonoLogger.INFO: Cron ran at: 15-11-2025 07:00:41 AM [] []
[2025-11-15 07:05:36] SlimMonoLogger.INFO: Cron ran at: 15-11-2025 07:05:36 AM [] []
[2025-11-15 07:10:36] SlimMonoLogger.INFO: Cron ran at: 15-11-2025 07:10:36 AM [] []
[2025-11-15 07:15:38] SlimMonoLogger.INFO: Cron ran at: 15-11-2025 07:15:38 AM [] []
[2025-11-15 07:20:38] SlimMonoLogger.INFO: Cron ran at: 15-11-2025 07:20:38 AM [] []
[2025-11-15 07:25:38] SlimMonoLogger.INFO: Cron ran at: 15-11-2025 07:25:38 AM [] []
[2025-11-15 07:30:39] SlimMonoLogger.INFO: Cron ran at: 15-11-2025 07:30:39 AM [] []
[2025-11-15 07:35:37] SlimMonoLogger.INFO: Cron ran at: 15-11-2025 07:35:37 AM [] []
[2025-11-15 07:40:36] SlimMonoLogger.INFO: Cron ran at: 15-11-2025 07:40:36 AM [] []
[2025-11-15 07:45:36] SlimMonoLogger.INFO: Cron ran at: 15-11-2025 07:45:36 AM [] []
[2025-11-15 07:50:36] SlimMonoLogger.INFO: Cron ran at: 15-11-2025 07:50:36 AM [] []
[2025-11-15 07:55:36] SlimMonoLogger.INFO: Cron ran at: 15-11-2025 07:55:36 AM [] []
[2025-11-15 08:00:43] SlimMonoLogger.INFO: Cron ran at: 15-11-2025 08:00:43 AM [] []
[2025-11-15 08:05:36] SlimMonoLogger.INFO: Cron ran at: 15-11-2025 08:05:36 AM [] []
[2025-11-15 08:10:40] SlimMonoLogger.INFO: Cron ran at: 15-11-2025 08:10:40 AM [] []
[2025-11-15 08:15:37] SlimMonoLogger.INFO: Cron ran at: 15-11-2025 08:15:37 AM [] []
[2025-11-15 08:20:42] SlimMonoLogger.INFO: Cron ran at: 15-11-2025 08:20:42 AM [] []
[2025-11-15 08:25:37] SlimMonoLogger.INFO: Cron ran at: 15-11-2025 08:25:37 AM [] []
[2025-11-15 08:30:41] SlimMonoLogger.INFO: Cron ran at: 15-11-2025 08:30:41 AM [] []
[2025-11-15 08:35:43] SlimMonoLogger.INFO: Cron ran at: 15-11-2025 08:35:43 AM [] []
[2025-11-15 08:40:45] SlimMonoLogger.INFO: Cron ran at: 15-11-2025 08:40:45 AM [] []
[2025-11-15 08:45:47] SlimMonoLogger.INFO: Cron ran at: 15-11-2025 08:45:47 AM [] []
[2025-11-15 08:50:39] SlimMonoLogger.INFO: Cron ran at: 15-11-2025 08:50:39 AM [] []
[2025-11-15 08:55:38] SlimMonoLogger.INFO: Cron ran at: 15-11-2025 08:55:38 AM [] []
[2025-11-15 09:00:47] SlimMonoLogger.INFO: Cron ran at: 15-11-2025 09:00:47 AM [] []
[2025-11-15 09:05:44] SlimMonoLogger.INFO: Cron ran at: 15-11-2025 09:05:44 AM [] []
[2025-11-15 09:10:39] SlimMonoLogger.INFO: Cron ran at: 15-11-2025 09:10:39 AM [] []
[2025-11-15 09:15:38] SlimMonoLogger.INFO: Cron ran at: 15-11-2025 09:15:38 AM [] []
[2025-11-15 09:20:43] SlimMonoLogger.INFO: Cron ran at: 15-11-2025 09:20:43 AM [] []
[2025-11-15 09:25:35] SlimMonoLogger.INFO: Cron ran at: 15-11-2025 09:25:35 AM [] []
[2025-11-15 09:30:35] SlimMonoLogger.INFO: Cron ran at: 15-11-2025 09:30:35 AM [] []
[2025-11-15 09:35:40] SlimMonoLogger.INFO: Cron ran at: 15-11-2025 09:35:40 AM [] []
[2025-11-15 09:45:47] SlimMonoLogger.INFO: Cron ran at: 15-11-2025 09:45:47 AM [] []
[2025-11-15 09:50:34] SlimMonoLogger.INFO: Cron ran at: 15-11-2025 09:50:34 AM [] []
[2025-11-15 09:55:35] SlimMonoLogger.INFO: Cron ran at: 15-11-2025 09:55:35 AM [] []
[2025-11-15 10:00:36] SlimMonoLogger.INFO: Cron ran at: 15-11-2025 10:00:36 AM [] []
[2025-11-15 10:05:39] SlimMonoLogger.INFO: Cron ran at: 15-11-2025 10:05:39 AM [] []
[2025-11-15 10:10:34] SlimMonoLogger.INFO: Cron ran at: 15-11-2025 10:10:34 AM [] []
[2025-11-15 10:15:38] SlimMonoLogger.INFO: Cron ran at: 15-11-2025 10:15:38 AM [] []
[2025-11-15 10:20:41] SlimMonoLogger.INFO: Cron ran at: 15-11-2025 10:20:41 AM [] []
[2025-11-15 10:25:36] SlimMonoLogger.INFO: Cron ran at: 15-11-2025 10:25:36 AM [] []
[2025-11-15 10:30:48] SlimMonoLogger.INFO: Cron ran at: 15-11-2025 10:30:48 AM [] []
[2025-11-15 10:35:39] SlimMonoLogger.INFO: Cron ran at: 15-11-2025 10:35:39 AM [] []
[2025-11-15 10:40:38] SlimMonoLogger.INFO: Cron ran at: 15-11-2025 10:40:38 AM [] []
[2025-11-15 10:45:39] SlimMonoLogger.INFO: Cron ran at: 15-11-2025 10:45:39 AM [] []
[2025-11-15 10:50:39] SlimMonoLogger.INFO: Cron ran at: 15-11-2025 10:50:39 AM [] []
[2025-11-15 10:55:40] SlimMonoLogger.INFO: Cron ran at: 15-11-2025 10:55:40 AM [] []
[2025-11-15 11:00:38] SlimMonoLogger.INFO: Cron ran at: 15-11-2025 11:00:38 AM [] []
[2025-11-15 11:05:36] SlimMonoLogger.INFO: Cron ran at: 15-11-2025 11:05:36 AM [] []
[2025-11-15 11:10:42] SlimMonoLogger.INFO: Cron ran at: 15-11-2025 11:10:42 AM [] []
[2025-11-15 11:15:36] SlimMonoLogger.INFO: Cron ran at: 15-11-2025 11:15:36 AM [] []
[2025-11-15 11:20:37] SlimMonoLogger.INFO: Cron ran at: 15-11-2025 11:20:37 AM [] []
[2025-11-15 11:25:36] SlimMonoLogger.INFO: Cron ran at: 15-11-2025 11:25:36 AM [] []
[2025-11-15 11:30:42] SlimMonoLogger.INFO: Cron ran at: 15-11-2025 11:30:42 AM [] []
[2025-11-15 11:35:39] SlimMonoLogger.INFO: Cron ran at: 15-11-2025 11:35:39 AM [] []
[2025-11-15 11:40:35] SlimMonoLogger.INFO: Cron ran at: 15-11-2025 11:40:35 AM [] []
[2025-11-15 11:45:42] SlimMonoLogger.INFO: Cron ran at: 15-11-2025 11:45:42 AM [] []
[2025-11-15 11:50:35] SlimMonoLogger.INFO: Cron ran at: 15-11-2025 11:50:35 AM [] []
[2025-11-15 11:55:35] SlimMonoLogger.INFO: Cron ran at: 15-11-2025 11:55:35 AM [] []
[2025-11-15 12:00:41] SlimMonoLogger.INFO: Cron ran at: 15-11-2025 12:00:41 PM [] []
[2025-11-15 12:05:37] SlimMonoLogger.INFO: Cron ran at: 15-11-2025 12:05:37 PM [] []
[2025-11-15 12:10:33] SlimMonoLogger.INFO: Cron ran at: 15-11-2025 12:10:33 PM [] []
[2025-11-15 12:15:36] SlimMonoLogger.INFO: Cron ran at: 15-11-2025 12:15:36 PM [] []
[2025-11-15 12:20:35] SlimMonoLogger.INFO: Cron ran at: 15-11-2025 12:20:35 PM [] []
[2025-11-15 12:25:36] SlimMonoLogger.INFO: Cron ran at: 15-11-2025 12:25:36 PM [] []
[2025-11-15 12:30:38] SlimMonoLogger.INFO: Cron ran at: 15-11-2025 12:30:38 PM [] []
[2025-11-15 12:35:32] SlimMonoLogger.INFO: Cron ran at: 15-11-2025 12:35:32 PM [] []
[2025-11-15 12:40:36] SlimMonoLogger.INFO: Cron ran at: 15-11-2025 12:40:36 PM [] []
[2025-11-15 12:45:35] SlimMonoLogger.INFO: Cron ran at: 15-11-2025 12:45:35 PM [] []
[2025-11-15 12:50:35] SlimMonoLogger.INFO: Cron ran at: 15-11-2025 12:50:35 PM [] []
[2025-11-15 12:55:39] SlimMonoLogger.INFO: Cron ran at: 15-11-2025 12:55:39 PM [] []
[2025-11-15 13:00:41] SlimMonoLogger.INFO: Cron ran at: 15-11-2025 01:00:41 PM [] []
[2025-11-15 13:05:40] SlimMonoLogger.INFO: Cron ran at: 15-11-2025 01:05:40 PM [] []
[2025-11-15 13:10:39] SlimMonoLogger.INFO: Cron ran at: 15-11-2025 01:10:39 PM [] []
[2025-11-15 13:15:37] SlimMonoLogger.INFO: Cron ran at: 15-11-2025 01:15:37 PM [] []
[2025-11-15 13:20:38] SlimMonoLogger.INFO: Cron ran at: 15-11-2025 01:20:38 PM [] []
[2025-11-15 13:25:38] SlimMonoLogger.INFO: Cron ran at: 15-11-2025 01:25:38 PM [] []
[2025-11-15 13:30:38] SlimMonoLogger.INFO: Cron ran at: 15-11-2025 01:30:38 PM [] []
[2025-11-15 13:35:32] SlimMonoLogger.INFO: Cron ran at: 15-11-2025 01:35:32 PM [] []
[2025-11-15 13:40:40] SlimMonoLogger.INFO: Cron ran at: 15-11-2025 01:40:40 PM [] []
[2025-11-15 13:45:41] SlimMonoLogger.INFO: Cron ran at: 15-11-2025 01:45:41 PM [] []
[2025-11-15 13:50:34] SlimMonoLogger.INFO: Cron ran at: 15-11-2025 01:50:34 PM [] []
[2025-11-15 13:55:35] SlimMonoLogger.INFO: Cron ran at: 15-11-2025 01:55:35 PM [] []
[2025-11-15 14:00:36] SlimMonoLogger.INFO: Cron ran at: 15-11-2025 02:00:36 PM [] []
[2025-11-15 14:05:42] SlimMonoLogger.INFO: Cron ran at: 15-11-2025 02:05:42 PM [] []
[2025-11-15 14:10:39] SlimMonoLogger.INFO: Cron ran at: 15-11-2025 02:10:39 PM [] []
[2025-11-15 14:15:32] SlimMonoLogger.INFO: Cron ran at: 15-11-2025 02:15:32 PM [] []
[2025-11-15 14:20:33] SlimMonoLogger.INFO: Cron ran at: 15-11-2025 02:20:33 PM [] []
[2025-11-15 14:25:35] SlimMonoLogger.INFO: Cron ran at: 15-11-2025 02:25:35 PM [] []
[2025-11-15 14:30:41] SlimMonoLogger.INFO: Cron ran at: 15-11-2025 02:30:41 PM [] []
[2025-11-15 14:35:39] SlimMonoLogger.INFO: Cron ran at: 15-11-2025 02:35:39 PM [] []
[2025-11-15 14:40:31] SlimMonoLogger.INFO: Cron ran at: 15-11-2025 02:40:31 PM [] []
[2025-11-15 14:45:40] SlimMonoLogger.INFO: Cron ran at: 15-11-2025 02:45:40 PM [] []
[2025-11-15 14:50:32] SlimMonoLogger.INFO: Cron ran at: 15-11-2025 02:50:32 PM [] []
[2025-11-15 14:55:34] SlimMonoLogger.INFO: Cron ran at: 15-11-2025 02:55:34 PM [] []
[2025-11-15 15:00:35] SlimMonoLogger.INFO: Cron ran at: 15-11-2025 03:00:35 PM [] []
[2025-11-15 15:05:39] SlimMonoLogger.INFO: Cron ran at: 15-11-2025 03:05:39 PM [] []
[2025-11-15 15:10:35] SlimMonoLogger.INFO: Cron ran at: 15-11-2025 03:10:35 PM [] []
[2025-11-15 15:15:39] SlimMonoLogger.INFO: Cron ran at: 15-11-2025 03:15:39 PM [] []
[2025-11-15 15:20:33] SlimMonoLogger.INFO: Cron ran at: 15-11-2025 03:20:33 PM [] []
[2025-11-15 15:25:40] SlimMonoLogger.INFO: Cron ran at: 15-11-2025 03:25:40 PM [] []
[2025-11-15 15:30:38] SlimMonoLogger.INFO: Cron ran at: 15-11-2025 03:30:38 PM [] []
[2025-11-15 15:35:43] SlimMonoLogger.INFO: Cron ran at: 15-11-2025 03:35:43 PM [] []
[2025-11-15 15:40:38] SlimMonoLogger.INFO: Cron ran at: 15-11-2025 03:40:38 PM [] []
[2025-11-15 15:45:39] SlimMonoLogger.INFO: Cron ran at: 15-11-2025 03:45:39 PM [] []
[2025-11-15 15:50:50] SlimMonoLogger.INFO: Cron ran at: 15-11-2025 03:50:50 PM [] []
[2025-11-15 15:55:41] SlimMonoLogger.INFO: Cron ran at: 15-11-2025 03:55:41 PM [] []
[2025-11-15 16:00:46] SlimMonoLogger.INFO: Cron ran at: 15-11-2025 04:00:46 PM [] []
[2025-11-15 16:05:37] SlimMonoLogger.INFO: Cron ran at: 15-11-2025 04:05:37 PM [] []
[2025-11-15 16:10:41] SlimMonoLogger.INFO: Cron ran at: 15-11-2025 04:10:41 PM [] []
[2025-11-15 16:15:46] SlimMonoLogger.INFO: Cron ran at: 15-11-2025 04:15:46 PM [] []
[2025-11-15 16:20:37] SlimMonoLogger.INFO: Cron ran at: 15-11-2025 04:20:37 PM [] []
[2025-11-15 16:25:34] SlimMonoLogger.INFO: Cron ran at: 15-11-2025 04:25:34 PM [] []
[2025-11-15 16:31:07] SlimMonoLogger.INFO: Cron ran at: 15-11-2025 04:31:07 PM [] []
[2025-11-15 16:35:39] SlimMonoLogger.INFO: Cron ran at: 15-11-2025 04:35:39 PM [] []
[2025-11-15 16:41:24] SlimMonoLogger.INFO: Cron ran at: 15-11-2025 04:41:24 PM [] []
[2025-11-15 16:45:40] SlimMonoLogger.INFO: Cron ran at: 15-11-2025 04:45:40 PM [] []
[2025-11-15 16:50:38] SlimMonoLogger.INFO: Cron ran at: 15-11-2025 04:50:38 PM [] []
[2025-11-15 16:55:36] SlimMonoLogger.INFO: Cron ran at: 15-11-2025 04:55:36 PM [] []
[2025-11-15 17:00:52] SlimMonoLogger.INFO: Cron ran at: 15-11-2025 05:00:52 PM [] []
[2025-11-15 17:05:35] SlimMonoLogger.INFO: Cron ran at: 15-11-2025 05:05:35 PM [] []
[2025-11-15 17:10:38] SlimMonoLogger.INFO: Cron ran at: 15-11-2025 05:10:38 PM [] []
[2025-11-15 17:15:42] SlimMonoLogger.INFO: Cron ran at: 15-11-2025 05:15:42 PM [] []
[2025-11-15 17:20:37] SlimMonoLogger.INFO: Cron ran at: 15-11-2025 05:20:37 PM [] []
[2025-11-15 17:25:37] SlimMonoLogger.INFO: Cron ran at: 15-11-2025 05:25:37 PM [] []
[2025-11-15 17:30:46] SlimMonoLogger.INFO: Cron ran at: 15-11-2025 05:30:46 PM [] []
[2025-11-15 17:35:37] SlimMonoLogger.INFO: Cron ran at: 15-11-2025 05:35:37 PM [] []
[2025-11-15 17:40:36] SlimMonoLogger.INFO: Cron ran at: 15-11-2025 05:40:36 PM [] []
[2025-11-15 17:45:40] SlimMonoLogger.INFO: Cron ran at: 15-11-2025 05:45:40 PM [] []
[2025-11-15 17:50:36] SlimMonoLogger.INFO: Cron ran at: 15-11-2025 05:50:36 PM [] []
[2025-11-15 17:55:40] SlimMonoLogger.INFO: Cron ran at: 15-11-2025 05:55:40 PM [] []
[2025-11-15 18:00:42] SlimMonoLogger.INFO: Cron ran at: 15-11-2025 06:00:42 PM [] []
[2025-11-15 18:05:48] SlimMonoLogger.INFO: Cron ran at: 15-11-2025 06:05:48 PM [] []
[2025-11-15 18:10:40] SlimMonoLogger.INFO: Cron ran at: 15-11-2025 06:10:40 PM [] []
[2025-11-15 18:15:35] SlimMonoLogger.INFO: Cron ran at: 15-11-2025 06:15:35 PM [] []
[2025-11-15 18:20:34] SlimMonoLogger.INFO: Cron ran at: 15-11-2025 06:20:34 PM [] []
[2025-11-15 18:25:34] SlimMonoLogger.INFO: Cron ran at: 15-11-2025 06:25:34 PM [] []
[2025-11-15 18:30:39] SlimMonoLogger.INFO: Cron ran at: 15-11-2025 06:30:39 PM [] []
[2025-11-15 18:35:36] SlimMonoLogger.INFO: Cron ran at: 15-11-2025 06:35:36 PM [] []
[2025-11-15 18:40:51] SlimMonoLogger.INFO: Cron ran at: 15-11-2025 06:40:51 PM [] []
[2025-11-15 18:45:43] SlimMonoLogger.INFO: Cron ran at: 15-11-2025 06:45:43 PM [] []
[2025-11-15 18:50:39] SlimMonoLogger.INFO: Cron ran at: 15-11-2025 06:50:39 PM [] []
[2025-11-15 18:55:33] SlimMonoLogger.INFO: Cron ran at: 15-11-2025 06:55:33 PM [] []
[2025-11-15 19:00:36] SlimMonoLogger.INFO: Cron ran at: 15-11-2025 07:00:36 PM [] []
[2025-11-15 19:05:36] SlimMonoLogger.INFO: Cron ran at: 15-11-2025 07:05:36 PM [] []
[2025-11-15 19:10:33] SlimMonoLogger.INFO: Cron ran at: 15-11-2025 07:10:33 PM [] []
[2025-11-15 19:15:35] SlimMonoLogger.INFO: Cron ran at: 15-11-2025 07:15:35 PM [] []
[2025-11-15 19:20:34] SlimMonoLogger.INFO: Cron ran at: 15-11-2025 07:20:34 PM [] []
[2025-11-15 19:25:37] SlimMonoLogger.INFO: Cron ran at: 15-11-2025 07:25:37 PM [] []
[2025-11-15 19:30:43] SlimMonoLogger.INFO: Cron ran at: 15-11-2025 07:30:43 PM [] []
[2025-11-15 19:35:37] SlimMonoLogger.INFO: Cron ran at: 15-11-2025 07:35:37 PM [] []
[2025-11-15 19:40:39] SlimMonoLogger.INFO: Cron ran at: 15-11-2025 07:40:39 PM [] []
[2025-11-15 19:45:39] SlimMonoLogger.INFO: Cron ran at: 15-11-2025 07:45:39 PM [] []
[2025-11-15 19:50:37] SlimMonoLogger.INFO: Cron ran at: 15-11-2025 07:50:37 PM [] []
[2025-11-15 19:55:36] SlimMonoLogger.INFO: Cron ran at: 15-11-2025 07:55:36 PM [] []
[2025-11-15 20:00:36] SlimMonoLogger.INFO: Cron ran at: 15-11-2025 08:00:36 PM [] []
[2025-11-15 20:05:33] SlimMonoLogger.INFO: Cron ran at: 15-11-2025 08:05:33 PM [] []
[2025-11-15 20:10:32] SlimMonoLogger.INFO: Cron ran at: 15-11-2025 08:10:32 PM [] []
[2025-11-15 20:15:37] SlimMonoLogger.INFO: Cron ran at: 15-11-2025 08:15:37 PM [] []
[2025-11-15 20:20:52] SlimMonoLogger.INFO: Cron ran at: 15-11-2025 08:20:52 PM [] []
[2025-11-15 20:25:39] SlimMonoLogger.INFO: Cron ran at: 15-11-2025 08:25:39 PM [] []
[2025-11-15 20:30:37] SlimMonoLogger.INFO: Cron ran at: 15-11-2025 08:30:37 PM [] []
[2025-11-15 20:35:39] SlimMonoLogger.INFO: Cron ran at: 15-11-2025 08:35:39 PM [] []
[2025-11-15 20:40:38] SlimMonoLogger.INFO: Cron ran at: 15-11-2025 08:40:38 PM [] []
[2025-11-15 20:45:37] SlimMonoLogger.INFO: Cron ran at: 15-11-2025 08:45:37 PM [] []
[2025-11-15 20:50:35] SlimMonoLogger.INFO: Cron ran at: 15-11-2025 08:50:35 PM [] []
[2025-11-15 20:55:41] SlimMonoLogger.INFO: Cron ran at: 15-11-2025 08:55:41 PM [] []
[2025-11-15 21:00:37] SlimMonoLogger.INFO: Cron ran at: 15-11-2025 09:00:37 PM [] []
[2025-11-15 21:05:34] SlimMonoLogger.INFO: Cron ran at: 15-11-2025 09:05:34 PM [] []
[2025-11-15 21:10:38] SlimMonoLogger.INFO: Cron ran at: 15-11-2025 09:10:38 PM [] []
[2025-11-15 21:15:33] SlimMonoLogger.INFO: Cron ran at: 15-11-2025 09:15:33 PM [] []
[2025-11-15 21:20:36] SlimMonoLogger.INFO: Cron ran at: 15-11-2025 09:20:36 PM [] []
[2025-11-15 21:25:35] SlimMonoLogger.INFO: Cron ran at: 15-11-2025 09:25:35 PM [] []
[2025-11-15 21:30:38] SlimMonoLogger.INFO: Cron ran at: 15-11-2025 09:30:38 PM [] []
[2025-11-15 21:35:54] SlimMonoLogger.INFO: Cron ran at: 15-11-2025 09:35:54 PM [] []
[2025-11-15 21:40:33] SlimMonoLogger.INFO: Cron ran at: 15-11-2025 09:40:33 PM [] []
[2025-11-15 21:45:38] SlimMonoLogger.INFO: Cron ran at: 15-11-2025 09:45:38 PM [] []
[2025-11-15 21:50:37] SlimMonoLogger.INFO: Cron ran at: 15-11-2025 09:50:37 PM [] []
[2025-11-15 21:55:38] SlimMonoLogger.INFO: Cron ran at: 15-11-2025 09:55:38 PM [] []
[2025-11-15 22:00:36] SlimMonoLogger.INFO: Cron ran at: 15-11-2025 10:00:36 PM [] []
[2025-11-15 22:05:35] SlimMonoLogger.INFO: Cron ran at: 15-11-2025 10:05:35 PM [] []
[2025-11-15 22:10:35] SlimMonoLogger.INFO: Cron ran at: 15-11-2025 10:10:35 PM [] []
[2025-11-15 22:15:41] SlimMonoLogger.INFO: Cron ran at: 15-11-2025 10:15:41 PM [] []
[2025-11-15 22:20:39] SlimMonoLogger.INFO: Cron ran at: 15-11-2025 10:20:39 PM [] []
[2025-11-15 22:25:34] SlimMonoLogger.INFO: Cron ran at: 15-11-2025 10:25:34 PM [] []
[2025-11-15 22:30:34] SlimMonoLogger.INFO: Cron ran at: 15-11-2025 10:30:34 PM [] []
[2025-11-15 22:35:34] SlimMonoLogger.INFO: Cron ran at: 15-11-2025 10:35:34 PM [] []
[2025-11-15 22:40:37] SlimMonoLogger.INFO: Cron ran at: 15-11-2025 10:40:37 PM [] []
[2025-11-15 22:45:34] SlimMonoLogger.INFO: Cron ran at: 15-11-2025 10:45:34 PM [] []
[2025-11-15 22:50:32] SlimMonoLogger.INFO: Cron ran at: 15-11-2025 10:50:32 PM [] []
[2025-11-15 22:55:33] SlimMonoLogger.INFO: Cron ran at: 15-11-2025 10:55:33 PM [] []
[2025-11-15 23:00:35] SlimMonoLogger.INFO: Cron ran at: 15-11-2025 11:00:35 PM [] []
[2025-11-15 23:05:32] SlimMonoLogger.INFO: Cron ran at: 15-11-2025 11:05:32 PM [] []
[2025-11-15 23:10:34] SlimMonoLogger.INFO: Cron ran at: 15-11-2025 11:10:34 PM [] []
[2025-11-15 23:15:35] SlimMonoLogger.INFO: Cron ran at: 15-11-2025 11:15:35 PM [] []
[2025-11-15 23:20:36] SlimMonoLogger.INFO: Cron ran at: 15-11-2025 11:20:36 PM [] []
[2025-11-15 23:25:35] SlimMonoLogger.INFO: Cron ran at: 15-11-2025 11:25:35 PM [] []
[2025-11-15 23:30:40] SlimMonoLogger.INFO: Cron ran at: 15-11-2025 11:30:40 PM [] []
[2025-11-15 23:35:56] SlimMonoLogger.INFO: Cron ran at: 15-11-2025 11:35:56 PM [] []
[2025-11-15 23:40:34] SlimMonoLogger.INFO: Cron ran at: 15-11-2025 11:40:34 PM [] []
[2025-11-15 23:45:35] SlimMonoLogger.INFO: Cron ran at: 15-11-2025 11:45:35 PM [] []
[2025-11-15 23:50:36] SlimMonoLogger.INFO: Cron ran at: 15-11-2025 11:50:36 PM [] []
[2025-11-15 23:55:34] SlimMonoLogger.INFO: Cron ran at: 15-11-2025 11:55:34 PM [] []
[2025-11-16 00:00:34] SlimMonoLogger.INFO: Cron ran at: 16-11-2025 12:00:34 AM [] []
[2025-11-16 00:05:41] SlimMonoLogger.INFO: Cron ran at: 16-11-2025 12:05:41 AM [] []
[2025-11-16 00:10:35] SlimMonoLogger.INFO: Cron ran at: 16-11-2025 12:10:35 AM [] []
[2025-11-16 00:15:35] SlimMonoLogger.INFO: Cron ran at: 16-11-2025 12:15:35 AM [] []
[2025-11-16 00:20:33] SlimMonoLogger.INFO: Cron ran at: 16-11-2025 12:20:33 AM [] []
[2025-11-16 00:25:37] SlimMonoLogger.INFO: Cron ran at: 16-11-2025 12:25:37 AM [] []
[2025-11-16 00:30:41] SlimMonoLogger.INFO: Cron ran at: 16-11-2025 12:30:41 AM [] []
[2025-11-16 00:35:39] SlimMonoLogger.INFO: Cron ran at: 16-11-2025 12:35:39 AM [] []
[2025-11-16 00:40:36] SlimMonoLogger.INFO: Cron ran at: 16-11-2025 12:40:36 AM [] []
[2025-11-16 00:45:36] SlimMonoLogger.INFO: Cron ran at: 16-11-2025 12:45:36 AM [] []
[2025-11-16 00:50:35] SlimMonoLogger.INFO: Cron ran at: 16-11-2025 12:50:35 AM [] []
[2025-11-16 00:55:35] SlimMonoLogger.INFO: Cron ran at: 16-11-2025 12:55:35 AM [] []
