[2025-03-16 01:00:34] SlimMonoLogger.INFO: Cron ran at: 16-03-2025 01:00:34 AM [] []
[2025-03-16 01:05:31] SlimMonoLogger.INFO: Cron ran at: 16-03-2025 01:05:31 AM [] []
[2025-03-16 01:10:31] SlimMonoLogger.INFO: Cron ran at: 16-03-2025 01:10:31 AM [] []
[2025-03-16 01:15:30] SlimMonoLogger.INFO: Cron ran at: 16-03-2025 01:15:30 AM [] []
[2025-03-16 01:20:29] SlimMonoLogger.INFO: Cron ran at: 16-03-2025 01:20:29 AM [] []
[2025-03-16 01:25:28] SlimMonoLogger.INFO: Cron ran at: 16-03-2025 01:25:28 AM [] []
[2025-03-16 01:30:30] SlimMonoLogger.INFO: Cron ran at: 16-03-2025 01:30:30 AM [] []
[2025-03-16 01:35:26] SlimMonoLogger.INFO: Cron ran at: 16-03-2025 01:35:26 AM [] []
[2025-03-16 01:40:28] SlimMonoLogger.INFO: Cron ran at: 16-03-2025 01:40:28 AM [] []
[2025-03-16 01:45:33] SlimMonoLogger.INFO: Cron ran at: 16-03-2025 01:45:33 AM [] []
[2025-03-16 01:50:31] SlimMonoLogger.INFO: Cron ran at: 16-03-2025 01:50:31 AM [] []
[2025-03-16 01:55:26] SlimMonoLogger.INFO: Cron ran at: 16-03-2025 01:55:26 AM [] []
[2025-03-16 02:00:31] SlimMonoLogger.INFO: Cron ran at: 16-03-2025 02:00:31 AM [] []
[2025-03-16 02:05:41] SlimMonoLogger.INFO: Cron ran at: 16-03-2025 02:05:41 AM [] []
[2025-03-16 02:10:28] SlimMonoLogger.INFO: Cron ran at: 16-03-2025 02:10:28 AM [] []
[2025-03-16 02:15:27] SlimMonoLogger.INFO: Cron ran at: 16-03-2025 02:15:27 AM [] []
[2025-03-16 02:20:30] SlimMonoLogger.INFO: Cron ran at: 16-03-2025 02:20:30 AM [] []
[2025-03-16 02:25:25] SlimMonoLogger.INFO: Cron ran at: 16-03-2025 02:25:25 AM [] []
[2025-03-16 02:30:33] SlimMonoLogger.INFO: Cron ran at: 16-03-2025 02:30:33 AM [] []
[2025-03-16 02:35:30] SlimMonoLogger.INFO: Cron ran at: 16-03-2025 02:35:30 AM [] []
[2025-03-16 02:40:27] SlimMonoLogger.INFO: Cron ran at: 16-03-2025 02:40:27 AM [] []
[2025-03-16 02:45:27] SlimMonoLogger.INFO: Cron ran at: 16-03-2025 02:45:27 AM [] []
[2025-03-16 02:50:24] SlimMonoLogger.INFO: Cron ran at: 16-03-2025 02:50:24 AM [] []
[2025-03-16 02:55:25] SlimMonoLogger.INFO: Cron ran at: 16-03-2025 02:55:25 AM [] []
[2025-03-16 03:00:29] SlimMonoLogger.INFO: Cron ran at: 16-03-2025 03:00:29 AM [] []
[2025-03-16 03:05:26] SlimMonoLogger.INFO: Cron ran at: 16-03-2025 03:05:26 AM [] []
[2025-03-16 03:10:27] SlimMonoLogger.INFO: Cron ran at: 16-03-2025 03:10:27 AM [] []
[2025-03-16 03:15:33] SlimMonoLogger.INFO: Cron ran at: 16-03-2025 03:15:33 AM [] []
[2025-03-16 03:20:26] SlimMonoLogger.INFO: Cron ran at: 16-03-2025 03:20:26 AM [] []
[2025-03-16 03:25:23] SlimMonoLogger.INFO: Cron ran at: 16-03-2025 03:25:23 AM [] []
[2025-03-16 03:30:31] SlimMonoLogger.INFO: Cron ran at: 16-03-2025 03:30:31 AM [] []
[2025-03-16 03:35:23] SlimMonoLogger.INFO: Cron ran at: 16-03-2025 03:35:23 AM [] []
[2025-03-16 03:40:26] SlimMonoLogger.INFO: Cron ran at: 16-03-2025 03:40:26 AM [] []
[2025-03-16 03:45:25] SlimMonoLogger.INFO: Cron ran at: 16-03-2025 03:45:25 AM [] []
[2025-03-16 03:50:29] SlimMonoLogger.INFO: Cron ran at: 16-03-2025 03:50:29 AM [] []
[2025-03-16 03:55:29] SlimMonoLogger.INFO: Cron ran at: 16-03-2025 03:55:29 AM [] []
[2025-03-16 04:00:36] SlimMonoLogger.INFO: Cron ran at: 16-03-2025 04:00:36 AM [] []
[2025-03-16 04:05:28] SlimMonoLogger.INFO: Cron ran at: 16-03-2025 04:05:28 AM [] []
[2025-03-16 04:10:25] SlimMonoLogger.INFO: Cron ran at: 16-03-2025 04:10:25 AM [] []
[2025-03-16 04:15:31] SlimMonoLogger.INFO: Cron ran at: 16-03-2025 04:15:31 AM [] []
[2025-03-16 04:20:33] SlimMonoLogger.INFO: Cron ran at: 16-03-2025 04:20:33 AM [] []
[2025-03-16 04:25:26] SlimMonoLogger.INFO: Cron ran at: 16-03-2025 04:25:26 AM [] []
[2025-03-16 04:30:34] SlimMonoLogger.INFO: Cron ran at: 16-03-2025 04:30:34 AM [] []
[2025-03-16 04:38:25] SlimMonoLogger.INFO: Cron ran at: 16-03-2025 04:38:25 AM [] []
[2025-03-16 04:41:54] SlimMonoLogger.INFO: Cron ran at: 16-03-2025 04:41:54 AM [] []
[2025-03-16 04:48:58] SlimMonoLogger.INFO: Cron ran at: 16-03-2025 04:48:58 AM [] []
[2025-03-16 04:51:30] SlimMonoLogger.INFO: Cron ran at: 16-03-2025 04:51:30 AM [] []
[2025-03-16 04:55:27] SlimMonoLogger.INFO: Cron ran at: 16-03-2025 04:55:27 AM [] []
[2025-03-16 05:00:31] SlimMonoLogger.INFO: Cron ran at: 16-03-2025 05:00:31 AM [] []
[2025-03-16 05:05:29] SlimMonoLogger.INFO: Cron ran at: 16-03-2025 05:05:29 AM [] []
[2025-03-16 05:10:26] SlimMonoLogger.INFO: Cron ran at: 16-03-2025 05:10:26 AM [] []
[2025-03-16 05:15:27] SlimMonoLogger.INFO: Cron ran at: 16-03-2025 05:15:27 AM [] []
[2025-03-16 05:20:25] SlimMonoLogger.INFO: Cron ran at: 16-03-2025 05:20:25 AM [] []
[2025-03-16 05:25:30] SlimMonoLogger.INFO: Cron ran at: 16-03-2025 05:25:30 AM [] []
[2025-03-16 05:30:28] SlimMonoLogger.INFO: Cron ran at: 16-03-2025 05:30:28 AM [] []
[2025-03-16 05:35:24] SlimMonoLogger.INFO: Cron ran at: 16-03-2025 05:35:24 AM [] []
[2025-03-16 05:40:26] SlimMonoLogger.INFO: Cron ran at: 16-03-2025 05:40:26 AM [] []
[2025-03-16 05:45:26] SlimMonoLogger.INFO: Cron ran at: 16-03-2025 05:45:26 AM [] []
[2025-03-16 05:50:26] SlimMonoLogger.INFO: Cron ran at: 16-03-2025 05:50:26 AM [] []
[2025-03-16 05:55:25] SlimMonoLogger.INFO: Cron ran at: 16-03-2025 05:55:25 AM [] []
[2025-03-16 06:00:27] SlimMonoLogger.INFO: Cron ran at: 16-03-2025 06:00:27 AM [] []
[2025-03-16 06:05:26] SlimMonoLogger.INFO: Cron ran at: 16-03-2025 06:05:26 AM [] []
[2025-03-16 06:10:29] SlimMonoLogger.INFO: Cron ran at: 16-03-2025 06:10:29 AM [] []
[2025-03-16 06:15:27] SlimMonoLogger.INFO: Cron ran at: 16-03-2025 06:15:27 AM [] []
[2025-03-16 06:20:28] SlimMonoLogger.INFO: Cron ran at: 16-03-2025 06:20:28 AM [] []
[2025-03-16 06:25:26] SlimMonoLogger.INFO: Cron ran at: 16-03-2025 06:25:26 AM [] []
[2025-03-16 06:30:29] SlimMonoLogger.INFO: Cron ran at: 16-03-2025 06:30:29 AM [] []
[2025-03-16 06:35:35] SlimMonoLogger.INFO: Cron ran at: 16-03-2025 06:35:35 AM [] []
[2025-03-16 06:40:28] SlimMonoLogger.INFO: Cron ran at: 16-03-2025 06:40:28 AM [] []
[2025-03-16 06:45:32] SlimMonoLogger.INFO: Cron ran at: 16-03-2025 06:45:32 AM [] []
[2025-03-16 06:50:28] SlimMonoLogger.INFO: Cron ran at: 16-03-2025 06:50:28 AM [] []
[2025-03-16 06:55:26] SlimMonoLogger.INFO: Cron ran at: 16-03-2025 06:55:26 AM [] []
[2025-03-16 07:00:28] SlimMonoLogger.INFO: Cron ran at: 16-03-2025 07:00:28 AM [] []
[2025-03-16 07:05:32] SlimMonoLogger.INFO: Cron ran at: 16-03-2025 07:05:32 AM [] []
[2025-03-16 07:10:34] SlimMonoLogger.INFO: Cron ran at: 16-03-2025 07:10:34 AM [] []
[2025-03-16 07:15:38] SlimMonoLogger.INFO: Cron ran at: 16-03-2025 07:15:38 AM [] []
[2025-03-16 07:20:30] SlimMonoLogger.INFO: Cron ran at: 16-03-2025 07:20:30 AM [] []
[2025-03-16 07:25:29] SlimMonoLogger.INFO: Cron ran at: 16-03-2025 07:25:29 AM [] []
[2025-03-16 07:30:34] SlimMonoLogger.INFO: Cron ran at: 16-03-2025 07:30:34 AM [] []
[2025-03-16 07:35:32] SlimMonoLogger.INFO: Cron ran at: 16-03-2025 07:35:32 AM [] []
[2025-03-16 07:40:31] SlimMonoLogger.INFO: Cron ran at: 16-03-2025 07:40:31 AM [] []
[2025-03-16 07:45:32] SlimMonoLogger.INFO: Cron ran at: 16-03-2025 07:45:32 AM [] []
[2025-03-16 07:50:32] SlimMonoLogger.INFO: Cron ran at: 16-03-2025 07:50:32 AM [] []
[2025-03-16 07:55:27] SlimMonoLogger.INFO: Cron ran at: 16-03-2025 07:55:27 AM [] []
[2025-03-16 08:00:25] SlimMonoLogger.INFO: Cron ran at: 16-03-2025 08:00:25 AM [] []
[2025-03-16 08:05:26] SlimMonoLogger.INFO: Cron ran at: 16-03-2025 08:05:26 AM [] []
[2025-03-16 08:10:29] SlimMonoLogger.INFO: Cron ran at: 16-03-2025 08:10:29 AM [] []
[2025-03-16 08:15:28] SlimMonoLogger.INFO: Cron ran at: 16-03-2025 08:15:28 AM [] []
[2025-03-16 08:20:29] SlimMonoLogger.INFO: Cron ran at: 16-03-2025 08:20:29 AM [] []
[2025-03-16 08:25:34] SlimMonoLogger.INFO: Cron ran at: 16-03-2025 08:25:34 AM [] []
[2025-03-16 08:30:37] SlimMonoLogger.INFO: Cron ran at: 16-03-2025 08:30:37 AM [] []
[2025-03-16 08:35:30] SlimMonoLogger.INFO: Cron ran at: 16-03-2025 08:35:30 AM [] []
[2025-03-16 08:40:30] SlimMonoLogger.INFO: Cron ran at: 16-03-2025 08:40:30 AM [] []
[2025-03-16 08:45:32] SlimMonoLogger.INFO: Cron ran at: 16-03-2025 08:45:32 AM [] []
[2025-03-16 08:50:25] SlimMonoLogger.INFO: Cron ran at: 16-03-2025 08:50:25 AM [] []
[2025-03-16 08:55:37] SlimMonoLogger.INFO: Cron ran at: 16-03-2025 08:55:37 AM [] []
[2025-03-16 09:00:40] SlimMonoLogger.INFO: Cron ran at: 16-03-2025 09:00:40 AM [] []
[2025-03-16 09:05:33] SlimMonoLogger.INFO: Cron ran at: 16-03-2025 09:05:33 AM [] []
[2025-03-16 09:10:30] SlimMonoLogger.INFO: Cron ran at: 16-03-2025 09:10:30 AM [] []
[2025-03-16 09:15:37] SlimMonoLogger.INFO: Cron ran at: 16-03-2025 09:15:37 AM [] []
[2025-03-16 09:20:32] SlimMonoLogger.INFO: Cron ran at: 16-03-2025 09:20:32 AM [] []
[2025-03-16 09:25:38] SlimMonoLogger.INFO: Cron ran at: 16-03-2025 09:25:38 AM [] []
[2025-03-16 09:30:35] SlimMonoLogger.INFO: Cron ran at: 16-03-2025 09:30:35 AM [] []
[2025-03-16 09:35:31] SlimMonoLogger.INFO: Cron ran at: 16-03-2025 09:35:31 AM [] []
[2025-03-16 09:40:48] SlimMonoLogger.INFO: Cron ran at: 16-03-2025 09:40:48 AM [] []
[2025-03-16 09:45:33] SlimMonoLogger.INFO: Cron ran at: 16-03-2025 09:45:33 AM [] []
[2025-03-16 09:50:36] SlimMonoLogger.INFO: Cron ran at: 16-03-2025 09:50:36 AM [] []
[2025-03-16 09:55:34] SlimMonoLogger.INFO: Cron ran at: 16-03-2025 09:55:34 AM [] []
[2025-03-16 10:00:38] SlimMonoLogger.INFO: Cron ran at: 16-03-2025 10:00:38 AM [] []
[2025-03-16 10:05:33] SlimMonoLogger.INFO: Cron ran at: 16-03-2025 10:05:33 AM [] []
[2025-03-16 10:10:40] SlimMonoLogger.INFO: Cron ran at: 16-03-2025 10:10:40 AM [] []
[2025-03-16 10:15:35] SlimMonoLogger.INFO: Cron ran at: 16-03-2025 10:15:35 AM [] []
[2025-03-16 10:20:39] SlimMonoLogger.INFO: Cron ran at: 16-03-2025 10:20:39 AM [] []
[2025-03-16 10:25:35] SlimMonoLogger.INFO: Cron ran at: 16-03-2025 10:25:35 AM [] []
[2025-03-16 10:30:36] SlimMonoLogger.INFO: Cron ran at: 16-03-2025 10:30:36 AM [] []
[2025-03-16 10:35:25] SlimMonoLogger.INFO: Cron ran at: 16-03-2025 10:35:25 AM [] []
[2025-03-16 10:40:29] SlimMonoLogger.INFO: Cron ran at: 16-03-2025 10:40:29 AM [] []
[2025-03-16 10:45:36] SlimMonoLogger.INFO: Cron ran at: 16-03-2025 10:45:36 AM [] []
[2025-03-16 10:50:33] SlimMonoLogger.INFO: Cron ran at: 16-03-2025 10:50:33 AM [] []
[2025-03-16 10:55:34] SlimMonoLogger.INFO: Cron ran at: 16-03-2025 10:55:34 AM [] []
[2025-03-16 11:00:36] SlimMonoLogger.INFO: Cron ran at: 16-03-2025 11:00:36 AM [] []
[2025-03-16 11:05:47] SlimMonoLogger.INFO: Cron ran at: 16-03-2025 11:05:47 AM [] []
[2025-03-16 11:10:29] SlimMonoLogger.INFO: Cron ran at: 16-03-2025 11:10:29 AM [] []
[2025-03-16 11:15:30] SlimMonoLogger.INFO: Cron ran at: 16-03-2025 11:15:30 AM [] []
[2025-03-16 11:20:29] SlimMonoLogger.INFO: Cron ran at: 16-03-2025 11:20:29 AM [] []
[2025-03-16 11:25:28] SlimMonoLogger.INFO: Cron ran at: 16-03-2025 11:25:28 AM [] []
[2025-03-16 11:30:35] SlimMonoLogger.INFO: Cron ran at: 16-03-2025 11:30:35 AM [] []
[2025-03-16 11:35:30] SlimMonoLogger.INFO: Cron ran at: 16-03-2025 11:35:30 AM [] []
[2025-03-16 11:40:35] SlimMonoLogger.INFO: Cron ran at: 16-03-2025 11:40:35 AM [] []
[2025-03-16 11:45:33] SlimMonoLogger.INFO: Cron ran at: 16-03-2025 11:45:33 AM [] []
[2025-03-16 11:50:29] SlimMonoLogger.INFO: Cron ran at: 16-03-2025 11:50:29 AM [] []
[2025-03-16 11:55:35] SlimMonoLogger.INFO: Cron ran at: 16-03-2025 11:55:35 AM [] []
[2025-03-16 12:00:37] SlimMonoLogger.INFO: Cron ran at: 16-03-2025 12:00:37 PM [] []
[2025-03-16 12:05:26] SlimMonoLogger.INFO: Cron ran at: 16-03-2025 12:05:26 PM [] []
[2025-03-16 12:10:28] SlimMonoLogger.INFO: Cron ran at: 16-03-2025 12:10:28 PM [] []
[2025-03-16 12:15:33] SlimMonoLogger.INFO: Cron ran at: 16-03-2025 12:15:33 PM [] []
[2025-03-16 12:20:38] SlimMonoLogger.INFO: Cron ran at: 16-03-2025 12:20:38 PM [] []
[2025-03-16 12:25:32] SlimMonoLogger.INFO: Cron ran at: 16-03-2025 12:25:32 PM [] []
[2025-03-16 12:30:30] SlimMonoLogger.INFO: Cron ran at: 16-03-2025 12:30:30 PM [] []
[2025-03-16 12:35:28] SlimMonoLogger.INFO: Cron ran at: 16-03-2025 12:35:28 PM [] []
[2025-03-16 12:40:29] SlimMonoLogger.INFO: Cron ran at: 16-03-2025 12:40:29 PM [] []
[2025-03-16 12:45:28] SlimMonoLogger.INFO: Cron ran at: 16-03-2025 12:45:28 PM [] []
[2025-03-16 12:50:36] SlimMonoLogger.INFO: Cron ran at: 16-03-2025 12:50:36 PM [] []
[2025-03-16 12:55:30] SlimMonoLogger.INFO: Cron ran at: 16-03-2025 12:55:30 PM [] []
[2025-03-16 13:00:38] SlimMonoLogger.INFO: Cron ran at: 16-03-2025 01:00:38 PM [] []
[2025-03-16 13:05:28] SlimMonoLogger.INFO: Cron ran at: 16-03-2025 01:05:28 PM [] []
[2025-03-16 13:10:28] SlimMonoLogger.INFO: Cron ran at: 16-03-2025 01:10:28 PM [] []
[2025-03-16 13:15:41] SlimMonoLogger.INFO: Cron ran at: 16-03-2025 01:15:41 PM [] []
[2025-03-16 13:20:42] SlimMonoLogger.INFO: Cron ran at: 16-03-2025 01:20:42 PM [] []
[2025-03-16 13:25:38] SlimMonoLogger.INFO: Cron ran at: 16-03-2025 01:25:38 PM [] []
[2025-03-16 13:30:34] SlimMonoLogger.INFO: Cron ran at: 16-03-2025 01:30:34 PM [] []
[2025-03-16 13:35:31] SlimMonoLogger.INFO: Cron ran at: 16-03-2025 01:35:31 PM [] []
[2025-03-16 13:40:31] SlimMonoLogger.INFO: Cron ran at: 16-03-2025 01:40:31 PM [] []
[2025-03-16 13:45:36] SlimMonoLogger.INFO: Cron ran at: 16-03-2025 01:45:36 PM [] []
[2025-03-16 13:50:48] SlimMonoLogger.INFO: Cron ran at: 16-03-2025 01:50:48 PM [] []
[2025-03-16 13:55:29] SlimMonoLogger.INFO: Cron ran at: 16-03-2025 01:55:29 PM [] []
[2025-03-16 14:00:33] SlimMonoLogger.INFO: Cron ran at: 16-03-2025 02:00:33 PM [] []
[2025-03-16 14:05:39] SlimMonoLogger.INFO: Cron ran at: 16-03-2025 02:05:39 PM [] []
[2025-03-16 14:13:42] SlimMonoLogger.INFO: Cron ran at: 16-03-2025 02:13:42 PM [] []
[2025-03-16 14:15:51] SlimMonoLogger.INFO: Cron ran at: 16-03-2025 02:15:51 PM [] []
[2025-03-16 14:20:52] SlimMonoLogger.INFO: Cron ran at: 16-03-2025 02:20:52 PM [] []
[2025-03-16 14:25:41] SlimMonoLogger.INFO: Cron ran at: 16-03-2025 02:25:41 PM [] []
[2025-03-16 14:30:35] SlimMonoLogger.INFO: Cron ran at: 16-03-2025 02:30:35 PM [] []
[2025-03-16 14:35:33] SlimMonoLogger.INFO: Cron ran at: 16-03-2025 02:35:33 PM [] []
[2025-03-16 14:40:38] SlimMonoLogger.INFO: Cron ran at: 16-03-2025 02:40:38 PM [] []
[2025-03-16 14:45:37] SlimMonoLogger.INFO: Cron ran at: 16-03-2025 02:45:37 PM [] []
[2025-03-16 14:50:43] SlimMonoLogger.INFO: Cron ran at: 16-03-2025 02:50:43 PM [] []
[2025-03-16 14:55:27] SlimMonoLogger.INFO: Cron ran at: 16-03-2025 02:55:27 PM [] []
[2025-03-16 15:00:41] SlimMonoLogger.INFO: Cron ran at: 16-03-2025 03:00:41 PM [] []
[2025-03-16 15:07:21] SlimMonoLogger.ERROR: Requests_Exception: cURL error 28: Failed to connect to antropol.mk port 443 after 128307 ms: Could not connect to server in /home/latihtal/public_html/agregator1/src/vendor/rmccue/requests/library/Requests/Transport/cURL.php:422
Stack trace:
#0 /home/latihtal/public_html/agregator1/src/vendor/rmccue/requests/library/Requests/Transport/cURL.php(177): Requests_Transport_cURL->process_response()
#1 /home/latihtal/public_html/agregator1/src/vendor/rmccue/requests/library/Requests.php(379): Requests_Transport_cURL->request()
#2 /home/latihtal/public_html/agregator1/src/vendor/rmccue/requests/library/Requests/Session.php(205): Requests::request()
#3 /home/latihtal/public_html/agregator1/src/vendor/rmccue/requests/library/Requests/Session.php(132): Requests_Session->request()
#4 /home/latihtal/public_html/agregator1/src/drivers/Http/RssImporter.php(144): Requests_Session->get()
#5 /home/latihtal/public_html/agregator1/src/controllers/Dashboard/DashboardFeedsController.php(534): spark\drivers\Http\RssImporter->fetchPosts()
#6 /home/latihtal/public_html/agregator1/src/controllers/Site/SiteController.php(722): spark\controllers\Dashboard\DashboardFeedsController::importFeedPosts()
#7 [internal function]: spark\controllers\Site\SiteController->runTasks()
#8 /home/latihtal/public_html/agregator1/src/framework/Route.php(173): call_user_func_array()
#9 [internal function]: Slim\Route->Slim\{closure}()
#10 /home/latihtal/public_html/agregator1/src/framework/Route.php(468): call_user_func_array()
#11 /home/latihtal/public_html/agregator1/src/framework/Slim.php(1364): Slim\Route->dispatch()
#12 /home/latihtal/public_html/agregator1/src/framework/Middleware/Flash.php(85): Slim\Slim->call()
#13 /home/latihtal/public_html/agregator1/src/framework/Middleware/MethodOverride.php(92): Slim\Middleware\Flash->call()
#14 /home/latihtal/public_html/agregator1/src/middlewares/CsrfGuard/CsrfGuard.php(47): Slim\Middleware\MethodOverride->call()
#15 /home/latihtal/public_html/agregator1/src/framework/Middleware/PrettyExceptions.php(67): spark\middlewares\CsrfGuard\CsrfGuard->call()
#16 /home/latihtal/public_html/agregator1/src/framework/Slim.php(1308): Slim\Middleware\PrettyExceptions->call()
#17 /home/latihtal/public_html/agregator1/index.php(6): Slim\Slim->run()
#18 {main} [] []
[2025-03-16 15:07:37] SlimMonoLogger.INFO: Cron ran at: 16-03-2025 03:07:37 PM [] []
[2025-03-16 15:10:35] SlimMonoLogger.INFO: Cron ran at: 16-03-2025 03:10:35 PM [] []
[2025-03-16 15:15:41] SlimMonoLogger.INFO: Cron ran at: 16-03-2025 03:15:41 PM [] []
[2025-03-16 15:20:34] SlimMonoLogger.INFO: Cron ran at: 16-03-2025 03:20:34 PM [] []
[2025-03-16 15:25:30] SlimMonoLogger.INFO: Cron ran at: 16-03-2025 03:25:30 PM [] []
[2025-03-16 15:30:33] SlimMonoLogger.INFO: Cron ran at: 16-03-2025 03:30:33 PM [] []
[2025-03-16 15:35:40] SlimMonoLogger.INFO: Cron ran at: 16-03-2025 03:35:40 PM [] []
[2025-03-16 15:40:33] SlimMonoLogger.INFO: Cron ran at: 16-03-2025 03:40:33 PM [] []
[2025-03-16 15:45:37] SlimMonoLogger.INFO: Cron ran at: 16-03-2025 03:45:37 PM [] []
[2025-03-16 15:50:24] SlimMonoLogger.INFO: Cron ran at: 16-03-2025 03:50:24 PM [] []
[2025-03-16 15:55:31] SlimMonoLogger.INFO: Cron ran at: 16-03-2025 03:55:31 PM [] []
[2025-03-16 16:00:31] SlimMonoLogger.INFO: Cron ran at: 16-03-2025 04:00:31 PM [] []
[2025-03-16 16:05:33] SlimMonoLogger.INFO: Cron ran at: 16-03-2025 04:05:33 PM [] []
[2025-03-16 16:10:35] SlimMonoLogger.INFO: Cron ran at: 16-03-2025 04:10:35 PM [] []
[2025-03-16 16:15:37] SlimMonoLogger.INFO: Cron ran at: 16-03-2025 04:15:37 PM [] []
[2025-03-16 16:20:33] SlimMonoLogger.INFO: Cron ran at: 16-03-2025 04:20:33 PM [] []
[2025-03-16 16:25:33] SlimMonoLogger.INFO: Cron ran at: 16-03-2025 04:25:33 PM [] []
[2025-03-16 16:30:30] SlimMonoLogger.INFO: Cron ran at: 16-03-2025 04:30:30 PM [] []
[2025-03-16 16:35:35] SlimMonoLogger.INFO: Cron ran at: 16-03-2025 04:35:35 PM [] []
[2025-03-16 16:40:30] SlimMonoLogger.INFO: Cron ran at: 16-03-2025 04:40:30 PM [] []
[2025-03-16 16:45:42] SlimMonoLogger.INFO: Cron ran at: 16-03-2025 04:45:42 PM [] []
[2025-03-16 16:50:34] SlimMonoLogger.INFO: Cron ran at: 16-03-2025 04:50:34 PM [] []
[2025-03-16 16:55:27] SlimMonoLogger.INFO: Cron ran at: 16-03-2025 04:55:27 PM [] []
[2025-03-16 17:00:49] SlimMonoLogger.INFO: Cron ran at: 16-03-2025 05:00:49 PM [] []
[2025-03-16 17:05:44] SlimMonoLogger.INFO: Cron ran at: 16-03-2025 05:05:44 PM [] []
[2025-03-16 17:10:32] SlimMonoLogger.INFO: Cron ran at: 16-03-2025 05:10:32 PM [] []
[2025-03-16 17:15:42] SlimMonoLogger.INFO: Cron ran at: 16-03-2025 05:15:42 PM [] []
[2025-03-16 17:20:39] SlimMonoLogger.INFO: Cron ran at: 16-03-2025 05:20:39 PM [] []
[2025-03-16 17:25:40] SlimMonoLogger.INFO: Cron ran at: 16-03-2025 05:25:40 PM [] []
[2025-03-16 17:30:36] SlimMonoLogger.INFO: Cron ran at: 16-03-2025 05:30:36 PM [] []
[2025-03-16 17:35:43] SlimMonoLogger.INFO: Cron ran at: 16-03-2025 05:35:43 PM [] []
[2025-03-16 17:40:38] SlimMonoLogger.INFO: Cron ran at: 16-03-2025 05:40:38 PM [] []
[2025-03-16 17:45:34] SlimMonoLogger.INFO: Cron ran at: 16-03-2025 05:45:34 PM [] []
[2025-03-16 17:51:37] SlimMonoLogger.INFO: Cron ran at: 16-03-2025 05:51:37 PM [] []
[2025-03-16 17:55:42] SlimMonoLogger.INFO: Cron ran at: 16-03-2025 05:55:42 PM [] []
[2025-03-16 18:00:39] SlimMonoLogger.INFO: Cron ran at: 16-03-2025 06:00:39 PM [] []
[2025-03-16 18:05:42] SlimMonoLogger.INFO: Cron ran at: 16-03-2025 06:05:42 PM [] []
[2025-03-16 18:10:39] SlimMonoLogger.INFO: Cron ran at: 16-03-2025 06:10:39 PM [] []
[2025-03-16 18:15:33] SlimMonoLogger.INFO: Cron ran at: 16-03-2025 06:15:33 PM [] []
[2025-03-16 18:20:32] SlimMonoLogger.INFO: Cron ran at: 16-03-2025 06:20:32 PM [] []
[2025-03-16 18:25:39] SlimMonoLogger.INFO: Cron ran at: 16-03-2025 06:25:39 PM [] []
[2025-03-16 18:30:52] SlimMonoLogger.INFO: Cron ran at: 16-03-2025 06:30:52 PM [] []
[2025-03-16 18:35:37] SlimMonoLogger.INFO: Cron ran at: 16-03-2025 06:35:37 PM [] []
[2025-03-16 18:40:40] SlimMonoLogger.INFO: Cron ran at: 16-03-2025 06:40:40 PM [] []
[2025-03-16 18:46:08] SlimMonoLogger.INFO: Cron ran at: 16-03-2025 06:46:08 PM [] []
[2025-03-16 18:50:37] SlimMonoLogger.INFO: Cron ran at: 16-03-2025 06:50:37 PM [] []
[2025-03-16 18:55:29] SlimMonoLogger.INFO: Cron ran at: 16-03-2025 06:55:29 PM [] []
[2025-03-16 19:00:40] SlimMonoLogger.INFO: Cron ran at: 16-03-2025 07:00:40 PM [] []
[2025-03-16 19:06:08] SlimMonoLogger.INFO: Cron ran at: 16-03-2025 07:06:08 PM [] []
[2025-03-16 19:10:39] SlimMonoLogger.INFO: Cron ran at: 16-03-2025 07:10:39 PM [] []
[2025-03-16 19:16:14] SlimMonoLogger.INFO: Cron ran at: 16-03-2025 07:16:14 PM [] []
[2025-03-16 19:22:27] SlimMonoLogger.ERROR: Requests_Exception: cURL error 28: Failed to connect to antropol.mk port 443 after 129000 ms: Could not connect to server in /home/latihtal/public_html/agregator1/src/vendor/rmccue/requests/library/Requests/Transport/cURL.php:422
Stack trace:
#0 /home/latihtal/public_html/agregator1/src/vendor/rmccue/requests/library/Requests/Transport/cURL.php(177): Requests_Transport_cURL->process_response()
#1 /home/latihtal/public_html/agregator1/src/vendor/rmccue/requests/library/Requests.php(379): Requests_Transport_cURL->request()
#2 /home/latihtal/public_html/agregator1/src/vendor/rmccue/requests/library/Requests/Session.php(205): Requests::request()
#3 /home/latihtal/public_html/agregator1/src/vendor/rmccue/requests/library/Requests/Session.php(132): Requests_Session->request()
#4 /home/latihtal/public_html/agregator1/src/drivers/Http/RssImporter.php(144): Requests_Session->get()
#5 /home/latihtal/public_html/agregator1/src/controllers/Dashboard/DashboardFeedsController.php(534): spark\drivers\Http\RssImporter->fetchPosts()
#6 /home/latihtal/public_html/agregator1/src/controllers/Site/SiteController.php(722): spark\controllers\Dashboard\DashboardFeedsController::importFeedPosts()
#7 [internal function]: spark\controllers\Site\SiteController->runTasks()
#8 /home/latihtal/public_html/agregator1/src/framework/Route.php(173): call_user_func_array()
#9 [internal function]: Slim\Route->Slim\{closure}()
#10 /home/latihtal/public_html/agregator1/src/framework/Route.php(468): call_user_func_array()
#11 /home/latihtal/public_html/agregator1/src/framework/Slim.php(1364): Slim\Route->dispatch()
#12 /home/latihtal/public_html/agregator1/src/framework/Middleware/Flash.php(85): Slim\Slim->call()
#13 /home/latihtal/public_html/agregator1/src/framework/Middleware/MethodOverride.php(92): Slim\Middleware\Flash->call()
#14 /home/latihtal/public_html/agregator1/src/middlewares/CsrfGuard/CsrfGuard.php(47): Slim\Middleware\MethodOverride->call()
#15 /home/latihtal/public_html/agregator1/src/framework/Middleware/PrettyExceptions.php(67): spark\middlewares\CsrfGuard\CsrfGuard->call()
#16 /home/latihtal/public_html/agregator1/src/framework/Slim.php(1308): Slim\Middleware\PrettyExceptions->call()
#17 /home/latihtal/public_html/agregator1/index.php(6): Slim\Slim->run()
#18 {main} [] []
[2025-03-16 19:22:46] SlimMonoLogger.INFO: Cron ran at: 16-03-2025 07:22:46 PM [] []
[2025-03-16 19:25:48] SlimMonoLogger.INFO: Cron ran at: 16-03-2025 07:25:48 PM [] []
[2025-03-16 19:30:33] SlimMonoLogger.INFO: Cron ran at: 16-03-2025 07:30:33 PM [] []
[2025-03-16 19:35:24] SlimMonoLogger.INFO: Cron ran at: 16-03-2025 07:35:24 PM [] []
[2025-03-16 19:40:33] SlimMonoLogger.INFO: Cron ran at: 16-03-2025 07:40:33 PM [] []
[2025-03-16 19:45:41] SlimMonoLogger.INFO: Cron ran at: 16-03-2025 07:45:41 PM [] []
[2025-03-16 19:50:42] SlimMonoLogger.INFO: Cron ran at: 16-03-2025 07:50:42 PM [] []
[2025-03-16 19:55:44] SlimMonoLogger.INFO: Cron ran at: 16-03-2025 07:55:44 PM [] []
[2025-03-16 20:00:39] SlimMonoLogger.INFO: Cron ran at: 16-03-2025 08:00:39 PM [] []
[2025-03-16 20:05:40] SlimMonoLogger.INFO: Cron ran at: 16-03-2025 08:05:40 PM [] []
[2025-03-16 20:10:29] SlimMonoLogger.INFO: Cron ran at: 16-03-2025 08:10:29 PM [] []
[2025-03-16 20:15:31] SlimMonoLogger.INFO: Cron ran at: 16-03-2025 08:15:31 PM [] []
[2025-03-16 20:20:33] SlimMonoLogger.INFO: Cron ran at: 16-03-2025 08:20:33 PM [] []
[2025-03-16 20:25:36] SlimMonoLogger.INFO: Cron ran at: 16-03-2025 08:25:36 PM [] []
[2025-03-16 20:30:30] SlimMonoLogger.INFO: Cron ran at: 16-03-2025 08:30:30 PM [] []
[2025-03-16 20:35:30] SlimMonoLogger.INFO: Cron ran at: 16-03-2025 08:35:30 PM [] []
[2025-03-16 20:40:30] SlimMonoLogger.INFO: Cron ran at: 16-03-2025 08:40:30 PM [] []
[2025-03-16 20:45:35] SlimMonoLogger.INFO: Cron ran at: 16-03-2025 08:45:35 PM [] []
[2025-03-16 20:50:37] SlimMonoLogger.INFO: Cron ran at: 16-03-2025 08:50:37 PM [] []
[2025-03-16 20:55:30] SlimMonoLogger.INFO: Cron ran at: 16-03-2025 08:55:30 PM [] []
[2025-03-16 21:00:28] SlimMonoLogger.INFO: Cron ran at: 16-03-2025 09:00:28 PM [] []
[2025-03-16 21:05:27] SlimMonoLogger.INFO: Cron ran at: 16-03-2025 09:05:27 PM [] []
[2025-03-16 21:10:26] SlimMonoLogger.INFO: Cron ran at: 16-03-2025 09:10:26 PM [] []
[2025-03-16 21:15:33] SlimMonoLogger.INFO: Cron ran at: 16-03-2025 09:15:33 PM [] []
[2025-03-16 21:20:24] SlimMonoLogger.INFO: Cron ran at: 16-03-2025 09:20:24 PM [] []
[2025-03-16 21:25:38] SlimMonoLogger.INFO: Cron ran at: 16-03-2025 09:25:38 PM [] []
[2025-03-16 21:30:55] SlimMonoLogger.INFO: Cron ran at: 16-03-2025 09:30:55 PM [] []
[2025-03-16 21:35:28] SlimMonoLogger.INFO: Cron ran at: 16-03-2025 09:35:28 PM [] []
[2025-03-16 21:40:27] SlimMonoLogger.INFO: Cron ran at: 16-03-2025 09:40:27 PM [] []
[2025-03-16 21:45:49] SlimMonoLogger.INFO: Cron ran at: 16-03-2025 09:45:49 PM [] []
[2025-03-16 21:50:37] SlimMonoLogger.INFO: Cron ran at: 16-03-2025 09:50:37 PM [] []
[2025-03-16 21:55:39] SlimMonoLogger.INFO: Cron ran at: 16-03-2025 09:55:39 PM [] []
[2025-03-16 22:00:39] SlimMonoLogger.INFO: Cron ran at: 16-03-2025 10:00:39 PM [] []
[2025-03-16 22:05:28] SlimMonoLogger.INFO: Cron ran at: 16-03-2025 10:05:28 PM [] []
[2025-03-16 22:10:30] SlimMonoLogger.INFO: Cron ran at: 16-03-2025 10:10:30 PM [] []
[2025-03-16 22:15:30] SlimMonoLogger.INFO: Cron ran at: 16-03-2025 10:15:30 PM [] []
[2025-03-16 22:20:35] SlimMonoLogger.INFO: Cron ran at: 16-03-2025 10:20:35 PM [] []
[2025-03-16 22:25:40] SlimMonoLogger.INFO: Cron ran at: 16-03-2025 10:25:40 PM [] []
[2025-03-16 22:30:36] SlimMonoLogger.INFO: Cron ran at: 16-03-2025 10:30:36 PM [] []
[2025-03-16 22:35:29] SlimMonoLogger.INFO: Cron ran at: 16-03-2025 10:35:29 PM [] []
[2025-03-16 22:40:32] SlimMonoLogger.INFO: Cron ran at: 16-03-2025 10:40:32 PM [] []
[2025-03-16 22:45:27] SlimMonoLogger.INFO: Cron ran at: 16-03-2025 10:45:27 PM [] []
[2025-03-16 22:50:27] SlimMonoLogger.INFO: Cron ran at: 16-03-2025 10:50:27 PM [] []
[2025-03-16 22:55:27] SlimMonoLogger.INFO: Cron ran at: 16-03-2025 10:55:27 PM [] []
[2025-03-16 23:00:31] SlimMonoLogger.INFO: Cron ran at: 16-03-2025 11:00:31 PM [] []
[2025-03-16 23:05:26] SlimMonoLogger.INFO: Cron ran at: 16-03-2025 11:05:26 PM [] []
[2025-03-16 23:10:28] SlimMonoLogger.INFO: Cron ran at: 16-03-2025 11:10:28 PM [] []
[2025-03-16 23:15:30] SlimMonoLogger.INFO: Cron ran at: 16-03-2025 11:15:30 PM [] []
[2025-03-16 23:20:31] SlimMonoLogger.INFO: Cron ran at: 16-03-2025 11:20:31 PM [] []
[2025-03-16 23:25:31] SlimMonoLogger.INFO: Cron ran at: 16-03-2025 11:25:31 PM [] []
[2025-03-16 23:30:38] SlimMonoLogger.INFO: Cron ran at: 16-03-2025 11:30:38 PM [] []
[2025-03-16 23:35:29] SlimMonoLogger.INFO: Cron ran at: 16-03-2025 11:35:29 PM [] []
[2025-03-16 23:40:25] SlimMonoLogger.INFO: Cron ran at: 16-03-2025 11:40:25 PM [] []
[2025-03-16 23:45:26] SlimMonoLogger.INFO: Cron ran at: 16-03-2025 11:45:26 PM [] []
[2025-03-16 23:50:33] SlimMonoLogger.INFO: Cron ran at: 16-03-2025 11:50:33 PM [] []
[2025-03-16 23:55:27] SlimMonoLogger.INFO: Cron ran at: 16-03-2025 11:55:27 PM [] []
[2025-03-17 00:00:26] SlimMonoLogger.INFO: Cron ran at: 17-03-2025 12:00:26 AM [] []
[2025-03-17 00:05:30] SlimMonoLogger.INFO: Cron ran at: 17-03-2025 12:05:30 AM [] []
[2025-03-17 00:10:32] SlimMonoLogger.INFO: Cron ran at: 17-03-2025 12:10:32 AM [] []
[2025-03-17 00:15:32] SlimMonoLogger.INFO: Cron ran at: 17-03-2025 12:15:32 AM [] []
[2025-03-17 00:20:27] SlimMonoLogger.INFO: Cron ran at: 17-03-2025 12:20:27 AM [] []
[2025-03-17 00:25:26] SlimMonoLogger.INFO: Cron ran at: 17-03-2025 12:25:26 AM [] []
[2025-03-17 00:30:38] SlimMonoLogger.INFO: Cron ran at: 17-03-2025 12:30:38 AM [] []
[2025-03-17 00:35:34] SlimMonoLogger.INFO: Cron ran at: 17-03-2025 12:35:34 AM [] []
[2025-03-17 00:40:26] SlimMonoLogger.INFO: Cron ran at: 17-03-2025 12:40:26 AM [] []
[2025-03-17 00:45:30] SlimMonoLogger.INFO: Cron ran at: 17-03-2025 12:45:30 AM [] []
[2025-03-17 00:50:30] SlimMonoLogger.INFO: Cron ran at: 17-03-2025 12:50:30 AM [] []
[2025-03-17 00:55:32] SlimMonoLogger.INFO: Cron ran at: 17-03-2025 12:55:32 AM [] []
