[2025-10-16 02:00:29] SlimMonoLogger.INFO: Cron ran at: 16-10-2025 02:00:29 AM [] []
[2025-10-16 02:05:22] SlimMonoLogger.INFO: Cron ran at: 16-10-2025 02:05:22 AM [] []
[2025-10-16 02:10:24] SlimMonoLogger.INFO: Cron ran at: 16-10-2025 02:10:24 AM [] []
[2025-10-16 02:15:29] SlimMonoLogger.INFO: Cron ran at: 16-10-2025 02:15:29 AM [] []
[2025-10-16 02:20:25] SlimMonoLogger.INFO: Cron ran at: 16-10-2025 02:20:25 AM [] []
[2025-10-16 02:25:23] SlimMonoLogger.INFO: Cron ran at: 16-10-2025 02:25:23 AM [] []
[2025-10-16 02:30:26] SlimMonoLogger.INFO: Cron ran at: 16-10-2025 02:30:26 AM [] []
[2025-10-16 02:35:22] SlimMonoLogger.INFO: Cron ran at: 16-10-2025 02:35:22 AM [] []
[2025-10-16 02:40:24] SlimMonoLogger.INFO: Cron ran at: 16-10-2025 02:40:24 AM [] []
[2025-10-16 02:45:23] SlimMonoLogger.INFO: Cron ran at: 16-10-2025 02:45:23 AM [] []
[2025-10-16 02:50:23] SlimMonoLogger.INFO: Cron ran at: 16-10-2025 02:50:23 AM [] []
[2025-10-16 02:55:24] SlimMonoLogger.INFO: Cron ran at: 16-10-2025 02:55:24 AM [] []
[2025-10-16 03:00:23] SlimMonoLogger.INFO: Cron ran at: 16-10-2025 03:00:23 AM [] []
[2025-10-16 03:05:24] SlimMonoLogger.INFO: Cron ran at: 16-10-2025 03:05:24 AM [] []
[2025-10-16 03:10:24] SlimMonoLogger.INFO: Cron ran at: 16-10-2025 03:10:24 AM [] []
[2025-10-16 03:15:24] SlimMonoLogger.INFO: Cron ran at: 16-10-2025 03:15:24 AM [] []
[2025-10-16 03:20:25] SlimMonoLogger.INFO: Cron ran at: 16-10-2025 03:20:25 AM [] []
[2025-10-16 03:25:22] SlimMonoLogger.INFO: Cron ran at: 16-10-2025 03:25:22 AM [] []
[2025-10-16 03:30:24] SlimMonoLogger.INFO: Cron ran at: 16-10-2025 03:30:24 AM [] []
[2025-10-16 03:35:21] SlimMonoLogger.INFO: Cron ran at: 16-10-2025 03:35:21 AM [] []
[2025-10-16 03:40:23] SlimMonoLogger.INFO: Cron ran at: 16-10-2025 03:40:23 AM [] []
[2025-10-16 03:45:21] SlimMonoLogger.INFO: Cron ran at: 16-10-2025 03:45:21 AM [] []
[2025-10-16 03:50:25] SlimMonoLogger.INFO: Cron ran at: 16-10-2025 03:50:25 AM [] []
[2025-10-16 03:55:25] SlimMonoLogger.INFO: Cron ran at: 16-10-2025 03:55:25 AM [] []
[2025-10-16 04:00:29] SlimMonoLogger.INFO: Cron ran at: 16-10-2025 04:00:29 AM [] []
[2025-10-16 04:05:23] SlimMonoLogger.INFO: Cron ran at: 16-10-2025 04:05:23 AM [] []
[2025-10-16 04:10:24] SlimMonoLogger.INFO: Cron ran at: 16-10-2025 04:10:24 AM [] []
[2025-10-16 04:15:24] SlimMonoLogger.INFO: Cron ran at: 16-10-2025 04:15:24 AM [] []
[2025-10-16 04:20:23] SlimMonoLogger.INFO: Cron ran at: 16-10-2025 04:20:23 AM [] []
[2025-10-16 04:25:23] SlimMonoLogger.INFO: Cron ran at: 16-10-2025 04:25:23 AM [] []
[2025-10-16 04:30:26] SlimMonoLogger.INFO: Cron ran at: 16-10-2025 04:30:26 AM [] []
[2025-10-16 04:35:22] SlimMonoLogger.INFO: Cron ran at: 16-10-2025 04:35:22 AM [] []
[2025-10-16 04:40:25] SlimMonoLogger.INFO: Cron ran at: 16-10-2025 04:40:25 AM [] []
[2025-10-16 04:45:22] SlimMonoLogger.INFO: Cron ran at: 16-10-2025 04:45:22 AM [] []
[2025-10-16 04:50:22] SlimMonoLogger.INFO: Cron ran at: 16-10-2025 04:50:22 AM [] []
[2025-10-16 04:55:22] SlimMonoLogger.INFO: Cron ran at: 16-10-2025 04:55:22 AM [] []
[2025-10-16 05:00:24] SlimMonoLogger.INFO: Cron ran at: 16-10-2025 05:00:24 AM [] []
[2025-10-16 05:05:25] SlimMonoLogger.INFO: Cron ran at: 16-10-2025 05:05:25 AM [] []
[2025-10-16 05:10:27] SlimMonoLogger.INFO: Cron ran at: 16-10-2025 05:10:27 AM [] []
[2025-10-16 05:15:24] SlimMonoLogger.INFO: Cron ran at: 16-10-2025 05:15:24 AM [] []
[2025-10-16 05:20:23] SlimMonoLogger.INFO: Cron ran at: 16-10-2025 05:20:23 AM [] []
[2025-10-16 05:25:21] SlimMonoLogger.INFO: Cron ran at: 16-10-2025 05:25:21 AM [] []
[2025-10-16 05:30:32] SlimMonoLogger.INFO: Cron ran at: 16-10-2025 05:30:32 AM [] []
[2025-10-16 05:35:21] SlimMonoLogger.INFO: Cron ran at: 16-10-2025 05:35:21 AM [] []
[2025-10-16 05:40:23] SlimMonoLogger.INFO: Cron ran at: 16-10-2025 05:40:23 AM [] []
[2025-10-16 05:45:25] SlimMonoLogger.INFO: Cron ran at: 16-10-2025 05:45:25 AM [] []
[2025-10-16 05:50:23] SlimMonoLogger.INFO: Cron ran at: 16-10-2025 05:50:23 AM [] []
[2025-10-16 05:55:25] SlimMonoLogger.INFO: Cron ran at: 16-10-2025 05:55:25 AM [] []
[2025-10-16 06:00:26] SlimMonoLogger.INFO: Cron ran at: 16-10-2025 06:00:26 AM [] []
[2025-10-16 06:05:23] SlimMonoLogger.INFO: Cron ran at: 16-10-2025 06:05:23 AM [] []
[2025-10-16 06:10:22] SlimMonoLogger.INFO: Cron ran at: 16-10-2025 06:10:22 AM [] []
[2025-10-16 06:15:24] SlimMonoLogger.INFO: Cron ran at: 16-10-2025 06:15:24 AM [] []
[2025-10-16 06:20:24] SlimMonoLogger.INFO: Cron ran at: 16-10-2025 06:20:24 AM [] []
[2025-10-16 06:25:22] SlimMonoLogger.INFO: Cron ran at: 16-10-2025 06:25:22 AM [] []
[2025-10-16 06:30:25] SlimMonoLogger.INFO: Cron ran at: 16-10-2025 06:30:25 AM [] []
[2025-10-16 06:35:23] SlimMonoLogger.INFO: Cron ran at: 16-10-2025 06:35:23 AM [] []
[2025-10-16 06:40:22] SlimMonoLogger.INFO: Cron ran at: 16-10-2025 06:40:22 AM [] []
[2025-10-16 06:45:27] SlimMonoLogger.INFO: Cron ran at: 16-10-2025 06:45:27 AM [] []
[2025-10-16 06:50:23] SlimMonoLogger.INFO: Cron ran at: 16-10-2025 06:50:23 AM [] []
[2025-10-16 06:55:27] SlimMonoLogger.INFO: Cron ran at: 16-10-2025 06:55:27 AM [] []
[2025-10-16 07:00:25] SlimMonoLogger.INFO: Cron ran at: 16-10-2025 07:00:25 AM [] []
[2025-10-16 07:05:23] SlimMonoLogger.INFO: Cron ran at: 16-10-2025 07:05:23 AM [] []
[2025-10-16 07:10:30] SlimMonoLogger.INFO: Cron ran at: 16-10-2025 07:10:30 AM [] []
[2025-10-16 07:15:25] SlimMonoLogger.INFO: Cron ran at: 16-10-2025 07:15:25 AM [] []
[2025-10-16 07:20:24] SlimMonoLogger.INFO: Cron ran at: 16-10-2025 07:20:24 AM [] []
[2025-10-16 07:25:24] SlimMonoLogger.INFO: Cron ran at: 16-10-2025 07:25:24 AM [] []
[2025-10-16 07:30:38] SlimMonoLogger.INFO: Cron ran at: 16-10-2025 07:30:38 AM [] []
[2025-10-16 07:35:22] SlimMonoLogger.INFO: Cron ran at: 16-10-2025 07:35:22 AM [] []
[2025-10-16 07:40:24] SlimMonoLogger.INFO: Cron ran at: 16-10-2025 07:40:24 AM [] []
[2025-10-16 07:45:23] SlimMonoLogger.INFO: Cron ran at: 16-10-2025 07:45:23 AM [] []
[2025-10-16 07:50:34] SlimMonoLogger.INFO: Cron ran at: 16-10-2025 07:50:34 AM [] []
[2025-10-16 07:55:24] SlimMonoLogger.INFO: Cron ran at: 16-10-2025 07:55:24 AM [] []
[2025-10-16 08:00:27] SlimMonoLogger.INFO: Cron ran at: 16-10-2025 08:00:27 AM [] []
[2025-10-16 08:05:25] SlimMonoLogger.INFO: Cron ran at: 16-10-2025 08:05:25 AM [] []
[2025-10-16 08:10:25] SlimMonoLogger.INFO: Cron ran at: 16-10-2025 08:10:25 AM [] []
[2025-10-16 08:15:23] SlimMonoLogger.INFO: Cron ran at: 16-10-2025 08:15:23 AM [] []
[2025-10-16 08:20:24] SlimMonoLogger.INFO: Cron ran at: 16-10-2025 08:20:24 AM [] []
[2025-10-16 08:25:24] SlimMonoLogger.INFO: Cron ran at: 16-10-2025 08:25:24 AM [] []
[2025-10-16 08:30:29] SlimMonoLogger.INFO: Cron ran at: 16-10-2025 08:30:29 AM [] []
[2025-10-16 08:40:28] SlimMonoLogger.INFO: Cron ran at: 16-10-2025 08:40:28 AM [] []
[2025-10-16 08:45:28] SlimMonoLogger.INFO: Cron ran at: 16-10-2025 08:45:28 AM [] []
[2025-10-16 08:50:28] SlimMonoLogger.INFO: Cron ran at: 16-10-2025 08:50:28 AM [] []
[2025-10-16 08:55:36] SlimMonoLogger.INFO: Cron ran at: 16-10-2025 08:55:36 AM [] []
[2025-10-16 09:00:30] SlimMonoLogger.INFO: Cron ran at: 16-10-2025 09:00:30 AM [] []
[2025-10-16 09:05:35] SlimMonoLogger.INFO: Cron ran at: 16-10-2025 09:05:35 AM [] []
[2025-10-16 09:10:26] SlimMonoLogger.INFO: Cron ran at: 16-10-2025 09:10:26 AM [] []
[2025-10-16 09:15:36] SlimMonoLogger.INFO: Cron ran at: 16-10-2025 09:15:36 AM [] []
[2025-10-16 09:20:28] SlimMonoLogger.INFO: Cron ran at: 16-10-2025 09:20:28 AM [] []
[2025-10-16 09:25:24] SlimMonoLogger.INFO: Cron ran at: 16-10-2025 09:25:24 AM [] []
[2025-10-16 09:30:25] SlimMonoLogger.INFO: Cron ran at: 16-10-2025 09:30:25 AM [] []
[2025-10-16 09:35:28] SlimMonoLogger.INFO: Cron ran at: 16-10-2025 09:35:28 AM [] []
[2025-10-16 09:40:37] SlimMonoLogger.INFO: Cron ran at: 16-10-2025 09:40:37 AM [] []
[2025-10-16 09:45:30] SlimMonoLogger.INFO: Cron ran at: 16-10-2025 09:45:30 AM [] []
[2025-10-16 09:50:24] SlimMonoLogger.INFO: Cron ran at: 16-10-2025 09:50:24 AM [] []
[2025-10-16 09:55:29] SlimMonoLogger.INFO: Cron ran at: 16-10-2025 09:55:29 AM [] []
[2025-10-16 10:00:29] SlimMonoLogger.INFO: Cron ran at: 16-10-2025 10:00:29 AM [] []
[2025-10-16 10:05:25] SlimMonoLogger.INFO: Cron ran at: 16-10-2025 10:05:25 AM [] []
[2025-10-16 10:10:25] SlimMonoLogger.INFO: Cron ran at: 16-10-2025 10:10:25 AM [] []
[2025-10-16 10:15:23] SlimMonoLogger.INFO: Cron ran at: 16-10-2025 10:15:23 AM [] []
[2025-10-16 10:20:27] SlimMonoLogger.INFO: Cron ran at: 16-10-2025 10:20:27 AM [] []
[2025-10-16 10:25:27] SlimMonoLogger.INFO: Cron ran at: 16-10-2025 10:25:27 AM [] []
[2025-10-16 10:30:35] SlimMonoLogger.INFO: Cron ran at: 16-10-2025 10:30:35 AM [] []
[2025-10-16 10:35:35] SlimMonoLogger.INFO: Cron ran at: 16-10-2025 10:35:35 AM [] []
[2025-10-16 10:40:28] SlimMonoLogger.INFO: Cron ran at: 16-10-2025 10:40:28 AM [] []
[2025-10-16 10:45:28] SlimMonoLogger.INFO: Cron ran at: 16-10-2025 10:45:28 AM [] []
[2025-10-16 10:50:28] SlimMonoLogger.INFO: Cron ran at: 16-10-2025 10:50:28 AM [] []
[2025-10-16 10:55:31] SlimMonoLogger.INFO: Cron ran at: 16-10-2025 10:55:31 AM [] []
[2025-10-16 11:00:34] SlimMonoLogger.INFO: Cron ran at: 16-10-2025 11:00:34 AM [] []
[2025-10-16 11:05:32] SlimMonoLogger.INFO: Cron ran at: 16-10-2025 11:05:32 AM [] []
[2025-10-16 11:10:27] SlimMonoLogger.INFO: Cron ran at: 16-10-2025 11:10:27 AM [] []
[2025-10-16 11:15:28] SlimMonoLogger.INFO: Cron ran at: 16-10-2025 11:15:28 AM [] []
[2025-10-16 11:20:26] SlimMonoLogger.INFO: Cron ran at: 16-10-2025 11:20:26 AM [] []
[2025-10-16 11:25:32] SlimMonoLogger.INFO: Cron ran at: 16-10-2025 11:25:32 AM [] []
[2025-10-16 11:30:30] SlimMonoLogger.INFO: Cron ran at: 16-10-2025 11:30:30 AM [] []
[2025-10-16 11:35:24] SlimMonoLogger.INFO: Cron ran at: 16-10-2025 11:35:24 AM [] []
[2025-10-16 11:40:29] SlimMonoLogger.INFO: Cron ran at: 16-10-2025 11:40:29 AM [] []
[2025-10-16 11:45:27] SlimMonoLogger.INFO: Cron ran at: 16-10-2025 11:45:27 AM [] []
[2025-10-16 11:50:29] SlimMonoLogger.INFO: Cron ran at: 16-10-2025 11:50:29 AM [] []
[2025-10-16 11:55:27] SlimMonoLogger.INFO: Cron ran at: 16-10-2025 11:55:27 AM [] []
[2025-10-16 12:00:35] SlimMonoLogger.INFO: Cron ran at: 16-10-2025 12:00:35 PM [] []
[2025-10-16 12:05:30] SlimMonoLogger.INFO: Cron ran at: 16-10-2025 12:05:30 PM [] []
[2025-10-16 12:15:49] SlimMonoLogger.INFO: Cron ran at: 16-10-2025 12:15:49 PM [] []
[2025-10-16 12:19:11] SlimMonoLogger.ERROR: Requests_Exception: cURL error 28: Operation timed out after 500002 milliseconds with 3177 bytes received in /home/latihtal/public_html/agregator1/src/vendor/rmccue/requests/library/Requests/Transport/cURL.php:422
Stack trace:
#0 /home/latihtal/public_html/agregator1/src/vendor/rmccue/requests/library/Requests/Transport/cURL.php(177): Requests_Transport_cURL->process_response()
#1 /home/latihtal/public_html/agregator1/src/vendor/rmccue/requests/library/Requests.php(379): Requests_Transport_cURL->request()
#2 /home/latihtal/public_html/agregator1/src/vendor/rmccue/requests/library/Requests/Session.php(205): Requests::request()
#3 /home/latihtal/public_html/agregator1/src/vendor/rmccue/requests/library/Requests/Session.php(132): Requests_Session->request()
#4 /home/latihtal/public_html/agregator1/src/drivers/Http/RssImporter.php(144): Requests_Session->get()
#5 /home/latihtal/public_html/agregator1/src/controllers/Dashboard/DashboardFeedsController.php(534): spark\drivers\Http\RssImporter->fetchPosts()
#6 /home/latihtal/public_html/agregator1/src/controllers/Site/SiteController.php(722): spark\controllers\Dashboard\DashboardFeedsController::importFeedPosts()
#7 [internal function]: spark\controllers\Site\SiteController->runTasks()
#8 /home/latihtal/public_html/agregator1/src/framework/Route.php(173): call_user_func_array()
#9 [internal function]: Slim\Route->Slim\{closure}()
#10 /home/latihtal/public_html/agregator1/src/framework/Route.php(468): call_user_func_array()
#11 /home/latihtal/public_html/agregator1/src/framework/Slim.php(1364): Slim\Route->dispatch()
#12 /home/latihtal/public_html/agregator1/src/framework/Middleware/Flash.php(85): Slim\Slim->call()
#13 /home/latihtal/public_html/agregator1/src/framework/Middleware/MethodOverride.php(92): Slim\Middleware\Flash->call()
#14 /home/latihtal/public_html/agregator1/src/middlewares/CsrfGuard/CsrfGuard.php(47): Slim\Middleware\MethodOverride->call()
#15 /home/latihtal/public_html/agregator1/src/framework/Middleware/PrettyExceptions.php(67): spark\middlewares\CsrfGuard\CsrfGuard->call()
#16 /home/latihtal/public_html/agregator1/src/framework/Slim.php(1308): Slim\Middleware\PrettyExceptions->call()
#17 /home/latihtal/public_html/agregator1/index.php(6): Slim\Slim->run()
#18 {main} [] []
[2025-10-16 12:19:20] SlimMonoLogger.INFO: Cron ran at: 16-10-2025 12:19:20 PM [] []
[2025-10-16 12:20:30] SlimMonoLogger.INFO: Cron ran at: 16-10-2025 12:20:30 PM [] []
[2025-10-16 12:25:30] SlimMonoLogger.INFO: Cron ran at: 16-10-2025 12:25:30 PM [] []
[2025-10-16 12:30:30] SlimMonoLogger.INFO: Cron ran at: 16-10-2025 12:30:30 PM [] []
[2025-10-16 12:35:25] SlimMonoLogger.INFO: Cron ran at: 16-10-2025 12:35:25 PM [] []
[2025-10-16 12:40:26] SlimMonoLogger.INFO: Cron ran at: 16-10-2025 12:40:26 PM [] []
[2025-10-16 12:45:25] SlimMonoLogger.INFO: Cron ran at: 16-10-2025 12:45:25 PM [] []
[2025-10-16 12:50:34] SlimMonoLogger.INFO: Cron ran at: 16-10-2025 12:50:34 PM [] []
[2025-10-16 12:55:30] SlimMonoLogger.INFO: Cron ran at: 16-10-2025 12:55:30 PM [] []
[2025-10-16 13:00:34] SlimMonoLogger.INFO: Cron ran at: 16-10-2025 01:00:34 PM [] []
[2025-10-16 13:05:29] SlimMonoLogger.INFO: Cron ran at: 16-10-2025 01:05:29 PM [] []
[2025-10-16 13:10:34] SlimMonoLogger.INFO: Cron ran at: 16-10-2025 01:10:34 PM [] []
[2025-10-16 13:15:33] SlimMonoLogger.INFO: Cron ran at: 16-10-2025 01:15:33 PM [] []
[2025-10-16 13:20:24] SlimMonoLogger.INFO: Cron ran at: 16-10-2025 01:20:24 PM [] []
[2025-10-16 13:25:33] SlimMonoLogger.INFO: Cron ran at: 16-10-2025 01:25:33 PM [] []
[2025-10-16 13:30:32] SlimMonoLogger.INFO: Cron ran at: 16-10-2025 01:30:32 PM [] []
[2025-10-16 13:35:25] SlimMonoLogger.INFO: Cron ran at: 16-10-2025 01:35:25 PM [] []
[2025-10-16 13:40:23] SlimMonoLogger.INFO: Cron ran at: 16-10-2025 01:40:23 PM [] []
[2025-10-16 13:46:23] SlimMonoLogger.INFO: Cron ran at: 16-10-2025 01:46:23 PM [] []
[2025-10-16 13:50:28] SlimMonoLogger.INFO: Cron ran at: 16-10-2025 01:50:28 PM [] []
[2025-10-16 13:55:34] SlimMonoLogger.INFO: Cron ran at: 16-10-2025 01:55:34 PM [] []
[2025-10-16 14:00:33] SlimMonoLogger.INFO: Cron ran at: 16-10-2025 02:00:33 PM [] []
[2025-10-16 14:05:38] SlimMonoLogger.INFO: Cron ran at: 16-10-2025 02:05:38 PM [] []
[2025-10-16 14:10:25] SlimMonoLogger.INFO: Cron ran at: 16-10-2025 02:10:25 PM [] []
[2025-10-16 14:15:29] SlimMonoLogger.INFO: Cron ran at: 16-10-2025 02:15:29 PM [] []
[2025-10-16 14:20:24] SlimMonoLogger.INFO: Cron ran at: 16-10-2025 02:20:24 PM [] []
[2025-10-16 14:25:27] SlimMonoLogger.INFO: Cron ran at: 16-10-2025 02:25:27 PM [] []
[2025-10-16 14:30:26] SlimMonoLogger.INFO: Cron ran at: 16-10-2025 02:30:26 PM [] []
[2025-10-16 14:35:33] SlimMonoLogger.INFO: Cron ran at: 16-10-2025 02:35:33 PM [] []
[2025-10-16 14:40:25] SlimMonoLogger.INFO: Cron ran at: 16-10-2025 02:40:25 PM [] []
[2025-10-16 14:45:25] SlimMonoLogger.INFO: Cron ran at: 16-10-2025 02:45:25 PM [] []
[2025-10-16 14:50:46] SlimMonoLogger.INFO: Cron ran at: 16-10-2025 02:50:46 PM [] []
[2025-10-16 14:55:52] SlimMonoLogger.INFO: Cron ran at: 16-10-2025 02:55:52 PM [] []
[2025-10-16 15:00:33] SlimMonoLogger.INFO: Cron ran at: 16-10-2025 03:00:33 PM [] []
[2025-10-16 15:05:25] SlimMonoLogger.INFO: Cron ran at: 16-10-2025 03:05:25 PM [] []
[2025-10-16 15:10:28] SlimMonoLogger.INFO: Cron ran at: 16-10-2025 03:10:28 PM [] []
[2025-10-16 15:15:28] SlimMonoLogger.INFO: Cron ran at: 16-10-2025 03:15:28 PM [] []
[2025-10-16 15:20:28] SlimMonoLogger.INFO: Cron ran at: 16-10-2025 03:20:28 PM [] []
[2025-10-16 15:25:29] SlimMonoLogger.INFO: Cron ran at: 16-10-2025 03:25:29 PM [] []
[2025-10-16 15:30:26] SlimMonoLogger.INFO: Cron ran at: 16-10-2025 03:30:26 PM [] []
[2025-10-16 15:35:28] SlimMonoLogger.INFO: Cron ran at: 16-10-2025 03:35:28 PM [] []
[2025-10-16 15:40:25] SlimMonoLogger.INFO: Cron ran at: 16-10-2025 03:40:25 PM [] []
[2025-10-16 15:45:29] SlimMonoLogger.INFO: Cron ran at: 16-10-2025 03:45:29 PM [] []
[2025-10-16 15:50:25] SlimMonoLogger.INFO: Cron ran at: 16-10-2025 03:50:25 PM [] []
[2025-10-16 15:55:26] SlimMonoLogger.INFO: Cron ran at: 16-10-2025 03:55:26 PM [] []
[2025-10-16 16:00:28] SlimMonoLogger.INFO: Cron ran at: 16-10-2025 04:00:28 PM [] []
[2025-10-16 16:05:26] SlimMonoLogger.INFO: Cron ran at: 16-10-2025 04:05:26 PM [] []
[2025-10-16 16:10:32] SlimMonoLogger.INFO: Cron ran at: 16-10-2025 04:10:32 PM [] []
[2025-10-16 16:15:25] SlimMonoLogger.INFO: Cron ran at: 16-10-2025 04:15:25 PM [] []
[2025-10-16 16:20:30] SlimMonoLogger.INFO: Cron ran at: 16-10-2025 04:20:30 PM [] []
[2025-10-16 16:25:27] SlimMonoLogger.INFO: Cron ran at: 16-10-2025 04:25:27 PM [] []
[2025-10-16 16:30:27] SlimMonoLogger.INFO: Cron ran at: 16-10-2025 04:30:27 PM [] []
[2025-10-16 16:35:25] SlimMonoLogger.INFO: Cron ran at: 16-10-2025 04:35:25 PM [] []
[2025-10-16 16:40:31] SlimMonoLogger.INFO: Cron ran at: 16-10-2025 04:40:31 PM [] []
[2025-10-16 16:45:31] SlimMonoLogger.INFO: Cron ran at: 16-10-2025 04:45:31 PM [] []
[2025-10-16 16:50:38] SlimMonoLogger.INFO: Cron ran at: 16-10-2025 04:50:38 PM [] []
[2025-10-16 16:55:32] SlimMonoLogger.INFO: Cron ran at: 16-10-2025 04:55:32 PM [] []
[2025-10-16 17:00:40] SlimMonoLogger.INFO: Cron ran at: 16-10-2025 05:00:40 PM [] []
[2025-10-16 17:05:29] SlimMonoLogger.INFO: Cron ran at: 16-10-2025 05:05:29 PM [] []
[2025-10-16 17:10:32] SlimMonoLogger.INFO: Cron ran at: 16-10-2025 05:10:32 PM [] []
[2025-10-16 17:15:42] SlimMonoLogger.INFO: Cron ran at: 16-10-2025 05:15:42 PM [] []
[2025-10-16 17:20:26] SlimMonoLogger.INFO: Cron ran at: 16-10-2025 05:20:26 PM [] []
[2025-10-16 17:25:27] SlimMonoLogger.INFO: Cron ran at: 16-10-2025 05:25:27 PM [] []
[2025-10-16 17:30:26] SlimMonoLogger.INFO: Cron ran at: 16-10-2025 05:30:26 PM [] []
[2025-10-16 17:35:32] SlimMonoLogger.INFO: Cron ran at: 16-10-2025 05:35:32 PM [] []
[2025-10-16 17:40:32] SlimMonoLogger.INFO: Cron ran at: 16-10-2025 05:40:32 PM [] []
[2025-10-16 17:45:29] SlimMonoLogger.INFO: Cron ran at: 16-10-2025 05:45:29 PM [] []
[2025-10-16 17:50:27] SlimMonoLogger.INFO: Cron ran at: 16-10-2025 05:50:27 PM [] []
[2025-10-16 17:55:24] SlimMonoLogger.INFO: Cron ran at: 16-10-2025 05:55:24 PM [] []
[2025-10-16 18:00:29] SlimMonoLogger.INFO: Cron ran at: 16-10-2025 06:00:29 PM [] []
[2025-10-16 18:05:27] SlimMonoLogger.INFO: Cron ran at: 16-10-2025 06:05:27 PM [] []
[2025-10-16 18:10:24] SlimMonoLogger.INFO: Cron ran at: 16-10-2025 06:10:24 PM [] []
[2025-10-16 18:15:26] SlimMonoLogger.INFO: Cron ran at: 16-10-2025 06:15:26 PM [] []
[2025-10-16 18:20:37] SlimMonoLogger.INFO: Cron ran at: 16-10-2025 06:20:37 PM [] []
[2025-10-16 18:25:32] SlimMonoLogger.INFO: Cron ran at: 16-10-2025 06:25:32 PM [] []
[2025-10-16 18:30:28] SlimMonoLogger.INFO: Cron ran at: 16-10-2025 06:30:28 PM [] []
[2025-10-16 18:35:29] SlimMonoLogger.INFO: Cron ran at: 16-10-2025 06:35:29 PM [] []
[2025-10-16 18:40:28] SlimMonoLogger.INFO: Cron ran at: 16-10-2025 06:40:28 PM [] []
[2025-10-16 18:45:28] SlimMonoLogger.INFO: Cron ran at: 16-10-2025 06:45:28 PM [] []
[2025-10-16 18:50:26] SlimMonoLogger.INFO: Cron ran at: 16-10-2025 06:50:26 PM [] []
[2025-10-16 18:55:26] SlimMonoLogger.INFO: Cron ran at: 16-10-2025 06:55:26 PM [] []
[2025-10-16 19:00:32] SlimMonoLogger.INFO: Cron ran at: 16-10-2025 07:00:32 PM [] []
[2025-10-16 19:05:35] SlimMonoLogger.INFO: Cron ran at: 16-10-2025 07:05:35 PM [] []
[2025-10-16 19:10:30] SlimMonoLogger.INFO: Cron ran at: 16-10-2025 07:10:30 PM [] []
[2025-10-16 19:15:28] SlimMonoLogger.INFO: Cron ran at: 16-10-2025 07:15:28 PM [] []
[2025-10-16 19:20:38] SlimMonoLogger.INFO: Cron ran at: 16-10-2025 07:20:38 PM [] []
[2025-10-16 19:25:30] SlimMonoLogger.INFO: Cron ran at: 16-10-2025 07:25:30 PM [] []
[2025-10-16 19:30:41] SlimMonoLogger.INFO: Cron ran at: 16-10-2025 07:30:41 PM [] []
[2025-10-16 19:35:45] SlimMonoLogger.INFO: Cron ran at: 16-10-2025 07:35:45 PM [] []
[2025-10-16 19:41:08] SlimMonoLogger.INFO: Cron ran at: 16-10-2025 07:41:08 PM [] []
[2025-10-16 19:45:56] SlimMonoLogger.INFO: Cron ran at: 16-10-2025 07:45:56 PM [] []
[2025-10-16 19:50:28] SlimMonoLogger.INFO: Cron ran at: 16-10-2025 07:50:28 PM [] []
[2025-10-16 19:55:29] SlimMonoLogger.INFO: Cron ran at: 16-10-2025 07:55:29 PM [] []
[2025-10-16 20:00:37] SlimMonoLogger.INFO: Cron ran at: 16-10-2025 08:00:37 PM [] []
[2025-10-16 20:05:27] SlimMonoLogger.INFO: Cron ran at: 16-10-2025 08:05:27 PM [] []
[2025-10-16 20:10:30] SlimMonoLogger.INFO: Cron ran at: 16-10-2025 08:10:30 PM [] []
[2025-10-16 20:15:27] SlimMonoLogger.INFO: Cron ran at: 16-10-2025 08:15:27 PM [] []
[2025-10-16 20:20:26] SlimMonoLogger.INFO: Cron ran at: 16-10-2025 08:20:26 PM [] []
[2025-10-16 20:25:27] SlimMonoLogger.INFO: Cron ran at: 16-10-2025 08:25:27 PM [] []
[2025-10-16 20:30:29] SlimMonoLogger.INFO: Cron ran at: 16-10-2025 08:30:29 PM [] []
[2025-10-16 20:35:32] SlimMonoLogger.INFO: Cron ran at: 16-10-2025 08:35:32 PM [] []
[2025-10-16 20:40:34] SlimMonoLogger.INFO: Cron ran at: 16-10-2025 08:40:34 PM [] []
[2025-10-16 20:45:31] SlimMonoLogger.INFO: Cron ran at: 16-10-2025 08:45:31 PM [] []
[2025-10-16 20:50:35] SlimMonoLogger.INFO: Cron ran at: 16-10-2025 08:50:35 PM [] []
[2025-10-16 20:55:32] SlimMonoLogger.INFO: Cron ran at: 16-10-2025 08:55:32 PM [] []
[2025-10-16 21:00:33] SlimMonoLogger.INFO: Cron ran at: 16-10-2025 09:00:33 PM [] []
[2025-10-16 21:05:34] SlimMonoLogger.INFO: Cron ran at: 16-10-2025 09:05:34 PM [] []
[2025-10-16 21:10:33] SlimMonoLogger.INFO: Cron ran at: 16-10-2025 09:10:33 PM [] []
[2025-10-16 21:15:27] SlimMonoLogger.INFO: Cron ran at: 16-10-2025 09:15:27 PM [] []
[2025-10-16 21:20:28] SlimMonoLogger.INFO: Cron ran at: 16-10-2025 09:20:28 PM [] []
[2025-10-16 21:25:32] SlimMonoLogger.INFO: Cron ran at: 16-10-2025 09:25:32 PM [] []
[2025-10-16 21:30:37] SlimMonoLogger.INFO: Cron ran at: 16-10-2025 09:30:37 PM [] []
[2025-10-16 21:35:33] SlimMonoLogger.INFO: Cron ran at: 16-10-2025 09:35:33 PM [] []
[2025-10-16 21:40:27] SlimMonoLogger.INFO: Cron ran at: 16-10-2025 09:40:27 PM [] []
[2025-10-16 21:45:41] SlimMonoLogger.INFO: Cron ran at: 16-10-2025 09:45:41 PM [] []
[2025-10-16 21:50:27] SlimMonoLogger.INFO: Cron ran at: 16-10-2025 09:50:27 PM [] []
[2025-10-16 21:55:28] SlimMonoLogger.INFO: Cron ran at: 16-10-2025 09:55:28 PM [] []
[2025-10-16 22:00:30] SlimMonoLogger.INFO: Cron ran at: 16-10-2025 10:00:30 PM [] []
[2025-10-16 22:05:24] SlimMonoLogger.INFO: Cron ran at: 16-10-2025 10:05:24 PM [] []
[2025-10-16 22:10:52] SlimMonoLogger.INFO: Cron ran at: 16-10-2025 10:10:52 PM [] []
[2025-10-16 22:15:35] SlimMonoLogger.INFO: Cron ran at: 16-10-2025 10:15:35 PM [] []
[2025-10-16 22:20:30] SlimMonoLogger.INFO: Cron ran at: 16-10-2025 10:20:30 PM [] []
[2025-10-16 22:25:30] SlimMonoLogger.INFO: Cron ran at: 16-10-2025 10:25:30 PM [] []
[2025-10-16 22:30:28] SlimMonoLogger.INFO: Cron ran at: 16-10-2025 10:30:28 PM [] []
[2025-10-16 22:35:30] SlimMonoLogger.INFO: Cron ran at: 16-10-2025 10:35:30 PM [] []
[2025-10-16 22:40:30] SlimMonoLogger.INFO: Cron ran at: 16-10-2025 10:40:30 PM [] []
[2025-10-16 22:45:28] SlimMonoLogger.INFO: Cron ran at: 16-10-2025 10:45:28 PM [] []
[2025-10-16 22:50:27] SlimMonoLogger.INFO: Cron ran at: 16-10-2025 10:50:27 PM [] []
[2025-10-16 22:55:31] SlimMonoLogger.INFO: Cron ran at: 16-10-2025 10:55:31 PM [] []
[2025-10-16 23:00:31] SlimMonoLogger.INFO: Cron ran at: 16-10-2025 11:00:31 PM [] []
[2025-10-16 23:05:38] SlimMonoLogger.INFO: Cron ran at: 16-10-2025 11:05:38 PM [] []
[2025-10-16 23:10:25] SlimMonoLogger.INFO: Cron ran at: 16-10-2025 11:10:25 PM [] []
[2025-10-16 23:15:37] SlimMonoLogger.INFO: Cron ran at: 16-10-2025 11:15:37 PM [] []
[2025-10-16 23:20:28] SlimMonoLogger.INFO: Cron ran at: 16-10-2025 11:20:28 PM [] []
[2025-10-16 23:25:29] SlimMonoLogger.INFO: Cron ran at: 16-10-2025 11:25:29 PM [] []
[2025-10-16 23:30:28] SlimMonoLogger.INFO: Cron ran at: 16-10-2025 11:30:28 PM [] []
[2025-10-16 23:35:28] SlimMonoLogger.INFO: Cron ran at: 16-10-2025 11:35:28 PM [] []
[2025-10-16 23:40:30] SlimMonoLogger.INFO: Cron ran at: 16-10-2025 11:40:30 PM [] []
[2025-10-16 23:45:24] SlimMonoLogger.INFO: Cron ran at: 16-10-2025 11:45:24 PM [] []
[2025-10-16 23:50:23] SlimMonoLogger.INFO: Cron ran at: 16-10-2025 11:50:23 PM [] []
[2025-10-16 23:55:24] SlimMonoLogger.INFO: Cron ran at: 16-10-2025 11:55:24 PM [] []
[2025-10-17 00:00:29] SlimMonoLogger.INFO: Cron ran at: 17-10-2025 12:00:29 AM [] []
[2025-10-17 00:05:28] SlimMonoLogger.INFO: Cron ran at: 17-10-2025 12:05:28 AM [] []
[2025-10-17 00:10:25] SlimMonoLogger.INFO: Cron ran at: 17-10-2025 12:10:25 AM [] []
[2025-10-17 00:15:31] SlimMonoLogger.INFO: Cron ran at: 17-10-2025 12:15:31 AM [] []
[2025-10-17 00:20:30] SlimMonoLogger.INFO: Cron ran at: 17-10-2025 12:20:30 AM [] []
[2025-10-17 00:25:30] SlimMonoLogger.INFO: Cron ran at: 17-10-2025 12:25:30 AM [] []
[2025-10-17 00:30:25] SlimMonoLogger.INFO: Cron ran at: 17-10-2025 12:30:25 AM [] []
[2025-10-17 00:35:26] SlimMonoLogger.INFO: Cron ran at: 17-10-2025 12:35:26 AM [] []
[2025-10-17 00:40:28] SlimMonoLogger.INFO: Cron ran at: 17-10-2025 12:40:28 AM [] []
[2025-10-17 00:45:27] SlimMonoLogger.INFO: Cron ran at: 17-10-2025 12:45:27 AM [] []
[2025-10-17 00:50:25] SlimMonoLogger.INFO: Cron ran at: 17-10-2025 12:50:25 AM [] []
[2025-10-17 00:55:25] SlimMonoLogger.INFO: Cron ran at: 17-10-2025 12:55:25 AM [] []
[2025-10-17 01:00:28] SlimMonoLogger.INFO: Cron ran at: 17-10-2025 01:00:28 AM [] []
[2025-10-17 01:05:27] SlimMonoLogger.INFO: Cron ran at: 17-10-2025 01:05:27 AM [] []
[2025-10-17 01:10:25] SlimMonoLogger.INFO: Cron ran at: 17-10-2025 01:10:25 AM [] []
[2025-10-17 01:15:25] SlimMonoLogger.INFO: Cron ran at: 17-10-2025 01:15:25 AM [] []
[2025-10-17 01:20:25] SlimMonoLogger.INFO: Cron ran at: 17-10-2025 01:20:25 AM [] []
[2025-10-17 01:25:27] SlimMonoLogger.INFO: Cron ran at: 17-10-2025 01:25:27 AM [] []
[2025-10-17 01:30:25] SlimMonoLogger.INFO: Cron ran at: 17-10-2025 01:30:25 AM [] []
[2025-10-17 01:35:33] SlimMonoLogger.INFO: Cron ran at: 17-10-2025 01:35:33 AM [] []
[2025-10-17 01:40:26] SlimMonoLogger.INFO: Cron ran at: 17-10-2025 01:40:26 AM [] []
[2025-10-17 01:45:27] SlimMonoLogger.INFO: Cron ran at: 17-10-2025 01:45:27 AM [] []
[2025-10-17 01:50:28] SlimMonoLogger.INFO: Cron ran at: 17-10-2025 01:50:28 AM [] []
[2025-10-17 01:55:25] SlimMonoLogger.INFO: Cron ran at: 17-10-2025 01:55:25 AM [] []
