[2025-03-17 01:00:28] SlimMonoLogger.INFO: Cron ran at: 17-03-2025 01:00:28 AM [] []
[2025-03-17 01:05:32] SlimMonoLogger.INFO: Cron ran at: 17-03-2025 01:05:32 AM [] []
[2025-03-17 01:10:29] SlimMonoLogger.INFO: Cron ran at: 17-03-2025 01:10:29 AM [] []
[2025-03-17 01:15:30] SlimMonoLogger.INFO: Cron ran at: 17-03-2025 01:15:30 AM [] []
[2025-03-17 01:20:31] SlimMonoLogger.INFO: Cron ran at: 17-03-2025 01:20:31 AM [] []
[2025-03-17 01:25:29] SlimMonoLogger.INFO: Cron ran at: 17-03-2025 01:25:29 AM [] []
[2025-03-17 01:30:26] SlimMonoLogger.INFO: Cron ran at: 17-03-2025 01:30:26 AM [] []
[2025-03-17 01:35:26] SlimMonoLogger.INFO: Cron ran at: 17-03-2025 01:35:26 AM [] []
[2025-03-17 01:40:28] SlimMonoLogger.INFO: Cron ran at: 17-03-2025 01:40:28 AM [] []
[2025-03-17 01:45:42] SlimMonoLogger.INFO: Cron ran at: 17-03-2025 01:45:42 AM [] []
[2025-03-17 01:50:25] SlimMonoLogger.INFO: Cron ran at: 17-03-2025 01:50:25 AM [] []
[2025-03-17 01:55:30] SlimMonoLogger.INFO: Cron ran at: 17-03-2025 01:55:30 AM [] []
[2025-03-17 02:00:28] SlimMonoLogger.INFO: Cron ran at: 17-03-2025 02:00:28 AM [] []
[2025-03-17 02:05:26] SlimMonoLogger.INFO: Cron ran at: 17-03-2025 02:05:26 AM [] []
[2025-03-17 02:10:27] SlimMonoLogger.INFO: Cron ran at: 17-03-2025 02:10:27 AM [] []
[2025-03-17 02:15:23] SlimMonoLogger.INFO: Cron ran at: 17-03-2025 02:15:23 AM [] []
[2025-03-17 02:20:25] SlimMonoLogger.INFO: Cron ran at: 17-03-2025 02:20:25 AM [] []
[2025-03-17 02:25:27] SlimMonoLogger.INFO: Cron ran at: 17-03-2025 02:25:27 AM [] []
[2025-03-17 02:30:27] SlimMonoLogger.INFO: Cron ran at: 17-03-2025 02:30:27 AM [] []
[2025-03-17 02:35:27] SlimMonoLogger.INFO: Cron ran at: 17-03-2025 02:35:27 AM [] []
[2025-03-17 02:40:28] SlimMonoLogger.INFO: Cron ran at: 17-03-2025 02:40:28 AM [] []
[2025-03-17 02:45:27] SlimMonoLogger.INFO: Cron ran at: 17-03-2025 02:45:27 AM [] []
[2025-03-17 02:50:27] SlimMonoLogger.INFO: Cron ran at: 17-03-2025 02:50:27 AM [] []
[2025-03-17 02:55:36] SlimMonoLogger.INFO: Cron ran at: 17-03-2025 02:55:36 AM [] []
[2025-03-17 03:00:28] SlimMonoLogger.INFO: Cron ran at: 17-03-2025 03:00:28 AM [] []
[2025-03-17 03:05:27] SlimMonoLogger.INFO: Cron ran at: 17-03-2025 03:05:27 AM [] []
[2025-03-17 03:10:27] SlimMonoLogger.INFO: Cron ran at: 17-03-2025 03:10:27 AM [] []
[2025-03-17 03:15:25] SlimMonoLogger.INFO: Cron ran at: 17-03-2025 03:15:25 AM [] []
[2025-03-17 03:20:27] SlimMonoLogger.INFO: Cron ran at: 17-03-2025 03:20:27 AM [] []
[2025-03-17 03:25:26] SlimMonoLogger.INFO: Cron ran at: 17-03-2025 03:25:26 AM [] []
[2025-03-17 03:30:31] SlimMonoLogger.INFO: Cron ran at: 17-03-2025 03:30:31 AM [] []
[2025-03-17 03:35:26] SlimMonoLogger.INFO: Cron ran at: 17-03-2025 03:35:26 AM [] []
[2025-03-17 03:40:25] SlimMonoLogger.INFO: Cron ran at: 17-03-2025 03:40:25 AM [] []
[2025-03-17 03:45:25] SlimMonoLogger.INFO: Cron ran at: 17-03-2025 03:45:25 AM [] []
[2025-03-17 03:50:27] SlimMonoLogger.INFO: Cron ran at: 17-03-2025 03:50:27 AM [] []
[2025-03-17 03:55:24] SlimMonoLogger.INFO: Cron ran at: 17-03-2025 03:55:24 AM [] []
[2025-03-17 04:00:30] SlimMonoLogger.INFO: Cron ran at: 17-03-2025 04:00:30 AM [] []
[2025-03-17 04:05:23] SlimMonoLogger.INFO: Cron ran at: 17-03-2025 04:05:23 AM [] []
[2025-03-17 04:10:23] SlimMonoLogger.INFO: Cron ran at: 17-03-2025 04:10:23 AM [] []
[2025-03-17 04:15:32] SlimMonoLogger.INFO: Cron ran at: 17-03-2025 04:15:32 AM [] []
[2025-03-17 04:20:24] SlimMonoLogger.INFO: Cron ran at: 17-03-2025 04:20:24 AM [] []
[2025-03-17 04:25:24] SlimMonoLogger.INFO: Cron ran at: 17-03-2025 04:25:24 AM [] []
[2025-03-17 04:30:29] SlimMonoLogger.INFO: Cron ran at: 17-03-2025 04:30:29 AM [] []
[2025-03-17 04:35:25] SlimMonoLogger.INFO: Cron ran at: 17-03-2025 04:35:25 AM [] []
[2025-03-17 04:40:30] SlimMonoLogger.INFO: Cron ran at: 17-03-2025 04:40:30 AM [] []
[2025-03-17 04:45:24] SlimMonoLogger.INFO: Cron ran at: 17-03-2025 04:45:24 AM [] []
[2025-03-17 04:50:30] SlimMonoLogger.INFO: Cron ran at: 17-03-2025 04:50:30 AM [] []
[2025-03-17 04:55:27] SlimMonoLogger.INFO: Cron ran at: 17-03-2025 04:55:27 AM [] []
[2025-03-17 05:00:36] SlimMonoLogger.INFO: Cron ran at: 17-03-2025 05:00:36 AM [] []
[2025-03-17 05:05:27] SlimMonoLogger.INFO: Cron ran at: 17-03-2025 05:05:27 AM [] []
[2025-03-17 05:10:28] SlimMonoLogger.INFO: Cron ran at: 17-03-2025 05:10:28 AM [] []
[2025-03-17 05:15:27] SlimMonoLogger.INFO: Cron ran at: 17-03-2025 05:15:27 AM [] []
[2025-03-17 05:20:28] SlimMonoLogger.INFO: Cron ran at: 17-03-2025 05:20:28 AM [] []
[2025-03-17 05:25:29] SlimMonoLogger.INFO: Cron ran at: 17-03-2025 05:25:29 AM [] []
[2025-03-17 05:30:29] SlimMonoLogger.INFO: Cron ran at: 17-03-2025 05:30:29 AM [] []
[2025-03-17 05:35:22] SlimMonoLogger.INFO: Cron ran at: 17-03-2025 05:35:22 AM [] []
[2025-03-17 05:40:26] SlimMonoLogger.INFO: Cron ran at: 17-03-2025 05:40:26 AM [] []
[2025-03-17 05:45:27] SlimMonoLogger.INFO: Cron ran at: 17-03-2025 05:45:27 AM [] []
[2025-03-17 05:50:26] SlimMonoLogger.INFO: Cron ran at: 17-03-2025 05:50:26 AM [] []
[2025-03-17 05:55:27] SlimMonoLogger.INFO: Cron ran at: 17-03-2025 05:55:27 AM [] []
[2025-03-17 06:00:27] SlimMonoLogger.INFO: Cron ran at: 17-03-2025 06:00:27 AM [] []
[2025-03-17 06:05:25] SlimMonoLogger.INFO: Cron ran at: 17-03-2025 06:05:25 AM [] []
[2025-03-17 06:10:25] SlimMonoLogger.INFO: Cron ran at: 17-03-2025 06:10:25 AM [] []
[2025-03-17 06:15:29] SlimMonoLogger.INFO: Cron ran at: 17-03-2025 06:15:29 AM [] []
[2025-03-17 06:20:26] SlimMonoLogger.INFO: Cron ran at: 17-03-2025 06:20:26 AM [] []
[2025-03-17 06:25:27] SlimMonoLogger.INFO: Cron ran at: 17-03-2025 06:25:27 AM [] []
[2025-03-17 06:30:30] SlimMonoLogger.INFO: Cron ran at: 17-03-2025 06:30:30 AM [] []
[2025-03-17 06:35:28] SlimMonoLogger.INFO: Cron ran at: 17-03-2025 06:35:28 AM [] []
[2025-03-17 06:40:26] SlimMonoLogger.INFO: Cron ran at: 17-03-2025 06:40:26 AM [] []
[2025-03-17 06:45:24] SlimMonoLogger.INFO: Cron ran at: 17-03-2025 06:45:24 AM [] []
[2025-03-17 06:50:28] SlimMonoLogger.INFO: Cron ran at: 17-03-2025 06:50:28 AM [] []
[2025-03-17 06:55:23] SlimMonoLogger.INFO: Cron ran at: 17-03-2025 06:55:23 AM [] []
[2025-03-17 07:00:30] SlimMonoLogger.INFO: Cron ran at: 17-03-2025 07:00:30 AM [] []
[2025-03-17 07:05:27] SlimMonoLogger.INFO: Cron ran at: 17-03-2025 07:05:27 AM [] []
[2025-03-17 07:10:27] SlimMonoLogger.INFO: Cron ran at: 17-03-2025 07:10:27 AM [] []
[2025-03-17 07:15:23] SlimMonoLogger.INFO: Cron ran at: 17-03-2025 07:15:23 AM [] []
[2025-03-17 07:20:28] SlimMonoLogger.INFO: Cron ran at: 17-03-2025 07:20:28 AM [] []
[2025-03-17 07:25:27] SlimMonoLogger.INFO: Cron ran at: 17-03-2025 07:25:27 AM [] []
[2025-03-17 07:30:30] SlimMonoLogger.INFO: Cron ran at: 17-03-2025 07:30:30 AM [] []
[2025-03-17 07:35:26] SlimMonoLogger.INFO: Cron ran at: 17-03-2025 07:35:26 AM [] []
[2025-03-17 07:40:30] SlimMonoLogger.INFO: Cron ran at: 17-03-2025 07:40:30 AM [] []
[2025-03-17 07:45:31] SlimMonoLogger.INFO: Cron ran at: 17-03-2025 07:45:31 AM [] []
[2025-03-17 07:50:30] SlimMonoLogger.INFO: Cron ran at: 17-03-2025 07:50:30 AM [] []
[2025-03-17 07:55:30] SlimMonoLogger.INFO: Cron ran at: 17-03-2025 07:55:30 AM [] []
[2025-03-17 08:00:29] SlimMonoLogger.INFO: Cron ran at: 17-03-2025 08:00:29 AM [] []
[2025-03-17 08:05:30] SlimMonoLogger.INFO: Cron ran at: 17-03-2025 08:05:30 AM [] []
[2025-03-17 08:10:30] SlimMonoLogger.INFO: Cron ran at: 17-03-2025 08:10:30 AM [] []
[2025-03-17 08:15:32] SlimMonoLogger.INFO: Cron ran at: 17-03-2025 08:15:32 AM [] []
[2025-03-17 08:20:27] SlimMonoLogger.INFO: Cron ran at: 17-03-2025 08:20:27 AM [] []
[2025-03-17 08:25:27] SlimMonoLogger.INFO: Cron ran at: 17-03-2025 08:25:27 AM [] []
[2025-03-17 08:30:24] SlimMonoLogger.INFO: Cron ran at: 17-03-2025 08:30:24 AM [] []
[2025-03-17 08:35:29] SlimMonoLogger.INFO: Cron ran at: 17-03-2025 08:35:29 AM [] []
[2025-03-17 08:40:36] SlimMonoLogger.INFO: Cron ran at: 17-03-2025 08:40:36 AM [] []
[2025-03-17 08:45:32] SlimMonoLogger.INFO: Cron ran at: 17-03-2025 08:45:32 AM [] []
[2025-03-17 08:50:31] SlimMonoLogger.INFO: Cron ran at: 17-03-2025 08:50:31 AM [] []
[2025-03-17 08:55:30] SlimMonoLogger.INFO: Cron ran at: 17-03-2025 08:55:30 AM [] []
[2025-03-17 09:00:30] SlimMonoLogger.INFO: Cron ran at: 17-03-2025 09:00:30 AM [] []
[2025-03-17 09:05:37] SlimMonoLogger.INFO: Cron ran at: 17-03-2025 09:05:37 AM [] []
[2025-03-17 09:10:31] SlimMonoLogger.INFO: Cron ran at: 17-03-2025 09:10:31 AM [] []
[2025-03-17 09:15:40] SlimMonoLogger.INFO: Cron ran at: 17-03-2025 09:15:40 AM [] []
[2025-03-17 09:22:48] SlimMonoLogger.INFO: Cron ran at: 17-03-2025 09:22:48 AM [] []
[2025-03-17 09:26:24] SlimMonoLogger.INFO: Cron ran at: 17-03-2025 09:26:24 AM [] []
[2025-03-17 09:30:33] SlimMonoLogger.INFO: Cron ran at: 17-03-2025 09:30:33 AM [] []
[2025-03-17 09:35:29] SlimMonoLogger.INFO: Cron ran at: 17-03-2025 09:35:29 AM [] []
[2025-03-17 09:40:35] SlimMonoLogger.INFO: Cron ran at: 17-03-2025 09:40:35 AM [] []
[2025-03-17 09:45:30] SlimMonoLogger.INFO: Cron ran at: 17-03-2025 09:45:30 AM [] []
[2025-03-17 09:50:26] SlimMonoLogger.INFO: Cron ran at: 17-03-2025 09:50:26 AM [] []
[2025-03-17 09:55:44] SlimMonoLogger.INFO: Cron ran at: 17-03-2025 09:55:44 AM [] []
[2025-03-17 10:00:36] SlimMonoLogger.INFO: Cron ran at: 17-03-2025 10:00:36 AM [] []
[2025-03-17 10:05:34] SlimMonoLogger.INFO: Cron ran at: 17-03-2025 10:05:34 AM [] []
[2025-03-17 10:10:32] SlimMonoLogger.INFO: Cron ran at: 17-03-2025 10:10:32 AM [] []
[2025-03-17 10:15:35] SlimMonoLogger.INFO: Cron ran at: 17-03-2025 10:15:35 AM [] []
[2025-03-17 10:20:31] SlimMonoLogger.INFO: Cron ran at: 17-03-2025 10:20:31 AM [] []
[2025-03-17 10:25:31] SlimMonoLogger.INFO: Cron ran at: 17-03-2025 10:25:31 AM [] []
[2025-03-17 10:30:40] SlimMonoLogger.INFO: Cron ran at: 17-03-2025 10:30:40 AM [] []
[2025-03-17 10:35:35] SlimMonoLogger.INFO: Cron ran at: 17-03-2025 10:35:35 AM [] []
[2025-03-17 10:40:37] SlimMonoLogger.INFO: Cron ran at: 17-03-2025 10:40:37 AM [] []
[2025-03-17 10:45:34] SlimMonoLogger.INFO: Cron ran at: 17-03-2025 10:45:34 AM [] []
[2025-03-17 10:50:28] SlimMonoLogger.INFO: Cron ran at: 17-03-2025 10:50:28 AM [] []
[2025-03-17 10:55:34] SlimMonoLogger.INFO: Cron ran at: 17-03-2025 10:55:34 AM [] []
[2025-03-17 11:00:35] SlimMonoLogger.INFO: Cron ran at: 17-03-2025 11:00:35 AM [] []
[2025-03-17 11:05:31] SlimMonoLogger.INFO: Cron ran at: 17-03-2025 11:05:31 AM [] []
[2025-03-17 11:10:31] SlimMonoLogger.INFO: Cron ran at: 17-03-2025 11:10:31 AM [] []
[2025-03-17 11:15:31] SlimMonoLogger.INFO: Cron ran at: 17-03-2025 11:15:31 AM [] []
[2025-03-17 11:20:36] SlimMonoLogger.INFO: Cron ran at: 17-03-2025 11:20:36 AM [] []
[2025-03-17 11:25:28] SlimMonoLogger.INFO: Cron ran at: 17-03-2025 11:25:28 AM [] []
[2025-03-17 11:30:33] SlimMonoLogger.INFO: Cron ran at: 17-03-2025 11:30:33 AM [] []
[2025-03-17 11:35:32] SlimMonoLogger.INFO: Cron ran at: 17-03-2025 11:35:32 AM [] []
[2025-03-17 11:40:32] SlimMonoLogger.INFO: Cron ran at: 17-03-2025 11:40:32 AM [] []
[2025-03-17 11:45:31] SlimMonoLogger.INFO: Cron ran at: 17-03-2025 11:45:31 AM [] []
[2025-03-17 11:50:31] SlimMonoLogger.INFO: Cron ran at: 17-03-2025 11:50:31 AM [] []
[2025-03-17 11:55:31] SlimMonoLogger.INFO: Cron ran at: 17-03-2025 11:55:31 AM [] []
[2025-03-17 12:00:36] SlimMonoLogger.INFO: Cron ran at: 17-03-2025 12:00:36 PM [] []
[2025-03-17 12:05:27] SlimMonoLogger.INFO: Cron ran at: 17-03-2025 12:05:27 PM [] []
[2025-03-17 12:10:31] SlimMonoLogger.INFO: Cron ran at: 17-03-2025 12:10:31 PM [] []
[2025-03-17 12:15:31] SlimMonoLogger.INFO: Cron ran at: 17-03-2025 12:15:31 PM [] []
[2025-03-17 12:20:33] SlimMonoLogger.INFO: Cron ran at: 17-03-2025 12:20:33 PM [] []
[2025-03-17 12:25:29] SlimMonoLogger.INFO: Cron ran at: 17-03-2025 12:25:29 PM [] []
[2025-03-17 12:30:35] SlimMonoLogger.INFO: Cron ran at: 17-03-2025 12:30:35 PM [] []
[2025-03-17 12:35:34] SlimMonoLogger.INFO: Cron ran at: 17-03-2025 12:35:34 PM [] []
[2025-03-17 12:40:31] SlimMonoLogger.INFO: Cron ran at: 17-03-2025 12:40:31 PM [] []
[2025-03-17 12:45:39] SlimMonoLogger.INFO: Cron ran at: 17-03-2025 12:45:39 PM [] []
[2025-03-17 12:50:28] SlimMonoLogger.INFO: Cron ran at: 17-03-2025 12:50:28 PM [] []
[2025-03-17 12:55:35] SlimMonoLogger.INFO: Cron ran at: 17-03-2025 12:55:35 PM [] []
[2025-03-17 13:00:32] SlimMonoLogger.INFO: Cron ran at: 17-03-2025 01:00:32 PM [] []
[2025-03-17 13:05:29] SlimMonoLogger.INFO: Cron ran at: 17-03-2025 01:05:29 PM [] []
[2025-03-17 13:10:54] SlimMonoLogger.INFO: Cron ran at: 17-03-2025 01:10:54 PM [] []
[2025-03-17 13:15:43] SlimMonoLogger.INFO: Cron ran at: 17-03-2025 01:15:43 PM [] []
[2025-03-17 13:21:00] SlimMonoLogger.INFO: Cron ran at: 17-03-2025 01:21:00 PM [] []
[2025-03-17 13:25:50] SlimMonoLogger.INFO: Cron ran at: 17-03-2025 01:25:50 PM [] []
[2025-03-17 13:30:38] SlimMonoLogger.INFO: Cron ran at: 17-03-2025 01:30:38 PM [] []
[2025-03-17 13:35:40] SlimMonoLogger.INFO: Cron ran at: 17-03-2025 01:35:40 PM [] []
[2025-03-17 13:40:44] SlimMonoLogger.INFO: Cron ran at: 17-03-2025 01:40:44 PM [] []
[2025-03-17 13:45:34] SlimMonoLogger.INFO: Cron ran at: 17-03-2025 01:45:34 PM [] []
[2025-03-17 13:50:36] SlimMonoLogger.INFO: Cron ran at: 17-03-2025 01:50:36 PM [] []
[2025-03-17 13:55:32] SlimMonoLogger.INFO: Cron ran at: 17-03-2025 01:55:32 PM [] []
[2025-03-17 14:00:44] SlimMonoLogger.INFO: Cron ran at: 17-03-2025 02:00:44 PM [] []
[2025-03-17 14:05:31] SlimMonoLogger.INFO: Cron ran at: 17-03-2025 02:05:31 PM [] []
[2025-03-17 14:10:27] SlimMonoLogger.INFO: Cron ran at: 17-03-2025 02:10:27 PM [] []
[2025-03-17 14:15:34] SlimMonoLogger.INFO: Cron ran at: 17-03-2025 02:15:34 PM [] []
[2025-03-17 14:20:37] SlimMonoLogger.INFO: Cron ran at: 17-03-2025 02:20:37 PM [] []
[2025-03-17 14:25:34] SlimMonoLogger.INFO: Cron ran at: 17-03-2025 02:25:34 PM [] []
[2025-03-17 14:30:37] SlimMonoLogger.INFO: Cron ran at: 17-03-2025 02:30:37 PM [] []
[2025-03-17 14:35:33] SlimMonoLogger.INFO: Cron ran at: 17-03-2025 02:35:33 PM [] []
[2025-03-17 14:40:35] SlimMonoLogger.INFO: Cron ran at: 17-03-2025 02:40:35 PM [] []
[2025-03-17 14:45:30] SlimMonoLogger.INFO: Cron ran at: 17-03-2025 02:45:30 PM [] []
[2025-03-17 14:50:33] SlimMonoLogger.INFO: Cron ran at: 17-03-2025 02:50:33 PM [] []
[2025-03-17 14:55:33] SlimMonoLogger.INFO: Cron ran at: 17-03-2025 02:55:33 PM [] []
[2025-03-17 15:00:38] SlimMonoLogger.INFO: Cron ran at: 17-03-2025 03:00:38 PM [] []
[2025-03-17 15:05:42] SlimMonoLogger.INFO: Cron ran at: 17-03-2025 03:05:42 PM [] []
[2025-03-17 15:10:33] SlimMonoLogger.INFO: Cron ran at: 17-03-2025 03:10:33 PM [] []
[2025-03-17 15:15:33] SlimMonoLogger.INFO: Cron ran at: 17-03-2025 03:15:33 PM [] []
[2025-03-17 15:20:46] SlimMonoLogger.INFO: Cron ran at: 17-03-2025 03:20:46 PM [] []
[2025-03-17 15:25:27] SlimMonoLogger.INFO: Cron ran at: 17-03-2025 03:25:27 PM [] []
[2025-03-17 15:30:36] SlimMonoLogger.INFO: Cron ran at: 17-03-2025 03:30:36 PM [] []
[2025-03-17 15:35:43] SlimMonoLogger.INFO: Cron ran at: 17-03-2025 03:35:43 PM [] []
[2025-03-17 15:40:31] SlimMonoLogger.INFO: Cron ran at: 17-03-2025 03:40:31 PM [] []
[2025-03-17 15:45:36] SlimMonoLogger.INFO: Cron ran at: 17-03-2025 03:45:36 PM [] []
[2025-03-17 15:50:35] SlimMonoLogger.INFO: Cron ran at: 17-03-2025 03:50:35 PM [] []
[2025-03-17 15:55:27] SlimMonoLogger.INFO: Cron ran at: 17-03-2025 03:55:27 PM [] []
[2025-03-17 16:00:34] SlimMonoLogger.INFO: Cron ran at: 17-03-2025 04:00:34 PM [] []
[2025-03-17 16:06:05] SlimMonoLogger.INFO: Cron ran at: 17-03-2025 04:06:05 PM [] []
[2025-03-17 16:10:43] SlimMonoLogger.INFO: Cron ran at: 17-03-2025 04:10:43 PM [] []
[2025-03-17 16:15:33] SlimMonoLogger.INFO: Cron ran at: 17-03-2025 04:15:33 PM [] []
[2025-03-17 16:20:40] SlimMonoLogger.INFO: Cron ran at: 17-03-2025 04:20:40 PM [] []
[2025-03-17 16:25:32] SlimMonoLogger.INFO: Cron ran at: 17-03-2025 04:25:32 PM [] []
[2025-03-17 16:30:52] SlimMonoLogger.INFO: Cron ran at: 17-03-2025 04:30:52 PM [] []
[2025-03-17 16:35:32] SlimMonoLogger.INFO: Cron ran at: 17-03-2025 04:35:32 PM [] []
[2025-03-17 16:40:34] SlimMonoLogger.INFO: Cron ran at: 17-03-2025 04:40:34 PM [] []
[2025-03-17 16:45:32] SlimMonoLogger.INFO: Cron ran at: 17-03-2025 04:45:32 PM [] []
[2025-03-17 16:50:27] SlimMonoLogger.INFO: Cron ran at: 17-03-2025 04:50:27 PM [] []
[2025-03-17 16:55:42] SlimMonoLogger.INFO: Cron ran at: 17-03-2025 04:55:42 PM [] []
[2025-03-17 17:00:39] SlimMonoLogger.INFO: Cron ran at: 17-03-2025 05:00:39 PM [] []
[2025-03-17 17:05:31] SlimMonoLogger.INFO: Cron ran at: 17-03-2025 05:05:31 PM [] []
[2025-03-17 17:10:30] SlimMonoLogger.INFO: Cron ran at: 17-03-2025 05:10:30 PM [] []
[2025-03-17 17:15:34] SlimMonoLogger.INFO: Cron ran at: 17-03-2025 05:15:34 PM [] []
[2025-03-17 17:20:35] SlimMonoLogger.INFO: Cron ran at: 17-03-2025 05:20:35 PM [] []
[2025-03-17 17:25:33] SlimMonoLogger.INFO: Cron ran at: 17-03-2025 05:25:33 PM [] []
[2025-03-17 17:30:31] SlimMonoLogger.INFO: Cron ran at: 17-03-2025 05:30:31 PM [] []
[2025-03-17 17:35:43] SlimMonoLogger.INFO: Cron ran at: 17-03-2025 05:35:43 PM [] []
[2025-03-17 17:40:36] SlimMonoLogger.INFO: Cron ran at: 17-03-2025 05:40:36 PM [] []
[2025-03-17 17:45:31] SlimMonoLogger.INFO: Cron ran at: 17-03-2025 05:45:31 PM [] []
[2025-03-17 17:50:59] SlimMonoLogger.INFO: Cron ran at: 17-03-2025 05:50:59 PM [] []
[2025-03-17 17:56:15] SlimMonoLogger.INFO: Cron ran at: 17-03-2025 05:56:15 PM [] []
[2025-03-17 18:00:48] SlimMonoLogger.INFO: Cron ran at: 17-03-2025 06:00:48 PM [] []
[2025-03-17 18:05:36] SlimMonoLogger.INFO: Cron ran at: 17-03-2025 06:05:36 PM [] []
[2025-03-17 18:12:25] SlimMonoLogger.ERROR: Requests_Exception: cURL error 28: Failed to connect to antropol.mk port 443 after 129134 ms: Could not connect to server in /home/latihtal/public_html/agregator1/src/vendor/rmccue/requests/library/Requests/Transport/cURL.php:422
Stack trace:
#0 /home/latihtal/public_html/agregator1/src/vendor/rmccue/requests/library/Requests/Transport/cURL.php(177): Requests_Transport_cURL->process_response()
#1 /home/latihtal/public_html/agregator1/src/vendor/rmccue/requests/library/Requests.php(379): Requests_Transport_cURL->request()
#2 /home/latihtal/public_html/agregator1/src/vendor/rmccue/requests/library/Requests/Session.php(205): Requests::request()
#3 /home/latihtal/public_html/agregator1/src/vendor/rmccue/requests/library/Requests/Session.php(132): Requests_Session->request()
#4 /home/latihtal/public_html/agregator1/src/drivers/Http/RssImporter.php(144): Requests_Session->get()
#5 /home/latihtal/public_html/agregator1/src/controllers/Dashboard/DashboardFeedsController.php(534): spark\drivers\Http\RssImporter->fetchPosts()
#6 /home/latihtal/public_html/agregator1/src/controllers/Site/SiteController.php(722): spark\controllers\Dashboard\DashboardFeedsController::importFeedPosts()
#7 [internal function]: spark\controllers\Site\SiteController->runTasks()
#8 /home/latihtal/public_html/agregator1/src/framework/Route.php(173): call_user_func_array()
#9 [internal function]: Slim\Route->Slim\{closure}()
#10 /home/latihtal/public_html/agregator1/src/framework/Route.php(468): call_user_func_array()
#11 /home/latihtal/public_html/agregator1/src/framework/Slim.php(1364): Slim\Route->dispatch()
#12 /home/latihtal/public_html/agregator1/src/framework/Middleware/Flash.php(85): Slim\Slim->call()
#13 /home/latihtal/public_html/agregator1/src/framework/Middleware/MethodOverride.php(92): Slim\Middleware\Flash->call()
#14 /home/latihtal/public_html/agregator1/src/middlewares/CsrfGuard/CsrfGuard.php(47): Slim\Middleware\MethodOverride->call()
#15 /home/latihtal/public_html/agregator1/src/framework/Middleware/PrettyExceptions.php(67): spark\middlewares\CsrfGuard\CsrfGuard->call()
#16 /home/latihtal/public_html/agregator1/src/framework/Slim.php(1308): Slim\Middleware\PrettyExceptions->call()
#17 /home/latihtal/public_html/agregator1/index.php(6): Slim\Slim->run()
#18 {main} [] []
[2025-03-17 18:12:45] SlimMonoLogger.INFO: Cron ran at: 17-03-2025 06:12:45 PM [] []
[2025-03-17 18:15:43] SlimMonoLogger.INFO: Cron ran at: 17-03-2025 06:15:43 PM [] []
[2025-03-17 18:20:40] SlimMonoLogger.INFO: Cron ran at: 17-03-2025 06:20:40 PM [] []
[2025-03-17 18:25:41] SlimMonoLogger.INFO: Cron ran at: 17-03-2025 06:25:41 PM [] []
[2025-03-17 18:30:37] SlimMonoLogger.INFO: Cron ran at: 17-03-2025 06:30:37 PM [] []
[2025-03-17 18:35:30] SlimMonoLogger.INFO: Cron ran at: 17-03-2025 06:35:30 PM [] []
[2025-03-17 18:40:36] SlimMonoLogger.INFO: Cron ran at: 17-03-2025 06:40:36 PM [] []
[2025-03-17 18:45:36] SlimMonoLogger.INFO: Cron ran at: 17-03-2025 06:45:36 PM [] []
[2025-03-17 18:50:29] SlimMonoLogger.INFO: Cron ran at: 17-03-2025 06:50:29 PM [] []
[2025-03-17 18:55:33] SlimMonoLogger.INFO: Cron ran at: 17-03-2025 06:55:33 PM [] []
[2025-03-17 19:00:33] SlimMonoLogger.INFO: Cron ran at: 17-03-2025 07:00:33 PM [] []
[2025-03-17 19:05:31] SlimMonoLogger.INFO: Cron ran at: 17-03-2025 07:05:31 PM [] []
[2025-03-17 19:10:30] SlimMonoLogger.INFO: Cron ran at: 17-03-2025 07:10:30 PM [] []
[2025-03-17 19:15:32] SlimMonoLogger.INFO: Cron ran at: 17-03-2025 07:15:32 PM [] []
[2025-03-17 19:20:36] SlimMonoLogger.INFO: Cron ran at: 17-03-2025 07:20:36 PM [] []
[2025-03-17 19:25:36] SlimMonoLogger.INFO: Cron ran at: 17-03-2025 07:25:36 PM [] []
[2025-03-17 19:30:35] SlimMonoLogger.INFO: Cron ran at: 17-03-2025 07:30:35 PM [] []
[2025-03-17 19:35:41] SlimMonoLogger.INFO: Cron ran at: 17-03-2025 07:35:41 PM [] []
[2025-03-17 19:40:58] SlimMonoLogger.INFO: Cron ran at: 17-03-2025 07:40:58 PM [] []
[2025-03-17 19:46:01] SlimMonoLogger.INFO: Cron ran at: 17-03-2025 07:46:01 PM [] []
[2025-03-17 19:50:39] SlimMonoLogger.INFO: Cron ran at: 17-03-2025 07:50:39 PM [] []
[2025-03-17 19:55:51] SlimMonoLogger.INFO: Cron ran at: 17-03-2025 07:55:51 PM [] []
[2025-03-17 20:00:49] SlimMonoLogger.INFO: Cron ran at: 17-03-2025 08:00:49 PM [] []
[2025-03-17 20:05:51] SlimMonoLogger.INFO: Cron ran at: 17-03-2025 08:05:51 PM [] []
[2025-03-17 20:10:37] SlimMonoLogger.INFO: Cron ran at: 17-03-2025 08:10:37 PM [] []
[2025-03-17 20:15:41] SlimMonoLogger.INFO: Cron ran at: 17-03-2025 08:15:41 PM [] []
[2025-03-17 20:20:40] SlimMonoLogger.INFO: Cron ran at: 17-03-2025 08:20:40 PM [] []
[2025-03-17 20:25:42] SlimMonoLogger.INFO: Cron ran at: 17-03-2025 08:25:42 PM [] []
[2025-03-17 20:30:38] SlimMonoLogger.INFO: Cron ran at: 17-03-2025 08:30:38 PM [] []
[2025-03-17 20:35:35] SlimMonoLogger.INFO: Cron ran at: 17-03-2025 08:35:35 PM [] []
[2025-03-17 20:40:41] SlimMonoLogger.INFO: Cron ran at: 17-03-2025 08:40:41 PM [] []
[2025-03-17 20:45:46] SlimMonoLogger.INFO: Cron ran at: 17-03-2025 08:45:46 PM [] []
[2025-03-17 20:50:36] SlimMonoLogger.INFO: Cron ran at: 17-03-2025 08:50:36 PM [] []
[2025-03-17 20:55:33] SlimMonoLogger.INFO: Cron ran at: 17-03-2025 08:55:33 PM [] []
[2025-03-17 21:00:35] SlimMonoLogger.INFO: Cron ran at: 17-03-2025 09:00:35 PM [] []
[2025-03-17 21:05:28] SlimMonoLogger.INFO: Cron ran at: 17-03-2025 09:05:28 PM [] []
[2025-03-17 21:10:28] SlimMonoLogger.INFO: Cron ran at: 17-03-2025 09:10:28 PM [] []
[2025-03-17 21:15:35] SlimMonoLogger.INFO: Cron ran at: 17-03-2025 09:15:35 PM [] []
[2025-03-17 21:20:39] SlimMonoLogger.INFO: Cron ran at: 17-03-2025 09:20:39 PM [] []
[2025-03-17 21:25:35] SlimMonoLogger.INFO: Cron ran at: 17-03-2025 09:25:35 PM [] []
[2025-03-17 21:30:44] SlimMonoLogger.INFO: Cron ran at: 17-03-2025 09:30:44 PM [] []
[2025-03-17 21:35:37] SlimMonoLogger.INFO: Cron ran at: 17-03-2025 09:35:37 PM [] []
[2025-03-17 21:40:41] SlimMonoLogger.INFO: Cron ran at: 17-03-2025 09:40:41 PM [] []
[2025-03-17 21:45:37] SlimMonoLogger.INFO: Cron ran at: 17-03-2025 09:45:37 PM [] []
[2025-03-17 21:50:39] SlimMonoLogger.INFO: Cron ran at: 17-03-2025 09:50:39 PM [] []
[2025-03-17 21:55:32] SlimMonoLogger.INFO: Cron ran at: 17-03-2025 09:55:32 PM [] []
[2025-03-17 22:00:40] SlimMonoLogger.INFO: Cron ran at: 17-03-2025 10:00:40 PM [] []
[2025-03-17 22:05:32] SlimMonoLogger.INFO: Cron ran at: 17-03-2025 10:05:32 PM [] []
[2025-03-17 22:10:33] SlimMonoLogger.INFO: Cron ran at: 17-03-2025 10:10:33 PM [] []
[2025-03-17 22:15:38] SlimMonoLogger.INFO: Cron ran at: 17-03-2025 10:15:38 PM [] []
[2025-03-17 22:20:42] SlimMonoLogger.INFO: Cron ran at: 17-03-2025 10:20:42 PM [] []
[2025-03-17 22:25:36] SlimMonoLogger.INFO: Cron ran at: 17-03-2025 10:25:36 PM [] []
[2025-03-17 22:30:32] SlimMonoLogger.INFO: Cron ran at: 17-03-2025 10:30:32 PM [] []
[2025-03-17 22:35:36] SlimMonoLogger.INFO: Cron ran at: 17-03-2025 10:35:36 PM [] []
[2025-03-17 22:40:32] SlimMonoLogger.INFO: Cron ran at: 17-03-2025 10:40:32 PM [] []
[2025-03-17 22:45:35] SlimMonoLogger.INFO: Cron ran at: 17-03-2025 10:45:35 PM [] []
[2025-03-17 22:50:32] SlimMonoLogger.INFO: Cron ran at: 17-03-2025 10:50:32 PM [] []
[2025-03-17 22:55:35] SlimMonoLogger.INFO: Cron ran at: 17-03-2025 10:55:35 PM [] []
[2025-03-17 23:00:34] SlimMonoLogger.INFO: Cron ran at: 17-03-2025 11:00:34 PM [] []
[2025-03-17 23:05:33] SlimMonoLogger.INFO: Cron ran at: 17-03-2025 11:05:33 PM [] []
[2025-03-17 23:12:27] SlimMonoLogger.ERROR: Requests_Exception: cURL error 28: Failed to connect to antropol.mk port 443 after 128844 ms: Could not connect to server in /home/latihtal/public_html/agregator1/src/vendor/rmccue/requests/library/Requests/Transport/cURL.php:422
Stack trace:
#0 /home/latihtal/public_html/agregator1/src/vendor/rmccue/requests/library/Requests/Transport/cURL.php(177): Requests_Transport_cURL->process_response()
#1 /home/latihtal/public_html/agregator1/src/vendor/rmccue/requests/library/Requests.php(379): Requests_Transport_cURL->request()
#2 /home/latihtal/public_html/agregator1/src/vendor/rmccue/requests/library/Requests/Session.php(205): Requests::request()
#3 /home/latihtal/public_html/agregator1/src/vendor/rmccue/requests/library/Requests/Session.php(132): Requests_Session->request()
#4 /home/latihtal/public_html/agregator1/src/drivers/Http/RssImporter.php(144): Requests_Session->get()
#5 /home/latihtal/public_html/agregator1/src/controllers/Dashboard/DashboardFeedsController.php(534): spark\drivers\Http\RssImporter->fetchPosts()
#6 /home/latihtal/public_html/agregator1/src/controllers/Site/SiteController.php(722): spark\controllers\Dashboard\DashboardFeedsController::importFeedPosts()
#7 [internal function]: spark\controllers\Site\SiteController->runTasks()
#8 /home/latihtal/public_html/agregator1/src/framework/Route.php(173): call_user_func_array()
#9 [internal function]: Slim\Route->Slim\{closure}()
#10 /home/latihtal/public_html/agregator1/src/framework/Route.php(468): call_user_func_array()
#11 /home/latihtal/public_html/agregator1/src/framework/Slim.php(1364): Slim\Route->dispatch()
#12 /home/latihtal/public_html/agregator1/src/framework/Middleware/Flash.php(85): Slim\Slim->call()
#13 /home/latihtal/public_html/agregator1/src/framework/Middleware/MethodOverride.php(92): Slim\Middleware\Flash->call()
#14 /home/latihtal/public_html/agregator1/src/middlewares/CsrfGuard/CsrfGuard.php(47): Slim\Middleware\MethodOverride->call()
#15 /home/latihtal/public_html/agregator1/src/framework/Middleware/PrettyExceptions.php(67): spark\middlewares\CsrfGuard\CsrfGuard->call()
#16 /home/latihtal/public_html/agregator1/src/framework/Slim.php(1308): Slim\Middleware\PrettyExceptions->call()
#17 /home/latihtal/public_html/agregator1/index.php(6): Slim\Slim->run()
#18 {main} [] []
[2025-03-17 23:12:49] SlimMonoLogger.INFO: Cron ran at: 17-03-2025 11:12:49 PM [] []
[2025-03-17 23:15:32] SlimMonoLogger.INFO: Cron ran at: 17-03-2025 11:15:32 PM [] []
[2025-03-17 23:20:40] SlimMonoLogger.INFO: Cron ran at: 17-03-2025 11:20:40 PM [] []
[2025-03-17 23:25:32] SlimMonoLogger.INFO: Cron ran at: 17-03-2025 11:25:32 PM [] []
[2025-03-17 23:30:40] SlimMonoLogger.INFO: Cron ran at: 17-03-2025 11:30:40 PM [] []
[2025-03-17 23:35:30] SlimMonoLogger.INFO: Cron ran at: 17-03-2025 11:35:30 PM [] []
[2025-03-17 23:40:33] SlimMonoLogger.INFO: Cron ran at: 17-03-2025 11:40:33 PM [] []
[2025-03-17 23:45:39] SlimMonoLogger.INFO: Cron ran at: 17-03-2025 11:45:39 PM [] []
[2025-03-17 23:50:30] SlimMonoLogger.INFO: Cron ran at: 17-03-2025 11:50:30 PM [] []
[2025-03-17 23:55:29] SlimMonoLogger.INFO: Cron ran at: 17-03-2025 11:55:29 PM [] []
[2025-03-18 00:00:31] SlimMonoLogger.INFO: Cron ran at: 18-03-2025 12:00:31 AM [] []
[2025-03-18 00:05:31] SlimMonoLogger.INFO: Cron ran at: 18-03-2025 12:05:31 AM [] []
[2025-03-18 00:10:37] SlimMonoLogger.INFO: Cron ran at: 18-03-2025 12:10:37 AM [] []
[2025-03-18 00:15:37] SlimMonoLogger.INFO: Cron ran at: 18-03-2025 12:15:37 AM [] []
[2025-03-18 00:20:33] SlimMonoLogger.INFO: Cron ran at: 18-03-2025 12:20:33 AM [] []
[2025-03-18 00:25:33] SlimMonoLogger.INFO: Cron ran at: 18-03-2025 12:25:33 AM [] []
[2025-03-18 00:30:42] SlimMonoLogger.INFO: Cron ran at: 18-03-2025 12:30:42 AM [] []
[2025-03-18 00:35:32] SlimMonoLogger.INFO: Cron ran at: 18-03-2025 12:35:32 AM [] []
[2025-03-18 00:40:34] SlimMonoLogger.INFO: Cron ran at: 18-03-2025 12:40:34 AM [] []
[2025-03-18 00:45:31] SlimMonoLogger.INFO: Cron ran at: 18-03-2025 12:45:31 AM [] []
[2025-03-18 00:50:30] SlimMonoLogger.INFO: Cron ran at: 18-03-2025 12:50:30 AM [] []
[2025-03-18 00:55:26] SlimMonoLogger.INFO: Cron ran at: 18-03-2025 12:55:26 AM [] []
