[2025-04-17 02:00:29] SlimMonoLogger.INFO: Cron ran at: 17-04-2025 02:00:29 AM [] []
[2025-04-17 02:05:25] SlimMonoLogger.INFO: Cron ran at: 17-04-2025 02:05:25 AM [] []
[2025-04-17 02:10:22] SlimMonoLogger.INFO: Cron ran at: 17-04-2025 02:10:22 AM [] []
[2025-04-17 02:15:27] SlimMonoLogger.INFO: Cron ran at: 17-04-2025 02:15:27 AM [] []
[2025-04-17 02:20:24] SlimMonoLogger.INFO: Cron ran at: 17-04-2025 02:20:24 AM [] []
[2025-04-17 02:25:24] SlimMonoLogger.INFO: Cron ran at: 17-04-2025 02:25:24 AM [] []
[2025-04-17 02:30:28] SlimMonoLogger.INFO: Cron ran at: 17-04-2025 02:30:28 AM [] []
[2025-04-17 02:35:25] SlimMonoLogger.INFO: Cron ran at: 17-04-2025 02:35:25 AM [] []
[2025-04-17 02:40:23] SlimMonoLogger.INFO: Cron ran at: 17-04-2025 02:40:23 AM [] []
[2025-04-17 02:45:29] SlimMonoLogger.INFO: Cron ran at: 17-04-2025 02:45:29 AM [] []
[2025-04-17 02:50:28] SlimMonoLogger.INFO: Cron ran at: 17-04-2025 02:50:28 AM [] []
[2025-04-17 02:55:27] SlimMonoLogger.INFO: Cron ran at: 17-04-2025 02:55:27 AM [] []
[2025-04-17 03:00:25] SlimMonoLogger.INFO: Cron ran at: 17-04-2025 03:00:25 AM [] []
[2025-04-17 03:05:28] SlimMonoLogger.INFO: Cron ran at: 17-04-2025 03:05:28 AM [] []
[2025-04-17 03:10:25] SlimMonoLogger.INFO: Cron ran at: 17-04-2025 03:10:25 AM [] []
[2025-04-17 03:15:28] SlimMonoLogger.INFO: Cron ran at: 17-04-2025 03:15:28 AM [] []
[2025-04-17 03:20:26] SlimMonoLogger.INFO: Cron ran at: 17-04-2025 03:20:26 AM [] []
[2025-04-17 03:25:26] SlimMonoLogger.INFO: Cron ran at: 17-04-2025 03:25:26 AM [] []
[2025-04-17 03:30:26] SlimMonoLogger.INFO: Cron ran at: 17-04-2025 03:30:26 AM [] []
[2025-04-17 03:35:25] SlimMonoLogger.INFO: Cron ran at: 17-04-2025 03:35:25 AM [] []
[2025-04-17 03:40:22] SlimMonoLogger.INFO: Cron ran at: 17-04-2025 03:40:22 AM [] []
[2025-04-17 03:45:28] SlimMonoLogger.INFO: Cron ran at: 17-04-2025 03:45:28 AM [] []
[2025-04-17 03:50:26] SlimMonoLogger.INFO: Cron ran at: 17-04-2025 03:50:26 AM [] []
[2025-04-17 03:55:24] SlimMonoLogger.INFO: Cron ran at: 17-04-2025 03:55:24 AM [] []
[2025-04-17 04:00:30] SlimMonoLogger.INFO: Cron ran at: 17-04-2025 04:00:30 AM [] []
[2025-04-17 04:05:25] SlimMonoLogger.INFO: Cron ran at: 17-04-2025 04:05:25 AM [] []
[2025-04-17 04:10:30] SlimMonoLogger.INFO: Cron ran at: 17-04-2025 04:10:30 AM [] []
[2025-04-17 04:15:30] SlimMonoLogger.INFO: Cron ran at: 17-04-2025 04:15:30 AM [] []
[2025-04-17 04:20:37] SlimMonoLogger.INFO: Cron ran at: 17-04-2025 04:20:37 AM [] []
[2025-04-17 04:25:35] SlimMonoLogger.INFO: Cron ran at: 17-04-2025 04:25:35 AM [] []
[2025-04-17 04:30:43] SlimMonoLogger.INFO: Cron ran at: 17-04-2025 04:30:43 AM [] []
[2025-04-17 04:35:33] SlimMonoLogger.INFO: Cron ran at: 17-04-2025 04:35:33 AM [] []
[2025-04-17 04:40:41] SlimMonoLogger.INFO: Cron ran at: 17-04-2025 04:40:41 AM [] []
[2025-04-17 04:46:03] SlimMonoLogger.INFO: Cron ran at: 17-04-2025 04:46:03 AM [] []
[2025-04-17 04:51:32] SlimMonoLogger.INFO: Cron ran at: 17-04-2025 04:51:32 AM [] []
[2025-04-17 04:55:35] SlimMonoLogger.INFO: Cron ran at: 17-04-2025 04:55:35 AM [] []
[2025-04-17 05:00:38] SlimMonoLogger.INFO: Cron ran at: 17-04-2025 05:00:38 AM [] []
[2025-04-17 05:05:44] SlimMonoLogger.INFO: Cron ran at: 17-04-2025 05:05:44 AM [] []
[2025-04-17 05:11:00] SlimMonoLogger.INFO: Cron ran at: 17-04-2025 05:11:00 AM [] []
[2025-04-17 05:15:37] SlimMonoLogger.INFO: Cron ran at: 17-04-2025 05:15:37 AM [] []
[2025-04-17 05:20:37] SlimMonoLogger.INFO: Cron ran at: 17-04-2025 05:20:37 AM [] []
[2025-04-17 05:25:47] SlimMonoLogger.INFO: Cron ran at: 17-04-2025 05:25:47 AM [] []
[2025-04-17 05:30:42] SlimMonoLogger.INFO: Cron ran at: 17-04-2025 05:30:42 AM [] []
[2025-04-17 05:35:39] SlimMonoLogger.INFO: Cron ran at: 17-04-2025 05:35:39 AM [] []
[2025-04-17 05:40:35] SlimMonoLogger.INFO: Cron ran at: 17-04-2025 05:40:35 AM [] []
[2025-04-17 05:46:05] SlimMonoLogger.INFO: Cron ran at: 17-04-2025 05:46:05 AM [] []
[2025-04-17 05:50:36] SlimMonoLogger.INFO: Cron ran at: 17-04-2025 05:50:36 AM [] []
[2025-04-17 05:55:36] SlimMonoLogger.INFO: Cron ran at: 17-04-2025 05:55:36 AM [] []
[2025-04-17 06:00:56] SlimMonoLogger.INFO: Cron ran at: 17-04-2025 06:00:56 AM [] []
[2025-04-17 06:05:40] SlimMonoLogger.INFO: Cron ran at: 17-04-2025 06:05:40 AM [] []
[2025-04-17 06:10:38] SlimMonoLogger.INFO: Cron ran at: 17-04-2025 06:10:38 AM [] []
[2025-04-17 06:15:46] SlimMonoLogger.INFO: Cron ran at: 17-04-2025 06:15:46 AM [] []
[2025-04-17 06:20:37] SlimMonoLogger.INFO: Cron ran at: 17-04-2025 06:20:37 AM [] []
[2025-04-17 06:25:43] SlimMonoLogger.INFO: Cron ran at: 17-04-2025 06:25:43 AM [] []
[2025-04-17 06:30:45] SlimMonoLogger.INFO: Cron ran at: 17-04-2025 06:30:45 AM [] []
[2025-04-17 06:35:50] SlimMonoLogger.INFO: Cron ran at: 17-04-2025 06:35:50 AM [] []
[2025-04-17 06:40:47] SlimMonoLogger.INFO: Cron ran at: 17-04-2025 06:40:47 AM [] []
[2025-04-17 06:45:47] SlimMonoLogger.INFO: Cron ran at: 17-04-2025 06:45:47 AM [] []
[2025-04-17 06:53:52] SlimMonoLogger.INFO: Cron ran at: 17-04-2025 06:53:52 AM [] []
[2025-04-17 06:57:53] SlimMonoLogger.INFO: Cron ran at: 17-04-2025 06:57:53 AM [] []
[2025-04-17 07:02:09] SlimMonoLogger.INFO: Cron ran at: 17-04-2025 07:02:09 AM [] []
[2025-04-17 07:07:33] SlimMonoLogger.INFO: Cron ran at: 17-04-2025 07:07:33 AM [] []
[2025-04-17 07:11:36] SlimMonoLogger.INFO: Cron ran at: 17-04-2025 07:11:36 AM [] []
[2025-04-17 07:15:34] SlimMonoLogger.INFO: Cron ran at: 17-04-2025 07:15:34 AM [] []
[2025-04-17 07:20:42] SlimMonoLogger.INFO: Cron ran at: 17-04-2025 07:20:42 AM [] []
[2025-04-17 07:25:35] SlimMonoLogger.INFO: Cron ran at: 17-04-2025 07:25:35 AM [] []
[2025-04-17 07:30:38] SlimMonoLogger.INFO: Cron ran at: 17-04-2025 07:30:38 AM [] []
[2025-04-17 07:35:38] SlimMonoLogger.INFO: Cron ran at: 17-04-2025 07:35:38 AM [] []
[2025-04-17 07:40:35] SlimMonoLogger.INFO: Cron ran at: 17-04-2025 07:40:35 AM [] []
[2025-04-17 07:45:32] SlimMonoLogger.INFO: Cron ran at: 17-04-2025 07:45:32 AM [] []
[2025-04-17 07:50:33] SlimMonoLogger.INFO: Cron ran at: 17-04-2025 07:50:33 AM [] []
[2025-04-17 07:55:33] SlimMonoLogger.INFO: Cron ran at: 17-04-2025 07:55:33 AM [] []
[2025-04-17 08:00:38] SlimMonoLogger.INFO: Cron ran at: 17-04-2025 08:00:38 AM [] []
[2025-04-17 08:05:35] SlimMonoLogger.INFO: Cron ran at: 17-04-2025 08:05:35 AM [] []
[2025-04-17 08:10:32] SlimMonoLogger.INFO: Cron ran at: 17-04-2025 08:10:32 AM [] []
[2025-04-17 08:15:31] SlimMonoLogger.INFO: Cron ran at: 17-04-2025 08:15:31 AM [] []
[2025-04-17 08:20:34] SlimMonoLogger.INFO: Cron ran at: 17-04-2025 08:20:34 AM [] []
[2025-04-17 08:25:38] SlimMonoLogger.INFO: Cron ran at: 17-04-2025 08:25:38 AM [] []
[2025-04-17 08:30:44] SlimMonoLogger.INFO: Cron ran at: 17-04-2025 08:30:44 AM [] []
[2025-04-17 08:35:29] SlimMonoLogger.INFO: Cron ran at: 17-04-2025 08:35:29 AM [] []
[2025-04-17 08:40:37] SlimMonoLogger.INFO: Cron ran at: 17-04-2025 08:40:37 AM [] []
[2025-04-17 08:45:32] SlimMonoLogger.INFO: Cron ran at: 17-04-2025 08:45:32 AM [] []
[2025-04-17 08:50:34] SlimMonoLogger.INFO: Cron ran at: 17-04-2025 08:50:34 AM [] []
[2025-04-17 08:55:28] SlimMonoLogger.INFO: Cron ran at: 17-04-2025 08:55:28 AM [] []
[2025-04-17 09:00:55] SlimMonoLogger.INFO: Cron ran at: 17-04-2025 09:00:55 AM [] []
[2025-04-17 09:05:34] SlimMonoLogger.INFO: Cron ran at: 17-04-2025 09:05:34 AM [] []
[2025-04-17 09:11:05] SlimMonoLogger.INFO: Cron ran at: 17-04-2025 09:11:05 AM [] []
[2025-04-17 09:16:58] SlimMonoLogger.INFO: Cron ran at: 17-04-2025 09:16:58 AM [] []
[2025-04-17 09:21:45] SlimMonoLogger.INFO: Cron ran at: 17-04-2025 09:21:45 AM [] []
[2025-04-17 09:27:12] SlimMonoLogger.INFO: Cron ran at: 17-04-2025 09:27:12 AM [] []
[2025-04-17 09:33:03] SlimMonoLogger.INFO: Cron ran at: 17-04-2025 09:33:03 AM [] []
[2025-04-17 09:36:48] SlimMonoLogger.INFO: Cron ran at: 17-04-2025 09:36:48 AM [] []
[2025-04-17 09:43:35] SlimMonoLogger.INFO: Cron ran at: 17-04-2025 09:43:35 AM [] []
[2025-04-17 07:45:17] SlimMonoLogger.CRITICAL: PDOException: SQLSTATE[HY000] [1040] Too many connections in /home/latihtal/public_html/agregator1/src/framework/PDO/Database.php:34
Stack trace:
#0 /home/latihtal/public_html/agregator1/src/framework/PDO/Database.php(34): PDO->__construct()
#1 /home/latihtal/public_html/agregator1/src/dependencies.php(76): Slim\PDO\Database->__construct()
#2 /home/latihtal/public_html/agregator1/src/framework/Helper/Set.php(231): {closure}()
#3 /home/latihtal/public_html/agregator1/src/framework/Helper/Set.php(88): Slim\Helper\Set->Slim\Helper\{closure}()
#4 /home/latihtal/public_html/agregator1/src/framework/Slim.php(232): Slim\Helper\Set->get()
#5 /home/latihtal/public_html/agregator1/src/models/Model.php(176): Slim\Slim->__get()
#6 /home/latihtal/public_html/agregator1/src/models/OptionModel.php(180): spark\models\Model->select()
#7 /home/latihtal/public_html/agregator1/src/models/OptionModel.php(40): spark\models\OptionModel->autoloadOptions()
#8 /home/latihtal/public_html/agregator1/src/dependencies.php(99): spark\models\OptionModel->__construct()
#9 /home/latihtal/public_html/agregator1/src/framework/Helper/Set.php(231): {closure}()
#10 /home/latihtal/public_html/agregator1/src/framework/Helper/Set.php(88): Slim\Helper\Set->Slim\Helper\{closure}()
#11 /home/latihtal/public_html/agregator1/src/framework/Slim.php(232): Slim\Helper\Set->get()
#12 /home/latihtal/public_html/agregator1/src/drivers/Views/ThemeManager.php(34): Slim\Slim->__get()
#13 /home/latihtal/public_html/agregator1/src/dependencies.php(142): spark\drivers\Views\ThemeManager->initEngine()
#14 /home/latihtal/public_html/agregator1/src/bootstrap.php(68): require('/home/latihtal/...')
#15 /home/latihtal/public_html/agregator1/index.php(4): require('/home/latihtal/...')
#16 {main} [] []
[2025-04-17 09:55:34] SlimMonoLogger.INFO: Cron ran at: 17-04-2025 09:55:34 AM [] []
[2025-04-17 10:00:36] SlimMonoLogger.INFO: Cron ran at: 17-04-2025 10:00:36 AM [] []
[2025-04-17 10:05:32] SlimMonoLogger.INFO: Cron ran at: 17-04-2025 10:05:32 AM [] []
[2025-04-17 10:11:59] SlimMonoLogger.INFO: Cron ran at: 17-04-2025 10:11:59 AM [] []
[2025-04-17 10:15:38] SlimMonoLogger.INFO: Cron ran at: 17-04-2025 10:15:38 AM [] []
[2025-04-17 10:20:40] SlimMonoLogger.INFO: Cron ran at: 17-04-2025 10:20:40 AM [] []
[2025-04-17 10:25:36] SlimMonoLogger.INFO: Cron ran at: 17-04-2025 10:25:36 AM [] []
[2025-04-17 10:30:39] SlimMonoLogger.INFO: Cron ran at: 17-04-2025 10:30:39 AM [] []
[2025-04-17 10:35:28] SlimMonoLogger.INFO: Cron ran at: 17-04-2025 10:35:28 AM [] []
[2025-04-17 10:40:39] SlimMonoLogger.INFO: Cron ran at: 17-04-2025 10:40:39 AM [] []
[2025-04-17 10:46:02] SlimMonoLogger.INFO: Cron ran at: 17-04-2025 10:46:02 AM [] []
[2025-04-17 10:50:34] SlimMonoLogger.INFO: Cron ran at: 17-04-2025 10:50:34 AM [] []
[2025-04-17 10:55:34] SlimMonoLogger.INFO: Cron ran at: 17-04-2025 10:55:34 AM [] []
[2025-04-17 11:00:35] SlimMonoLogger.INFO: Cron ran at: 17-04-2025 11:00:35 AM [] []
[2025-04-17 11:05:30] SlimMonoLogger.INFO: Cron ran at: 17-04-2025 11:05:30 AM [] []
[2025-04-17 11:10:34] SlimMonoLogger.INFO: Cron ran at: 17-04-2025 11:10:34 AM [] []
[2025-04-17 11:15:35] SlimMonoLogger.INFO: Cron ran at: 17-04-2025 11:15:35 AM [] []
[2025-04-17 11:20:47] SlimMonoLogger.INFO: Cron ran at: 17-04-2025 11:20:47 AM [] []
[2025-04-17 11:27:18] SlimMonoLogger.INFO: Cron ran at: 17-04-2025 11:27:18 AM [] []
[2025-04-17 11:31:40] SlimMonoLogger.INFO: Cron ran at: 17-04-2025 11:31:40 AM [] []
[2025-04-17 11:35:38] SlimMonoLogger.INFO: Cron ran at: 17-04-2025 11:35:38 AM [] []
[2025-04-17 11:41:03] SlimMonoLogger.INFO: Cron ran at: 17-04-2025 11:41:03 AM [] []
[2025-04-17 11:47:58] SlimMonoLogger.INFO: Cron ran at: 17-04-2025 11:47:58 AM [] []
[2025-04-17 11:52:44] SlimMonoLogger.INFO: Cron ran at: 17-04-2025 11:52:44 AM [] []
[2025-04-17 11:55:46] SlimMonoLogger.ERROR: PDOException: SQLSTATE[HY000]: General error: 2013 Lost connection to server during query in /home/latihtal/public_html/agregator1/src/framework/PDO/Statement/StatementContainer.php:518
Stack trace:
#0 /home/latihtal/public_html/agregator1/src/framework/PDO/Statement/StatementContainer.php(518): PDO->prepare()
#1 /home/latihtal/public_html/agregator1/src/framework/PDO/Statement/StatementContainer.php(428): Slim\PDO\Statement\StatementContainer->getStatement()
#2 /home/latihtal/public_html/agregator1/src/framework/PDO/Statement/SelectStatement.php(411): Slim\PDO\Statement\StatementContainer->execute()
#3 /home/latihtal/public_html/agregator1/src/controllers/frontend_task.php(16): Slim\PDO\Statement\SelectStatement->execute()
#4 /home/latihtal/public_html/agregator1/src/controllers/Controller.php(78): require('/home/latihtal/...')
#5 /home/latihtal/public_html/agregator1/src/controllers/Site/SiteController.php(38): spark\controllers\Controller->__construct()
#6 /home/latihtal/public_html/agregator1/src/framework/Route.php(171): spark\controllers\Site\SiteController->__construct()
#7 [internal function]: Slim\Route->Slim\{closure}()
#8 /home/latihtal/public_html/agregator1/src/framework/Route.php(468): call_user_func_array()
#9 /home/latihtal/public_html/agregator1/src/framework/Slim.php(1364): Slim\Route->dispatch()
#10 /home/latihtal/public_html/agregator1/src/framework/Middleware/Flash.php(85): Slim\Slim->call()
#11 /home/latihtal/public_html/agregator1/src/framework/Middleware/MethodOverride.php(92): Slim\Middleware\Flash->call()
#12 /home/latihtal/public_html/agregator1/src/middlewares/CsrfGuard/CsrfGuard.php(47): Slim\Middleware\MethodOverride->call()
#13 /home/latihtal/public_html/agregator1/src/framework/Middleware/PrettyExceptions.php(67): spark\middlewares\CsrfGuard\CsrfGuard->call()
#14 /home/latihtal/public_html/agregator1/src/framework/Slim.php(1308): Slim\Middleware\PrettyExceptions->call()
#15 /home/latihtal/public_html/agregator1/index.php(6): Slim\Slim->run()
#16 {main} [] []
[2025-04-17 12:00:59] SlimMonoLogger.INFO: Cron ran at: 17-04-2025 12:00:59 PM [] []
[2025-04-17 12:05:34] SlimMonoLogger.INFO: Cron ran at: 17-04-2025 12:05:34 PM [] []
[2025-04-17 12:10:47] SlimMonoLogger.INFO: Cron ran at: 17-04-2025 12:10:47 PM [] []
[2025-04-17 12:15:38] SlimMonoLogger.INFO: Cron ran at: 17-04-2025 12:15:38 PM [] []
[2025-04-17 12:20:32] SlimMonoLogger.INFO: Cron ran at: 17-04-2025 12:20:32 PM [] []
[2025-04-17 12:25:50] SlimMonoLogger.INFO: Cron ran at: 17-04-2025 12:25:50 PM [] []
[2025-04-17 12:30:55] SlimMonoLogger.INFO: Cron ran at: 17-04-2025 12:30:55 PM [] []
[2025-04-17 12:37:46] SlimMonoLogger.INFO: Cron ran at: 17-04-2025 12:37:46 PM [] []
[2025-04-17 12:42:15] SlimMonoLogger.INFO: Cron ran at: 17-04-2025 12:42:15 PM [] []
[2025-04-17 12:47:08] SlimMonoLogger.INFO: Cron ran at: 17-04-2025 12:47:08 PM [] []
[2025-04-17 12:52:27] SlimMonoLogger.INFO: Cron ran at: 17-04-2025 12:52:27 PM [] []
[2025-04-17 12:55:55] SlimMonoLogger.INFO: Cron ran at: 17-04-2025 12:55:55 PM [] []
[2025-04-17 13:00:36] SlimMonoLogger.INFO: Cron ran at: 17-04-2025 01:00:36 PM [] []
[2025-04-17 13:05:34] SlimMonoLogger.INFO: Cron ran at: 17-04-2025 01:05:34 PM [] []
[2025-04-17 13:10:34] SlimMonoLogger.INFO: Cron ran at: 17-04-2025 01:10:34 PM [] []
[2025-04-17 13:15:34] SlimMonoLogger.INFO: Cron ran at: 17-04-2025 01:15:34 PM [] []
[2025-04-17 13:20:29] SlimMonoLogger.INFO: Cron ran at: 17-04-2025 01:20:29 PM [] []
[2025-04-17 13:25:33] SlimMonoLogger.INFO: Cron ran at: 17-04-2025 01:25:33 PM [] []
[2025-04-17 13:30:37] SlimMonoLogger.INFO: Cron ran at: 17-04-2025 01:30:37 PM [] []
[2025-04-17 13:35:41] SlimMonoLogger.INFO: Cron ran at: 17-04-2025 01:35:41 PM [] []
[2025-04-17 13:40:34] SlimMonoLogger.INFO: Cron ran at: 17-04-2025 01:40:34 PM [] []
[2025-04-17 13:45:34] SlimMonoLogger.INFO: Cron ran at: 17-04-2025 01:45:34 PM [] []
[2025-04-17 13:50:29] SlimMonoLogger.INFO: Cron ran at: 17-04-2025 01:50:29 PM [] []
[2025-04-17 13:55:33] SlimMonoLogger.INFO: Cron ran at: 17-04-2025 01:55:33 PM [] []
[2025-04-17 14:02:48] SlimMonoLogger.INFO: Cron ran at: 17-04-2025 02:02:48 PM [] []
[2025-04-17 14:08:18] SlimMonoLogger.INFO: Cron ran at: 17-04-2025 02:08:18 PM [] []
[2025-04-17 14:11:28] SlimMonoLogger.INFO: Cron ran at: 17-04-2025 02:11:28 PM [] []
[2025-04-17 14:16:13] SlimMonoLogger.INFO: Cron ran at: 17-04-2025 02:16:13 PM [] []
[2025-04-17 14:22:38] SlimMonoLogger.INFO: Cron ran at: 17-04-2025 02:22:38 PM [] []
[2025-04-17 14:28:45] SlimMonoLogger.INFO: Cron ran at: 17-04-2025 02:28:45 PM [] []
[2025-04-17 14:31:42] SlimMonoLogger.INFO: Cron ran at: 17-04-2025 02:31:42 PM [] []
[2025-04-17 14:36:29] SlimMonoLogger.INFO: Cron ran at: 17-04-2025 02:36:29 PM [] []
[2025-04-17 14:40:34] SlimMonoLogger.INFO: Cron ran at: 17-04-2025 02:40:34 PM [] []
[2025-04-17 14:45:40] SlimMonoLogger.INFO: Cron ran at: 17-04-2025 02:45:40 PM [] []
[2025-04-17 14:50:37] SlimMonoLogger.INFO: Cron ran at: 17-04-2025 02:50:37 PM [] []
[2025-04-17 14:55:42] SlimMonoLogger.INFO: Cron ran at: 17-04-2025 02:55:42 PM [] []
[2025-04-17 15:00:47] SlimMonoLogger.INFO: Cron ran at: 17-04-2025 03:00:47 PM [] []
[2025-04-17 15:07:21] SlimMonoLogger.INFO: Cron ran at: 17-04-2025 03:07:21 PM [] []
[2025-04-17 15:11:17] SlimMonoLogger.INFO: Cron ran at: 17-04-2025 03:11:17 PM [] []
[2025-04-17 15:17:02] SlimMonoLogger.INFO: Cron ran at: 17-04-2025 03:17:02 PM [] []
[2025-04-17 15:20:35] SlimMonoLogger.INFO: Cron ran at: 17-04-2025 03:20:35 PM [] []
[2025-04-17 15:25:33] SlimMonoLogger.INFO: Cron ran at: 17-04-2025 03:25:33 PM [] []
[2025-04-17 15:30:42] SlimMonoLogger.INFO: Cron ran at: 17-04-2025 03:30:42 PM [] []
[2025-04-17 15:35:34] SlimMonoLogger.INFO: Cron ran at: 17-04-2025 03:35:34 PM [] []
[2025-04-17 15:40:33] SlimMonoLogger.INFO: Cron ran at: 17-04-2025 03:40:33 PM [] []
[2025-04-17 15:45:33] SlimMonoLogger.INFO: Cron ran at: 17-04-2025 03:45:33 PM [] []
[2025-04-17 15:50:35] SlimMonoLogger.INFO: Cron ran at: 17-04-2025 03:50:35 PM [] []
[2025-04-17 15:55:32] SlimMonoLogger.INFO: Cron ran at: 17-04-2025 03:55:32 PM [] []
[2025-04-17 16:00:32] SlimMonoLogger.INFO: Cron ran at: 17-04-2025 04:00:32 PM [] []
[2025-04-17 16:05:39] SlimMonoLogger.INFO: Cron ran at: 17-04-2025 04:05:39 PM [] []
[2025-04-17 16:10:31] SlimMonoLogger.INFO: Cron ran at: 17-04-2025 04:10:31 PM [] []
[2025-04-17 16:15:29] SlimMonoLogger.INFO: Cron ran at: 17-04-2025 04:15:29 PM [] []
[2025-04-17 16:20:35] SlimMonoLogger.INFO: Cron ran at: 17-04-2025 04:20:35 PM [] []
[2025-04-17 16:25:39] SlimMonoLogger.INFO: Cron ran at: 17-04-2025 04:25:39 PM [] []
[2025-04-17 16:32:34] SlimMonoLogger.INFO: Cron ran at: 17-04-2025 04:32:34 PM [] []
[2025-04-17 16:36:52] SlimMonoLogger.INFO: Cron ran at: 17-04-2025 04:36:52 PM [] []
[2025-04-17 16:41:21] SlimMonoLogger.INFO: Cron ran at: 17-04-2025 04:41:21 PM [] []
[2025-04-17 16:46:36] SlimMonoLogger.INFO: Cron ran at: 17-04-2025 04:46:36 PM [] []
[2025-04-17 16:52:00] SlimMonoLogger.INFO: Cron ran at: 17-04-2025 04:52:00 PM [] []
[2025-04-17 16:56:09] SlimMonoLogger.INFO: Cron ran at: 17-04-2025 04:56:09 PM [] []
[2025-04-17 17:03:26] SlimMonoLogger.INFO: Cron ran at: 17-04-2025 05:03:26 PM [] []
[2025-04-17 17:05:55] SlimMonoLogger.INFO: Cron ran at: 17-04-2025 05:05:55 PM [] []
[2025-04-17 17:11:25] SlimMonoLogger.INFO: Cron ran at: 17-04-2025 05:11:25 PM [] []
[2025-04-17 17:16:18] SlimMonoLogger.INFO: Cron ran at: 17-04-2025 05:16:18 PM [] []
[2025-04-17 17:20:44] SlimMonoLogger.INFO: Cron ran at: 17-04-2025 05:20:44 PM [] []
[2025-04-17 17:26:01] SlimMonoLogger.INFO: Cron ran at: 17-04-2025 05:26:01 PM [] []
[2025-04-17 17:30:32] SlimMonoLogger.INFO: Cron ran at: 17-04-2025 05:30:32 PM [] []
[2025-04-17 17:35:31] SlimMonoLogger.INFO: Cron ran at: 17-04-2025 05:35:31 PM [] []
[2025-04-17 17:40:33] SlimMonoLogger.INFO: Cron ran at: 17-04-2025 05:40:33 PM [] []
[2025-04-17 17:45:33] SlimMonoLogger.INFO: Cron ran at: 17-04-2025 05:45:33 PM [] []
[2025-04-17 17:50:39] SlimMonoLogger.INFO: Cron ran at: 17-04-2025 05:50:39 PM [] []
[2025-04-17 17:55:31] SlimMonoLogger.INFO: Cron ran at: 17-04-2025 05:55:31 PM [] []
[2025-04-17 18:00:32] SlimMonoLogger.INFO: Cron ran at: 17-04-2025 06:00:32 PM [] []
[2025-04-17 18:05:27] SlimMonoLogger.INFO: Cron ran at: 17-04-2025 06:05:27 PM [] []
[2025-04-17 18:10:33] SlimMonoLogger.INFO: Cron ran at: 17-04-2025 06:10:33 PM [] []
[2025-04-17 18:15:34] SlimMonoLogger.INFO: Cron ran at: 17-04-2025 06:15:34 PM [] []
[2025-04-17 18:20:27] SlimMonoLogger.INFO: Cron ran at: 17-04-2025 06:20:27 PM [] []
[2025-04-17 18:25:31] SlimMonoLogger.INFO: Cron ran at: 17-04-2025 06:25:31 PM [] []
[2025-04-17 18:30:35] SlimMonoLogger.INFO: Cron ran at: 17-04-2025 06:30:35 PM [] []
[2025-04-17 18:35:35] SlimMonoLogger.INFO: Cron ran at: 17-04-2025 06:35:35 PM [] []
[2025-04-17 18:40:29] SlimMonoLogger.INFO: Cron ran at: 17-04-2025 06:40:29 PM [] []
[2025-04-17 18:45:38] SlimMonoLogger.INFO: Cron ran at: 17-04-2025 06:45:38 PM [] []
[2025-04-17 18:50:35] SlimMonoLogger.INFO: Cron ran at: 17-04-2025 06:50:35 PM [] []
[2025-04-17 18:55:32] SlimMonoLogger.INFO: Cron ran at: 17-04-2025 06:55:32 PM [] []
[2025-04-17 19:00:40] SlimMonoLogger.INFO: Cron ran at: 17-04-2025 07:00:40 PM [] []
[2025-04-17 19:05:39] SlimMonoLogger.INFO: Cron ran at: 17-04-2025 07:05:39 PM [] []
[2025-04-17 19:10:37] SlimMonoLogger.INFO: Cron ran at: 17-04-2025 07:10:37 PM [] []
[2025-04-17 19:15:42] SlimMonoLogger.INFO: Cron ran at: 17-04-2025 07:15:42 PM [] []
[2025-04-17 19:20:34] SlimMonoLogger.INFO: Cron ran at: 17-04-2025 07:20:34 PM [] []
[2025-04-17 19:25:34] SlimMonoLogger.INFO: Cron ran at: 17-04-2025 07:25:34 PM [] []
[2025-04-17 19:30:35] SlimMonoLogger.INFO: Cron ran at: 17-04-2025 07:30:35 PM [] []
[2025-04-17 19:35:34] SlimMonoLogger.INFO: Cron ran at: 17-04-2025 07:35:34 PM [] []
[2025-04-17 19:40:29] SlimMonoLogger.INFO: Cron ran at: 17-04-2025 07:40:29 PM [] []
[2025-04-17 19:45:33] SlimMonoLogger.INFO: Cron ran at: 17-04-2025 07:45:33 PM [] []
[2025-04-17 19:50:31] SlimMonoLogger.INFO: Cron ran at: 17-04-2025 07:50:31 PM [] []
[2025-04-17 19:55:31] SlimMonoLogger.INFO: Cron ran at: 17-04-2025 07:55:31 PM [] []
[2025-04-17 20:00:31] SlimMonoLogger.INFO: Cron ran at: 17-04-2025 08:00:31 PM [] []
[2025-04-17 20:05:27] SlimMonoLogger.INFO: Cron ran at: 17-04-2025 08:05:27 PM [] []
[2025-04-17 20:10:32] SlimMonoLogger.INFO: Cron ran at: 17-04-2025 08:10:32 PM [] []
[2025-04-17 20:15:34] SlimMonoLogger.INFO: Cron ran at: 17-04-2025 08:15:34 PM [] []
[2025-04-17 20:20:29] SlimMonoLogger.INFO: Cron ran at: 17-04-2025 08:20:29 PM [] []
[2025-04-17 20:25:30] SlimMonoLogger.INFO: Cron ran at: 17-04-2025 08:25:30 PM [] []
[2025-04-17 20:30:33] SlimMonoLogger.INFO: Cron ran at: 17-04-2025 08:30:33 PM [] []
[2025-04-17 20:35:34] SlimMonoLogger.INFO: Cron ran at: 17-04-2025 08:35:34 PM [] []
[2025-04-17 20:40:34] SlimMonoLogger.INFO: Cron ran at: 17-04-2025 08:40:34 PM [] []
[2025-04-17 20:45:43] SlimMonoLogger.INFO: Cron ran at: 17-04-2025 08:45:43 PM [] []
[2025-04-17 20:50:34] SlimMonoLogger.INFO: Cron ran at: 17-04-2025 08:50:34 PM [] []
[2025-04-17 20:55:32] SlimMonoLogger.INFO: Cron ran at: 17-04-2025 08:55:32 PM [] []
[2025-04-17 21:00:54] SlimMonoLogger.INFO: Cron ran at: 17-04-2025 09:00:54 PM [] []
[2025-04-17 21:05:38] SlimMonoLogger.INFO: Cron ran at: 17-04-2025 09:05:38 PM [] []
[2025-04-17 21:10:36] SlimMonoLogger.INFO: Cron ran at: 17-04-2025 09:10:36 PM [] []
[2025-04-17 21:15:48] SlimMonoLogger.INFO: Cron ran at: 17-04-2025 09:15:48 PM [] []
[2025-04-17 21:20:50] SlimMonoLogger.INFO: Cron ran at: 17-04-2025 09:20:50 PM [] []
[2025-04-17 21:28:50] SlimMonoLogger.INFO: Cron ran at: 17-04-2025 09:28:50 PM [] []
[2025-04-17 21:31:39] SlimMonoLogger.INFO: Cron ran at: 17-04-2025 09:31:39 PM [] []
[2025-04-17 21:36:57] SlimMonoLogger.INFO: Cron ran at: 17-04-2025 09:36:57 PM [] []
[2025-04-17 21:40:38] SlimMonoLogger.INFO: Cron ran at: 17-04-2025 09:40:38 PM [] []
[2025-04-17 21:45:39] SlimMonoLogger.INFO: Cron ran at: 17-04-2025 09:45:39 PM [] []
[2025-04-17 21:50:29] SlimMonoLogger.INFO: Cron ran at: 17-04-2025 09:50:29 PM [] []
[2025-04-17 21:55:30] SlimMonoLogger.INFO: Cron ran at: 17-04-2025 09:55:30 PM [] []
[2025-04-17 22:00:31] SlimMonoLogger.INFO: Cron ran at: 17-04-2025 10:00:31 PM [] []
[2025-04-17 22:05:30] SlimMonoLogger.INFO: Cron ran at: 17-04-2025 10:05:30 PM [] []
[2025-04-17 22:10:29] SlimMonoLogger.INFO: Cron ran at: 17-04-2025 10:10:29 PM [] []
[2025-04-17 22:15:25] SlimMonoLogger.INFO: Cron ran at: 17-04-2025 10:15:25 PM [] []
[2025-04-17 22:20:27] SlimMonoLogger.INFO: Cron ran at: 17-04-2025 10:20:27 PM [] []
[2025-04-17 22:25:29] SlimMonoLogger.INFO: Cron ran at: 17-04-2025 10:25:29 PM [] []
[2025-04-17 22:32:18] SlimMonoLogger.INFO: Cron ran at: 17-04-2025 10:32:18 PM [] []
[2025-04-17 22:35:50] SlimMonoLogger.INFO: Cron ran at: 17-04-2025 10:35:50 PM [] []
[2025-04-17 22:40:29] SlimMonoLogger.INFO: Cron ran at: 17-04-2025 10:40:29 PM [] []
[2025-04-17 22:45:30] SlimMonoLogger.INFO: Cron ran at: 17-04-2025 10:45:30 PM [] []
[2025-04-17 22:50:25] SlimMonoLogger.INFO: Cron ran at: 17-04-2025 10:50:25 PM [] []
[2025-04-17 22:55:25] SlimMonoLogger.INFO: Cron ran at: 17-04-2025 10:55:25 PM [] []
[2025-04-17 23:00:29] SlimMonoLogger.INFO: Cron ran at: 17-04-2025 11:00:29 PM [] []
[2025-04-17 23:05:27] SlimMonoLogger.INFO: Cron ran at: 17-04-2025 11:05:27 PM [] []
[2025-04-17 23:10:22] SlimMonoLogger.INFO: Cron ran at: 17-04-2025 11:10:22 PM [] []
[2025-04-17 23:15:28] SlimMonoLogger.INFO: Cron ran at: 17-04-2025 11:15:28 PM [] []
[2025-04-17 23:20:24] SlimMonoLogger.INFO: Cron ran at: 17-04-2025 11:20:24 PM [] []
[2025-04-17 23:25:25] SlimMonoLogger.INFO: Cron ran at: 17-04-2025 11:25:25 PM [] []
[2025-04-17 23:30:26] SlimMonoLogger.INFO: Cron ran at: 17-04-2025 11:30:26 PM [] []
[2025-04-17 23:35:33] SlimMonoLogger.INFO: Cron ran at: 17-04-2025 11:35:33 PM [] []
[2025-04-17 23:40:30] SlimMonoLogger.INFO: Cron ran at: 17-04-2025 11:40:30 PM [] []
[2025-04-17 23:46:46] SlimMonoLogger.INFO: Cron ran at: 17-04-2025 11:46:46 PM [] []
[2025-04-17 23:54:00] SlimMonoLogger.INFO: Cron ran at: 17-04-2025 11:54:00 PM [] []
[2025-04-17 23:57:40] SlimMonoLogger.INFO: Cron ran at: 17-04-2025 11:57:40 PM [] []
[2025-04-18 00:02:44] SlimMonoLogger.INFO: Cron ran at: 18-04-2025 12:02:44 AM [] []
[2025-04-18 00:07:29] SlimMonoLogger.INFO: Cron ran at: 18-04-2025 12:07:29 AM [] []
[2025-04-18 00:12:21] SlimMonoLogger.INFO: Cron ran at: 18-04-2025 12:12:21 AM [] []
[2025-04-18 00:18:00] SlimMonoLogger.INFO: Cron ran at: 18-04-2025 12:18:00 AM [] []
[2025-04-18 00:21:15] SlimMonoLogger.INFO: Cron ran at: 18-04-2025 12:21:15 AM [] []
[2025-04-18 00:26:33] SlimMonoLogger.INFO: Cron ran at: 18-04-2025 12:26:33 AM [] []
[2025-04-18 00:32:50] SlimMonoLogger.INFO: Cron ran at: 18-04-2025 12:32:50 AM [] []
[2025-04-18 00:36:41] SlimMonoLogger.INFO: Cron ran at: 18-04-2025 12:36:41 AM [] []
[2025-04-18 00:41:47] SlimMonoLogger.INFO: Cron ran at: 18-04-2025 12:41:47 AM [] []
[2025-04-18 00:46:56] SlimMonoLogger.INFO: Cron ran at: 18-04-2025 12:46:56 AM [] []
[2025-04-18 00:51:35] SlimMonoLogger.INFO: Cron ran at: 18-04-2025 12:51:35 AM [] []
[2025-04-18 00:57:14] SlimMonoLogger.INFO: Cron ran at: 18-04-2025 12:57:14 AM [] []
[2025-04-18 01:01:32] SlimMonoLogger.INFO: Cron ran at: 18-04-2025 01:01:32 AM [] []
[2025-04-18 01:06:40] SlimMonoLogger.INFO: Cron ran at: 18-04-2025 01:06:40 AM [] []
[2025-04-18 01:11:20] SlimMonoLogger.INFO: Cron ran at: 18-04-2025 01:11:20 AM [] []
[2025-04-18 01:15:32] SlimMonoLogger.INFO: Cron ran at: 18-04-2025 01:15:32 AM [] []
[2025-04-18 01:20:28] SlimMonoLogger.INFO: Cron ran at: 18-04-2025 01:20:28 AM [] []
[2025-04-18 01:25:29] SlimMonoLogger.INFO: Cron ran at: 18-04-2025 01:25:29 AM [] []
[2025-04-18 01:30:30] SlimMonoLogger.INFO: Cron ran at: 18-04-2025 01:30:30 AM [] []
[2025-04-18 01:35:26] SlimMonoLogger.INFO: Cron ran at: 18-04-2025 01:35:26 AM [] []
[2025-04-18 01:40:23] SlimMonoLogger.INFO: Cron ran at: 18-04-2025 01:40:23 AM [] []
[2025-04-18 01:45:23] SlimMonoLogger.INFO: Cron ran at: 18-04-2025 01:45:23 AM [] []
[2025-04-18 01:50:23] SlimMonoLogger.INFO: Cron ran at: 18-04-2025 01:50:23 AM [] []
[2025-04-18 01:55:27] SlimMonoLogger.INFO: Cron ran at: 18-04-2025 01:55:27 AM [] []
