[2026-02-17 01:01:43] SlimMonoLogger.INFO: Cron ran at: 17-02-2026 01:01:43 AM [] []
[2026-02-17 01:06:24] SlimMonoLogger.INFO: Cron ran at: 17-02-2026 01:06:24 AM [] []
[2026-02-17 01:11:19] SlimMonoLogger.INFO: Cron ran at: 17-02-2026 01:11:19 AM [] []
[2026-02-17 01:16:20] SlimMonoLogger.INFO: Cron ran at: 17-02-2026 01:16:20 AM [] []
[2026-02-17 01:21:33] SlimMonoLogger.INFO: Cron ran at: 17-02-2026 01:21:33 AM [] []
[2026-02-17 01:26:17] SlimMonoLogger.INFO: Cron ran at: 17-02-2026 01:26:17 AM [] []
[2026-02-17 01:31:37] SlimMonoLogger.INFO: Cron ran at: 17-02-2026 01:31:37 AM [] []
[2026-02-17 01:36:24] SlimMonoLogger.INFO: Cron ran at: 17-02-2026 01:36:24 AM [] []
[2026-02-17 01:41:23] SlimMonoLogger.INFO: Cron ran at: 17-02-2026 01:41:23 AM [] []
[2026-02-17 01:46:29] SlimMonoLogger.INFO: Cron ran at: 17-02-2026 01:46:29 AM [] []
[2026-02-17 01:51:34] SlimMonoLogger.INFO: Cron ran at: 17-02-2026 01:51:34 AM [] []
[2026-02-17 01:56:27] SlimMonoLogger.INFO: Cron ran at: 17-02-2026 01:56:27 AM [] []
[2026-02-17 02:01:33] SlimMonoLogger.INFO: Cron ran at: 17-02-2026 02:01:33 AM [] []
[2026-02-17 02:06:28] SlimMonoLogger.INFO: Cron ran at: 17-02-2026 02:06:28 AM [] []
[2026-02-17 02:11:24] SlimMonoLogger.INFO: Cron ran at: 17-02-2026 02:11:24 AM [] []
[2026-02-17 02:16:37] SlimMonoLogger.INFO: Cron ran at: 17-02-2026 02:16:37 AM [] []
[2026-02-17 02:21:26] SlimMonoLogger.INFO: Cron ran at: 17-02-2026 02:21:26 AM [] []
[2026-02-17 02:26:24] SlimMonoLogger.INFO: Cron ran at: 17-02-2026 02:26:24 AM [] []
[2026-02-17 02:31:25] SlimMonoLogger.INFO: Cron ran at: 17-02-2026 02:31:25 AM [] []
[2026-02-17 02:36:29] SlimMonoLogger.INFO: Cron ran at: 17-02-2026 02:36:29 AM [] []
[2026-02-17 02:41:25] SlimMonoLogger.INFO: Cron ran at: 17-02-2026 02:41:25 AM [] []
[2026-02-17 02:46:31] SlimMonoLogger.INFO: Cron ran at: 17-02-2026 02:46:31 AM [] []
[2026-02-17 02:51:30] SlimMonoLogger.INFO: Cron ran at: 17-02-2026 02:51:30 AM [] []
[2026-02-17 02:56:19] SlimMonoLogger.INFO: Cron ran at: 17-02-2026 02:56:19 AM [] []
[2026-02-17 03:01:32] SlimMonoLogger.INFO: Cron ran at: 17-02-2026 03:01:32 AM [] []
[2026-02-17 03:06:29] SlimMonoLogger.INFO: Cron ran at: 17-02-2026 03:06:29 AM [] []
[2026-02-17 03:11:34] SlimMonoLogger.INFO: Cron ran at: 17-02-2026 03:11:34 AM [] []
[2026-02-17 03:16:25] SlimMonoLogger.INFO: Cron ran at: 17-02-2026 03:16:25 AM [] []
[2026-02-17 03:21:26] SlimMonoLogger.INFO: Cron ran at: 17-02-2026 03:21:26 AM [] []
[2026-02-17 03:26:33] SlimMonoLogger.INFO: Cron ran at: 17-02-2026 03:26:33 AM [] []
[2026-02-17 03:31:31] SlimMonoLogger.INFO: Cron ran at: 17-02-2026 03:31:31 AM [] []
[2026-02-17 03:36:31] SlimMonoLogger.INFO: Cron ran at: 17-02-2026 03:36:31 AM [] []
[2026-02-17 03:41:40] SlimMonoLogger.INFO: Cron ran at: 17-02-2026 03:41:40 AM [] []
[2026-02-17 03:46:25] SlimMonoLogger.INFO: Cron ran at: 17-02-2026 03:46:25 AM [] []
[2026-02-17 03:51:23] SlimMonoLogger.INFO: Cron ran at: 17-02-2026 03:51:23 AM [] []
[2026-02-17 03:56:26] SlimMonoLogger.INFO: Cron ran at: 17-02-2026 03:56:26 AM [] []
[2026-02-17 04:01:43] SlimMonoLogger.INFO: Cron ran at: 17-02-2026 04:01:43 AM [] []
[2026-02-17 04:06:23] SlimMonoLogger.INFO: Cron ran at: 17-02-2026 04:06:23 AM [] []
[2026-02-17 04:11:32] SlimMonoLogger.INFO: Cron ran at: 17-02-2026 04:11:32 AM [] []
[2026-02-17 04:16:32] SlimMonoLogger.INFO: Cron ran at: 17-02-2026 04:16:32 AM [] []
[2026-02-17 04:21:22] SlimMonoLogger.INFO: Cron ran at: 17-02-2026 04:21:22 AM [] []
[2026-02-17 04:26:22] SlimMonoLogger.INFO: Cron ran at: 17-02-2026 04:26:22 AM [] []
[2026-02-17 04:31:35] SlimMonoLogger.INFO: Cron ran at: 17-02-2026 04:31:35 AM [] []
[2026-02-17 04:36:21] SlimMonoLogger.INFO: Cron ran at: 17-02-2026 04:36:21 AM [] []
[2026-02-17 04:41:26] SlimMonoLogger.INFO: Cron ran at: 17-02-2026 04:41:26 AM [] []
[2026-02-17 04:46:24] SlimMonoLogger.INFO: Cron ran at: 17-02-2026 04:46:24 AM [] []
[2026-02-17 04:51:29] SlimMonoLogger.INFO: Cron ran at: 17-02-2026 04:51:29 AM [] []
[2026-02-17 04:56:25] SlimMonoLogger.INFO: Cron ran at: 17-02-2026 04:56:25 AM [] []
[2026-02-17 05:01:29] SlimMonoLogger.INFO: Cron ran at: 17-02-2026 05:01:29 AM [] []
[2026-02-17 05:06:21] SlimMonoLogger.INFO: Cron ran at: 17-02-2026 05:06:21 AM [] []
[2026-02-17 05:11:25] SlimMonoLogger.INFO: Cron ran at: 17-02-2026 05:11:25 AM [] []
[2026-02-17 05:16:26] SlimMonoLogger.INFO: Cron ran at: 17-02-2026 05:16:26 AM [] []
[2026-02-17 05:21:25] SlimMonoLogger.INFO: Cron ran at: 17-02-2026 05:21:25 AM [] []
[2026-02-17 05:26:29] SlimMonoLogger.INFO: Cron ran at: 17-02-2026 05:26:29 AM [] []
[2026-02-17 05:31:31] SlimMonoLogger.INFO: Cron ran at: 17-02-2026 05:31:31 AM [] []
[2026-02-17 05:36:27] SlimMonoLogger.INFO: Cron ran at: 17-02-2026 05:36:27 AM [] []
[2026-02-17 05:41:23] SlimMonoLogger.INFO: Cron ran at: 17-02-2026 05:41:23 AM [] []
[2026-02-17 05:46:33] SlimMonoLogger.INFO: Cron ran at: 17-02-2026 05:46:33 AM [] []
[2026-02-17 05:51:22] SlimMonoLogger.INFO: Cron ran at: 17-02-2026 05:51:22 AM [] []
[2026-02-17 05:56:28] SlimMonoLogger.INFO: Cron ran at: 17-02-2026 05:56:28 AM [] []
[2026-02-17 06:01:32] SlimMonoLogger.INFO: Cron ran at: 17-02-2026 06:01:32 AM [] []
[2026-02-17 06:06:24] SlimMonoLogger.INFO: Cron ran at: 17-02-2026 06:06:24 AM [] []
[2026-02-17 06:11:29] SlimMonoLogger.INFO: Cron ran at: 17-02-2026 06:11:29 AM [] []
[2026-02-17 06:16:20] SlimMonoLogger.INFO: Cron ran at: 17-02-2026 06:16:20 AM [] []
[2026-02-17 06:21:27] SlimMonoLogger.INFO: Cron ran at: 17-02-2026 06:21:27 AM [] []
[2026-02-17 06:26:20] SlimMonoLogger.INFO: Cron ran at: 17-02-2026 06:26:20 AM [] []
[2026-02-17 06:31:31] SlimMonoLogger.INFO: Cron ran at: 17-02-2026 06:31:31 AM [] []
[2026-02-17 06:36:24] SlimMonoLogger.INFO: Cron ran at: 17-02-2026 06:36:24 AM [] []
[2026-02-17 06:41:20] SlimMonoLogger.INFO: Cron ran at: 17-02-2026 06:41:20 AM [] []
[2026-02-17 06:46:24] SlimMonoLogger.INFO: Cron ran at: 17-02-2026 06:46:24 AM [] []
[2026-02-17 06:51:24] SlimMonoLogger.INFO: Cron ran at: 17-02-2026 06:51:24 AM [] []
[2026-02-17 06:56:18] SlimMonoLogger.INFO: Cron ran at: 17-02-2026 06:56:18 AM [] []
[2026-02-17 07:01:28] SlimMonoLogger.INFO: Cron ran at: 17-02-2026 07:01:28 AM [] []
[2026-02-17 07:06:16] SlimMonoLogger.INFO: Cron ran at: 17-02-2026 07:06:16 AM [] []
[2026-02-17 07:11:19] SlimMonoLogger.INFO: Cron ran at: 17-02-2026 07:11:19 AM [] []
[2026-02-17 07:16:26] SlimMonoLogger.INFO: Cron ran at: 17-02-2026 07:16:26 AM [] []
[2026-02-17 07:21:25] SlimMonoLogger.INFO: Cron ran at: 17-02-2026 07:21:25 AM [] []
[2026-02-17 07:26:14] SlimMonoLogger.INFO: Cron ran at: 17-02-2026 07:26:14 AM [] []
[2026-02-17 07:31:21] SlimMonoLogger.INFO: Cron ran at: 17-02-2026 07:31:21 AM [] []
[2026-02-17 07:36:17] SlimMonoLogger.INFO: Cron ran at: 17-02-2026 07:36:17 AM [] []
[2026-02-17 07:41:11] SlimMonoLogger.INFO: Cron ran at: 17-02-2026 07:41:11 AM [] []
[2026-02-17 07:46:25] SlimMonoLogger.INFO: Cron ran at: 17-02-2026 07:46:25 AM [] []
[2026-02-17 07:51:17] SlimMonoLogger.INFO: Cron ran at: 17-02-2026 07:51:17 AM [] []
[2026-02-17 07:56:17] SlimMonoLogger.INFO: Cron ran at: 17-02-2026 07:56:17 AM [] []
[2026-02-17 08:01:21] SlimMonoLogger.INFO: Cron ran at: 17-02-2026 08:01:21 AM [] []
[2026-02-17 08:06:24] SlimMonoLogger.INFO: Cron ran at: 17-02-2026 08:06:24 AM [] []
[2026-02-17 08:11:23] SlimMonoLogger.INFO: Cron ran at: 17-02-2026 08:11:23 AM [] []
[2026-02-17 08:16:30] SlimMonoLogger.INFO: Cron ran at: 17-02-2026 08:16:30 AM [] []
[2026-02-17 08:21:24] SlimMonoLogger.INFO: Cron ran at: 17-02-2026 08:21:24 AM [] []
[2026-02-17 08:26:12] SlimMonoLogger.INFO: Cron ran at: 17-02-2026 08:26:12 AM [] []
[2026-02-17 08:31:43] SlimMonoLogger.INFO: Cron ran at: 17-02-2026 08:31:43 AM [] []
[2026-02-17 08:36:43] SlimMonoLogger.INFO: Cron ran at: 17-02-2026 08:36:43 AM [] []
[2026-02-17 08:41:43] SlimMonoLogger.INFO: Cron ran at: 17-02-2026 08:41:43 AM [] []
[2026-02-17 08:51:46] SlimMonoLogger.INFO: Cron ran at: 17-02-2026 08:51:46 AM [] []
[2026-02-17 08:56:32] SlimMonoLogger.INFO: Cron ran at: 17-02-2026 08:56:32 AM [] []
[2026-02-17 09:01:49] SlimMonoLogger.INFO: Cron ran at: 17-02-2026 09:01:49 AM [] []
[2026-02-17 09:06:59] SlimMonoLogger.INFO: Cron ran at: 17-02-2026 09:06:59 AM [] []
[2026-02-17 09:11:40] SlimMonoLogger.INFO: Cron ran at: 17-02-2026 09:11:40 AM [] []
[2026-02-17 09:16:47] SlimMonoLogger.INFO: Cron ran at: 17-02-2026 09:16:47 AM [] []
[2026-02-17 09:21:34] SlimMonoLogger.INFO: Cron ran at: 17-02-2026 09:21:34 AM [] []
[2026-02-17 09:26:34] SlimMonoLogger.INFO: Cron ran at: 17-02-2026 09:26:34 AM [] []
[2026-02-17 09:31:44] SlimMonoLogger.INFO: Cron ran at: 17-02-2026 09:31:44 AM [] []
[2026-02-17 09:36:37] SlimMonoLogger.INFO: Cron ran at: 17-02-2026 09:36:37 AM [] []
[2026-02-17 09:41:41] SlimMonoLogger.INFO: Cron ran at: 17-02-2026 09:41:41 AM [] []
[2026-02-17 09:46:41] SlimMonoLogger.INFO: Cron ran at: 17-02-2026 09:46:41 AM [] []
[2026-02-17 09:51:31] SlimMonoLogger.INFO: Cron ran at: 17-02-2026 09:51:31 AM [] []
[2026-02-17 09:56:32] SlimMonoLogger.INFO: Cron ran at: 17-02-2026 09:56:32 AM [] []
[2026-02-17 10:07:10] SlimMonoLogger.INFO: Cron ran at: 17-02-2026 10:07:10 AM [] []
[2026-02-17 10:11:49] SlimMonoLogger.INFO: Cron ran at: 17-02-2026 10:11:49 AM [] []
[2026-02-17 10:16:50] SlimMonoLogger.INFO: Cron ran at: 17-02-2026 10:16:50 AM [] []
[2026-02-17 10:21:31] SlimMonoLogger.INFO: Cron ran at: 17-02-2026 10:21:31 AM [] []
[2026-02-17 10:26:37] SlimMonoLogger.INFO: Cron ran at: 17-02-2026 10:26:37 AM [] []
[2026-02-17 10:31:26] SlimMonoLogger.INFO: Cron ran at: 17-02-2026 10:31:26 AM [] []
[2026-02-17 10:36:45] SlimMonoLogger.INFO: Cron ran at: 17-02-2026 10:36:45 AM [] []
[2026-02-17 10:41:51] SlimMonoLogger.INFO: Cron ran at: 17-02-2026 10:41:51 AM [] []
[2026-02-17 10:46:49] SlimMonoLogger.INFO: Cron ran at: 17-02-2026 10:46:49 AM [] []
[2026-02-17 10:51:40] SlimMonoLogger.INFO: Cron ran at: 17-02-2026 10:51:40 AM [] []
[2026-02-17 10:56:31] SlimMonoLogger.INFO: Cron ran at: 17-02-2026 10:56:31 AM [] []
[2026-02-17 11:02:05] SlimMonoLogger.INFO: Cron ran at: 17-02-2026 11:02:05 AM [] []
[2026-02-17 11:06:33] SlimMonoLogger.INFO: Cron ran at: 17-02-2026 11:06:33 AM [] []
[2026-02-17 11:11:35] SlimMonoLogger.INFO: Cron ran at: 17-02-2026 11:11:35 AM [] []
[2026-02-17 11:16:33] SlimMonoLogger.INFO: Cron ran at: 17-02-2026 11:16:33 AM [] []
[2026-02-17 11:21:34] SlimMonoLogger.INFO: Cron ran at: 17-02-2026 11:21:34 AM [] []
[2026-02-17 11:26:37] SlimMonoLogger.INFO: Cron ran at: 17-02-2026 11:26:37 AM [] []
[2026-02-17 11:31:44] SlimMonoLogger.INFO: Cron ran at: 17-02-2026 11:31:44 AM [] []
[2026-02-17 11:36:51] SlimMonoLogger.INFO: Cron ran at: 17-02-2026 11:36:51 AM [] []
[2026-02-17 11:41:25] SlimMonoLogger.INFO: Cron ran at: 17-02-2026 11:41:25 AM [] []
[2026-02-17 11:46:48] SlimMonoLogger.INFO: Cron ran at: 17-02-2026 11:46:48 AM [] []
[2026-02-17 11:51:20] SlimMonoLogger.INFO: Cron ran at: 17-02-2026 11:51:20 AM [] []
[2026-02-17 11:56:49] SlimMonoLogger.INFO: Cron ran at: 17-02-2026 11:56:49 AM [] []
[2026-02-17 12:01:39] SlimMonoLogger.INFO: Cron ran at: 17-02-2026 12:01:39 PM [] []
[2026-02-17 12:06:39] SlimMonoLogger.INFO: Cron ran at: 17-02-2026 12:06:39 PM [] []
[2026-02-17 12:11:30] SlimMonoLogger.INFO: Cron ran at: 17-02-2026 12:11:30 PM [] []
[2026-02-17 12:16:34] SlimMonoLogger.INFO: Cron ran at: 17-02-2026 12:16:34 PM [] []
[2026-02-17 12:21:47] SlimMonoLogger.INFO: Cron ran at: 17-02-2026 12:21:47 PM [] []
[2026-02-17 12:26:40] SlimMonoLogger.INFO: Cron ran at: 17-02-2026 12:26:40 PM [] []
[2026-02-17 12:31:39] SlimMonoLogger.INFO: Cron ran at: 17-02-2026 12:31:39 PM [] []
[2026-02-17 12:36:29] SlimMonoLogger.INFO: Cron ran at: 17-02-2026 12:36:29 PM [] []
[2026-02-17 12:41:37] SlimMonoLogger.INFO: Cron ran at: 17-02-2026 12:41:37 PM [] []
[2026-02-17 12:46:55] SlimMonoLogger.INFO: Cron ran at: 17-02-2026 12:46:55 PM [] []
[2026-02-17 12:51:26] SlimMonoLogger.INFO: Cron ran at: 17-02-2026 12:51:26 PM [] []
[2026-02-17 12:56:26] SlimMonoLogger.INFO: Cron ran at: 17-02-2026 12:56:26 PM [] []
[2026-02-17 13:01:35] SlimMonoLogger.INFO: Cron ran at: 17-02-2026 01:01:35 PM [] []
[2026-02-17 13:06:32] SlimMonoLogger.INFO: Cron ran at: 17-02-2026 01:06:32 PM [] []
[2026-02-17 13:11:46] SlimMonoLogger.INFO: Cron ran at: 17-02-2026 01:11:46 PM [] []
[2026-02-17 13:17:08] SlimMonoLogger.INFO: Cron ran at: 17-02-2026 01:17:08 PM [] []
[2026-02-17 13:21:40] SlimMonoLogger.INFO: Cron ran at: 17-02-2026 01:21:40 PM [] []
[2026-02-17 13:26:24] SlimMonoLogger.INFO: Cron ran at: 17-02-2026 01:26:24 PM [] []
[2026-02-17 13:31:28] SlimMonoLogger.INFO: Cron ran at: 17-02-2026 01:31:28 PM [] []
[2026-02-17 13:36:47] SlimMonoLogger.INFO: Cron ran at: 17-02-2026 01:36:47 PM [] []
[2026-02-17 13:41:36] SlimMonoLogger.INFO: Cron ran at: 17-02-2026 01:41:36 PM [] []
[2026-02-17 13:46:24] SlimMonoLogger.INFO: Cron ran at: 17-02-2026 01:46:24 PM [] []
[2026-02-17 13:51:41] SlimMonoLogger.INFO: Cron ran at: 17-02-2026 01:51:41 PM [] []
[2026-02-17 13:56:23] SlimMonoLogger.INFO: Cron ran at: 17-02-2026 01:56:23 PM [] []
[2026-02-17 14:01:36] SlimMonoLogger.INFO: Cron ran at: 17-02-2026 02:01:36 PM [] []
[2026-02-17 14:06:49] SlimMonoLogger.INFO: Cron ran at: 17-02-2026 02:06:49 PM [] []
[2026-02-17 14:11:40] SlimMonoLogger.INFO: Cron ran at: 17-02-2026 02:11:40 PM [] []
[2026-02-17 14:16:29] SlimMonoLogger.INFO: Cron ran at: 17-02-2026 02:16:29 PM [] []
[2026-02-17 14:21:29] SlimMonoLogger.INFO: Cron ran at: 17-02-2026 02:21:29 PM [] []
[2026-02-17 14:26:45] SlimMonoLogger.INFO: Cron ran at: 17-02-2026 02:26:45 PM [] []
[2026-02-17 14:31:39] SlimMonoLogger.INFO: Cron ran at: 17-02-2026 02:31:39 PM [] []
[2026-02-17 14:36:32] SlimMonoLogger.INFO: Cron ran at: 17-02-2026 02:36:32 PM [] []
[2026-02-17 14:41:31] SlimMonoLogger.INFO: Cron ran at: 17-02-2026 02:41:31 PM [] []
[2026-02-17 14:46:33] SlimMonoLogger.INFO: Cron ran at: 17-02-2026 02:46:33 PM [] []
[2026-02-17 14:51:31] SlimMonoLogger.INFO: Cron ran at: 17-02-2026 02:51:31 PM [] []
[2026-02-17 14:56:35] SlimMonoLogger.INFO: Cron ran at: 17-02-2026 02:56:35 PM [] []
[2026-02-17 15:02:00] SlimMonoLogger.INFO: Cron ran at: 17-02-2026 03:02:00 PM [] []
[2026-02-17 15:06:41] SlimMonoLogger.INFO: Cron ran at: 17-02-2026 03:06:41 PM [] []
[2026-02-17 15:11:41] SlimMonoLogger.INFO: Cron ran at: 17-02-2026 03:11:41 PM [] []
[2026-02-17 15:16:31] SlimMonoLogger.INFO: Cron ran at: 17-02-2026 03:16:31 PM [] []
[2026-02-17 15:21:37] SlimMonoLogger.INFO: Cron ran at: 17-02-2026 03:21:37 PM [] []
[2026-02-17 15:26:25] SlimMonoLogger.INFO: Cron ran at: 17-02-2026 03:26:25 PM [] []
[2026-02-17 15:31:48] SlimMonoLogger.INFO: Cron ran at: 17-02-2026 03:31:48 PM [] []
[2026-02-17 15:36:36] SlimMonoLogger.INFO: Cron ran at: 17-02-2026 03:36:36 PM [] []
[2026-02-17 15:41:29] SlimMonoLogger.INFO: Cron ran at: 17-02-2026 03:41:29 PM [] []
[2026-02-17 15:46:34] SlimMonoLogger.INFO: Cron ran at: 17-02-2026 03:46:34 PM [] []
[2026-02-17 15:51:30] SlimMonoLogger.INFO: Cron ran at: 17-02-2026 03:51:30 PM [] []
[2026-02-17 15:56:21] SlimMonoLogger.INFO: Cron ran at: 17-02-2026 03:56:21 PM [] []
[2026-02-17 16:01:39] SlimMonoLogger.INFO: Cron ran at: 17-02-2026 04:01:39 PM [] []
[2026-02-17 16:06:33] SlimMonoLogger.INFO: Cron ran at: 17-02-2026 04:06:33 PM [] []
[2026-02-17 16:11:31] SlimMonoLogger.INFO: Cron ran at: 17-02-2026 04:11:31 PM [] []
[2026-02-17 16:24:02] SlimMonoLogger.ERROR: Requests_Exception: cURL error 28: Connection timed out after 500001 milliseconds in /home/latihtal/public_html/agregator1/src/vendor/rmccue/requests/library/Requests/Transport/cURL.php:422
Stack trace:
#0 /home/latihtal/public_html/agregator1/src/vendor/rmccue/requests/library/Requests/Transport/cURL.php(177): Requests_Transport_cURL->process_response()
#1 /home/latihtal/public_html/agregator1/src/vendor/rmccue/requests/library/Requests.php(379): Requests_Transport_cURL->request()
#2 /home/latihtal/public_html/agregator1/src/vendor/rmccue/requests/library/Requests/Session.php(205): Requests::request()
#3 /home/latihtal/public_html/agregator1/src/vendor/rmccue/requests/library/Requests/Session.php(132): Requests_Session->request()
#4 /home/latihtal/public_html/agregator1/src/drivers/Http/RssImporter.php(144): Requests_Session->get()
#5 /home/latihtal/public_html/agregator1/src/controllers/Dashboard/DashboardFeedsController.php(534): spark\drivers\Http\RssImporter->fetchPosts()
#6 /home/latihtal/public_html/agregator1/src/controllers/Site/SiteController.php(722): spark\controllers\Dashboard\DashboardFeedsController::importFeedPosts()
#7 [internal function]: spark\controllers\Site\SiteController->runTasks()
#8 /home/latihtal/public_html/agregator1/src/framework/Route.php(173): call_user_func_array()
#9 [internal function]: Slim\Route->Slim\{closure}()
#10 /home/latihtal/public_html/agregator1/src/framework/Route.php(468): call_user_func_array()
#11 /home/latihtal/public_html/agregator1/src/framework/Slim.php(1364): Slim\Route->dispatch()
#12 /home/latihtal/public_html/agregator1/src/framework/Middleware/Flash.php(85): Slim\Slim->call()
#13 /home/latihtal/public_html/agregator1/src/framework/Middleware/MethodOverride.php(92): Slim\Middleware\Flash->call()
#14 /home/latihtal/public_html/agregator1/src/middlewares/CsrfGuard/CsrfGuard.php(47): Slim\Middleware\MethodOverride->call()
#15 /home/latihtal/public_html/agregator1/src/framework/Middleware/PrettyExceptions.php(67): spark\middlewares\CsrfGuard\CsrfGuard->call()
#16 /home/latihtal/public_html/agregator1/src/framework/Slim.php(1308): Slim\Middleware\PrettyExceptions->call()
#17 /home/latihtal/public_html/agregator1/index.php(6): Slim\Slim->run()
#18 {main} [] []
[2026-02-17 16:25:28] SlimMonoLogger.INFO: Cron ran at: 17-02-2026 04:25:28 PM [] []
[2026-02-17 16:26:17] SlimMonoLogger.INFO: Cron ran at: 17-02-2026 04:26:17 PM [] []
[2026-02-17 16:29:49] SlimMonoLogger.ERROR: Requests_Exception: cURL error 28: Connection timed out after 500001 milliseconds in /home/latihtal/public_html/agregator1/src/vendor/rmccue/requests/library/Requests/Transport/cURL.php:422
Stack trace:
#0 /home/latihtal/public_html/agregator1/src/vendor/rmccue/requests/library/Requests/Transport/cURL.php(177): Requests_Transport_cURL->process_response()
#1 /home/latihtal/public_html/agregator1/src/vendor/rmccue/requests/library/Requests.php(379): Requests_Transport_cURL->request()
#2 /home/latihtal/public_html/agregator1/src/vendor/rmccue/requests/library/Requests/Session.php(205): Requests::request()
#3 /home/latihtal/public_html/agregator1/src/vendor/rmccue/requests/library/Requests/Session.php(132): Requests_Session->request()
#4 /home/latihtal/public_html/agregator1/src/drivers/Http/RssImporter.php(144): Requests_Session->get()
#5 /home/latihtal/public_html/agregator1/src/controllers/Dashboard/DashboardFeedsController.php(534): spark\drivers\Http\RssImporter->fetchPosts()
#6 /home/latihtal/public_html/agregator1/src/controllers/Site/SiteController.php(722): spark\controllers\Dashboard\DashboardFeedsController::importFeedPosts()
#7 [internal function]: spark\controllers\Site\SiteController->runTasks()
#8 /home/latihtal/public_html/agregator1/src/framework/Route.php(173): call_user_func_array()
#9 [internal function]: Slim\Route->Slim\{closure}()
#10 /home/latihtal/public_html/agregator1/src/framework/Route.php(468): call_user_func_array()
#11 /home/latihtal/public_html/agregator1/src/framework/Slim.php(1364): Slim\Route->dispatch()
#12 /home/latihtal/public_html/agregator1/src/framework/Middleware/Flash.php(85): Slim\Slim->call()
#13 /home/latihtal/public_html/agregator1/src/framework/Middleware/MethodOverride.php(92): Slim\Middleware\Flash->call()
#14 /home/latihtal/public_html/agregator1/src/middlewares/CsrfGuard/CsrfGuard.php(47): Slim\Middleware\MethodOverride->call()
#15 /home/latihtal/public_html/agregator1/src/framework/Middleware/PrettyExceptions.php(67): spark\middlewares\CsrfGuard\CsrfGuard->call()
#16 /home/latihtal/public_html/agregator1/src/framework/Slim.php(1308): Slim\Middleware\PrettyExceptions->call()
#17 /home/latihtal/public_html/agregator1/index.php(6): Slim\Slim->run()
#18 {main} [] []
[2026-02-17 16:30:43] SlimMonoLogger.INFO: Cron ran at: 17-02-2026 04:30:43 PM [] []
[2026-02-17 16:31:17] SlimMonoLogger.INFO: Cron ran at: 17-02-2026 04:31:17 PM [] []
[2026-02-17 16:36:27] SlimMonoLogger.INFO: Cron ran at: 17-02-2026 04:36:27 PM [] []
[2026-02-17 16:41:30] SlimMonoLogger.INFO: Cron ran at: 17-02-2026 04:41:30 PM [] []
[2026-02-17 16:46:41] SlimMonoLogger.INFO: Cron ran at: 17-02-2026 04:46:41 PM [] []
[2026-02-17 16:51:26] SlimMonoLogger.INFO: Cron ran at: 17-02-2026 04:51:26 PM [] []
[2026-02-17 16:56:35] SlimMonoLogger.INFO: Cron ran at: 17-02-2026 04:56:35 PM [] []
[2026-02-17 17:01:43] SlimMonoLogger.INFO: Cron ran at: 17-02-2026 05:01:43 PM [] []
[2026-02-17 17:06:55] SlimMonoLogger.INFO: Cron ran at: 17-02-2026 05:06:55 PM [] []
[2026-02-17 17:11:51] SlimMonoLogger.INFO: Cron ran at: 17-02-2026 05:11:51 PM [] []
[2026-02-17 17:16:55] SlimMonoLogger.INFO: Cron ran at: 17-02-2026 05:16:55 PM [] []
[2026-02-17 17:21:46] SlimMonoLogger.INFO: Cron ran at: 17-02-2026 05:21:46 PM [] []
[2026-02-17 17:26:43] SlimMonoLogger.INFO: Cron ran at: 17-02-2026 05:26:43 PM [] []
[2026-02-17 17:31:55] SlimMonoLogger.INFO: Cron ran at: 17-02-2026 05:31:55 PM [] []
[2026-02-17 17:36:42] SlimMonoLogger.INFO: Cron ran at: 17-02-2026 05:36:42 PM [] []
[2026-02-17 17:41:42] SlimMonoLogger.INFO: Cron ran at: 17-02-2026 05:41:42 PM [] []
[2026-02-17 17:46:44] SlimMonoLogger.INFO: Cron ran at: 17-02-2026 05:46:44 PM [] []
[2026-02-17 17:51:57] SlimMonoLogger.INFO: Cron ran at: 17-02-2026 05:51:57 PM [] []
[2026-02-17 17:56:53] SlimMonoLogger.INFO: Cron ran at: 17-02-2026 05:56:53 PM [] []
[2026-02-17 18:02:12] SlimMonoLogger.INFO: Cron ran at: 17-02-2026 06:02:12 PM [] []
[2026-02-17 18:06:48] SlimMonoLogger.INFO: Cron ran at: 17-02-2026 06:06:48 PM [] []
[2026-02-17 18:11:43] SlimMonoLogger.INFO: Cron ran at: 17-02-2026 06:11:43 PM [] []
[2026-02-17 18:16:53] SlimMonoLogger.INFO: Cron ran at: 17-02-2026 06:16:53 PM [] []
[2026-02-17 18:21:54] SlimMonoLogger.INFO: Cron ran at: 17-02-2026 06:21:54 PM [] []
[2026-02-17 18:26:45] SlimMonoLogger.INFO: Cron ran at: 17-02-2026 06:26:45 PM [] []
[2026-02-17 18:31:46] SlimMonoLogger.INFO: Cron ran at: 17-02-2026 06:31:46 PM [] []
[2026-02-17 18:36:35] SlimMonoLogger.INFO: Cron ran at: 17-02-2026 06:36:35 PM [] []
[2026-02-17 18:41:31] SlimMonoLogger.INFO: Cron ran at: 17-02-2026 06:41:31 PM [] []
[2026-02-17 18:46:28] SlimMonoLogger.INFO: Cron ran at: 17-02-2026 06:46:28 PM [] []
[2026-02-17 18:51:47] SlimMonoLogger.INFO: Cron ran at: 17-02-2026 06:51:47 PM [] []
[2026-02-17 18:56:42] SlimMonoLogger.INFO: Cron ran at: 17-02-2026 06:56:42 PM [] []
[2026-02-17 19:01:42] SlimMonoLogger.INFO: Cron ran at: 17-02-2026 07:01:42 PM [] []
[2026-02-17 19:06:46] SlimMonoLogger.INFO: Cron ran at: 17-02-2026 07:06:46 PM [] []
[2026-02-17 19:11:36] SlimMonoLogger.INFO: Cron ran at: 17-02-2026 07:11:36 PM [] []
[2026-02-17 19:16:59] SlimMonoLogger.INFO: Cron ran at: 17-02-2026 07:16:59 PM [] []
[2026-02-17 19:21:43] SlimMonoLogger.INFO: Cron ran at: 17-02-2026 07:21:43 PM [] []
[2026-02-17 19:26:34] SlimMonoLogger.INFO: Cron ran at: 17-02-2026 07:26:34 PM [] []
[2026-02-17 19:31:50] SlimMonoLogger.INFO: Cron ran at: 17-02-2026 07:31:50 PM [] []
[2026-02-17 19:36:57] SlimMonoLogger.INFO: Cron ran at: 17-02-2026 07:36:57 PM [] []
[2026-02-17 19:41:52] SlimMonoLogger.INFO: Cron ran at: 17-02-2026 07:41:52 PM [] []
[2026-02-17 19:46:43] SlimMonoLogger.INFO: Cron ran at: 17-02-2026 07:46:43 PM [] []
[2026-02-17 19:52:01] SlimMonoLogger.INFO: Cron ran at: 17-02-2026 07:52:01 PM [] []
[2026-02-17 19:56:53] SlimMonoLogger.INFO: Cron ran at: 17-02-2026 07:56:53 PM [] []
[2026-02-17 20:01:54] SlimMonoLogger.INFO: Cron ran at: 17-02-2026 08:01:54 PM [] []
[2026-02-17 20:06:57] SlimMonoLogger.INFO: Cron ran at: 17-02-2026 08:06:57 PM [] []
[2026-02-17 20:11:49] SlimMonoLogger.INFO: Cron ran at: 17-02-2026 08:11:49 PM [] []
[2026-02-17 20:17:06] SlimMonoLogger.INFO: Cron ran at: 17-02-2026 08:17:06 PM [] []
[2026-02-17 20:22:00] SlimMonoLogger.INFO: Cron ran at: 17-02-2026 08:22:00 PM [] []
[2026-02-17 20:26:45] SlimMonoLogger.INFO: Cron ran at: 17-02-2026 08:26:45 PM [] []
[2026-02-17 20:32:01] SlimMonoLogger.INFO: Cron ran at: 17-02-2026 08:32:01 PM [] []
[2026-02-17 20:37:10] SlimMonoLogger.INFO: Cron ran at: 17-02-2026 08:37:10 PM [] []
[2026-02-17 20:42:03] SlimMonoLogger.INFO: Cron ran at: 17-02-2026 08:42:03 PM [] []
[2026-02-17 20:47:09] SlimMonoLogger.INFO: Cron ran at: 17-02-2026 08:47:09 PM [] []
[2026-02-17 20:52:02] SlimMonoLogger.INFO: Cron ran at: 17-02-2026 08:52:02 PM [] []
[2026-02-17 20:57:26] SlimMonoLogger.INFO: Cron ran at: 17-02-2026 08:57:26 PM [] []
[2026-02-17 21:01:51] SlimMonoLogger.INFO: Cron ran at: 17-02-2026 09:01:51 PM [] []
[2026-02-17 21:06:39] SlimMonoLogger.INFO: Cron ran at: 17-02-2026 09:06:39 PM [] []
[2026-02-17 21:11:49] SlimMonoLogger.INFO: Cron ran at: 17-02-2026 09:11:49 PM [] []
[2026-02-17 21:17:00] SlimMonoLogger.INFO: Cron ran at: 17-02-2026 09:17:00 PM [] []
[2026-02-17 21:21:48] SlimMonoLogger.INFO: Cron ran at: 17-02-2026 09:21:48 PM [] []
[2026-02-17 21:27:03] SlimMonoLogger.INFO: Cron ran at: 17-02-2026 09:27:03 PM [] []
[2026-02-17 21:31:52] SlimMonoLogger.INFO: Cron ran at: 17-02-2026 09:31:52 PM [] []
[2026-02-17 21:36:35] SlimMonoLogger.INFO: Cron ran at: 17-02-2026 09:36:35 PM [] []
[2026-02-17 21:41:32] SlimMonoLogger.INFO: Cron ran at: 17-02-2026 09:41:32 PM [] []
[2026-02-17 21:46:51] SlimMonoLogger.INFO: Cron ran at: 17-02-2026 09:46:51 PM [] []
[2026-02-17 21:51:46] SlimMonoLogger.INFO: Cron ran at: 17-02-2026 09:51:46 PM [] []
[2026-02-17 21:56:33] SlimMonoLogger.INFO: Cron ran at: 17-02-2026 09:56:33 PM [] []
[2026-02-17 22:01:59] SlimMonoLogger.INFO: Cron ran at: 17-02-2026 10:01:59 PM [] []
[2026-02-17 22:07:04] SlimMonoLogger.INFO: Cron ran at: 17-02-2026 10:07:04 PM [] []
[2026-02-17 22:11:55] SlimMonoLogger.INFO: Cron ran at: 17-02-2026 10:11:55 PM [] []
[2026-02-17 22:16:56] SlimMonoLogger.INFO: Cron ran at: 17-02-2026 10:16:56 PM [] []
[2026-02-17 22:21:58] SlimMonoLogger.INFO: Cron ran at: 17-02-2026 10:21:58 PM [] []
[2026-02-17 22:26:55] SlimMonoLogger.INFO: Cron ran at: 17-02-2026 10:26:55 PM [] []
[2026-02-17 22:31:32] SlimMonoLogger.INFO: Cron ran at: 17-02-2026 10:31:32 PM [] []
[2026-02-17 22:36:30] SlimMonoLogger.INFO: Cron ran at: 17-02-2026 10:36:30 PM [] []
[2026-02-17 22:41:30] SlimMonoLogger.INFO: Cron ran at: 17-02-2026 10:41:30 PM [] []
[2026-02-17 22:46:28] SlimMonoLogger.INFO: Cron ran at: 17-02-2026 10:46:28 PM [] []
[2026-02-17 22:51:25] SlimMonoLogger.INFO: Cron ran at: 17-02-2026 10:51:25 PM [] []
[2026-02-17 22:56:18] SlimMonoLogger.INFO: Cron ran at: 17-02-2026 10:56:18 PM [] []
[2026-02-17 23:01:36] SlimMonoLogger.INFO: Cron ran at: 17-02-2026 11:01:36 PM [] []
[2026-02-17 23:06:23] SlimMonoLogger.INFO: Cron ran at: 17-02-2026 11:06:23 PM [] []
[2026-02-17 23:11:25] SlimMonoLogger.INFO: Cron ran at: 17-02-2026 11:11:25 PM [] []
[2026-02-17 23:16:29] SlimMonoLogger.INFO: Cron ran at: 17-02-2026 11:16:29 PM [] []
[2026-02-17 23:22:06] SlimMonoLogger.INFO: Cron ran at: 17-02-2026 11:22:06 PM [] []
[2026-02-17 23:26:20] SlimMonoLogger.INFO: Cron ran at: 17-02-2026 11:26:20 PM [] []
[2026-02-17 23:31:26] SlimMonoLogger.INFO: Cron ran at: 17-02-2026 11:31:26 PM [] []
[2026-02-17 23:36:20] SlimMonoLogger.INFO: Cron ran at: 17-02-2026 11:36:20 PM [] []
[2026-02-17 23:41:28] SlimMonoLogger.INFO: Cron ran at: 17-02-2026 11:41:28 PM [] []
[2026-02-17 23:46:28] SlimMonoLogger.INFO: Cron ran at: 17-02-2026 11:46:28 PM [] []
[2026-02-17 23:51:18] SlimMonoLogger.INFO: Cron ran at: 17-02-2026 11:51:18 PM [] []
[2026-02-17 23:56:18] SlimMonoLogger.INFO: Cron ran at: 17-02-2026 11:56:18 PM [] []
[2026-02-18 00:01:29] SlimMonoLogger.INFO: Cron ran at: 18-02-2026 12:01:29 AM [] []
[2026-02-18 00:06:32] SlimMonoLogger.INFO: Cron ran at: 18-02-2026 12:06:32 AM [] []
[2026-02-18 00:11:24] SlimMonoLogger.INFO: Cron ran at: 18-02-2026 12:11:24 AM [] []
[2026-02-18 00:16:19] SlimMonoLogger.INFO: Cron ran at: 18-02-2026 12:16:19 AM [] []
[2026-02-18 00:21:22] SlimMonoLogger.INFO: Cron ran at: 18-02-2026 12:21:22 AM [] []
[2026-02-18 00:26:21] SlimMonoLogger.INFO: Cron ran at: 18-02-2026 12:26:21 AM [] []
[2026-02-18 00:31:37] SlimMonoLogger.INFO: Cron ran at: 18-02-2026 12:31:37 AM [] []
[2026-02-18 00:36:15] SlimMonoLogger.INFO: Cron ran at: 18-02-2026 12:36:15 AM [] []
[2026-02-18 00:41:32] SlimMonoLogger.INFO: Cron ran at: 18-02-2026 12:41:32 AM [] []
[2026-02-18 00:46:21] SlimMonoLogger.INFO: Cron ran at: 18-02-2026 12:46:21 AM [] []
[2026-02-18 00:51:24] SlimMonoLogger.INFO: Cron ran at: 18-02-2026 12:51:24 AM [] []
[2026-02-18 00:56:21] SlimMonoLogger.INFO: Cron ran at: 18-02-2026 12:56:21 AM [] []
