[2025-07-17 02:00:24] SlimMonoLogger.INFO: Cron ran at: 17-07-2025 02:00:24 AM [] []
[2025-07-17 02:05:30] SlimMonoLogger.INFO: Cron ran at: 17-07-2025 02:05:30 AM [] []
[2025-07-17 02:10:24] SlimMonoLogger.INFO: Cron ran at: 17-07-2025 02:10:24 AM [] []
[2025-07-17 02:15:23] SlimMonoLogger.INFO: Cron ran at: 17-07-2025 02:15:23 AM [] []
[2025-07-17 02:20:22] SlimMonoLogger.INFO: Cron ran at: 17-07-2025 02:20:22 AM [] []
[2025-07-17 02:25:26] SlimMonoLogger.INFO: Cron ran at: 17-07-2025 02:25:26 AM [] []
[2025-07-17 02:30:26] SlimMonoLogger.INFO: Cron ran at: 17-07-2025 02:30:26 AM [] []
[2025-07-17 02:35:24] SlimMonoLogger.INFO: Cron ran at: 17-07-2025 02:35:24 AM [] []
[2025-07-17 02:40:32] SlimMonoLogger.INFO: Cron ran at: 17-07-2025 02:40:32 AM [] []
[2025-07-17 02:45:23] SlimMonoLogger.INFO: Cron ran at: 17-07-2025 02:45:23 AM [] []
[2025-07-17 02:50:27] SlimMonoLogger.INFO: Cron ran at: 17-07-2025 02:50:27 AM [] []
[2025-07-17 02:55:23] SlimMonoLogger.INFO: Cron ran at: 17-07-2025 02:55:23 AM [] []
[2025-07-17 03:00:25] SlimMonoLogger.INFO: Cron ran at: 17-07-2025 03:00:25 AM [] []
[2025-07-17 03:05:24] SlimMonoLogger.INFO: Cron ran at: 17-07-2025 03:05:24 AM [] []
[2025-07-17 03:10:21] SlimMonoLogger.INFO: Cron ran at: 17-07-2025 03:10:21 AM [] []
[2025-07-17 03:15:22] SlimMonoLogger.INFO: Cron ran at: 17-07-2025 03:15:22 AM [] []
[2025-07-17 03:22:33] SlimMonoLogger.INFO: Cron ran at: 17-07-2025 03:22:33 AM [] []
[2025-07-17 03:25:23] SlimMonoLogger.INFO: Cron ran at: 17-07-2025 03:25:23 AM [] []
[2025-07-17 03:30:27] SlimMonoLogger.INFO: Cron ran at: 17-07-2025 03:30:27 AM [] []
[2025-07-17 03:35:23] SlimMonoLogger.INFO: Cron ran at: 17-07-2025 03:35:23 AM [] []
[2025-07-17 03:40:22] SlimMonoLogger.INFO: Cron ran at: 17-07-2025 03:40:22 AM [] []
[2025-07-17 03:45:27] SlimMonoLogger.INFO: Cron ran at: 17-07-2025 03:45:27 AM [] []
[2025-07-17 03:50:24] SlimMonoLogger.INFO: Cron ran at: 17-07-2025 03:50:24 AM [] []
[2025-07-17 03:55:24] SlimMonoLogger.INFO: Cron ran at: 17-07-2025 03:55:24 AM [] []
[2025-07-17 04:00:27] SlimMonoLogger.INFO: Cron ran at: 17-07-2025 04:00:27 AM [] []
[2025-07-17 04:05:28] SlimMonoLogger.INFO: Cron ran at: 17-07-2025 04:05:28 AM [] []
[2025-07-17 04:10:23] SlimMonoLogger.INFO: Cron ran at: 17-07-2025 04:10:23 AM [] []
[2025-07-17 04:15:25] SlimMonoLogger.INFO: Cron ran at: 17-07-2025 04:15:25 AM [] []
[2025-07-17 04:20:21] SlimMonoLogger.INFO: Cron ran at: 17-07-2025 04:20:21 AM [] []
[2025-07-17 04:25:24] SlimMonoLogger.INFO: Cron ran at: 17-07-2025 04:25:24 AM [] []
[2025-07-17 04:30:25] SlimMonoLogger.INFO: Cron ran at: 17-07-2025 04:30:25 AM [] []
[2025-07-17 04:35:23] SlimMonoLogger.INFO: Cron ran at: 17-07-2025 04:35:23 AM [] []
[2025-07-17 04:40:23] SlimMonoLogger.INFO: Cron ran at: 17-07-2025 04:40:23 AM [] []
[2025-07-17 04:45:24] SlimMonoLogger.INFO: Cron ran at: 17-07-2025 04:45:24 AM [] []
[2025-07-17 04:50:26] SlimMonoLogger.INFO: Cron ran at: 17-07-2025 04:50:26 AM [] []
[2025-07-17 04:55:27] SlimMonoLogger.INFO: Cron ran at: 17-07-2025 04:55:27 AM [] []
[2025-07-17 05:00:24] SlimMonoLogger.INFO: Cron ran at: 17-07-2025 05:00:24 AM [] []
[2025-07-17 05:05:22] SlimMonoLogger.INFO: Cron ran at: 17-07-2025 05:05:22 AM [] []
[2025-07-17 05:10:22] SlimMonoLogger.INFO: Cron ran at: 17-07-2025 05:10:22 AM [] []
[2025-07-17 05:15:26] SlimMonoLogger.INFO: Cron ran at: 17-07-2025 05:15:26 AM [] []
[2025-07-17 05:20:22] SlimMonoLogger.INFO: Cron ran at: 17-07-2025 05:20:22 AM [] []
[2025-07-17 05:25:25] SlimMonoLogger.INFO: Cron ran at: 17-07-2025 05:25:25 AM [] []
[2025-07-17 05:30:25] SlimMonoLogger.INFO: Cron ran at: 17-07-2025 05:30:25 AM [] []
[2025-07-17 05:35:23] SlimMonoLogger.INFO: Cron ran at: 17-07-2025 05:35:23 AM [] []
[2025-07-17 05:42:35] SlimMonoLogger.INFO: Cron ran at: 17-07-2025 05:42:35 AM [] []
[2025-07-17 05:45:24] SlimMonoLogger.INFO: Cron ran at: 17-07-2025 05:45:24 AM [] []
[2025-07-17 05:50:24] SlimMonoLogger.INFO: Cron ran at: 17-07-2025 05:50:24 AM [] []
[2025-07-17 05:55:25] SlimMonoLogger.INFO: Cron ran at: 17-07-2025 05:55:25 AM [] []
[2025-07-17 06:00:28] SlimMonoLogger.INFO: Cron ran at: 17-07-2025 06:00:28 AM [] []
[2025-07-17 06:05:25] SlimMonoLogger.INFO: Cron ran at: 17-07-2025 06:05:25 AM [] []
[2025-07-17 06:10:26] SlimMonoLogger.INFO: Cron ran at: 17-07-2025 06:10:26 AM [] []
[2025-07-17 06:15:23] SlimMonoLogger.INFO: Cron ran at: 17-07-2025 06:15:23 AM [] []
[2025-07-17 06:20:24] SlimMonoLogger.INFO: Cron ran at: 17-07-2025 06:20:24 AM [] []
[2025-07-17 06:25:26] SlimMonoLogger.INFO: Cron ran at: 17-07-2025 06:25:26 AM [] []
[2025-07-17 06:30:25] SlimMonoLogger.INFO: Cron ran at: 17-07-2025 06:30:25 AM [] []
[2025-07-17 06:35:23] SlimMonoLogger.INFO: Cron ran at: 17-07-2025 06:35:23 AM [] []
[2025-07-17 06:40:26] SlimMonoLogger.INFO: Cron ran at: 17-07-2025 06:40:26 AM [] []
[2025-07-17 06:45:33] SlimMonoLogger.INFO: Cron ran at: 17-07-2025 06:45:33 AM [] []
[2025-07-17 06:50:23] SlimMonoLogger.INFO: Cron ran at: 17-07-2025 06:50:23 AM [] []
[2025-07-17 06:55:24] SlimMonoLogger.INFO: Cron ran at: 17-07-2025 06:55:24 AM [] []
[2025-07-17 07:00:28] SlimMonoLogger.INFO: Cron ran at: 17-07-2025 07:00:28 AM [] []
[2025-07-17 07:05:23] SlimMonoLogger.INFO: Cron ran at: 17-07-2025 07:05:23 AM [] []
[2025-07-17 07:10:24] SlimMonoLogger.INFO: Cron ran at: 17-07-2025 07:10:24 AM [] []
[2025-07-17 07:15:29] SlimMonoLogger.INFO: Cron ran at: 17-07-2025 07:15:29 AM [] []
[2025-07-17 07:20:29] SlimMonoLogger.INFO: Cron ran at: 17-07-2025 07:20:29 AM [] []
[2025-07-17 07:25:23] SlimMonoLogger.INFO: Cron ran at: 17-07-2025 07:25:23 AM [] []
[2025-07-17 07:30:26] SlimMonoLogger.INFO: Cron ran at: 17-07-2025 07:30:26 AM [] []
[2025-07-17 07:35:24] SlimMonoLogger.INFO: Cron ran at: 17-07-2025 07:35:24 AM [] []
[2025-07-17 07:40:24] SlimMonoLogger.INFO: Cron ran at: 17-07-2025 07:40:24 AM [] []
[2025-07-17 07:45:28] SlimMonoLogger.INFO: Cron ran at: 17-07-2025 07:45:28 AM [] []
[2025-07-17 07:50:27] SlimMonoLogger.INFO: Cron ran at: 17-07-2025 07:50:27 AM [] []
[2025-07-17 07:55:32] SlimMonoLogger.INFO: Cron ran at: 17-07-2025 07:55:32 AM [] []
[2025-07-17 08:00:32] SlimMonoLogger.INFO: Cron ran at: 17-07-2025 08:00:32 AM [] []
[2025-07-17 08:05:27] SlimMonoLogger.INFO: Cron ran at: 17-07-2025 08:05:27 AM [] []
[2025-07-17 08:10:26] SlimMonoLogger.INFO: Cron ran at: 17-07-2025 08:10:26 AM [] []
[2025-07-17 08:15:29] SlimMonoLogger.INFO: Cron ran at: 17-07-2025 08:15:29 AM [] []
[2025-07-17 08:20:24] SlimMonoLogger.INFO: Cron ran at: 17-07-2025 08:20:24 AM [] []
[2025-07-17 08:25:32] SlimMonoLogger.INFO: Cron ran at: 17-07-2025 08:25:32 AM [] []
[2025-07-17 08:30:31] SlimMonoLogger.INFO: Cron ran at: 17-07-2025 08:30:31 AM [] []
[2025-07-17 08:35:35] SlimMonoLogger.INFO: Cron ran at: 17-07-2025 08:35:35 AM [] []
[2025-07-17 08:40:28] SlimMonoLogger.INFO: Cron ran at: 17-07-2025 08:40:28 AM [] []
[2025-07-17 08:45:33] SlimMonoLogger.INFO: Cron ran at: 17-07-2025 08:45:33 AM [] []
[2025-07-17 08:50:26] SlimMonoLogger.INFO: Cron ran at: 17-07-2025 08:50:26 AM [] []
[2025-07-17 08:55:29] SlimMonoLogger.INFO: Cron ran at: 17-07-2025 08:55:29 AM [] []
[2025-07-17 09:00:38] SlimMonoLogger.INFO: Cron ran at: 17-07-2025 09:00:38 AM [] []
[2025-07-17 09:05:26] SlimMonoLogger.INFO: Cron ran at: 17-07-2025 09:05:26 AM [] []
[2025-07-17 09:10:24] SlimMonoLogger.INFO: Cron ran at: 17-07-2025 09:10:24 AM [] []
[2025-07-17 09:15:26] SlimMonoLogger.INFO: Cron ran at: 17-07-2025 09:15:26 AM [] []
[2025-07-17 09:20:30] SlimMonoLogger.INFO: Cron ran at: 17-07-2025 09:20:30 AM [] []
[2025-07-17 09:25:30] SlimMonoLogger.INFO: Cron ran at: 17-07-2025 09:25:30 AM [] []
[2025-07-17 09:30:30] SlimMonoLogger.INFO: Cron ran at: 17-07-2025 09:30:30 AM [] []
[2025-07-17 09:35:32] SlimMonoLogger.INFO: Cron ran at: 17-07-2025 09:35:32 AM [] []
[2025-07-17 09:40:28] SlimMonoLogger.INFO: Cron ran at: 17-07-2025 09:40:28 AM [] []
[2025-07-17 09:45:25] SlimMonoLogger.INFO: Cron ran at: 17-07-2025 09:45:25 AM [] []
[2025-07-17 09:50:36] SlimMonoLogger.INFO: Cron ran at: 17-07-2025 09:50:36 AM [] []
[2025-07-17 09:55:28] SlimMonoLogger.INFO: Cron ran at: 17-07-2025 09:55:28 AM [] []
[2025-07-17 10:00:36] SlimMonoLogger.INFO: Cron ran at: 17-07-2025 10:00:36 AM [] []
[2025-07-17 10:05:26] SlimMonoLogger.INFO: Cron ran at: 17-07-2025 10:05:26 AM [] []
[2025-07-17 10:10:27] SlimMonoLogger.INFO: Cron ran at: 17-07-2025 10:10:27 AM [] []
[2025-07-17 10:15:29] SlimMonoLogger.INFO: Cron ran at: 17-07-2025 10:15:29 AM [] []
[2025-07-17 10:20:24] SlimMonoLogger.INFO: Cron ran at: 17-07-2025 10:20:24 AM [] []
[2025-07-17 10:25:31] SlimMonoLogger.INFO: Cron ran at: 17-07-2025 10:25:31 AM [] []
[2025-07-17 10:30:29] SlimMonoLogger.INFO: Cron ran at: 17-07-2025 10:30:29 AM [] []
[2025-07-17 10:35:34] SlimMonoLogger.INFO: Cron ran at: 17-07-2025 10:35:34 AM [] []
[2025-07-17 10:40:28] SlimMonoLogger.INFO: Cron ran at: 17-07-2025 10:40:28 AM [] []
[2025-07-17 10:45:24] SlimMonoLogger.INFO: Cron ran at: 17-07-2025 10:45:24 AM [] []
[2025-07-17 10:50:32] SlimMonoLogger.INFO: Cron ran at: 17-07-2025 10:50:32 AM [] []
[2025-07-17 10:55:34] SlimMonoLogger.INFO: Cron ran at: 17-07-2025 10:55:34 AM [] []
[2025-07-17 11:00:41] SlimMonoLogger.INFO: Cron ran at: 17-07-2025 11:00:41 AM [] []
[2025-07-17 11:05:26] SlimMonoLogger.INFO: Cron ran at: 17-07-2025 11:05:26 AM [] []
[2025-07-17 11:10:30] SlimMonoLogger.INFO: Cron ran at: 17-07-2025 11:10:30 AM [] []
[2025-07-17 11:15:28] SlimMonoLogger.INFO: Cron ran at: 17-07-2025 11:15:28 AM [] []
[2025-07-17 11:20:26] SlimMonoLogger.INFO: Cron ran at: 17-07-2025 11:20:26 AM [] []
[2025-07-17 11:25:32] SlimMonoLogger.INFO: Cron ran at: 17-07-2025 11:25:32 AM [] []
[2025-07-17 11:30:34] SlimMonoLogger.INFO: Cron ran at: 17-07-2025 11:30:34 AM [] []
[2025-07-17 11:35:35] SlimMonoLogger.INFO: Cron ran at: 17-07-2025 11:35:35 AM [] []
[2025-07-17 11:40:26] SlimMonoLogger.INFO: Cron ran at: 17-07-2025 11:40:26 AM [] []
[2025-07-17 11:45:32] SlimMonoLogger.INFO: Cron ran at: 17-07-2025 11:45:32 AM [] []
[2025-07-17 11:50:27] SlimMonoLogger.INFO: Cron ran at: 17-07-2025 11:50:27 AM [] []
[2025-07-17 11:55:27] SlimMonoLogger.INFO: Cron ran at: 17-07-2025 11:55:27 AM [] []
[2025-07-17 12:00:35] SlimMonoLogger.INFO: Cron ran at: 17-07-2025 12:00:35 PM [] []
[2025-07-17 12:05:30] SlimMonoLogger.INFO: Cron ran at: 17-07-2025 12:05:30 PM [] []
[2025-07-17 12:10:30] SlimMonoLogger.INFO: Cron ran at: 17-07-2025 12:10:30 PM [] []
[2025-07-17 12:15:33] SlimMonoLogger.INFO: Cron ran at: 17-07-2025 12:15:33 PM [] []
[2025-07-17 12:20:28] SlimMonoLogger.INFO: Cron ran at: 17-07-2025 12:20:28 PM [] []
[2025-07-17 12:25:34] SlimMonoLogger.INFO: Cron ran at: 17-07-2025 12:25:34 PM [] []
[2025-07-17 12:30:28] SlimMonoLogger.INFO: Cron ran at: 17-07-2025 12:30:28 PM [] []
[2025-07-17 12:35:28] SlimMonoLogger.INFO: Cron ran at: 17-07-2025 12:35:28 PM [] []
[2025-07-17 12:40:30] SlimMonoLogger.INFO: Cron ran at: 17-07-2025 12:40:30 PM [] []
[2025-07-17 12:45:32] SlimMonoLogger.INFO: Cron ran at: 17-07-2025 12:45:32 PM [] []
[2025-07-17 12:50:34] SlimMonoLogger.INFO: Cron ran at: 17-07-2025 12:50:34 PM [] []
[2025-07-17 12:55:31] SlimMonoLogger.INFO: Cron ran at: 17-07-2025 12:55:31 PM [] []
[2025-07-17 13:00:40] SlimMonoLogger.INFO: Cron ran at: 17-07-2025 01:00:40 PM [] []
[2025-07-17 13:05:34] SlimMonoLogger.INFO: Cron ran at: 17-07-2025 01:05:34 PM [] []
[2025-07-17 13:10:46] SlimMonoLogger.INFO: Cron ran at: 17-07-2025 01:10:46 PM [] []
[2025-07-17 13:15:39] SlimMonoLogger.INFO: Cron ran at: 17-07-2025 01:15:39 PM [] []
[2025-07-17 13:20:36] SlimMonoLogger.INFO: Cron ran at: 17-07-2025 01:20:36 PM [] []
[2025-07-17 13:25:35] SlimMonoLogger.INFO: Cron ran at: 17-07-2025 01:25:35 PM [] []
[2025-07-17 13:30:34] SlimMonoLogger.INFO: Cron ran at: 17-07-2025 01:30:34 PM [] []
[2025-07-17 13:35:38] SlimMonoLogger.INFO: Cron ran at: 17-07-2025 01:35:38 PM [] []
[2025-07-17 13:40:30] SlimMonoLogger.INFO: Cron ran at: 17-07-2025 01:40:30 PM [] []
[2025-07-17 13:45:31] SlimMonoLogger.INFO: Cron ran at: 17-07-2025 01:45:31 PM [] []
[2025-07-17 13:50:45] SlimMonoLogger.INFO: Cron ran at: 17-07-2025 01:50:45 PM [] []
[2025-07-17 13:55:37] SlimMonoLogger.INFO: Cron ran at: 17-07-2025 01:55:37 PM [] []
[2025-07-17 14:00:44] SlimMonoLogger.INFO: Cron ran at: 17-07-2025 02:00:44 PM [] []
[2025-07-17 14:05:34] SlimMonoLogger.INFO: Cron ran at: 17-07-2025 02:05:34 PM [] []
[2025-07-17 14:10:38] SlimMonoLogger.INFO: Cron ran at: 17-07-2025 02:10:38 PM [] []
[2025-07-17 14:15:42] SlimMonoLogger.INFO: Cron ran at: 17-07-2025 02:15:42 PM [] []
[2025-07-17 14:20:34] SlimMonoLogger.INFO: Cron ran at: 17-07-2025 02:20:34 PM [] []
[2025-07-17 14:25:39] SlimMonoLogger.INFO: Cron ran at: 17-07-2025 02:25:39 PM [] []
[2025-07-17 14:30:34] SlimMonoLogger.INFO: Cron ran at: 17-07-2025 02:30:34 PM [] []
[2025-07-17 14:35:32] SlimMonoLogger.INFO: Cron ran at: 17-07-2025 02:35:32 PM [] []
[2025-07-17 14:40:37] SlimMonoLogger.INFO: Cron ran at: 17-07-2025 02:40:37 PM [] []
[2025-07-17 14:45:36] SlimMonoLogger.INFO: Cron ran at: 17-07-2025 02:45:36 PM [] []
[2025-07-17 14:50:27] SlimMonoLogger.INFO: Cron ran at: 17-07-2025 02:50:27 PM [] []
[2025-07-17 14:55:31] SlimMonoLogger.INFO: Cron ran at: 17-07-2025 02:55:31 PM [] []
[2025-07-17 15:00:37] SlimMonoLogger.INFO: Cron ran at: 17-07-2025 03:00:37 PM [] []
[2025-07-17 15:05:30] SlimMonoLogger.INFO: Cron ran at: 17-07-2025 03:05:30 PM [] []
[2025-07-17 15:10:35] SlimMonoLogger.INFO: Cron ran at: 17-07-2025 03:10:35 PM [] []
[2025-07-17 15:15:31] SlimMonoLogger.INFO: Cron ran at: 17-07-2025 03:15:31 PM [] []
[2025-07-17 15:20:28] SlimMonoLogger.INFO: Cron ran at: 17-07-2025 03:20:28 PM [] []
[2025-07-17 15:25:43] SlimMonoLogger.INFO: Cron ran at: 17-07-2025 03:25:43 PM [] []
[2025-07-17 15:30:32] SlimMonoLogger.INFO: Cron ran at: 17-07-2025 03:30:32 PM [] []
[2025-07-17 15:35:27] SlimMonoLogger.INFO: Cron ran at: 17-07-2025 03:35:27 PM [] []
[2025-07-17 15:40:39] SlimMonoLogger.INFO: Cron ran at: 17-07-2025 03:40:39 PM [] []
[2025-07-17 15:45:30] SlimMonoLogger.INFO: Cron ran at: 17-07-2025 03:45:30 PM [] []
[2025-07-17 15:50:29] SlimMonoLogger.INFO: Cron ran at: 17-07-2025 03:50:29 PM [] []
[2025-07-17 15:55:29] SlimMonoLogger.INFO: Cron ran at: 17-07-2025 03:55:29 PM [] []
[2025-07-17 16:00:41] SlimMonoLogger.INFO: Cron ran at: 17-07-2025 04:00:41 PM [] []
[2025-07-17 16:05:28] SlimMonoLogger.INFO: Cron ran at: 17-07-2025 04:05:28 PM [] []
[2025-07-17 16:10:33] SlimMonoLogger.INFO: Cron ran at: 17-07-2025 04:10:33 PM [] []
[2025-07-17 16:15:27] SlimMonoLogger.INFO: Cron ran at: 17-07-2025 04:15:27 PM [] []
[2025-07-17 16:20:23] SlimMonoLogger.INFO: Cron ran at: 17-07-2025 04:20:23 PM [] []
[2025-07-17 16:25:26] SlimMonoLogger.INFO: Cron ran at: 17-07-2025 04:25:26 PM [] []
[2025-07-17 16:30:28] SlimMonoLogger.INFO: Cron ran at: 17-07-2025 04:30:28 PM [] []
[2025-07-17 16:35:28] SlimMonoLogger.INFO: Cron ran at: 17-07-2025 04:35:28 PM [] []
[2025-07-17 16:40:28] SlimMonoLogger.INFO: Cron ran at: 17-07-2025 04:40:28 PM [] []
[2025-07-17 16:45:32] SlimMonoLogger.INFO: Cron ran at: 17-07-2025 04:45:32 PM [] []
[2025-07-17 16:50:37] SlimMonoLogger.INFO: Cron ran at: 17-07-2025 04:50:37 PM [] []
[2025-07-17 16:55:24] SlimMonoLogger.INFO: Cron ran at: 17-07-2025 04:55:24 PM [] []
[2025-07-17 17:00:36] SlimMonoLogger.INFO: Cron ran at: 17-07-2025 05:00:36 PM [] []
[2025-07-17 17:05:29] SlimMonoLogger.INFO: Cron ran at: 17-07-2025 05:05:29 PM [] []
[2025-07-17 17:10:33] SlimMonoLogger.INFO: Cron ran at: 17-07-2025 05:10:33 PM [] []
[2025-07-17 17:15:34] SlimMonoLogger.INFO: Cron ran at: 17-07-2025 05:15:34 PM [] []
[2025-07-17 17:20:31] SlimMonoLogger.INFO: Cron ran at: 17-07-2025 05:20:31 PM [] []
[2025-07-17 17:25:33] SlimMonoLogger.INFO: Cron ran at: 17-07-2025 05:25:33 PM [] []
[2025-07-17 17:30:32] SlimMonoLogger.INFO: Cron ran at: 17-07-2025 05:30:32 PM [] []
[2025-07-17 17:35:29] SlimMonoLogger.INFO: Cron ran at: 17-07-2025 05:35:29 PM [] []
[2025-07-17 17:40:25] SlimMonoLogger.INFO: Cron ran at: 17-07-2025 05:40:25 PM [] []
[2025-07-17 17:45:33] SlimMonoLogger.INFO: Cron ran at: 17-07-2025 05:45:33 PM [] []
[2025-07-17 17:50:31] SlimMonoLogger.INFO: Cron ran at: 17-07-2025 05:50:31 PM [] []
[2025-07-17 17:55:26] SlimMonoLogger.INFO: Cron ran at: 17-07-2025 05:55:26 PM [] []
[2025-07-17 18:00:39] SlimMonoLogger.INFO: Cron ran at: 17-07-2025 06:00:39 PM [] []
[2025-07-17 18:05:28] SlimMonoLogger.INFO: Cron ran at: 17-07-2025 06:05:28 PM [] []
[2025-07-17 18:10:26] SlimMonoLogger.INFO: Cron ran at: 17-07-2025 06:10:26 PM [] []
[2025-07-17 18:15:32] SlimMonoLogger.INFO: Cron ran at: 17-07-2025 06:15:32 PM [] []
[2025-07-17 18:20:28] SlimMonoLogger.INFO: Cron ran at: 17-07-2025 06:20:28 PM [] []
[2025-07-17 18:25:30] SlimMonoLogger.INFO: Cron ran at: 17-07-2025 06:25:30 PM [] []
[2025-07-17 18:30:29] SlimMonoLogger.INFO: Cron ran at: 17-07-2025 06:30:29 PM [] []
[2025-07-17 18:35:32] SlimMonoLogger.INFO: Cron ran at: 17-07-2025 06:35:32 PM [] []
[2025-07-17 18:40:28] SlimMonoLogger.INFO: Cron ran at: 17-07-2025 06:40:28 PM [] []
[2025-07-17 18:45:30] SlimMonoLogger.INFO: Cron ran at: 17-07-2025 06:45:30 PM [] []
[2025-07-17 18:50:32] SlimMonoLogger.INFO: Cron ran at: 17-07-2025 06:50:32 PM [] []
[2025-07-17 18:55:29] SlimMonoLogger.INFO: Cron ran at: 17-07-2025 06:55:29 PM [] []
[2025-07-17 19:00:31] SlimMonoLogger.INFO: Cron ran at: 17-07-2025 07:00:31 PM [] []
[2025-07-17 19:05:30] SlimMonoLogger.INFO: Cron ran at: 17-07-2025 07:05:30 PM [] []
[2025-07-17 19:10:35] SlimMonoLogger.INFO: Cron ran at: 17-07-2025 07:10:35 PM [] []
[2025-07-17 23:15:09] SlimMonoLogger.INFO: Cron ran at: 17-07-2025 11:15:09 PM [] []
[2025-07-17 17:20:05] SlimMonoLogger.CRITICAL: PDOException: SQLSTATE[28000] [1045] Access denied for user 'agregator5a'@'localhost' (using password: YES) in /home/latihtal/public_html/agregator1/src/framework/PDO/Database.php:34
Stack trace:
#0 /home/latihtal/public_html/agregator1/src/framework/PDO/Database.php(34): PDO->__construct()
#1 /home/latihtal/public_html/agregator1/src/dependencies.php(76): Slim\PDO\Database->__construct()
#2 /home/latihtal/public_html/agregator1/src/framework/Helper/Set.php(231): {closure}()
#3 /home/latihtal/public_html/agregator1/src/framework/Helper/Set.php(88): Slim\Helper\Set->Slim\Helper\{closure}()
#4 /home/latihtal/public_html/agregator1/src/framework/Slim.php(232): Slim\Helper\Set->get()
#5 /home/latihtal/public_html/agregator1/src/models/Model.php(176): Slim\Slim->__get()
#6 /home/latihtal/public_html/agregator1/src/models/OptionModel.php(180): spark\models\Model->select()
#7 /home/latihtal/public_html/agregator1/src/models/OptionModel.php(40): spark\models\OptionModel->autoloadOptions()
#8 /home/latihtal/public_html/agregator1/src/dependencies.php(99): spark\models\OptionModel->__construct()
#9 /home/latihtal/public_html/agregator1/src/framework/Helper/Set.php(231): {closure}()
#10 /home/latihtal/public_html/agregator1/src/framework/Helper/Set.php(88): Slim\Helper\Set->Slim\Helper\{closure}()
#11 /home/latihtal/public_html/agregator1/src/framework/Slim.php(232): Slim\Helper\Set->get()
#12 /home/latihtal/public_html/agregator1/src/drivers/Views/ThemeManager.php(34): Slim\Slim->__get()
#13 /home/latihtal/public_html/agregator1/src/dependencies.php(142): spark\drivers\Views\ThemeManager->initEngine()
#14 /home/latihtal/public_html/agregator1/src/bootstrap.php(68): require('/home/latihtal/...')
#15 /home/latihtal/public_html/agregator1/index.php(4): require('/home/latihtal/...')
#16 {main} [] []
[2025-07-17 17:23:11] SlimMonoLogger.CRITICAL: PDOException: SQLSTATE[28000] [1045] Access denied for user 'agregator5a'@'localhost' (using password: YES) in /home/latihtal/public_html/agregator1/src/framework/PDO/Database.php:34
Stack trace:
#0 /home/latihtal/public_html/agregator1/src/framework/PDO/Database.php(34): PDO->__construct()
#1 /home/latihtal/public_html/agregator1/src/dependencies.php(76): Slim\PDO\Database->__construct()
#2 /home/latihtal/public_html/agregator1/src/framework/Helper/Set.php(231): {closure}()
#3 /home/latihtal/public_html/agregator1/src/framework/Helper/Set.php(88): Slim\Helper\Set->Slim\Helper\{closure}()
#4 /home/latihtal/public_html/agregator1/src/framework/Slim.php(232): Slim\Helper\Set->get()
#5 /home/latihtal/public_html/agregator1/src/models/Model.php(176): Slim\Slim->__get()
#6 /home/latihtal/public_html/agregator1/src/models/OptionModel.php(180): spark\models\Model->select()
#7 /home/latihtal/public_html/agregator1/src/models/OptionModel.php(40): spark\models\OptionModel->autoloadOptions()
#8 /home/latihtal/public_html/agregator1/src/dependencies.php(99): spark\models\OptionModel->__construct()
#9 /home/latihtal/public_html/agregator1/src/framework/Helper/Set.php(231): {closure}()
#10 /home/latihtal/public_html/agregator1/src/framework/Helper/Set.php(88): Slim\Helper\Set->Slim\Helper\{closure}()
#11 /home/latihtal/public_html/agregator1/src/framework/Slim.php(232): Slim\Helper\Set->get()
#12 /home/latihtal/public_html/agregator1/src/drivers/Views/ThemeManager.php(34): Slim\Slim->__get()
#13 /home/latihtal/public_html/agregator1/src/dependencies.php(142): spark\drivers\Views\ThemeManager->initEngine()
#14 /home/latihtal/public_html/agregator1/src/bootstrap.php(68): require('/home/latihtal/...')
#15 /home/latihtal/public_html/agregator1/index.php(4): require('/home/latihtal/...')
#16 {main} [] []
[2025-07-17 19:25:32] SlimMonoLogger.INFO: Cron ran at: 17-07-2025 07:25:32 PM [] []
[2025-07-17 19:30:28] SlimMonoLogger.INFO: Cron ran at: 17-07-2025 07:30:28 PM [] []
[2025-07-17 19:35:27] SlimMonoLogger.INFO: Cron ran at: 17-07-2025 07:35:27 PM [] []
[2025-07-17 19:40:29] SlimMonoLogger.INFO: Cron ran at: 17-07-2025 07:40:29 PM [] []
[2025-07-17 19:45:36] SlimMonoLogger.INFO: Cron ran at: 17-07-2025 07:45:36 PM [] []
[2025-07-17 19:50:32] SlimMonoLogger.INFO: Cron ran at: 17-07-2025 07:50:32 PM [] []
[2025-07-17 19:55:32] SlimMonoLogger.INFO: Cron ran at: 17-07-2025 07:55:32 PM [] []
[2025-07-17 20:00:29] SlimMonoLogger.INFO: Cron ran at: 17-07-2025 08:00:29 PM [] []
[2025-07-17 20:05:30] SlimMonoLogger.INFO: Cron ran at: 17-07-2025 08:05:30 PM [] []
[2025-07-17 20:10:27] SlimMonoLogger.INFO: Cron ran at: 17-07-2025 08:10:27 PM [] []
[2025-07-17 20:15:24] SlimMonoLogger.INFO: Cron ran at: 17-07-2025 08:15:24 PM [] []
[2025-07-17 20:20:27] SlimMonoLogger.INFO: Cron ran at: 17-07-2025 08:20:27 PM [] []
[2025-07-17 20:25:31] SlimMonoLogger.INFO: Cron ran at: 17-07-2025 08:25:31 PM [] []
[2025-07-17 20:30:27] SlimMonoLogger.INFO: Cron ran at: 17-07-2025 08:30:27 PM [] []
[2025-07-17 20:35:26] SlimMonoLogger.INFO: Cron ran at: 17-07-2025 08:35:26 PM [] []
[2025-07-17 20:40:23] SlimMonoLogger.INFO: Cron ran at: 17-07-2025 08:40:23 PM [] []
[2025-07-17 20:45:29] SlimMonoLogger.INFO: Cron ran at: 17-07-2025 08:45:29 PM [] []
[2025-07-17 20:50:30] SlimMonoLogger.INFO: Cron ran at: 17-07-2025 08:50:30 PM [] []
[2025-07-17 20:55:32] SlimMonoLogger.INFO: Cron ran at: 17-07-2025 08:55:32 PM [] []
[2025-07-17 21:00:37] SlimMonoLogger.INFO: Cron ran at: 17-07-2025 09:00:37 PM [] []
[2025-07-17 21:05:29] SlimMonoLogger.INFO: Cron ran at: 17-07-2025 09:05:29 PM [] []
[2025-07-17 21:10:33] SlimMonoLogger.INFO: Cron ran at: 17-07-2025 09:10:33 PM [] []
[2025-07-17 21:15:26] SlimMonoLogger.INFO: Cron ran at: 17-07-2025 09:15:26 PM [] []
[2025-07-17 21:20:25] SlimMonoLogger.INFO: Cron ran at: 17-07-2025 09:20:25 PM [] []
[2025-07-17 21:25:28] SlimMonoLogger.INFO: Cron ran at: 17-07-2025 09:25:28 PM [] []
[2025-07-17 21:30:26] SlimMonoLogger.INFO: Cron ran at: 17-07-2025 09:30:26 PM [] []
[2025-07-17 21:35:27] SlimMonoLogger.INFO: Cron ran at: 17-07-2025 09:35:27 PM [] []
[2025-07-17 21:40:29] SlimMonoLogger.INFO: Cron ran at: 17-07-2025 09:40:29 PM [] []
[2025-07-17 21:45:30] SlimMonoLogger.INFO: Cron ran at: 17-07-2025 09:45:30 PM [] []
[2025-07-17 21:50:29] SlimMonoLogger.INFO: Cron ran at: 17-07-2025 09:50:29 PM [] []
[2025-07-17 21:55:23] SlimMonoLogger.INFO: Cron ran at: 17-07-2025 09:55:23 PM [] []
[2025-07-17 22:00:31] SlimMonoLogger.INFO: Cron ran at: 17-07-2025 10:00:31 PM [] []
[2025-07-17 22:05:24] SlimMonoLogger.INFO: Cron ran at: 17-07-2025 10:05:24 PM [] []
[2025-07-17 22:10:29] SlimMonoLogger.INFO: Cron ran at: 17-07-2025 10:10:29 PM [] []
[2025-07-17 22:15:37] SlimMonoLogger.INFO: Cron ran at: 17-07-2025 10:15:37 PM [] []
[2025-07-17 22:20:29] SlimMonoLogger.INFO: Cron ran at: 17-07-2025 10:20:29 PM [] []
[2025-07-17 22:25:26] SlimMonoLogger.INFO: Cron ran at: 17-07-2025 10:25:26 PM [] []
[2025-07-17 22:30:26] SlimMonoLogger.INFO: Cron ran at: 17-07-2025 10:30:26 PM [] []
[2025-07-17 22:35:23] SlimMonoLogger.INFO: Cron ran at: 17-07-2025 10:35:23 PM [] []
[2025-07-17 22:40:23] SlimMonoLogger.INFO: Cron ran at: 17-07-2025 10:40:23 PM [] []
[2025-07-17 22:45:24] SlimMonoLogger.INFO: Cron ran at: 17-07-2025 10:45:24 PM [] []
[2025-07-17 22:50:24] SlimMonoLogger.INFO: Cron ran at: 17-07-2025 10:50:24 PM [] []
[2025-07-17 22:55:26] SlimMonoLogger.INFO: Cron ran at: 17-07-2025 10:55:26 PM [] []
[2025-07-17 23:00:29] SlimMonoLogger.INFO: Cron ran at: 17-07-2025 11:00:29 PM [] []
[2025-07-17 23:05:25] SlimMonoLogger.INFO: Cron ran at: 17-07-2025 11:05:25 PM [] []
[2025-07-17 23:10:26] SlimMonoLogger.INFO: Cron ran at: 17-07-2025 11:10:26 PM [] []
[2025-07-17 23:15:29] SlimMonoLogger.INFO: Cron ran at: 17-07-2025 11:15:29 PM [] []
[2025-07-17 23:20:22] SlimMonoLogger.INFO: Cron ran at: 17-07-2025 11:20:22 PM [] []
[2025-07-17 23:25:22] SlimMonoLogger.INFO: Cron ran at: 17-07-2025 11:25:22 PM [] []
[2025-07-17 23:30:27] SlimMonoLogger.INFO: Cron ran at: 17-07-2025 11:30:27 PM [] []
[2025-07-17 23:35:28] SlimMonoLogger.INFO: Cron ran at: 17-07-2025 11:35:28 PM [] []
[2025-07-17 23:40:24] SlimMonoLogger.INFO: Cron ran at: 17-07-2025 11:40:24 PM [] []
[2025-07-17 23:45:25] SlimMonoLogger.INFO: Cron ran at: 17-07-2025 11:45:25 PM [] []
[2025-07-17 23:50:24] SlimMonoLogger.INFO: Cron ran at: 17-07-2025 11:50:24 PM [] []
[2025-07-17 23:55:27] SlimMonoLogger.INFO: Cron ran at: 17-07-2025 11:55:27 PM [] []
[2025-07-18 00:00:26] SlimMonoLogger.INFO: Cron ran at: 18-07-2025 12:00:26 AM [] []
[2025-07-18 00:05:24] SlimMonoLogger.INFO: Cron ran at: 18-07-2025 12:05:24 AM [] []
[2025-07-18 00:10:23] SlimMonoLogger.INFO: Cron ran at: 18-07-2025 12:10:23 AM [] []
[2025-07-18 00:15:24] SlimMonoLogger.INFO: Cron ran at: 18-07-2025 12:15:24 AM [] []
[2025-07-18 00:20:23] SlimMonoLogger.INFO: Cron ran at: 18-07-2025 12:20:23 AM [] []
[2025-07-18 00:25:21] SlimMonoLogger.INFO: Cron ran at: 18-07-2025 12:25:21 AM [] []
[2025-07-18 00:30:25] SlimMonoLogger.INFO: Cron ran at: 18-07-2025 12:30:25 AM [] []
[2025-07-18 00:35:21] SlimMonoLogger.INFO: Cron ran at: 18-07-2025 12:35:21 AM [] []
[2025-07-18 00:40:25] SlimMonoLogger.INFO: Cron ran at: 18-07-2025 12:40:25 AM [] []
[2025-07-18 00:45:22] SlimMonoLogger.INFO: Cron ran at: 18-07-2025 12:45:22 AM [] []
[2025-07-18 00:50:29] SlimMonoLogger.INFO: Cron ran at: 18-07-2025 12:50:29 AM [] []
[2025-07-18 00:55:24] SlimMonoLogger.INFO: Cron ran at: 18-07-2025 12:55:24 AM [] []
[2025-07-18 01:00:36] SlimMonoLogger.INFO: Cron ran at: 18-07-2025 01:00:36 AM [] []
[2025-07-18 01:05:30] SlimMonoLogger.INFO: Cron ran at: 18-07-2025 01:05:30 AM [] []
[2025-07-18 01:10:26] SlimMonoLogger.INFO: Cron ran at: 18-07-2025 01:10:26 AM [] []
[2025-07-18 01:15:26] SlimMonoLogger.INFO: Cron ran at: 18-07-2025 01:15:26 AM [] []
[2025-07-18 01:20:25] SlimMonoLogger.INFO: Cron ran at: 18-07-2025 01:20:25 AM [] []
[2025-07-18 01:25:25] SlimMonoLogger.INFO: Cron ran at: 18-07-2025 01:25:25 AM [] []
[2025-07-18 01:30:25] SlimMonoLogger.INFO: Cron ran at: 18-07-2025 01:30:25 AM [] []
[2025-07-18 01:35:25] SlimMonoLogger.INFO: Cron ran at: 18-07-2025 01:35:25 AM [] []
[2025-07-18 01:40:21] SlimMonoLogger.INFO: Cron ran at: 18-07-2025 01:40:21 AM [] []
[2025-07-18 01:45:23] SlimMonoLogger.INFO: Cron ran at: 18-07-2025 01:45:23 AM [] []
[2025-07-18 01:50:23] SlimMonoLogger.INFO: Cron ran at: 18-07-2025 01:50:23 AM [] []
[2025-07-18 01:55:25] SlimMonoLogger.INFO: Cron ran at: 18-07-2025 01:55:25 AM [] []
