[2025-06-17 02:00:23] SlimMonoLogger.INFO: Cron ran at: 17-06-2025 02:00:23 AM [] []
[2025-06-17 02:05:23] SlimMonoLogger.INFO: Cron ran at: 17-06-2025 02:05:23 AM [] []
[2025-06-17 02:10:20] SlimMonoLogger.INFO: Cron ran at: 17-06-2025 02:10:20 AM [] []
[2025-06-17 02:15:20] SlimMonoLogger.INFO: Cron ran at: 17-06-2025 02:15:20 AM [] []
[2025-06-17 02:20:23] SlimMonoLogger.INFO: Cron ran at: 17-06-2025 02:20:23 AM [] []
[2025-06-17 02:25:20] SlimMonoLogger.INFO: Cron ran at: 17-06-2025 02:25:20 AM [] []
[2025-06-17 02:30:19] SlimMonoLogger.INFO: Cron ran at: 17-06-2025 02:30:19 AM [] []
[2025-06-17 02:35:17] SlimMonoLogger.INFO: Cron ran at: 17-06-2025 02:35:17 AM [] []
[2025-06-17 02:40:19] SlimMonoLogger.INFO: Cron ran at: 17-06-2025 02:40:19 AM [] []
[2025-06-17 02:45:20] SlimMonoLogger.INFO: Cron ran at: 17-06-2025 02:45:20 AM [] []
[2025-06-17 02:50:19] SlimMonoLogger.INFO: Cron ran at: 17-06-2025 02:50:19 AM [] []
[2025-06-17 02:55:18] SlimMonoLogger.INFO: Cron ran at: 17-06-2025 02:55:18 AM [] []
[2025-06-17 03:00:22] SlimMonoLogger.INFO: Cron ran at: 17-06-2025 03:00:22 AM [] []
[2025-06-17 03:05:21] SlimMonoLogger.INFO: Cron ran at: 17-06-2025 03:05:21 AM [] []
[2025-06-17 03:10:20] SlimMonoLogger.INFO: Cron ran at: 17-06-2025 03:10:20 AM [] []
[2025-06-17 03:15:24] SlimMonoLogger.INFO: Cron ran at: 17-06-2025 03:15:24 AM [] []
[2025-06-17 03:20:21] SlimMonoLogger.INFO: Cron ran at: 17-06-2025 03:20:21 AM [] []
[2025-06-17 03:25:20] SlimMonoLogger.INFO: Cron ran at: 17-06-2025 03:25:20 AM [] []
[2025-06-17 03:30:24] SlimMonoLogger.INFO: Cron ran at: 17-06-2025 03:30:24 AM [] []
[2025-06-17 03:35:23] SlimMonoLogger.INFO: Cron ran at: 17-06-2025 03:35:23 AM [] []
[2025-06-17 03:40:23] SlimMonoLogger.INFO: Cron ran at: 17-06-2025 03:40:23 AM [] []
[2025-06-17 03:45:21] SlimMonoLogger.INFO: Cron ran at: 17-06-2025 03:45:21 AM [] []
[2025-06-17 03:50:19] SlimMonoLogger.INFO: Cron ran at: 17-06-2025 03:50:19 AM [] []
[2025-06-17 03:55:20] SlimMonoLogger.INFO: Cron ran at: 17-06-2025 03:55:20 AM [] []
[2025-06-17 04:00:23] SlimMonoLogger.INFO: Cron ran at: 17-06-2025 04:00:23 AM [] []
[2025-06-17 04:05:25] SlimMonoLogger.INFO: Cron ran at: 17-06-2025 04:05:25 AM [] []
[2025-06-17 04:10:21] SlimMonoLogger.INFO: Cron ran at: 17-06-2025 04:10:21 AM [] []
[2025-06-17 04:15:18] SlimMonoLogger.INFO: Cron ran at: 17-06-2025 04:15:18 AM [] []
[2025-06-17 04:20:19] SlimMonoLogger.INFO: Cron ran at: 17-06-2025 04:20:19 AM [] []
[2025-06-17 04:25:21] SlimMonoLogger.INFO: Cron ran at: 17-06-2025 04:25:21 AM [] []
[2025-06-17 04:30:21] SlimMonoLogger.INFO: Cron ran at: 17-06-2025 04:30:21 AM [] []
[2025-06-17 04:35:20] SlimMonoLogger.INFO: Cron ran at: 17-06-2025 04:35:20 AM [] []
[2025-06-17 04:40:19] SlimMonoLogger.INFO: Cron ran at: 17-06-2025 04:40:19 AM [] []
[2025-06-17 04:45:23] SlimMonoLogger.INFO: Cron ran at: 17-06-2025 04:45:23 AM [] []
[2025-06-17 04:50:17] SlimMonoLogger.INFO: Cron ran at: 17-06-2025 04:50:17 AM [] []
[2025-06-17 04:55:19] SlimMonoLogger.INFO: Cron ran at: 17-06-2025 04:55:19 AM [] []
[2025-06-17 05:00:21] SlimMonoLogger.INFO: Cron ran at: 17-06-2025 05:00:21 AM [] []
[2025-06-17 05:05:19] SlimMonoLogger.INFO: Cron ran at: 17-06-2025 05:05:19 AM [] []
[2025-06-17 05:10:20] SlimMonoLogger.INFO: Cron ran at: 17-06-2025 05:10:20 AM [] []
[2025-06-17 05:15:19] SlimMonoLogger.INFO: Cron ran at: 17-06-2025 05:15:19 AM [] []
[2025-06-17 05:20:19] SlimMonoLogger.INFO: Cron ran at: 17-06-2025 05:20:19 AM [] []
[2025-06-17 05:25:21] SlimMonoLogger.INFO: Cron ran at: 17-06-2025 05:25:21 AM [] []
[2025-06-17 05:30:22] SlimMonoLogger.INFO: Cron ran at: 17-06-2025 05:30:22 AM [] []
[2025-06-17 05:35:32] SlimMonoLogger.INFO: Cron ran at: 17-06-2025 05:35:32 AM [] []
[2025-06-17 05:40:19] SlimMonoLogger.INFO: Cron ran at: 17-06-2025 05:40:19 AM [] []
[2025-06-17 05:45:20] SlimMonoLogger.INFO: Cron ran at: 17-06-2025 05:45:20 AM [] []
[2025-06-17 05:50:19] SlimMonoLogger.INFO: Cron ran at: 17-06-2025 05:50:19 AM [] []
[2025-06-17 05:55:18] SlimMonoLogger.INFO: Cron ran at: 17-06-2025 05:55:18 AM [] []
[2025-06-17 06:00:26] SlimMonoLogger.INFO: Cron ran at: 17-06-2025 06:00:26 AM [] []
[2025-06-17 06:05:19] SlimMonoLogger.INFO: Cron ran at: 17-06-2025 06:05:19 AM [] []
[2025-06-17 06:10:19] SlimMonoLogger.INFO: Cron ran at: 17-06-2025 06:10:19 AM [] []
[2025-06-17 06:15:20] SlimMonoLogger.INFO: Cron ran at: 17-06-2025 06:15:20 AM [] []
[2025-06-17 06:20:19] SlimMonoLogger.INFO: Cron ran at: 17-06-2025 06:20:19 AM [] []
[2025-06-17 06:25:19] SlimMonoLogger.INFO: Cron ran at: 17-06-2025 06:25:19 AM [] []
[2025-06-17 06:30:19] SlimMonoLogger.INFO: Cron ran at: 17-06-2025 06:30:19 AM [] []
[2025-06-17 06:35:20] SlimMonoLogger.INFO: Cron ran at: 17-06-2025 06:35:20 AM [] []
[2025-06-17 06:40:20] SlimMonoLogger.INFO: Cron ran at: 17-06-2025 06:40:20 AM [] []
[2025-06-17 06:45:22] SlimMonoLogger.INFO: Cron ran at: 17-06-2025 06:45:22 AM [] []
[2025-06-17 06:50:20] SlimMonoLogger.INFO: Cron ran at: 17-06-2025 06:50:20 AM [] []
[2025-06-17 06:55:22] SlimMonoLogger.INFO: Cron ran at: 17-06-2025 06:55:22 AM [] []
[2025-06-17 07:00:19] SlimMonoLogger.INFO: Cron ran at: 17-06-2025 07:00:19 AM [] []
[2025-06-17 07:05:21] SlimMonoLogger.INFO: Cron ran at: 17-06-2025 07:05:21 AM [] []
[2025-06-17 07:10:18] SlimMonoLogger.INFO: Cron ran at: 17-06-2025 07:10:18 AM [] []
[2025-06-17 07:15:21] SlimMonoLogger.INFO: Cron ran at: 17-06-2025 07:15:21 AM [] []
[2025-06-17 07:20:19] SlimMonoLogger.INFO: Cron ran at: 17-06-2025 07:20:19 AM [] []
[2025-06-17 07:25:18] SlimMonoLogger.INFO: Cron ran at: 17-06-2025 07:25:18 AM [] []
[2025-06-17 07:30:20] SlimMonoLogger.INFO: Cron ran at: 17-06-2025 07:30:20 AM [] []
[2025-06-17 07:35:18] SlimMonoLogger.INFO: Cron ran at: 17-06-2025 07:35:18 AM [] []
[2025-06-17 07:40:23] SlimMonoLogger.INFO: Cron ran at: 17-06-2025 07:40:23 AM [] []
[2025-06-17 07:45:21] SlimMonoLogger.INFO: Cron ran at: 17-06-2025 07:45:21 AM [] []
[2025-06-17 07:50:18] SlimMonoLogger.INFO: Cron ran at: 17-06-2025 07:50:18 AM [] []
[2025-06-17 07:55:21] SlimMonoLogger.INFO: Cron ran at: 17-06-2025 07:55:21 AM [] []
[2025-06-17 08:00:20] SlimMonoLogger.INFO: Cron ran at: 17-06-2025 08:00:20 AM [] []
[2025-06-17 08:05:19] SlimMonoLogger.INFO: Cron ran at: 17-06-2025 08:05:19 AM [] []
[2025-06-17 08:10:19] SlimMonoLogger.INFO: Cron ran at: 17-06-2025 08:10:19 AM [] []
[2025-06-17 08:15:21] SlimMonoLogger.INFO: Cron ran at: 17-06-2025 08:15:21 AM [] []
[2025-06-17 08:20:25] SlimMonoLogger.INFO: Cron ran at: 17-06-2025 08:20:25 AM [] []
[2025-06-17 08:25:21] SlimMonoLogger.INFO: Cron ran at: 17-06-2025 08:25:21 AM [] []
[2025-06-17 08:30:27] SlimMonoLogger.INFO: Cron ran at: 17-06-2025 08:30:27 AM [] []
[2025-06-17 08:35:21] SlimMonoLogger.INFO: Cron ran at: 17-06-2025 08:35:21 AM [] []
[2025-06-17 08:40:22] SlimMonoLogger.INFO: Cron ran at: 17-06-2025 08:40:22 AM [] []
[2025-06-17 08:45:28] SlimMonoLogger.INFO: Cron ran at: 17-06-2025 08:45:28 AM [] []
[2025-06-17 08:50:24] SlimMonoLogger.INFO: Cron ran at: 17-06-2025 08:50:24 AM [] []
[2025-06-17 08:55:25] SlimMonoLogger.INFO: Cron ran at: 17-06-2025 08:55:25 AM [] []
[2025-06-17 09:00:32] SlimMonoLogger.INFO: Cron ran at: 17-06-2025 09:00:32 AM [] []
[2025-06-17 09:05:25] SlimMonoLogger.INFO: Cron ran at: 17-06-2025 09:05:25 AM [] []
[2025-06-17 09:10:26] SlimMonoLogger.INFO: Cron ran at: 17-06-2025 09:10:26 AM [] []
[2025-06-17 09:15:25] SlimMonoLogger.INFO: Cron ran at: 17-06-2025 09:15:25 AM [] []
[2025-06-17 09:20:25] SlimMonoLogger.INFO: Cron ran at: 17-06-2025 09:20:25 AM [] []
[2025-06-17 09:25:24] SlimMonoLogger.INFO: Cron ran at: 17-06-2025 09:25:24 AM [] []
[2025-06-17 09:30:23] SlimMonoLogger.INFO: Cron ran at: 17-06-2025 09:30:23 AM [] []
[2025-06-17 09:35:25] SlimMonoLogger.INFO: Cron ran at: 17-06-2025 09:35:25 AM [] []
[2025-06-17 09:40:29] SlimMonoLogger.INFO: Cron ran at: 17-06-2025 09:40:29 AM [] []
[2025-06-17 09:45:25] SlimMonoLogger.INFO: Cron ran at: 17-06-2025 09:45:25 AM [] []
[2025-06-17 09:50:25] SlimMonoLogger.INFO: Cron ran at: 17-06-2025 09:50:25 AM [] []
[2025-06-17 09:55:30] SlimMonoLogger.INFO: Cron ran at: 17-06-2025 09:55:30 AM [] []
[2025-06-17 10:00:32] SlimMonoLogger.INFO: Cron ran at: 17-06-2025 10:00:32 AM [] []
[2025-06-17 10:05:25] SlimMonoLogger.INFO: Cron ran at: 17-06-2025 10:05:25 AM [] []
[2025-06-17 10:10:22] SlimMonoLogger.INFO: Cron ran at: 17-06-2025 10:10:22 AM [] []
[2025-06-17 10:15:21] SlimMonoLogger.INFO: Cron ran at: 17-06-2025 10:15:21 AM [] []
[2025-06-17 10:20:25] SlimMonoLogger.INFO: Cron ran at: 17-06-2025 10:20:25 AM [] []
[2025-06-17 10:26:51] SlimMonoLogger.INFO: Cron ran at: 17-06-2025 10:26:51 AM [] []
[2025-06-17 10:30:26] SlimMonoLogger.INFO: Cron ran at: 17-06-2025 10:30:26 AM [] []
[2025-06-17 10:35:26] SlimMonoLogger.INFO: Cron ran at: 17-06-2025 10:35:26 AM [] []
[2025-06-17 10:40:22] SlimMonoLogger.INFO: Cron ran at: 17-06-2025 10:40:22 AM [] []
[2025-06-17 10:45:19] SlimMonoLogger.INFO: Cron ran at: 17-06-2025 10:45:19 AM [] []
[2025-06-17 10:50:25] SlimMonoLogger.INFO: Cron ran at: 17-06-2025 10:50:25 AM [] []
[2025-06-17 10:55:25] SlimMonoLogger.INFO: Cron ran at: 17-06-2025 10:55:25 AM [] []
[2025-06-17 11:00:25] SlimMonoLogger.INFO: Cron ran at: 17-06-2025 11:00:25 AM [] []
[2025-06-17 11:05:25] SlimMonoLogger.INFO: Cron ran at: 17-06-2025 11:05:25 AM [] []
[2025-06-17 11:10:21] SlimMonoLogger.INFO: Cron ran at: 17-06-2025 11:10:21 AM [] []
[2025-06-17 11:15:22] SlimMonoLogger.INFO: Cron ran at: 17-06-2025 11:15:22 AM [] []
[2025-06-17 11:20:25] SlimMonoLogger.INFO: Cron ran at: 17-06-2025 11:20:25 AM [] []
[2025-06-17 11:25:26] SlimMonoLogger.INFO: Cron ran at: 17-06-2025 11:25:26 AM [] []
[2025-06-17 11:30:25] SlimMonoLogger.INFO: Cron ran at: 17-06-2025 11:30:25 AM [] []
[2025-06-17 11:35:22] SlimMonoLogger.INFO: Cron ran at: 17-06-2025 11:35:22 AM [] []
[2025-06-17 11:40:22] SlimMonoLogger.INFO: Cron ran at: 17-06-2025 11:40:22 AM [] []
[2025-06-17 11:45:26] SlimMonoLogger.INFO: Cron ran at: 17-06-2025 11:45:26 AM [] []
[2025-06-17 11:50:26] SlimMonoLogger.INFO: Cron ran at: 17-06-2025 11:50:26 AM [] []
[2025-06-17 11:55:25] SlimMonoLogger.INFO: Cron ran at: 17-06-2025 11:55:25 AM [] []
[2025-06-17 12:00:30] SlimMonoLogger.INFO: Cron ran at: 17-06-2025 12:00:30 PM [] []
[2025-06-17 12:05:27] SlimMonoLogger.INFO: Cron ran at: 17-06-2025 12:05:27 PM [] []
[2025-06-17 12:10:24] SlimMonoLogger.INFO: Cron ran at: 17-06-2025 12:10:24 PM [] []
[2025-06-17 12:15:25] SlimMonoLogger.INFO: Cron ran at: 17-06-2025 12:15:25 PM [] []
[2025-06-17 12:20:28] SlimMonoLogger.INFO: Cron ran at: 17-06-2025 12:20:28 PM [] []
[2025-06-17 12:25:21] SlimMonoLogger.INFO: Cron ran at: 17-06-2025 12:25:21 PM [] []
[2025-06-17 12:30:32] SlimMonoLogger.INFO: Cron ran at: 17-06-2025 12:30:32 PM [] []
[2025-06-17 12:35:26] SlimMonoLogger.INFO: Cron ran at: 17-06-2025 12:35:26 PM [] []
[2025-06-17 12:40:27] SlimMonoLogger.INFO: Cron ran at: 17-06-2025 12:40:27 PM [] []
[2025-06-17 12:45:30] SlimMonoLogger.INFO: Cron ran at: 17-06-2025 12:45:30 PM [] []
[2025-06-17 12:50:22] SlimMonoLogger.INFO: Cron ran at: 17-06-2025 12:50:22 PM [] []
[2025-06-17 12:55:23] SlimMonoLogger.INFO: Cron ran at: 17-06-2025 12:55:23 PM [] []
[2025-06-17 13:00:31] SlimMonoLogger.INFO: Cron ran at: 17-06-2025 01:00:31 PM [] []
[2025-06-17 13:05:28] SlimMonoLogger.INFO: Cron ran at: 17-06-2025 01:05:28 PM [] []
[2025-06-17 13:10:22] SlimMonoLogger.INFO: Cron ran at: 17-06-2025 01:10:22 PM [] []
[2025-06-17 13:15:23] SlimMonoLogger.INFO: Cron ran at: 17-06-2025 01:15:23 PM [] []
[2025-06-17 13:20:26] SlimMonoLogger.INFO: Cron ran at: 17-06-2025 01:20:26 PM [] []
[2025-06-17 13:25:27] SlimMonoLogger.INFO: Cron ran at: 17-06-2025 01:25:27 PM [] []
[2025-06-17 13:30:23] SlimMonoLogger.INFO: Cron ran at: 17-06-2025 01:30:23 PM [] []
[2025-06-17 13:35:20] SlimMonoLogger.INFO: Cron ran at: 17-06-2025 01:35:20 PM [] []
[2025-06-17 13:40:21] SlimMonoLogger.INFO: Cron ran at: 17-06-2025 01:40:21 PM [] []
[2025-06-17 13:45:27] SlimMonoLogger.INFO: Cron ran at: 17-06-2025 01:45:27 PM [] []
[2025-06-17 13:50:23] SlimMonoLogger.INFO: Cron ran at: 17-06-2025 01:50:23 PM [] []
[2025-06-17 13:55:22] SlimMonoLogger.INFO: Cron ran at: 17-06-2025 01:55:22 PM [] []
[2025-06-17 14:00:23] SlimMonoLogger.INFO: Cron ran at: 17-06-2025 02:00:23 PM [] []
[2025-06-17 14:05:16] SlimMonoLogger.ERROR: Requests_Exception: cURL error 56: Recv failure: Connection reset by peer in /home/latihtal/public_html/agregator1/src/vendor/rmccue/requests/library/Requests/Transport/cURL.php:422
Stack trace:
#0 /home/latihtal/public_html/agregator1/src/vendor/rmccue/requests/library/Requests/Transport/cURL.php(177): Requests_Transport_cURL->process_response()
#1 /home/latihtal/public_html/agregator1/src/vendor/rmccue/requests/library/Requests.php(379): Requests_Transport_cURL->request()
#2 /home/latihtal/public_html/agregator1/src/vendor/rmccue/requests/library/Requests/Session.php(205): Requests::request()
#3 /home/latihtal/public_html/agregator1/src/vendor/rmccue/requests/library/Requests/Session.php(132): Requests_Session->request()
#4 /home/latihtal/public_html/agregator1/src/drivers/Http/RssImporter.php(144): Requests_Session->get()
#5 /home/latihtal/public_html/agregator1/src/controllers/Dashboard/DashboardFeedsController.php(534): spark\drivers\Http\RssImporter->fetchPosts()
#6 /home/latihtal/public_html/agregator1/src/controllers/Site/SiteController.php(722): spark\controllers\Dashboard\DashboardFeedsController::importFeedPosts()
#7 [internal function]: spark\controllers\Site\SiteController->runTasks()
#8 /home/latihtal/public_html/agregator1/src/framework/Route.php(173): call_user_func_array()
#9 [internal function]: Slim\Route->Slim\{closure}()
#10 /home/latihtal/public_html/agregator1/src/framework/Route.php(468): call_user_func_array()
#11 /home/latihtal/public_html/agregator1/src/framework/Slim.php(1364): Slim\Route->dispatch()
#12 /home/latihtal/public_html/agregator1/src/framework/Middleware/Flash.php(85): Slim\Slim->call()
#13 /home/latihtal/public_html/agregator1/src/framework/Middleware/MethodOverride.php(92): Slim\Middleware\Flash->call()
#14 /home/latihtal/public_html/agregator1/src/middlewares/CsrfGuard/CsrfGuard.php(47): Slim\Middleware\MethodOverride->call()
#15 /home/latihtal/public_html/agregator1/src/framework/Middleware/PrettyExceptions.php(67): spark\middlewares\CsrfGuard\CsrfGuard->call()
#16 /home/latihtal/public_html/agregator1/src/framework/Slim.php(1308): Slim\Middleware\PrettyExceptions->call()
#17 /home/latihtal/public_html/agregator1/index.php(6): Slim\Slim->run()
#18 {main} [] []
[2025-06-17 14:05:27] SlimMonoLogger.INFO: Cron ran at: 17-06-2025 02:05:27 PM [] []
[2025-06-17 14:10:30] SlimMonoLogger.INFO: Cron ran at: 17-06-2025 02:10:30 PM [] []
[2025-06-17 14:15:32] SlimMonoLogger.INFO: Cron ran at: 17-06-2025 02:15:32 PM [] []
[2025-06-17 14:20:23] SlimMonoLogger.INFO: Cron ran at: 17-06-2025 02:20:23 PM [] []
[2025-06-17 14:25:21] SlimMonoLogger.INFO: Cron ran at: 17-06-2025 02:25:21 PM [] []
[2025-06-17 14:30:26] SlimMonoLogger.INFO: Cron ran at: 17-06-2025 02:30:26 PM [] []
[2025-06-17 14:35:28] SlimMonoLogger.INFO: Cron ran at: 17-06-2025 02:35:28 PM [] []
[2025-06-17 14:40:25] SlimMonoLogger.INFO: Cron ran at: 17-06-2025 02:40:25 PM [] []
[2025-06-17 14:45:25] SlimMonoLogger.INFO: Cron ran at: 17-06-2025 02:45:25 PM [] []
[2025-06-17 14:50:24] SlimMonoLogger.INFO: Cron ran at: 17-06-2025 02:50:24 PM [] []
[2025-06-17 14:55:27] SlimMonoLogger.INFO: Cron ran at: 17-06-2025 02:55:27 PM [] []
[2025-06-17 15:00:27] SlimMonoLogger.INFO: Cron ran at: 17-06-2025 03:00:27 PM [] []
[2025-06-17 15:05:26] SlimMonoLogger.INFO: Cron ran at: 17-06-2025 03:05:26 PM [] []
[2025-06-17 15:10:27] SlimMonoLogger.INFO: Cron ran at: 17-06-2025 03:10:27 PM [] []
[2025-06-17 15:15:29] SlimMonoLogger.INFO: Cron ran at: 17-06-2025 03:15:29 PM [] []
[2025-06-17 15:20:22] SlimMonoLogger.INFO: Cron ran at: 17-06-2025 03:20:22 PM [] []
[2025-06-17 15:25:21] SlimMonoLogger.INFO: Cron ran at: 17-06-2025 03:25:21 PM [] []
[2025-06-17 15:30:24] SlimMonoLogger.INFO: Cron ran at: 17-06-2025 03:30:24 PM [] []
[2025-06-17 15:35:21] SlimMonoLogger.INFO: Cron ran at: 17-06-2025 03:35:21 PM [] []
[2025-06-17 15:40:24] SlimMonoLogger.INFO: Cron ran at: 17-06-2025 03:40:24 PM [] []
[2025-06-17 15:45:30] SlimMonoLogger.INFO: Cron ran at: 17-06-2025 03:45:30 PM [] []
[2025-06-17 15:50:30] SlimMonoLogger.INFO: Cron ran at: 17-06-2025 03:50:30 PM [] []
[2025-06-17 15:55:27] SlimMonoLogger.INFO: Cron ran at: 17-06-2025 03:55:27 PM [] []
[2025-06-17 16:00:23] SlimMonoLogger.INFO: Cron ran at: 17-06-2025 04:00:23 PM [] []
[2025-06-17 16:05:20] SlimMonoLogger.INFO: Cron ran at: 17-06-2025 04:05:20 PM [] []
[2025-06-17 16:10:25] SlimMonoLogger.INFO: Cron ran at: 17-06-2025 04:10:25 PM [] []
[2025-06-17 16:15:24] SlimMonoLogger.INFO: Cron ran at: 17-06-2025 04:15:24 PM [] []
[2025-06-17 16:20:21] SlimMonoLogger.INFO: Cron ran at: 17-06-2025 04:20:21 PM [] []
[2025-06-17 16:25:27] SlimMonoLogger.INFO: Cron ran at: 17-06-2025 04:25:27 PM [] []
[2025-06-17 16:30:29] SlimMonoLogger.INFO: Cron ran at: 17-06-2025 04:30:29 PM [] []
[2025-06-17 16:35:23] SlimMonoLogger.INFO: Cron ran at: 17-06-2025 04:35:23 PM [] []
[2025-06-17 16:40:23] SlimMonoLogger.INFO: Cron ran at: 17-06-2025 04:40:23 PM [] []
[2025-06-17 16:45:21] SlimMonoLogger.INFO: Cron ran at: 17-06-2025 04:45:21 PM [] []
[2025-06-17 16:50:21] SlimMonoLogger.INFO: Cron ran at: 17-06-2025 04:50:21 PM [] []
[2025-06-17 16:55:25] SlimMonoLogger.INFO: Cron ran at: 17-06-2025 04:55:25 PM [] []
[2025-06-17 17:00:31] SlimMonoLogger.INFO: Cron ran at: 17-06-2025 05:00:31 PM [] []
[2025-06-17 17:05:28] SlimMonoLogger.INFO: Cron ran at: 17-06-2025 05:05:28 PM [] []
[2025-06-17 17:10:23] SlimMonoLogger.INFO: Cron ran at: 17-06-2025 05:10:23 PM [] []
[2025-06-17 17:15:24] SlimMonoLogger.INFO: Cron ran at: 17-06-2025 05:15:24 PM [] []
[2025-06-17 17:20:20] SlimMonoLogger.INFO: Cron ran at: 17-06-2025 05:20:20 PM [] []
[2025-06-17 17:25:25] SlimMonoLogger.INFO: Cron ran at: 17-06-2025 05:25:25 PM [] []
[2025-06-17 17:30:24] SlimMonoLogger.INFO: Cron ran at: 17-06-2025 05:30:24 PM [] []
[2025-06-17 17:35:25] SlimMonoLogger.INFO: Cron ran at: 17-06-2025 05:35:25 PM [] []
[2025-06-17 17:40:25] SlimMonoLogger.INFO: Cron ran at: 17-06-2025 05:40:25 PM [] []
[2025-06-17 17:45:23] SlimMonoLogger.INFO: Cron ran at: 17-06-2025 05:45:23 PM [] []
[2025-06-17 17:50:23] SlimMonoLogger.INFO: Cron ran at: 17-06-2025 05:50:23 PM [] []
[2025-06-17 17:55:20] SlimMonoLogger.INFO: Cron ran at: 17-06-2025 05:55:20 PM [] []
[2025-06-17 18:00:26] SlimMonoLogger.INFO: Cron ran at: 17-06-2025 06:00:26 PM [] []
[2025-06-17 18:05:21] SlimMonoLogger.INFO: Cron ran at: 17-06-2025 06:05:21 PM [] []
[2025-06-17 18:10:22] SlimMonoLogger.INFO: Cron ran at: 17-06-2025 06:10:22 PM [] []
[2025-06-17 18:15:27] SlimMonoLogger.INFO: Cron ran at: 17-06-2025 06:15:27 PM [] []
[2025-06-17 18:20:25] SlimMonoLogger.INFO: Cron ran at: 17-06-2025 06:20:25 PM [] []
[2025-06-17 18:25:22] SlimMonoLogger.INFO: Cron ran at: 17-06-2025 06:25:22 PM [] []
[2025-06-17 18:30:29] SlimMonoLogger.INFO: Cron ran at: 17-06-2025 06:30:29 PM [] []
[2025-06-17 18:35:20] SlimMonoLogger.INFO: Cron ran at: 17-06-2025 06:35:20 PM [] []
[2025-06-17 18:40:22] SlimMonoLogger.INFO: Cron ran at: 17-06-2025 06:40:22 PM [] []
[2025-06-17 18:45:23] SlimMonoLogger.INFO: Cron ran at: 17-06-2025 06:45:23 PM [] []
[2025-06-17 18:50:23] SlimMonoLogger.INFO: Cron ran at: 17-06-2025 06:50:23 PM [] []
[2025-06-17 18:55:22] SlimMonoLogger.INFO: Cron ran at: 17-06-2025 06:55:22 PM [] []
[2025-06-17 19:00:33] SlimMonoLogger.INFO: Cron ran at: 17-06-2025 07:00:33 PM [] []
[2025-06-17 19:05:26] SlimMonoLogger.INFO: Cron ran at: 17-06-2025 07:05:26 PM [] []
[2025-06-17 19:10:28] SlimMonoLogger.INFO: Cron ran at: 17-06-2025 07:10:28 PM [] []
[2025-06-17 19:15:26] SlimMonoLogger.INFO: Cron ran at: 17-06-2025 07:15:26 PM [] []
[2025-06-17 19:20:25] SlimMonoLogger.INFO: Cron ran at: 17-06-2025 07:20:25 PM [] []
[2025-06-17 19:25:27] SlimMonoLogger.INFO: Cron ran at: 17-06-2025 07:25:27 PM [] []
[2025-06-17 19:30:23] SlimMonoLogger.INFO: Cron ran at: 17-06-2025 07:30:23 PM [] []
[2025-06-17 19:35:23] SlimMonoLogger.INFO: Cron ran at: 17-06-2025 07:35:23 PM [] []
[2025-06-17 19:40:20] SlimMonoLogger.INFO: Cron ran at: 17-06-2025 07:40:20 PM [] []
[2025-06-17 19:45:22] SlimMonoLogger.INFO: Cron ran at: 17-06-2025 07:45:22 PM [] []
[2025-06-17 19:50:26] SlimMonoLogger.INFO: Cron ran at: 17-06-2025 07:50:26 PM [] []
[2025-06-17 19:55:20] SlimMonoLogger.INFO: Cron ran at: 17-06-2025 07:55:20 PM [] []
[2025-06-17 20:00:31] SlimMonoLogger.INFO: Cron ran at: 17-06-2025 08:00:31 PM [] []
[2025-06-17 20:05:24] SlimMonoLogger.INFO: Cron ran at: 17-06-2025 08:05:24 PM [] []
[2025-06-17 20:10:12] SlimMonoLogger.ERROR: Requests_Exception: cURL error 56: Recv failure: Connection reset by peer in /home/latihtal/public_html/agregator1/src/vendor/rmccue/requests/library/Requests/Transport/cURL.php:422
Stack trace:
#0 /home/latihtal/public_html/agregator1/src/vendor/rmccue/requests/library/Requests/Transport/cURL.php(177): Requests_Transport_cURL->process_response()
#1 /home/latihtal/public_html/agregator1/src/vendor/rmccue/requests/library/Requests.php(379): Requests_Transport_cURL->request()
#2 /home/latihtal/public_html/agregator1/src/vendor/rmccue/requests/library/Requests/Session.php(205): Requests::request()
#3 /home/latihtal/public_html/agregator1/src/vendor/rmccue/requests/library/Requests/Session.php(132): Requests_Session->request()
#4 /home/latihtal/public_html/agregator1/src/drivers/Http/RssImporter.php(144): Requests_Session->get()
#5 /home/latihtal/public_html/agregator1/src/controllers/Dashboard/DashboardFeedsController.php(534): spark\drivers\Http\RssImporter->fetchPosts()
#6 /home/latihtal/public_html/agregator1/src/controllers/Site/SiteController.php(722): spark\controllers\Dashboard\DashboardFeedsController::importFeedPosts()
#7 [internal function]: spark\controllers\Site\SiteController->runTasks()
#8 /home/latihtal/public_html/agregator1/src/framework/Route.php(173): call_user_func_array()
#9 [internal function]: Slim\Route->Slim\{closure}()
#10 /home/latihtal/public_html/agregator1/src/framework/Route.php(468): call_user_func_array()
#11 /home/latihtal/public_html/agregator1/src/framework/Slim.php(1364): Slim\Route->dispatch()
#12 /home/latihtal/public_html/agregator1/src/framework/Middleware/Flash.php(85): Slim\Slim->call()
#13 /home/latihtal/public_html/agregator1/src/framework/Middleware/MethodOverride.php(92): Slim\Middleware\Flash->call()
#14 /home/latihtal/public_html/agregator1/src/middlewares/CsrfGuard/CsrfGuard.php(47): Slim\Middleware\MethodOverride->call()
#15 /home/latihtal/public_html/agregator1/src/framework/Middleware/PrettyExceptions.php(67): spark\middlewares\CsrfGuard\CsrfGuard->call()
#16 /home/latihtal/public_html/agregator1/src/framework/Slim.php(1308): Slim\Middleware\PrettyExceptions->call()
#17 /home/latihtal/public_html/agregator1/index.php(6): Slim\Slim->run()
#18 {main} [] []
[2025-06-17 20:10:22] SlimMonoLogger.INFO: Cron ran at: 17-06-2025 08:10:22 PM [] []
[2025-06-17 20:15:19] SlimMonoLogger.INFO: Cron ran at: 17-06-2025 08:15:19 PM [] []
[2025-06-17 20:20:21] SlimMonoLogger.INFO: Cron ran at: 17-06-2025 08:20:21 PM [] []
[2025-06-17 20:25:24] SlimMonoLogger.INFO: Cron ran at: 17-06-2025 08:25:24 PM [] []
[2025-06-17 20:30:28] SlimMonoLogger.INFO: Cron ran at: 17-06-2025 08:30:28 PM [] []
[2025-06-17 20:35:27] SlimMonoLogger.INFO: Cron ran at: 17-06-2025 08:35:27 PM [] []
[2025-06-17 20:40:29] SlimMonoLogger.INFO: Cron ran at: 17-06-2025 08:40:29 PM [] []
[2025-06-17 20:45:32] SlimMonoLogger.INFO: Cron ran at: 17-06-2025 08:45:32 PM [] []
[2025-06-17 20:50:34] SlimMonoLogger.INFO: Cron ran at: 17-06-2025 08:50:34 PM [] []
[2025-06-17 20:55:28] SlimMonoLogger.INFO: Cron ran at: 17-06-2025 08:55:28 PM [] []
[2025-06-17 21:00:29] SlimMonoLogger.INFO: Cron ran at: 17-06-2025 09:00:29 PM [] []
[2025-06-17 21:05:27] SlimMonoLogger.INFO: Cron ran at: 17-06-2025 09:05:27 PM [] []
[2025-06-17 21:10:25] SlimMonoLogger.INFO: Cron ran at: 17-06-2025 09:10:25 PM [] []
[2025-06-17 21:15:30] SlimMonoLogger.INFO: Cron ran at: 17-06-2025 09:15:30 PM [] []
[2025-06-17 21:20:27] SlimMonoLogger.INFO: Cron ran at: 17-06-2025 09:20:27 PM [] []
[2025-06-17 21:25:27] SlimMonoLogger.INFO: Cron ran at: 17-06-2025 09:25:27 PM [] []
[2025-06-17 21:30:26] SlimMonoLogger.INFO: Cron ran at: 17-06-2025 09:30:26 PM [] []
[2025-06-17 21:35:31] SlimMonoLogger.INFO: Cron ran at: 17-06-2025 09:35:31 PM [] []
[2025-06-17 21:40:30] SlimMonoLogger.INFO: Cron ran at: 17-06-2025 09:40:30 PM [] []
[2025-06-17 21:45:30] SlimMonoLogger.INFO: Cron ran at: 17-06-2025 09:45:30 PM [] []
[2025-06-17 21:50:20] SlimMonoLogger.INFO: Cron ran at: 17-06-2025 09:50:20 PM [] []
[2025-06-17 21:55:33] SlimMonoLogger.INFO: Cron ran at: 17-06-2025 09:55:33 PM [] []
[2025-06-17 22:00:35] SlimMonoLogger.INFO: Cron ran at: 17-06-2025 10:00:35 PM [] []
[2025-06-17 22:05:24] SlimMonoLogger.INFO: Cron ran at: 17-06-2025 10:05:24 PM [] []
[2025-06-17 22:10:23] SlimMonoLogger.INFO: Cron ran at: 17-06-2025 10:10:23 PM [] []
[2025-06-17 22:15:32] SlimMonoLogger.INFO: Cron ran at: 17-06-2025 10:15:32 PM [] []
[2025-06-17 22:20:29] SlimMonoLogger.INFO: Cron ran at: 17-06-2025 10:20:29 PM [] []
[2025-06-17 22:25:27] SlimMonoLogger.INFO: Cron ran at: 17-06-2025 10:25:27 PM [] []
[2025-06-17 22:30:24] SlimMonoLogger.INFO: Cron ran at: 17-06-2025 10:30:24 PM [] []
[2025-06-17 22:35:27] SlimMonoLogger.INFO: Cron ran at: 17-06-2025 10:35:27 PM [] []
[2025-06-17 22:40:26] SlimMonoLogger.INFO: Cron ran at: 17-06-2025 10:40:26 PM [] []
[2025-06-17 22:45:30] SlimMonoLogger.INFO: Cron ran at: 17-06-2025 10:45:30 PM [] []
[2025-06-17 22:50:25] SlimMonoLogger.INFO: Cron ran at: 17-06-2025 10:50:25 PM [] []
[2025-06-17 22:55:31] SlimMonoLogger.INFO: Cron ran at: 17-06-2025 10:55:31 PM [] []
[2025-06-17 23:00:27] SlimMonoLogger.INFO: Cron ran at: 17-06-2025 11:00:27 PM [] []
[2025-06-17 23:05:24] SlimMonoLogger.INFO: Cron ran at: 17-06-2025 11:05:24 PM [] []
[2025-06-17 23:10:26] SlimMonoLogger.INFO: Cron ran at: 17-06-2025 11:10:26 PM [] []
[2025-06-17 23:15:30] SlimMonoLogger.INFO: Cron ran at: 17-06-2025 11:15:30 PM [] []
[2025-06-17 23:20:26] SlimMonoLogger.INFO: Cron ran at: 17-06-2025 11:20:26 PM [] []
[2025-06-17 23:25:25] SlimMonoLogger.INFO: Cron ran at: 17-06-2025 11:25:25 PM [] []
[2025-06-17 23:30:29] SlimMonoLogger.INFO: Cron ran at: 17-06-2025 11:30:29 PM [] []
[2025-06-17 23:35:22] SlimMonoLogger.INFO: Cron ran at: 17-06-2025 11:35:22 PM [] []
[2025-06-17 23:40:27] SlimMonoLogger.INFO: Cron ran at: 17-06-2025 11:40:27 PM [] []
[2025-06-17 23:45:29] SlimMonoLogger.INFO: Cron ran at: 17-06-2025 11:45:29 PM [] []
[2025-06-17 23:50:23] SlimMonoLogger.INFO: Cron ran at: 17-06-2025 11:50:23 PM [] []
[2025-06-17 23:55:21] SlimMonoLogger.INFO: Cron ran at: 17-06-2025 11:55:21 PM [] []
[2025-06-18 00:00:22] SlimMonoLogger.INFO: Cron ran at: 18-06-2025 12:00:22 AM [] []
[2025-06-18 00:05:24] SlimMonoLogger.INFO: Cron ran at: 18-06-2025 12:05:24 AM [] []
[2025-06-18 00:10:21] SlimMonoLogger.INFO: Cron ran at: 18-06-2025 12:10:21 AM [] []
[2025-06-18 00:15:21] SlimMonoLogger.INFO: Cron ran at: 18-06-2025 12:15:21 AM [] []
[2025-06-18 00:20:22] SlimMonoLogger.INFO: Cron ran at: 18-06-2025 12:20:22 AM [] []
[2025-06-18 00:25:22] SlimMonoLogger.INFO: Cron ran at: 18-06-2025 12:25:22 AM [] []
[2025-06-18 00:30:26] SlimMonoLogger.INFO: Cron ran at: 18-06-2025 12:30:26 AM [] []
[2025-06-18 00:35:22] SlimMonoLogger.INFO: Cron ran at: 18-06-2025 12:35:22 AM [] []
[2025-06-18 00:40:24] SlimMonoLogger.INFO: Cron ran at: 18-06-2025 12:40:24 AM [] []
[2025-06-18 00:45:24] SlimMonoLogger.INFO: Cron ran at: 18-06-2025 12:45:24 AM [] []
[2025-06-18 00:50:24] SlimMonoLogger.INFO: Cron ran at: 18-06-2025 12:50:24 AM [] []
[2025-06-18 00:55:22] SlimMonoLogger.INFO: Cron ran at: 18-06-2025 12:55:22 AM [] []
[2025-06-18 01:00:25] SlimMonoLogger.INFO: Cron ran at: 18-06-2025 01:00:25 AM [] []
[2025-06-18 01:05:23] SlimMonoLogger.INFO: Cron ran at: 18-06-2025 01:05:23 AM [] []
[2025-06-18 01:10:22] SlimMonoLogger.INFO: Cron ran at: 18-06-2025 01:10:22 AM [] []
[2025-06-18 01:15:22] SlimMonoLogger.INFO: Cron ran at: 18-06-2025 01:15:22 AM [] []
[2025-06-18 01:20:21] SlimMonoLogger.INFO: Cron ran at: 18-06-2025 01:20:21 AM [] []
[2025-06-18 01:25:26] SlimMonoLogger.INFO: Cron ran at: 18-06-2025 01:25:26 AM [] []
[2025-06-18 01:30:28] SlimMonoLogger.INFO: Cron ran at: 18-06-2025 01:30:28 AM [] []
[2025-06-18 01:35:23] SlimMonoLogger.INFO: Cron ran at: 18-06-2025 01:35:23 AM [] []
[2025-06-18 01:40:24] SlimMonoLogger.INFO: Cron ran at: 18-06-2025 01:40:24 AM [] []
[2025-06-18 01:45:24] SlimMonoLogger.INFO: Cron ran at: 18-06-2025 01:45:24 AM [] []
[2025-06-18 01:50:22] SlimMonoLogger.INFO: Cron ran at: 18-06-2025 01:50:22 AM [] []
[2025-06-18 01:55:22] SlimMonoLogger.INFO: Cron ran at: 18-06-2025 01:55:22 AM [] []
