[2025-12-17 01:01:32] SlimMonoLogger.INFO: Cron ran at: 17-12-2025 01:01:32 AM [] []
[2025-12-17 01:06:31] SlimMonoLogger.INFO: Cron ran at: 17-12-2025 01:06:31 AM [] []
[2025-12-17 01:11:29] SlimMonoLogger.INFO: Cron ran at: 17-12-2025 01:11:29 AM [] []
[2025-12-17 01:16:26] SlimMonoLogger.INFO: Cron ran at: 17-12-2025 01:16:26 AM [] []
[2025-12-17 01:21:30] SlimMonoLogger.INFO: Cron ran at: 17-12-2025 01:21:30 AM [] []
[2025-12-17 01:26:32] SlimMonoLogger.INFO: Cron ran at: 17-12-2025 01:26:32 AM [] []
[2025-12-17 01:31:25] SlimMonoLogger.INFO: Cron ran at: 17-12-2025 01:31:25 AM [] []
[2025-12-17 01:36:21] SlimMonoLogger.INFO: Cron ran at: 17-12-2025 01:36:21 AM [] []
[2025-12-17 01:41:22] SlimMonoLogger.INFO: Cron ran at: 17-12-2025 01:41:22 AM [] []
[2025-12-17 01:46:33] SlimMonoLogger.INFO: Cron ran at: 17-12-2025 01:46:33 AM [] []
[2025-12-17 01:51:22] SlimMonoLogger.INFO: Cron ran at: 17-12-2025 01:51:22 AM [] []
[2025-12-17 01:56:17] SlimMonoLogger.INFO: Cron ran at: 17-12-2025 01:56:17 AM [] []
[2025-12-17 02:01:53] SlimMonoLogger.INFO: Cron ran at: 17-12-2025 02:01:53 AM [] []
[2025-12-17 02:06:26] SlimMonoLogger.INFO: Cron ran at: 17-12-2025 02:06:26 AM [] []
[2025-12-17 02:11:24] SlimMonoLogger.INFO: Cron ran at: 17-12-2025 02:11:24 AM [] []
[2025-12-17 02:16:22] SlimMonoLogger.INFO: Cron ran at: 17-12-2025 02:16:22 AM [] []
[2025-12-17 02:21:20] SlimMonoLogger.INFO: Cron ran at: 17-12-2025 02:21:20 AM [] []
[2025-12-17 02:26:25] SlimMonoLogger.INFO: Cron ran at: 17-12-2025 02:26:25 AM [] []
[2025-12-17 02:31:29] SlimMonoLogger.INFO: Cron ran at: 17-12-2025 02:31:29 AM [] []
[2025-12-17 02:36:27] SlimMonoLogger.INFO: Cron ran at: 17-12-2025 02:36:27 AM [] []
[2025-12-17 02:41:24] SlimMonoLogger.INFO: Cron ran at: 17-12-2025 02:41:24 AM [] []
[2025-12-17 02:46:26] SlimMonoLogger.INFO: Cron ran at: 17-12-2025 02:46:26 AM [] []
[2025-12-17 02:51:09] SlimMonoLogger.INFO: Cron ran at: 17-12-2025 02:51:09 AM [] []
[2025-12-17 02:56:19] SlimMonoLogger.INFO: Cron ran at: 17-12-2025 02:56:19 AM [] []
[2025-12-17 03:01:30] SlimMonoLogger.INFO: Cron ran at: 17-12-2025 03:01:30 AM [] []
[2025-12-17 03:06:25] SlimMonoLogger.INFO: Cron ran at: 17-12-2025 03:06:25 AM [] []
[2025-12-17 03:11:22] SlimMonoLogger.INFO: Cron ran at: 17-12-2025 03:11:22 AM [] []
[2025-12-17 03:16:23] SlimMonoLogger.INFO: Cron ran at: 17-12-2025 03:16:23 AM [] []
[2025-12-17 03:21:31] SlimMonoLogger.INFO: Cron ran at: 17-12-2025 03:21:31 AM [] []
[2025-12-17 03:26:22] SlimMonoLogger.INFO: Cron ran at: 17-12-2025 03:26:22 AM [] []
[2025-12-17 03:31:32] SlimMonoLogger.INFO: Cron ran at: 17-12-2025 03:31:32 AM [] []
[2025-12-17 03:36:25] SlimMonoLogger.INFO: Cron ran at: 17-12-2025 03:36:25 AM [] []
[2025-12-17 03:41:27] SlimMonoLogger.INFO: Cron ran at: 17-12-2025 03:41:27 AM [] []
[2025-12-17 03:46:23] SlimMonoLogger.INFO: Cron ran at: 17-12-2025 03:46:23 AM [] []
[2025-12-17 03:51:23] SlimMonoLogger.INFO: Cron ran at: 17-12-2025 03:51:23 AM [] []
[2025-12-17 03:56:30] SlimMonoLogger.INFO: Cron ran at: 17-12-2025 03:56:30 AM [] []
[2025-12-17 04:01:30] SlimMonoLogger.INFO: Cron ran at: 17-12-2025 04:01:30 AM [] []
[2025-12-17 04:06:23] SlimMonoLogger.INFO: Cron ran at: 17-12-2025 04:06:23 AM [] []
[2025-12-17 04:11:47] SlimMonoLogger.INFO: Cron ran at: 17-12-2025 04:11:47 AM [] []
[2025-12-17 04:16:24] SlimMonoLogger.INFO: Cron ran at: 17-12-2025 04:16:24 AM [] []
[2025-12-17 04:21:21] SlimMonoLogger.INFO: Cron ran at: 17-12-2025 04:21:21 AM [] []
[2025-12-17 04:26:22] SlimMonoLogger.INFO: Cron ran at: 17-12-2025 04:26:22 AM [] []
[2025-12-17 04:31:24] SlimMonoLogger.INFO: Cron ran at: 17-12-2025 04:31:24 AM [] []
[2025-12-17 04:36:38] SlimMonoLogger.INFO: Cron ran at: 17-12-2025 04:36:38 AM [] []
[2025-12-17 04:41:19] SlimMonoLogger.INFO: Cron ran at: 17-12-2025 04:41:19 AM [] []
[2025-12-17 04:46:28] SlimMonoLogger.INFO: Cron ran at: 17-12-2025 04:46:28 AM [] []
[2025-12-17 04:51:23] SlimMonoLogger.INFO: Cron ran at: 17-12-2025 04:51:23 AM [] []
[2025-12-17 04:56:25] SlimMonoLogger.INFO: Cron ran at: 17-12-2025 04:56:25 AM [] []
[2025-12-17 05:01:28] SlimMonoLogger.INFO: Cron ran at: 17-12-2025 05:01:28 AM [] []
[2025-12-17 05:06:30] SlimMonoLogger.INFO: Cron ran at: 17-12-2025 05:06:30 AM [] []
[2025-12-17 05:11:27] SlimMonoLogger.INFO: Cron ran at: 17-12-2025 05:11:27 AM [] []
[2025-12-17 05:16:27] SlimMonoLogger.INFO: Cron ran at: 17-12-2025 05:16:27 AM [] []
[2025-12-17 05:21:21] SlimMonoLogger.INFO: Cron ran at: 17-12-2025 05:21:21 AM [] []
[2025-12-17 05:26:22] SlimMonoLogger.INFO: Cron ran at: 17-12-2025 05:26:22 AM [] []
[2025-12-17 05:31:20] SlimMonoLogger.INFO: Cron ran at: 17-12-2025 05:31:20 AM [] []
[2025-12-17 05:36:19] SlimMonoLogger.INFO: Cron ran at: 17-12-2025 05:36:19 AM [] []
[2025-12-17 05:41:21] SlimMonoLogger.INFO: Cron ran at: 17-12-2025 05:41:21 AM [] []
[2025-12-17 05:46:21] SlimMonoLogger.INFO: Cron ran at: 17-12-2025 05:46:21 AM [] []
[2025-12-17 05:51:20] SlimMonoLogger.INFO: Cron ran at: 17-12-2025 05:51:20 AM [] []
[2025-12-17 05:56:25] SlimMonoLogger.INFO: Cron ran at: 17-12-2025 05:56:25 AM [] []
[2025-12-17 06:01:26] SlimMonoLogger.INFO: Cron ran at: 17-12-2025 06:01:26 AM [] []
[2025-12-17 06:06:20] SlimMonoLogger.INFO: Cron ran at: 17-12-2025 06:06:20 AM [] []
[2025-12-17 06:11:21] SlimMonoLogger.INFO: Cron ran at: 17-12-2025 06:11:21 AM [] []
[2025-12-17 06:16:24] SlimMonoLogger.INFO: Cron ran at: 17-12-2025 06:16:24 AM [] []
[2025-12-17 06:21:20] SlimMonoLogger.INFO: Cron ran at: 17-12-2025 06:21:20 AM [] []
[2025-12-17 06:26:26] SlimMonoLogger.INFO: Cron ran at: 17-12-2025 06:26:26 AM [] []
[2025-12-17 06:31:31] SlimMonoLogger.INFO: Cron ran at: 17-12-2025 06:31:31 AM [] []
[2025-12-17 06:36:19] SlimMonoLogger.INFO: Cron ran at: 17-12-2025 06:36:19 AM [] []
[2025-12-17 06:41:29] SlimMonoLogger.INFO: Cron ran at: 17-12-2025 06:41:29 AM [] []
[2025-12-17 06:46:28] SlimMonoLogger.INFO: Cron ran at: 17-12-2025 06:46:28 AM [] []
[2025-12-17 06:51:30] SlimMonoLogger.INFO: Cron ran at: 17-12-2025 06:51:30 AM [] []
[2025-12-17 06:56:22] SlimMonoLogger.INFO: Cron ran at: 17-12-2025 06:56:22 AM [] []
[2025-12-17 07:01:30] SlimMonoLogger.INFO: Cron ran at: 17-12-2025 07:01:30 AM [] []
[2025-12-17 07:06:32] SlimMonoLogger.INFO: Cron ran at: 17-12-2025 07:06:32 AM [] []
[2025-12-17 07:11:25] SlimMonoLogger.INFO: Cron ran at: 17-12-2025 07:11:25 AM [] []
[2025-12-17 07:16:21] SlimMonoLogger.INFO: Cron ran at: 17-12-2025 07:16:21 AM [] []
[2025-12-17 07:21:25] SlimMonoLogger.INFO: Cron ran at: 17-12-2025 07:21:25 AM [] []
[2025-12-17 07:26:30] SlimMonoLogger.INFO: Cron ran at: 17-12-2025 07:26:30 AM [] []
[2025-12-17 07:31:29] SlimMonoLogger.INFO: Cron ran at: 17-12-2025 07:31:29 AM [] []
[2025-12-17 07:36:32] SlimMonoLogger.INFO: Cron ran at: 17-12-2025 07:36:32 AM [] []
[2025-12-17 07:41:24] SlimMonoLogger.INFO: Cron ran at: 17-12-2025 07:41:24 AM [] []
[2025-12-17 07:46:20] SlimMonoLogger.INFO: Cron ran at: 17-12-2025 07:46:20 AM [] []
[2025-12-17 07:51:28] SlimMonoLogger.INFO: Cron ran at: 17-12-2025 07:51:28 AM [] []
[2025-12-17 07:56:24] SlimMonoLogger.INFO: Cron ran at: 17-12-2025 07:56:24 AM [] []
[2025-12-17 08:01:29] SlimMonoLogger.INFO: Cron ran at: 17-12-2025 08:01:29 AM [] []
[2025-12-17 08:06:23] SlimMonoLogger.INFO: Cron ran at: 17-12-2025 08:06:23 AM [] []
[2025-12-17 08:11:22] SlimMonoLogger.INFO: Cron ran at: 17-12-2025 08:11:22 AM [] []
[2025-12-17 08:16:31] SlimMonoLogger.INFO: Cron ran at: 17-12-2025 08:16:31 AM [] []
[2025-12-17 08:21:35] SlimMonoLogger.INFO: Cron ran at: 17-12-2025 08:21:35 AM [] []
[2025-12-17 08:26:25] SlimMonoLogger.INFO: Cron ran at: 17-12-2025 08:26:25 AM [] []
[2025-12-17 08:31:35] SlimMonoLogger.INFO: Cron ran at: 17-12-2025 08:31:35 AM [] []
[2025-12-17 08:36:27] SlimMonoLogger.INFO: Cron ran at: 17-12-2025 08:36:27 AM [] []
[2025-12-17 08:41:43] SlimMonoLogger.INFO: Cron ran at: 17-12-2025 08:41:43 AM [] []
[2025-12-17 08:46:49] SlimMonoLogger.INFO: Cron ran at: 17-12-2025 08:46:49 AM [] []
[2025-12-17 08:51:35] SlimMonoLogger.INFO: Cron ran at: 17-12-2025 08:51:35 AM [] []
[2025-12-17 08:56:47] SlimMonoLogger.INFO: Cron ran at: 17-12-2025 08:56:47 AM [] []
[2025-12-17 09:06:39] SlimMonoLogger.INFO: Cron ran at: 17-12-2025 09:06:39 AM [] []
[2025-12-17 09:11:22] SlimMonoLogger.INFO: Cron ran at: 17-12-2025 09:11:22 AM [] []
[2025-12-17 09:16:35] SlimMonoLogger.INFO: Cron ran at: 17-12-2025 09:16:35 AM [] []
[2025-12-17 09:21:49] SlimMonoLogger.INFO: Cron ran at: 17-12-2025 09:21:49 AM [] []
[2025-12-17 09:26:33] SlimMonoLogger.INFO: Cron ran at: 17-12-2025 09:26:33 AM [] []
[2025-12-17 09:32:00] SlimMonoLogger.INFO: Cron ran at: 17-12-2025 09:32:00 AM [] []
[2025-12-17 09:36:40] SlimMonoLogger.INFO: Cron ran at: 17-12-2025 09:36:40 AM [] []
[2025-12-17 09:46:56] SlimMonoLogger.INFO: Cron ran at: 17-12-2025 09:46:56 AM [] []
[2025-12-17 09:51:42] SlimMonoLogger.INFO: Cron ran at: 17-12-2025 09:51:42 AM [] []
[2025-12-17 10:01:55] SlimMonoLogger.INFO: Cron ran at: 17-12-2025 10:01:55 AM [] []
[2025-12-17 10:06:38] SlimMonoLogger.INFO: Cron ran at: 17-12-2025 10:06:38 AM [] []
[2025-12-17 10:11:32] SlimMonoLogger.INFO: Cron ran at: 17-12-2025 10:11:32 AM [] []
[2025-12-17 10:16:50] SlimMonoLogger.INFO: Cron ran at: 17-12-2025 10:16:50 AM [] []
[2025-12-17 10:21:44] SlimMonoLogger.INFO: Cron ran at: 17-12-2025 10:21:44 AM [] []
[2025-12-17 10:26:45] SlimMonoLogger.INFO: Cron ran at: 17-12-2025 10:26:45 AM [] []
[2025-12-17 10:31:49] SlimMonoLogger.INFO: Cron ran at: 17-12-2025 10:31:49 AM [] []
[2025-12-17 10:36:35] SlimMonoLogger.INFO: Cron ran at: 17-12-2025 10:36:35 AM [] []
[2025-12-17 10:41:50] SlimMonoLogger.INFO: Cron ran at: 17-12-2025 10:41:50 AM [] []
[2025-12-17 10:46:54] SlimMonoLogger.INFO: Cron ran at: 17-12-2025 10:46:54 AM [] []
[2025-12-17 10:51:38] SlimMonoLogger.INFO: Cron ran at: 17-12-2025 10:51:38 AM [] []
[2025-12-17 10:56:42] SlimMonoLogger.INFO: Cron ran at: 17-12-2025 10:56:42 AM [] []
[2025-12-17 11:01:49] SlimMonoLogger.INFO: Cron ran at: 17-12-2025 11:01:49 AM [] []
[2025-12-17 11:06:37] SlimMonoLogger.INFO: Cron ran at: 17-12-2025 11:06:37 AM [] []
[2025-12-17 11:11:29] SlimMonoLogger.INFO: Cron ran at: 17-12-2025 11:11:29 AM [] []
[2025-12-17 11:16:37] SlimMonoLogger.INFO: Cron ran at: 17-12-2025 11:16:37 AM [] []
[2025-12-17 11:21:35] SlimMonoLogger.INFO: Cron ran at: 17-12-2025 11:21:35 AM [] []
[2025-12-17 11:26:39] SlimMonoLogger.INFO: Cron ran at: 17-12-2025 11:26:39 AM [] []
[2025-12-17 11:31:39] SlimMonoLogger.INFO: Cron ran at: 17-12-2025 11:31:39 AM [] []
[2025-12-17 11:36:38] SlimMonoLogger.INFO: Cron ran at: 17-12-2025 11:36:38 AM [] []
[2025-12-17 11:41:36] SlimMonoLogger.INFO: Cron ran at: 17-12-2025 11:41:36 AM [] []
[2025-12-17 11:46:36] SlimMonoLogger.INFO: Cron ran at: 17-12-2025 11:46:36 AM [] []
[2025-12-17 11:51:36] SlimMonoLogger.INFO: Cron ran at: 17-12-2025 11:51:36 AM [] []
[2025-12-17 11:56:31] SlimMonoLogger.INFO: Cron ran at: 17-12-2025 11:56:31 AM [] []
[2025-12-17 12:01:54] SlimMonoLogger.INFO: Cron ran at: 17-12-2025 12:01:54 PM [] []
[2025-12-17 12:06:37] SlimMonoLogger.INFO: Cron ran at: 17-12-2025 12:06:37 PM [] []
[2025-12-17 12:11:34] SlimMonoLogger.INFO: Cron ran at: 17-12-2025 12:11:34 PM [] []
[2025-12-17 12:16:39] SlimMonoLogger.INFO: Cron ran at: 17-12-2025 12:16:39 PM [] []
[2025-12-17 12:21:40] SlimMonoLogger.INFO: Cron ran at: 17-12-2025 12:21:40 PM [] []
[2025-12-17 12:26:35] SlimMonoLogger.INFO: Cron ran at: 17-12-2025 12:26:35 PM [] []
[2025-12-17 12:31:30] SlimMonoLogger.INFO: Cron ran at: 17-12-2025 12:31:30 PM [] []
[2025-12-17 12:36:32] SlimMonoLogger.INFO: Cron ran at: 17-12-2025 12:36:32 PM [] []
[2025-12-17 12:41:36] SlimMonoLogger.INFO: Cron ran at: 17-12-2025 12:41:36 PM [] []
[2025-12-17 12:46:37] SlimMonoLogger.INFO: Cron ran at: 17-12-2025 12:46:37 PM [] []
[2025-12-17 12:51:38] SlimMonoLogger.INFO: Cron ran at: 17-12-2025 12:51:38 PM [] []
[2025-12-17 12:56:32] SlimMonoLogger.INFO: Cron ran at: 17-12-2025 12:56:32 PM [] []
[2025-12-17 13:02:00] SlimMonoLogger.INFO: Cron ran at: 17-12-2025 01:02:00 PM [] []
[2025-12-17 13:06:32] SlimMonoLogger.INFO: Cron ran at: 17-12-2025 01:06:32 PM [] []
[2025-12-17 13:11:32] SlimMonoLogger.INFO: Cron ran at: 17-12-2025 01:11:32 PM [] []
[2025-12-17 13:16:34] SlimMonoLogger.INFO: Cron ran at: 17-12-2025 01:16:34 PM [] []
[2025-12-17 13:21:38] SlimMonoLogger.INFO: Cron ran at: 17-12-2025 01:21:38 PM [] []
[2025-12-17 13:26:27] SlimMonoLogger.INFO: Cron ran at: 17-12-2025 01:26:27 PM [] []
[2025-12-17 13:31:36] SlimMonoLogger.INFO: Cron ran at: 17-12-2025 01:31:36 PM [] []
[2025-12-17 13:36:33] SlimMonoLogger.INFO: Cron ran at: 17-12-2025 01:36:33 PM [] []
[2025-12-17 13:41:33] SlimMonoLogger.INFO: Cron ran at: 17-12-2025 01:41:33 PM [] []
[2025-12-17 13:46:34] SlimMonoLogger.INFO: Cron ran at: 17-12-2025 01:46:34 PM [] []
[2025-12-17 13:51:35] SlimMonoLogger.INFO: Cron ran at: 17-12-2025 01:51:35 PM [] []
[2025-12-17 13:56:35] SlimMonoLogger.INFO: Cron ran at: 17-12-2025 01:56:35 PM [] []
[2025-12-17 14:00:14] SlimMonoLogger.INFO: Cron ran at: 17-12-2025 02:00:14 PM [] []
[2025-12-17 14:06:12] SlimMonoLogger.INFO: Cron ran at: 17-12-2025 02:06:12 PM [] []
[2025-12-17 14:10:03] SlimMonoLogger.INFO: Cron ran at: 17-12-2025 02:10:03 PM [] []
[2025-12-17 14:15:04] SlimMonoLogger.INFO: Cron ran at: 17-12-2025 02:15:04 PM [] []
[2025-12-17 14:22:10] SlimMonoLogger.INFO: Cron ran at: 17-12-2025 02:22:10 PM [] []
[2025-12-17 14:26:39] SlimMonoLogger.INFO: Cron ran at: 17-12-2025 02:26:39 PM [] []
[2025-12-17 14:31:35] SlimMonoLogger.INFO: Cron ran at: 17-12-2025 02:31:35 PM [] []
[2025-12-17 14:36:40] SlimMonoLogger.INFO: Cron ran at: 17-12-2025 02:36:40 PM [] []
[2025-12-17 14:41:30] SlimMonoLogger.INFO: Cron ran at: 17-12-2025 02:41:30 PM [] []
[2025-12-17 14:46:28] SlimMonoLogger.INFO: Cron ran at: 17-12-2025 02:46:28 PM [] []
[2025-12-17 14:51:37] SlimMonoLogger.INFO: Cron ran at: 17-12-2025 02:51:37 PM [] []
[2025-12-17 14:56:39] SlimMonoLogger.INFO: Cron ran at: 17-12-2025 02:56:39 PM [] []
[2025-12-17 15:01:29] SlimMonoLogger.INFO: Cron ran at: 17-12-2025 03:01:29 PM [] []
[2025-12-17 15:06:28] SlimMonoLogger.INFO: Cron ran at: 17-12-2025 03:06:28 PM [] []
[2025-12-17 15:11:35] SlimMonoLogger.INFO: Cron ran at: 17-12-2025 03:11:35 PM [] []
[2025-12-17 15:16:29] SlimMonoLogger.INFO: Cron ran at: 17-12-2025 03:16:29 PM [] []
[2025-12-17 15:21:48] SlimMonoLogger.INFO: Cron ran at: 17-12-2025 03:21:48 PM [] []
[2025-12-17 15:26:42] SlimMonoLogger.INFO: Cron ran at: 17-12-2025 03:26:42 PM [] []
[2025-12-17 15:31:50] SlimMonoLogger.INFO: Cron ran at: 17-12-2025 03:31:50 PM [] []
[2025-12-17 15:36:37] SlimMonoLogger.INFO: Cron ran at: 17-12-2025 03:36:37 PM [] []
[2025-12-17 15:41:47] SlimMonoLogger.INFO: Cron ran at: 17-12-2025 03:41:47 PM [] []
[2025-12-17 15:46:44] SlimMonoLogger.INFO: Cron ran at: 17-12-2025 03:46:44 PM [] []
[2025-12-17 15:51:43] SlimMonoLogger.INFO: Cron ran at: 17-12-2025 03:51:43 PM [] []
[2025-12-17 15:56:39] SlimMonoLogger.INFO: Cron ran at: 17-12-2025 03:56:39 PM [] []
[2025-12-17 16:01:38] SlimMonoLogger.INFO: Cron ran at: 17-12-2025 04:01:38 PM [] []
[2025-12-17 16:06:49] SlimMonoLogger.INFO: Cron ran at: 17-12-2025 04:06:49 PM [] []
[2025-12-17 16:11:42] SlimMonoLogger.INFO: Cron ran at: 17-12-2025 04:11:42 PM [] []
[2025-12-17 16:16:40] SlimMonoLogger.INFO: Cron ran at: 17-12-2025 04:16:40 PM [] []
[2025-12-17 16:21:42] SlimMonoLogger.INFO: Cron ran at: 17-12-2025 04:21:42 PM [] []
[2025-12-17 16:26:51] SlimMonoLogger.INFO: Cron ran at: 17-12-2025 04:26:51 PM [] []
[2025-12-17 16:31:39] SlimMonoLogger.INFO: Cron ran at: 17-12-2025 04:31:39 PM [] []
[2025-12-17 16:36:39] SlimMonoLogger.INFO: Cron ran at: 17-12-2025 04:36:39 PM [] []
[2025-12-17 16:41:47] SlimMonoLogger.INFO: Cron ran at: 17-12-2025 04:41:47 PM [] []
[2025-12-17 16:46:33] SlimMonoLogger.INFO: Cron ran at: 17-12-2025 04:46:33 PM [] []
[2025-12-17 16:51:47] SlimMonoLogger.INFO: Cron ran at: 17-12-2025 04:51:47 PM [] []
[2025-12-17 16:56:30] SlimMonoLogger.INFO: Cron ran at: 17-12-2025 04:56:30 PM [] []
[2025-12-17 17:01:53] SlimMonoLogger.INFO: Cron ran at: 17-12-2025 05:01:53 PM [] []
[2025-12-17 17:06:38] SlimMonoLogger.INFO: Cron ran at: 17-12-2025 05:06:38 PM [] []
[2025-12-17 17:11:36] SlimMonoLogger.INFO: Cron ran at: 17-12-2025 05:11:36 PM [] []
[2025-12-17 17:16:35] SlimMonoLogger.INFO: Cron ran at: 17-12-2025 05:16:35 PM [] []
[2025-12-17 17:21:26] SlimMonoLogger.INFO: Cron ran at: 17-12-2025 05:21:26 PM [] []
[2025-12-17 17:26:28] SlimMonoLogger.INFO: Cron ran at: 17-12-2025 05:26:28 PM [] []
[2025-12-17 17:31:33] SlimMonoLogger.INFO: Cron ran at: 17-12-2025 05:31:33 PM [] []
[2025-12-17 17:36:39] SlimMonoLogger.INFO: Cron ran at: 17-12-2025 05:36:39 PM [] []
[2025-12-17 17:41:43] SlimMonoLogger.INFO: Cron ran at: 17-12-2025 05:41:43 PM [] []
[2025-12-17 17:46:44] SlimMonoLogger.INFO: Cron ran at: 17-12-2025 05:46:44 PM [] []
[2025-12-17 17:51:35] SlimMonoLogger.INFO: Cron ran at: 17-12-2025 05:51:35 PM [] []
[2025-12-17 17:56:31] SlimMonoLogger.INFO: Cron ran at: 17-12-2025 05:56:31 PM [] []
[2025-12-17 18:01:35] SlimMonoLogger.INFO: Cron ran at: 17-12-2025 06:01:35 PM [] []
[2025-12-17 18:06:38] SlimMonoLogger.INFO: Cron ran at: 17-12-2025 06:06:38 PM [] []
[2025-12-17 18:11:33] SlimMonoLogger.INFO: Cron ran at: 17-12-2025 06:11:33 PM [] []
[2025-12-17 18:16:40] SlimMonoLogger.INFO: Cron ran at: 17-12-2025 06:16:40 PM [] []
[2025-12-17 18:21:36] SlimMonoLogger.INFO: Cron ran at: 17-12-2025 06:21:36 PM [] []
[2025-12-17 18:26:48] SlimMonoLogger.INFO: Cron ran at: 17-12-2025 06:26:48 PM [] []
[2025-12-17 18:31:43] SlimMonoLogger.INFO: Cron ran at: 17-12-2025 06:31:43 PM [] []
[2025-12-17 18:36:37] SlimMonoLogger.INFO: Cron ran at: 17-12-2025 06:36:37 PM [] []
[2025-12-17 18:41:42] SlimMonoLogger.INFO: Cron ran at: 17-12-2025 06:41:42 PM [] []
[2025-12-17 18:46:48] SlimMonoLogger.INFO: Cron ran at: 17-12-2025 06:46:48 PM [] []
[2025-12-17 18:51:31] SlimMonoLogger.INFO: Cron ran at: 17-12-2025 06:51:31 PM [] []
[2025-12-17 18:56:44] SlimMonoLogger.INFO: Cron ran at: 17-12-2025 06:56:44 PM [] []
[2025-12-17 19:01:46] SlimMonoLogger.INFO: Cron ran at: 17-12-2025 07:01:46 PM [] []
[2025-12-17 19:06:32] SlimMonoLogger.INFO: Cron ran at: 17-12-2025 07:06:32 PM [] []
[2025-12-17 19:11:44] SlimMonoLogger.INFO: Cron ran at: 17-12-2025 07:11:44 PM [] []
[2025-12-17 19:16:35] SlimMonoLogger.INFO: Cron ran at: 17-12-2025 07:16:35 PM [] []
[2025-12-17 19:21:44] SlimMonoLogger.INFO: Cron ran at: 17-12-2025 07:21:44 PM [] []
[2025-12-17 19:26:44] SlimMonoLogger.INFO: Cron ran at: 17-12-2025 07:26:44 PM [] []
[2025-12-17 19:31:52] SlimMonoLogger.INFO: Cron ran at: 17-12-2025 07:31:52 PM [] []
[2025-12-17 19:36:41] SlimMonoLogger.INFO: Cron ran at: 17-12-2025 07:36:41 PM [] []
[2025-12-17 19:41:41] SlimMonoLogger.INFO: Cron ran at: 17-12-2025 07:41:41 PM [] []
[2025-12-17 19:46:46] SlimMonoLogger.INFO: Cron ran at: 17-12-2025 07:46:46 PM [] []
[2025-12-17 19:51:39] SlimMonoLogger.INFO: Cron ran at: 17-12-2025 07:51:39 PM [] []
[2025-12-17 19:56:38] SlimMonoLogger.INFO: Cron ran at: 17-12-2025 07:56:38 PM [] []
[2025-12-17 20:01:34] SlimMonoLogger.INFO: Cron ran at: 17-12-2025 08:01:34 PM [] []
[2025-12-17 20:06:53] SlimMonoLogger.INFO: Cron ran at: 17-12-2025 08:06:53 PM [] []
[2025-12-17 20:11:54] SlimMonoLogger.INFO: Cron ran at: 17-12-2025 08:11:54 PM [] []
[2025-12-17 20:16:49] SlimMonoLogger.INFO: Cron ran at: 17-12-2025 08:16:49 PM [] []
[2025-12-17 20:21:44] SlimMonoLogger.INFO: Cron ran at: 17-12-2025 08:21:44 PM [] []
[2025-12-17 20:26:44] SlimMonoLogger.INFO: Cron ran at: 17-12-2025 08:26:44 PM [] []
[2025-12-17 20:31:45] SlimMonoLogger.INFO: Cron ran at: 17-12-2025 08:31:45 PM [] []
[2025-12-17 20:36:39] SlimMonoLogger.INFO: Cron ran at: 17-12-2025 08:36:39 PM [] []
[2025-12-17 20:41:50] SlimMonoLogger.ERROR: Requests_Exception: cURL error 35: TLS connect error: error:00000000:lib(0):func(0):reason(0) in /home/latihtal/public_html/agregator1/src/vendor/rmccue/requests/library/Requests/Transport/cURL.php:422
Stack trace:
#0 /home/latihtal/public_html/agregator1/src/vendor/rmccue/requests/library/Requests/Transport/cURL.php(177): Requests_Transport_cURL->process_response()
#1 /home/latihtal/public_html/agregator1/src/vendor/rmccue/requests/library/Requests.php(379): Requests_Transport_cURL->request()
#2 /home/latihtal/public_html/agregator1/src/vendor/rmccue/requests/library/Requests/Session.php(205): Requests::request()
#3 /home/latihtal/public_html/agregator1/src/vendor/rmccue/requests/library/Requests/Session.php(132): Requests_Session->request()
#4 /home/latihtal/public_html/agregator1/src/drivers/Http/RssImporter.php(144): Requests_Session->get()
#5 /home/latihtal/public_html/agregator1/src/controllers/Dashboard/DashboardFeedsController.php(534): spark\drivers\Http\RssImporter->fetchPosts()
#6 /home/latihtal/public_html/agregator1/src/controllers/Site/SiteController.php(722): spark\controllers\Dashboard\DashboardFeedsController::importFeedPosts()
#7 [internal function]: spark\controllers\Site\SiteController->runTasks()
#8 /home/latihtal/public_html/agregator1/src/framework/Route.php(173): call_user_func_array()
#9 [internal function]: Slim\Route->Slim\{closure}()
#10 /home/latihtal/public_html/agregator1/src/framework/Route.php(468): call_user_func_array()
#11 /home/latihtal/public_html/agregator1/src/framework/Slim.php(1364): Slim\Route->dispatch()
#12 /home/latihtal/public_html/agregator1/src/framework/Middleware/Flash.php(85): Slim\Slim->call()
#13 /home/latihtal/public_html/agregator1/src/framework/Middleware/MethodOverride.php(92): Slim\Middleware\Flash->call()
#14 /home/latihtal/public_html/agregator1/src/middlewares/CsrfGuard/CsrfGuard.php(47): Slim\Middleware\MethodOverride->call()
#15 /home/latihtal/public_html/agregator1/src/framework/Middleware/PrettyExceptions.php(67): spark\middlewares\CsrfGuard\CsrfGuard->call()
#16 /home/latihtal/public_html/agregator1/src/framework/Slim.php(1308): Slim\Middleware\PrettyExceptions->call()
#17 /home/latihtal/public_html/agregator1/index.php(6): Slim\Slim->run()
#18 {main} [] []
[2025-12-17 20:42:25] SlimMonoLogger.INFO: Cron ran at: 17-12-2025 08:42:25 PM [] []
[2025-12-17 20:46:48] SlimMonoLogger.INFO: Cron ran at: 17-12-2025 08:46:48 PM [] []
[2025-12-17 20:52:29] SlimMonoLogger.INFO: Cron ran at: 17-12-2025 08:52:29 PM [] []
[2025-12-17 20:56:42] SlimMonoLogger.INFO: Cron ran at: 17-12-2025 08:56:42 PM [] []
[2025-12-17 21:01:51] SlimMonoLogger.INFO: Cron ran at: 17-12-2025 09:01:51 PM [] []
[2025-12-17 21:06:41] SlimMonoLogger.INFO: Cron ran at: 17-12-2025 09:06:41 PM [] []
[2025-12-17 21:11:41] SlimMonoLogger.INFO: Cron ran at: 17-12-2025 09:11:41 PM [] []
[2025-12-17 21:16:37] SlimMonoLogger.INFO: Cron ran at: 17-12-2025 09:16:37 PM [] []
[2025-12-17 21:21:44] SlimMonoLogger.INFO: Cron ran at: 17-12-2025 09:21:44 PM [] []
[2025-12-17 21:26:48] SlimMonoLogger.INFO: Cron ran at: 17-12-2025 09:26:48 PM [] []
[2025-12-17 21:31:40] SlimMonoLogger.INFO: Cron ran at: 17-12-2025 09:31:40 PM [] []
[2025-12-17 21:36:32] SlimMonoLogger.INFO: Cron ran at: 17-12-2025 09:36:32 PM [] []
[2025-12-17 21:41:40] SlimMonoLogger.INFO: Cron ran at: 17-12-2025 09:41:40 PM [] []
[2025-12-17 21:46:30] SlimMonoLogger.INFO: Cron ran at: 17-12-2025 09:46:30 PM [] []
[2025-12-17 21:51:42] SlimMonoLogger.INFO: Cron ran at: 17-12-2025 09:51:42 PM [] []
[2025-12-17 21:56:34] SlimMonoLogger.INFO: Cron ran at: 17-12-2025 09:56:34 PM [] []
[2025-12-17 22:01:40] SlimMonoLogger.INFO: Cron ran at: 17-12-2025 10:01:40 PM [] []
[2025-12-17 22:06:38] SlimMonoLogger.INFO: Cron ran at: 17-12-2025 10:06:38 PM [] []
[2025-12-17 22:11:38] SlimMonoLogger.INFO: Cron ran at: 17-12-2025 10:11:38 PM [] []
[2025-12-17 22:16:34] SlimMonoLogger.INFO: Cron ran at: 17-12-2025 10:16:34 PM [] []
[2025-12-17 22:21:39] SlimMonoLogger.INFO: Cron ran at: 17-12-2025 10:21:39 PM [] []
[2025-12-17 22:26:38] SlimMonoLogger.INFO: Cron ran at: 17-12-2025 10:26:38 PM [] []
[2025-12-17 22:31:39] SlimMonoLogger.INFO: Cron ran at: 17-12-2025 10:31:39 PM [] []
[2025-12-17 22:36:35] SlimMonoLogger.INFO: Cron ran at: 17-12-2025 10:36:35 PM [] []
[2025-12-17 22:41:36] SlimMonoLogger.INFO: Cron ran at: 17-12-2025 10:41:36 PM [] []
[2025-12-17 22:46:36] SlimMonoLogger.INFO: Cron ran at: 17-12-2025 10:46:36 PM [] []
[2025-12-17 22:51:34] SlimMonoLogger.INFO: Cron ran at: 17-12-2025 10:51:34 PM [] []
[2025-12-17 22:56:40] SlimMonoLogger.INFO: Cron ran at: 17-12-2025 10:56:40 PM [] []
[2025-12-17 23:01:51] SlimMonoLogger.INFO: Cron ran at: 17-12-2025 11:01:51 PM [] []
[2025-12-17 23:06:33] SlimMonoLogger.INFO: Cron ran at: 17-12-2025 11:06:33 PM [] []
[2025-12-17 23:11:32] SlimMonoLogger.INFO: Cron ran at: 17-12-2025 11:11:32 PM [] []
[2025-12-17 23:16:38] SlimMonoLogger.INFO: Cron ran at: 17-12-2025 11:16:38 PM [] []
[2025-12-17 23:21:38] SlimMonoLogger.INFO: Cron ran at: 17-12-2025 11:21:38 PM [] []
[2025-12-17 23:26:47] SlimMonoLogger.INFO: Cron ran at: 17-12-2025 11:26:47 PM [] []
[2025-12-17 23:31:45] SlimMonoLogger.INFO: Cron ran at: 17-12-2025 11:31:45 PM [] []
[2025-12-17 23:36:35] SlimMonoLogger.INFO: Cron ran at: 17-12-2025 11:36:35 PM [] []
[2025-12-17 23:41:40] SlimMonoLogger.INFO: Cron ran at: 17-12-2025 11:41:40 PM [] []
[2025-12-17 23:46:35] SlimMonoLogger.INFO: Cron ran at: 17-12-2025 11:46:35 PM [] []
[2025-12-17 23:51:42] SlimMonoLogger.INFO: Cron ran at: 17-12-2025 11:51:42 PM [] []
[2025-12-17 23:56:42] SlimMonoLogger.INFO: Cron ran at: 17-12-2025 11:56:42 PM [] []
[2025-12-18 00:01:46] SlimMonoLogger.INFO: Cron ran at: 18-12-2025 12:01:46 AM [] []
[2025-12-18 00:06:50] SlimMonoLogger.INFO: Cron ran at: 18-12-2025 12:06:50 AM [] []
[2025-12-18 00:11:33] SlimMonoLogger.INFO: Cron ran at: 18-12-2025 12:11:33 AM [] []
[2025-12-18 00:16:34] SlimMonoLogger.INFO: Cron ran at: 18-12-2025 12:16:34 AM [] []
[2025-12-18 00:21:34] SlimMonoLogger.INFO: Cron ran at: 18-12-2025 12:21:34 AM [] []
[2025-12-18 00:26:28] SlimMonoLogger.INFO: Cron ran at: 18-12-2025 12:26:28 AM [] []
[2025-12-18 00:31:36] SlimMonoLogger.INFO: Cron ran at: 18-12-2025 12:31:36 AM [] []
[2025-12-18 00:36:33] SlimMonoLogger.INFO: Cron ran at: 18-12-2025 12:36:33 AM [] []
[2025-12-18 00:41:33] SlimMonoLogger.INFO: Cron ran at: 18-12-2025 12:41:33 AM [] []
[2025-12-18 00:46:30] SlimMonoLogger.INFO: Cron ran at: 18-12-2025 12:46:30 AM [] []
[2025-12-18 00:51:48] SlimMonoLogger.INFO: Cron ran at: 18-12-2025 12:51:48 AM [] []
[2025-12-18 00:56:42] SlimMonoLogger.INFO: Cron ran at: 18-12-2025 12:56:42 AM [] []
