[2025-03-18 01:00:35] SlimMonoLogger.INFO: Cron ran at: 18-03-2025 01:00:35 AM [] []
[2025-03-18 01:05:34] SlimMonoLogger.INFO: Cron ran at: 18-03-2025 01:05:34 AM [] []
[2025-03-18 01:10:31] SlimMonoLogger.INFO: Cron ran at: 18-03-2025 01:10:31 AM [] []
[2025-03-18 01:15:31] SlimMonoLogger.INFO: Cron ran at: 18-03-2025 01:15:31 AM [] []
[2025-03-18 01:20:30] SlimMonoLogger.INFO: Cron ran at: 18-03-2025 01:20:30 AM [] []
[2025-03-18 01:25:27] SlimMonoLogger.INFO: Cron ran at: 18-03-2025 01:25:27 AM [] []
[2025-03-18 01:30:28] SlimMonoLogger.INFO: Cron ran at: 18-03-2025 01:30:28 AM [] []
[2025-03-18 01:35:33] SlimMonoLogger.INFO: Cron ran at: 18-03-2025 01:35:33 AM [] []
[2025-03-18 01:40:31] SlimMonoLogger.INFO: Cron ran at: 18-03-2025 01:40:31 AM [] []
[2025-03-18 01:45:35] SlimMonoLogger.INFO: Cron ran at: 18-03-2025 01:45:35 AM [] []
[2025-03-18 01:50:29] SlimMonoLogger.INFO: Cron ran at: 18-03-2025 01:50:29 AM [] []
[2025-03-18 01:55:32] SlimMonoLogger.INFO: Cron ran at: 18-03-2025 01:55:32 AM [] []
[2025-03-18 02:00:33] SlimMonoLogger.INFO: Cron ran at: 18-03-2025 02:00:33 AM [] []
[2025-03-18 02:05:30] SlimMonoLogger.INFO: Cron ran at: 18-03-2025 02:05:30 AM [] []
[2025-03-18 02:10:32] SlimMonoLogger.INFO: Cron ran at: 18-03-2025 02:10:32 AM [] []
[2025-03-18 02:15:30] SlimMonoLogger.INFO: Cron ran at: 18-03-2025 02:15:30 AM [] []
[2025-03-18 02:20:25] SlimMonoLogger.INFO: Cron ran at: 18-03-2025 02:20:25 AM [] []
[2025-03-18 02:25:25] SlimMonoLogger.INFO: Cron ran at: 18-03-2025 02:25:25 AM [] []
[2025-03-18 02:30:30] SlimMonoLogger.INFO: Cron ran at: 18-03-2025 02:30:30 AM [] []
[2025-03-18 02:35:28] SlimMonoLogger.INFO: Cron ran at: 18-03-2025 02:35:28 AM [] []
[2025-03-18 02:40:37] SlimMonoLogger.INFO: Cron ran at: 18-03-2025 02:40:37 AM [] []
[2025-03-18 02:45:32] SlimMonoLogger.INFO: Cron ran at: 18-03-2025 02:45:32 AM [] []
[2025-03-18 02:50:33] SlimMonoLogger.INFO: Cron ran at: 18-03-2025 02:50:33 AM [] []
[2025-03-18 02:55:31] SlimMonoLogger.INFO: Cron ran at: 18-03-2025 02:55:31 AM [] []
[2025-03-18 03:00:31] SlimMonoLogger.INFO: Cron ran at: 18-03-2025 03:00:31 AM [] []
[2025-03-18 03:05:35] SlimMonoLogger.INFO: Cron ran at: 18-03-2025 03:05:35 AM [] []
[2025-03-18 03:10:30] SlimMonoLogger.INFO: Cron ran at: 18-03-2025 03:10:30 AM [] []
[2025-03-18 03:15:39] SlimMonoLogger.INFO: Cron ran at: 18-03-2025 03:15:39 AM [] []
[2025-03-18 03:20:33] SlimMonoLogger.INFO: Cron ran at: 18-03-2025 03:20:33 AM [] []
[2025-03-18 03:25:26] SlimMonoLogger.INFO: Cron ran at: 18-03-2025 03:25:26 AM [] []
[2025-03-18 03:30:32] SlimMonoLogger.INFO: Cron ran at: 18-03-2025 03:30:32 AM [] []
[2025-03-18 03:35:31] SlimMonoLogger.INFO: Cron ran at: 18-03-2025 03:35:31 AM [] []
[2025-03-18 03:43:39] SlimMonoLogger.INFO: Cron ran at: 18-03-2025 03:43:39 AM [] []
[2025-03-18 03:46:13] SlimMonoLogger.INFO: Cron ran at: 18-03-2025 03:46:13 AM [] []
[2025-03-18 03:50:29] SlimMonoLogger.INFO: Cron ran at: 18-03-2025 03:50:29 AM [] []
[2025-03-18 03:55:29] SlimMonoLogger.INFO: Cron ran at: 18-03-2025 03:55:29 AM [] []
[2025-03-18 04:01:01] SlimMonoLogger.INFO: Cron ran at: 18-03-2025 04:01:01 AM [] []
[2025-03-18 04:05:26] SlimMonoLogger.INFO: Cron ran at: 18-03-2025 04:05:26 AM [] []
[2025-03-18 04:10:26] SlimMonoLogger.INFO: Cron ran at: 18-03-2025 04:10:26 AM [] []
[2025-03-18 04:15:26] SlimMonoLogger.INFO: Cron ran at: 18-03-2025 04:15:26 AM [] []
[2025-03-18 04:20:29] SlimMonoLogger.INFO: Cron ran at: 18-03-2025 04:20:29 AM [] []
[2025-03-18 04:25:28] SlimMonoLogger.INFO: Cron ran at: 18-03-2025 04:25:28 AM [] []
[2025-03-18 04:30:26] SlimMonoLogger.INFO: Cron ran at: 18-03-2025 04:30:26 AM [] []
[2025-03-18 04:35:33] SlimMonoLogger.INFO: Cron ran at: 18-03-2025 04:35:33 AM [] []
[2025-03-18 04:40:29] SlimMonoLogger.INFO: Cron ran at: 18-03-2025 04:40:29 AM [] []
[2025-03-18 04:45:27] SlimMonoLogger.INFO: Cron ran at: 18-03-2025 04:45:27 AM [] []
[2025-03-18 04:50:36] SlimMonoLogger.INFO: Cron ran at: 18-03-2025 04:50:36 AM [] []
[2025-03-18 04:55:30] SlimMonoLogger.INFO: Cron ran at: 18-03-2025 04:55:30 AM [] []
[2025-03-18 05:00:34] SlimMonoLogger.INFO: Cron ran at: 18-03-2025 05:00:34 AM [] []
[2025-03-18 05:05:37] SlimMonoLogger.INFO: Cron ran at: 18-03-2025 05:05:37 AM [] []
[2025-03-18 05:10:44] SlimMonoLogger.INFO: Cron ran at: 18-03-2025 05:10:44 AM [] []
[2025-03-18 05:15:38] SlimMonoLogger.INFO: Cron ran at: 18-03-2025 05:15:38 AM [] []
[2025-03-18 05:20:56] SlimMonoLogger.INFO: Cron ran at: 18-03-2025 05:20:56 AM [] []
[2025-03-18 05:26:23] SlimMonoLogger.INFO: Cron ran at: 18-03-2025 05:26:23 AM [] []
[2025-03-18 05:30:34] SlimMonoLogger.INFO: Cron ran at: 18-03-2025 05:30:34 AM [] []
[2025-03-18 05:35:40] SlimMonoLogger.INFO: Cron ran at: 18-03-2025 05:35:40 AM [] []
[2025-03-18 05:40:34] SlimMonoLogger.INFO: Cron ran at: 18-03-2025 05:40:34 AM [] []
[2025-03-18 05:45:42] SlimMonoLogger.INFO: Cron ran at: 18-03-2025 05:45:42 AM [] []
[2025-03-18 05:50:37] SlimMonoLogger.INFO: Cron ran at: 18-03-2025 05:50:37 AM [] []
[2025-03-18 05:55:28] SlimMonoLogger.INFO: Cron ran at: 18-03-2025 05:55:28 AM [] []
[2025-03-18 06:00:46] SlimMonoLogger.INFO: Cron ran at: 18-03-2025 06:00:46 AM [] []
[2025-03-18 06:05:31] SlimMonoLogger.INFO: Cron ran at: 18-03-2025 06:05:31 AM [] []
[2025-03-18 06:10:28] SlimMonoLogger.INFO: Cron ran at: 18-03-2025 06:10:28 AM [] []
[2025-03-18 06:15:33] SlimMonoLogger.INFO: Cron ran at: 18-03-2025 06:15:33 AM [] []
[2025-03-18 06:20:30] SlimMonoLogger.INFO: Cron ran at: 18-03-2025 06:20:30 AM [] []
[2025-03-18 06:25:38] SlimMonoLogger.INFO: Cron ran at: 18-03-2025 06:25:38 AM [] []
[2025-03-18 06:30:40] SlimMonoLogger.INFO: Cron ran at: 18-03-2025 06:30:40 AM [] []
[2025-03-18 06:35:29] SlimMonoLogger.INFO: Cron ran at: 18-03-2025 06:35:29 AM [] []
[2025-03-18 06:40:28] SlimMonoLogger.INFO: Cron ran at: 18-03-2025 06:40:28 AM [] []
[2025-03-18 06:50:53] SlimMonoLogger.INFO: Cron ran at: 18-03-2025 06:50:53 AM [] []
[2025-03-18 06:52:10] SlimMonoLogger.INFO: Cron ran at: 18-03-2025 06:52:10 AM [] []
[2025-03-18 06:55:29] SlimMonoLogger.INFO: Cron ran at: 18-03-2025 06:55:29 AM [] []
[2025-03-18 07:00:34] SlimMonoLogger.INFO: Cron ran at: 18-03-2025 07:00:34 AM [] []
[2025-03-18 07:05:30] SlimMonoLogger.INFO: Cron ran at: 18-03-2025 07:05:30 AM [] []
[2025-03-18 07:10:28] SlimMonoLogger.INFO: Cron ran at: 18-03-2025 07:10:28 AM [] []
[2025-03-18 07:15:28] SlimMonoLogger.INFO: Cron ran at: 18-03-2025 07:15:28 AM [] []
[2025-03-18 07:20:36] SlimMonoLogger.INFO: Cron ran at: 18-03-2025 07:20:36 AM [] []
[2025-03-18 07:25:36] SlimMonoLogger.INFO: Cron ran at: 18-03-2025 07:25:36 AM [] []
[2025-03-18 07:30:48] SlimMonoLogger.INFO: Cron ran at: 18-03-2025 07:30:48 AM [] []
[2025-03-18 07:35:43] SlimMonoLogger.INFO: Cron ran at: 18-03-2025 07:35:43 AM [] []
[2025-03-18 07:40:31] SlimMonoLogger.INFO: Cron ran at: 18-03-2025 07:40:31 AM [] []
[2025-03-18 07:45:24] SlimMonoLogger.ERROR: PDOException: SQLSTATE[HY000]: General error: 2006 Server has gone away in /home/latihtal/public_html/agregator1/src/framework/PDO/Statement/StatementContainer.php:518
Stack trace:
#0 /home/latihtal/public_html/agregator1/src/framework/PDO/Statement/StatementContainer.php(518): PDO->prepare()
#1 /home/latihtal/public_html/agregator1/src/framework/PDO/Statement/StatementContainer.php(428): Slim\PDO\Statement\StatementContainer->getStatement()
#2 /home/latihtal/public_html/agregator1/src/framework/PDO/Statement/SelectStatement.php(411): Slim\PDO\Statement\StatementContainer->execute()
#3 /home/latihtal/public_html/agregator1/src/models/Model.php(212): Slim\PDO\Statement\SelectStatement->execute()
#4 /home/latihtal/public_html/agregator1/src/controllers/Dashboard/DashboardFeedsController.php(546): spark\models\Model->countRows()
#5 /home/latihtal/public_html/agregator1/src/controllers/Site/SiteController.php(722): spark\controllers\Dashboard\DashboardFeedsController::importFeedPosts()
#6 [internal function]: spark\controllers\Site\SiteController->runTasks()
#7 /home/latihtal/public_html/agregator1/src/framework/Route.php(173): call_user_func_array()
#8 [internal function]: Slim\Route->Slim\{closure}()
#9 /home/latihtal/public_html/agregator1/src/framework/Route.php(468): call_user_func_array()
#10 /home/latihtal/public_html/agregator1/src/framework/Slim.php(1364): Slim\Route->dispatch()
#11 /home/latihtal/public_html/agregator1/src/framework/Middleware/Flash.php(85): Slim\Slim->call()
#12 /home/latihtal/public_html/agregator1/src/framework/Middleware/MethodOverride.php(92): Slim\Middleware\Flash->call()
#13 /home/latihtal/public_html/agregator1/src/middlewares/CsrfGuard/CsrfGuard.php(47): Slim\Middleware\MethodOverride->call()
#14 /home/latihtal/public_html/agregator1/src/framework/Middleware/PrettyExceptions.php(67): spark\middlewares\CsrfGuard\CsrfGuard->call()
#15 /home/latihtal/public_html/agregator1/src/framework/Slim.php(1308): Slim\Middleware\PrettyExceptions->call()
#16 /home/latihtal/public_html/agregator1/index.php(6): Slim\Slim->run()
#17 {main} [] []
[2025-03-18 07:50:37] SlimMonoLogger.INFO: Cron ran at: 18-03-2025 07:50:37 AM [] []
[2025-03-18 07:55:32] SlimMonoLogger.INFO: Cron ran at: 18-03-2025 07:55:32 AM [] []
[2025-03-18 08:00:35] SlimMonoLogger.INFO: Cron ran at: 18-03-2025 08:00:35 AM [] []
[2025-03-18 08:05:32] SlimMonoLogger.INFO: Cron ran at: 18-03-2025 08:05:32 AM [] []
[2025-03-18 08:10:34] SlimMonoLogger.INFO: Cron ran at: 18-03-2025 08:10:34 AM [] []
[2025-03-18 08:15:31] SlimMonoLogger.INFO: Cron ran at: 18-03-2025 08:15:31 AM [] []
[2025-03-18 08:20:31] SlimMonoLogger.INFO: Cron ran at: 18-03-2025 08:20:31 AM [] []
[2025-03-18 08:25:31] SlimMonoLogger.INFO: Cron ran at: 18-03-2025 08:25:31 AM [] []
[2025-03-18 08:30:30] SlimMonoLogger.INFO: Cron ran at: 18-03-2025 08:30:30 AM [] []
[2025-03-18 08:35:28] SlimMonoLogger.INFO: Cron ran at: 18-03-2025 08:35:28 AM [] []
[2025-03-18 08:40:35] SlimMonoLogger.INFO: Cron ran at: 18-03-2025 08:40:35 AM [] []
[2025-03-18 08:45:29] SlimMonoLogger.INFO: Cron ran at: 18-03-2025 08:45:29 AM [] []
[2025-03-18 08:50:31] SlimMonoLogger.INFO: Cron ran at: 18-03-2025 08:50:31 AM [] []
[2025-03-18 08:55:29] SlimMonoLogger.INFO: Cron ran at: 18-03-2025 08:55:29 AM [] []
[2025-03-18 09:00:35] SlimMonoLogger.INFO: Cron ran at: 18-03-2025 09:00:35 AM [] []
[2025-03-18 09:05:38] SlimMonoLogger.INFO: Cron ran at: 18-03-2025 09:05:38 AM [] []
[2025-03-18 09:10:36] SlimMonoLogger.INFO: Cron ran at: 18-03-2025 09:10:36 AM [] []
[2025-03-18 09:15:30] SlimMonoLogger.INFO: Cron ran at: 18-03-2025 09:15:30 AM [] []
[2025-03-18 09:20:33] SlimMonoLogger.INFO: Cron ran at: 18-03-2025 09:20:33 AM [] []
[2025-03-18 09:25:31] SlimMonoLogger.INFO: Cron ran at: 18-03-2025 09:25:31 AM [] []
[2025-03-18 09:30:38] SlimMonoLogger.INFO: Cron ran at: 18-03-2025 09:30:38 AM [] []
[2025-03-18 09:35:34] SlimMonoLogger.INFO: Cron ran at: 18-03-2025 09:35:34 AM [] []
[2025-03-18 09:40:34] SlimMonoLogger.INFO: Cron ran at: 18-03-2025 09:40:34 AM [] []
[2025-03-18 09:45:33] SlimMonoLogger.INFO: Cron ran at: 18-03-2025 09:45:33 AM [] []
[2025-03-18 09:50:53] SlimMonoLogger.INFO: Cron ran at: 18-03-2025 09:50:53 AM [] []
[2025-03-18 09:55:35] SlimMonoLogger.INFO: Cron ran at: 18-03-2025 09:55:35 AM [] []
[2025-03-18 10:00:49] SlimMonoLogger.INFO: Cron ran at: 18-03-2025 10:00:49 AM [] []
[2025-03-18 10:05:35] SlimMonoLogger.INFO: Cron ran at: 18-03-2025 10:05:35 AM [] []
[2025-03-18 10:10:28] SlimMonoLogger.INFO: Cron ran at: 18-03-2025 10:10:28 AM [] []
[2025-03-18 10:15:34] SlimMonoLogger.INFO: Cron ran at: 18-03-2025 10:15:34 AM [] []
[2025-03-18 10:20:36] SlimMonoLogger.INFO: Cron ran at: 18-03-2025 10:20:36 AM [] []
[2025-03-18 10:25:31] SlimMonoLogger.INFO: Cron ran at: 18-03-2025 10:25:31 AM [] []
[2025-03-18 10:30:41] SlimMonoLogger.INFO: Cron ran at: 18-03-2025 10:30:41 AM [] []
[2025-03-18 10:35:39] SlimMonoLogger.INFO: Cron ran at: 18-03-2025 10:35:39 AM [] []
[2025-03-18 10:40:28] SlimMonoLogger.INFO: Cron ran at: 18-03-2025 10:40:28 AM [] []
[2025-03-18 10:46:03] SlimMonoLogger.INFO: Cron ran at: 18-03-2025 10:46:03 AM [] []
[2025-03-18 10:50:36] SlimMonoLogger.INFO: Cron ran at: 18-03-2025 10:50:36 AM [] []
[2025-03-18 10:55:30] SlimMonoLogger.INFO: Cron ran at: 18-03-2025 10:55:30 AM [] []
[2025-03-18 11:00:39] SlimMonoLogger.INFO: Cron ran at: 18-03-2025 11:00:39 AM [] []
[2025-03-18 11:05:41] SlimMonoLogger.INFO: Cron ran at: 18-03-2025 11:05:41 AM [] []
[2025-03-18 11:10:38] SlimMonoLogger.INFO: Cron ran at: 18-03-2025 11:10:38 AM [] []
[2025-03-18 11:15:33] SlimMonoLogger.INFO: Cron ran at: 18-03-2025 11:15:33 AM [] []
[2025-03-18 11:20:32] SlimMonoLogger.INFO: Cron ran at: 18-03-2025 11:20:32 AM [] []
[2025-03-18 11:25:33] SlimMonoLogger.INFO: Cron ran at: 18-03-2025 11:25:33 AM [] []
[2025-03-18 11:30:42] SlimMonoLogger.INFO: Cron ran at: 18-03-2025 11:30:42 AM [] []
[2025-03-18 11:35:33] SlimMonoLogger.INFO: Cron ran at: 18-03-2025 11:35:33 AM [] []
[2025-03-18 11:40:34] SlimMonoLogger.INFO: Cron ran at: 18-03-2025 11:40:34 AM [] []
[2025-03-18 11:45:42] SlimMonoLogger.INFO: Cron ran at: 18-03-2025 11:45:42 AM [] []
[2025-03-18 11:50:41] SlimMonoLogger.INFO: Cron ran at: 18-03-2025 11:50:41 AM [] []
[2025-03-18 11:55:37] SlimMonoLogger.INFO: Cron ran at: 18-03-2025 11:55:37 AM [] []
[2025-03-18 12:00:33] SlimMonoLogger.INFO: Cron ran at: 18-03-2025 12:00:33 PM [] []
[2025-03-18 12:05:48] SlimMonoLogger.INFO: Cron ran at: 18-03-2025 12:05:48 PM [] []
[2025-03-18 12:10:57] SlimMonoLogger.INFO: Cron ran at: 18-03-2025 12:10:57 PM [] []
[2025-03-18 12:17:36] SlimMonoLogger.INFO: Cron ran at: 18-03-2025 12:17:36 PM [] []
[2025-03-18 12:20:36] SlimMonoLogger.INFO: Cron ran at: 18-03-2025 12:20:36 PM [] []
[2025-03-18 12:25:38] SlimMonoLogger.INFO: Cron ran at: 18-03-2025 12:25:38 PM [] []
[2025-03-18 12:30:38] SlimMonoLogger.INFO: Cron ran at: 18-03-2025 12:30:38 PM [] []
[2025-03-18 12:35:52] SlimMonoLogger.INFO: Cron ran at: 18-03-2025 12:35:52 PM [] []
[2025-03-18 12:40:59] SlimMonoLogger.INFO: Cron ran at: 18-03-2025 12:40:59 PM [] []
[2025-03-18 12:45:29] SlimMonoLogger.INFO: Cron ran at: 18-03-2025 12:45:29 PM [] []
[2025-03-18 12:51:14] SlimMonoLogger.INFO: Cron ran at: 18-03-2025 12:51:14 PM [] []
[2025-03-18 12:55:58] SlimMonoLogger.INFO: Cron ran at: 18-03-2025 12:55:58 PM [] []
[2025-03-18 13:01:18] SlimMonoLogger.INFO: Cron ran at: 18-03-2025 01:01:18 PM [] []
[2025-03-18 13:06:07] SlimMonoLogger.INFO: Cron ran at: 18-03-2025 01:06:07 PM [] []
[2025-03-18 13:11:09] SlimMonoLogger.INFO: Cron ran at: 18-03-2025 01:11:09 PM [] []
[2025-03-18 13:16:47] SlimMonoLogger.INFO: Cron ran at: 18-03-2025 01:16:47 PM [] []
[2025-03-18 13:22:25] SlimMonoLogger.INFO: Cron ran at: 18-03-2025 01:22:25 PM [] []
[2025-03-18 13:26:21] SlimMonoLogger.INFO: Cron ran at: 18-03-2025 01:26:21 PM [] []
[2025-03-18 13:30:56] SlimMonoLogger.INFO: Cron ran at: 18-03-2025 01:30:56 PM [] []
[2025-03-18 13:35:31] SlimMonoLogger.INFO: Cron ran at: 18-03-2025 01:35:31 PM [] []
[2025-03-18 13:40:35] SlimMonoLogger.INFO: Cron ran at: 18-03-2025 01:40:35 PM [] []
[2025-03-18 13:46:04] SlimMonoLogger.INFO: Cron ran at: 18-03-2025 01:46:04 PM [] []
[2025-03-18 13:51:01] SlimMonoLogger.INFO: Cron ran at: 18-03-2025 01:51:01 PM [] []
[2025-03-18 13:55:34] SlimMonoLogger.INFO: Cron ran at: 18-03-2025 01:55:34 PM [] []
[2025-03-18 14:00:41] SlimMonoLogger.INFO: Cron ran at: 18-03-2025 02:00:41 PM [] []
[2025-03-18 14:05:51] SlimMonoLogger.INFO: Cron ran at: 18-03-2025 02:05:51 PM [] []
[2025-03-18 14:10:44] SlimMonoLogger.INFO: Cron ran at: 18-03-2025 02:10:44 PM [] []
[2025-03-18 14:15:30] SlimMonoLogger.INFO: Cron ran at: 18-03-2025 02:15:30 PM [] []
[2025-03-18 14:20:36] SlimMonoLogger.INFO: Cron ran at: 18-03-2025 02:20:36 PM [] []
[2025-03-18 14:25:39] SlimMonoLogger.INFO: Cron ran at: 18-03-2025 02:25:39 PM [] []
[2025-03-18 14:31:13] SlimMonoLogger.INFO: Cron ran at: 18-03-2025 02:31:13 PM [] []
[2025-03-18 14:36:45] SlimMonoLogger.INFO: Cron ran at: 18-03-2025 02:36:45 PM [] []
[2025-03-18 14:40:46] SlimMonoLogger.INFO: Cron ran at: 18-03-2025 02:40:46 PM [] []
[2025-03-18 14:45:59] SlimMonoLogger.INFO: Cron ran at: 18-03-2025 02:45:59 PM [] []
[2025-03-18 14:50:39] SlimMonoLogger.INFO: Cron ran at: 18-03-2025 02:50:39 PM [] []
[2025-03-18 14:55:44] SlimMonoLogger.INFO: Cron ran at: 18-03-2025 02:55:44 PM [] []
[2025-03-18 15:00:55] SlimMonoLogger.INFO: Cron ran at: 18-03-2025 03:00:55 PM [] []
[2025-03-18 15:05:48] SlimMonoLogger.INFO: Cron ran at: 18-03-2025 03:05:48 PM [] []
[2025-03-18 15:10:49] SlimMonoLogger.INFO: Cron ran at: 18-03-2025 03:10:49 PM [] []
[2025-03-18 15:16:04] SlimMonoLogger.INFO: Cron ran at: 18-03-2025 03:16:04 PM [] []
[2025-03-18 15:21:10] SlimMonoLogger.INFO: Cron ran at: 18-03-2025 03:21:10 PM [] []
[2025-03-18 15:26:25] SlimMonoLogger.INFO: Cron ran at: 18-03-2025 03:26:25 PM [] []
[2025-03-18 15:30:43] SlimMonoLogger.INFO: Cron ran at: 18-03-2025 03:30:43 PM [] []
[2025-03-18 15:35:35] SlimMonoLogger.INFO: Cron ran at: 18-03-2025 03:35:35 PM [] []
[2025-03-18 15:41:12] SlimMonoLogger.INFO: Cron ran at: 18-03-2025 03:41:12 PM [] []
[2025-03-18 15:45:33] SlimMonoLogger.INFO: Cron ran at: 18-03-2025 03:45:33 PM [] []
[2025-03-18 15:52:21] SlimMonoLogger.INFO: Cron ran at: 18-03-2025 03:52:21 PM [] []
[2025-03-18 15:55:27] SlimMonoLogger.INFO: Cron ran at: 18-03-2025 03:55:27 PM [] []
[2025-03-18 16:00:34] SlimMonoLogger.INFO: Cron ran at: 18-03-2025 04:00:34 PM [] []
[2025-03-18 16:05:29] SlimMonoLogger.INFO: Cron ran at: 18-03-2025 04:05:29 PM [] []
[2025-03-18 16:12:33] SlimMonoLogger.ERROR: Requests_Exception: cURL error 28: Failed to connect to antropol.mk port 443 after 128404 ms: Could not connect to server in /home/latihtal/public_html/agregator1/src/vendor/rmccue/requests/library/Requests/Transport/cURL.php:422
Stack trace:
#0 /home/latihtal/public_html/agregator1/src/vendor/rmccue/requests/library/Requests/Transport/cURL.php(177): Requests_Transport_cURL->process_response()
#1 /home/latihtal/public_html/agregator1/src/vendor/rmccue/requests/library/Requests.php(379): Requests_Transport_cURL->request()
#2 /home/latihtal/public_html/agregator1/src/vendor/rmccue/requests/library/Requests/Session.php(205): Requests::request()
#3 /home/latihtal/public_html/agregator1/src/vendor/rmccue/requests/library/Requests/Session.php(132): Requests_Session->request()
#4 /home/latihtal/public_html/agregator1/src/drivers/Http/RssImporter.php(144): Requests_Session->get()
#5 /home/latihtal/public_html/agregator1/src/controllers/Dashboard/DashboardFeedsController.php(534): spark\drivers\Http\RssImporter->fetchPosts()
#6 /home/latihtal/public_html/agregator1/src/controllers/Site/SiteController.php(722): spark\controllers\Dashboard\DashboardFeedsController::importFeedPosts()
#7 [internal function]: spark\controllers\Site\SiteController->runTasks()
#8 /home/latihtal/public_html/agregator1/src/framework/Route.php(173): call_user_func_array()
#9 [internal function]: Slim\Route->Slim\{closure}()
#10 /home/latihtal/public_html/agregator1/src/framework/Route.php(468): call_user_func_array()
#11 /home/latihtal/public_html/agregator1/src/framework/Slim.php(1364): Slim\Route->dispatch()
#12 /home/latihtal/public_html/agregator1/src/framework/Middleware/Flash.php(85): Slim\Slim->call()
#13 /home/latihtal/public_html/agregator1/src/framework/Middleware/MethodOverride.php(92): Slim\Middleware\Flash->call()
#14 /home/latihtal/public_html/agregator1/src/middlewares/CsrfGuard/CsrfGuard.php(47): Slim\Middleware\MethodOverride->call()
#15 /home/latihtal/public_html/agregator1/src/framework/Middleware/PrettyExceptions.php(67): spark\middlewares\CsrfGuard\CsrfGuard->call()
#16 /home/latihtal/public_html/agregator1/src/framework/Slim.php(1308): Slim\Middleware\PrettyExceptions->call()
#17 /home/latihtal/public_html/agregator1/index.php(6): Slim\Slim->run()
#18 {main} [] []
[2025-03-18 16:12:53] SlimMonoLogger.INFO: Cron ran at: 18-03-2025 04:12:53 PM [] []
[2025-03-18 16:15:53] SlimMonoLogger.INFO: Cron ran at: 18-03-2025 04:15:53 PM [] []
[2025-03-18 16:21:11] SlimMonoLogger.INFO: Cron ran at: 18-03-2025 04:21:11 PM [] []
[2025-03-18 16:26:14] SlimMonoLogger.INFO: Cron ran at: 18-03-2025 04:26:14 PM [] []
[2025-03-18 16:31:43] SlimMonoLogger.INFO: Cron ran at: 18-03-2025 04:31:43 PM [] []
[2025-03-18 16:35:42] SlimMonoLogger.INFO: Cron ran at: 18-03-2025 04:35:42 PM [] []
[2025-03-18 16:40:39] SlimMonoLogger.INFO: Cron ran at: 18-03-2025 04:40:39 PM [] []
[2025-03-18 16:46:07] SlimMonoLogger.INFO: Cron ran at: 18-03-2025 04:46:07 PM [] []
[2025-03-18 16:50:40] SlimMonoLogger.INFO: Cron ran at: 18-03-2025 04:50:40 PM [] []
[2025-03-18 16:55:39] SlimMonoLogger.INFO: Cron ran at: 18-03-2025 04:55:39 PM [] []
[2025-03-18 17:00:43] SlimMonoLogger.INFO: Cron ran at: 18-03-2025 05:00:43 PM [] []
[2025-03-18 17:05:49] SlimMonoLogger.INFO: Cron ran at: 18-03-2025 05:05:49 PM [] []
[2025-03-18 17:11:14] SlimMonoLogger.INFO: Cron ran at: 18-03-2025 05:11:14 PM [] []
[2025-03-18 17:16:23] SlimMonoLogger.INFO: Cron ran at: 18-03-2025 05:16:23 PM [] []
[2025-03-18 17:20:53] SlimMonoLogger.INFO: Cron ran at: 18-03-2025 05:20:53 PM [] []
[2025-03-18 17:25:44] SlimMonoLogger.INFO: Cron ran at: 18-03-2025 05:25:44 PM [] []
[2025-03-18 17:30:59] SlimMonoLogger.INFO: Cron ran at: 18-03-2025 05:30:59 PM [] []
[2025-03-18 17:35:58] SlimMonoLogger.INFO: Cron ran at: 18-03-2025 05:35:58 PM [] []
[2025-03-18 17:41:44] SlimMonoLogger.INFO: Cron ran at: 18-03-2025 05:41:44 PM [] []
[2025-03-18 17:45:52] SlimMonoLogger.INFO: Cron ran at: 18-03-2025 05:45:52 PM [] []
[2025-03-18 17:51:16] SlimMonoLogger.INFO: Cron ran at: 18-03-2025 05:51:16 PM [] []
[2025-03-18 17:55:39] SlimMonoLogger.INFO: Cron ran at: 18-03-2025 05:55:39 PM [] []
[2025-03-18 18:00:50] SlimMonoLogger.INFO: Cron ran at: 18-03-2025 06:00:50 PM [] []
[2025-03-18 18:05:29] SlimMonoLogger.INFO: Cron ran at: 18-03-2025 06:05:29 PM [] []
[2025-03-18 18:10:28] SlimMonoLogger.INFO: Cron ran at: 18-03-2025 06:10:28 PM [] []
[2025-03-18 18:15:37] SlimMonoLogger.INFO: Cron ran at: 18-03-2025 06:15:37 PM [] []
[2025-03-18 18:20:39] SlimMonoLogger.INFO: Cron ran at: 18-03-2025 06:20:39 PM [] []
[2025-03-18 18:25:31] SlimMonoLogger.INFO: Cron ran at: 18-03-2025 06:25:31 PM [] []
[2025-03-18 18:30:33] SlimMonoLogger.INFO: Cron ran at: 18-03-2025 06:30:33 PM [] []
[2025-03-18 18:35:37] SlimMonoLogger.INFO: Cron ran at: 18-03-2025 06:35:37 PM [] []
[2025-03-18 18:40:39] SlimMonoLogger.INFO: Cron ran at: 18-03-2025 06:40:39 PM [] []
[2025-03-18 18:45:34] SlimMonoLogger.INFO: Cron ran at: 18-03-2025 06:45:34 PM [] []
[2025-03-18 18:50:30] SlimMonoLogger.INFO: Cron ran at: 18-03-2025 06:50:30 PM [] []
[2025-03-18 18:55:31] SlimMonoLogger.INFO: Cron ran at: 18-03-2025 06:55:31 PM [] []
[2025-03-18 19:00:30] SlimMonoLogger.INFO: Cron ran at: 18-03-2025 07:00:30 PM [] []
[2025-03-18 19:05:34] SlimMonoLogger.INFO: Cron ran at: 18-03-2025 07:05:34 PM [] []
[2025-03-18 19:10:30] SlimMonoLogger.INFO: Cron ran at: 18-03-2025 07:10:30 PM [] []
[2025-03-18 19:15:43] SlimMonoLogger.INFO: Cron ran at: 18-03-2025 07:15:43 PM [] []
[2025-03-18 19:21:15] SlimMonoLogger.INFO: Cron ran at: 18-03-2025 07:21:15 PM [] []
[2025-03-18 19:25:31] SlimMonoLogger.INFO: Cron ran at: 18-03-2025 07:25:31 PM [] []
[2025-03-18 19:30:35] SlimMonoLogger.INFO: Cron ran at: 18-03-2025 07:30:35 PM [] []
[2025-03-18 19:35:42] SlimMonoLogger.INFO: Cron ran at: 18-03-2025 07:35:42 PM [] []
[2025-03-18 19:41:19] SlimMonoLogger.INFO: Cron ran at: 18-03-2025 07:41:19 PM [] []
[2025-03-18 19:46:19] SlimMonoLogger.INFO: Cron ran at: 18-03-2025 07:46:19 PM [] []
[2025-03-18 19:51:13] SlimMonoLogger.INFO: Cron ran at: 18-03-2025 07:51:13 PM [] []
[2025-03-18 19:56:26] SlimMonoLogger.INFO: Cron ran at: 18-03-2025 07:56:26 PM [] []
[2025-03-18 20:01:17] SlimMonoLogger.INFO: Cron ran at: 18-03-2025 08:01:17 PM [] []
[2025-03-18 20:05:44] SlimMonoLogger.INFO: Cron ran at: 18-03-2025 08:05:44 PM [] []
[2025-03-18 20:10:57] SlimMonoLogger.INFO: Cron ran at: 18-03-2025 08:10:57 PM [] []
[2025-03-18 20:15:54] SlimMonoLogger.INFO: Cron ran at: 18-03-2025 08:15:54 PM [] []
[2025-03-18 20:20:52] SlimMonoLogger.INFO: Cron ran at: 18-03-2025 08:20:52 PM [] []
[2025-03-18 20:25:43] SlimMonoLogger.INFO: Cron ran at: 18-03-2025 08:25:43 PM [] []
[2025-03-18 20:30:53] SlimMonoLogger.INFO: Cron ran at: 18-03-2025 08:30:53 PM [] []
[2025-03-18 20:35:38] SlimMonoLogger.INFO: Cron ran at: 18-03-2025 08:35:38 PM [] []
[2025-03-18 20:40:43] SlimMonoLogger.INFO: Cron ran at: 18-03-2025 08:40:43 PM [] []
[2025-03-18 20:45:48] SlimMonoLogger.INFO: Cron ran at: 18-03-2025 08:45:48 PM [] []
[2025-03-18 20:51:10] SlimMonoLogger.INFO: Cron ran at: 18-03-2025 08:51:10 PM [] []
[2025-03-18 20:55:37] SlimMonoLogger.INFO: Cron ran at: 18-03-2025 08:55:37 PM [] []
[2025-03-18 21:00:44] SlimMonoLogger.INFO: Cron ran at: 18-03-2025 09:00:44 PM [] []
[2025-03-18 21:05:45] SlimMonoLogger.INFO: Cron ran at: 18-03-2025 09:05:45 PM [] []
[2025-03-18 21:10:38] SlimMonoLogger.INFO: Cron ran at: 18-03-2025 09:10:38 PM [] []
[2025-03-18 21:15:29] SlimMonoLogger.INFO: Cron ran at: 18-03-2025 09:15:29 PM [] []
[2025-03-18 21:20:32] SlimMonoLogger.INFO: Cron ran at: 18-03-2025 09:20:32 PM [] []
[2025-03-18 21:25:35] SlimMonoLogger.INFO: Cron ran at: 18-03-2025 09:25:35 PM [] []
[2025-03-18 21:30:36] SlimMonoLogger.INFO: Cron ran at: 18-03-2025 09:30:36 PM [] []
[2025-03-18 21:35:30] SlimMonoLogger.INFO: Cron ran at: 18-03-2025 09:35:30 PM [] []
[2025-03-18 21:40:41] SlimMonoLogger.INFO: Cron ran at: 18-03-2025 09:40:41 PM [] []
[2025-03-18 21:45:34] SlimMonoLogger.INFO: Cron ran at: 18-03-2025 09:45:34 PM [] []
[2025-03-18 21:50:42] SlimMonoLogger.INFO: Cron ran at: 18-03-2025 09:50:42 PM [] []
[2025-03-18 21:55:37] SlimMonoLogger.INFO: Cron ran at: 18-03-2025 09:55:37 PM [] []
[2025-03-18 22:02:38] SlimMonoLogger.INFO: Cron ran at: 18-03-2025 10:02:38 PM [] []
[2025-03-18 22:06:31] SlimMonoLogger.INFO: Cron ran at: 18-03-2025 10:06:31 PM [] []
[2025-03-18 22:10:34] SlimMonoLogger.INFO: Cron ran at: 18-03-2025 10:10:34 PM [] []
[2025-03-18 22:15:34] SlimMonoLogger.INFO: Cron ran at: 18-03-2025 10:15:34 PM [] []
[2025-03-18 22:20:34] SlimMonoLogger.INFO: Cron ran at: 18-03-2025 10:20:34 PM [] []
[2025-03-18 22:25:43] SlimMonoLogger.INFO: Cron ran at: 18-03-2025 10:25:43 PM [] []
[2025-03-18 22:30:41] SlimMonoLogger.INFO: Cron ran at: 18-03-2025 10:30:41 PM [] []
[2025-03-18 22:35:33] SlimMonoLogger.INFO: Cron ran at: 18-03-2025 10:35:33 PM [] []
[2025-03-18 22:40:46] SlimMonoLogger.INFO: Cron ran at: 18-03-2025 10:40:46 PM [] []
[2025-03-18 22:46:22] SlimMonoLogger.INFO: Cron ran at: 18-03-2025 10:46:22 PM [] []
[2025-03-18 22:50:31] SlimMonoLogger.INFO: Cron ran at: 18-03-2025 10:50:31 PM [] []
[2025-03-18 22:55:42] SlimMonoLogger.INFO: Cron ran at: 18-03-2025 10:55:42 PM [] []
[2025-03-18 23:00:55] SlimMonoLogger.INFO: Cron ran at: 18-03-2025 11:00:55 PM [] []
[2025-03-18 23:05:32] SlimMonoLogger.INFO: Cron ran at: 18-03-2025 11:05:32 PM [] []
[2025-03-18 23:10:31] SlimMonoLogger.INFO: Cron ran at: 18-03-2025 11:10:31 PM [] []
[2025-03-18 23:15:34] SlimMonoLogger.INFO: Cron ran at: 18-03-2025 11:15:34 PM [] []
[2025-03-18 23:20:28] SlimMonoLogger.INFO: Cron ran at: 18-03-2025 11:20:28 PM [] []
[2025-03-18 23:25:39] SlimMonoLogger.INFO: Cron ran at: 18-03-2025 11:25:39 PM [] []
[2025-03-18 23:30:34] SlimMonoLogger.INFO: Cron ran at: 18-03-2025 11:30:34 PM [] []
[2025-03-18 23:35:37] SlimMonoLogger.INFO: Cron ran at: 18-03-2025 11:35:37 PM [] []
[2025-03-18 23:40:26] SlimMonoLogger.INFO: Cron ran at: 18-03-2025 11:40:26 PM [] []
[2025-03-18 23:45:28] SlimMonoLogger.INFO: Cron ran at: 18-03-2025 11:45:28 PM [] []
[2025-03-18 23:50:32] SlimMonoLogger.INFO: Cron ran at: 18-03-2025 11:50:32 PM [] []
[2025-03-18 23:55:28] SlimMonoLogger.INFO: Cron ran at: 18-03-2025 11:55:28 PM [] []
[2025-03-19 00:00:31] SlimMonoLogger.INFO: Cron ran at: 19-03-2025 12:00:31 AM [] []
[2025-03-19 00:05:27] SlimMonoLogger.INFO: Cron ran at: 19-03-2025 12:05:27 AM [] []
[2025-03-19 00:10:29] SlimMonoLogger.INFO: Cron ran at: 19-03-2025 12:10:29 AM [] []
[2025-03-19 00:20:31] SlimMonoLogger.INFO: Cron ran at: 19-03-2025 12:20:31 AM [] []
[2025-03-19 00:25:30] SlimMonoLogger.INFO: Cron ran at: 19-03-2025 12:25:30 AM [] []
[2025-03-19 00:30:33] SlimMonoLogger.INFO: Cron ran at: 19-03-2025 12:30:33 AM [] []
[2025-03-19 00:35:28] SlimMonoLogger.INFO: Cron ran at: 19-03-2025 12:35:28 AM [] []
[2025-03-19 00:40:31] SlimMonoLogger.INFO: Cron ran at: 19-03-2025 12:40:31 AM [] []
[2025-03-19 00:45:27] SlimMonoLogger.INFO: Cron ran at: 19-03-2025 12:45:27 AM [] []
[2025-03-19 00:50:28] SlimMonoLogger.INFO: Cron ran at: 19-03-2025 12:50:28 AM [] []
[2025-03-19 00:55:42] SlimMonoLogger.INFO: Cron ran at: 19-03-2025 12:55:42 AM [] []
