[2025-05-18 02:00:28] SlimMonoLogger.INFO: Cron ran at: 18-05-2025 02:00:28 AM [] []
[2025-05-18 02:05:21] SlimMonoLogger.INFO: Cron ran at: 18-05-2025 02:05:21 AM [] []
[2025-05-18 02:10:21] SlimMonoLogger.INFO: Cron ran at: 18-05-2025 02:10:21 AM [] []
[2025-05-18 02:15:23] SlimMonoLogger.INFO: Cron ran at: 18-05-2025 02:15:23 AM [] []
[2025-05-18 02:20:24] SlimMonoLogger.INFO: Cron ran at: 18-05-2025 02:20:24 AM [] []
[2025-05-18 02:25:22] SlimMonoLogger.INFO: Cron ran at: 18-05-2025 02:25:22 AM [] []
[2025-05-18 02:30:24] SlimMonoLogger.INFO: Cron ran at: 18-05-2025 02:30:24 AM [] []
[2025-05-18 02:35:23] SlimMonoLogger.INFO: Cron ran at: 18-05-2025 02:35:23 AM [] []
[2025-05-18 02:40:24] SlimMonoLogger.INFO: Cron ran at: 18-05-2025 02:40:24 AM [] []
[2025-05-18 02:45:28] SlimMonoLogger.INFO: Cron ran at: 18-05-2025 02:45:28 AM [] []
[2025-05-18 02:50:25] SlimMonoLogger.INFO: Cron ran at: 18-05-2025 02:50:25 AM [] []
[2025-05-18 02:55:22] SlimMonoLogger.INFO: Cron ran at: 18-05-2025 02:55:22 AM [] []
[2025-05-18 03:00:27] SlimMonoLogger.INFO: Cron ran at: 18-05-2025 03:00:27 AM [] []
[2025-05-18 03:05:30] SlimMonoLogger.INFO: Cron ran at: 18-05-2025 03:05:30 AM [] []
[2025-05-18 03:10:27] SlimMonoLogger.INFO: Cron ran at: 18-05-2025 03:10:27 AM [] []
[2025-05-18 03:15:27] SlimMonoLogger.INFO: Cron ran at: 18-05-2025 03:15:27 AM [] []
[2025-05-18 03:20:23] SlimMonoLogger.INFO: Cron ran at: 18-05-2025 03:20:23 AM [] []
[2025-05-18 03:25:21] SlimMonoLogger.INFO: Cron ran at: 18-05-2025 03:25:21 AM [] []
[2025-05-18 03:30:23] SlimMonoLogger.INFO: Cron ran at: 18-05-2025 03:30:23 AM [] []
[2025-05-18 03:35:28] SlimMonoLogger.INFO: Cron ran at: 18-05-2025 03:35:28 AM [] []
[2025-05-18 03:40:25] SlimMonoLogger.INFO: Cron ran at: 18-05-2025 03:40:25 AM [] []
[2025-05-18 03:45:26] SlimMonoLogger.INFO: Cron ran at: 18-05-2025 03:45:26 AM [] []
[2025-05-18 03:50:25] SlimMonoLogger.INFO: Cron ran at: 18-05-2025 03:50:25 AM [] []
[2025-05-18 03:55:23] SlimMonoLogger.INFO: Cron ran at: 18-05-2025 03:55:23 AM [] []
[2025-05-18 04:00:24] SlimMonoLogger.INFO: Cron ran at: 18-05-2025 04:00:24 AM [] []
[2025-05-18 04:05:21] SlimMonoLogger.INFO: Cron ran at: 18-05-2025 04:05:21 AM [] []
[2025-05-18 04:10:24] SlimMonoLogger.INFO: Cron ran at: 18-05-2025 04:10:24 AM [] []
[2025-05-18 04:15:23] SlimMonoLogger.INFO: Cron ran at: 18-05-2025 04:15:23 AM [] []
[2025-05-18 04:20:23] SlimMonoLogger.INFO: Cron ran at: 18-05-2025 04:20:23 AM [] []
[2025-05-18 04:25:22] SlimMonoLogger.INFO: Cron ran at: 18-05-2025 04:25:22 AM [] []
[2025-05-18 04:30:27] SlimMonoLogger.INFO: Cron ran at: 18-05-2025 04:30:27 AM [] []
[2025-05-18 04:35:23] SlimMonoLogger.INFO: Cron ran at: 18-05-2025 04:35:23 AM [] []
[2025-05-18 04:40:23] SlimMonoLogger.INFO: Cron ran at: 18-05-2025 04:40:23 AM [] []
[2025-05-18 04:45:26] SlimMonoLogger.INFO: Cron ran at: 18-05-2025 04:45:26 AM [] []
[2025-05-18 04:50:21] SlimMonoLogger.INFO: Cron ran at: 18-05-2025 04:50:21 AM [] []
[2025-05-18 04:55:17] SlimMonoLogger.ERROR: Requests_Exception: cURL error 52: Empty reply from server in /home/latihtal/public_html/agregator1/src/vendor/rmccue/requests/library/Requests/Transport/cURL.php:422
Stack trace:
#0 /home/latihtal/public_html/agregator1/src/vendor/rmccue/requests/library/Requests/Transport/cURL.php(177): Requests_Transport_cURL->process_response()
#1 /home/latihtal/public_html/agregator1/src/vendor/rmccue/requests/library/Requests.php(379): Requests_Transport_cURL->request()
#2 /home/latihtal/public_html/agregator1/src/vendor/rmccue/requests/library/Requests/Session.php(205): Requests::request()
#3 /home/latihtal/public_html/agregator1/src/vendor/rmccue/requests/library/Requests/Session.php(132): Requests_Session->request()
#4 /home/latihtal/public_html/agregator1/src/drivers/Http/RssImporter.php(144): Requests_Session->get()
#5 /home/latihtal/public_html/agregator1/src/controllers/Dashboard/DashboardFeedsController.php(534): spark\drivers\Http\RssImporter->fetchPosts()
#6 /home/latihtal/public_html/agregator1/src/controllers/Site/SiteController.php(722): spark\controllers\Dashboard\DashboardFeedsController::importFeedPosts()
#7 [internal function]: spark\controllers\Site\SiteController->runTasks()
#8 /home/latihtal/public_html/agregator1/src/framework/Route.php(173): call_user_func_array()
#9 [internal function]: Slim\Route->Slim\{closure}()
#10 /home/latihtal/public_html/agregator1/src/framework/Route.php(468): call_user_func_array()
#11 /home/latihtal/public_html/agregator1/src/framework/Slim.php(1364): Slim\Route->dispatch()
#12 /home/latihtal/public_html/agregator1/src/framework/Middleware/Flash.php(85): Slim\Slim->call()
#13 /home/latihtal/public_html/agregator1/src/framework/Middleware/MethodOverride.php(92): Slim\Middleware\Flash->call()
#14 /home/latihtal/public_html/agregator1/src/middlewares/CsrfGuard/CsrfGuard.php(47): Slim\Middleware\MethodOverride->call()
#15 /home/latihtal/public_html/agregator1/src/framework/Middleware/PrettyExceptions.php(67): spark\middlewares\CsrfGuard\CsrfGuard->call()
#16 /home/latihtal/public_html/agregator1/src/framework/Slim.php(1308): Slim\Middleware\PrettyExceptions->call()
#17 /home/latihtal/public_html/agregator1/index.php(6): Slim\Slim->run()
#18 {main} [] []
[2025-05-18 04:55:21] SlimMonoLogger.INFO: Cron ran at: 18-05-2025 04:55:21 AM [] []
[2025-05-18 05:00:26] SlimMonoLogger.INFO: Cron ran at: 18-05-2025 05:00:26 AM [] []
[2025-05-18 05:05:23] SlimMonoLogger.INFO: Cron ran at: 18-05-2025 05:05:23 AM [] []
[2025-05-18 05:10:24] SlimMonoLogger.INFO: Cron ran at: 18-05-2025 05:10:24 AM [] []
[2025-05-18 05:15:25] SlimMonoLogger.INFO: Cron ran at: 18-05-2025 05:15:25 AM [] []
[2025-05-18 05:20:31] SlimMonoLogger.INFO: Cron ran at: 18-05-2025 05:20:31 AM [] []
[2025-05-18 05:25:24] SlimMonoLogger.INFO: Cron ran at: 18-05-2025 05:25:24 AM [] []
[2025-05-18 05:30:26] SlimMonoLogger.INFO: Cron ran at: 18-05-2025 05:30:26 AM [] []
[2025-05-18 05:35:23] SlimMonoLogger.INFO: Cron ran at: 18-05-2025 05:35:23 AM [] []
[2025-05-18 05:40:24] SlimMonoLogger.INFO: Cron ran at: 18-05-2025 05:40:24 AM [] []
[2025-05-18 05:45:27] SlimMonoLogger.INFO: Cron ran at: 18-05-2025 05:45:27 AM [] []
[2025-05-18 05:50:25] SlimMonoLogger.INFO: Cron ran at: 18-05-2025 05:50:25 AM [] []
[2025-05-18 05:55:24] SlimMonoLogger.INFO: Cron ran at: 18-05-2025 05:55:24 AM [] []
[2025-05-18 06:00:30] SlimMonoLogger.INFO: Cron ran at: 18-05-2025 06:00:30 AM [] []
[2025-05-18 06:05:24] SlimMonoLogger.INFO: Cron ran at: 18-05-2025 06:05:24 AM [] []
[2025-05-18 06:10:22] SlimMonoLogger.INFO: Cron ran at: 18-05-2025 06:10:22 AM [] []
[2025-05-18 06:15:26] SlimMonoLogger.INFO: Cron ran at: 18-05-2025 06:15:26 AM [] []
[2025-05-18 06:20:25] SlimMonoLogger.INFO: Cron ran at: 18-05-2025 06:20:25 AM [] []
[2025-05-18 06:25:22] SlimMonoLogger.INFO: Cron ran at: 18-05-2025 06:25:22 AM [] []
[2025-05-18 06:30:25] SlimMonoLogger.INFO: Cron ran at: 18-05-2025 06:30:25 AM [] []
[2025-05-18 06:35:25] SlimMonoLogger.INFO: Cron ran at: 18-05-2025 06:35:25 AM [] []
[2025-05-18 06:40:23] SlimMonoLogger.INFO: Cron ran at: 18-05-2025 06:40:23 AM [] []
[2025-05-18 06:45:29] SlimMonoLogger.INFO: Cron ran at: 18-05-2025 06:45:29 AM [] []
[2025-05-18 06:50:25] SlimMonoLogger.INFO: Cron ran at: 18-05-2025 06:50:25 AM [] []
[2025-05-18 06:55:23] SlimMonoLogger.INFO: Cron ran at: 18-05-2025 06:55:23 AM [] []
[2025-05-18 07:00:25] SlimMonoLogger.INFO: Cron ran at: 18-05-2025 07:00:25 AM [] []
[2025-05-18 07:05:24] SlimMonoLogger.INFO: Cron ran at: 18-05-2025 07:05:24 AM [] []
[2025-05-18 07:10:25] SlimMonoLogger.INFO: Cron ran at: 18-05-2025 07:10:25 AM [] []
[2025-05-18 07:15:25] SlimMonoLogger.INFO: Cron ran at: 18-05-2025 07:15:25 AM [] []
[2025-05-18 07:20:26] SlimMonoLogger.INFO: Cron ran at: 18-05-2025 07:20:26 AM [] []
[2025-05-18 07:25:22] SlimMonoLogger.INFO: Cron ran at: 18-05-2025 07:25:22 AM [] []
[2025-05-18 07:30:24] SlimMonoLogger.INFO: Cron ran at: 18-05-2025 07:30:24 AM [] []
[2025-05-18 07:35:25] SlimMonoLogger.INFO: Cron ran at: 18-05-2025 07:35:25 AM [] []
[2025-05-18 07:40:27] SlimMonoLogger.INFO: Cron ran at: 18-05-2025 07:40:27 AM [] []
[2025-05-18 07:45:27] SlimMonoLogger.INFO: Cron ran at: 18-05-2025 07:45:27 AM [] []
[2025-05-18 07:50:25] SlimMonoLogger.INFO: Cron ran at: 18-05-2025 07:50:25 AM [] []
[2025-05-18 07:55:25] SlimMonoLogger.INFO: Cron ran at: 18-05-2025 07:55:25 AM [] []
[2025-05-18 08:00:30] SlimMonoLogger.INFO: Cron ran at: 18-05-2025 08:00:30 AM [] []
[2025-05-18 08:05:31] SlimMonoLogger.INFO: Cron ran at: 18-05-2025 08:05:31 AM [] []
[2025-05-18 08:10:25] SlimMonoLogger.INFO: Cron ran at: 18-05-2025 08:10:25 AM [] []
[2025-05-18 08:15:27] SlimMonoLogger.INFO: Cron ran at: 18-05-2025 08:15:27 AM [] []
[2025-05-18 08:20:27] SlimMonoLogger.INFO: Cron ran at: 18-05-2025 08:20:27 AM [] []
[2025-05-18 08:25:30] SlimMonoLogger.INFO: Cron ran at: 18-05-2025 08:25:30 AM [] []
[2025-05-18 08:30:31] SlimMonoLogger.INFO: Cron ran at: 18-05-2025 08:30:31 AM [] []
[2025-05-18 08:35:31] SlimMonoLogger.INFO: Cron ran at: 18-05-2025 08:35:31 AM [] []
[2025-05-18 08:40:28] SlimMonoLogger.INFO: Cron ran at: 18-05-2025 08:40:28 AM [] []
[2025-05-18 08:45:33] SlimMonoLogger.INFO: Cron ran at: 18-05-2025 08:45:33 AM [] []
[2025-05-18 08:50:27] SlimMonoLogger.INFO: Cron ran at: 18-05-2025 08:50:27 AM [] []
[2025-05-18 08:55:22] SlimMonoLogger.INFO: Cron ran at: 18-05-2025 08:55:22 AM [] []
[2025-05-18 09:00:25] SlimMonoLogger.INFO: Cron ran at: 18-05-2025 09:00:25 AM [] []
[2025-05-18 09:05:30] SlimMonoLogger.INFO: Cron ran at: 18-05-2025 09:05:30 AM [] []
[2025-05-18 09:10:29] SlimMonoLogger.INFO: Cron ran at: 18-05-2025 09:10:29 AM [] []
[2025-05-18 09:15:25] SlimMonoLogger.INFO: Cron ran at: 18-05-2025 09:15:25 AM [] []
[2025-05-18 09:20:29] SlimMonoLogger.INFO: Cron ran at: 18-05-2025 09:20:29 AM [] []
[2025-05-18 09:25:26] SlimMonoLogger.INFO: Cron ran at: 18-05-2025 09:25:26 AM [] []
[2025-05-18 09:30:34] SlimMonoLogger.INFO: Cron ran at: 18-05-2025 09:30:34 AM [] []
[2025-05-18 09:35:24] SlimMonoLogger.INFO: Cron ran at: 18-05-2025 09:35:24 AM [] []
[2025-05-18 09:40:30] SlimMonoLogger.INFO: Cron ran at: 18-05-2025 09:40:30 AM [] []
[2025-05-18 09:45:27] SlimMonoLogger.INFO: Cron ran at: 18-05-2025 09:45:27 AM [] []
[2025-05-18 09:50:24] SlimMonoLogger.INFO: Cron ran at: 18-05-2025 09:50:24 AM [] []
[2025-05-18 09:55:24] SlimMonoLogger.INFO: Cron ran at: 18-05-2025 09:55:24 AM [] []
[2025-05-18 10:00:31] SlimMonoLogger.INFO: Cron ran at: 18-05-2025 10:00:31 AM [] []
[2025-05-18 10:05:24] SlimMonoLogger.INFO: Cron ran at: 18-05-2025 10:05:24 AM [] []
[2025-05-18 10:10:24] SlimMonoLogger.INFO: Cron ran at: 18-05-2025 10:10:24 AM [] []
[2025-05-18 10:15:26] SlimMonoLogger.INFO: Cron ran at: 18-05-2025 10:15:26 AM [] []
[2025-05-18 10:20:25] SlimMonoLogger.INFO: Cron ran at: 18-05-2025 10:20:25 AM [] []
[2025-05-18 10:25:26] SlimMonoLogger.INFO: Cron ran at: 18-05-2025 10:25:26 AM [] []
[2025-05-18 10:30:24] SlimMonoLogger.INFO: Cron ran at: 18-05-2025 10:30:24 AM [] []
[2025-05-18 10:35:27] SlimMonoLogger.INFO: Cron ran at: 18-05-2025 10:35:27 AM [] []
[2025-05-18 10:40:22] SlimMonoLogger.INFO: Cron ran at: 18-05-2025 10:40:22 AM [] []
[2025-05-18 10:45:25] SlimMonoLogger.INFO: Cron ran at: 18-05-2025 10:45:25 AM [] []
[2025-05-18 10:50:31] SlimMonoLogger.INFO: Cron ran at: 18-05-2025 10:50:31 AM [] []
[2025-05-18 10:55:30] SlimMonoLogger.INFO: Cron ran at: 18-05-2025 10:55:30 AM [] []
[2025-05-18 11:00:34] SlimMonoLogger.INFO: Cron ran at: 18-05-2025 11:00:34 AM [] []
[2025-05-18 11:05:26] SlimMonoLogger.INFO: Cron ran at: 18-05-2025 11:05:26 AM [] []
[2025-05-18 11:10:30] SlimMonoLogger.INFO: Cron ran at: 18-05-2025 11:10:30 AM [] []
[2025-05-18 11:15:32] SlimMonoLogger.INFO: Cron ran at: 18-05-2025 11:15:32 AM [] []
[2025-05-18 11:20:28] SlimMonoLogger.INFO: Cron ran at: 18-05-2025 11:20:28 AM [] []
[2025-05-18 11:25:31] SlimMonoLogger.INFO: Cron ran at: 18-05-2025 11:25:31 AM [] []
[2025-05-18 11:30:34] SlimMonoLogger.INFO: Cron ran at: 18-05-2025 11:30:34 AM [] []
[2025-05-18 11:35:28] SlimMonoLogger.INFO: Cron ran at: 18-05-2025 11:35:28 AM [] []
[2025-05-18 11:40:31] SlimMonoLogger.INFO: Cron ran at: 18-05-2025 11:40:31 AM [] []
[2025-05-18 11:45:27] SlimMonoLogger.INFO: Cron ran at: 18-05-2025 11:45:27 AM [] []
[2025-05-18 11:50:40] SlimMonoLogger.INFO: Cron ran at: 18-05-2025 11:50:40 AM [] []
[2025-05-18 11:55:22] SlimMonoLogger.INFO: Cron ran at: 18-05-2025 11:55:22 AM [] []
[2025-05-18 12:00:31] SlimMonoLogger.INFO: Cron ran at: 18-05-2025 12:00:31 PM [] []
[2025-05-18 12:05:40] SlimMonoLogger.INFO: Cron ran at: 18-05-2025 12:05:40 PM [] []
[2025-05-18 12:10:24] SlimMonoLogger.INFO: Cron ran at: 18-05-2025 12:10:24 PM [] []
[2025-05-18 12:15:24] SlimMonoLogger.INFO: Cron ran at: 18-05-2025 12:15:24 PM [] []
[2025-05-18 12:20:23] SlimMonoLogger.INFO: Cron ran at: 18-05-2025 12:20:23 PM [] []
[2025-05-18 12:25:23] SlimMonoLogger.INFO: Cron ran at: 18-05-2025 12:25:23 PM [] []
[2025-05-18 12:30:22] SlimMonoLogger.INFO: Cron ran at: 18-05-2025 12:30:22 PM [] []
[2025-05-18 12:35:29] SlimMonoLogger.INFO: Cron ran at: 18-05-2025 12:35:29 PM [] []
[2025-05-18 12:40:26] SlimMonoLogger.INFO: Cron ran at: 18-05-2025 12:40:26 PM [] []
[2025-05-18 12:45:28] SlimMonoLogger.INFO: Cron ran at: 18-05-2025 12:45:28 PM [] []
[2025-05-18 12:50:28] SlimMonoLogger.INFO: Cron ran at: 18-05-2025 12:50:28 PM [] []
[2025-05-18 12:55:24] SlimMonoLogger.INFO: Cron ran at: 18-05-2025 12:55:24 PM [] []
[2025-05-18 13:00:29] SlimMonoLogger.INFO: Cron ran at: 18-05-2025 01:00:29 PM [] []
[2025-05-18 13:05:22] SlimMonoLogger.INFO: Cron ran at: 18-05-2025 01:05:22 PM [] []
[2025-05-18 13:10:22] SlimMonoLogger.INFO: Cron ran at: 18-05-2025 01:10:22 PM [] []
[2025-05-18 13:15:25] SlimMonoLogger.INFO: Cron ran at: 18-05-2025 01:15:25 PM [] []
[2025-05-18 13:20:24] SlimMonoLogger.INFO: Cron ran at: 18-05-2025 01:20:24 PM [] []
[2025-05-18 13:25:42] SlimMonoLogger.INFO: Cron ran at: 18-05-2025 01:25:42 PM [] []
[2025-05-18 13:30:47] SlimMonoLogger.INFO: Cron ran at: 18-05-2025 01:30:47 PM [] []
[2025-05-18 13:35:24] SlimMonoLogger.INFO: Cron ran at: 18-05-2025 01:35:24 PM [] []
[2025-05-18 13:40:24] SlimMonoLogger.INFO: Cron ran at: 18-05-2025 01:40:24 PM [] []
[2025-05-18 13:45:22] SlimMonoLogger.INFO: Cron ran at: 18-05-2025 01:45:22 PM [] []
[2025-05-18 13:50:23] SlimMonoLogger.INFO: Cron ran at: 18-05-2025 01:50:23 PM [] []
[2025-05-18 13:55:26] SlimMonoLogger.INFO: Cron ran at: 18-05-2025 01:55:26 PM [] []
[2025-05-18 14:00:31] SlimMonoLogger.INFO: Cron ran at: 18-05-2025 02:00:31 PM [] []
[2025-05-18 14:05:28] SlimMonoLogger.INFO: Cron ran at: 18-05-2025 02:05:28 PM [] []
[2025-05-18 14:10:24] SlimMonoLogger.INFO: Cron ran at: 18-05-2025 02:10:24 PM [] []
[2025-05-18 14:15:24] SlimMonoLogger.INFO: Cron ran at: 18-05-2025 02:15:24 PM [] []
[2025-05-18 14:20:25] SlimMonoLogger.INFO: Cron ran at: 18-05-2025 02:20:25 PM [] []
[2025-05-18 14:25:27] SlimMonoLogger.INFO: Cron ran at: 18-05-2025 02:25:27 PM [] []
[2025-05-18 14:30:27] SlimMonoLogger.INFO: Cron ran at: 18-05-2025 02:30:27 PM [] []
[2025-05-18 14:35:26] SlimMonoLogger.INFO: Cron ran at: 18-05-2025 02:35:26 PM [] []
[2025-05-18 14:40:26] SlimMonoLogger.INFO: Cron ran at: 18-05-2025 02:40:26 PM [] []
[2025-05-18 14:45:28] SlimMonoLogger.INFO: Cron ran at: 18-05-2025 02:45:28 PM [] []
[2025-05-18 14:50:23] SlimMonoLogger.INFO: Cron ran at: 18-05-2025 02:50:23 PM [] []
[2025-05-18 14:55:26] SlimMonoLogger.INFO: Cron ran at: 18-05-2025 02:55:26 PM [] []
[2025-05-18 15:00:35] SlimMonoLogger.INFO: Cron ran at: 18-05-2025 03:00:35 PM [] []
[2025-05-18 15:05:23] SlimMonoLogger.INFO: Cron ran at: 18-05-2025 03:05:23 PM [] []
[2025-05-18 15:10:28] SlimMonoLogger.INFO: Cron ran at: 18-05-2025 03:10:28 PM [] []
[2025-05-18 15:15:25] SlimMonoLogger.INFO: Cron ran at: 18-05-2025 03:15:25 PM [] []
[2025-05-18 15:20:26] SlimMonoLogger.INFO: Cron ran at: 18-05-2025 03:20:26 PM [] []
[2025-05-18 15:25:23] SlimMonoLogger.INFO: Cron ran at: 18-05-2025 03:25:23 PM [] []
[2025-05-18 15:30:25] SlimMonoLogger.INFO: Cron ran at: 18-05-2025 03:30:25 PM [] []
[2025-05-18 15:35:25] SlimMonoLogger.INFO: Cron ran at: 18-05-2025 03:35:25 PM [] []
[2025-05-18 15:40:27] SlimMonoLogger.INFO: Cron ran at: 18-05-2025 03:40:27 PM [] []
[2025-05-18 15:45:27] SlimMonoLogger.INFO: Cron ran at: 18-05-2025 03:45:27 PM [] []
[2025-05-18 15:50:26] SlimMonoLogger.INFO: Cron ran at: 18-05-2025 03:50:26 PM [] []
[2025-05-18 15:55:25] SlimMonoLogger.INFO: Cron ran at: 18-05-2025 03:55:25 PM [] []
[2025-05-18 16:00:27] SlimMonoLogger.INFO: Cron ran at: 18-05-2025 04:00:27 PM [] []
[2025-05-18 16:05:25] SlimMonoLogger.INFO: Cron ran at: 18-05-2025 04:05:25 PM [] []
[2025-05-18 16:10:30] SlimMonoLogger.INFO: Cron ran at: 18-05-2025 04:10:30 PM [] []
[2025-05-18 16:15:23] SlimMonoLogger.INFO: Cron ran at: 18-05-2025 04:15:23 PM [] []
[2025-05-18 16:20:24] SlimMonoLogger.INFO: Cron ran at: 18-05-2025 04:20:24 PM [] []
[2025-05-18 16:25:21] SlimMonoLogger.INFO: Cron ran at: 18-05-2025 04:25:21 PM [] []
[2025-05-18 16:30:25] SlimMonoLogger.INFO: Cron ran at: 18-05-2025 04:30:25 PM [] []
[2025-05-18 16:35:24] SlimMonoLogger.INFO: Cron ran at: 18-05-2025 04:35:24 PM [] []
[2025-05-18 16:40:23] SlimMonoLogger.INFO: Cron ran at: 18-05-2025 04:40:23 PM [] []
[2025-05-18 16:45:25] SlimMonoLogger.INFO: Cron ran at: 18-05-2025 04:45:25 PM [] []
[2025-05-18 16:50:29] SlimMonoLogger.INFO: Cron ran at: 18-05-2025 04:50:29 PM [] []
[2025-05-18 16:55:23] SlimMonoLogger.INFO: Cron ran at: 18-05-2025 04:55:23 PM [] []
[2025-05-18 17:00:25] SlimMonoLogger.INFO: Cron ran at: 18-05-2025 05:00:25 PM [] []
[2025-05-18 17:05:25] SlimMonoLogger.INFO: Cron ran at: 18-05-2025 05:05:25 PM [] []
[2025-05-18 17:10:23] SlimMonoLogger.INFO: Cron ran at: 18-05-2025 05:10:23 PM [] []
[2025-05-18 17:15:24] SlimMonoLogger.INFO: Cron ran at: 18-05-2025 05:15:24 PM [] []
[2025-05-18 17:20:23] SlimMonoLogger.INFO: Cron ran at: 18-05-2025 05:20:23 PM [] []
[2025-05-18 17:25:28] SlimMonoLogger.INFO: Cron ran at: 18-05-2025 05:25:28 PM [] []
[2025-05-18 17:30:24] SlimMonoLogger.INFO: Cron ran at: 18-05-2025 05:30:24 PM [] []
[2025-05-18 17:35:29] SlimMonoLogger.INFO: Cron ran at: 18-05-2025 05:35:29 PM [] []
[2025-05-18 17:40:24] SlimMonoLogger.INFO: Cron ran at: 18-05-2025 05:40:24 PM [] []
[2025-05-18 17:45:23] SlimMonoLogger.INFO: Cron ran at: 18-05-2025 05:45:23 PM [] []
[2025-05-18 17:50:26] SlimMonoLogger.INFO: Cron ran at: 18-05-2025 05:50:26 PM [] []
[2025-05-18 17:55:22] SlimMonoLogger.INFO: Cron ran at: 18-05-2025 05:55:22 PM [] []
[2025-05-18 18:00:27] SlimMonoLogger.INFO: Cron ran at: 18-05-2025 06:00:27 PM [] []
[2025-05-18 18:05:29] SlimMonoLogger.INFO: Cron ran at: 18-05-2025 06:05:29 PM [] []
[2025-05-18 18:10:26] SlimMonoLogger.INFO: Cron ran at: 18-05-2025 06:10:26 PM [] []
[2025-05-18 18:15:21] SlimMonoLogger.INFO: Cron ran at: 18-05-2025 06:15:21 PM [] []
[2025-05-18 18:20:25] SlimMonoLogger.INFO: Cron ran at: 18-05-2025 06:20:25 PM [] []
[2025-05-18 18:25:26] SlimMonoLogger.INFO: Cron ran at: 18-05-2025 06:25:26 PM [] []
[2025-05-18 18:30:22] SlimMonoLogger.INFO: Cron ran at: 18-05-2025 06:30:22 PM [] []
[2025-05-18 18:35:25] SlimMonoLogger.INFO: Cron ran at: 18-05-2025 06:35:25 PM [] []
[2025-05-18 18:40:27] SlimMonoLogger.INFO: Cron ran at: 18-05-2025 06:40:27 PM [] []
[2025-05-18 18:45:34] SlimMonoLogger.INFO: Cron ran at: 18-05-2025 06:45:34 PM [] []
[2025-05-18 18:50:27] SlimMonoLogger.INFO: Cron ran at: 18-05-2025 06:50:27 PM [] []
[2025-05-18 18:55:28] SlimMonoLogger.INFO: Cron ran at: 18-05-2025 06:55:28 PM [] []
[2025-05-18 19:00:35] SlimMonoLogger.INFO: Cron ran at: 18-05-2025 07:00:35 PM [] []
[2025-05-18 19:05:38] SlimMonoLogger.INFO: Cron ran at: 18-05-2025 07:05:38 PM [] []
[2025-05-18 19:10:24] SlimMonoLogger.INFO: Cron ran at: 18-05-2025 07:10:24 PM [] []
[2025-05-18 19:15:38] SlimMonoLogger.INFO: Cron ran at: 18-05-2025 07:15:38 PM [] []
[2025-05-18 19:20:29] SlimMonoLogger.INFO: Cron ran at: 18-05-2025 07:20:29 PM [] []
[2025-05-18 19:25:34] SlimMonoLogger.INFO: Cron ran at: 18-05-2025 07:25:34 PM [] []
[2025-05-18 19:30:25] SlimMonoLogger.INFO: Cron ran at: 18-05-2025 07:30:25 PM [] []
[2025-05-18 19:35:27] SlimMonoLogger.INFO: Cron ran at: 18-05-2025 07:35:27 PM [] []
[2025-05-18 19:40:35] SlimMonoLogger.INFO: Cron ran at: 18-05-2025 07:40:35 PM [] []
[2025-05-18 19:45:29] SlimMonoLogger.INFO: Cron ran at: 18-05-2025 07:45:29 PM [] []
[2025-05-18 19:50:25] SlimMonoLogger.INFO: Cron ran at: 18-05-2025 07:50:25 PM [] []
[2025-05-18 19:55:28] SlimMonoLogger.INFO: Cron ran at: 18-05-2025 07:55:28 PM [] []
[2025-05-18 20:00:32] SlimMonoLogger.INFO: Cron ran at: 18-05-2025 08:00:32 PM [] []
[2025-05-18 20:05:37] SlimMonoLogger.INFO: Cron ran at: 18-05-2025 08:05:37 PM [] []
[2025-05-18 20:10:46] SlimMonoLogger.INFO: Cron ran at: 18-05-2025 08:10:46 PM [] []
[2025-05-18 20:15:29] SlimMonoLogger.INFO: Cron ran at: 18-05-2025 08:15:29 PM [] []
[2025-05-18 20:20:28] SlimMonoLogger.INFO: Cron ran at: 18-05-2025 08:20:28 PM [] []
[2025-05-18 20:25:32] SlimMonoLogger.INFO: Cron ran at: 18-05-2025 08:25:32 PM [] []
[2025-05-18 20:30:29] SlimMonoLogger.INFO: Cron ran at: 18-05-2025 08:30:29 PM [] []
[2025-05-18 20:35:38] SlimMonoLogger.INFO: Cron ran at: 18-05-2025 08:35:38 PM [] []
[2025-05-18 20:40:30] SlimMonoLogger.INFO: Cron ran at: 18-05-2025 08:40:30 PM [] []
[2025-05-18 20:45:34] SlimMonoLogger.INFO: Cron ran at: 18-05-2025 08:45:34 PM [] []
[2025-05-18 20:50:28] SlimMonoLogger.INFO: Cron ran at: 18-05-2025 08:50:28 PM [] []
[2025-05-18 20:55:35] SlimMonoLogger.INFO: Cron ran at: 18-05-2025 08:55:35 PM [] []
[2025-05-18 21:00:34] SlimMonoLogger.INFO: Cron ran at: 18-05-2025 09:00:34 PM [] []
[2025-05-18 21:05:29] SlimMonoLogger.INFO: Cron ran at: 18-05-2025 09:05:29 PM [] []
[2025-05-18 21:10:29] SlimMonoLogger.INFO: Cron ran at: 18-05-2025 09:10:29 PM [] []
[2025-05-18 21:15:35] SlimMonoLogger.INFO: Cron ran at: 18-05-2025 09:15:35 PM [] []
[2025-05-18 21:20:27] SlimMonoLogger.INFO: Cron ran at: 18-05-2025 09:20:27 PM [] []
[2025-05-18 21:25:35] SlimMonoLogger.INFO: Cron ran at: 18-05-2025 09:25:35 PM [] []
[2025-05-18 21:30:32] SlimMonoLogger.INFO: Cron ran at: 18-05-2025 09:30:32 PM [] []
[2025-05-18 21:35:24] SlimMonoLogger.INFO: Cron ran at: 18-05-2025 09:35:24 PM [] []
[2025-05-18 21:40:29] SlimMonoLogger.INFO: Cron ran at: 18-05-2025 09:40:29 PM [] []
[2025-05-18 21:45:34] SlimMonoLogger.INFO: Cron ran at: 18-05-2025 09:45:34 PM [] []
[2025-05-18 21:50:25] SlimMonoLogger.INFO: Cron ran at: 18-05-2025 09:50:25 PM [] []
[2025-05-18 21:55:23] SlimMonoLogger.INFO: Cron ran at: 18-05-2025 09:55:23 PM [] []
[2025-05-18 22:00:29] SlimMonoLogger.INFO: Cron ran at: 18-05-2025 10:00:29 PM [] []
[2025-05-18 22:05:34] SlimMonoLogger.INFO: Cron ran at: 18-05-2025 10:05:34 PM [] []
[2025-05-18 22:10:32] SlimMonoLogger.INFO: Cron ran at: 18-05-2025 10:10:32 PM [] []
[2025-05-18 22:15:30] SlimMonoLogger.INFO: Cron ran at: 18-05-2025 10:15:30 PM [] []
[2025-05-18 22:20:28] SlimMonoLogger.INFO: Cron ran at: 18-05-2025 10:20:28 PM [] []
[2025-05-18 22:25:26] SlimMonoLogger.INFO: Cron ran at: 18-05-2025 10:25:26 PM [] []
[2025-05-18 22:30:25] SlimMonoLogger.INFO: Cron ran at: 18-05-2025 10:30:25 PM [] []
[2025-05-18 22:35:22] SlimMonoLogger.INFO: Cron ran at: 18-05-2025 10:35:22 PM [] []
[2025-05-18 22:40:43] SlimMonoLogger.INFO: Cron ran at: 18-05-2025 10:40:43 PM [] []
[2025-05-18 22:45:41] SlimMonoLogger.INFO: Cron ran at: 18-05-2025 10:45:41 PM [] []
[2025-05-18 22:50:24] SlimMonoLogger.INFO: Cron ran at: 18-05-2025 10:50:24 PM [] []
[2025-05-18 22:55:22] SlimMonoLogger.INFO: Cron ran at: 18-05-2025 10:55:22 PM [] []
[2025-05-18 23:00:27] SlimMonoLogger.INFO: Cron ran at: 18-05-2025 11:00:27 PM [] []
[2025-05-18 23:05:26] SlimMonoLogger.INFO: Cron ran at: 18-05-2025 11:05:26 PM [] []
[2025-05-18 23:10:27] SlimMonoLogger.INFO: Cron ran at: 18-05-2025 11:10:27 PM [] []
[2025-05-18 23:15:26] SlimMonoLogger.INFO: Cron ran at: 18-05-2025 11:15:26 PM [] []
[2025-05-18 23:20:22] SlimMonoLogger.INFO: Cron ran at: 18-05-2025 11:20:22 PM [] []
[2025-05-18 23:25:22] SlimMonoLogger.INFO: Cron ran at: 18-05-2025 11:25:22 PM [] []
[2025-05-18 23:30:25] SlimMonoLogger.INFO: Cron ran at: 18-05-2025 11:30:25 PM [] []
[2025-05-18 23:35:24] SlimMonoLogger.INFO: Cron ran at: 18-05-2025 11:35:24 PM [] []
[2025-05-18 23:40:28] SlimMonoLogger.INFO: Cron ran at: 18-05-2025 11:40:28 PM [] []
[2025-05-18 23:45:22] SlimMonoLogger.INFO: Cron ran at: 18-05-2025 11:45:22 PM [] []
[2025-05-18 23:50:33] SlimMonoLogger.INFO: Cron ran at: 18-05-2025 11:50:33 PM [] []
[2025-05-18 23:55:23] SlimMonoLogger.INFO: Cron ran at: 18-05-2025 11:55:23 PM [] []
[2025-05-19 00:00:25] SlimMonoLogger.INFO: Cron ran at: 19-05-2025 12:00:25 AM [] []
[2025-05-19 00:05:39] SlimMonoLogger.INFO: Cron ran at: 19-05-2025 12:05:39 AM [] []
[2025-05-19 00:10:26] SlimMonoLogger.INFO: Cron ran at: 19-05-2025 12:10:26 AM [] []
[2025-05-19 00:15:26] SlimMonoLogger.INFO: Cron ran at: 19-05-2025 12:15:26 AM [] []
[2025-05-19 00:20:26] SlimMonoLogger.INFO: Cron ran at: 19-05-2025 12:20:26 AM [] []
[2025-05-19 00:25:26] SlimMonoLogger.INFO: Cron ran at: 19-05-2025 12:25:26 AM [] []
[2025-05-19 00:30:30] SlimMonoLogger.INFO: Cron ran at: 19-05-2025 12:30:30 AM [] []
[2025-05-19 00:35:27] SlimMonoLogger.INFO: Cron ran at: 19-05-2025 12:35:27 AM [] []
[2025-05-19 00:40:29] SlimMonoLogger.INFO: Cron ran at: 19-05-2025 12:40:29 AM [] []
[2025-05-19 00:45:28] SlimMonoLogger.INFO: Cron ran at: 19-05-2025 12:45:28 AM [] []
[2025-05-19 00:50:27] SlimMonoLogger.INFO: Cron ran at: 19-05-2025 12:50:27 AM [] []
[2025-05-19 00:55:23] SlimMonoLogger.INFO: Cron ran at: 19-05-2025 12:55:23 AM [] []
[2025-05-19 01:00:33] SlimMonoLogger.INFO: Cron ran at: 19-05-2025 01:00:33 AM [] []
[2025-05-19 01:05:26] SlimMonoLogger.INFO: Cron ran at: 19-05-2025 01:05:26 AM [] []
[2025-05-19 01:10:23] SlimMonoLogger.INFO: Cron ran at: 19-05-2025 01:10:23 AM [] []
[2025-05-19 01:15:22] SlimMonoLogger.INFO: Cron ran at: 19-05-2025 01:15:22 AM [] []
[2025-05-19 01:20:24] SlimMonoLogger.INFO: Cron ran at: 19-05-2025 01:20:24 AM [] []
[2025-05-19 01:25:24] SlimMonoLogger.INFO: Cron ran at: 19-05-2025 01:25:24 AM [] []
[2025-05-19 01:30:23] SlimMonoLogger.INFO: Cron ran at: 19-05-2025 01:30:23 AM [] []
[2025-05-19 01:35:22] SlimMonoLogger.INFO: Cron ran at: 19-05-2025 01:35:22 AM [] []
[2025-05-19 01:40:26] SlimMonoLogger.INFO: Cron ran at: 19-05-2025 01:40:26 AM [] []
[2025-05-19 01:45:26] SlimMonoLogger.INFO: Cron ran at: 19-05-2025 01:45:26 AM [] []
[2025-05-19 01:50:23] SlimMonoLogger.INFO: Cron ran at: 19-05-2025 01:50:23 AM [] []
[2025-05-19 01:55:28] SlimMonoLogger.INFO: Cron ran at: 19-05-2025 01:55:28 AM [] []
