[2026-01-18 01:01:25] SlimMonoLogger.INFO: Cron ran at: 18-01-2026 01:01:25 AM [] []
[2026-01-18 01:06:07] SlimMonoLogger.INFO: Cron ran at: 18-01-2026 01:06:07 AM [] []
[2026-01-18 01:11:10] SlimMonoLogger.INFO: Cron ran at: 18-01-2026 01:11:10 AM [] []
[2026-01-18 01:16:21] SlimMonoLogger.INFO: Cron ran at: 18-01-2026 01:16:21 AM [] []
[2026-01-18 01:21:10] SlimMonoLogger.INFO: Cron ran at: 18-01-2026 01:21:10 AM [] []
[2026-01-18 01:26:09] SlimMonoLogger.INFO: Cron ran at: 18-01-2026 01:26:09 AM [] []
[2026-01-18 01:31:09] SlimMonoLogger.INFO: Cron ran at: 18-01-2026 01:31:09 AM [] []
[2026-01-18 01:40:21] SlimMonoLogger.INFO: Cron ran at: 18-01-2026 01:40:21 AM [] []
[2026-01-18 01:44:50] SlimMonoLogger.INFO: Cron ran at: 18-01-2026 01:44:50 AM [] []
[2026-01-18 01:49:38] SlimMonoLogger.INFO: Cron ran at: 18-01-2026 01:49:38 AM [] []
[2026-01-18 01:54:30] SlimMonoLogger.INFO: Cron ran at: 18-01-2026 01:54:30 AM [] []
[2026-01-18 01:59:35] SlimMonoLogger.INFO: Cron ran at: 18-01-2026 01:59:35 AM [] []
[2026-01-18 02:04:39] SlimMonoLogger.INFO: Cron ran at: 18-01-2026 02:04:39 AM [] []
[2026-01-18 02:09:41] SlimMonoLogger.INFO: Cron ran at: 18-01-2026 02:09:41 AM [] []
[2026-01-18 02:14:50] SlimMonoLogger.INFO: Cron ran at: 18-01-2026 02:14:50 AM [] []
[2026-01-18 02:19:39] SlimMonoLogger.INFO: Cron ran at: 18-01-2026 02:19:39 AM [] []
[2026-01-18 02:24:39] SlimMonoLogger.INFO: Cron ran at: 18-01-2026 02:24:39 AM [] []
[2026-01-18 02:29:57] SlimMonoLogger.INFO: Cron ran at: 18-01-2026 02:29:57 AM [] []
[2026-01-18 02:34:43] SlimMonoLogger.INFO: Cron ran at: 18-01-2026 02:34:43 AM [] []
[2026-01-18 02:39:39] SlimMonoLogger.INFO: Cron ran at: 18-01-2026 02:39:39 AM [] []
[2026-01-18 02:44:39] SlimMonoLogger.INFO: Cron ran at: 18-01-2026 02:44:39 AM [] []
[2026-01-18 02:49:47] SlimMonoLogger.INFO: Cron ran at: 18-01-2026 02:49:47 AM [] []
[2026-01-18 02:54:46] SlimMonoLogger.INFO: Cron ran at: 18-01-2026 02:54:46 AM [] []
[2026-01-18 02:59:34] SlimMonoLogger.INFO: Cron ran at: 18-01-2026 02:59:34 AM [] []
[2026-01-18 03:04:50] SlimMonoLogger.INFO: Cron ran at: 18-01-2026 03:04:50 AM [] []
[2026-01-18 03:09:34] SlimMonoLogger.INFO: Cron ran at: 18-01-2026 03:09:34 AM [] []
[2026-01-18 03:14:48] SlimMonoLogger.INFO: Cron ran at: 18-01-2026 03:14:48 AM [] []
[2026-01-18 03:19:36] SlimMonoLogger.INFO: Cron ran at: 18-01-2026 03:19:36 AM [] []
[2026-01-18 03:25:49] SlimMonoLogger.INFO: Cron ran at: 18-01-2026 03:25:49 AM [] []
[2026-01-18 03:29:57] SlimMonoLogger.INFO: Cron ran at: 18-01-2026 03:29:57 AM [] []
[2026-01-18 03:34:18] SlimMonoLogger.INFO: Cron ran at: 18-01-2026 03:34:18 AM [] []
[2026-01-18 03:36:05] SlimMonoLogger.INFO: Cron ran at: 18-01-2026 03:36:05 AM [] []
[2026-01-18 03:41:04] SlimMonoLogger.INFO: Cron ran at: 18-01-2026 03:41:04 AM [] []
[2026-01-18 03:46:04] SlimMonoLogger.INFO: Cron ran at: 18-01-2026 03:46:04 AM [] []
[2026-01-18 03:51:05] SlimMonoLogger.INFO: Cron ran at: 18-01-2026 03:51:05 AM [] []
[2026-01-18 03:56:07] SlimMonoLogger.INFO: Cron ran at: 18-01-2026 03:56:07 AM [] []
[2026-01-18 04:01:11] SlimMonoLogger.INFO: Cron ran at: 18-01-2026 04:01:11 AM [] []
[2026-01-18 04:06:05] SlimMonoLogger.INFO: Cron ran at: 18-01-2026 04:06:05 AM [] []
[2026-01-18 04:11:07] SlimMonoLogger.INFO: Cron ran at: 18-01-2026 04:11:07 AM [] []
[2026-01-18 04:16:05] SlimMonoLogger.INFO: Cron ran at: 18-01-2026 04:16:05 AM [] []
[2026-01-18 04:21:05] SlimMonoLogger.INFO: Cron ran at: 18-01-2026 04:21:05 AM [] []
[2026-01-18 04:26:06] SlimMonoLogger.INFO: Cron ran at: 18-01-2026 04:26:06 AM [] []
[2026-01-18 04:31:10] SlimMonoLogger.INFO: Cron ran at: 18-01-2026 04:31:10 AM [] []
[2026-01-18 04:36:04] SlimMonoLogger.INFO: Cron ran at: 18-01-2026 04:36:04 AM [] []
[2026-01-18 04:41:06] SlimMonoLogger.INFO: Cron ran at: 18-01-2026 04:41:06 AM [] []
[2026-01-18 04:46:03] SlimMonoLogger.INFO: Cron ran at: 18-01-2026 04:46:03 AM [] []
[2026-01-18 04:51:07] SlimMonoLogger.INFO: Cron ran at: 18-01-2026 04:51:07 AM [] []
[2026-01-18 04:56:06] SlimMonoLogger.INFO: Cron ran at: 18-01-2026 04:56:06 AM [] []
[2026-01-18 05:01:05] SlimMonoLogger.INFO: Cron ran at: 18-01-2026 05:01:05 AM [] []
[2026-01-18 05:06:05] SlimMonoLogger.INFO: Cron ran at: 18-01-2026 05:06:05 AM [] []
[2026-01-18 05:11:06] SlimMonoLogger.INFO: Cron ran at: 18-01-2026 05:11:06 AM [] []
[2026-01-18 05:16:05] SlimMonoLogger.INFO: Cron ran at: 18-01-2026 05:16:05 AM [] []
[2026-01-18 05:21:05] SlimMonoLogger.INFO: Cron ran at: 18-01-2026 05:21:05 AM [] []
[2026-01-18 05:26:08] SlimMonoLogger.INFO: Cron ran at: 18-01-2026 05:26:08 AM [] []
[2026-01-18 05:31:09] SlimMonoLogger.INFO: Cron ran at: 18-01-2026 05:31:09 AM [] []
[2026-01-18 05:36:03] SlimMonoLogger.INFO: Cron ran at: 18-01-2026 05:36:03 AM [] []
[2026-01-18 05:41:10] SlimMonoLogger.INFO: Cron ran at: 18-01-2026 05:41:10 AM [] []
[2026-01-18 05:46:03] SlimMonoLogger.INFO: Cron ran at: 18-01-2026 05:46:03 AM [] []
[2026-01-18 05:51:04] SlimMonoLogger.INFO: Cron ran at: 18-01-2026 05:51:04 AM [] []
[2026-01-18 05:56:05] SlimMonoLogger.INFO: Cron ran at: 18-01-2026 05:56:05 AM [] []
[2026-01-18 06:01:06] SlimMonoLogger.INFO: Cron ran at: 18-01-2026 06:01:06 AM [] []
[2026-01-18 06:06:03] SlimMonoLogger.INFO: Cron ran at: 18-01-2026 06:06:03 AM [] []
[2026-01-18 06:11:03] SlimMonoLogger.INFO: Cron ran at: 18-01-2026 06:11:03 AM [] []
[2026-01-18 06:16:07] SlimMonoLogger.INFO: Cron ran at: 18-01-2026 06:16:07 AM [] []
[2026-01-18 06:21:06] SlimMonoLogger.INFO: Cron ran at: 18-01-2026 06:21:06 AM [] []
[2026-01-18 06:25:57] SlimMonoLogger.INFO: Cron ran at: 18-01-2026 06:25:57 AM [] []
[2026-01-18 06:31:09] SlimMonoLogger.INFO: Cron ran at: 18-01-2026 06:31:09 AM [] []
[2026-01-18 06:36:04] SlimMonoLogger.INFO: Cron ran at: 18-01-2026 06:36:04 AM [] []
[2026-01-18 06:41:07] SlimMonoLogger.INFO: Cron ran at: 18-01-2026 06:41:07 AM [] []
[2026-01-18 06:46:04] SlimMonoLogger.INFO: Cron ran at: 18-01-2026 06:46:04 AM [] []
[2026-01-18 06:51:08] SlimMonoLogger.INFO: Cron ran at: 18-01-2026 06:51:08 AM [] []
[2026-01-18 06:56:02] SlimMonoLogger.INFO: Cron ran at: 18-01-2026 06:56:02 AM [] []
[2026-01-18 07:01:05] SlimMonoLogger.INFO: Cron ran at: 18-01-2026 07:01:05 AM [] []
[2026-01-18 07:06:06] SlimMonoLogger.INFO: Cron ran at: 18-01-2026 07:06:06 AM [] []
[2026-01-18 07:11:25] SlimMonoLogger.INFO: Cron ran at: 18-01-2026 07:11:25 AM [] []
[2026-01-18 07:16:05] SlimMonoLogger.INFO: Cron ran at: 18-01-2026 07:16:05 AM [] []
[2026-01-18 07:21:05] SlimMonoLogger.INFO: Cron ran at: 18-01-2026 07:21:05 AM [] []
[2026-01-18 07:26:07] SlimMonoLogger.INFO: Cron ran at: 18-01-2026 07:26:07 AM [] []
[2026-01-18 07:31:17] SlimMonoLogger.INFO: Cron ran at: 18-01-2026 07:31:17 AM [] []
[2026-01-18 07:36:04] SlimMonoLogger.INFO: Cron ran at: 18-01-2026 07:36:04 AM [] []
[2026-01-18 07:41:05] SlimMonoLogger.INFO: Cron ran at: 18-01-2026 07:41:05 AM [] []
[2026-01-18 07:46:04] SlimMonoLogger.INFO: Cron ran at: 18-01-2026 07:46:04 AM [] []
[2026-01-18 07:51:11] SlimMonoLogger.INFO: Cron ran at: 18-01-2026 07:51:11 AM [] []
[2026-01-18 07:56:01] SlimMonoLogger.INFO: Cron ran at: 18-01-2026 07:56:01 AM [] []
[2026-01-18 08:01:10] SlimMonoLogger.INFO: Cron ran at: 18-01-2026 08:01:10 AM [] []
[2026-01-18 08:06:02] SlimMonoLogger.INFO: Cron ran at: 18-01-2026 08:06:02 AM [] []
[2026-01-18 08:11:05] SlimMonoLogger.INFO: Cron ran at: 18-01-2026 08:11:05 AM [] []
[2026-01-18 08:16:03] SlimMonoLogger.INFO: Cron ran at: 18-01-2026 08:16:03 AM [] []
[2026-01-18 08:21:05] SlimMonoLogger.INFO: Cron ran at: 18-01-2026 08:21:05 AM [] []
[2026-01-18 08:26:03] SlimMonoLogger.INFO: Cron ran at: 18-01-2026 08:26:03 AM [] []
[2026-01-18 08:31:10] SlimMonoLogger.INFO: Cron ran at: 18-01-2026 08:31:10 AM [] []
[2026-01-18 08:36:09] SlimMonoLogger.INFO: Cron ran at: 18-01-2026 08:36:09 AM [] []
[2026-01-18 08:46:14] SlimMonoLogger.INFO: Cron ran at: 18-01-2026 08:46:14 AM [] []
[2026-01-18 08:51:04] SlimMonoLogger.INFO: Cron ran at: 18-01-2026 08:51:04 AM [] []
[2026-01-18 08:56:04] SlimMonoLogger.INFO: Cron ran at: 18-01-2026 08:56:04 AM [] []
[2026-01-18 09:06:14] SlimMonoLogger.INFO: Cron ran at: 18-01-2026 09:06:14 AM [] []
[2026-01-18 09:11:11] SlimMonoLogger.INFO: Cron ran at: 18-01-2026 09:11:11 AM [] []
[2026-01-18 09:16:13] SlimMonoLogger.INFO: Cron ran at: 18-01-2026 09:16:13 AM [] []
[2026-01-18 09:21:20] SlimMonoLogger.INFO: Cron ran at: 18-01-2026 09:21:20 AM [] []
[2026-01-18 09:26:10] SlimMonoLogger.INFO: Cron ran at: 18-01-2026 09:26:10 AM [] []
[2026-01-18 09:31:15] SlimMonoLogger.INFO: Cron ran at: 18-01-2026 09:31:15 AM [] []
[2026-01-18 09:36:08] SlimMonoLogger.INFO: Cron ran at: 18-01-2026 09:36:08 AM [] []
[2026-01-18 09:41:05] SlimMonoLogger.INFO: Cron ran at: 18-01-2026 09:41:05 AM [] []
[2026-01-18 09:46:04] SlimMonoLogger.INFO: Cron ran at: 18-01-2026 09:46:04 AM [] []
[2026-01-18 09:51:02] SlimMonoLogger.INFO: Cron ran at: 18-01-2026 09:51:02 AM [] []
[2026-01-18 09:56:08] SlimMonoLogger.INFO: Cron ran at: 18-01-2026 09:56:08 AM [] []
[2026-01-18 10:01:09] SlimMonoLogger.INFO: Cron ran at: 18-01-2026 10:01:09 AM [] []
[2026-01-18 10:06:09] SlimMonoLogger.INFO: Cron ran at: 18-01-2026 10:06:09 AM [] []
[2026-01-18 10:11:18] SlimMonoLogger.INFO: Cron ran at: 18-01-2026 10:11:18 AM [] []
[2026-01-18 10:16:12] SlimMonoLogger.INFO: Cron ran at: 18-01-2026 10:16:12 AM [] []
[2026-01-18 10:21:09] SlimMonoLogger.INFO: Cron ran at: 18-01-2026 10:21:09 AM [] []
[2026-01-18 10:26:14] SlimMonoLogger.INFO: Cron ran at: 18-01-2026 10:26:14 AM [] []
[2026-01-18 10:31:12] SlimMonoLogger.INFO: Cron ran at: 18-01-2026 10:31:12 AM [] []
[2026-01-18 10:36:16] SlimMonoLogger.INFO: Cron ran at: 18-01-2026 10:36:16 AM [] []
[2026-01-18 10:41:18] SlimMonoLogger.INFO: Cron ran at: 18-01-2026 10:41:18 AM [] []
[2026-01-18 10:46:07] SlimMonoLogger.INFO: Cron ran at: 18-01-2026 10:46:07 AM [] []
[2026-01-18 10:51:15] SlimMonoLogger.INFO: Cron ran at: 18-01-2026 10:51:15 AM [] []
[2026-01-18 10:56:05] SlimMonoLogger.INFO: Cron ran at: 18-01-2026 10:56:05 AM [] []
[2026-01-18 11:01:11] SlimMonoLogger.INFO: Cron ran at: 18-01-2026 11:01:11 AM [] []
[2026-01-18 11:06:14] SlimMonoLogger.INFO: Cron ran at: 18-01-2026 11:06:14 AM [] []
[2026-01-18 11:11:11] SlimMonoLogger.INFO: Cron ran at: 18-01-2026 11:11:11 AM [] []
[2026-01-18 11:16:12] SlimMonoLogger.INFO: Cron ran at: 18-01-2026 11:16:12 AM [] []
[2026-01-18 11:21:08] SlimMonoLogger.INFO: Cron ran at: 18-01-2026 11:21:08 AM [] []
[2026-01-18 11:26:13] SlimMonoLogger.INFO: Cron ran at: 18-01-2026 11:26:13 AM [] []
[2026-01-18 11:31:17] SlimMonoLogger.INFO: Cron ran at: 18-01-2026 11:31:17 AM [] []
[2026-01-18 11:36:14] SlimMonoLogger.INFO: Cron ran at: 18-01-2026 11:36:14 AM [] []
[2026-01-18 11:41:17] SlimMonoLogger.INFO: Cron ran at: 18-01-2026 11:41:17 AM [] []
[2026-01-18 11:46:14] SlimMonoLogger.INFO: Cron ran at: 18-01-2026 11:46:14 AM [] []
[2026-01-18 11:51:12] SlimMonoLogger.INFO: Cron ran at: 18-01-2026 11:51:12 AM [] []
[2026-01-18 11:56:07] SlimMonoLogger.INFO: Cron ran at: 18-01-2026 11:56:07 AM [] []
[2026-01-18 12:01:07] SlimMonoLogger.INFO: Cron ran at: 18-01-2026 12:01:07 PM [] []
[2026-01-18 12:06:09] SlimMonoLogger.INFO: Cron ran at: 18-01-2026 12:06:09 PM [] []
[2026-01-18 12:11:07] SlimMonoLogger.INFO: Cron ran at: 18-01-2026 12:11:07 PM [] []
[2026-01-18 12:16:12] SlimMonoLogger.INFO: Cron ran at: 18-01-2026 12:16:12 PM [] []
[2026-01-18 12:21:13] SlimMonoLogger.INFO: Cron ran at: 18-01-2026 12:21:13 PM [] []
[2026-01-18 12:26:09] SlimMonoLogger.INFO: Cron ran at: 18-01-2026 12:26:09 PM [] []
[2026-01-18 12:31:18] SlimMonoLogger.INFO: Cron ran at: 18-01-2026 12:31:18 PM [] []
[2026-01-18 12:36:13] SlimMonoLogger.INFO: Cron ran at: 18-01-2026 12:36:13 PM [] []
[2026-01-18 12:41:07] SlimMonoLogger.INFO: Cron ran at: 18-01-2026 12:41:07 PM [] []
[2026-01-18 12:46:09] SlimMonoLogger.INFO: Cron ran at: 18-01-2026 12:46:09 PM [] []
[2026-01-18 12:51:11] SlimMonoLogger.INFO: Cron ran at: 18-01-2026 12:51:11 PM [] []
[2026-01-18 12:56:14] SlimMonoLogger.INFO: Cron ran at: 18-01-2026 12:56:14 PM [] []
[2026-01-18 13:01:14] SlimMonoLogger.INFO: Cron ran at: 18-01-2026 01:01:14 PM [] []
[2026-01-18 13:06:14] SlimMonoLogger.INFO: Cron ran at: 18-01-2026 01:06:14 PM [] []
[2026-01-18 13:11:14] SlimMonoLogger.INFO: Cron ran at: 18-01-2026 01:11:14 PM [] []
[2026-01-18 13:16:17] SlimMonoLogger.INFO: Cron ran at: 18-01-2026 01:16:17 PM [] []
[2026-01-18 13:21:15] SlimMonoLogger.INFO: Cron ran at: 18-01-2026 01:21:15 PM [] []
[2026-01-18 13:26:10] SlimMonoLogger.INFO: Cron ran at: 18-01-2026 01:26:10 PM [] []
[2026-01-18 13:31:08] SlimMonoLogger.INFO: Cron ran at: 18-01-2026 01:31:08 PM [] []
[2026-01-18 13:36:07] SlimMonoLogger.INFO: Cron ran at: 18-01-2026 01:36:07 PM [] []
[2026-01-18 13:41:11] SlimMonoLogger.INFO: Cron ran at: 18-01-2026 01:41:11 PM [] []
[2026-01-18 13:46:17] SlimMonoLogger.INFO: Cron ran at: 18-01-2026 01:46:17 PM [] []
[2026-01-18 13:51:11] SlimMonoLogger.INFO: Cron ran at: 18-01-2026 01:51:11 PM [] []
[2026-01-18 13:56:10] SlimMonoLogger.INFO: Cron ran at: 18-01-2026 01:56:10 PM [] []
[2026-01-18 14:01:16] SlimMonoLogger.INFO: Cron ran at: 18-01-2026 02:01:16 PM [] []
[2026-01-18 14:06:08] SlimMonoLogger.INFO: Cron ran at: 18-01-2026 02:06:08 PM [] []
[2026-01-18 14:11:46] SlimMonoLogger.INFO: Cron ran at: 18-01-2026 02:11:46 PM [] []
[2026-01-18 14:16:16] SlimMonoLogger.INFO: Cron ran at: 18-01-2026 02:16:16 PM [] []
[2026-01-18 14:21:08] SlimMonoLogger.INFO: Cron ran at: 18-01-2026 02:21:08 PM [] []
[2026-01-18 14:26:14] SlimMonoLogger.INFO: Cron ran at: 18-01-2026 02:26:14 PM [] []
[2026-01-18 14:31:14] SlimMonoLogger.INFO: Cron ran at: 18-01-2026 02:31:14 PM [] []
[2026-01-18 14:36:15] SlimMonoLogger.INFO: Cron ran at: 18-01-2026 02:36:15 PM [] []
[2026-01-18 14:41:07] SlimMonoLogger.INFO: Cron ran at: 18-01-2026 02:41:07 PM [] []
[2026-01-18 14:46:11] SlimMonoLogger.INFO: Cron ran at: 18-01-2026 02:46:11 PM [] []
[2026-01-18 14:51:09] SlimMonoLogger.INFO: Cron ran at: 18-01-2026 02:51:09 PM [] []
[2026-01-18 14:56:06] SlimMonoLogger.INFO: Cron ran at: 18-01-2026 02:56:06 PM [] []
[2026-01-18 15:01:13] SlimMonoLogger.INFO: Cron ran at: 18-01-2026 03:01:13 PM [] []
[2026-01-18 15:06:17] SlimMonoLogger.INFO: Cron ran at: 18-01-2026 03:06:17 PM [] []
[2026-01-18 15:11:11] SlimMonoLogger.INFO: Cron ran at: 18-01-2026 03:11:11 PM [] []
[2026-01-18 15:16:13] SlimMonoLogger.INFO: Cron ran at: 18-01-2026 03:16:13 PM [] []
[2026-01-18 15:21:16] SlimMonoLogger.INFO: Cron ran at: 18-01-2026 03:21:16 PM [] []
[2026-01-18 15:26:12] SlimMonoLogger.INFO: Cron ran at: 18-01-2026 03:26:12 PM [] []
[2026-01-18 15:31:11] SlimMonoLogger.INFO: Cron ran at: 18-01-2026 03:31:11 PM [] []
[2026-01-18 15:36:10] SlimMonoLogger.INFO: Cron ran at: 18-01-2026 03:36:10 PM [] []
[2026-01-18 15:41:09] SlimMonoLogger.INFO: Cron ran at: 18-01-2026 03:41:09 PM [] []
[2026-01-18 15:46:07] SlimMonoLogger.INFO: Cron ran at: 18-01-2026 03:46:07 PM [] []
[2026-01-18 15:51:06] SlimMonoLogger.INFO: Cron ran at: 18-01-2026 03:51:06 PM [] []
[2026-01-18 15:56:11] SlimMonoLogger.INFO: Cron ran at: 18-01-2026 03:56:11 PM [] []
[2026-01-18 16:01:14] SlimMonoLogger.INFO: Cron ran at: 18-01-2026 04:01:14 PM [] []
[2026-01-18 16:06:09] SlimMonoLogger.INFO: Cron ran at: 18-01-2026 04:06:09 PM [] []
[2026-01-18 16:11:10] SlimMonoLogger.INFO: Cron ran at: 18-01-2026 04:11:10 PM [] []
[2026-01-18 16:16:18] SlimMonoLogger.INFO: Cron ran at: 18-01-2026 04:16:18 PM [] []
[2026-01-18 16:21:10] SlimMonoLogger.INFO: Cron ran at: 18-01-2026 04:21:10 PM [] []
[2026-01-18 16:26:11] SlimMonoLogger.INFO: Cron ran at: 18-01-2026 04:26:11 PM [] []
[2026-01-18 16:31:13] SlimMonoLogger.INFO: Cron ran at: 18-01-2026 04:31:13 PM [] []
[2026-01-18 16:36:08] SlimMonoLogger.INFO: Cron ran at: 18-01-2026 04:36:08 PM [] []
[2026-01-18 16:41:09] SlimMonoLogger.INFO: Cron ran at: 18-01-2026 04:41:09 PM [] []
[2026-01-18 16:46:06] SlimMonoLogger.INFO: Cron ran at: 18-01-2026 04:46:06 PM [] []
[2026-01-18 16:51:19] SlimMonoLogger.INFO: Cron ran at: 18-01-2026 04:51:19 PM [] []
[2026-01-18 16:56:04] SlimMonoLogger.INFO: Cron ran at: 18-01-2026 04:56:04 PM [] []
[2026-01-18 17:01:13] SlimMonoLogger.INFO: Cron ran at: 18-01-2026 05:01:13 PM [] []
[2026-01-18 17:06:12] SlimMonoLogger.INFO: Cron ran at: 18-01-2026 05:06:12 PM [] []
[2026-01-18 17:11:11] SlimMonoLogger.INFO: Cron ran at: 18-01-2026 05:11:11 PM [] []
[2026-01-18 17:16:15] SlimMonoLogger.INFO: Cron ran at: 18-01-2026 05:16:15 PM [] []
[2026-01-18 17:21:12] SlimMonoLogger.INFO: Cron ran at: 18-01-2026 05:21:12 PM [] []
[2026-01-18 17:26:09] SlimMonoLogger.INFO: Cron ran at: 18-01-2026 05:26:09 PM [] []
[2026-01-18 17:31:15] SlimMonoLogger.INFO: Cron ran at: 18-01-2026 05:31:15 PM [] []
[2026-01-18 17:36:09] SlimMonoLogger.INFO: Cron ran at: 18-01-2026 05:36:09 PM [] []
[2026-01-18 17:41:15] SlimMonoLogger.INFO: Cron ran at: 18-01-2026 05:41:15 PM [] []
[2026-01-18 17:46:10] SlimMonoLogger.INFO: Cron ran at: 18-01-2026 05:46:10 PM [] []
[2026-01-18 17:51:08] SlimMonoLogger.INFO: Cron ran at: 18-01-2026 05:51:08 PM [] []
[2026-01-18 17:56:06] SlimMonoLogger.INFO: Cron ran at: 18-01-2026 05:56:06 PM [] []
[2026-01-18 18:01:13] SlimMonoLogger.INFO: Cron ran at: 18-01-2026 06:01:13 PM [] []
[2026-01-18 18:06:09] SlimMonoLogger.INFO: Cron ran at: 18-01-2026 06:06:09 PM [] []
[2026-01-18 18:11:17] SlimMonoLogger.INFO: Cron ran at: 18-01-2026 06:11:17 PM [] []
[2026-01-18 18:16:20] SlimMonoLogger.INFO: Cron ran at: 18-01-2026 06:16:20 PM [] []
[2026-01-18 18:21:27] SlimMonoLogger.INFO: Cron ran at: 18-01-2026 06:21:27 PM [] []
[2026-01-18 18:26:09] SlimMonoLogger.INFO: Cron ran at: 18-01-2026 06:26:09 PM [] []
[2026-01-18 18:31:19] SlimMonoLogger.INFO: Cron ran at: 18-01-2026 06:31:19 PM [] []
[2026-01-18 18:36:11] SlimMonoLogger.INFO: Cron ran at: 18-01-2026 06:36:11 PM [] []
[2026-01-18 18:41:12] SlimMonoLogger.INFO: Cron ran at: 18-01-2026 06:41:12 PM [] []
[2026-01-18 18:46:24] SlimMonoLogger.INFO: Cron ran at: 18-01-2026 06:46:24 PM [] []
[2026-01-18 18:51:08] SlimMonoLogger.INFO: Cron ran at: 18-01-2026 06:51:08 PM [] []
[2026-01-18 18:56:10] SlimMonoLogger.INFO: Cron ran at: 18-01-2026 06:56:10 PM [] []
[2026-01-18 19:01:15] SlimMonoLogger.INFO: Cron ran at: 18-01-2026 07:01:15 PM [] []
[2026-01-18 19:06:14] SlimMonoLogger.INFO: Cron ran at: 18-01-2026 07:06:14 PM [] []
[2026-01-18 19:11:12] SlimMonoLogger.INFO: Cron ran at: 18-01-2026 07:11:12 PM [] []
[2026-01-18 19:16:09] SlimMonoLogger.INFO: Cron ran at: 18-01-2026 07:16:09 PM [] []
[2026-01-18 19:21:10] SlimMonoLogger.INFO: Cron ran at: 18-01-2026 07:21:10 PM [] []
[2026-01-18 19:26:06] SlimMonoLogger.INFO: Cron ran at: 18-01-2026 07:26:06 PM [] []
[2026-01-18 19:31:15] SlimMonoLogger.INFO: Cron ran at: 18-01-2026 07:31:15 PM [] []
[2026-01-18 19:36:09] SlimMonoLogger.INFO: Cron ran at: 18-01-2026 07:36:09 PM [] []
[2026-01-18 19:41:07] SlimMonoLogger.INFO: Cron ran at: 18-01-2026 07:41:07 PM [] []
[2026-01-18 19:46:15] SlimMonoLogger.INFO: Cron ran at: 18-01-2026 07:46:15 PM [] []
[2026-01-18 19:51:08] SlimMonoLogger.INFO: Cron ran at: 18-01-2026 07:51:08 PM [] []
[2026-01-18 19:56:12] SlimMonoLogger.INFO: Cron ran at: 18-01-2026 07:56:12 PM [] []
[2026-01-18 20:01:15] SlimMonoLogger.INFO: Cron ran at: 18-01-2026 08:01:15 PM [] []
[2026-01-18 20:06:10] SlimMonoLogger.INFO: Cron ran at: 18-01-2026 08:06:10 PM [] []
[2026-01-18 20:11:15] SlimMonoLogger.INFO: Cron ran at: 18-01-2026 08:11:15 PM [] []
[2026-01-18 20:16:21] SlimMonoLogger.INFO: Cron ran at: 18-01-2026 08:16:21 PM [] []
[2026-01-18 20:21:25] SlimMonoLogger.INFO: Cron ran at: 18-01-2026 08:21:25 PM [] []
[2026-01-18 20:26:14] SlimMonoLogger.INFO: Cron ran at: 18-01-2026 08:26:14 PM [] []
[2026-01-18 20:31:31] SlimMonoLogger.INFO: Cron ran at: 18-01-2026 08:31:31 PM [] []
[2026-01-18 20:36:13] SlimMonoLogger.INFO: Cron ran at: 18-01-2026 08:36:13 PM [] []
[2026-01-18 20:41:10] SlimMonoLogger.INFO: Cron ran at: 18-01-2026 08:41:10 PM [] []
[2026-01-18 20:46:11] SlimMonoLogger.INFO: Cron ran at: 18-01-2026 08:46:11 PM [] []
[2026-01-18 20:51:09] SlimMonoLogger.INFO: Cron ran at: 18-01-2026 08:51:09 PM [] []
[2026-01-18 20:56:08] SlimMonoLogger.INFO: Cron ran at: 18-01-2026 08:56:08 PM [] []
[2026-01-18 21:01:13] SlimMonoLogger.INFO: Cron ran at: 18-01-2026 09:01:13 PM [] []
[2026-01-18 21:06:12] SlimMonoLogger.INFO: Cron ran at: 18-01-2026 09:06:12 PM [] []
[2026-01-18 21:11:09] SlimMonoLogger.INFO: Cron ran at: 18-01-2026 09:11:09 PM [] []
[2026-01-18 21:16:14] SlimMonoLogger.INFO: Cron ran at: 18-01-2026 09:16:14 PM [] []
[2026-01-18 21:21:20] SlimMonoLogger.INFO: Cron ran at: 18-01-2026 09:21:20 PM [] []
[2026-01-18 21:26:09] SlimMonoLogger.INFO: Cron ran at: 18-01-2026 09:26:09 PM [] []
[2026-01-18 21:31:10] SlimMonoLogger.INFO: Cron ran at: 18-01-2026 09:31:10 PM [] []
[2026-01-18 21:36:21] SlimMonoLogger.INFO: Cron ran at: 18-01-2026 09:36:21 PM [] []
[2026-01-18 21:41:08] SlimMonoLogger.INFO: Cron ran at: 18-01-2026 09:41:08 PM [] []
[2026-01-18 21:51:10] SlimMonoLogger.INFO: Cron ran at: 18-01-2026 09:51:10 PM [] []
[2026-01-18 21:54:16] SlimMonoLogger.ERROR: Requests_Exception: cURL error 28: Operation timed out after 500001 milliseconds with 15824 bytes received in /home/latihtal/public_html/agregator1/src/vendor/rmccue/requests/library/Requests/Transport/cURL.php:422
Stack trace:
#0 /home/latihtal/public_html/agregator1/src/vendor/rmccue/requests/library/Requests/Transport/cURL.php(177): Requests_Transport_cURL->process_response()
#1 /home/latihtal/public_html/agregator1/src/vendor/rmccue/requests/library/Requests.php(379): Requests_Transport_cURL->request()
#2 /home/latihtal/public_html/agregator1/src/vendor/rmccue/requests/library/Requests/Session.php(205): Requests::request()
#3 /home/latihtal/public_html/agregator1/src/vendor/rmccue/requests/library/Requests/Session.php(132): Requests_Session->request()
#4 /home/latihtal/public_html/agregator1/src/drivers/Http/RssImporter.php(144): Requests_Session->get()
#5 /home/latihtal/public_html/agregator1/src/controllers/Dashboard/DashboardFeedsController.php(534): spark\drivers\Http\RssImporter->fetchPosts()
#6 /home/latihtal/public_html/agregator1/src/controllers/Site/SiteController.php(722): spark\controllers\Dashboard\DashboardFeedsController::importFeedPosts()
#7 [internal function]: spark\controllers\Site\SiteController->runTasks()
#8 /home/latihtal/public_html/agregator1/src/framework/Route.php(173): call_user_func_array()
#9 [internal function]: Slim\Route->Slim\{closure}()
#10 /home/latihtal/public_html/agregator1/src/framework/Route.php(468): call_user_func_array()
#11 /home/latihtal/public_html/agregator1/src/framework/Slim.php(1364): Slim\Route->dispatch()
#12 /home/latihtal/public_html/agregator1/src/framework/Middleware/Flash.php(85): Slim\Slim->call()
#13 /home/latihtal/public_html/agregator1/src/framework/Middleware/MethodOverride.php(92): Slim\Middleware\Flash->call()
#14 /home/latihtal/public_html/agregator1/src/middlewares/CsrfGuard/CsrfGuard.php(47): Slim\Middleware\MethodOverride->call()
#15 /home/latihtal/public_html/agregator1/src/framework/Middleware/PrettyExceptions.php(67): spark\middlewares\CsrfGuard\CsrfGuard->call()
#16 /home/latihtal/public_html/agregator1/src/framework/Slim.php(1308): Slim\Middleware\PrettyExceptions->call()
#17 /home/latihtal/public_html/agregator1/index.php(6): Slim\Slim->run()
#18 {main} [] []
[2026-01-18 21:54:41] SlimMonoLogger.INFO: Cron ran at: 18-01-2026 09:54:41 PM [] []
[2026-01-18 21:56:14] SlimMonoLogger.INFO: Cron ran at: 18-01-2026 09:56:14 PM [] []
[2026-01-18 22:01:22] SlimMonoLogger.INFO: Cron ran at: 18-01-2026 10:01:22 PM [] []
[2026-01-18 22:06:38] SlimMonoLogger.INFO: Cron ran at: 18-01-2026 10:06:38 PM [] []
[2026-01-18 22:11:12] SlimMonoLogger.INFO: Cron ran at: 18-01-2026 10:11:12 PM [] []
[2026-01-18 22:16:24] SlimMonoLogger.INFO: Cron ran at: 18-01-2026 10:16:24 PM [] []
[2026-01-18 22:21:37] SlimMonoLogger.INFO: Cron ran at: 18-01-2026 10:21:37 PM [] []
[2026-01-18 22:26:15] SlimMonoLogger.INFO: Cron ran at: 18-01-2026 10:26:15 PM [] []
[2026-01-18 22:31:29] SlimMonoLogger.INFO: Cron ran at: 18-01-2026 10:31:29 PM [] []
[2026-01-18 22:36:33] SlimMonoLogger.INFO: Cron ran at: 18-01-2026 10:36:33 PM [] []
[2026-01-18 22:41:10] SlimMonoLogger.INFO: Cron ran at: 18-01-2026 10:41:10 PM [] []
[2026-01-18 22:46:11] SlimMonoLogger.INFO: Cron ran at: 18-01-2026 10:46:11 PM [] []
[2026-01-18 22:51:11] SlimMonoLogger.INFO: Cron ran at: 18-01-2026 10:51:11 PM [] []
[2026-01-18 22:56:10] SlimMonoLogger.INFO: Cron ran at: 18-01-2026 10:56:10 PM [] []
[2026-01-18 23:01:15] SlimMonoLogger.INFO: Cron ran at: 18-01-2026 11:01:15 PM [] []
[2026-01-18 23:06:20] SlimMonoLogger.INFO: Cron ran at: 18-01-2026 11:06:20 PM [] []
[2026-01-18 23:11:16] SlimMonoLogger.INFO: Cron ran at: 18-01-2026 11:11:16 PM [] []
[2026-01-18 23:16:16] SlimMonoLogger.INFO: Cron ran at: 18-01-2026 11:16:16 PM [] []
[2026-01-18 23:21:12] SlimMonoLogger.INFO: Cron ran at: 18-01-2026 11:21:12 PM [] []
[2026-01-18 23:26:09] SlimMonoLogger.INFO: Cron ran at: 18-01-2026 11:26:09 PM [] []
[2026-01-18 23:31:12] SlimMonoLogger.INFO: Cron ran at: 18-01-2026 11:31:12 PM [] []
[2026-01-18 23:36:07] SlimMonoLogger.INFO: Cron ran at: 18-01-2026 11:36:07 PM [] []
[2026-01-18 23:41:12] SlimMonoLogger.INFO: Cron ran at: 18-01-2026 11:41:12 PM [] []
[2026-01-18 23:46:11] SlimMonoLogger.INFO: Cron ran at: 18-01-2026 11:46:11 PM [] []
[2026-01-18 23:51:13] SlimMonoLogger.INFO: Cron ran at: 18-01-2026 11:51:13 PM [] []
[2026-01-18 23:56:10] SlimMonoLogger.INFO: Cron ran at: 18-01-2026 11:56:10 PM [] []
[2026-01-19 00:01:10] SlimMonoLogger.INFO: Cron ran at: 19-01-2026 12:01:10 AM [] []
[2026-01-19 00:06:07] SlimMonoLogger.INFO: Cron ran at: 19-01-2026 12:06:07 AM [] []
[2026-01-19 00:11:10] SlimMonoLogger.INFO: Cron ran at: 19-01-2026 12:11:10 AM [] []
[2026-01-19 00:16:07] SlimMonoLogger.INFO: Cron ran at: 19-01-2026 12:16:07 AM [] []
[2026-01-19 00:21:12] SlimMonoLogger.INFO: Cron ran at: 19-01-2026 12:21:12 AM [] []
[2026-01-19 00:26:10] SlimMonoLogger.INFO: Cron ran at: 19-01-2026 12:26:10 AM [] []
[2026-01-19 00:31:16] SlimMonoLogger.INFO: Cron ran at: 19-01-2026 12:31:16 AM [] []
[2026-01-19 00:36:07] SlimMonoLogger.INFO: Cron ran at: 19-01-2026 12:36:07 AM [] []
[2026-01-19 00:41:10] SlimMonoLogger.INFO: Cron ran at: 19-01-2026 12:41:10 AM [] []
[2026-01-19 00:46:12] SlimMonoLogger.INFO: Cron ran at: 19-01-2026 12:46:12 AM [] []
[2026-01-19 00:51:09] SlimMonoLogger.INFO: Cron ran at: 19-01-2026 12:51:09 AM [] []
[2026-01-19 00:56:09] SlimMonoLogger.INFO: Cron ran at: 19-01-2026 12:56:09 AM [] []
