[2025-08-19 02:00:56] SlimMonoLogger.INFO: Cron ran at: 19-08-2025 02:00:56 AM [] []
[2025-08-19 02:05:35] SlimMonoLogger.INFO: Cron ran at: 19-08-2025 02:05:35 AM [] []
[2025-08-19 02:10:33] SlimMonoLogger.INFO: Cron ran at: 19-08-2025 02:10:33 AM [] []
[2025-08-19 02:15:32] SlimMonoLogger.INFO: Cron ran at: 19-08-2025 02:15:32 AM [] []
[2025-08-19 02:20:32] SlimMonoLogger.INFO: Cron ran at: 19-08-2025 02:20:32 AM [] []
[2025-08-19 02:25:35] SlimMonoLogger.INFO: Cron ran at: 19-08-2025 02:25:35 AM [] []
[2025-08-19 02:30:34] SlimMonoLogger.INFO: Cron ran at: 19-08-2025 02:30:34 AM [] []
[2025-08-19 02:35:34] SlimMonoLogger.INFO: Cron ran at: 19-08-2025 02:35:34 AM [] []
[2025-08-19 02:40:33] SlimMonoLogger.INFO: Cron ran at: 19-08-2025 02:40:33 AM [] []
[2025-08-19 02:45:35] SlimMonoLogger.INFO: Cron ran at: 19-08-2025 02:45:35 AM [] []
[2025-08-19 02:50:46] SlimMonoLogger.INFO: Cron ran at: 19-08-2025 02:50:46 AM [] []
[2025-08-19 02:55:26] SlimMonoLogger.INFO: Cron ran at: 19-08-2025 02:55:26 AM [] []
[2025-08-19 03:00:37] SlimMonoLogger.INFO: Cron ran at: 19-08-2025 03:00:37 AM [] []
[2025-08-19 03:05:28] SlimMonoLogger.INFO: Cron ran at: 19-08-2025 03:05:28 AM [] []
[2025-08-19 03:10:29] SlimMonoLogger.INFO: Cron ran at: 19-08-2025 03:10:29 AM [] []
[2025-08-19 03:15:28] SlimMonoLogger.INFO: Cron ran at: 19-08-2025 03:15:28 AM [] []
[2025-08-19 03:20:32] SlimMonoLogger.INFO: Cron ran at: 19-08-2025 03:20:32 AM [] []
[2025-08-19 03:25:29] SlimMonoLogger.INFO: Cron ran at: 19-08-2025 03:25:29 AM [] []
[2025-08-19 03:30:29] SlimMonoLogger.INFO: Cron ran at: 19-08-2025 03:30:29 AM [] []
[2025-08-19 03:35:29] SlimMonoLogger.INFO: Cron ran at: 19-08-2025 03:35:29 AM [] []
[2025-08-19 03:40:27] SlimMonoLogger.INFO: Cron ran at: 19-08-2025 03:40:27 AM [] []
[2025-08-19 03:45:29] SlimMonoLogger.INFO: Cron ran at: 19-08-2025 03:45:29 AM [] []
[2025-08-19 03:50:26] SlimMonoLogger.INFO: Cron ran at: 19-08-2025 03:50:26 AM [] []
[2025-08-19 03:55:30] SlimMonoLogger.INFO: Cron ran at: 19-08-2025 03:55:30 AM [] []
[2025-08-19 04:00:32] SlimMonoLogger.INFO: Cron ran at: 19-08-2025 04:00:32 AM [] []
[2025-08-19 04:05:32] SlimMonoLogger.INFO: Cron ran at: 19-08-2025 04:05:32 AM [] []
[2025-08-19 04:10:33] SlimMonoLogger.INFO: Cron ran at: 19-08-2025 04:10:33 AM [] []
[2025-08-19 04:15:32] SlimMonoLogger.INFO: Cron ran at: 19-08-2025 04:15:32 AM [] []
[2025-08-19 04:20:38] SlimMonoLogger.INFO: Cron ran at: 19-08-2025 04:20:38 AM [] []
[2025-08-19 04:25:33] SlimMonoLogger.INFO: Cron ran at: 19-08-2025 04:25:33 AM [] []
[2025-08-19 04:30:28] SlimMonoLogger.INFO: Cron ran at: 19-08-2025 04:30:28 AM [] []
[2025-08-19 04:35:31] SlimMonoLogger.INFO: Cron ran at: 19-08-2025 04:35:31 AM [] []
[2025-08-19 04:40:35] SlimMonoLogger.INFO: Cron ran at: 19-08-2025 04:40:35 AM [] []
[2025-08-19 04:45:38] SlimMonoLogger.INFO: Cron ran at: 19-08-2025 04:45:38 AM [] []
[2025-08-19 04:50:27] SlimMonoLogger.INFO: Cron ran at: 19-08-2025 04:50:27 AM [] []
[2025-08-19 04:55:30] SlimMonoLogger.INFO: Cron ran at: 19-08-2025 04:55:30 AM [] []
[2025-08-19 05:00:43] SlimMonoLogger.INFO: Cron ran at: 19-08-2025 05:00:43 AM [] []
[2025-08-19 05:05:33] SlimMonoLogger.INFO: Cron ran at: 19-08-2025 05:05:33 AM [] []
[2025-08-19 05:10:27] SlimMonoLogger.INFO: Cron ran at: 19-08-2025 05:10:27 AM [] []
[2025-08-19 05:15:31] SlimMonoLogger.INFO: Cron ran at: 19-08-2025 05:15:31 AM [] []
[2025-08-19 05:20:28] SlimMonoLogger.INFO: Cron ran at: 19-08-2025 05:20:28 AM [] []
[2025-08-19 05:25:29] SlimMonoLogger.INFO: Cron ran at: 19-08-2025 05:25:29 AM [] []
[2025-08-19 05:30:29] SlimMonoLogger.INFO: Cron ran at: 19-08-2025 05:30:29 AM [] []
[2025-08-19 05:35:30] SlimMonoLogger.INFO: Cron ran at: 19-08-2025 05:35:30 AM [] []
[2025-08-19 05:40:29] SlimMonoLogger.INFO: Cron ran at: 19-08-2025 05:40:29 AM [] []
[2025-08-19 05:45:29] SlimMonoLogger.INFO: Cron ran at: 19-08-2025 05:45:29 AM [] []
[2025-08-19 05:50:34] SlimMonoLogger.INFO: Cron ran at: 19-08-2025 05:50:34 AM [] []
[2025-08-19 05:55:30] SlimMonoLogger.INFO: Cron ran at: 19-08-2025 05:55:30 AM [] []
[2025-08-19 06:00:35] SlimMonoLogger.INFO: Cron ran at: 19-08-2025 06:00:35 AM [] []
[2025-08-19 06:05:28] SlimMonoLogger.INFO: Cron ran at: 19-08-2025 06:05:28 AM [] []
[2025-08-19 06:10:29] SlimMonoLogger.INFO: Cron ran at: 19-08-2025 06:10:29 AM [] []
[2025-08-19 06:15:34] SlimMonoLogger.INFO: Cron ran at: 19-08-2025 06:15:34 AM [] []
[2025-08-19 06:20:31] SlimMonoLogger.INFO: Cron ran at: 19-08-2025 06:20:31 AM [] []
[2025-08-19 06:25:28] SlimMonoLogger.INFO: Cron ran at: 19-08-2025 06:25:28 AM [] []
[2025-08-19 06:30:47] SlimMonoLogger.INFO: Cron ran at: 19-08-2025 06:30:47 AM [] []
[2025-08-19 06:35:30] SlimMonoLogger.INFO: Cron ran at: 19-08-2025 06:35:30 AM [] []
[2025-08-19 06:40:39] SlimMonoLogger.INFO: Cron ran at: 19-08-2025 06:40:39 AM [] []
[2025-08-19 06:45:30] SlimMonoLogger.INFO: Cron ran at: 19-08-2025 06:45:30 AM [] []
[2025-08-19 06:50:32] SlimMonoLogger.INFO: Cron ran at: 19-08-2025 06:50:32 AM [] []
[2025-08-19 06:55:30] SlimMonoLogger.INFO: Cron ran at: 19-08-2025 06:55:30 AM [] []
[2025-08-19 07:00:27] SlimMonoLogger.INFO: Cron ran at: 19-08-2025 07:00:27 AM [] []
[2025-08-19 07:05:27] SlimMonoLogger.INFO: Cron ran at: 19-08-2025 07:05:27 AM [] []
[2025-08-19 07:10:28] SlimMonoLogger.INFO: Cron ran at: 19-08-2025 07:10:28 AM [] []
[2025-08-19 07:15:28] SlimMonoLogger.INFO: Cron ran at: 19-08-2025 07:15:28 AM [] []
[2025-08-19 07:20:27] SlimMonoLogger.INFO: Cron ran at: 19-08-2025 07:20:27 AM [] []
[2025-08-19 07:25:31] SlimMonoLogger.INFO: Cron ran at: 19-08-2025 07:25:31 AM [] []
[2025-08-19 07:30:31] SlimMonoLogger.INFO: Cron ran at: 19-08-2025 07:30:31 AM [] []
[2025-08-19 07:35:28] SlimMonoLogger.INFO: Cron ran at: 19-08-2025 07:35:28 AM [] []
[2025-08-19 07:40:34] SlimMonoLogger.INFO: Cron ran at: 19-08-2025 07:40:34 AM [] []
[2025-08-19 07:45:28] SlimMonoLogger.INFO: Cron ran at: 19-08-2025 07:45:28 AM [] []
[2025-08-19 07:50:29] SlimMonoLogger.INFO: Cron ran at: 19-08-2025 07:50:29 AM [] []
[2025-08-19 07:55:29] SlimMonoLogger.INFO: Cron ran at: 19-08-2025 07:55:29 AM [] []
[2025-08-19 08:00:35] SlimMonoLogger.INFO: Cron ran at: 19-08-2025 08:00:35 AM [] []
[2025-08-19 08:05:30] SlimMonoLogger.INFO: Cron ran at: 19-08-2025 08:05:30 AM [] []
[2025-08-19 08:10:32] SlimMonoLogger.INFO: Cron ran at: 19-08-2025 08:10:32 AM [] []
[2025-08-19 08:15:35] SlimMonoLogger.INFO: Cron ran at: 19-08-2025 08:15:35 AM [] []
[2025-08-19 08:20:34] SlimMonoLogger.INFO: Cron ran at: 19-08-2025 08:20:34 AM [] []
[2025-08-19 08:25:33] SlimMonoLogger.INFO: Cron ran at: 19-08-2025 08:25:33 AM [] []
[2025-08-19 08:30:45] SlimMonoLogger.INFO: Cron ran at: 19-08-2025 08:30:45 AM [] []
[2025-08-19 08:36:07] SlimMonoLogger.INFO: Cron ran at: 19-08-2025 08:36:07 AM [] []
[2025-08-19 08:40:33] SlimMonoLogger.INFO: Cron ran at: 19-08-2025 08:40:33 AM [] []
[2025-08-19 08:45:44] SlimMonoLogger.INFO: Cron ran at: 19-08-2025 08:45:44 AM [] []
[2025-08-19 08:50:46] SlimMonoLogger.INFO: Cron ran at: 19-08-2025 08:50:46 AM [] []
[2025-08-19 08:55:59] SlimMonoLogger.INFO: Cron ran at: 19-08-2025 08:55:59 AM [] []
[2025-08-19 09:00:51] SlimMonoLogger.INFO: Cron ran at: 19-08-2025 09:00:51 AM [] []
[2025-08-19 09:05:46] SlimMonoLogger.INFO: Cron ran at: 19-08-2025 09:05:46 AM [] []
[2025-08-19 09:10:46] SlimMonoLogger.INFO: Cron ran at: 19-08-2025 09:10:46 AM [] []
[2025-08-19 09:15:42] SlimMonoLogger.INFO: Cron ran at: 19-08-2025 09:15:42 AM [] []
[2025-08-19 09:20:36] SlimMonoLogger.INFO: Cron ran at: 19-08-2025 09:20:36 AM [] []
[2025-08-19 09:25:39] SlimMonoLogger.INFO: Cron ran at: 19-08-2025 09:25:39 AM [] []
[2025-08-19 09:30:35] SlimMonoLogger.INFO: Cron ran at: 19-08-2025 09:30:35 AM [] []
[2025-08-19 09:35:35] SlimMonoLogger.INFO: Cron ran at: 19-08-2025 09:35:35 AM [] []
[2025-08-19 09:40:33] SlimMonoLogger.INFO: Cron ran at: 19-08-2025 09:40:33 AM [] []
[2025-08-19 09:45:39] SlimMonoLogger.INFO: Cron ran at: 19-08-2025 09:45:39 AM [] []
[2025-08-19 09:50:39] SlimMonoLogger.INFO: Cron ran at: 19-08-2025 09:50:39 AM [] []
[2025-08-19 09:55:36] SlimMonoLogger.INFO: Cron ran at: 19-08-2025 09:55:36 AM [] []
[2025-08-19 10:00:36] SlimMonoLogger.INFO: Cron ran at: 19-08-2025 10:00:36 AM [] []
[2025-08-19 10:05:34] SlimMonoLogger.INFO: Cron ran at: 19-08-2025 10:05:34 AM [] []
[2025-08-19 10:10:36] SlimMonoLogger.INFO: Cron ran at: 19-08-2025 10:10:36 AM [] []
[2025-08-19 10:15:31] SlimMonoLogger.INFO: Cron ran at: 19-08-2025 10:15:31 AM [] []
[2025-08-19 10:20:35] SlimMonoLogger.INFO: Cron ran at: 19-08-2025 10:20:35 AM [] []
[2025-08-19 10:25:33] SlimMonoLogger.INFO: Cron ran at: 19-08-2025 10:25:33 AM [] []
[2025-08-19 10:30:46] SlimMonoLogger.INFO: Cron ran at: 19-08-2025 10:30:46 AM [] []
[2025-08-19 10:35:56] SlimMonoLogger.INFO: Cron ran at: 19-08-2025 10:35:56 AM [] []
[2025-08-19 10:40:39] SlimMonoLogger.INFO: Cron ran at: 19-08-2025 10:40:39 AM [] []
[2025-08-19 10:45:32] SlimMonoLogger.INFO: Cron ran at: 19-08-2025 10:45:32 AM [] []
[2025-08-19 10:50:35] SlimMonoLogger.INFO: Cron ran at: 19-08-2025 10:50:35 AM [] []
[2025-08-19 10:55:39] SlimMonoLogger.INFO: Cron ran at: 19-08-2025 10:55:39 AM [] []
[2025-08-19 11:00:37] SlimMonoLogger.INFO: Cron ran at: 19-08-2025 11:00:37 AM [] []
[2025-08-19 11:05:38] SlimMonoLogger.INFO: Cron ran at: 19-08-2025 11:05:38 AM [] []
[2025-08-19 11:10:40] SlimMonoLogger.INFO: Cron ran at: 19-08-2025 11:10:40 AM [] []
[2025-08-19 11:15:37] SlimMonoLogger.INFO: Cron ran at: 19-08-2025 11:15:37 AM [] []
[2025-08-19 11:20:38] SlimMonoLogger.INFO: Cron ran at: 19-08-2025 11:20:38 AM [] []
[2025-08-19 11:25:32] SlimMonoLogger.INFO: Cron ran at: 19-08-2025 11:25:32 AM [] []
[2025-08-19 11:30:32] SlimMonoLogger.INFO: Cron ran at: 19-08-2025 11:30:32 AM [] []
[2025-08-19 11:35:35] SlimMonoLogger.INFO: Cron ran at: 19-08-2025 11:35:35 AM [] []
[2025-08-19 11:40:40] SlimMonoLogger.INFO: Cron ran at: 19-08-2025 11:40:40 AM [] []
[2025-08-19 11:45:39] SlimMonoLogger.INFO: Cron ran at: 19-08-2025 11:45:39 AM [] []
[2025-08-19 11:50:36] SlimMonoLogger.INFO: Cron ran at: 19-08-2025 11:50:36 AM [] []
[2025-08-19 11:55:35] SlimMonoLogger.INFO: Cron ran at: 19-08-2025 11:55:35 AM [] []
[2025-08-19 12:00:38] SlimMonoLogger.INFO: Cron ran at: 19-08-2025 12:00:38 PM [] []
[2025-08-19 12:05:42] SlimMonoLogger.INFO: Cron ran at: 19-08-2025 12:05:42 PM [] []
[2025-08-19 12:10:37] SlimMonoLogger.INFO: Cron ran at: 19-08-2025 12:10:37 PM [] []
[2025-08-19 12:15:34] SlimMonoLogger.INFO: Cron ran at: 19-08-2025 12:15:34 PM [] []
[2025-08-19 12:20:32] SlimMonoLogger.INFO: Cron ran at: 19-08-2025 12:20:32 PM [] []
[2025-08-19 12:25:35] SlimMonoLogger.INFO: Cron ran at: 19-08-2025 12:25:35 PM [] []
[2025-08-19 12:30:41] SlimMonoLogger.INFO: Cron ran at: 19-08-2025 12:30:41 PM [] []
[2025-08-19 12:35:37] SlimMonoLogger.INFO: Cron ran at: 19-08-2025 12:35:37 PM [] []
[2025-08-19 12:40:36] SlimMonoLogger.INFO: Cron ran at: 19-08-2025 12:40:36 PM [] []
[2025-08-19 12:45:34] SlimMonoLogger.INFO: Cron ran at: 19-08-2025 12:45:34 PM [] []
[2025-08-19 12:50:36] SlimMonoLogger.INFO: Cron ran at: 19-08-2025 12:50:36 PM [] []
[2025-08-19 12:55:32] SlimMonoLogger.INFO: Cron ran at: 19-08-2025 12:55:32 PM [] []
[2025-08-19 13:00:51] SlimMonoLogger.INFO: Cron ran at: 19-08-2025 01:00:51 PM [] []
[2025-08-19 13:05:38] SlimMonoLogger.INFO: Cron ran at: 19-08-2025 01:05:38 PM [] []
[2025-08-19 13:10:42] SlimMonoLogger.INFO: Cron ran at: 19-08-2025 01:10:42 PM [] []
[2025-08-19 13:15:52] SlimMonoLogger.INFO: Cron ran at: 19-08-2025 01:15:52 PM [] []
[2025-08-19 13:20:38] SlimMonoLogger.INFO: Cron ran at: 19-08-2025 01:20:38 PM [] []
[2025-08-19 13:25:40] SlimMonoLogger.INFO: Cron ran at: 19-08-2025 01:25:40 PM [] []
[2025-08-19 13:30:39] SlimMonoLogger.INFO: Cron ran at: 19-08-2025 01:30:39 PM [] []
[2025-08-19 13:35:35] SlimMonoLogger.INFO: Cron ran at: 19-08-2025 01:35:35 PM [] []
[2025-08-19 13:40:34] SlimMonoLogger.INFO: Cron ran at: 19-08-2025 01:40:34 PM [] []
[2025-08-19 13:45:37] SlimMonoLogger.INFO: Cron ran at: 19-08-2025 01:45:37 PM [] []
[2025-08-19 13:50:42] SlimMonoLogger.INFO: Cron ran at: 19-08-2025 01:50:42 PM [] []
[2025-08-19 13:55:36] SlimMonoLogger.INFO: Cron ran at: 19-08-2025 01:55:36 PM [] []
[2025-08-19 14:00:48] SlimMonoLogger.INFO: Cron ran at: 19-08-2025 02:00:48 PM [] []
[2025-08-19 14:05:37] SlimMonoLogger.INFO: Cron ran at: 19-08-2025 02:05:37 PM [] []
[2025-08-19 14:10:37] SlimMonoLogger.INFO: Cron ran at: 19-08-2025 02:10:37 PM [] []
[2025-08-19 14:15:32] SlimMonoLogger.INFO: Cron ran at: 19-08-2025 02:15:32 PM [] []
[2025-08-19 14:20:34] SlimMonoLogger.INFO: Cron ran at: 19-08-2025 02:20:34 PM [] []
[2025-08-19 14:25:40] SlimMonoLogger.INFO: Cron ran at: 19-08-2025 02:25:40 PM [] []
[2025-08-19 14:30:38] SlimMonoLogger.INFO: Cron ran at: 19-08-2025 02:30:38 PM [] []
[2025-08-19 14:35:30] SlimMonoLogger.INFO: Cron ran at: 19-08-2025 02:35:30 PM [] []
[2025-08-19 14:40:31] SlimMonoLogger.INFO: Cron ran at: 19-08-2025 02:40:31 PM [] []
[2025-08-19 14:45:39] SlimMonoLogger.INFO: Cron ran at: 19-08-2025 02:45:39 PM [] []
[2025-08-19 14:50:36] SlimMonoLogger.INFO: Cron ran at: 19-08-2025 02:50:36 PM [] []
[2025-08-19 14:55:31] SlimMonoLogger.INFO: Cron ran at: 19-08-2025 02:55:31 PM [] []
[2025-08-19 15:00:37] SlimMonoLogger.INFO: Cron ran at: 19-08-2025 03:00:37 PM [] []
[2025-08-19 15:05:34] SlimMonoLogger.INFO: Cron ran at: 19-08-2025 03:05:34 PM [] []
[2025-08-19 15:10:32] SlimMonoLogger.INFO: Cron ran at: 19-08-2025 03:10:32 PM [] []
[2025-08-19 15:15:35] SlimMonoLogger.INFO: Cron ran at: 19-08-2025 03:15:35 PM [] []
[2025-08-19 15:20:37] SlimMonoLogger.INFO: Cron ran at: 19-08-2025 03:20:37 PM [] []
[2025-08-19 15:25:33] SlimMonoLogger.INFO: Cron ran at: 19-08-2025 03:25:33 PM [] []
[2025-08-19 15:30:37] SlimMonoLogger.INFO: Cron ran at: 19-08-2025 03:30:37 PM [] []
[2025-08-19 15:35:44] SlimMonoLogger.INFO: Cron ran at: 19-08-2025 03:35:44 PM [] []
[2025-08-19 15:40:34] SlimMonoLogger.INFO: Cron ran at: 19-08-2025 03:40:34 PM [] []
[2025-08-19 15:45:34] SlimMonoLogger.INFO: Cron ran at: 19-08-2025 03:45:34 PM [] []
[2025-08-19 15:50:32] SlimMonoLogger.INFO: Cron ran at: 19-08-2025 03:50:32 PM [] []
[2025-08-19 15:55:34] SlimMonoLogger.INFO: Cron ran at: 19-08-2025 03:55:34 PM [] []
[2025-08-19 16:00:36] SlimMonoLogger.INFO: Cron ran at: 19-08-2025 04:00:36 PM [] []
[2025-08-19 16:05:30] SlimMonoLogger.INFO: Cron ran at: 19-08-2025 04:05:30 PM [] []
[2025-08-19 16:10:31] SlimMonoLogger.INFO: Cron ran at: 19-08-2025 04:10:31 PM [] []
[2025-08-19 16:15:33] SlimMonoLogger.INFO: Cron ran at: 19-08-2025 04:15:33 PM [] []
[2025-08-19 16:20:38] SlimMonoLogger.INFO: Cron ran at: 19-08-2025 04:20:38 PM [] []
[2025-08-19 16:25:28] SlimMonoLogger.INFO: Cron ran at: 19-08-2025 04:25:28 PM [] []
[2025-08-19 16:30:34] SlimMonoLogger.INFO: Cron ran at: 19-08-2025 04:30:34 PM [] []
[2025-08-19 16:35:30] SlimMonoLogger.INFO: Cron ran at: 19-08-2025 04:35:30 PM [] []
[2025-08-19 16:40:33] SlimMonoLogger.INFO: Cron ran at: 19-08-2025 04:40:33 PM [] []
[2025-08-19 16:45:36] SlimMonoLogger.INFO: Cron ran at: 19-08-2025 04:45:36 PM [] []
[2025-08-19 16:50:30] SlimMonoLogger.INFO: Cron ran at: 19-08-2025 04:50:30 PM [] []
[2025-08-19 16:55:34] SlimMonoLogger.INFO: Cron ran at: 19-08-2025 04:55:34 PM [] []
[2025-08-19 17:00:35] SlimMonoLogger.INFO: Cron ran at: 19-08-2025 05:00:35 PM [] []
[2025-08-19 17:05:32] SlimMonoLogger.INFO: Cron ran at: 19-08-2025 05:05:32 PM [] []
[2025-08-19 17:10:37] SlimMonoLogger.INFO: Cron ran at: 19-08-2025 05:10:37 PM [] []
[2025-08-19 17:15:38] SlimMonoLogger.INFO: Cron ran at: 19-08-2025 05:15:38 PM [] []
[2025-08-19 17:20:34] SlimMonoLogger.INFO: Cron ran at: 19-08-2025 05:20:34 PM [] []
[2025-08-19 17:25:28] SlimMonoLogger.INFO: Cron ran at: 19-08-2025 05:25:28 PM [] []
[2025-08-19 17:30:31] SlimMonoLogger.INFO: Cron ran at: 19-08-2025 05:30:31 PM [] []
[2025-08-19 17:35:39] SlimMonoLogger.INFO: Cron ran at: 19-08-2025 05:35:39 PM [] []
[2025-08-19 17:40:26] SlimMonoLogger.INFO: Cron ran at: 19-08-2025 05:40:26 PM [] []
[2025-08-19 17:45:29] SlimMonoLogger.INFO: Cron ran at: 19-08-2025 05:45:29 PM [] []
[2025-08-19 17:50:31] SlimMonoLogger.INFO: Cron ran at: 19-08-2025 05:50:31 PM [] []
[2025-08-19 17:55:34] SlimMonoLogger.INFO: Cron ran at: 19-08-2025 05:55:34 PM [] []
[2025-08-19 18:00:36] SlimMonoLogger.INFO: Cron ran at: 19-08-2025 06:00:36 PM [] []
[2025-08-19 18:05:34] SlimMonoLogger.INFO: Cron ran at: 19-08-2025 06:05:34 PM [] []
[2025-08-19 18:10:31] SlimMonoLogger.INFO: Cron ran at: 19-08-2025 06:10:31 PM [] []
[2025-08-19 18:15:31] SlimMonoLogger.INFO: Cron ran at: 19-08-2025 06:15:31 PM [] []
[2025-08-19 18:20:32] SlimMonoLogger.INFO: Cron ran at: 19-08-2025 06:20:32 PM [] []
[2025-08-19 18:25:37] SlimMonoLogger.INFO: Cron ran at: 19-08-2025 06:25:37 PM [] []
[2025-08-19 18:30:32] SlimMonoLogger.INFO: Cron ran at: 19-08-2025 06:30:32 PM [] []
[2025-08-19 18:35:33] SlimMonoLogger.INFO: Cron ran at: 19-08-2025 06:35:33 PM [] []
[2025-08-19 18:40:38] SlimMonoLogger.INFO: Cron ran at: 19-08-2025 06:40:38 PM [] []
[2025-08-19 18:45:31] SlimMonoLogger.INFO: Cron ran at: 19-08-2025 06:45:31 PM [] []
[2025-08-19 18:50:27] SlimMonoLogger.INFO: Cron ran at: 19-08-2025 06:50:27 PM [] []
[2025-08-19 18:55:29] SlimMonoLogger.INFO: Cron ran at: 19-08-2025 06:55:29 PM [] []
[2025-08-19 19:00:35] SlimMonoLogger.INFO: Cron ran at: 19-08-2025 07:00:35 PM [] []
[2025-08-19 19:05:32] SlimMonoLogger.INFO: Cron ran at: 19-08-2025 07:05:32 PM [] []
[2025-08-19 19:10:35] SlimMonoLogger.INFO: Cron ran at: 19-08-2025 07:10:35 PM [] []
[2025-08-19 19:15:30] SlimMonoLogger.INFO: Cron ran at: 19-08-2025 07:15:30 PM [] []
[2025-08-19 19:20:26] SlimMonoLogger.INFO: Cron ran at: 19-08-2025 07:20:26 PM [] []
[2025-08-19 19:25:32] SlimMonoLogger.INFO: Cron ran at: 19-08-2025 07:25:32 PM [] []
[2025-08-19 19:30:32] SlimMonoLogger.INFO: Cron ran at: 19-08-2025 07:30:32 PM [] []
[2025-08-19 19:35:35] SlimMonoLogger.INFO: Cron ran at: 19-08-2025 07:35:35 PM [] []
[2025-08-19 19:40:27] SlimMonoLogger.INFO: Cron ran at: 19-08-2025 07:40:27 PM [] []
[2025-08-19 19:45:37] SlimMonoLogger.INFO: Cron ran at: 19-08-2025 07:45:37 PM [] []
[2025-08-19 19:50:39] SlimMonoLogger.INFO: Cron ran at: 19-08-2025 07:50:39 PM [] []
[2025-08-19 19:55:32] SlimMonoLogger.INFO: Cron ran at: 19-08-2025 07:55:32 PM [] []
[2025-08-19 20:00:34] SlimMonoLogger.INFO: Cron ran at: 19-08-2025 08:00:34 PM [] []
[2025-08-19 20:05:31] SlimMonoLogger.INFO: Cron ran at: 19-08-2025 08:05:31 PM [] []
[2025-08-19 20:10:30] SlimMonoLogger.INFO: Cron ran at: 19-08-2025 08:10:30 PM [] []
[2025-08-19 20:15:33] SlimMonoLogger.INFO: Cron ran at: 19-08-2025 08:15:33 PM [] []
[2025-08-19 20:20:34] SlimMonoLogger.INFO: Cron ran at: 19-08-2025 08:20:34 PM [] []
[2025-08-19 20:25:33] SlimMonoLogger.INFO: Cron ran at: 19-08-2025 08:25:33 PM [] []
[2025-08-19 20:30:29] SlimMonoLogger.INFO: Cron ran at: 19-08-2025 08:30:29 PM [] []
[2025-08-19 20:35:37] SlimMonoLogger.INFO: Cron ran at: 19-08-2025 08:35:37 PM [] []
[2025-08-19 20:40:28] SlimMonoLogger.INFO: Cron ran at: 19-08-2025 08:40:28 PM [] []
[2025-08-19 20:45:33] SlimMonoLogger.INFO: Cron ran at: 19-08-2025 08:45:33 PM [] []
[2025-08-19 20:50:41] SlimMonoLogger.INFO: Cron ran at: 19-08-2025 08:50:41 PM [] []
[2025-08-19 20:55:34] SlimMonoLogger.INFO: Cron ran at: 19-08-2025 08:55:34 PM [] []
[2025-08-19 21:00:42] SlimMonoLogger.INFO: Cron ran at: 19-08-2025 09:00:42 PM [] []
[2025-08-19 21:05:30] SlimMonoLogger.INFO: Cron ran at: 19-08-2025 09:05:30 PM [] []
[2025-08-19 21:10:29] SlimMonoLogger.INFO: Cron ran at: 19-08-2025 09:10:29 PM [] []
[2025-08-19 21:15:47] SlimMonoLogger.INFO: Cron ran at: 19-08-2025 09:15:47 PM [] []
[2025-08-19 21:20:52] SlimMonoLogger.INFO: Cron ran at: 19-08-2025 09:20:52 PM [] []
[2025-08-19 21:25:30] SlimMonoLogger.INFO: Cron ran at: 19-08-2025 09:25:30 PM [] []
[2025-08-19 21:30:32] SlimMonoLogger.INFO: Cron ran at: 19-08-2025 09:30:32 PM [] []
[2025-08-19 21:35:33] SlimMonoLogger.INFO: Cron ran at: 19-08-2025 09:35:33 PM [] []
[2025-08-19 21:40:33] SlimMonoLogger.INFO: Cron ran at: 19-08-2025 09:40:33 PM [] []
[2025-08-19 21:45:34] SlimMonoLogger.INFO: Cron ran at: 19-08-2025 09:45:34 PM [] []
[2025-08-19 21:50:32] SlimMonoLogger.INFO: Cron ran at: 19-08-2025 09:50:32 PM [] []
[2025-08-19 21:55:30] SlimMonoLogger.INFO: Cron ran at: 19-08-2025 09:55:30 PM [] []
[2025-08-19 22:00:36] SlimMonoLogger.INFO: Cron ran at: 19-08-2025 10:00:36 PM [] []
[2025-08-19 22:05:30] SlimMonoLogger.INFO: Cron ran at: 19-08-2025 10:05:30 PM [] []
[2025-08-19 22:10:29] SlimMonoLogger.INFO: Cron ran at: 19-08-2025 10:10:29 PM [] []
[2025-08-19 22:15:31] SlimMonoLogger.INFO: Cron ran at: 19-08-2025 10:15:31 PM [] []
[2025-08-19 22:20:28] SlimMonoLogger.INFO: Cron ran at: 19-08-2025 10:20:28 PM [] []
[2025-08-19 22:25:30] SlimMonoLogger.INFO: Cron ran at: 19-08-2025 10:25:30 PM [] []
[2025-08-19 22:30:32] SlimMonoLogger.INFO: Cron ran at: 19-08-2025 10:30:32 PM [] []
[2025-08-19 22:35:33] SlimMonoLogger.INFO: Cron ran at: 19-08-2025 10:35:33 PM [] []
[2025-08-19 22:40:26] SlimMonoLogger.INFO: Cron ran at: 19-08-2025 10:40:26 PM [] []
[2025-08-19 22:45:28] SlimMonoLogger.INFO: Cron ran at: 19-08-2025 10:45:28 PM [] []
[2025-08-19 22:50:29] SlimMonoLogger.INFO: Cron ran at: 19-08-2025 10:50:29 PM [] []
[2025-08-19 22:55:28] SlimMonoLogger.INFO: Cron ran at: 19-08-2025 10:55:28 PM [] []
[2025-08-19 23:00:59] SlimMonoLogger.INFO: Cron ran at: 19-08-2025 11:00:59 PM [] []
[2025-08-19 23:05:25] SlimMonoLogger.INFO: Cron ran at: 19-08-2025 11:05:25 PM [] []
[2025-08-19 23:10:26] SlimMonoLogger.INFO: Cron ran at: 19-08-2025 11:10:26 PM [] []
[2025-08-19 23:15:28] SlimMonoLogger.INFO: Cron ran at: 19-08-2025 11:15:28 PM [] []
[2025-08-19 23:20:28] SlimMonoLogger.INFO: Cron ran at: 19-08-2025 11:20:28 PM [] []
[2025-08-19 23:25:28] SlimMonoLogger.INFO: Cron ran at: 19-08-2025 11:25:28 PM [] []
[2025-08-19 23:30:52] SlimMonoLogger.INFO: Cron ran at: 19-08-2025 11:30:52 PM [] []
[2025-08-19 23:35:29] SlimMonoLogger.INFO: Cron ran at: 19-08-2025 11:35:29 PM [] []
[2025-08-19 23:40:31] SlimMonoLogger.INFO: Cron ran at: 19-08-2025 11:40:31 PM [] []
[2025-08-19 23:45:34] SlimMonoLogger.INFO: Cron ran at: 19-08-2025 11:45:34 PM [] []
[2025-08-19 23:50:30] SlimMonoLogger.INFO: Cron ran at: 19-08-2025 11:50:30 PM [] []
[2025-08-19 23:55:28] SlimMonoLogger.INFO: Cron ran at: 19-08-2025 11:55:28 PM [] []
[2025-08-20 00:00:37] SlimMonoLogger.INFO: Cron ran at: 20-08-2025 12:00:37 AM [] []
[2025-08-20 00:05:26] SlimMonoLogger.INFO: Cron ran at: 20-08-2025 12:05:26 AM [] []
[2025-08-20 00:10:31] SlimMonoLogger.INFO: Cron ran at: 20-08-2025 12:10:31 AM [] []
[2025-08-20 00:15:30] SlimMonoLogger.INFO: Cron ran at: 20-08-2025 12:15:30 AM [] []
[2025-08-20 00:20:28] SlimMonoLogger.INFO: Cron ran at: 20-08-2025 12:20:28 AM [] []
[2025-08-20 00:25:27] SlimMonoLogger.INFO: Cron ran at: 20-08-2025 12:25:27 AM [] []
[2025-08-20 00:30:31] SlimMonoLogger.INFO: Cron ran at: 20-08-2025 12:30:31 AM [] []
[2025-08-20 00:35:30] SlimMonoLogger.INFO: Cron ran at: 20-08-2025 12:35:30 AM [] []
[2025-08-20 00:40:40] SlimMonoLogger.INFO: Cron ran at: 20-08-2025 12:40:40 AM [] []
[2025-08-20 00:45:29] SlimMonoLogger.INFO: Cron ran at: 20-08-2025 12:45:29 AM [] []
[2025-08-20 00:50:34] SlimMonoLogger.INFO: Cron ran at: 20-08-2025 12:50:34 AM [] []
[2025-08-20 00:55:31] SlimMonoLogger.INFO: Cron ran at: 20-08-2025 12:55:31 AM [] []
[2025-08-20 01:00:16] SlimMonoLogger.ERROR: Requests_Exception: cURL error 18: transfer closed with outstanding read data remaining in /home/latihtal/public_html/agregator1/src/vendor/rmccue/requests/library/Requests/Transport/cURL.php:422
Stack trace:
#0 /home/latihtal/public_html/agregator1/src/vendor/rmccue/requests/library/Requests/Transport/cURL.php(177): Requests_Transport_cURL->process_response()
#1 /home/latihtal/public_html/agregator1/src/vendor/rmccue/requests/library/Requests.php(379): Requests_Transport_cURL->request()
#2 /home/latihtal/public_html/agregator1/src/vendor/rmccue/requests/library/Requests/Session.php(205): Requests::request()
#3 /home/latihtal/public_html/agregator1/src/vendor/rmccue/requests/library/Requests/Session.php(132): Requests_Session->request()
#4 /home/latihtal/public_html/agregator1/src/drivers/Http/RssImporter.php(144): Requests_Session->get()
#5 /home/latihtal/public_html/agregator1/src/controllers/Dashboard/DashboardFeedsController.php(534): spark\drivers\Http\RssImporter->fetchPosts()
#6 /home/latihtal/public_html/agregator1/src/controllers/Site/SiteController.php(722): spark\controllers\Dashboard\DashboardFeedsController::importFeedPosts()
#7 [internal function]: spark\controllers\Site\SiteController->runTasks()
#8 /home/latihtal/public_html/agregator1/src/framework/Route.php(173): call_user_func_array()
#9 [internal function]: Slim\Route->Slim\{closure}()
#10 /home/latihtal/public_html/agregator1/src/framework/Route.php(468): call_user_func_array()
#11 /home/latihtal/public_html/agregator1/src/framework/Slim.php(1364): Slim\Route->dispatch()
#12 /home/latihtal/public_html/agregator1/src/framework/Middleware/Flash.php(85): Slim\Slim->call()
#13 /home/latihtal/public_html/agregator1/src/framework/Middleware/MethodOverride.php(92): Slim\Middleware\Flash->call()
#14 /home/latihtal/public_html/agregator1/src/middlewares/CsrfGuard/CsrfGuard.php(47): Slim\Middleware\MethodOverride->call()
#15 /home/latihtal/public_html/agregator1/src/framework/Middleware/PrettyExceptions.php(67): spark\middlewares\CsrfGuard\CsrfGuard->call()
#16 /home/latihtal/public_html/agregator1/src/framework/Slim.php(1308): Slim\Middleware\PrettyExceptions->call()
#17 /home/latihtal/public_html/agregator1/index.php(6): Slim\Slim->run()
#18 {main} [] []
[2025-08-20 01:00:30] SlimMonoLogger.INFO: Cron ran at: 20-08-2025 01:00:30 AM [] []
[2025-08-20 01:05:30] SlimMonoLogger.INFO: Cron ran at: 20-08-2025 01:05:30 AM [] []
[2025-08-20 01:10:27] SlimMonoLogger.INFO: Cron ran at: 20-08-2025 01:10:27 AM [] []
[2025-08-20 01:15:31] SlimMonoLogger.INFO: Cron ran at: 20-08-2025 01:15:31 AM [] []
[2025-08-20 01:20:29] SlimMonoLogger.INFO: Cron ran at: 20-08-2025 01:20:29 AM [] []
[2025-08-20 01:25:30] SlimMonoLogger.INFO: Cron ran at: 20-08-2025 01:25:30 AM [] []
[2025-08-20 01:30:30] SlimMonoLogger.INFO: Cron ran at: 20-08-2025 01:30:30 AM [] []
[2025-08-20 01:35:30] SlimMonoLogger.INFO: Cron ran at: 20-08-2025 01:35:30 AM [] []
[2025-08-20 01:40:30] SlimMonoLogger.INFO: Cron ran at: 20-08-2025 01:40:30 AM [] []
[2025-08-20 01:45:33] SlimMonoLogger.INFO: Cron ran at: 20-08-2025 01:45:33 AM [] []
[2025-08-20 01:50:36] SlimMonoLogger.INFO: Cron ran at: 20-08-2025 01:50:36 AM [] []
[2025-08-20 01:55:38] SlimMonoLogger.INFO: Cron ran at: 20-08-2025 01:55:38 AM [] []
