[2025-06-19 02:00:32] SlimMonoLogger.INFO: Cron ran at: 19-06-2025 02:00:32 AM [] []
[2025-06-19 02:05:27] SlimMonoLogger.INFO: Cron ran at: 19-06-2025 02:05:27 AM [] []
[2025-06-19 02:10:22] SlimMonoLogger.INFO: Cron ran at: 19-06-2025 02:10:22 AM [] []
[2025-06-19 02:15:23] SlimMonoLogger.INFO: Cron ran at: 19-06-2025 02:15:23 AM [] []
[2025-06-19 02:20:25] SlimMonoLogger.INFO: Cron ran at: 19-06-2025 02:20:25 AM [] []
[2025-06-19 02:25:22] SlimMonoLogger.INFO: Cron ran at: 19-06-2025 02:25:22 AM [] []
[2025-06-19 02:30:21] SlimMonoLogger.INFO: Cron ran at: 19-06-2025 02:30:21 AM [] []
[2025-06-19 02:35:20] SlimMonoLogger.INFO: Cron ran at: 19-06-2025 02:35:20 AM [] []
[2025-06-19 02:40:22] SlimMonoLogger.INFO: Cron ran at: 19-06-2025 02:40:22 AM [] []
[2025-06-19 02:45:22] SlimMonoLogger.INFO: Cron ran at: 19-06-2025 02:45:22 AM [] []
[2025-06-19 02:50:23] SlimMonoLogger.INFO: Cron ran at: 19-06-2025 02:50:23 AM [] []
[2025-06-19 02:55:21] SlimMonoLogger.INFO: Cron ran at: 19-06-2025 02:55:21 AM [] []
[2025-06-19 03:00:26] SlimMonoLogger.INFO: Cron ran at: 19-06-2025 03:00:26 AM [] []
[2025-06-19 03:05:21] SlimMonoLogger.INFO: Cron ran at: 19-06-2025 03:05:21 AM [] []
[2025-06-19 03:10:41] SlimMonoLogger.INFO: Cron ran at: 19-06-2025 03:10:41 AM [] []
[2025-06-19 03:15:25] SlimMonoLogger.INFO: Cron ran at: 19-06-2025 03:15:25 AM [] []
[2025-06-19 03:20:30] SlimMonoLogger.INFO: Cron ran at: 19-06-2025 03:20:30 AM [] []
[2025-06-19 03:25:25] SlimMonoLogger.INFO: Cron ran at: 19-06-2025 03:25:25 AM [] []
[2025-06-19 03:30:27] SlimMonoLogger.INFO: Cron ran at: 19-06-2025 03:30:27 AM [] []
[2025-06-19 03:35:24] SlimMonoLogger.INFO: Cron ran at: 19-06-2025 03:35:24 AM [] []
[2025-06-19 03:40:35] SlimMonoLogger.INFO: Cron ran at: 19-06-2025 03:40:35 AM [] []
[2025-06-19 03:45:27] SlimMonoLogger.INFO: Cron ran at: 19-06-2025 03:45:27 AM [] []
[2025-06-19 03:50:25] SlimMonoLogger.INFO: Cron ran at: 19-06-2025 03:50:25 AM [] []
[2025-06-19 03:55:26] SlimMonoLogger.INFO: Cron ran at: 19-06-2025 03:55:26 AM [] []
[2025-06-19 04:00:28] SlimMonoLogger.INFO: Cron ran at: 19-06-2025 04:00:28 AM [] []
[2025-06-19 04:05:29] SlimMonoLogger.INFO: Cron ran at: 19-06-2025 04:05:29 AM [] []
[2025-06-19 04:10:25] SlimMonoLogger.INFO: Cron ran at: 19-06-2025 04:10:25 AM [] []
[2025-06-19 04:15:26] SlimMonoLogger.INFO: Cron ran at: 19-06-2025 04:15:26 AM [] []
[2025-06-19 04:20:25] SlimMonoLogger.INFO: Cron ran at: 19-06-2025 04:20:25 AM [] []
[2025-06-19 04:25:26] SlimMonoLogger.INFO: Cron ran at: 19-06-2025 04:25:26 AM [] []
[2025-06-19 04:30:26] SlimMonoLogger.INFO: Cron ran at: 19-06-2025 04:30:26 AM [] []
[2025-06-19 04:35:24] SlimMonoLogger.INFO: Cron ran at: 19-06-2025 04:35:24 AM [] []
[2025-06-19 04:40:29] SlimMonoLogger.INFO: Cron ran at: 19-06-2025 04:40:29 AM [] []
[2025-06-19 04:45:26] SlimMonoLogger.INFO: Cron ran at: 19-06-2025 04:45:26 AM [] []
[2025-06-19 04:50:27] SlimMonoLogger.INFO: Cron ran at: 19-06-2025 04:50:27 AM [] []
[2025-06-19 04:55:28] SlimMonoLogger.INFO: Cron ran at: 19-06-2025 04:55:28 AM [] []
[2025-06-19 05:00:27] SlimMonoLogger.INFO: Cron ran at: 19-06-2025 05:00:27 AM [] []
[2025-06-19 05:05:28] SlimMonoLogger.INFO: Cron ran at: 19-06-2025 05:05:28 AM [] []
[2025-06-19 05:10:25] SlimMonoLogger.INFO: Cron ran at: 19-06-2025 05:10:25 AM [] []
[2025-06-19 05:15:31] SlimMonoLogger.INFO: Cron ran at: 19-06-2025 05:15:31 AM [] []
[2025-06-19 05:20:27] SlimMonoLogger.INFO: Cron ran at: 19-06-2025 05:20:27 AM [] []
[2025-06-19 05:25:26] SlimMonoLogger.INFO: Cron ran at: 19-06-2025 05:25:26 AM [] []
[2025-06-19 05:30:26] SlimMonoLogger.INFO: Cron ran at: 19-06-2025 05:30:26 AM [] []
[2025-06-19 05:35:26] SlimMonoLogger.INFO: Cron ran at: 19-06-2025 05:35:26 AM [] []
[2025-06-19 05:40:26] SlimMonoLogger.INFO: Cron ran at: 19-06-2025 05:40:26 AM [] []
[2025-06-19 05:45:27] SlimMonoLogger.INFO: Cron ran at: 19-06-2025 05:45:27 AM [] []
[2025-06-19 05:50:26] SlimMonoLogger.INFO: Cron ran at: 19-06-2025 05:50:26 AM [] []
[2025-06-19 05:55:25] SlimMonoLogger.INFO: Cron ran at: 19-06-2025 05:55:25 AM [] []
[2025-06-19 06:00:30] SlimMonoLogger.INFO: Cron ran at: 19-06-2025 06:00:30 AM [] []
[2025-06-19 06:05:24] SlimMonoLogger.INFO: Cron ran at: 19-06-2025 06:05:24 AM [] []
[2025-06-19 06:10:31] SlimMonoLogger.INFO: Cron ran at: 19-06-2025 06:10:31 AM [] []
[2025-06-19 06:15:33] SlimMonoLogger.INFO: Cron ran at: 19-06-2025 06:15:33 AM [] []
[2025-06-19 06:20:33] SlimMonoLogger.INFO: Cron ran at: 19-06-2025 06:20:33 AM [] []
[2025-06-19 06:25:26] SlimMonoLogger.INFO: Cron ran at: 19-06-2025 06:25:26 AM [] []
[2025-06-19 06:30:25] SlimMonoLogger.INFO: Cron ran at: 19-06-2025 06:30:25 AM [] []
[2025-06-19 06:35:26] SlimMonoLogger.INFO: Cron ran at: 19-06-2025 06:35:26 AM [] []
[2025-06-19 06:40:24] SlimMonoLogger.INFO: Cron ran at: 19-06-2025 06:40:24 AM [] []
[2025-06-19 06:45:26] SlimMonoLogger.INFO: Cron ran at: 19-06-2025 06:45:26 AM [] []
[2025-06-19 06:50:25] SlimMonoLogger.INFO: Cron ran at: 19-06-2025 06:50:25 AM [] []
[2025-06-19 06:55:26] SlimMonoLogger.INFO: Cron ran at: 19-06-2025 06:55:26 AM [] []
[2025-06-19 07:00:29] SlimMonoLogger.INFO: Cron ran at: 19-06-2025 07:00:29 AM [] []
[2025-06-19 07:05:27] SlimMonoLogger.INFO: Cron ran at: 19-06-2025 07:05:27 AM [] []
[2025-06-19 07:10:23] SlimMonoLogger.INFO: Cron ran at: 19-06-2025 07:10:23 AM [] []
[2025-06-19 07:15:25] SlimMonoLogger.INFO: Cron ran at: 19-06-2025 07:15:25 AM [] []
[2025-06-19 07:20:23] SlimMonoLogger.INFO: Cron ran at: 19-06-2025 07:20:23 AM [] []
[2025-06-19 07:25:24] SlimMonoLogger.INFO: Cron ran at: 19-06-2025 07:25:24 AM [] []
[2025-06-19 07:30:22] SlimMonoLogger.INFO: Cron ran at: 19-06-2025 07:30:22 AM [] []
[2025-06-19 07:35:23] SlimMonoLogger.INFO: Cron ran at: 19-06-2025 07:35:23 AM [] []
[2025-06-19 07:40:24] SlimMonoLogger.INFO: Cron ran at: 19-06-2025 07:40:24 AM [] []
[2025-06-19 07:45:25] SlimMonoLogger.INFO: Cron ran at: 19-06-2025 07:45:25 AM [] []
[2025-06-19 07:50:22] SlimMonoLogger.INFO: Cron ran at: 19-06-2025 07:50:22 AM [] []
[2025-06-19 07:55:23] SlimMonoLogger.INFO: Cron ran at: 19-06-2025 07:55:23 AM [] []
[2025-06-19 08:00:25] SlimMonoLogger.INFO: Cron ran at: 19-06-2025 08:00:25 AM [] []
[2025-06-19 08:05:26] SlimMonoLogger.INFO: Cron ran at: 19-06-2025 08:05:26 AM [] []
[2025-06-19 08:10:25] SlimMonoLogger.INFO: Cron ran at: 19-06-2025 08:10:25 AM [] []
[2025-06-19 08:15:25] SlimMonoLogger.INFO: Cron ran at: 19-06-2025 08:15:25 AM [] []
[2025-06-19 08:20:24] SlimMonoLogger.INFO: Cron ran at: 19-06-2025 08:20:24 AM [] []
[2025-06-19 08:25:23] SlimMonoLogger.INFO: Cron ran at: 19-06-2025 08:25:23 AM [] []
[2025-06-19 08:30:26] SlimMonoLogger.INFO: Cron ran at: 19-06-2025 08:30:26 AM [] []
[2025-06-19 08:35:26] SlimMonoLogger.INFO: Cron ran at: 19-06-2025 08:35:26 AM [] []
[2025-06-19 08:40:28] SlimMonoLogger.INFO: Cron ran at: 19-06-2025 08:40:28 AM [] []
[2025-06-19 08:45:27] SlimMonoLogger.INFO: Cron ran at: 19-06-2025 08:45:27 AM [] []
[2025-06-19 08:50:36] SlimMonoLogger.INFO: Cron ran at: 19-06-2025 08:50:36 AM [] []
[2025-06-19 08:55:26] SlimMonoLogger.INFO: Cron ran at: 19-06-2025 08:55:26 AM [] []
[2025-06-19 09:00:32] SlimMonoLogger.INFO: Cron ran at: 19-06-2025 09:00:32 AM [] []
[2025-06-19 09:05:25] SlimMonoLogger.INFO: Cron ran at: 19-06-2025 09:05:25 AM [] []
[2025-06-19 09:10:25] SlimMonoLogger.INFO: Cron ran at: 19-06-2025 09:10:25 AM [] []
[2025-06-19 09:15:30] SlimMonoLogger.INFO: Cron ran at: 19-06-2025 09:15:30 AM [] []
[2025-06-19 09:20:28] SlimMonoLogger.INFO: Cron ran at: 19-06-2025 09:20:28 AM [] []
[2025-06-19 09:25:29] SlimMonoLogger.INFO: Cron ran at: 19-06-2025 09:25:29 AM [] []
[2025-06-19 09:30:28] SlimMonoLogger.INFO: Cron ran at: 19-06-2025 09:30:28 AM [] []
[2025-06-19 09:35:32] SlimMonoLogger.INFO: Cron ran at: 19-06-2025 09:35:32 AM [] []
[2025-06-19 09:40:29] SlimMonoLogger.INFO: Cron ran at: 19-06-2025 09:40:29 AM [] []
[2025-06-19 09:45:24] SlimMonoLogger.INFO: Cron ran at: 19-06-2025 09:45:24 AM [] []
[2025-06-19 09:50:22] SlimMonoLogger.INFO: Cron ran at: 19-06-2025 09:50:22 AM [] []
[2025-06-19 09:55:26] SlimMonoLogger.INFO: Cron ran at: 19-06-2025 09:55:26 AM [] []
[2025-06-19 10:00:27] SlimMonoLogger.INFO: Cron ran at: 19-06-2025 10:00:27 AM [] []
[2025-06-19 10:05:28] SlimMonoLogger.INFO: Cron ran at: 19-06-2025 10:05:28 AM [] []
[2025-06-19 10:10:37] SlimMonoLogger.INFO: Cron ran at: 19-06-2025 10:10:37 AM [] []
[2025-06-19 10:15:25] SlimMonoLogger.INFO: Cron ran at: 19-06-2025 10:15:25 AM [] []
[2025-06-19 10:20:28] SlimMonoLogger.INFO: Cron ran at: 19-06-2025 10:20:28 AM [] []
[2025-06-19 10:25:24] SlimMonoLogger.INFO: Cron ran at: 19-06-2025 10:25:24 AM [] []
[2025-06-19 10:30:29] SlimMonoLogger.INFO: Cron ran at: 19-06-2025 10:30:29 AM [] []
[2025-06-19 10:35:24] SlimMonoLogger.INFO: Cron ran at: 19-06-2025 10:35:24 AM [] []
[2025-06-19 10:40:32] SlimMonoLogger.INFO: Cron ran at: 19-06-2025 10:40:32 AM [] []
[2025-06-19 10:45:27] SlimMonoLogger.INFO: Cron ran at: 19-06-2025 10:45:27 AM [] []
[2025-06-19 10:50:26] SlimMonoLogger.INFO: Cron ran at: 19-06-2025 10:50:26 AM [] []
[2025-06-19 10:55:28] SlimMonoLogger.INFO: Cron ran at: 19-06-2025 10:55:28 AM [] []
[2025-06-19 11:00:25] SlimMonoLogger.INFO: Cron ran at: 19-06-2025 11:00:25 AM [] []
[2025-06-19 11:05:25] SlimMonoLogger.INFO: Cron ran at: 19-06-2025 11:05:25 AM [] []
[2025-06-19 11:10:25] SlimMonoLogger.INFO: Cron ran at: 19-06-2025 11:10:25 AM [] []
[2025-06-19 11:15:26] SlimMonoLogger.INFO: Cron ran at: 19-06-2025 11:15:26 AM [] []
[2025-06-19 11:20:27] SlimMonoLogger.INFO: Cron ran at: 19-06-2025 11:20:27 AM [] []
[2025-06-19 11:25:27] SlimMonoLogger.INFO: Cron ran at: 19-06-2025 11:25:27 AM [] []
[2025-06-19 11:30:32] SlimMonoLogger.INFO: Cron ran at: 19-06-2025 11:30:32 AM [] []
[2025-06-19 11:35:23] SlimMonoLogger.INFO: Cron ran at: 19-06-2025 11:35:23 AM [] []
[2025-06-19 11:40:26] SlimMonoLogger.INFO: Cron ran at: 19-06-2025 11:40:26 AM [] []
[2025-06-19 11:45:26] SlimMonoLogger.INFO: Cron ran at: 19-06-2025 11:45:26 AM [] []
[2025-06-19 11:50:29] SlimMonoLogger.INFO: Cron ran at: 19-06-2025 11:50:29 AM [] []
[2025-06-19 11:55:25] SlimMonoLogger.INFO: Cron ran at: 19-06-2025 11:55:25 AM [] []
[2025-06-19 12:00:33] SlimMonoLogger.INFO: Cron ran at: 19-06-2025 12:00:33 PM [] []
[2025-06-19 12:05:28] SlimMonoLogger.INFO: Cron ran at: 19-06-2025 12:05:28 PM [] []
[2025-06-19 12:10:26] SlimMonoLogger.INFO: Cron ran at: 19-06-2025 12:10:26 PM [] []
[2025-06-19 12:15:28] SlimMonoLogger.INFO: Cron ran at: 19-06-2025 12:15:28 PM [] []
[2025-06-19 12:20:31] SlimMonoLogger.INFO: Cron ran at: 19-06-2025 12:20:31 PM [] []
[2025-06-19 12:25:28] SlimMonoLogger.INFO: Cron ran at: 19-06-2025 12:25:28 PM [] []
[2025-06-19 12:30:30] SlimMonoLogger.INFO: Cron ran at: 19-06-2025 12:30:30 PM [] []
[2025-06-19 12:35:26] SlimMonoLogger.INFO: Cron ran at: 19-06-2025 12:35:26 PM [] []
[2025-06-19 12:40:25] SlimMonoLogger.INFO: Cron ran at: 19-06-2025 12:40:25 PM [] []
[2025-06-19 12:45:26] SlimMonoLogger.INFO: Cron ran at: 19-06-2025 12:45:26 PM [] []
[2025-06-19 12:50:27] SlimMonoLogger.INFO: Cron ran at: 19-06-2025 12:50:27 PM [] []
[2025-06-19 12:55:25] SlimMonoLogger.INFO: Cron ran at: 19-06-2025 12:55:25 PM [] []
[2025-06-19 13:00:24] SlimMonoLogger.INFO: Cron ran at: 19-06-2025 01:00:24 PM [] []
[2025-06-19 13:05:32] SlimMonoLogger.INFO: Cron ran at: 19-06-2025 01:05:32 PM [] []
[2025-06-19 13:10:24] SlimMonoLogger.INFO: Cron ran at: 19-06-2025 01:10:24 PM [] []
[2025-06-19 13:15:31] SlimMonoLogger.INFO: Cron ran at: 19-06-2025 01:15:31 PM [] []
[2025-06-19 13:20:25] SlimMonoLogger.INFO: Cron ran at: 19-06-2025 01:20:25 PM [] []
[2025-06-19 13:25:26] SlimMonoLogger.INFO: Cron ran at: 19-06-2025 01:25:26 PM [] []
[2025-06-19 13:30:31] SlimMonoLogger.INFO: Cron ran at: 19-06-2025 01:30:31 PM [] []
[2025-06-19 13:35:28] SlimMonoLogger.INFO: Cron ran at: 19-06-2025 01:35:28 PM [] []
[2025-06-19 13:40:23] SlimMonoLogger.INFO: Cron ran at: 19-06-2025 01:40:23 PM [] []
[2025-06-19 13:45:26] SlimMonoLogger.INFO: Cron ran at: 19-06-2025 01:45:26 PM [] []
[2025-06-19 13:50:31] SlimMonoLogger.INFO: Cron ran at: 19-06-2025 01:50:31 PM [] []
[2025-06-19 13:55:31] SlimMonoLogger.INFO: Cron ran at: 19-06-2025 01:55:31 PM [] []
[2025-06-19 14:00:29] SlimMonoLogger.INFO: Cron ran at: 19-06-2025 02:00:29 PM [] []
[2025-06-19 14:05:23] SlimMonoLogger.INFO: Cron ran at: 19-06-2025 02:05:23 PM [] []
[2025-06-19 14:10:25] SlimMonoLogger.INFO: Cron ran at: 19-06-2025 02:10:25 PM [] []
[2025-06-19 14:15:26] SlimMonoLogger.INFO: Cron ran at: 19-06-2025 02:15:26 PM [] []
[2025-06-19 14:20:27] SlimMonoLogger.INFO: Cron ran at: 19-06-2025 02:20:27 PM [] []
[2025-06-19 14:25:35] SlimMonoLogger.INFO: Cron ran at: 19-06-2025 02:25:35 PM [] []
[2025-06-19 14:30:30] SlimMonoLogger.INFO: Cron ran at: 19-06-2025 02:30:30 PM [] []
[2025-06-19 14:35:30] SlimMonoLogger.INFO: Cron ran at: 19-06-2025 02:35:30 PM [] []
[2025-06-19 14:40:28] SlimMonoLogger.INFO: Cron ran at: 19-06-2025 02:40:28 PM [] []
[2025-06-19 14:45:30] SlimMonoLogger.INFO: Cron ran at: 19-06-2025 02:45:30 PM [] []
[2025-06-19 14:50:25] SlimMonoLogger.INFO: Cron ran at: 19-06-2025 02:50:25 PM [] []
[2025-06-19 14:55:23] SlimMonoLogger.INFO: Cron ran at: 19-06-2025 02:55:23 PM [] []
[2025-06-19 15:00:30] SlimMonoLogger.INFO: Cron ran at: 19-06-2025 03:00:30 PM [] []
[2025-06-19 15:05:30] SlimMonoLogger.INFO: Cron ran at: 19-06-2025 03:05:30 PM [] []
[2025-06-19 15:10:32] SlimMonoLogger.INFO: Cron ran at: 19-06-2025 03:10:32 PM [] []
[2025-06-19 15:15:22] SlimMonoLogger.INFO: Cron ran at: 19-06-2025 03:15:22 PM [] []
[2025-06-19 15:20:22] SlimMonoLogger.INFO: Cron ran at: 19-06-2025 03:20:22 PM [] []
[2025-06-19 15:25:24] SlimMonoLogger.INFO: Cron ran at: 19-06-2025 03:25:24 PM [] []
[2025-06-19 15:30:28] SlimMonoLogger.INFO: Cron ran at: 19-06-2025 03:30:28 PM [] []
[2025-06-19 15:35:26] SlimMonoLogger.INFO: Cron ran at: 19-06-2025 03:35:26 PM [] []
[2025-06-19 15:40:24] SlimMonoLogger.INFO: Cron ran at: 19-06-2025 03:40:24 PM [] []
[2025-06-19 15:45:23] SlimMonoLogger.INFO: Cron ran at: 19-06-2025 03:45:23 PM [] []
[2025-06-19 15:50:26] SlimMonoLogger.INFO: Cron ran at: 19-06-2025 03:50:26 PM [] []
[2025-06-19 15:55:30] SlimMonoLogger.INFO: Cron ran at: 19-06-2025 03:55:30 PM [] []
[2025-06-19 16:00:25] SlimMonoLogger.INFO: Cron ran at: 19-06-2025 04:00:25 PM [] []
[2025-06-19 16:05:29] SlimMonoLogger.INFO: Cron ran at: 19-06-2025 04:05:29 PM [] []
[2025-06-19 16:10:23] SlimMonoLogger.INFO: Cron ran at: 19-06-2025 04:10:23 PM [] []
[2025-06-19 16:15:22] SlimMonoLogger.INFO: Cron ran at: 19-06-2025 04:15:22 PM [] []
[2025-06-19 16:20:24] SlimMonoLogger.INFO: Cron ran at: 19-06-2025 04:20:24 PM [] []
[2025-06-19 16:25:23] SlimMonoLogger.INFO: Cron ran at: 19-06-2025 04:25:23 PM [] []
[2025-06-19 16:30:33] SlimMonoLogger.INFO: Cron ran at: 19-06-2025 04:30:33 PM [] []
[2025-06-19 16:35:23] SlimMonoLogger.INFO: Cron ran at: 19-06-2025 04:35:23 PM [] []
[2025-06-19 16:40:24] SlimMonoLogger.INFO: Cron ran at: 19-06-2025 04:40:24 PM [] []
[2025-06-19 16:45:23] SlimMonoLogger.INFO: Cron ran at: 19-06-2025 04:45:23 PM [] []
[2025-06-19 16:50:22] SlimMonoLogger.INFO: Cron ran at: 19-06-2025 04:50:22 PM [] []
[2025-06-19 14:55:11] SlimMonoLogger.CRITICAL: PDOException: SQLSTATE[HY000] [1040] Too many connections in /home/latihtal/public_html/agregator1/src/framework/PDO/Database.php:34
Stack trace:
#0 /home/latihtal/public_html/agregator1/src/framework/PDO/Database.php(34): PDO->__construct()
#1 /home/latihtal/public_html/agregator1/src/dependencies.php(76): Slim\PDO\Database->__construct()
#2 /home/latihtal/public_html/agregator1/src/framework/Helper/Set.php(231): {closure}()
#3 /home/latihtal/public_html/agregator1/src/framework/Helper/Set.php(88): Slim\Helper\Set->Slim\Helper\{closure}()
#4 /home/latihtal/public_html/agregator1/src/framework/Slim.php(232): Slim\Helper\Set->get()
#5 /home/latihtal/public_html/agregator1/src/models/Model.php(176): Slim\Slim->__get()
#6 /home/latihtal/public_html/agregator1/src/models/OptionModel.php(180): spark\models\Model->select()
#7 /home/latihtal/public_html/agregator1/src/models/OptionModel.php(40): spark\models\OptionModel->autoloadOptions()
#8 /home/latihtal/public_html/agregator1/src/dependencies.php(99): spark\models\OptionModel->__construct()
#9 /home/latihtal/public_html/agregator1/src/framework/Helper/Set.php(231): {closure}()
#10 /home/latihtal/public_html/agregator1/src/framework/Helper/Set.php(88): Slim\Helper\Set->Slim\Helper\{closure}()
#11 /home/latihtal/public_html/agregator1/src/framework/Slim.php(232): Slim\Helper\Set->get()
#12 /home/latihtal/public_html/agregator1/src/drivers/Views/ThemeManager.php(34): Slim\Slim->__get()
#13 /home/latihtal/public_html/agregator1/src/dependencies.php(142): spark\drivers\Views\ThemeManager->initEngine()
#14 /home/latihtal/public_html/agregator1/src/bootstrap.php(68): require('/home/latihtal/...')
#15 /home/latihtal/public_html/agregator1/index.php(4): require('/home/latihtal/...')
#16 {main} [] []
[2025-06-19 17:00:25] SlimMonoLogger.INFO: Cron ran at: 19-06-2025 05:00:25 PM [] []
[2025-06-19 17:05:29] SlimMonoLogger.INFO: Cron ran at: 19-06-2025 05:05:29 PM [] []
[2025-06-19 17:10:23] SlimMonoLogger.INFO: Cron ran at: 19-06-2025 05:10:23 PM [] []
[2025-06-19 17:15:27] SlimMonoLogger.INFO: Cron ran at: 19-06-2025 05:15:27 PM [] []
[2025-06-19 17:20:21] SlimMonoLogger.INFO: Cron ran at: 19-06-2025 05:20:21 PM [] []
[2025-06-19 17:25:23] SlimMonoLogger.INFO: Cron ran at: 19-06-2025 05:25:23 PM [] []
[2025-06-19 17:30:28] SlimMonoLogger.INFO: Cron ran at: 19-06-2025 05:30:28 PM [] []
[2025-06-19 17:35:29] SlimMonoLogger.INFO: Cron ran at: 19-06-2025 05:35:29 PM [] []
[2025-06-19 17:40:22] SlimMonoLogger.INFO: Cron ran at: 19-06-2025 05:40:22 PM [] []
[2025-06-19 17:45:29] SlimMonoLogger.INFO: Cron ran at: 19-06-2025 05:45:29 PM [] []
[2025-06-19 17:50:18] SlimMonoLogger.INFO: Cron ran at: 19-06-2025 05:50:18 PM [] []
[2025-06-19 17:55:20] SlimMonoLogger.INFO: Cron ran at: 19-06-2025 05:55:20 PM [] []
[2025-06-19 18:00:19] SlimMonoLogger.INFO: Cron ran at: 19-06-2025 06:00:19 PM [] []
[2025-06-19 18:05:20] SlimMonoLogger.INFO: Cron ran at: 19-06-2025 06:05:20 PM [] []
[2025-06-19 18:10:21] SlimMonoLogger.INFO: Cron ran at: 19-06-2025 06:10:21 PM [] []
[2025-06-19 18:15:21] SlimMonoLogger.INFO: Cron ran at: 19-06-2025 06:15:21 PM [] []
[2025-06-19 18:20:22] SlimMonoLogger.INFO: Cron ran at: 19-06-2025 06:20:22 PM [] []
[2025-06-19 18:25:23] SlimMonoLogger.INFO: Cron ran at: 19-06-2025 06:25:23 PM [] []
[2025-06-19 18:30:24] SlimMonoLogger.INFO: Cron ran at: 19-06-2025 06:30:24 PM [] []
[2025-06-19 18:35:22] SlimMonoLogger.INFO: Cron ran at: 19-06-2025 06:35:22 PM [] []
[2025-06-19 18:40:21] SlimMonoLogger.INFO: Cron ran at: 19-06-2025 06:40:21 PM [] []
[2025-06-19 18:45:26] SlimMonoLogger.INFO: Cron ran at: 19-06-2025 06:45:26 PM [] []
[2025-06-19 18:50:23] SlimMonoLogger.INFO: Cron ran at: 19-06-2025 06:50:23 PM [] []
[2025-06-19 18:55:19] SlimMonoLogger.INFO: Cron ran at: 19-06-2025 06:55:19 PM [] []
[2025-06-19 19:00:24] SlimMonoLogger.INFO: Cron ran at: 19-06-2025 07:00:24 PM [] []
[2025-06-19 19:05:26] SlimMonoLogger.INFO: Cron ran at: 19-06-2025 07:05:26 PM [] []
[2025-06-19 19:10:22] SlimMonoLogger.INFO: Cron ran at: 19-06-2025 07:10:22 PM [] []
[2025-06-19 19:15:27] SlimMonoLogger.INFO: Cron ran at: 19-06-2025 07:15:27 PM [] []
[2025-06-19 19:20:28] SlimMonoLogger.INFO: Cron ran at: 19-06-2025 07:20:28 PM [] []
[2025-06-19 19:25:26] SlimMonoLogger.INFO: Cron ran at: 19-06-2025 07:25:26 PM [] []
[2025-06-19 19:30:24] SlimMonoLogger.INFO: Cron ran at: 19-06-2025 07:30:24 PM [] []
[2025-06-19 19:35:22] SlimMonoLogger.INFO: Cron ran at: 19-06-2025 07:35:22 PM [] []
[2025-06-19 19:40:24] SlimMonoLogger.INFO: Cron ran at: 19-06-2025 07:40:24 PM [] []
[2025-06-19 19:45:22] SlimMonoLogger.INFO: Cron ran at: 19-06-2025 07:45:22 PM [] []
[2025-06-19 19:50:21] SlimMonoLogger.INFO: Cron ran at: 19-06-2025 07:50:21 PM [] []
[2025-06-19 19:55:23] SlimMonoLogger.INFO: Cron ran at: 19-06-2025 07:55:23 PM [] []
[2025-06-19 20:00:23] SlimMonoLogger.INFO: Cron ran at: 19-06-2025 08:00:23 PM [] []
[2025-06-19 20:05:27] SlimMonoLogger.INFO: Cron ran at: 19-06-2025 08:05:27 PM [] []
[2025-06-19 20:10:33] SlimMonoLogger.INFO: Cron ran at: 19-06-2025 08:10:33 PM [] []
[2025-06-19 20:15:28] SlimMonoLogger.INFO: Cron ran at: 19-06-2025 08:15:28 PM [] []
[2025-06-19 20:20:24] SlimMonoLogger.INFO: Cron ran at: 19-06-2025 08:20:24 PM [] []
[2025-06-19 20:25:20] SlimMonoLogger.INFO: Cron ran at: 19-06-2025 08:25:20 PM [] []
[2025-06-19 20:30:25] SlimMonoLogger.INFO: Cron ran at: 19-06-2025 08:30:25 PM [] []
[2025-06-19 20:35:24] SlimMonoLogger.INFO: Cron ran at: 19-06-2025 08:35:24 PM [] []
[2025-06-19 20:40:26] SlimMonoLogger.INFO: Cron ran at: 19-06-2025 08:40:26 PM [] []
[2025-06-19 20:45:28] SlimMonoLogger.INFO: Cron ran at: 19-06-2025 08:45:28 PM [] []
[2025-06-19 20:50:27] SlimMonoLogger.INFO: Cron ran at: 19-06-2025 08:50:27 PM [] []
[2025-06-19 20:55:25] SlimMonoLogger.INFO: Cron ran at: 19-06-2025 08:55:25 PM [] []
[2025-06-19 21:00:29] SlimMonoLogger.INFO: Cron ran at: 19-06-2025 09:00:29 PM [] []
[2025-06-19 21:05:23] SlimMonoLogger.INFO: Cron ran at: 19-06-2025 09:05:23 PM [] []
[2025-06-19 21:10:29] SlimMonoLogger.INFO: Cron ran at: 19-06-2025 09:10:29 PM [] []
[2025-06-19 21:15:26] SlimMonoLogger.INFO: Cron ran at: 19-06-2025 09:15:26 PM [] []
[2025-06-19 21:20:21] SlimMonoLogger.INFO: Cron ran at: 19-06-2025 09:20:21 PM [] []
[2025-06-19 21:25:28] SlimMonoLogger.INFO: Cron ran at: 19-06-2025 09:25:28 PM [] []
[2025-06-19 21:30:20] SlimMonoLogger.INFO: Cron ran at: 19-06-2025 09:30:20 PM [] []
[2025-06-19 21:35:26] SlimMonoLogger.INFO: Cron ran at: 19-06-2025 09:35:26 PM [] []
[2025-06-19 21:40:24] SlimMonoLogger.INFO: Cron ran at: 19-06-2025 09:40:24 PM [] []
[2025-06-19 21:45:27] SlimMonoLogger.INFO: Cron ran at: 19-06-2025 09:45:27 PM [] []
[2025-06-19 21:50:32] SlimMonoLogger.INFO: Cron ran at: 19-06-2025 09:50:32 PM [] []
[2025-06-19 21:55:24] SlimMonoLogger.INFO: Cron ran at: 19-06-2025 09:55:24 PM [] []
[2025-06-19 22:00:22] SlimMonoLogger.INFO: Cron ran at: 19-06-2025 10:00:22 PM [] []
[2025-06-19 22:05:26] SlimMonoLogger.INFO: Cron ran at: 19-06-2025 10:05:26 PM [] []
[2025-06-19 22:10:22] SlimMonoLogger.INFO: Cron ran at: 19-06-2025 10:10:22 PM [] []
[2025-06-19 22:15:22] SlimMonoLogger.INFO: Cron ran at: 19-06-2025 10:15:22 PM [] []
[2025-06-19 22:20:19] SlimMonoLogger.INFO: Cron ran at: 19-06-2025 10:20:19 PM [] []
[2025-06-19 22:25:21] SlimMonoLogger.INFO: Cron ran at: 19-06-2025 10:25:21 PM [] []
[2025-06-19 22:30:23] SlimMonoLogger.INFO: Cron ran at: 19-06-2025 10:30:23 PM [] []
[2025-06-19 22:35:20] SlimMonoLogger.INFO: Cron ran at: 19-06-2025 10:35:20 PM [] []
[2025-06-19 22:40:21] SlimMonoLogger.INFO: Cron ran at: 19-06-2025 10:40:21 PM [] []
[2025-06-19 22:45:25] SlimMonoLogger.INFO: Cron ran at: 19-06-2025 10:45:25 PM [] []
[2025-06-19 22:50:20] SlimMonoLogger.INFO: Cron ran at: 19-06-2025 10:50:20 PM [] []
[2025-06-19 22:55:19] SlimMonoLogger.INFO: Cron ran at: 19-06-2025 10:55:19 PM [] []
[2025-06-19 23:00:25] SlimMonoLogger.INFO: Cron ran at: 19-06-2025 11:00:25 PM [] []
[2025-06-19 23:05:18] SlimMonoLogger.INFO: Cron ran at: 19-06-2025 11:05:18 PM [] []
[2025-06-19 23:10:21] SlimMonoLogger.INFO: Cron ran at: 19-06-2025 11:10:21 PM [] []
[2025-06-19 23:15:20] SlimMonoLogger.INFO: Cron ran at: 19-06-2025 11:15:20 PM [] []
[2025-06-19 23:20:20] SlimMonoLogger.INFO: Cron ran at: 19-06-2025 11:20:20 PM [] []
[2025-06-19 23:25:21] SlimMonoLogger.INFO: Cron ran at: 19-06-2025 11:25:21 PM [] []
[2025-06-19 23:30:24] SlimMonoLogger.INFO: Cron ran at: 19-06-2025 11:30:24 PM [] []
[2025-06-19 23:35:20] SlimMonoLogger.INFO: Cron ran at: 19-06-2025 11:35:20 PM [] []
[2025-06-19 23:40:20] SlimMonoLogger.INFO: Cron ran at: 19-06-2025 11:40:20 PM [] []
[2025-06-19 23:45:22] SlimMonoLogger.INFO: Cron ran at: 19-06-2025 11:45:22 PM [] []
[2025-06-19 23:50:22] SlimMonoLogger.INFO: Cron ran at: 19-06-2025 11:50:22 PM [] []
[2025-06-19 23:55:22] SlimMonoLogger.INFO: Cron ran at: 19-06-2025 11:55:22 PM [] []
[2025-06-20 00:00:22] SlimMonoLogger.INFO: Cron ran at: 20-06-2025 12:00:22 AM [] []
[2025-06-20 00:05:22] SlimMonoLogger.INFO: Cron ran at: 20-06-2025 12:05:22 AM [] []
[2025-06-20 00:10:22] SlimMonoLogger.INFO: Cron ran at: 20-06-2025 12:10:22 AM [] []
[2025-06-20 00:15:20] SlimMonoLogger.INFO: Cron ran at: 20-06-2025 12:15:20 AM [] []
[2025-06-20 00:20:21] SlimMonoLogger.INFO: Cron ran at: 20-06-2025 12:20:21 AM [] []
[2025-06-20 00:25:23] SlimMonoLogger.INFO: Cron ran at: 20-06-2025 12:25:23 AM [] []
[2025-06-20 00:30:23] SlimMonoLogger.INFO: Cron ran at: 20-06-2025 12:30:23 AM [] []
[2025-06-20 00:35:21] SlimMonoLogger.INFO: Cron ran at: 20-06-2025 12:35:21 AM [] []
[2025-06-20 00:40:21] SlimMonoLogger.INFO: Cron ran at: 20-06-2025 12:40:21 AM [] []
[2025-06-20 00:45:25] SlimMonoLogger.INFO: Cron ran at: 20-06-2025 12:45:25 AM [] []
[2025-06-20 00:50:21] SlimMonoLogger.INFO: Cron ran at: 20-06-2025 12:50:21 AM [] []
[2025-06-20 00:55:25] SlimMonoLogger.INFO: Cron ran at: 20-06-2025 12:55:25 AM [] []
[2025-06-20 01:00:25] SlimMonoLogger.INFO: Cron ran at: 20-06-2025 01:00:25 AM [] []
[2025-06-20 01:05:20] SlimMonoLogger.INFO: Cron ran at: 20-06-2025 01:05:20 AM [] []
[2025-06-20 01:10:19] SlimMonoLogger.INFO: Cron ran at: 20-06-2025 01:10:19 AM [] []
[2025-06-20 01:15:19] SlimMonoLogger.INFO: Cron ran at: 20-06-2025 01:15:19 AM [] []
[2025-06-20 01:20:22] SlimMonoLogger.INFO: Cron ran at: 20-06-2025 01:20:22 AM [] []
[2025-06-20 01:25:20] SlimMonoLogger.INFO: Cron ran at: 20-06-2025 01:25:20 AM [] []
[2025-06-20 01:30:22] SlimMonoLogger.INFO: Cron ran at: 20-06-2025 01:30:22 AM [] []
[2025-06-20 01:35:21] SlimMonoLogger.INFO: Cron ran at: 20-06-2025 01:35:21 AM [] []
[2025-06-20 01:40:19] SlimMonoLogger.INFO: Cron ran at: 20-06-2025 01:40:19 AM [] []
[2025-06-20 01:45:21] SlimMonoLogger.INFO: Cron ran at: 20-06-2025 01:45:21 AM [] []
[2025-06-20 01:50:21] SlimMonoLogger.INFO: Cron ran at: 20-06-2025 01:50:21 AM [] []
[2025-06-20 01:55:20] SlimMonoLogger.INFO: Cron ran at: 20-06-2025 01:55:20 AM [] []
