[2025-03-19 01:00:36] SlimMonoLogger.INFO: Cron ran at: 19-03-2025 01:00:36 AM [] []
[2025-03-19 01:05:28] SlimMonoLogger.INFO: Cron ran at: 19-03-2025 01:05:28 AM [] []
[2025-03-19 01:10:34] SlimMonoLogger.INFO: Cron ran at: 19-03-2025 01:10:34 AM [] []
[2025-03-19 01:15:27] SlimMonoLogger.INFO: Cron ran at: 19-03-2025 01:15:27 AM [] []
[2025-03-19 01:20:30] SlimMonoLogger.INFO: Cron ran at: 19-03-2025 01:20:30 AM [] []
[2025-03-19 01:25:28] SlimMonoLogger.INFO: Cron ran at: 19-03-2025 01:25:28 AM [] []
[2025-03-19 01:30:37] SlimMonoLogger.INFO: Cron ran at: 19-03-2025 01:30:37 AM [] []
[2025-03-19 01:35:28] SlimMonoLogger.INFO: Cron ran at: 19-03-2025 01:35:28 AM [] []
[2025-03-19 01:40:30] SlimMonoLogger.INFO: Cron ran at: 19-03-2025 01:40:30 AM [] []
[2025-03-19 01:45:30] SlimMonoLogger.INFO: Cron ran at: 19-03-2025 01:45:30 AM [] []
[2025-03-19 01:50:28] SlimMonoLogger.INFO: Cron ran at: 19-03-2025 01:50:28 AM [] []
[2025-03-19 01:55:34] SlimMonoLogger.INFO: Cron ran at: 19-03-2025 01:55:34 AM [] []
[2025-03-19 02:00:28] SlimMonoLogger.INFO: Cron ran at: 19-03-2025 02:00:28 AM [] []
[2025-03-19 02:05:25] SlimMonoLogger.INFO: Cron ran at: 19-03-2025 02:05:25 AM [] []
[2025-03-19 02:10:24] SlimMonoLogger.INFO: Cron ran at: 19-03-2025 02:10:24 AM [] []
[2025-03-19 02:15:25] SlimMonoLogger.INFO: Cron ran at: 19-03-2025 02:15:25 AM [] []
[2025-03-19 02:20:25] SlimMonoLogger.INFO: Cron ran at: 19-03-2025 02:20:25 AM [] []
[2025-03-19 02:25:24] SlimMonoLogger.INFO: Cron ran at: 19-03-2025 02:25:24 AM [] []
[2025-03-19 02:30:27] SlimMonoLogger.INFO: Cron ran at: 19-03-2025 02:30:27 AM [] []
[2025-03-19 02:35:27] SlimMonoLogger.INFO: Cron ran at: 19-03-2025 02:35:27 AM [] []
[2025-03-19 02:40:24] SlimMonoLogger.INFO: Cron ran at: 19-03-2025 02:40:24 AM [] []
[2025-03-19 02:45:23] SlimMonoLogger.INFO: Cron ran at: 19-03-2025 02:45:23 AM [] []
[2025-03-19 02:50:22] SlimMonoLogger.INFO: Cron ran at: 19-03-2025 02:50:22 AM [] []
[2025-03-19 02:55:25] SlimMonoLogger.INFO: Cron ran at: 19-03-2025 02:55:25 AM [] []
[2025-03-19 03:00:26] SlimMonoLogger.INFO: Cron ran at: 19-03-2025 03:00:26 AM [] []
[2025-03-19 03:05:27] SlimMonoLogger.INFO: Cron ran at: 19-03-2025 03:05:27 AM [] []
[2025-03-19 03:10:26] SlimMonoLogger.INFO: Cron ran at: 19-03-2025 03:10:26 AM [] []
[2025-03-19 03:15:28] SlimMonoLogger.INFO: Cron ran at: 19-03-2025 03:15:28 AM [] []
[2025-03-19 03:20:25] SlimMonoLogger.INFO: Cron ran at: 19-03-2025 03:20:25 AM [] []
[2025-03-19 03:25:27] SlimMonoLogger.INFO: Cron ran at: 19-03-2025 03:25:27 AM [] []
[2025-03-19 03:30:24] SlimMonoLogger.INFO: Cron ran at: 19-03-2025 03:30:24 AM [] []
[2025-03-19 03:35:28] SlimMonoLogger.INFO: Cron ran at: 19-03-2025 03:35:28 AM [] []
[2025-03-19 03:40:25] SlimMonoLogger.INFO: Cron ran at: 19-03-2025 03:40:25 AM [] []
[2025-03-19 03:45:22] SlimMonoLogger.INFO: Cron ran at: 19-03-2025 03:45:22 AM [] []
[2025-03-19 03:50:29] SlimMonoLogger.INFO: Cron ran at: 19-03-2025 03:50:29 AM [] []
[2025-03-19 03:55:25] SlimMonoLogger.INFO: Cron ran at: 19-03-2025 03:55:25 AM [] []
[2025-03-19 04:00:26] SlimMonoLogger.INFO: Cron ran at: 19-03-2025 04:00:26 AM [] []
[2025-03-19 04:05:27] SlimMonoLogger.INFO: Cron ran at: 19-03-2025 04:05:27 AM [] []
[2025-03-19 04:10:32] SlimMonoLogger.INFO: Cron ran at: 19-03-2025 04:10:32 AM [] []
[2025-03-19 04:15:29] SlimMonoLogger.INFO: Cron ran at: 19-03-2025 04:15:29 AM [] []
[2025-03-19 04:20:23] SlimMonoLogger.INFO: Cron ran at: 19-03-2025 04:20:23 AM [] []
[2025-03-19 04:25:23] SlimMonoLogger.INFO: Cron ran at: 19-03-2025 04:25:23 AM [] []
[2025-03-19 04:30:26] SlimMonoLogger.INFO: Cron ran at: 19-03-2025 04:30:26 AM [] []
[2025-03-19 04:35:25] SlimMonoLogger.INFO: Cron ran at: 19-03-2025 04:35:25 AM [] []
[2025-03-19 04:40:24] SlimMonoLogger.INFO: Cron ran at: 19-03-2025 04:40:24 AM [] []
[2025-03-19 04:45:24] SlimMonoLogger.INFO: Cron ran at: 19-03-2025 04:45:24 AM [] []
[2025-03-19 04:50:23] SlimMonoLogger.INFO: Cron ran at: 19-03-2025 04:50:23 AM [] []
[2025-03-19 04:55:25] SlimMonoLogger.INFO: Cron ran at: 19-03-2025 04:55:25 AM [] []
[2025-03-19 05:00:28] SlimMonoLogger.INFO: Cron ran at: 19-03-2025 05:00:28 AM [] []
[2025-03-19 05:05:23] SlimMonoLogger.INFO: Cron ran at: 19-03-2025 05:05:23 AM [] []
[2025-03-19 05:10:32] SlimMonoLogger.INFO: Cron ran at: 19-03-2025 05:10:32 AM [] []
[2025-03-19 05:15:31] SlimMonoLogger.INFO: Cron ran at: 19-03-2025 05:15:31 AM [] []
[2025-03-19 05:20:23] SlimMonoLogger.INFO: Cron ran at: 19-03-2025 05:20:23 AM [] []
[2025-03-19 05:25:24] SlimMonoLogger.INFO: Cron ran at: 19-03-2025 05:25:24 AM [] []
[2025-03-19 05:30:25] SlimMonoLogger.INFO: Cron ran at: 19-03-2025 05:30:25 AM [] []
[2025-03-19 05:35:23] SlimMonoLogger.INFO: Cron ran at: 19-03-2025 05:35:23 AM [] []
[2025-03-19 05:40:37] SlimMonoLogger.INFO: Cron ran at: 19-03-2025 05:40:37 AM [] []
[2025-03-19 05:45:25] SlimMonoLogger.INFO: Cron ran at: 19-03-2025 05:45:25 AM [] []
[2025-03-19 05:50:23] SlimMonoLogger.INFO: Cron ran at: 19-03-2025 05:50:23 AM [] []
[2025-03-19 05:55:28] SlimMonoLogger.INFO: Cron ran at: 19-03-2025 05:55:28 AM [] []
[2025-03-19 06:00:27] SlimMonoLogger.INFO: Cron ran at: 19-03-2025 06:00:27 AM [] []
[2025-03-19 06:05:26] SlimMonoLogger.INFO: Cron ran at: 19-03-2025 06:05:26 AM [] []
[2025-03-19 06:10:25] SlimMonoLogger.INFO: Cron ran at: 19-03-2025 06:10:25 AM [] []
[2025-03-19 06:15:29] SlimMonoLogger.INFO: Cron ran at: 19-03-2025 06:15:29 AM [] []
[2025-03-19 06:20:24] SlimMonoLogger.INFO: Cron ran at: 19-03-2025 06:20:24 AM [] []
[2025-03-19 06:25:27] SlimMonoLogger.INFO: Cron ran at: 19-03-2025 06:25:27 AM [] []
[2025-03-19 06:30:25] SlimMonoLogger.INFO: Cron ran at: 19-03-2025 06:30:25 AM [] []
[2025-03-19 06:35:27] SlimMonoLogger.INFO: Cron ran at: 19-03-2025 06:35:27 AM [] []
[2025-03-19 06:40:25] SlimMonoLogger.INFO: Cron ran at: 19-03-2025 06:40:25 AM [] []
[2025-03-19 06:45:27] SlimMonoLogger.INFO: Cron ran at: 19-03-2025 06:45:27 AM [] []
[2025-03-19 06:50:26] SlimMonoLogger.INFO: Cron ran at: 19-03-2025 06:50:26 AM [] []
[2025-03-19 06:55:28] SlimMonoLogger.INFO: Cron ran at: 19-03-2025 06:55:28 AM [] []
[2025-03-19 07:00:27] SlimMonoLogger.INFO: Cron ran at: 19-03-2025 07:00:27 AM [] []
[2025-03-19 07:05:24] SlimMonoLogger.INFO: Cron ran at: 19-03-2025 07:05:24 AM [] []
[2025-03-19 07:10:28] SlimMonoLogger.INFO: Cron ran at: 19-03-2025 07:10:28 AM [] []
[2025-03-19 07:15:26] SlimMonoLogger.INFO: Cron ran at: 19-03-2025 07:15:26 AM [] []
[2025-03-19 07:20:25] SlimMonoLogger.INFO: Cron ran at: 19-03-2025 07:20:25 AM [] []
[2025-03-19 07:25:25] SlimMonoLogger.INFO: Cron ran at: 19-03-2025 07:25:25 AM [] []
[2025-03-19 07:30:33] SlimMonoLogger.INFO: Cron ran at: 19-03-2025 07:30:33 AM [] []
[2025-03-19 07:35:23] SlimMonoLogger.INFO: Cron ran at: 19-03-2025 07:35:23 AM [] []
[2025-03-19 07:40:25] SlimMonoLogger.INFO: Cron ran at: 19-03-2025 07:40:25 AM [] []
[2025-03-19 07:45:24] SlimMonoLogger.INFO: Cron ran at: 19-03-2025 07:45:24 AM [] []
[2025-03-19 07:50:26] SlimMonoLogger.INFO: Cron ran at: 19-03-2025 07:50:26 AM [] []
[2025-03-19 07:55:25] SlimMonoLogger.INFO: Cron ran at: 19-03-2025 07:55:25 AM [] []
[2025-03-19 08:00:29] SlimMonoLogger.INFO: Cron ran at: 19-03-2025 08:00:29 AM [] []
[2025-03-19 08:05:26] SlimMonoLogger.INFO: Cron ran at: 19-03-2025 08:05:26 AM [] []
[2025-03-19 08:10:33] SlimMonoLogger.INFO: Cron ran at: 19-03-2025 08:10:33 AM [] []
[2025-03-19 08:15:40] SlimMonoLogger.INFO: Cron ran at: 19-03-2025 08:15:40 AM [] []
[2025-03-19 08:20:26] SlimMonoLogger.INFO: Cron ran at: 19-03-2025 08:20:26 AM [] []
[2025-03-19 08:25:47] SlimMonoLogger.INFO: Cron ran at: 19-03-2025 08:25:47 AM [] []
[2025-03-19 08:30:33] SlimMonoLogger.INFO: Cron ran at: 19-03-2025 08:30:33 AM [] []
[2025-03-19 08:35:40] SlimMonoLogger.INFO: Cron ran at: 19-03-2025 08:35:40 AM [] []
[2025-03-19 08:40:37] SlimMonoLogger.INFO: Cron ran at: 19-03-2025 08:40:37 AM [] []
[2025-03-19 08:45:37] SlimMonoLogger.INFO: Cron ran at: 19-03-2025 08:45:37 AM [] []
[2025-03-19 08:50:39] SlimMonoLogger.INFO: Cron ran at: 19-03-2025 08:50:39 AM [] []
[2025-03-19 08:55:37] SlimMonoLogger.INFO: Cron ran at: 19-03-2025 08:55:37 AM [] []
[2025-03-19 09:00:34] SlimMonoLogger.INFO: Cron ran at: 19-03-2025 09:00:34 AM [] []
[2025-03-19 09:05:30] SlimMonoLogger.INFO: Cron ran at: 19-03-2025 09:05:30 AM [] []
[2025-03-19 09:10:25] SlimMonoLogger.INFO: Cron ran at: 19-03-2025 09:10:25 AM [] []
[2025-03-19 09:15:34] SlimMonoLogger.INFO: Cron ran at: 19-03-2025 09:15:34 AM [] []
[2025-03-19 09:20:33] SlimMonoLogger.INFO: Cron ran at: 19-03-2025 09:20:33 AM [] []
[2025-03-19 09:25:28] SlimMonoLogger.INFO: Cron ran at: 19-03-2025 09:25:28 AM [] []
[2025-03-19 09:30:36] SlimMonoLogger.INFO: Cron ran at: 19-03-2025 09:30:36 AM [] []
[2025-03-19 09:36:01] SlimMonoLogger.INFO: Cron ran at: 19-03-2025 09:36:01 AM [] []
[2025-03-19 09:46:10] SlimMonoLogger.INFO: Cron ran at: 19-03-2025 09:46:10 AM [] []
[2025-03-19 09:46:37] SlimMonoLogger.INFO: Cron ran at: 19-03-2025 09:46:37 AM [] []
[2025-03-19 09:50:34] SlimMonoLogger.INFO: Cron ran at: 19-03-2025 09:50:34 AM [] []
[2025-03-19 09:55:31] SlimMonoLogger.INFO: Cron ran at: 19-03-2025 09:55:31 AM [] []
[2025-03-19 10:00:35] SlimMonoLogger.INFO: Cron ran at: 19-03-2025 10:00:35 AM [] []
[2025-03-19 10:05:27] SlimMonoLogger.INFO: Cron ran at: 19-03-2025 10:05:27 AM [] []
[2025-03-19 10:10:32] SlimMonoLogger.INFO: Cron ran at: 19-03-2025 10:10:32 AM [] []
[2025-03-19 10:15:30] SlimMonoLogger.INFO: Cron ran at: 19-03-2025 10:15:30 AM [] []
[2025-03-19 10:21:51] SlimMonoLogger.INFO: Cron ran at: 19-03-2025 10:21:51 AM [] []
[2025-03-19 10:26:06] SlimMonoLogger.INFO: Cron ran at: 19-03-2025 10:26:06 AM [] []
[2025-03-19 10:30:45] SlimMonoLogger.INFO: Cron ran at: 19-03-2025 10:30:45 AM [] []
[2025-03-19 10:36:21] SlimMonoLogger.INFO: Cron ran at: 19-03-2025 10:36:21 AM [] []
[2025-03-19 10:40:55] SlimMonoLogger.INFO: Cron ran at: 19-03-2025 10:40:55 AM [] []
[2025-03-19 10:45:47] SlimMonoLogger.INFO: Cron ran at: 19-03-2025 10:45:47 AM [] []
[2025-03-19 10:50:49] SlimMonoLogger.INFO: Cron ran at: 19-03-2025 10:50:49 AM [] []
[2025-03-19 10:56:54] SlimMonoLogger.INFO: Cron ran at: 19-03-2025 10:56:54 AM [] []
[2025-03-19 11:00:37] SlimMonoLogger.INFO: Cron ran at: 19-03-2025 11:00:37 AM [] []
[2025-03-19 11:05:33] SlimMonoLogger.INFO: Cron ran at: 19-03-2025 11:05:33 AM [] []
[2025-03-19 11:10:38] SlimMonoLogger.INFO: Cron ran at: 19-03-2025 11:10:38 AM [] []
[2025-03-19 11:15:36] SlimMonoLogger.INFO: Cron ran at: 19-03-2025 11:15:36 AM [] []
[2025-03-19 11:20:49] SlimMonoLogger.INFO: Cron ran at: 19-03-2025 11:20:49 AM [] []
[2025-03-19 11:25:27] SlimMonoLogger.INFO: Cron ran at: 19-03-2025 11:25:27 AM [] []
[2025-03-19 11:30:25] SlimMonoLogger.INFO: Cron ran at: 19-03-2025 11:30:25 AM [] []
[2025-03-19 11:35:32] SlimMonoLogger.INFO: Cron ran at: 19-03-2025 11:35:32 AM [] []
[2025-03-19 11:40:29] SlimMonoLogger.INFO: Cron ran at: 19-03-2025 11:40:29 AM [] []
[2025-03-19 11:45:36] SlimMonoLogger.INFO: Cron ran at: 19-03-2025 11:45:36 AM [] []
[2025-03-19 11:50:38] SlimMonoLogger.INFO: Cron ran at: 19-03-2025 11:50:38 AM [] []
[2025-03-19 11:55:30] SlimMonoLogger.INFO: Cron ran at: 19-03-2025 11:55:30 AM [] []
[2025-03-19 12:00:36] SlimMonoLogger.INFO: Cron ran at: 19-03-2025 12:00:36 PM [] []
[2025-03-19 12:05:29] SlimMonoLogger.INFO: Cron ran at: 19-03-2025 12:05:29 PM [] []
[2025-03-19 12:12:32] SlimMonoLogger.ERROR: Requests_Exception: cURL error 28: Failed to connect to antropol.mk port 443 after 132039 ms: Could not connect to server in /home/latihtal/public_html/agregator1/src/vendor/rmccue/requests/library/Requests/Transport/cURL.php:422
Stack trace:
#0 /home/latihtal/public_html/agregator1/src/vendor/rmccue/requests/library/Requests/Transport/cURL.php(177): Requests_Transport_cURL->process_response()
#1 /home/latihtal/public_html/agregator1/src/vendor/rmccue/requests/library/Requests.php(379): Requests_Transport_cURL->request()
#2 /home/latihtal/public_html/agregator1/src/vendor/rmccue/requests/library/Requests/Session.php(205): Requests::request()
#3 /home/latihtal/public_html/agregator1/src/vendor/rmccue/requests/library/Requests/Session.php(132): Requests_Session->request()
#4 /home/latihtal/public_html/agregator1/src/drivers/Http/RssImporter.php(144): Requests_Session->get()
#5 /home/latihtal/public_html/agregator1/src/controllers/Dashboard/DashboardFeedsController.php(534): spark\drivers\Http\RssImporter->fetchPosts()
#6 /home/latihtal/public_html/agregator1/src/controllers/Site/SiteController.php(722): spark\controllers\Dashboard\DashboardFeedsController::importFeedPosts()
#7 [internal function]: spark\controllers\Site\SiteController->runTasks()
#8 /home/latihtal/public_html/agregator1/src/framework/Route.php(173): call_user_func_array()
#9 [internal function]: Slim\Route->Slim\{closure}()
#10 /home/latihtal/public_html/agregator1/src/framework/Route.php(468): call_user_func_array()
#11 /home/latihtal/public_html/agregator1/src/framework/Slim.php(1364): Slim\Route->dispatch()
#12 /home/latihtal/public_html/agregator1/src/framework/Middleware/Flash.php(85): Slim\Slim->call()
#13 /home/latihtal/public_html/agregator1/src/framework/Middleware/MethodOverride.php(92): Slim\Middleware\Flash->call()
#14 /home/latihtal/public_html/agregator1/src/middlewares/CsrfGuard/CsrfGuard.php(47): Slim\Middleware\MethodOverride->call()
#15 /home/latihtal/public_html/agregator1/src/framework/Middleware/PrettyExceptions.php(67): spark\middlewares\CsrfGuard\CsrfGuard->call()
#16 /home/latihtal/public_html/agregator1/src/framework/Slim.php(1308): Slim\Middleware\PrettyExceptions->call()
#17 /home/latihtal/public_html/agregator1/index.php(6): Slim\Slim->run()
#18 {main} [] []
[2025-03-19 12:12:56] SlimMonoLogger.INFO: Cron ran at: 19-03-2025 12:12:56 PM [] []
[2025-03-19 12:15:33] SlimMonoLogger.INFO: Cron ran at: 19-03-2025 12:15:33 PM [] []
[2025-03-19 12:20:31] SlimMonoLogger.INFO: Cron ran at: 19-03-2025 12:20:31 PM [] []
[2025-03-19 12:25:38] SlimMonoLogger.INFO: Cron ran at: 19-03-2025 12:25:38 PM [] []
[2025-03-19 12:31:01] SlimMonoLogger.INFO: Cron ran at: 19-03-2025 12:31:01 PM [] []
[2025-03-19 12:35:39] SlimMonoLogger.INFO: Cron ran at: 19-03-2025 12:35:39 PM [] []
[2025-03-19 12:40:34] SlimMonoLogger.INFO: Cron ran at: 19-03-2025 12:40:34 PM [] []
[2025-03-19 12:45:32] SlimMonoLogger.INFO: Cron ran at: 19-03-2025 12:45:32 PM [] []
[2025-03-19 12:50:44] SlimMonoLogger.INFO: Cron ran at: 19-03-2025 12:50:44 PM [] []
[2025-03-19 12:55:32] SlimMonoLogger.INFO: Cron ran at: 19-03-2025 12:55:32 PM [] []
[2025-03-19 13:00:34] SlimMonoLogger.INFO: Cron ran at: 19-03-2025 01:00:34 PM [] []
[2025-03-19 13:05:34] SlimMonoLogger.INFO: Cron ran at: 19-03-2025 01:05:34 PM [] []
[2025-03-19 13:10:29] SlimMonoLogger.INFO: Cron ran at: 19-03-2025 01:10:29 PM [] []
[2025-03-19 13:15:33] SlimMonoLogger.INFO: Cron ran at: 19-03-2025 01:15:33 PM [] []
[2025-03-19 13:20:35] SlimMonoLogger.INFO: Cron ran at: 19-03-2025 01:20:35 PM [] []
[2025-03-19 13:25:35] SlimMonoLogger.INFO: Cron ran at: 19-03-2025 01:25:35 PM [] []
[2025-03-19 13:30:30] SlimMonoLogger.INFO: Cron ran at: 19-03-2025 01:30:30 PM [] []
[2025-03-19 13:35:35] SlimMonoLogger.INFO: Cron ran at: 19-03-2025 01:35:35 PM [] []
[2025-03-19 13:40:30] SlimMonoLogger.INFO: Cron ran at: 19-03-2025 01:40:30 PM [] []
[2025-03-19 13:45:27] SlimMonoLogger.INFO: Cron ran at: 19-03-2025 01:45:27 PM [] []
[2025-03-19 13:50:36] SlimMonoLogger.INFO: Cron ran at: 19-03-2025 01:50:36 PM [] []
[2025-03-19 13:55:34] SlimMonoLogger.INFO: Cron ran at: 19-03-2025 01:55:34 PM [] []
[2025-03-19 14:00:34] SlimMonoLogger.INFO: Cron ran at: 19-03-2025 02:00:34 PM [] []
[2025-03-19 14:05:37] SlimMonoLogger.INFO: Cron ran at: 19-03-2025 02:05:37 PM [] []
[2025-03-19 14:10:35] SlimMonoLogger.INFO: Cron ran at: 19-03-2025 02:10:35 PM [] []
[2025-03-19 14:15:31] SlimMonoLogger.INFO: Cron ran at: 19-03-2025 02:15:31 PM [] []
[2025-03-19 14:20:37] SlimMonoLogger.INFO: Cron ran at: 19-03-2025 02:20:37 PM [] []
[2025-03-19 14:25:32] SlimMonoLogger.INFO: Cron ran at: 19-03-2025 02:25:32 PM [] []
[2025-03-19 14:30:33] SlimMonoLogger.INFO: Cron ran at: 19-03-2025 02:30:33 PM [] []
[2025-03-19 14:35:29] SlimMonoLogger.INFO: Cron ran at: 19-03-2025 02:35:29 PM [] []
[2025-03-19 14:40:32] SlimMonoLogger.INFO: Cron ran at: 19-03-2025 02:40:32 PM [] []
[2025-03-19 14:45:30] SlimMonoLogger.INFO: Cron ran at: 19-03-2025 02:45:30 PM [] []
[2025-03-19 14:50:33] SlimMonoLogger.INFO: Cron ran at: 19-03-2025 02:50:33 PM [] []
[2025-03-19 14:55:29] SlimMonoLogger.INFO: Cron ran at: 19-03-2025 02:55:29 PM [] []
[2025-03-19 15:00:37] SlimMonoLogger.INFO: Cron ran at: 19-03-2025 03:00:37 PM [] []
[2025-03-19 15:05:32] SlimMonoLogger.INFO: Cron ran at: 19-03-2025 03:05:32 PM [] []
[2025-03-19 15:10:33] SlimMonoLogger.INFO: Cron ran at: 19-03-2025 03:10:33 PM [] []
[2025-03-19 15:17:01] SlimMonoLogger.INFO: Cron ran at: 19-03-2025 03:17:01 PM [] []
[2025-03-19 15:20:38] SlimMonoLogger.INFO: Cron ran at: 19-03-2025 03:20:38 PM [] []
[2025-03-19 15:25:35] SlimMonoLogger.INFO: Cron ran at: 19-03-2025 03:25:35 PM [] []
[2025-03-19 15:30:39] SlimMonoLogger.INFO: Cron ran at: 19-03-2025 03:30:39 PM [] []
[2025-03-19 15:35:33] SlimMonoLogger.INFO: Cron ran at: 19-03-2025 03:35:33 PM [] []
[2025-03-19 15:40:42] SlimMonoLogger.INFO: Cron ran at: 19-03-2025 03:40:42 PM [] []
[2025-03-19 15:45:34] SlimMonoLogger.INFO: Cron ran at: 19-03-2025 03:45:34 PM [] []
[2025-03-19 15:50:30] SlimMonoLogger.INFO: Cron ran at: 19-03-2025 03:50:30 PM [] []
[2025-03-19 15:55:27] SlimMonoLogger.INFO: Cron ran at: 19-03-2025 03:55:27 PM [] []
[2025-03-19 16:00:36] SlimMonoLogger.INFO: Cron ran at: 19-03-2025 04:00:36 PM [] []
[2025-03-19 16:05:33] SlimMonoLogger.INFO: Cron ran at: 19-03-2025 04:05:33 PM [] []
[2025-03-19 16:10:30] SlimMonoLogger.INFO: Cron ran at: 19-03-2025 04:10:30 PM [] []
[2025-03-19 16:15:36] SlimMonoLogger.INFO: Cron ran at: 19-03-2025 04:15:36 PM [] []
[2025-03-19 16:20:33] SlimMonoLogger.INFO: Cron ran at: 19-03-2025 04:20:33 PM [] []
[2025-03-19 16:25:29] SlimMonoLogger.INFO: Cron ran at: 19-03-2025 04:25:29 PM [] []
[2025-03-19 16:30:32] SlimMonoLogger.INFO: Cron ran at: 19-03-2025 04:30:32 PM [] []
[2025-03-19 16:35:29] SlimMonoLogger.INFO: Cron ran at: 19-03-2025 04:35:29 PM [] []
[2025-03-19 16:40:28] SlimMonoLogger.INFO: Cron ran at: 19-03-2025 04:40:28 PM [] []
[2025-03-19 16:45:27] SlimMonoLogger.INFO: Cron ran at: 19-03-2025 04:45:27 PM [] []
[2025-03-19 16:50:23] SlimMonoLogger.INFO: Cron ran at: 19-03-2025 04:50:23 PM [] []
[2025-03-19 16:55:29] SlimMonoLogger.INFO: Cron ran at: 19-03-2025 04:55:29 PM [] []
[2025-03-19 17:00:34] SlimMonoLogger.INFO: Cron ran at: 19-03-2025 05:00:34 PM [] []
[2025-03-19 17:05:31] SlimMonoLogger.INFO: Cron ran at: 19-03-2025 05:05:31 PM [] []
[2025-03-19 17:10:28] SlimMonoLogger.INFO: Cron ran at: 19-03-2025 05:10:28 PM [] []
[2025-03-19 17:16:24] SlimMonoLogger.INFO: Cron ran at: 19-03-2025 05:16:24 PM [] []
[2025-03-19 17:21:08] SlimMonoLogger.INFO: Cron ran at: 19-03-2025 05:21:08 PM [] []
[2025-03-19 17:25:38] SlimMonoLogger.INFO: Cron ran at: 19-03-2025 05:25:38 PM [] []
[2025-03-19 17:30:35] SlimMonoLogger.INFO: Cron ran at: 19-03-2025 05:30:35 PM [] []
[2025-03-19 17:35:37] SlimMonoLogger.INFO: Cron ran at: 19-03-2025 05:35:37 PM [] []
[2025-03-19 17:40:28] SlimMonoLogger.INFO: Cron ran at: 19-03-2025 05:40:28 PM [] []
[2025-03-19 17:45:28] SlimMonoLogger.INFO: Cron ran at: 19-03-2025 05:45:28 PM [] []
[2025-03-19 17:50:27] SlimMonoLogger.INFO: Cron ran at: 19-03-2025 05:50:27 PM [] []
[2025-03-19 17:55:33] SlimMonoLogger.INFO: Cron ran at: 19-03-2025 05:55:33 PM [] []
[2025-03-19 18:00:44] SlimMonoLogger.INFO: Cron ran at: 19-03-2025 06:00:44 PM [] []
[2025-03-19 18:05:38] SlimMonoLogger.INFO: Cron ran at: 19-03-2025 06:05:38 PM [] []
[2025-03-19 18:10:44] SlimMonoLogger.INFO: Cron ran at: 19-03-2025 06:10:44 PM [] []
[2025-03-19 18:15:37] SlimMonoLogger.INFO: Cron ran at: 19-03-2025 06:15:37 PM [] []
[2025-03-19 18:20:30] SlimMonoLogger.INFO: Cron ran at: 19-03-2025 06:20:30 PM [] []
[2025-03-19 18:25:28] SlimMonoLogger.INFO: Cron ran at: 19-03-2025 06:25:28 PM [] []
[2025-03-19 18:30:33] SlimMonoLogger.INFO: Cron ran at: 19-03-2025 06:30:33 PM [] []
[2025-03-19 18:35:31] SlimMonoLogger.INFO: Cron ran at: 19-03-2025 06:35:31 PM [] []
[2025-03-19 18:40:27] SlimMonoLogger.INFO: Cron ran at: 19-03-2025 06:40:27 PM [] []
[2025-03-19 18:45:28] SlimMonoLogger.INFO: Cron ran at: 19-03-2025 06:45:28 PM [] []
[2025-03-19 18:51:02] SlimMonoLogger.INFO: Cron ran at: 19-03-2025 06:51:02 PM [] []
[2025-03-19 18:55:34] SlimMonoLogger.INFO: Cron ran at: 19-03-2025 06:55:34 PM [] []
[2025-03-19 19:00:30] SlimMonoLogger.INFO: Cron ran at: 19-03-2025 07:00:30 PM [] []
[2025-03-19 19:05:31] SlimMonoLogger.INFO: Cron ran at: 19-03-2025 07:05:31 PM [] []
[2025-03-19 19:10:35] SlimMonoLogger.INFO: Cron ran at: 19-03-2025 07:10:35 PM [] []
[2025-03-19 19:15:26] SlimMonoLogger.INFO: Cron ran at: 19-03-2025 07:15:26 PM [] []
[2025-03-19 19:20:31] SlimMonoLogger.INFO: Cron ran at: 19-03-2025 07:20:31 PM [] []
[2025-03-19 19:25:33] SlimMonoLogger.INFO: Cron ran at: 19-03-2025 07:25:33 PM [] []
[2025-03-19 19:30:34] SlimMonoLogger.INFO: Cron ran at: 19-03-2025 07:30:34 PM [] []
[2025-03-19 19:35:40] SlimMonoLogger.INFO: Cron ran at: 19-03-2025 07:35:40 PM [] []
[2025-03-19 19:41:33] SlimMonoLogger.INFO: Cron ran at: 19-03-2025 07:41:33 PM [] []
[2025-03-19 19:47:11] SlimMonoLogger.INFO: Cron ran at: 19-03-2025 07:47:11 PM [] []
[2025-03-19 19:51:02] SlimMonoLogger.INFO: Cron ran at: 19-03-2025 07:51:02 PM [] []
[2025-03-19 19:55:36] SlimMonoLogger.INFO: Cron ran at: 19-03-2025 07:55:36 PM [] []
[2025-03-19 20:00:41] SlimMonoLogger.INFO: Cron ran at: 19-03-2025 08:00:41 PM [] []
[2025-03-19 20:05:46] SlimMonoLogger.INFO: Cron ran at: 19-03-2025 08:05:46 PM [] []
[2025-03-19 20:10:31] SlimMonoLogger.INFO: Cron ran at: 19-03-2025 08:10:31 PM [] []
[2025-03-19 20:15:37] SlimMonoLogger.INFO: Cron ran at: 19-03-2025 08:15:37 PM [] []
[2025-03-19 20:20:41] SlimMonoLogger.INFO: Cron ran at: 19-03-2025 08:20:41 PM [] []
[2025-03-19 20:25:27] SlimMonoLogger.INFO: Cron ran at: 19-03-2025 08:25:27 PM [] []
[2025-03-19 20:30:32] SlimMonoLogger.INFO: Cron ran at: 19-03-2025 08:30:32 PM [] []
[2025-03-19 20:35:29] SlimMonoLogger.INFO: Cron ran at: 19-03-2025 08:35:29 PM [] []
[2025-03-19 20:40:34] SlimMonoLogger.INFO: Cron ran at: 19-03-2025 08:40:34 PM [] []
[2025-03-19 20:45:36] SlimMonoLogger.INFO: Cron ran at: 19-03-2025 08:45:36 PM [] []
[2025-03-19 20:50:38] SlimMonoLogger.INFO: Cron ran at: 19-03-2025 08:50:38 PM [] []
[2025-03-19 20:55:27] SlimMonoLogger.INFO: Cron ran at: 19-03-2025 08:55:27 PM [] []
[2025-03-19 21:00:31] SlimMonoLogger.INFO: Cron ran at: 19-03-2025 09:00:31 PM [] []
[2025-03-19 21:05:31] SlimMonoLogger.INFO: Cron ran at: 19-03-2025 09:05:31 PM [] []
[2025-03-19 21:10:32] SlimMonoLogger.INFO: Cron ran at: 19-03-2025 09:10:32 PM [] []
[2025-03-19 21:15:31] SlimMonoLogger.INFO: Cron ran at: 19-03-2025 09:15:31 PM [] []
[2025-03-19 21:20:29] SlimMonoLogger.INFO: Cron ran at: 19-03-2025 09:20:29 PM [] []
[2025-03-19 21:25:29] SlimMonoLogger.INFO: Cron ran at: 19-03-2025 09:25:29 PM [] []
[2025-03-19 21:30:34] SlimMonoLogger.INFO: Cron ran at: 19-03-2025 09:30:34 PM [] []
[2025-03-19 21:35:38] SlimMonoLogger.INFO: Cron ran at: 19-03-2025 09:35:38 PM [] []
[2025-03-19 21:40:37] SlimMonoLogger.INFO: Cron ran at: 19-03-2025 09:40:37 PM [] []
[2025-03-19 21:45:44] SlimMonoLogger.INFO: Cron ran at: 19-03-2025 09:45:44 PM [] []
[2025-03-19 21:50:32] SlimMonoLogger.INFO: Cron ran at: 19-03-2025 09:50:32 PM [] []
[2025-03-19 21:55:29] SlimMonoLogger.INFO: Cron ran at: 19-03-2025 09:55:29 PM [] []
[2025-03-19 22:00:29] SlimMonoLogger.INFO: Cron ran at: 19-03-2025 10:00:29 PM [] []
[2025-03-19 22:05:28] SlimMonoLogger.INFO: Cron ran at: 19-03-2025 10:05:28 PM [] []
[2025-03-19 22:10:30] SlimMonoLogger.INFO: Cron ran at: 19-03-2025 10:10:30 PM [] []
[2025-03-19 22:15:35] SlimMonoLogger.INFO: Cron ran at: 19-03-2025 10:15:35 PM [] []
[2025-03-19 22:20:22] SlimMonoLogger.INFO: Cron ran at: 19-03-2025 10:20:22 PM [] []
[2025-03-19 22:25:34] SlimMonoLogger.INFO: Cron ran at: 19-03-2025 10:25:34 PM [] []
[2025-03-19 22:30:42] SlimMonoLogger.INFO: Cron ran at: 19-03-2025 10:30:42 PM [] []
[2025-03-19 22:35:31] SlimMonoLogger.INFO: Cron ran at: 19-03-2025 10:35:31 PM [] []
[2025-03-19 22:40:36] SlimMonoLogger.INFO: Cron ran at: 19-03-2025 10:40:36 PM [] []
[2025-03-19 22:45:29] SlimMonoLogger.INFO: Cron ran at: 19-03-2025 10:45:29 PM [] []
[2025-03-19 22:50:28] SlimMonoLogger.INFO: Cron ran at: 19-03-2025 10:50:28 PM [] []
[2025-03-19 22:55:26] SlimMonoLogger.INFO: Cron ran at: 19-03-2025 10:55:26 PM [] []
[2025-03-19 23:00:24] SlimMonoLogger.INFO: Cron ran at: 19-03-2025 11:00:24 PM [] []
[2025-03-19 23:05:29] SlimMonoLogger.INFO: Cron ran at: 19-03-2025 11:05:29 PM [] []
[2025-03-19 23:10:29] SlimMonoLogger.INFO: Cron ran at: 19-03-2025 11:10:29 PM [] []
[2025-03-19 23:15:31] SlimMonoLogger.INFO: Cron ran at: 19-03-2025 11:15:31 PM [] []
[2025-03-19 23:20:29] SlimMonoLogger.INFO: Cron ran at: 19-03-2025 11:20:29 PM [] []
[2025-03-19 23:25:23] SlimMonoLogger.INFO: Cron ran at: 19-03-2025 11:25:23 PM [] []
[2025-03-19 23:30:31] SlimMonoLogger.INFO: Cron ran at: 19-03-2025 11:30:31 PM [] []
[2025-03-19 23:35:32] SlimMonoLogger.INFO: Cron ran at: 19-03-2025 11:35:32 PM [] []
[2025-03-19 23:40:27] SlimMonoLogger.INFO: Cron ran at: 19-03-2025 11:40:27 PM [] []
[2025-03-19 23:45:30] SlimMonoLogger.INFO: Cron ran at: 19-03-2025 11:45:30 PM [] []
[2025-03-19 23:50:29] SlimMonoLogger.INFO: Cron ran at: 19-03-2025 11:50:29 PM [] []
[2025-03-19 23:55:29] SlimMonoLogger.INFO: Cron ran at: 19-03-2025 11:55:29 PM [] []
[2025-03-20 00:00:27] SlimMonoLogger.INFO: Cron ran at: 20-03-2025 12:00:27 AM [] []
[2025-03-20 00:05:25] SlimMonoLogger.INFO: Cron ran at: 20-03-2025 12:05:25 AM [] []
[2025-03-20 00:10:27] SlimMonoLogger.INFO: Cron ran at: 20-03-2025 12:10:27 AM [] []
[2025-03-20 00:15:25] SlimMonoLogger.INFO: Cron ran at: 20-03-2025 12:15:25 AM [] []
[2025-03-20 00:20:25] SlimMonoLogger.INFO: Cron ran at: 20-03-2025 12:20:25 AM [] []
[2025-03-20 00:25:23] SlimMonoLogger.INFO: Cron ran at: 20-03-2025 12:25:23 AM [] []
[2025-03-20 00:30:28] SlimMonoLogger.INFO: Cron ran at: 20-03-2025 12:30:28 AM [] []
[2025-03-20 00:35:21] SlimMonoLogger.INFO: Cron ran at: 20-03-2025 12:35:21 AM [] []
[2025-03-20 00:40:37] SlimMonoLogger.INFO: Cron ran at: 20-03-2025 12:40:37 AM [] []
[2025-03-20 00:48:14] SlimMonoLogger.INFO: Cron ran at: 20-03-2025 12:48:14 AM [] []
[2025-03-20 00:52:22] SlimMonoLogger.INFO: Cron ran at: 20-03-2025 12:52:22 AM [] []
[2025-03-20 00:55:28] SlimMonoLogger.INFO: Cron ran at: 20-03-2025 12:55:28 AM [] []
