[2025-10-19 02:00:33] SlimMonoLogger.INFO: Cron ran at: 19-10-2025 02:00:33 AM [] []
[2025-10-19 02:05:28] SlimMonoLogger.INFO: Cron ran at: 19-10-2025 02:05:28 AM [] []
[2025-10-19 02:10:27] SlimMonoLogger.INFO: Cron ran at: 19-10-2025 02:10:27 AM [] []
[2025-10-19 02:15:28] SlimMonoLogger.INFO: Cron ran at: 19-10-2025 02:15:28 AM [] []
[2025-10-19 02:20:29] SlimMonoLogger.INFO: Cron ran at: 19-10-2025 02:20:29 AM [] []
[2025-10-19 02:25:31] SlimMonoLogger.INFO: Cron ran at: 19-10-2025 02:25:31 AM [] []
[2025-10-19 02:30:28] SlimMonoLogger.INFO: Cron ran at: 19-10-2025 02:30:28 AM [] []
[2025-10-19 02:35:26] SlimMonoLogger.INFO: Cron ran at: 19-10-2025 02:35:26 AM [] []
[2025-10-19 02:40:27] SlimMonoLogger.INFO: Cron ran at: 19-10-2025 02:40:27 AM [] []
[2025-10-19 02:45:30] SlimMonoLogger.INFO: Cron ran at: 19-10-2025 02:45:30 AM [] []
[2025-10-19 02:50:28] SlimMonoLogger.INFO: Cron ran at: 19-10-2025 02:50:28 AM [] []
[2025-10-19 02:55:27] SlimMonoLogger.INFO: Cron ran at: 19-10-2025 02:55:27 AM [] []
[2025-10-19 03:00:31] SlimMonoLogger.INFO: Cron ran at: 19-10-2025 03:00:31 AM [] []
[2025-10-19 03:05:28] SlimMonoLogger.INFO: Cron ran at: 19-10-2025 03:05:28 AM [] []
[2025-10-19 03:10:29] SlimMonoLogger.INFO: Cron ran at: 19-10-2025 03:10:29 AM [] []
[2025-10-19 03:15:27] SlimMonoLogger.INFO: Cron ran at: 19-10-2025 03:15:27 AM [] []
[2025-10-19 03:20:27] SlimMonoLogger.INFO: Cron ran at: 19-10-2025 03:20:27 AM [] []
[2025-10-19 03:25:29] SlimMonoLogger.INFO: Cron ran at: 19-10-2025 03:25:29 AM [] []
[2025-10-19 03:30:30] SlimMonoLogger.INFO: Cron ran at: 19-10-2025 03:30:30 AM [] []
[2025-10-19 03:35:28] SlimMonoLogger.INFO: Cron ran at: 19-10-2025 03:35:28 AM [] []
[2025-10-19 03:40:27] SlimMonoLogger.INFO: Cron ran at: 19-10-2025 03:40:27 AM [] []
[2025-10-19 03:45:27] SlimMonoLogger.INFO: Cron ran at: 19-10-2025 03:45:27 AM [] []
[2025-10-19 03:50:27] SlimMonoLogger.INFO: Cron ran at: 19-10-2025 03:50:27 AM [] []
[2025-10-19 03:55:27] SlimMonoLogger.INFO: Cron ran at: 19-10-2025 03:55:27 AM [] []
[2025-10-19 04:00:31] SlimMonoLogger.INFO: Cron ran at: 19-10-2025 04:00:31 AM [] []
[2025-10-19 04:05:46] SlimMonoLogger.INFO: Cron ran at: 19-10-2025 04:05:46 AM [] []
[2025-10-19 04:10:52] SlimMonoLogger.INFO: Cron ran at: 19-10-2025 04:10:52 AM [] []
[2025-10-19 04:15:59] SlimMonoLogger.INFO: Cron ran at: 19-10-2025 04:15:59 AM [] []
[2025-10-19 04:20:42] SlimMonoLogger.INFO: Cron ran at: 19-10-2025 04:20:42 AM [] []
[2025-10-19 04:25:54] SlimMonoLogger.INFO: Cron ran at: 19-10-2025 04:25:54 AM [] []
[2025-10-19 04:30:38] SlimMonoLogger.INFO: Cron ran at: 19-10-2025 04:30:38 AM [] []
[2025-10-19 04:35:51] SlimMonoLogger.INFO: Cron ran at: 19-10-2025 04:35:51 AM [] []
[2025-10-19 04:40:48] SlimMonoLogger.INFO: Cron ran at: 19-10-2025 04:40:48 AM [] []
[2025-10-19 04:45:45] SlimMonoLogger.INFO: Cron ran at: 19-10-2025 04:45:45 AM [] []
[2025-10-19 04:50:40] SlimMonoLogger.INFO: Cron ran at: 19-10-2025 04:50:40 AM [] []
[2025-10-19 04:55:33] SlimMonoLogger.INFO: Cron ran at: 19-10-2025 04:55:33 AM [] []
[2025-10-19 05:00:49] SlimMonoLogger.INFO: Cron ran at: 19-10-2025 05:00:49 AM [] []
[2025-10-19 05:10:37] SlimMonoLogger.INFO: Cron ran at: 19-10-2025 05:10:37 AM [] []
[2025-10-19 05:13:51] SlimMonoLogger.ERROR: Requests_Exception: cURL error 28: Operation timed out after 500001 milliseconds with 4530 bytes received in /home/latihtal/public_html/agregator1/src/vendor/rmccue/requests/library/Requests/Transport/cURL.php:422
Stack trace:
#0 /home/latihtal/public_html/agregator1/src/vendor/rmccue/requests/library/Requests/Transport/cURL.php(177): Requests_Transport_cURL->process_response()
#1 /home/latihtal/public_html/agregator1/src/vendor/rmccue/requests/library/Requests.php(379): Requests_Transport_cURL->request()
#2 /home/latihtal/public_html/agregator1/src/vendor/rmccue/requests/library/Requests/Session.php(205): Requests::request()
#3 /home/latihtal/public_html/agregator1/src/vendor/rmccue/requests/library/Requests/Session.php(132): Requests_Session->request()
#4 /home/latihtal/public_html/agregator1/src/drivers/Http/RssImporter.php(144): Requests_Session->get()
#5 /home/latihtal/public_html/agregator1/src/controllers/Dashboard/DashboardFeedsController.php(534): spark\drivers\Http\RssImporter->fetchPosts()
#6 /home/latihtal/public_html/agregator1/src/controllers/Site/SiteController.php(722): spark\controllers\Dashboard\DashboardFeedsController::importFeedPosts()
#7 [internal function]: spark\controllers\Site\SiteController->runTasks()
#8 /home/latihtal/public_html/agregator1/src/framework/Route.php(173): call_user_func_array()
#9 [internal function]: Slim\Route->Slim\{closure}()
#10 /home/latihtal/public_html/agregator1/src/framework/Route.php(468): call_user_func_array()
#11 /home/latihtal/public_html/agregator1/src/framework/Slim.php(1364): Slim\Route->dispatch()
#12 /home/latihtal/public_html/agregator1/src/framework/Middleware/Flash.php(85): Slim\Slim->call()
#13 /home/latihtal/public_html/agregator1/src/framework/Middleware/MethodOverride.php(92): Slim\Middleware\Flash->call()
#14 /home/latihtal/public_html/agregator1/src/middlewares/CsrfGuard/CsrfGuard.php(47): Slim\Middleware\MethodOverride->call()
#15 /home/latihtal/public_html/agregator1/src/framework/Middleware/PrettyExceptions.php(67): spark\middlewares\CsrfGuard\CsrfGuard->call()
#16 /home/latihtal/public_html/agregator1/src/framework/Slim.php(1308): Slim\Middleware\PrettyExceptions->call()
#17 /home/latihtal/public_html/agregator1/index.php(6): Slim\Slim->run()
#18 {main} [] []
[2025-10-19 05:13:57] SlimMonoLogger.INFO: Cron ran at: 19-10-2025 05:13:57 AM [] []
[2025-10-19 05:15:31] SlimMonoLogger.INFO: Cron ran at: 19-10-2025 05:15:31 AM [] []
[2025-10-19 05:20:35] SlimMonoLogger.INFO: Cron ran at: 19-10-2025 05:20:35 AM [] []
[2025-10-19 05:25:31] SlimMonoLogger.INFO: Cron ran at: 19-10-2025 05:25:31 AM [] []
[2025-10-19 05:30:43] SlimMonoLogger.INFO: Cron ran at: 19-10-2025 05:30:43 AM [] []
[2025-10-19 05:35:40] SlimMonoLogger.INFO: Cron ran at: 19-10-2025 05:35:40 AM [] []
[2025-10-19 05:40:28] SlimMonoLogger.INFO: Cron ran at: 19-10-2025 05:40:28 AM [] []
[2025-10-19 05:45:38] SlimMonoLogger.INFO: Cron ran at: 19-10-2025 05:45:38 AM [] []
[2025-10-19 05:50:32] SlimMonoLogger.INFO: Cron ran at: 19-10-2025 05:50:32 AM [] []
[2025-10-19 05:55:26] SlimMonoLogger.INFO: Cron ran at: 19-10-2025 05:55:26 AM [] []
[2025-10-19 06:00:33] SlimMonoLogger.INFO: Cron ran at: 19-10-2025 06:00:33 AM [] []
[2025-10-19 06:05:27] SlimMonoLogger.INFO: Cron ran at: 19-10-2025 06:05:27 AM [] []
[2025-10-19 06:10:29] SlimMonoLogger.INFO: Cron ran at: 19-10-2025 06:10:29 AM [] []
[2025-10-19 06:15:27] SlimMonoLogger.INFO: Cron ran at: 19-10-2025 06:15:27 AM [] []
[2025-10-19 06:20:28] SlimMonoLogger.INFO: Cron ran at: 19-10-2025 06:20:28 AM [] []
[2025-10-19 06:25:29] SlimMonoLogger.INFO: Cron ran at: 19-10-2025 06:25:29 AM [] []
[2025-10-19 06:30:30] SlimMonoLogger.INFO: Cron ran at: 19-10-2025 06:30:30 AM [] []
[2025-10-19 06:35:29] SlimMonoLogger.INFO: Cron ran at: 19-10-2025 06:35:29 AM [] []
[2025-10-19 06:40:26] SlimMonoLogger.INFO: Cron ran at: 19-10-2025 06:40:26 AM [] []
[2025-10-19 06:45:29] SlimMonoLogger.INFO: Cron ran at: 19-10-2025 06:45:29 AM [] []
[2025-10-19 06:50:27] SlimMonoLogger.INFO: Cron ran at: 19-10-2025 06:50:27 AM [] []
[2025-10-19 06:55:27] SlimMonoLogger.INFO: Cron ran at: 19-10-2025 06:55:27 AM [] []
[2025-10-19 07:00:28] SlimMonoLogger.INFO: Cron ran at: 19-10-2025 07:00:28 AM [] []
[2025-10-19 07:05:25] SlimMonoLogger.INFO: Cron ran at: 19-10-2025 07:05:25 AM [] []
[2025-10-19 07:10:27] SlimMonoLogger.INFO: Cron ran at: 19-10-2025 07:10:27 AM [] []
[2025-10-19 07:15:32] SlimMonoLogger.INFO: Cron ran at: 19-10-2025 07:15:32 AM [] []
[2025-10-19 07:20:32] SlimMonoLogger.INFO: Cron ran at: 19-10-2025 07:20:32 AM [] []
[2025-10-19 07:25:33] SlimMonoLogger.INFO: Cron ran at: 19-10-2025 07:25:33 AM [] []
[2025-10-19 07:30:31] SlimMonoLogger.INFO: Cron ran at: 19-10-2025 07:30:31 AM [] []
[2025-10-19 07:35:23] SlimMonoLogger.INFO: Cron ran at: 19-10-2025 07:35:23 AM [] []
[2025-10-19 07:40:26] SlimMonoLogger.INFO: Cron ran at: 19-10-2025 07:40:26 AM [] []
[2025-10-19 07:45:26] SlimMonoLogger.INFO: Cron ran at: 19-10-2025 07:45:26 AM [] []
[2025-10-19 07:50:27] SlimMonoLogger.INFO: Cron ran at: 19-10-2025 07:50:27 AM [] []
[2025-10-19 07:55:25] SlimMonoLogger.INFO: Cron ran at: 19-10-2025 07:55:25 AM [] []
[2025-10-19 08:00:29] SlimMonoLogger.INFO: Cron ran at: 19-10-2025 08:00:29 AM [] []
[2025-10-19 08:05:28] SlimMonoLogger.INFO: Cron ran at: 19-10-2025 08:05:28 AM [] []
[2025-10-19 08:10:24] SlimMonoLogger.INFO: Cron ran at: 19-10-2025 08:10:24 AM [] []
[2025-10-19 08:15:26] SlimMonoLogger.INFO: Cron ran at: 19-10-2025 08:15:26 AM [] []
[2025-10-19 08:20:30] SlimMonoLogger.INFO: Cron ran at: 19-10-2025 08:20:30 AM [] []
[2025-10-19 08:25:26] SlimMonoLogger.INFO: Cron ran at: 19-10-2025 08:25:26 AM [] []
[2025-10-19 08:30:28] SlimMonoLogger.INFO: Cron ran at: 19-10-2025 08:30:28 AM [] []
[2025-10-19 08:35:25] SlimMonoLogger.INFO: Cron ran at: 19-10-2025 08:35:25 AM [] []
[2025-10-19 08:40:34] SlimMonoLogger.INFO: Cron ran at: 19-10-2025 08:40:34 AM [] []
[2025-10-19 08:50:44] SlimMonoLogger.INFO: Cron ran at: 19-10-2025 08:50:44 AM [] []
[2025-10-19 08:55:39] SlimMonoLogger.INFO: Cron ran at: 19-10-2025 08:55:39 AM [] []
[2025-10-19 09:00:37] SlimMonoLogger.INFO: Cron ran at: 19-10-2025 09:00:37 AM [] []
[2025-10-19 09:05:32] SlimMonoLogger.INFO: Cron ran at: 19-10-2025 09:05:32 AM [] []
[2025-10-19 09:10:28] SlimMonoLogger.INFO: Cron ran at: 19-10-2025 09:10:28 AM [] []
[2025-10-19 09:15:29] SlimMonoLogger.INFO: Cron ran at: 19-10-2025 09:15:29 AM [] []
[2025-10-19 09:20:44] SlimMonoLogger.INFO: Cron ran at: 19-10-2025 09:20:44 AM [] []
[2025-10-19 09:25:27] SlimMonoLogger.INFO: Cron ran at: 19-10-2025 09:25:27 AM [] []
[2025-10-19 09:30:33] SlimMonoLogger.INFO: Cron ran at: 19-10-2025 09:30:33 AM [] []
[2025-10-19 09:35:28] SlimMonoLogger.INFO: Cron ran at: 19-10-2025 09:35:28 AM [] []
[2025-10-19 09:45:30] SlimMonoLogger.INFO: Cron ran at: 19-10-2025 09:45:30 AM [] []
[2025-10-19 09:50:38] SlimMonoLogger.INFO: Cron ran at: 19-10-2025 09:50:38 AM [] []
[2025-10-19 09:55:26] SlimMonoLogger.INFO: Cron ran at: 19-10-2025 09:55:26 AM [] []
[2025-10-19 10:00:32] SlimMonoLogger.INFO: Cron ran at: 19-10-2025 10:00:32 AM [] []
[2025-10-19 10:05:29] SlimMonoLogger.INFO: Cron ran at: 19-10-2025 10:05:29 AM [] []
[2025-10-19 10:10:29] SlimMonoLogger.INFO: Cron ran at: 19-10-2025 10:10:29 AM [] []
[2025-10-19 10:15:28] SlimMonoLogger.INFO: Cron ran at: 19-10-2025 10:15:28 AM [] []
[2025-10-19 10:20:31] SlimMonoLogger.INFO: Cron ran at: 19-10-2025 10:20:31 AM [] []
[2025-10-19 10:25:33] SlimMonoLogger.INFO: Cron ran at: 19-10-2025 10:25:33 AM [] []
[2025-10-19 10:30:39] SlimMonoLogger.INFO: Cron ran at: 19-10-2025 10:30:39 AM [] []
[2025-10-19 10:35:41] SlimMonoLogger.INFO: Cron ran at: 19-10-2025 10:35:41 AM [] []
[2025-10-19 10:40:26] SlimMonoLogger.INFO: Cron ran at: 19-10-2025 10:40:26 AM [] []
[2025-10-19 10:45:28] SlimMonoLogger.INFO: Cron ran at: 19-10-2025 10:45:28 AM [] []
[2025-10-19 10:50:28] SlimMonoLogger.INFO: Cron ran at: 19-10-2025 10:50:28 AM [] []
[2025-10-19 10:55:27] SlimMonoLogger.INFO: Cron ran at: 19-10-2025 10:55:27 AM [] []
[2025-10-19 11:00:41] SlimMonoLogger.INFO: Cron ran at: 19-10-2025 11:00:41 AM [] []
[2025-10-19 11:05:36] SlimMonoLogger.INFO: Cron ran at: 19-10-2025 11:05:36 AM [] []
[2025-10-19 11:10:25] SlimMonoLogger.INFO: Cron ran at: 19-10-2025 11:10:25 AM [] []
[2025-10-19 11:15:28] SlimMonoLogger.INFO: Cron ran at: 19-10-2025 11:15:28 AM [] []
[2025-10-19 11:20:31] SlimMonoLogger.INFO: Cron ran at: 19-10-2025 11:20:31 AM [] []
[2025-10-19 11:25:27] SlimMonoLogger.INFO: Cron ran at: 19-10-2025 11:25:27 AM [] []
[2025-10-19 11:30:28] SlimMonoLogger.INFO: Cron ran at: 19-10-2025 11:30:28 AM [] []
[2025-10-19 11:35:25] SlimMonoLogger.INFO: Cron ran at: 19-10-2025 11:35:25 AM [] []
[2025-10-19 11:40:28] SlimMonoLogger.INFO: Cron ran at: 19-10-2025 11:40:28 AM [] []
[2025-10-19 11:45:36] SlimMonoLogger.INFO: Cron ran at: 19-10-2025 11:45:36 AM [] []
[2025-10-19 11:50:27] SlimMonoLogger.INFO: Cron ran at: 19-10-2025 11:50:27 AM [] []
[2025-10-19 11:55:26] SlimMonoLogger.INFO: Cron ran at: 19-10-2025 11:55:26 AM [] []
[2025-10-19 12:00:30] SlimMonoLogger.INFO: Cron ran at: 19-10-2025 12:00:30 PM [] []
[2025-10-19 12:05:27] SlimMonoLogger.INFO: Cron ran at: 19-10-2025 12:05:27 PM [] []
[2025-10-19 12:10:28] SlimMonoLogger.INFO: Cron ran at: 19-10-2025 12:10:28 PM [] []
[2025-10-19 12:15:27] SlimMonoLogger.INFO: Cron ran at: 19-10-2025 12:15:27 PM [] []
[2025-10-19 12:20:28] SlimMonoLogger.INFO: Cron ran at: 19-10-2025 12:20:28 PM [] []
[2025-10-19 12:25:53] SlimMonoLogger.INFO: Cron ran at: 19-10-2025 12:25:53 PM [] []
[2025-10-19 12:30:36] SlimMonoLogger.INFO: Cron ran at: 19-10-2025 12:30:36 PM [] []
[2025-10-19 12:35:38] SlimMonoLogger.INFO: Cron ran at: 19-10-2025 12:35:38 PM [] []
[2025-10-19 12:40:28] SlimMonoLogger.INFO: Cron ran at: 19-10-2025 12:40:28 PM [] []
[2025-10-19 12:45:29] SlimMonoLogger.INFO: Cron ran at: 19-10-2025 12:45:29 PM [] []
[2025-10-19 12:50:30] SlimMonoLogger.INFO: Cron ran at: 19-10-2025 12:50:30 PM [] []
[2025-10-19 12:55:31] SlimMonoLogger.INFO: Cron ran at: 19-10-2025 12:55:31 PM [] []
[2025-10-19 13:00:33] SlimMonoLogger.INFO: Cron ran at: 19-10-2025 01:00:33 PM [] []
[2025-10-19 13:05:31] SlimMonoLogger.INFO: Cron ran at: 19-10-2025 01:05:31 PM [] []
[2025-10-19 13:10:32] SlimMonoLogger.INFO: Cron ran at: 19-10-2025 01:10:32 PM [] []
[2025-10-19 13:15:37] SlimMonoLogger.INFO: Cron ran at: 19-10-2025 01:15:37 PM [] []
[2025-10-19 13:20:32] SlimMonoLogger.INFO: Cron ran at: 19-10-2025 01:20:32 PM [] []
[2025-10-19 13:25:29] SlimMonoLogger.INFO: Cron ran at: 19-10-2025 01:25:29 PM [] []
[2025-10-19 13:30:26] SlimMonoLogger.INFO: Cron ran at: 19-10-2025 01:30:26 PM [] []
[2025-10-19 13:35:27] SlimMonoLogger.INFO: Cron ran at: 19-10-2025 01:35:27 PM [] []
[2025-10-19 13:40:38] SlimMonoLogger.INFO: Cron ran at: 19-10-2025 01:40:38 PM [] []
[2025-10-19 13:45:29] SlimMonoLogger.INFO: Cron ran at: 19-10-2025 01:45:29 PM [] []
[2025-10-19 13:50:29] SlimMonoLogger.INFO: Cron ran at: 19-10-2025 01:50:29 PM [] []
[2025-10-19 13:55:49] SlimMonoLogger.INFO: Cron ran at: 19-10-2025 01:55:49 PM [] []
[2025-10-19 14:00:30] SlimMonoLogger.INFO: Cron ran at: 19-10-2025 02:00:30 PM [] []
[2025-10-19 14:05:33] SlimMonoLogger.INFO: Cron ran at: 19-10-2025 02:05:33 PM [] []
[2025-10-19 14:10:31] SlimMonoLogger.INFO: Cron ran at: 19-10-2025 02:10:31 PM [] []
[2025-10-19 14:15:28] SlimMonoLogger.INFO: Cron ran at: 19-10-2025 02:15:28 PM [] []
[2025-10-19 14:20:34] SlimMonoLogger.INFO: Cron ran at: 19-10-2025 02:20:34 PM [] []
[2025-10-19 14:25:29] SlimMonoLogger.INFO: Cron ran at: 19-10-2025 02:25:29 PM [] []
[2025-10-19 14:30:34] SlimMonoLogger.INFO: Cron ran at: 19-10-2025 02:30:34 PM [] []
[2025-10-19 14:35:30] SlimMonoLogger.INFO: Cron ran at: 19-10-2025 02:35:30 PM [] []
[2025-10-19 14:40:43] SlimMonoLogger.INFO: Cron ran at: 19-10-2025 02:40:43 PM [] []
[2025-10-19 14:45:38] SlimMonoLogger.INFO: Cron ran at: 19-10-2025 02:45:38 PM [] []
[2025-10-19 14:50:28] SlimMonoLogger.INFO: Cron ran at: 19-10-2025 02:50:28 PM [] []
[2025-10-19 14:55:29] SlimMonoLogger.INFO: Cron ran at: 19-10-2025 02:55:29 PM [] []
[2025-10-19 15:00:31] SlimMonoLogger.INFO: Cron ran at: 19-10-2025 03:00:31 PM [] []
[2025-10-19 15:05:31] SlimMonoLogger.INFO: Cron ran at: 19-10-2025 03:05:31 PM [] []
[2025-10-19 15:10:28] SlimMonoLogger.INFO: Cron ran at: 19-10-2025 03:10:28 PM [] []
[2025-10-19 15:15:32] SlimMonoLogger.INFO: Cron ran at: 19-10-2025 03:15:32 PM [] []
[2025-10-19 15:20:27] SlimMonoLogger.INFO: Cron ran at: 19-10-2025 03:20:27 PM [] []
[2025-10-19 15:25:29] SlimMonoLogger.INFO: Cron ran at: 19-10-2025 03:25:29 PM [] []
[2025-10-19 15:30:27] SlimMonoLogger.INFO: Cron ran at: 19-10-2025 03:30:27 PM [] []
[2025-10-19 15:35:26] SlimMonoLogger.INFO: Cron ran at: 19-10-2025 03:35:26 PM [] []
[2025-10-19 15:40:29] SlimMonoLogger.INFO: Cron ran at: 19-10-2025 03:40:29 PM [] []
[2025-10-19 15:45:32] SlimMonoLogger.INFO: Cron ran at: 19-10-2025 03:45:32 PM [] []
[2025-10-19 15:50:27] SlimMonoLogger.INFO: Cron ran at: 19-10-2025 03:50:27 PM [] []
[2025-10-19 15:55:26] SlimMonoLogger.INFO: Cron ran at: 19-10-2025 03:55:26 PM [] []
[2025-10-19 16:00:32] SlimMonoLogger.INFO: Cron ran at: 19-10-2025 04:00:32 PM [] []
[2025-10-19 16:05:31] SlimMonoLogger.INFO: Cron ran at: 19-10-2025 04:05:31 PM [] []
[2025-10-19 16:10:30] SlimMonoLogger.INFO: Cron ran at: 19-10-2025 04:10:30 PM [] []
[2025-10-19 16:15:29] SlimMonoLogger.INFO: Cron ran at: 19-10-2025 04:15:29 PM [] []
[2025-10-19 16:20:27] SlimMonoLogger.INFO: Cron ran at: 19-10-2025 04:20:27 PM [] []
[2025-10-19 16:25:31] SlimMonoLogger.INFO: Cron ran at: 19-10-2025 04:25:31 PM [] []
[2025-10-19 16:30:34] SlimMonoLogger.INFO: Cron ran at: 19-10-2025 04:30:34 PM [] []
[2025-10-19 16:35:31] SlimMonoLogger.INFO: Cron ran at: 19-10-2025 04:35:31 PM [] []
[2025-10-19 16:40:26] SlimMonoLogger.INFO: Cron ran at: 19-10-2025 04:40:26 PM [] []
[2025-10-19 16:45:34] SlimMonoLogger.INFO: Cron ran at: 19-10-2025 04:45:34 PM [] []
[2025-10-19 16:50:26] SlimMonoLogger.INFO: Cron ran at: 19-10-2025 04:50:26 PM [] []
[2025-10-19 16:55:29] SlimMonoLogger.INFO: Cron ran at: 19-10-2025 04:55:29 PM [] []
[2025-10-19 17:00:28] SlimMonoLogger.INFO: Cron ran at: 19-10-2025 05:00:28 PM [] []
[2025-10-19 17:05:25] SlimMonoLogger.INFO: Cron ran at: 19-10-2025 05:05:25 PM [] []
[2025-10-19 17:10:38] SlimMonoLogger.INFO: Cron ran at: 19-10-2025 05:10:38 PM [] []
[2025-10-19 17:15:32] SlimMonoLogger.INFO: Cron ran at: 19-10-2025 05:15:32 PM [] []
[2025-10-19 17:20:40] SlimMonoLogger.INFO: Cron ran at: 19-10-2025 05:20:40 PM [] []
[2025-10-19 17:25:28] SlimMonoLogger.INFO: Cron ran at: 19-10-2025 05:25:28 PM [] []
[2025-10-19 17:30:31] SlimMonoLogger.INFO: Cron ran at: 19-10-2025 05:30:31 PM [] []
[2025-10-19 17:35:40] SlimMonoLogger.INFO: Cron ran at: 19-10-2025 05:35:40 PM [] []
[2025-10-19 17:40:27] SlimMonoLogger.INFO: Cron ran at: 19-10-2025 05:40:27 PM [] []
[2025-10-19 17:45:32] SlimMonoLogger.INFO: Cron ran at: 19-10-2025 05:45:32 PM [] []
[2025-10-19 17:50:27] SlimMonoLogger.INFO: Cron ran at: 19-10-2025 05:50:27 PM [] []
[2025-10-19 17:55:27] SlimMonoLogger.INFO: Cron ran at: 19-10-2025 05:55:27 PM [] []
[2025-10-19 18:00:32] SlimMonoLogger.INFO: Cron ran at: 19-10-2025 06:00:32 PM [] []
[2025-10-19 18:05:25] SlimMonoLogger.INFO: Cron ran at: 19-10-2025 06:05:25 PM [] []
[2025-10-19 18:10:29] SlimMonoLogger.INFO: Cron ran at: 19-10-2025 06:10:29 PM [] []
[2025-10-19 18:15:36] SlimMonoLogger.INFO: Cron ran at: 19-10-2025 06:15:36 PM [] []
[2025-10-19 18:20:46] SlimMonoLogger.INFO: Cron ran at: 19-10-2025 06:20:46 PM [] []
[2025-10-19 18:25:27] SlimMonoLogger.INFO: Cron ran at: 19-10-2025 06:25:27 PM [] []
[2025-10-19 18:30:30] SlimMonoLogger.INFO: Cron ran at: 19-10-2025 06:30:30 PM [] []
[2025-10-19 18:35:37] SlimMonoLogger.INFO: Cron ran at: 19-10-2025 06:35:37 PM [] []
[2025-10-19 18:40:29] SlimMonoLogger.INFO: Cron ran at: 19-10-2025 06:40:29 PM [] []
[2025-10-19 18:45:27] SlimMonoLogger.INFO: Cron ran at: 19-10-2025 06:45:27 PM [] []
[2025-10-19 18:50:29] SlimMonoLogger.INFO: Cron ran at: 19-10-2025 06:50:29 PM [] []
[2025-10-19 18:55:30] SlimMonoLogger.INFO: Cron ran at: 19-10-2025 06:55:30 PM [] []
[2025-10-19 19:00:41] SlimMonoLogger.INFO: Cron ran at: 19-10-2025 07:00:41 PM [] []
[2025-10-19 19:05:29] SlimMonoLogger.INFO: Cron ran at: 19-10-2025 07:05:29 PM [] []
[2025-10-19 19:10:34] SlimMonoLogger.INFO: Cron ran at: 19-10-2025 07:10:34 PM [] []
[2025-10-19 19:15:31] SlimMonoLogger.INFO: Cron ran at: 19-10-2025 07:15:31 PM [] []
[2025-10-19 19:20:32] SlimMonoLogger.INFO: Cron ran at: 19-10-2025 07:20:32 PM [] []
[2025-10-19 19:25:30] SlimMonoLogger.INFO: Cron ran at: 19-10-2025 07:25:30 PM [] []
[2025-10-19 19:30:35] SlimMonoLogger.INFO: Cron ran at: 19-10-2025 07:30:35 PM [] []
[2025-10-19 19:35:32] SlimMonoLogger.INFO: Cron ran at: 19-10-2025 07:35:32 PM [] []
[2025-10-19 19:40:30] SlimMonoLogger.INFO: Cron ran at: 19-10-2025 07:40:30 PM [] []
[2025-10-19 19:45:29] SlimMonoLogger.INFO: Cron ran at: 19-10-2025 07:45:29 PM [] []
[2025-10-19 19:50:33] SlimMonoLogger.INFO: Cron ran at: 19-10-2025 07:50:33 PM [] []
[2025-10-19 19:55:33] SlimMonoLogger.INFO: Cron ran at: 19-10-2025 07:55:33 PM [] []
[2025-10-19 20:00:32] SlimMonoLogger.INFO: Cron ran at: 19-10-2025 08:00:32 PM [] []
[2025-10-19 20:05:40] SlimMonoLogger.INFO: Cron ran at: 19-10-2025 08:05:40 PM [] []
[2025-10-19 20:10:39] SlimMonoLogger.INFO: Cron ran at: 19-10-2025 08:10:39 PM [] []
[2025-10-19 20:15:41] SlimMonoLogger.INFO: Cron ran at: 19-10-2025 08:15:41 PM [] []
[2025-10-19 20:20:31] SlimMonoLogger.INFO: Cron ran at: 19-10-2025 08:20:31 PM [] []
[2025-10-19 20:25:32] SlimMonoLogger.INFO: Cron ran at: 19-10-2025 08:25:32 PM [] []
[2025-10-19 20:30:39] SlimMonoLogger.INFO: Cron ran at: 19-10-2025 08:30:39 PM [] []
[2025-10-19 20:35:36] SlimMonoLogger.INFO: Cron ran at: 19-10-2025 08:35:36 PM [] []
[2025-10-19 20:40:44] SlimMonoLogger.INFO: Cron ran at: 19-10-2025 08:40:44 PM [] []
[2025-10-19 20:45:35] SlimMonoLogger.INFO: Cron ran at: 19-10-2025 08:45:35 PM [] []
[2025-10-19 20:50:32] SlimMonoLogger.INFO: Cron ran at: 19-10-2025 08:50:32 PM [] []
[2025-10-19 20:55:46] SlimMonoLogger.INFO: Cron ran at: 19-10-2025 08:55:46 PM [] []
[2025-10-19 21:00:43] SlimMonoLogger.INFO: Cron ran at: 19-10-2025 09:00:43 PM [] []
[2025-10-19 21:05:33] SlimMonoLogger.INFO: Cron ran at: 19-10-2025 09:05:33 PM [] []
[2025-10-19 21:10:36] SlimMonoLogger.INFO: Cron ran at: 19-10-2025 09:10:36 PM [] []
[2025-10-19 21:15:33] SlimMonoLogger.INFO: Cron ran at: 19-10-2025 09:15:33 PM [] []
[2025-10-19 21:20:31] SlimMonoLogger.INFO: Cron ran at: 19-10-2025 09:20:31 PM [] []
[2025-10-19 21:25:37] SlimMonoLogger.INFO: Cron ran at: 19-10-2025 09:25:37 PM [] []
[2025-10-19 21:30:31] SlimMonoLogger.INFO: Cron ran at: 19-10-2025 09:30:31 PM [] []
[2025-10-19 21:35:35] SlimMonoLogger.INFO: Cron ran at: 19-10-2025 09:35:35 PM [] []
[2025-10-19 21:40:43] SlimMonoLogger.INFO: Cron ran at: 19-10-2025 09:40:43 PM [] []
[2025-10-19 21:45:31] SlimMonoLogger.INFO: Cron ran at: 19-10-2025 09:45:31 PM [] []
[2025-10-19 21:50:33] SlimMonoLogger.INFO: Cron ran at: 19-10-2025 09:50:33 PM [] []
[2025-10-19 21:55:33] SlimMonoLogger.INFO: Cron ran at: 19-10-2025 09:55:33 PM [] []
[2025-10-19 22:00:41] SlimMonoLogger.INFO: Cron ran at: 19-10-2025 10:00:41 PM [] []
[2025-10-19 22:05:33] SlimMonoLogger.INFO: Cron ran at: 19-10-2025 10:05:33 PM [] []
[2025-10-19 22:10:27] SlimMonoLogger.INFO: Cron ran at: 19-10-2025 10:10:27 PM [] []
[2025-10-19 22:15:28] SlimMonoLogger.INFO: Cron ran at: 19-10-2025 10:15:28 PM [] []
[2025-10-19 22:20:45] SlimMonoLogger.INFO: Cron ran at: 19-10-2025 10:20:45 PM [] []
[2025-10-19 22:25:35] SlimMonoLogger.INFO: Cron ran at: 19-10-2025 10:25:35 PM [] []
[2025-10-19 22:30:37] SlimMonoLogger.INFO: Cron ran at: 19-10-2025 10:30:37 PM [] []
[2025-10-19 22:35:31] SlimMonoLogger.INFO: Cron ran at: 19-10-2025 10:35:31 PM [] []
[2025-10-19 22:40:28] SlimMonoLogger.INFO: Cron ran at: 19-10-2025 10:40:28 PM [] []
[2025-10-19 22:45:28] SlimMonoLogger.INFO: Cron ran at: 19-10-2025 10:45:28 PM [] []
[2025-10-19 22:50:41] SlimMonoLogger.INFO: Cron ran at: 19-10-2025 10:50:41 PM [] []
[2025-10-19 22:55:43] SlimMonoLogger.INFO: Cron ran at: 19-10-2025 10:55:43 PM [] []
[2025-10-19 23:00:35] SlimMonoLogger.INFO: Cron ran at: 19-10-2025 11:00:35 PM [] []
[2025-10-19 23:05:32] SlimMonoLogger.INFO: Cron ran at: 19-10-2025 11:05:32 PM [] []
[2025-10-19 23:10:55] SlimMonoLogger.INFO: Cron ran at: 19-10-2025 11:10:55 PM [] []
[2025-10-19 23:15:30] SlimMonoLogger.INFO: Cron ran at: 19-10-2025 11:15:30 PM [] []
[2025-10-19 23:20:33] SlimMonoLogger.INFO: Cron ran at: 19-10-2025 11:20:33 PM [] []
[2025-10-19 23:25:31] SlimMonoLogger.INFO: Cron ran at: 19-10-2025 11:25:31 PM [] []
[2025-10-19 23:30:50] SlimMonoLogger.INFO: Cron ran at: 19-10-2025 11:30:50 PM [] []
[2025-10-19 23:35:28] SlimMonoLogger.INFO: Cron ran at: 19-10-2025 11:35:28 PM [] []
[2025-10-19 23:40:32] SlimMonoLogger.INFO: Cron ran at: 19-10-2025 11:40:32 PM [] []
[2025-10-19 23:45:29] SlimMonoLogger.INFO: Cron ran at: 19-10-2025 11:45:29 PM [] []
[2025-10-19 23:50:28] SlimMonoLogger.INFO: Cron ran at: 19-10-2025 11:50:28 PM [] []
[2025-10-19 23:55:27] SlimMonoLogger.INFO: Cron ran at: 19-10-2025 11:55:27 PM [] []
[2025-10-20 00:00:42] SlimMonoLogger.INFO: Cron ran at: 20-10-2025 12:00:42 AM [] []
[2025-10-20 00:05:30] SlimMonoLogger.INFO: Cron ran at: 20-10-2025 12:05:30 AM [] []
[2025-10-20 00:10:27] SlimMonoLogger.INFO: Cron ran at: 20-10-2025 12:10:27 AM [] []
[2025-10-20 00:15:30] SlimMonoLogger.INFO: Cron ran at: 20-10-2025 12:15:30 AM [] []
[2025-10-20 00:20:27] SlimMonoLogger.INFO: Cron ran at: 20-10-2025 12:20:27 AM [] []
[2025-10-20 00:25:27] SlimMonoLogger.INFO: Cron ran at: 20-10-2025 12:25:27 AM [] []
[2025-10-20 00:30:28] SlimMonoLogger.INFO: Cron ran at: 20-10-2025 12:30:28 AM [] []
[2025-10-20 00:35:29] SlimMonoLogger.INFO: Cron ran at: 20-10-2025 12:35:29 AM [] []
[2025-10-20 00:40:25] SlimMonoLogger.INFO: Cron ran at: 20-10-2025 12:40:25 AM [] []
[2025-10-20 00:45:25] SlimMonoLogger.INFO: Cron ran at: 20-10-2025 12:45:25 AM [] []
[2025-10-20 00:50:26] SlimMonoLogger.INFO: Cron ran at: 20-10-2025 12:50:26 AM [] []
[2025-10-20 00:55:28] SlimMonoLogger.INFO: Cron ran at: 20-10-2025 12:55:28 AM [] []
[2025-10-20 01:00:34] SlimMonoLogger.INFO: Cron ran at: 20-10-2025 01:00:34 AM [] []
[2025-10-20 01:05:28] SlimMonoLogger.INFO: Cron ran at: 20-10-2025 01:05:28 AM [] []
[2025-10-20 01:10:24] SlimMonoLogger.INFO: Cron ran at: 20-10-2025 01:10:24 AM [] []
[2025-10-20 01:15:28] SlimMonoLogger.INFO: Cron ran at: 20-10-2025 01:15:28 AM [] []
[2025-10-20 01:20:41] SlimMonoLogger.INFO: Cron ran at: 20-10-2025 01:20:41 AM [] []
[2025-10-20 01:25:23] SlimMonoLogger.INFO: Cron ran at: 20-10-2025 01:25:23 AM [] []
[2025-10-20 01:30:26] SlimMonoLogger.INFO: Cron ran at: 20-10-2025 01:30:26 AM [] []
[2025-10-20 01:35:33] SlimMonoLogger.INFO: Cron ran at: 20-10-2025 01:35:33 AM [] []
[2025-10-20 01:40:24] SlimMonoLogger.INFO: Cron ran at: 20-10-2025 01:40:24 AM [] []
[2025-10-20 01:45:26] SlimMonoLogger.INFO: Cron ran at: 20-10-2025 01:45:26 AM [] []
[2025-10-20 01:50:25] SlimMonoLogger.INFO: Cron ran at: 20-10-2025 01:50:25 AM [] []
[2025-10-20 01:55:27] SlimMonoLogger.INFO: Cron ran at: 20-10-2025 01:55:27 AM [] []
