[2025-08-20 02:00:42] SlimMonoLogger.INFO: Cron ran at: 20-08-2025 02:00:42 AM [] []
[2025-08-20 02:05:38] SlimMonoLogger.INFO: Cron ran at: 20-08-2025 02:05:38 AM [] []
[2025-08-20 02:10:29] SlimMonoLogger.INFO: Cron ran at: 20-08-2025 02:10:29 AM [] []
[2025-08-20 02:15:30] SlimMonoLogger.INFO: Cron ran at: 20-08-2025 02:15:30 AM [] []
[2025-08-20 02:20:26] SlimMonoLogger.INFO: Cron ran at: 20-08-2025 02:20:26 AM [] []
[2025-08-20 02:25:34] SlimMonoLogger.INFO: Cron ran at: 20-08-2025 02:25:34 AM [] []
[2025-08-20 02:30:32] SlimMonoLogger.INFO: Cron ran at: 20-08-2025 02:30:32 AM [] []
[2025-08-20 02:35:36] SlimMonoLogger.INFO: Cron ran at: 20-08-2025 02:35:36 AM [] []
[2025-08-20 02:40:27] SlimMonoLogger.INFO: Cron ran at: 20-08-2025 02:40:27 AM [] []
[2025-08-20 02:45:29] SlimMonoLogger.INFO: Cron ran at: 20-08-2025 02:45:29 AM [] []
[2025-08-20 02:50:28] SlimMonoLogger.INFO: Cron ran at: 20-08-2025 02:50:28 AM [] []
[2025-08-20 02:55:30] SlimMonoLogger.INFO: Cron ran at: 20-08-2025 02:55:30 AM [] []
[2025-08-20 03:00:33] SlimMonoLogger.INFO: Cron ran at: 20-08-2025 03:00:33 AM [] []
[2025-08-20 03:05:31] SlimMonoLogger.INFO: Cron ran at: 20-08-2025 03:05:31 AM [] []
[2025-08-20 03:10:29] SlimMonoLogger.INFO: Cron ran at: 20-08-2025 03:10:29 AM [] []
[2025-08-20 03:15:26] SlimMonoLogger.INFO: Cron ran at: 20-08-2025 03:15:26 AM [] []
[2025-08-20 03:20:32] SlimMonoLogger.INFO: Cron ran at: 20-08-2025 03:20:32 AM [] []
[2025-08-20 03:25:28] SlimMonoLogger.INFO: Cron ran at: 20-08-2025 03:25:28 AM [] []
[2025-08-20 03:30:31] SlimMonoLogger.INFO: Cron ran at: 20-08-2025 03:30:31 AM [] []
[2025-08-20 03:35:29] SlimMonoLogger.INFO: Cron ran at: 20-08-2025 03:35:29 AM [] []
[2025-08-20 03:40:32] SlimMonoLogger.INFO: Cron ran at: 20-08-2025 03:40:32 AM [] []
[2025-08-20 03:45:30] SlimMonoLogger.INFO: Cron ran at: 20-08-2025 03:45:30 AM [] []
[2025-08-20 03:50:26] SlimMonoLogger.INFO: Cron ran at: 20-08-2025 03:50:26 AM [] []
[2025-08-20 03:55:31] SlimMonoLogger.INFO: Cron ran at: 20-08-2025 03:55:31 AM [] []
[2025-08-20 04:00:30] SlimMonoLogger.INFO: Cron ran at: 20-08-2025 04:00:30 AM [] []
[2025-08-20 04:05:28] SlimMonoLogger.INFO: Cron ran at: 20-08-2025 04:05:28 AM [] []
[2025-08-20 04:10:29] SlimMonoLogger.INFO: Cron ran at: 20-08-2025 04:10:29 AM [] []
[2025-08-20 04:15:30] SlimMonoLogger.INFO: Cron ran at: 20-08-2025 04:15:30 AM [] []
[2025-08-20 04:20:26] SlimMonoLogger.INFO: Cron ran at: 20-08-2025 04:20:26 AM [] []
[2025-08-20 04:25:26] SlimMonoLogger.INFO: Cron ran at: 20-08-2025 04:25:26 AM [] []
[2025-08-20 04:30:32] SlimMonoLogger.INFO: Cron ran at: 20-08-2025 04:30:32 AM [] []
[2025-08-20 04:35:26] SlimMonoLogger.INFO: Cron ran at: 20-08-2025 04:35:26 AM [] []
[2025-08-20 04:40:29] SlimMonoLogger.INFO: Cron ran at: 20-08-2025 04:40:29 AM [] []
[2025-08-20 04:45:29] SlimMonoLogger.INFO: Cron ran at: 20-08-2025 04:45:29 AM [] []
[2025-08-20 04:50:28] SlimMonoLogger.INFO: Cron ran at: 20-08-2025 04:50:28 AM [] []
[2025-08-20 04:55:27] SlimMonoLogger.INFO: Cron ran at: 20-08-2025 04:55:27 AM [] []
[2025-08-20 05:00:31] SlimMonoLogger.INFO: Cron ran at: 20-08-2025 05:00:31 AM [] []
[2025-08-20 05:05:30] SlimMonoLogger.INFO: Cron ran at: 20-08-2025 05:05:30 AM [] []
[2025-08-20 05:10:28] SlimMonoLogger.INFO: Cron ran at: 20-08-2025 05:10:28 AM [] []
[2025-08-20 05:15:28] SlimMonoLogger.INFO: Cron ran at: 20-08-2025 05:15:28 AM [] []
[2025-08-20 05:20:29] SlimMonoLogger.INFO: Cron ran at: 20-08-2025 05:20:29 AM [] []
[2025-08-20 05:25:26] SlimMonoLogger.INFO: Cron ran at: 20-08-2025 05:25:26 AM [] []
[2025-08-20 05:30:29] SlimMonoLogger.INFO: Cron ran at: 20-08-2025 05:30:29 AM [] []
[2025-08-20 05:35:27] SlimMonoLogger.INFO: Cron ran at: 20-08-2025 05:35:27 AM [] []
[2025-08-20 05:40:47] SlimMonoLogger.INFO: Cron ran at: 20-08-2025 05:40:47 AM [] []
[2025-08-20 05:45:32] SlimMonoLogger.INFO: Cron ran at: 20-08-2025 05:45:32 AM [] []
[2025-08-20 05:50:32] SlimMonoLogger.INFO: Cron ran at: 20-08-2025 05:50:32 AM [] []
[2025-08-20 05:55:28] SlimMonoLogger.INFO: Cron ran at: 20-08-2025 05:55:28 AM [] []
[2025-08-20 06:00:35] SlimMonoLogger.INFO: Cron ran at: 20-08-2025 06:00:35 AM [] []
[2025-08-20 06:05:30] SlimMonoLogger.INFO: Cron ran at: 20-08-2025 06:05:30 AM [] []
[2025-08-20 06:10:29] SlimMonoLogger.INFO: Cron ran at: 20-08-2025 06:10:29 AM [] []
[2025-08-20 06:15:29] SlimMonoLogger.INFO: Cron ran at: 20-08-2025 06:15:29 AM [] []
[2025-08-20 06:20:27] SlimMonoLogger.INFO: Cron ran at: 20-08-2025 06:20:27 AM [] []
[2025-08-20 06:25:30] SlimMonoLogger.INFO: Cron ran at: 20-08-2025 06:25:30 AM [] []
[2025-08-20 06:30:28] SlimMonoLogger.INFO: Cron ran at: 20-08-2025 06:30:28 AM [] []
[2025-08-20 06:35:28] SlimMonoLogger.INFO: Cron ran at: 20-08-2025 06:35:28 AM [] []
[2025-08-20 06:40:30] SlimMonoLogger.INFO: Cron ran at: 20-08-2025 06:40:30 AM [] []
[2025-08-20 06:45:40] SlimMonoLogger.INFO: Cron ran at: 20-08-2025 06:45:40 AM [] []
[2025-08-20 06:50:27] SlimMonoLogger.INFO: Cron ran at: 20-08-2025 06:50:27 AM [] []
[2025-08-20 06:55:37] SlimMonoLogger.INFO: Cron ran at: 20-08-2025 06:55:37 AM [] []
[2025-08-20 07:00:30] SlimMonoLogger.INFO: Cron ran at: 20-08-2025 07:00:30 AM [] []
[2025-08-20 07:05:31] SlimMonoLogger.INFO: Cron ran at: 20-08-2025 07:05:31 AM [] []
[2025-08-20 07:10:31] SlimMonoLogger.INFO: Cron ran at: 20-08-2025 07:10:31 AM [] []
[2025-08-20 07:15:31] SlimMonoLogger.INFO: Cron ran at: 20-08-2025 07:15:31 AM [] []
[2025-08-20 07:20:28] SlimMonoLogger.INFO: Cron ran at: 20-08-2025 07:20:28 AM [] []
[2025-08-20 07:25:29] SlimMonoLogger.INFO: Cron ran at: 20-08-2025 07:25:29 AM [] []
[2025-08-20 07:30:30] SlimMonoLogger.INFO: Cron ran at: 20-08-2025 07:30:30 AM [] []
[2025-08-20 07:35:31] SlimMonoLogger.INFO: Cron ran at: 20-08-2025 07:35:31 AM [] []
[2025-08-20 07:40:29] SlimMonoLogger.INFO: Cron ran at: 20-08-2025 07:40:29 AM [] []
[2025-08-20 07:45:32] SlimMonoLogger.INFO: Cron ran at: 20-08-2025 07:45:32 AM [] []
[2025-08-20 07:50:28] SlimMonoLogger.INFO: Cron ran at: 20-08-2025 07:50:28 AM [] []
[2025-08-20 07:55:28] SlimMonoLogger.INFO: Cron ran at: 20-08-2025 07:55:28 AM [] []
[2025-08-20 08:00:34] SlimMonoLogger.INFO: Cron ran at: 20-08-2025 08:00:34 AM [] []
[2025-08-20 08:05:45] SlimMonoLogger.INFO: Cron ran at: 20-08-2025 08:05:45 AM [] []
[2025-08-20 08:10:35] SlimMonoLogger.INFO: Cron ran at: 20-08-2025 08:10:35 AM [] []
[2025-08-20 08:15:39] SlimMonoLogger.INFO: Cron ran at: 20-08-2025 08:15:39 AM [] []
[2025-08-20 08:20:31] SlimMonoLogger.INFO: Cron ran at: 20-08-2025 08:20:31 AM [] []
[2025-08-20 08:25:37] SlimMonoLogger.INFO: Cron ran at: 20-08-2025 08:25:37 AM [] []
[2025-08-20 08:30:24] SlimMonoLogger.ERROR: Requests_Exception: cURL error 52: Empty reply from server in /home/latihtal/public_html/agregator1/src/vendor/rmccue/requests/library/Requests/Transport/cURL.php:422
Stack trace:
#0 /home/latihtal/public_html/agregator1/src/vendor/rmccue/requests/library/Requests/Transport/cURL.php(177): Requests_Transport_cURL->process_response()
#1 /home/latihtal/public_html/agregator1/src/vendor/rmccue/requests/library/Requests.php(379): Requests_Transport_cURL->request()
#2 /home/latihtal/public_html/agregator1/src/vendor/rmccue/requests/library/Requests/Session.php(205): Requests::request()
#3 /home/latihtal/public_html/agregator1/src/vendor/rmccue/requests/library/Requests/Session.php(132): Requests_Session->request()
#4 /home/latihtal/public_html/agregator1/src/drivers/Http/RssImporter.php(144): Requests_Session->get()
#5 /home/latihtal/public_html/agregator1/src/controllers/Dashboard/DashboardFeedsController.php(534): spark\drivers\Http\RssImporter->fetchPosts()
#6 /home/latihtal/public_html/agregator1/src/controllers/Site/SiteController.php(722): spark\controllers\Dashboard\DashboardFeedsController::importFeedPosts()
#7 [internal function]: spark\controllers\Site\SiteController->runTasks()
#8 /home/latihtal/public_html/agregator1/src/framework/Route.php(173): call_user_func_array()
#9 [internal function]: Slim\Route->Slim\{closure}()
#10 /home/latihtal/public_html/agregator1/src/framework/Route.php(468): call_user_func_array()
#11 /home/latihtal/public_html/agregator1/src/framework/Slim.php(1364): Slim\Route->dispatch()
#12 /home/latihtal/public_html/agregator1/src/framework/Middleware/Flash.php(85): Slim\Slim->call()
#13 /home/latihtal/public_html/agregator1/src/framework/Middleware/MethodOverride.php(92): Slim\Middleware\Flash->call()
#14 /home/latihtal/public_html/agregator1/src/middlewares/CsrfGuard/CsrfGuard.php(47): Slim\Middleware\MethodOverride->call()
#15 /home/latihtal/public_html/agregator1/src/framework/Middleware/PrettyExceptions.php(67): spark\middlewares\CsrfGuard\CsrfGuard->call()
#16 /home/latihtal/public_html/agregator1/src/framework/Slim.php(1308): Slim\Middleware\PrettyExceptions->call()
#17 /home/latihtal/public_html/agregator1/index.php(6): Slim\Slim->run()
#18 {main} [] []
[2025-08-20 08:30:34] SlimMonoLogger.INFO: Cron ran at: 20-08-2025 08:30:34 AM [] []
[2025-08-20 08:35:37] SlimMonoLogger.INFO: Cron ran at: 20-08-2025 08:35:37 AM [] []
[2025-08-20 08:40:37] SlimMonoLogger.INFO: Cron ran at: 20-08-2025 08:40:37 AM [] []
[2025-08-20 08:45:35] SlimMonoLogger.INFO: Cron ran at: 20-08-2025 08:45:35 AM [] []
[2025-08-20 08:50:47] SlimMonoLogger.INFO: Cron ran at: 20-08-2025 08:50:47 AM [] []
[2025-08-20 08:55:42] SlimMonoLogger.INFO: Cron ran at: 20-08-2025 08:55:42 AM [] []
[2025-08-20 09:00:46] SlimMonoLogger.INFO: Cron ran at: 20-08-2025 09:00:46 AM [] []
[2025-08-20 09:05:41] SlimMonoLogger.INFO: Cron ran at: 20-08-2025 09:05:41 AM [] []
[2025-08-20 09:10:45] SlimMonoLogger.INFO: Cron ran at: 20-08-2025 09:10:45 AM [] []
[2025-08-20 09:15:45] SlimMonoLogger.INFO: Cron ran at: 20-08-2025 09:15:45 AM [] []
[2025-08-20 09:20:41] SlimMonoLogger.INFO: Cron ran at: 20-08-2025 09:20:41 AM [] []
[2025-08-20 09:25:34] SlimMonoLogger.INFO: Cron ran at: 20-08-2025 09:25:34 AM [] []
[2025-08-20 09:30:39] SlimMonoLogger.INFO: Cron ran at: 20-08-2025 09:30:39 AM [] []
[2025-08-20 09:35:37] SlimMonoLogger.INFO: Cron ran at: 20-08-2025 09:35:37 AM [] []
[2025-08-20 09:40:43] SlimMonoLogger.INFO: Cron ran at: 20-08-2025 09:40:43 AM [] []
[2025-08-20 09:45:39] SlimMonoLogger.INFO: Cron ran at: 20-08-2025 09:45:39 AM [] []
[2025-08-20 09:50:38] SlimMonoLogger.INFO: Cron ran at: 20-08-2025 09:50:38 AM [] []
[2025-08-20 09:55:32] SlimMonoLogger.INFO: Cron ran at: 20-08-2025 09:55:32 AM [] []
[2025-08-20 10:00:55] SlimMonoLogger.INFO: Cron ran at: 20-08-2025 10:00:55 AM [] []
[2025-08-20 10:05:35] SlimMonoLogger.INFO: Cron ran at: 20-08-2025 10:05:35 AM [] []
[2025-08-20 10:10:34] SlimMonoLogger.INFO: Cron ran at: 20-08-2025 10:10:34 AM [] []
[2025-08-20 10:15:37] SlimMonoLogger.INFO: Cron ran at: 20-08-2025 10:15:37 AM [] []
[2025-08-20 10:20:37] SlimMonoLogger.INFO: Cron ran at: 20-08-2025 10:20:37 AM [] []
[2025-08-20 10:25:34] SlimMonoLogger.INFO: Cron ran at: 20-08-2025 10:25:34 AM [] []
[2025-08-20 10:30:36] SlimMonoLogger.INFO: Cron ran at: 20-08-2025 10:30:36 AM [] []
[2025-08-20 10:35:29] SlimMonoLogger.INFO: Cron ran at: 20-08-2025 10:35:29 AM [] []
[2025-08-20 10:40:33] SlimMonoLogger.INFO: Cron ran at: 20-08-2025 10:40:33 AM [] []
[2025-08-20 10:45:34] SlimMonoLogger.INFO: Cron ran at: 20-08-2025 10:45:34 AM [] []
[2025-08-20 10:50:32] SlimMonoLogger.INFO: Cron ran at: 20-08-2025 10:50:32 AM [] []
[2025-08-20 10:55:33] SlimMonoLogger.INFO: Cron ran at: 20-08-2025 10:55:33 AM [] []
[2025-08-20 11:00:41] SlimMonoLogger.INFO: Cron ran at: 20-08-2025 11:00:41 AM [] []
[2025-08-20 11:05:45] SlimMonoLogger.INFO: Cron ran at: 20-08-2025 11:05:45 AM [] []
[2025-08-20 11:10:34] SlimMonoLogger.INFO: Cron ran at: 20-08-2025 11:10:34 AM [] []
[2025-08-20 11:15:51] SlimMonoLogger.INFO: Cron ran at: 20-08-2025 11:15:51 AM [] []
[2025-08-20 11:20:44] SlimMonoLogger.INFO: Cron ran at: 20-08-2025 11:20:44 AM [] []
[2025-08-20 11:25:42] SlimMonoLogger.INFO: Cron ran at: 20-08-2025 11:25:42 AM [] []
[2025-08-20 11:30:37] SlimMonoLogger.INFO: Cron ran at: 20-08-2025 11:30:37 AM [] []
[2025-08-20 11:35:29] SlimMonoLogger.INFO: Cron ran at: 20-08-2025 11:35:29 AM [] []
[2025-08-20 11:40:38] SlimMonoLogger.INFO: Cron ran at: 20-08-2025 11:40:38 AM [] []
[2025-08-20 11:45:36] SlimMonoLogger.INFO: Cron ran at: 20-08-2025 11:45:36 AM [] []
[2025-08-20 11:50:58] SlimMonoLogger.INFO: Cron ran at: 20-08-2025 11:50:58 AM [] []
[2025-08-20 11:55:41] SlimMonoLogger.INFO: Cron ran at: 20-08-2025 11:55:41 AM [] []
[2025-08-20 12:00:51] SlimMonoLogger.INFO: Cron ran at: 20-08-2025 12:00:51 PM [] []
[2025-08-20 12:05:39] SlimMonoLogger.INFO: Cron ran at: 20-08-2025 12:05:39 PM [] []
[2025-08-20 12:10:39] SlimMonoLogger.INFO: Cron ran at: 20-08-2025 12:10:39 PM [] []
[2025-08-20 12:15:39] SlimMonoLogger.INFO: Cron ran at: 20-08-2025 12:15:39 PM [] []
[2025-08-20 12:20:38] SlimMonoLogger.INFO: Cron ran at: 20-08-2025 12:20:38 PM [] []
[2025-08-20 12:25:34] SlimMonoLogger.INFO: Cron ran at: 20-08-2025 12:25:34 PM [] []
[2025-08-20 12:30:38] SlimMonoLogger.INFO: Cron ran at: 20-08-2025 12:30:38 PM [] []
[2025-08-20 12:35:33] SlimMonoLogger.INFO: Cron ran at: 20-08-2025 12:35:33 PM [] []
[2025-08-20 12:40:38] SlimMonoLogger.INFO: Cron ran at: 20-08-2025 12:40:38 PM [] []
[2025-08-20 12:45:32] SlimMonoLogger.INFO: Cron ran at: 20-08-2025 12:45:32 PM [] []
[2025-08-20 12:50:34] SlimMonoLogger.INFO: Cron ran at: 20-08-2025 12:50:34 PM [] []
[2025-08-20 12:55:34] SlimMonoLogger.INFO: Cron ran at: 20-08-2025 12:55:34 PM [] []
[2025-08-20 13:00:35] SlimMonoLogger.INFO: Cron ran at: 20-08-2025 01:00:35 PM [] []
[2025-08-20 13:05:34] SlimMonoLogger.INFO: Cron ran at: 20-08-2025 01:05:34 PM [] []
[2025-08-20 13:10:37] SlimMonoLogger.INFO: Cron ran at: 20-08-2025 01:10:37 PM [] []
[2025-08-20 13:15:42] SlimMonoLogger.INFO: Cron ran at: 20-08-2025 01:15:42 PM [] []
[2025-08-20 13:20:37] SlimMonoLogger.INFO: Cron ran at: 20-08-2025 01:20:37 PM [] []
[2025-08-20 13:25:30] SlimMonoLogger.INFO: Cron ran at: 20-08-2025 01:25:30 PM [] []
[2025-08-20 13:30:33] SlimMonoLogger.INFO: Cron ran at: 20-08-2025 01:30:33 PM [] []
[2025-08-20 13:35:36] SlimMonoLogger.INFO: Cron ran at: 20-08-2025 01:35:36 PM [] []
[2025-08-20 13:40:39] SlimMonoLogger.INFO: Cron ran at: 20-08-2025 01:40:39 PM [] []
[2025-08-20 13:45:34] SlimMonoLogger.INFO: Cron ran at: 20-08-2025 01:45:34 PM [] []
[2025-08-20 13:50:35] SlimMonoLogger.INFO: Cron ran at: 20-08-2025 01:50:35 PM [] []
[2025-08-20 13:55:38] SlimMonoLogger.INFO: Cron ran at: 20-08-2025 01:55:38 PM [] []
[2025-08-20 14:00:40] SlimMonoLogger.INFO: Cron ran at: 20-08-2025 02:00:40 PM [] []
[2025-08-20 14:05:35] SlimMonoLogger.INFO: Cron ran at: 20-08-2025 02:05:35 PM [] []
[2025-08-20 14:10:37] SlimMonoLogger.INFO: Cron ran at: 20-08-2025 02:10:37 PM [] []
[2025-08-20 14:15:37] SlimMonoLogger.INFO: Cron ran at: 20-08-2025 02:15:37 PM [] []
[2025-08-20 14:20:36] SlimMonoLogger.INFO: Cron ran at: 20-08-2025 02:20:36 PM [] []
[2025-08-20 14:25:37] SlimMonoLogger.INFO: Cron ran at: 20-08-2025 02:25:37 PM [] []
[2025-08-20 14:30:36] SlimMonoLogger.INFO: Cron ran at: 20-08-2025 02:30:36 PM [] []
[2025-08-20 14:35:32] SlimMonoLogger.INFO: Cron ran at: 20-08-2025 02:35:32 PM [] []
[2025-08-20 14:40:38] SlimMonoLogger.INFO: Cron ran at: 20-08-2025 02:40:38 PM [] []
[2025-08-20 14:45:33] SlimMonoLogger.INFO: Cron ran at: 20-08-2025 02:45:33 PM [] []
[2025-08-20 14:50:39] SlimMonoLogger.INFO: Cron ran at: 20-08-2025 02:50:39 PM [] []
[2025-08-20 14:55:32] SlimMonoLogger.INFO: Cron ran at: 20-08-2025 02:55:32 PM [] []
[2025-08-20 15:00:41] SlimMonoLogger.INFO: Cron ran at: 20-08-2025 03:00:41 PM [] []
[2025-08-20 15:05:35] SlimMonoLogger.INFO: Cron ran at: 20-08-2025 03:05:35 PM [] []
[2025-08-20 15:10:35] SlimMonoLogger.INFO: Cron ran at: 20-08-2025 03:10:35 PM [] []
[2025-08-20 15:15:35] SlimMonoLogger.INFO: Cron ran at: 20-08-2025 03:15:35 PM [] []
[2025-08-20 15:20:30] SlimMonoLogger.INFO: Cron ran at: 20-08-2025 03:20:30 PM [] []
[2025-08-20 15:25:40] SlimMonoLogger.INFO: Cron ran at: 20-08-2025 03:25:40 PM [] []
[2025-08-20 15:30:38] SlimMonoLogger.INFO: Cron ran at: 20-08-2025 03:30:38 PM [] []
[2025-08-20 15:35:40] SlimMonoLogger.INFO: Cron ran at: 20-08-2025 03:35:40 PM [] []
[2025-08-20 15:40:38] SlimMonoLogger.INFO: Cron ran at: 20-08-2025 03:40:38 PM [] []
[2025-08-20 15:45:35] SlimMonoLogger.INFO: Cron ran at: 20-08-2025 03:45:35 PM [] []
[2025-08-20 15:50:41] SlimMonoLogger.INFO: Cron ran at: 20-08-2025 03:50:41 PM [] []
[2025-08-20 15:55:27] SlimMonoLogger.INFO: Cron ran at: 20-08-2025 03:55:27 PM [] []
[2025-08-20 16:00:45] SlimMonoLogger.INFO: Cron ran at: 20-08-2025 04:00:45 PM [] []
[2025-08-20 16:05:32] SlimMonoLogger.INFO: Cron ran at: 20-08-2025 04:05:32 PM [] []
[2025-08-20 16:10:32] SlimMonoLogger.INFO: Cron ran at: 20-08-2025 04:10:32 PM [] []
[2025-08-20 16:15:30] SlimMonoLogger.INFO: Cron ran at: 20-08-2025 04:15:30 PM [] []
[2025-08-20 16:20:37] SlimMonoLogger.INFO: Cron ran at: 20-08-2025 04:20:37 PM [] []
[2025-08-20 16:25:37] SlimMonoLogger.INFO: Cron ran at: 20-08-2025 04:25:37 PM [] []
[2025-08-20 16:30:36] SlimMonoLogger.INFO: Cron ran at: 20-08-2025 04:30:36 PM [] []
[2025-08-20 16:35:38] SlimMonoLogger.INFO: Cron ran at: 20-08-2025 04:35:38 PM [] []
[2025-08-20 16:40:39] SlimMonoLogger.INFO: Cron ran at: 20-08-2025 04:40:39 PM [] []
[2025-08-20 16:45:33] SlimMonoLogger.INFO: Cron ran at: 20-08-2025 04:45:33 PM [] []
[2025-08-20 16:50:37] SlimMonoLogger.INFO: Cron ran at: 20-08-2025 04:50:37 PM [] []
[2025-08-20 16:55:35] SlimMonoLogger.INFO: Cron ran at: 20-08-2025 04:55:35 PM [] []
[2025-08-20 17:00:44] SlimMonoLogger.INFO: Cron ran at: 20-08-2025 05:00:44 PM [] []
[2025-08-20 17:05:36] SlimMonoLogger.INFO: Cron ran at: 20-08-2025 05:05:36 PM [] []
[2025-08-20 17:10:42] SlimMonoLogger.INFO: Cron ran at: 20-08-2025 05:10:42 PM [] []
[2025-08-20 17:15:36] SlimMonoLogger.INFO: Cron ran at: 20-08-2025 05:15:36 PM [] []
[2025-08-20 17:20:37] SlimMonoLogger.INFO: Cron ran at: 20-08-2025 05:20:37 PM [] []
[2025-08-20 17:25:32] SlimMonoLogger.INFO: Cron ran at: 20-08-2025 05:25:32 PM [] []
[2025-08-20 17:30:37] SlimMonoLogger.INFO: Cron ran at: 20-08-2025 05:30:37 PM [] []
[2025-08-20 17:35:41] SlimMonoLogger.INFO: Cron ran at: 20-08-2025 05:35:41 PM [] []
[2025-08-20 17:40:35] SlimMonoLogger.INFO: Cron ran at: 20-08-2025 05:40:35 PM [] []
[2025-08-20 17:45:36] SlimMonoLogger.INFO: Cron ran at: 20-08-2025 05:45:36 PM [] []
[2025-08-20 17:50:37] SlimMonoLogger.INFO: Cron ran at: 20-08-2025 05:50:37 PM [] []
[2025-08-20 17:55:43] SlimMonoLogger.INFO: Cron ran at: 20-08-2025 05:55:43 PM [] []
[2025-08-20 18:00:40] SlimMonoLogger.INFO: Cron ran at: 20-08-2025 06:00:40 PM [] []
[2025-08-20 18:05:31] SlimMonoLogger.INFO: Cron ran at: 20-08-2025 06:05:31 PM [] []
[2025-08-20 18:10:38] SlimMonoLogger.INFO: Cron ran at: 20-08-2025 06:10:38 PM [] []
[2025-08-20 18:15:30] SlimMonoLogger.INFO: Cron ran at: 20-08-2025 06:15:30 PM [] []
[2025-08-20 18:20:29] SlimMonoLogger.INFO: Cron ran at: 20-08-2025 06:20:29 PM [] []
[2025-08-20 18:25:30] SlimMonoLogger.INFO: Cron ran at: 20-08-2025 06:25:30 PM [] []
[2025-08-20 18:30:39] SlimMonoLogger.INFO: Cron ran at: 20-08-2025 06:30:39 PM [] []
[2025-08-20 18:35:29] SlimMonoLogger.INFO: Cron ran at: 20-08-2025 06:35:29 PM [] []
[2025-08-20 18:40:35] SlimMonoLogger.INFO: Cron ran at: 20-08-2025 06:40:35 PM [] []
[2025-08-20 18:45:35] SlimMonoLogger.INFO: Cron ran at: 20-08-2025 06:45:35 PM [] []
[2025-08-20 18:50:32] SlimMonoLogger.INFO: Cron ran at: 20-08-2025 06:50:32 PM [] []
[2025-08-20 18:55:28] SlimMonoLogger.INFO: Cron ran at: 20-08-2025 06:55:28 PM [] []
[2025-08-20 19:00:39] SlimMonoLogger.INFO: Cron ran at: 20-08-2025 07:00:39 PM [] []
[2025-08-20 19:05:40] SlimMonoLogger.INFO: Cron ran at: 20-08-2025 07:05:40 PM [] []
[2025-08-20 19:10:31] SlimMonoLogger.INFO: Cron ran at: 20-08-2025 07:10:31 PM [] []
[2025-08-20 19:15:31] SlimMonoLogger.INFO: Cron ran at: 20-08-2025 07:15:31 PM [] []
[2025-08-20 19:20:30] SlimMonoLogger.INFO: Cron ran at: 20-08-2025 07:20:30 PM [] []
[2025-08-20 19:25:35] SlimMonoLogger.INFO: Cron ran at: 20-08-2025 07:25:35 PM [] []
[2025-08-20 19:30:41] SlimMonoLogger.INFO: Cron ran at: 20-08-2025 07:30:41 PM [] []
[2025-08-20 19:35:32] SlimMonoLogger.INFO: Cron ran at: 20-08-2025 07:35:32 PM [] []
[2025-08-20 19:40:34] SlimMonoLogger.INFO: Cron ran at: 20-08-2025 07:40:34 PM [] []
[2025-08-20 19:45:37] SlimMonoLogger.INFO: Cron ran at: 20-08-2025 07:45:37 PM [] []
[2025-08-20 19:50:34] SlimMonoLogger.INFO: Cron ran at: 20-08-2025 07:50:34 PM [] []
[2025-08-20 19:55:36] SlimMonoLogger.INFO: Cron ran at: 20-08-2025 07:55:36 PM [] []
[2025-08-20 20:00:41] SlimMonoLogger.INFO: Cron ran at: 20-08-2025 08:00:41 PM [] []
[2025-08-20 20:05:38] SlimMonoLogger.INFO: Cron ran at: 20-08-2025 08:05:38 PM [] []
[2025-08-20 20:10:34] SlimMonoLogger.INFO: Cron ran at: 20-08-2025 08:10:34 PM [] []
[2025-08-20 20:15:32] SlimMonoLogger.INFO: Cron ran at: 20-08-2025 08:15:32 PM [] []
[2025-08-20 20:20:34] SlimMonoLogger.INFO: Cron ran at: 20-08-2025 08:20:34 PM [] []
[2025-08-20 20:25:51] SlimMonoLogger.INFO: Cron ran at: 20-08-2025 08:25:51 PM [] []
[2025-08-20 20:30:39] SlimMonoLogger.INFO: Cron ran at: 20-08-2025 08:30:39 PM [] []
[2025-08-20 20:35:38] SlimMonoLogger.INFO: Cron ran at: 20-08-2025 08:35:38 PM [] []
[2025-08-20 20:40:56] SlimMonoLogger.INFO: Cron ran at: 20-08-2025 08:40:56 PM [] []
[2025-08-20 20:45:41] SlimMonoLogger.INFO: Cron ran at: 20-08-2025 08:45:41 PM [] []
[2025-08-20 20:50:42] SlimMonoLogger.INFO: Cron ran at: 20-08-2025 08:50:42 PM [] []
[2025-08-20 20:55:39] SlimMonoLogger.INFO: Cron ran at: 20-08-2025 08:55:39 PM [] []
[2025-08-20 21:00:44] SlimMonoLogger.INFO: Cron ran at: 20-08-2025 09:00:44 PM [] []
[2025-08-20 21:05:37] SlimMonoLogger.INFO: Cron ran at: 20-08-2025 09:05:37 PM [] []
[2025-08-20 21:10:36] SlimMonoLogger.INFO: Cron ran at: 20-08-2025 09:10:36 PM [] []
[2025-08-20 21:15:40] SlimMonoLogger.INFO: Cron ran at: 20-08-2025 09:15:40 PM [] []
[2025-08-20 21:20:34] SlimMonoLogger.INFO: Cron ran at: 20-08-2025 09:20:34 PM [] []
[2025-08-20 21:25:49] SlimMonoLogger.INFO: Cron ran at: 20-08-2025 09:25:49 PM [] []
[2025-08-20 21:30:31] SlimMonoLogger.INFO: Cron ran at: 20-08-2025 09:30:31 PM [] []
[2025-08-20 21:35:34] SlimMonoLogger.INFO: Cron ran at: 20-08-2025 09:35:34 PM [] []
[2025-08-20 21:40:38] SlimMonoLogger.INFO: Cron ran at: 20-08-2025 09:40:38 PM [] []
[2025-08-20 21:45:37] SlimMonoLogger.INFO: Cron ran at: 20-08-2025 09:45:37 PM [] []
[2025-08-20 21:50:34] SlimMonoLogger.INFO: Cron ran at: 20-08-2025 09:50:34 PM [] []
[2025-08-20 21:55:34] SlimMonoLogger.INFO: Cron ran at: 20-08-2025 09:55:34 PM [] []
[2025-08-20 22:00:39] SlimMonoLogger.INFO: Cron ran at: 20-08-2025 10:00:39 PM [] []
[2025-08-20 22:05:32] SlimMonoLogger.INFO: Cron ran at: 20-08-2025 10:05:32 PM [] []
[2025-08-20 22:10:34] SlimMonoLogger.INFO: Cron ran at: 20-08-2025 10:10:34 PM [] []
[2025-08-20 22:15:42] SlimMonoLogger.INFO: Cron ran at: 20-08-2025 10:15:42 PM [] []
[2025-08-20 22:20:37] SlimMonoLogger.INFO: Cron ran at: 20-08-2025 10:20:37 PM [] []
[2025-08-20 22:25:33] SlimMonoLogger.INFO: Cron ran at: 20-08-2025 10:25:33 PM [] []
[2025-08-20 22:30:37] SlimMonoLogger.INFO: Cron ran at: 20-08-2025 10:30:37 PM [] []
[2025-08-20 22:35:42] SlimMonoLogger.INFO: Cron ran at: 20-08-2025 10:35:42 PM [] []
[2025-08-20 22:40:31] SlimMonoLogger.INFO: Cron ran at: 20-08-2025 10:40:31 PM [] []
[2025-08-20 22:45:38] SlimMonoLogger.INFO: Cron ran at: 20-08-2025 10:45:38 PM [] []
[2025-08-20 22:50:29] SlimMonoLogger.INFO: Cron ran at: 20-08-2025 10:50:29 PM [] []
[2025-08-20 22:55:38] SlimMonoLogger.INFO: Cron ran at: 20-08-2025 10:55:38 PM [] []
[2025-08-20 23:00:35] SlimMonoLogger.INFO: Cron ran at: 20-08-2025 11:00:35 PM [] []
[2025-08-20 23:05:31] SlimMonoLogger.INFO: Cron ran at: 20-08-2025 11:05:31 PM [] []
[2025-08-20 23:10:36] SlimMonoLogger.INFO: Cron ran at: 20-08-2025 11:10:36 PM [] []
[2025-08-20 23:15:34] SlimMonoLogger.INFO: Cron ran at: 20-08-2025 11:15:34 PM [] []
[2025-08-20 23:20:36] SlimMonoLogger.INFO: Cron ran at: 20-08-2025 11:20:36 PM [] []
[2025-08-20 23:25:32] SlimMonoLogger.INFO: Cron ran at: 20-08-2025 11:25:32 PM [] []
[2025-08-20 23:30:33] SlimMonoLogger.INFO: Cron ran at: 20-08-2025 11:30:33 PM [] []
[2025-08-20 23:35:33] SlimMonoLogger.INFO: Cron ran at: 20-08-2025 11:35:33 PM [] []
[2025-08-20 23:40:35] SlimMonoLogger.INFO: Cron ran at: 20-08-2025 11:40:35 PM [] []
[2025-08-20 23:45:38] SlimMonoLogger.INFO: Cron ran at: 20-08-2025 11:45:38 PM [] []
[2025-08-20 23:50:41] SlimMonoLogger.INFO: Cron ran at: 20-08-2025 11:50:41 PM [] []
[2025-08-20 23:55:32] SlimMonoLogger.INFO: Cron ran at: 20-08-2025 11:55:32 PM [] []
[2025-08-21 00:00:36] SlimMonoLogger.INFO: Cron ran at: 21-08-2025 12:00:36 AM [] []
[2025-08-21 00:05:33] SlimMonoLogger.INFO: Cron ran at: 21-08-2025 12:05:33 AM [] []
[2025-08-21 00:10:32] SlimMonoLogger.INFO: Cron ran at: 21-08-2025 12:10:32 AM [] []
[2025-08-21 00:15:32] SlimMonoLogger.INFO: Cron ran at: 21-08-2025 12:15:32 AM [] []
[2025-08-21 00:20:31] SlimMonoLogger.INFO: Cron ran at: 21-08-2025 12:20:31 AM [] []
[2025-08-21 00:25:31] SlimMonoLogger.INFO: Cron ran at: 21-08-2025 12:25:31 AM [] []
[2025-08-21 00:30:39] SlimMonoLogger.INFO: Cron ran at: 21-08-2025 12:30:39 AM [] []
[2025-08-21 00:35:30] SlimMonoLogger.INFO: Cron ran at: 21-08-2025 12:35:30 AM [] []
[2025-08-21 00:40:28] SlimMonoLogger.INFO: Cron ran at: 21-08-2025 12:40:28 AM [] []
[2025-08-21 00:45:31] SlimMonoLogger.INFO: Cron ran at: 21-08-2025 12:45:31 AM [] []
[2025-08-21 00:50:32] SlimMonoLogger.INFO: Cron ran at: 21-08-2025 12:50:32 AM [] []
[2025-08-21 00:55:37] SlimMonoLogger.INFO: Cron ran at: 21-08-2025 12:55:37 AM [] []
[2025-08-21 01:00:39] SlimMonoLogger.INFO: Cron ran at: 21-08-2025 01:00:39 AM [] []
[2025-08-21 01:05:29] SlimMonoLogger.INFO: Cron ran at: 21-08-2025 01:05:29 AM [] []
[2025-08-21 01:10:33] SlimMonoLogger.INFO: Cron ran at: 21-08-2025 01:10:33 AM [] []
[2025-08-21 01:15:32] SlimMonoLogger.INFO: Cron ran at: 21-08-2025 01:15:32 AM [] []
[2025-08-21 01:20:30] SlimMonoLogger.INFO: Cron ran at: 21-08-2025 01:20:30 AM [] []
[2025-08-21 01:25:33] SlimMonoLogger.INFO: Cron ran at: 21-08-2025 01:25:33 AM [] []
[2025-08-21 01:30:31] SlimMonoLogger.INFO: Cron ran at: 21-08-2025 01:30:31 AM [] []
[2025-08-21 01:35:31] SlimMonoLogger.INFO: Cron ran at: 21-08-2025 01:35:31 AM [] []
[2025-08-21 01:40:37] SlimMonoLogger.INFO: Cron ran at: 21-08-2025 01:40:37 AM [] []
[2025-08-21 01:45:31] SlimMonoLogger.INFO: Cron ran at: 21-08-2025 01:45:31 AM [] []
[2025-08-21 01:50:55] SlimMonoLogger.INFO: Cron ran at: 21-08-2025 01:50:55 AM [] []
[2025-08-21 01:55:31] SlimMonoLogger.INFO: Cron ran at: 21-08-2025 01:55:31 AM [] []
