[2025-09-20 02:00:36] SlimMonoLogger.INFO: Cron ran at: 20-09-2025 02:00:36 AM [] []
[2025-09-20 02:05:26] SlimMonoLogger.INFO: Cron ran at: 20-09-2025 02:05:26 AM [] []
[2025-09-20 02:10:23] SlimMonoLogger.INFO: Cron ran at: 20-09-2025 02:10:23 AM [] []
[2025-09-20 02:15:27] SlimMonoLogger.INFO: Cron ran at: 20-09-2025 02:15:27 AM [] []
[2025-09-20 02:20:26] SlimMonoLogger.INFO: Cron ran at: 20-09-2025 02:20:26 AM [] []
[2025-09-20 02:25:24] SlimMonoLogger.INFO: Cron ran at: 20-09-2025 02:25:24 AM [] []
[2025-09-20 02:30:27] SlimMonoLogger.INFO: Cron ran at: 20-09-2025 02:30:27 AM [] []
[2025-09-20 02:35:23] SlimMonoLogger.INFO: Cron ran at: 20-09-2025 02:35:23 AM [] []
[2025-09-20 02:40:26] SlimMonoLogger.INFO: Cron ran at: 20-09-2025 02:40:26 AM [] []
[2025-09-20 02:45:23] SlimMonoLogger.INFO: Cron ran at: 20-09-2025 02:45:23 AM [] []
[2025-09-20 02:50:36] SlimMonoLogger.INFO: Cron ran at: 20-09-2025 02:50:36 AM [] []
[2025-09-20 02:55:33] SlimMonoLogger.INFO: Cron ran at: 20-09-2025 02:55:33 AM [] []
[2025-09-20 03:00:27] SlimMonoLogger.INFO: Cron ran at: 20-09-2025 03:00:27 AM [] []
[2025-09-20 03:05:27] SlimMonoLogger.INFO: Cron ran at: 20-09-2025 03:05:27 AM [] []
[2025-09-20 03:10:33] SlimMonoLogger.INFO: Cron ran at: 20-09-2025 03:10:33 AM [] []
[2025-09-20 03:15:30] SlimMonoLogger.INFO: Cron ran at: 20-09-2025 03:15:30 AM [] []
[2025-09-20 03:20:24] SlimMonoLogger.INFO: Cron ran at: 20-09-2025 03:20:24 AM [] []
[2025-09-20 03:25:35] SlimMonoLogger.INFO: Cron ran at: 20-09-2025 03:25:35 AM [] []
[2025-09-20 03:30:27] SlimMonoLogger.INFO: Cron ran at: 20-09-2025 03:30:27 AM [] []
[2025-09-20 03:35:29] SlimMonoLogger.INFO: Cron ran at: 20-09-2025 03:35:29 AM [] []
[2025-09-20 03:40:26] SlimMonoLogger.INFO: Cron ran at: 20-09-2025 03:40:26 AM [] []
[2025-09-20 03:45:27] SlimMonoLogger.INFO: Cron ran at: 20-09-2025 03:45:27 AM [] []
[2025-09-20 03:50:26] SlimMonoLogger.INFO: Cron ran at: 20-09-2025 03:50:26 AM [] []
[2025-09-20 03:55:29] SlimMonoLogger.INFO: Cron ran at: 20-09-2025 03:55:29 AM [] []
[2025-09-20 04:00:30] SlimMonoLogger.INFO: Cron ran at: 20-09-2025 04:00:30 AM [] []
[2025-09-20 04:05:27] SlimMonoLogger.INFO: Cron ran at: 20-09-2025 04:05:27 AM [] []
[2025-09-20 04:10:26] SlimMonoLogger.INFO: Cron ran at: 20-09-2025 04:10:26 AM [] []
[2025-09-20 04:15:24] SlimMonoLogger.INFO: Cron ran at: 20-09-2025 04:15:24 AM [] []
[2025-09-20 04:20:27] SlimMonoLogger.INFO: Cron ran at: 20-09-2025 04:20:27 AM [] []
[2025-09-20 04:25:27] SlimMonoLogger.INFO: Cron ran at: 20-09-2025 04:25:27 AM [] []
[2025-09-20 04:30:31] SlimMonoLogger.INFO: Cron ran at: 20-09-2025 04:30:31 AM [] []
[2025-09-20 04:35:29] SlimMonoLogger.INFO: Cron ran at: 20-09-2025 04:35:29 AM [] []
[2025-09-20 04:40:37] SlimMonoLogger.INFO: Cron ran at: 20-09-2025 04:40:37 AM [] []
[2025-09-20 04:45:26] SlimMonoLogger.INFO: Cron ran at: 20-09-2025 04:45:26 AM [] []
[2025-09-20 04:50:35] SlimMonoLogger.INFO: Cron ran at: 20-09-2025 04:50:35 AM [] []
[2025-09-20 04:55:30] SlimMonoLogger.INFO: Cron ran at: 20-09-2025 04:55:30 AM [] []
[2025-09-20 05:00:29] SlimMonoLogger.INFO: Cron ran at: 20-09-2025 05:00:29 AM [] []
[2025-09-20 05:05:28] SlimMonoLogger.INFO: Cron ran at: 20-09-2025 05:05:28 AM [] []
[2025-09-20 05:10:33] SlimMonoLogger.INFO: Cron ran at: 20-09-2025 05:10:33 AM [] []
[2025-09-20 05:15:27] SlimMonoLogger.INFO: Cron ran at: 20-09-2025 05:15:27 AM [] []
[2025-09-20 05:20:27] SlimMonoLogger.INFO: Cron ran at: 20-09-2025 05:20:27 AM [] []
[2025-09-20 05:25:29] SlimMonoLogger.INFO: Cron ran at: 20-09-2025 05:25:29 AM [] []
[2025-09-20 05:30:31] SlimMonoLogger.INFO: Cron ran at: 20-09-2025 05:30:31 AM [] []
[2025-09-20 05:35:25] SlimMonoLogger.INFO: Cron ran at: 20-09-2025 05:35:25 AM [] []
[2025-09-20 05:40:24] SlimMonoLogger.INFO: Cron ran at: 20-09-2025 05:40:24 AM [] []
[2025-09-20 05:45:26] SlimMonoLogger.INFO: Cron ran at: 20-09-2025 05:45:26 AM [] []
[2025-09-20 05:50:35] SlimMonoLogger.INFO: Cron ran at: 20-09-2025 05:50:35 AM [] []
[2025-09-20 05:55:26] SlimMonoLogger.INFO: Cron ran at: 20-09-2025 05:55:26 AM [] []
[2025-09-20 06:00:38] SlimMonoLogger.INFO: Cron ran at: 20-09-2025 06:00:38 AM [] []
[2025-09-20 06:05:31] SlimMonoLogger.INFO: Cron ran at: 20-09-2025 06:05:31 AM [] []
[2025-09-20 06:10:30] SlimMonoLogger.INFO: Cron ran at: 20-09-2025 06:10:30 AM [] []
[2025-09-20 06:15:30] SlimMonoLogger.INFO: Cron ran at: 20-09-2025 06:15:30 AM [] []
[2025-09-20 06:20:29] SlimMonoLogger.INFO: Cron ran at: 20-09-2025 06:20:29 AM [] []
[2025-09-20 06:25:26] SlimMonoLogger.INFO: Cron ran at: 20-09-2025 06:25:26 AM [] []
[2025-09-20 06:30:28] SlimMonoLogger.INFO: Cron ran at: 20-09-2025 06:30:28 AM [] []
[2025-09-20 06:35:25] SlimMonoLogger.INFO: Cron ran at: 20-09-2025 06:35:25 AM [] []
[2025-09-20 06:40:26] SlimMonoLogger.INFO: Cron ran at: 20-09-2025 06:40:26 AM [] []
[2025-09-20 06:45:28] SlimMonoLogger.INFO: Cron ran at: 20-09-2025 06:45:28 AM [] []
[2025-09-20 06:50:30] SlimMonoLogger.INFO: Cron ran at: 20-09-2025 06:50:30 AM [] []
[2025-09-20 06:55:24] SlimMonoLogger.INFO: Cron ran at: 20-09-2025 06:55:24 AM [] []
[2025-09-20 07:00:39] SlimMonoLogger.INFO: Cron ran at: 20-09-2025 07:00:39 AM [] []
[2025-09-20 07:05:35] SlimMonoLogger.INFO: Cron ran at: 20-09-2025 07:05:35 AM [] []
[2025-09-20 07:10:29] SlimMonoLogger.INFO: Cron ran at: 20-09-2025 07:10:29 AM [] []
[2025-09-20 07:15:25] SlimMonoLogger.INFO: Cron ran at: 20-09-2025 07:15:25 AM [] []
[2025-09-20 07:20:24] SlimMonoLogger.INFO: Cron ran at: 20-09-2025 07:20:24 AM [] []
[2025-09-20 07:25:27] SlimMonoLogger.INFO: Cron ran at: 20-09-2025 07:25:27 AM [] []
[2025-09-20 07:30:31] SlimMonoLogger.INFO: Cron ran at: 20-09-2025 07:30:31 AM [] []
[2025-09-20 07:35:28] SlimMonoLogger.INFO: Cron ran at: 20-09-2025 07:35:28 AM [] []
[2025-09-20 07:40:30] SlimMonoLogger.INFO: Cron ran at: 20-09-2025 07:40:30 AM [] []
[2025-09-20 07:45:32] SlimMonoLogger.INFO: Cron ran at: 20-09-2025 07:45:32 AM [] []
[2025-09-20 07:50:37] SlimMonoLogger.INFO: Cron ran at: 20-09-2025 07:50:37 AM [] []
[2025-09-20 07:55:38] SlimMonoLogger.INFO: Cron ran at: 20-09-2025 07:55:38 AM [] []
[2025-09-20 08:00:35] SlimMonoLogger.INFO: Cron ran at: 20-09-2025 08:00:35 AM [] []
[2025-09-20 08:05:34] SlimMonoLogger.INFO: Cron ran at: 20-09-2025 08:05:34 AM [] []
[2025-09-20 08:10:35] SlimMonoLogger.INFO: Cron ran at: 20-09-2025 08:10:35 AM [] []
[2025-09-20 08:15:43] SlimMonoLogger.INFO: Cron ran at: 20-09-2025 08:15:43 AM [] []
[2025-09-20 08:20:46] SlimMonoLogger.INFO: Cron ran at: 20-09-2025 08:20:46 AM [] []
[2025-09-20 08:25:35] SlimMonoLogger.INFO: Cron ran at: 20-09-2025 08:25:35 AM [] []
[2025-09-20 08:30:37] SlimMonoLogger.INFO: Cron ran at: 20-09-2025 08:30:37 AM [] []
[2025-09-20 08:35:38] SlimMonoLogger.INFO: Cron ran at: 20-09-2025 08:35:38 AM [] []
[2025-09-20 08:40:40] SlimMonoLogger.INFO: Cron ran at: 20-09-2025 08:40:40 AM [] []
[2025-09-20 08:45:34] SlimMonoLogger.INFO: Cron ran at: 20-09-2025 08:45:34 AM [] []
[2025-09-20 08:50:30] SlimMonoLogger.INFO: Cron ran at: 20-09-2025 08:50:30 AM [] []
[2025-09-20 08:55:36] SlimMonoLogger.INFO: Cron ran at: 20-09-2025 08:55:36 AM [] []
[2025-09-20 09:00:42] SlimMonoLogger.INFO: Cron ran at: 20-09-2025 09:00:42 AM [] []
[2025-09-20 09:05:38] SlimMonoLogger.INFO: Cron ran at: 20-09-2025 09:05:38 AM [] []
[2025-09-20 09:10:34] SlimMonoLogger.INFO: Cron ran at: 20-09-2025 09:10:34 AM [] []
[2025-09-20 09:15:44] SlimMonoLogger.INFO: Cron ran at: 20-09-2025 09:15:44 AM [] []
[2025-09-20 09:20:27] SlimMonoLogger.INFO: Cron ran at: 20-09-2025 09:20:27 AM [] []
[2025-09-20 09:25:27] SlimMonoLogger.INFO: Cron ran at: 20-09-2025 09:25:27 AM [] []
[2025-09-20 09:30:33] SlimMonoLogger.INFO: Cron ran at: 20-09-2025 09:30:33 AM [] []
[2025-09-20 09:35:25] SlimMonoLogger.INFO: Cron ran at: 20-09-2025 09:35:25 AM [] []
[2025-09-20 09:40:35] SlimMonoLogger.INFO: Cron ran at: 20-09-2025 09:40:35 AM [] []
[2025-09-20 09:45:27] SlimMonoLogger.INFO: Cron ran at: 20-09-2025 09:45:27 AM [] []
[2025-09-20 09:50:29] SlimMonoLogger.INFO: Cron ran at: 20-09-2025 09:50:29 AM [] []
[2025-09-20 09:55:27] SlimMonoLogger.INFO: Cron ran at: 20-09-2025 09:55:27 AM [] []
[2025-09-20 10:05:32] SlimMonoLogger.INFO: Cron ran at: 20-09-2025 10:05:32 AM [] []
[2025-09-20 10:10:28] SlimMonoLogger.INFO: Cron ran at: 20-09-2025 10:10:28 AM [] []
[2025-09-20 10:15:26] SlimMonoLogger.INFO: Cron ran at: 20-09-2025 10:15:26 AM [] []
[2025-09-20 10:20:27] SlimMonoLogger.INFO: Cron ran at: 20-09-2025 10:20:27 AM [] []
[2025-09-20 10:25:26] SlimMonoLogger.INFO: Cron ran at: 20-09-2025 10:25:26 AM [] []
[2025-09-20 10:30:28] SlimMonoLogger.INFO: Cron ran at: 20-09-2025 10:30:28 AM [] []
[2025-09-20 10:35:29] SlimMonoLogger.INFO: Cron ran at: 20-09-2025 10:35:29 AM [] []
[2025-09-20 10:40:32] SlimMonoLogger.INFO: Cron ran at: 20-09-2025 10:40:32 AM [] []
[2025-09-20 10:45:26] SlimMonoLogger.INFO: Cron ran at: 20-09-2025 10:45:26 AM [] []
[2025-09-20 10:50:28] SlimMonoLogger.INFO: Cron ran at: 20-09-2025 10:50:28 AM [] []
[2025-09-20 10:55:24] SlimMonoLogger.INFO: Cron ran at: 20-09-2025 10:55:24 AM [] []
[2025-09-20 11:00:26] SlimMonoLogger.INFO: Cron ran at: 20-09-2025 11:00:26 AM [] []
[2025-09-20 11:05:36] SlimMonoLogger.INFO: Cron ran at: 20-09-2025 11:05:36 AM [] []
[2025-09-20 11:10:31] SlimMonoLogger.INFO: Cron ran at: 20-09-2025 11:10:31 AM [] []
[2025-09-20 11:15:30] SlimMonoLogger.INFO: Cron ran at: 20-09-2025 11:15:30 AM [] []
[2025-09-20 11:20:36] SlimMonoLogger.INFO: Cron ran at: 20-09-2025 11:20:36 AM [] []
[2025-09-20 11:25:34] SlimMonoLogger.INFO: Cron ran at: 20-09-2025 11:25:34 AM [] []
[2025-09-20 11:30:34] SlimMonoLogger.INFO: Cron ran at: 20-09-2025 11:30:34 AM [] []
[2025-09-20 11:35:26] SlimMonoLogger.INFO: Cron ran at: 20-09-2025 11:35:26 AM [] []
[2025-09-20 11:40:27] SlimMonoLogger.INFO: Cron ran at: 20-09-2025 11:40:27 AM [] []
[2025-09-20 11:45:25] SlimMonoLogger.INFO: Cron ran at: 20-09-2025 11:45:25 AM [] []
[2025-09-20 11:50:30] SlimMonoLogger.INFO: Cron ran at: 20-09-2025 11:50:30 AM [] []
[2025-09-20 11:55:23] SlimMonoLogger.INFO: Cron ran at: 20-09-2025 11:55:23 AM [] []
[2025-09-20 12:00:37] SlimMonoLogger.INFO: Cron ran at: 20-09-2025 12:00:37 PM [] []
[2025-09-20 12:05:29] SlimMonoLogger.INFO: Cron ran at: 20-09-2025 12:05:29 PM [] []
[2025-09-20 12:10:36] SlimMonoLogger.INFO: Cron ran at: 20-09-2025 12:10:36 PM [] []
[2025-09-20 12:15:34] SlimMonoLogger.INFO: Cron ran at: 20-09-2025 12:15:34 PM [] []
[2025-09-20 12:20:26] SlimMonoLogger.INFO: Cron ran at: 20-09-2025 12:20:26 PM [] []
[2025-09-20 12:25:27] SlimMonoLogger.INFO: Cron ran at: 20-09-2025 12:25:27 PM [] []
[2025-09-20 12:30:33] SlimMonoLogger.INFO: Cron ran at: 20-09-2025 12:30:33 PM [] []
[2025-09-20 12:35:25] SlimMonoLogger.INFO: Cron ran at: 20-09-2025 12:35:25 PM [] []
[2025-09-20 12:40:27] SlimMonoLogger.INFO: Cron ran at: 20-09-2025 12:40:27 PM [] []
[2025-09-20 12:45:30] SlimMonoLogger.INFO: Cron ran at: 20-09-2025 12:45:30 PM [] []
[2025-09-20 12:50:28] SlimMonoLogger.INFO: Cron ran at: 20-09-2025 12:50:28 PM [] []
[2025-09-20 12:55:26] SlimMonoLogger.INFO: Cron ran at: 20-09-2025 12:55:26 PM [] []
[2025-09-20 13:00:31] SlimMonoLogger.INFO: Cron ran at: 20-09-2025 01:00:31 PM [] []
[2025-09-20 13:05:29] SlimMonoLogger.INFO: Cron ran at: 20-09-2025 01:05:29 PM [] []
[2025-09-20 13:10:33] SlimMonoLogger.INFO: Cron ran at: 20-09-2025 01:10:33 PM [] []
[2025-09-20 13:15:25] SlimMonoLogger.INFO: Cron ran at: 20-09-2025 01:15:25 PM [] []
[2025-09-20 13:20:34] SlimMonoLogger.INFO: Cron ran at: 20-09-2025 01:20:34 PM [] []
[2025-09-20 13:25:26] SlimMonoLogger.INFO: Cron ran at: 20-09-2025 01:25:26 PM [] []
[2025-09-20 13:30:32] SlimMonoLogger.INFO: Cron ran at: 20-09-2025 01:30:32 PM [] []
[2025-09-20 13:35:25] SlimMonoLogger.INFO: Cron ran at: 20-09-2025 01:35:25 PM [] []
[2025-09-20 13:40:26] SlimMonoLogger.INFO: Cron ran at: 20-09-2025 01:40:26 PM [] []
[2025-09-20 13:45:26] SlimMonoLogger.INFO: Cron ran at: 20-09-2025 01:45:26 PM [] []
[2025-09-20 13:50:31] SlimMonoLogger.INFO: Cron ran at: 20-09-2025 01:50:31 PM [] []
[2025-09-20 13:55:26] SlimMonoLogger.INFO: Cron ran at: 20-09-2025 01:55:26 PM [] []
[2025-09-20 14:00:37] SlimMonoLogger.INFO: Cron ran at: 20-09-2025 02:00:37 PM [] []
[2025-09-20 14:05:36] SlimMonoLogger.INFO: Cron ran at: 20-09-2025 02:05:36 PM [] []
[2025-09-20 14:10:27] SlimMonoLogger.INFO: Cron ran at: 20-09-2025 02:10:27 PM [] []
[2025-09-20 14:15:33] SlimMonoLogger.INFO: Cron ran at: 20-09-2025 02:15:33 PM [] []
[2025-09-20 14:20:29] SlimMonoLogger.INFO: Cron ran at: 20-09-2025 02:20:29 PM [] []
[2025-09-20 14:25:38] SlimMonoLogger.INFO: Cron ran at: 20-09-2025 02:25:38 PM [] []
[2025-09-20 14:30:48] SlimMonoLogger.INFO: Cron ran at: 20-09-2025 02:30:48 PM [] []
[2025-09-20 14:35:31] SlimMonoLogger.INFO: Cron ran at: 20-09-2025 02:35:31 PM [] []
[2025-09-20 14:40:43] SlimMonoLogger.INFO: Cron ran at: 20-09-2025 02:40:43 PM [] []
[2025-09-20 14:45:36] SlimMonoLogger.INFO: Cron ran at: 20-09-2025 02:45:36 PM [] []
[2025-09-20 14:50:42] SlimMonoLogger.INFO: Cron ran at: 20-09-2025 02:50:42 PM [] []
[2025-09-20 14:55:24] SlimMonoLogger.INFO: Cron ran at: 20-09-2025 02:55:24 PM [] []
[2025-09-20 15:00:37] SlimMonoLogger.INFO: Cron ran at: 20-09-2025 03:00:37 PM [] []
[2025-09-20 15:05:24] SlimMonoLogger.INFO: Cron ran at: 20-09-2025 03:05:24 PM [] []
[2025-09-20 15:10:31] SlimMonoLogger.INFO: Cron ran at: 20-09-2025 03:10:31 PM [] []
[2025-09-20 15:15:28] SlimMonoLogger.INFO: Cron ran at: 20-09-2025 03:15:28 PM [] []
[2025-09-20 15:20:28] SlimMonoLogger.INFO: Cron ran at: 20-09-2025 03:20:28 PM [] []
[2025-09-20 15:25:28] SlimMonoLogger.INFO: Cron ran at: 20-09-2025 03:25:28 PM [] []
[2025-09-20 15:30:25] SlimMonoLogger.INFO: Cron ran at: 20-09-2025 03:30:25 PM [] []
[2025-09-20 15:35:25] SlimMonoLogger.INFO: Cron ran at: 20-09-2025 03:35:25 PM [] []
[2025-09-20 15:40:31] SlimMonoLogger.INFO: Cron ran at: 20-09-2025 03:40:31 PM [] []
[2025-09-20 15:45:27] SlimMonoLogger.INFO: Cron ran at: 20-09-2025 03:45:27 PM [] []
[2025-09-20 15:50:22] SlimMonoLogger.INFO: Cron ran at: 20-09-2025 03:50:22 PM [] []
[2025-09-20 15:55:30] SlimMonoLogger.INFO: Cron ran at: 20-09-2025 03:55:30 PM [] []
[2025-09-20 16:00:36] SlimMonoLogger.INFO: Cron ran at: 20-09-2025 04:00:36 PM [] []
[2025-09-20 16:05:29] SlimMonoLogger.INFO: Cron ran at: 20-09-2025 04:05:29 PM [] []
[2025-09-20 16:10:27] SlimMonoLogger.INFO: Cron ran at: 20-09-2025 04:10:27 PM [] []
[2025-09-20 16:15:31] SlimMonoLogger.INFO: Cron ran at: 20-09-2025 04:15:31 PM [] []
[2025-09-20 16:20:27] SlimMonoLogger.INFO: Cron ran at: 20-09-2025 04:20:27 PM [] []
[2025-09-20 16:25:29] SlimMonoLogger.INFO: Cron ran at: 20-09-2025 04:25:29 PM [] []
[2025-09-20 16:30:29] SlimMonoLogger.INFO: Cron ran at: 20-09-2025 04:30:29 PM [] []
[2025-09-20 16:35:23] SlimMonoLogger.INFO: Cron ran at: 20-09-2025 04:35:23 PM [] []
[2025-09-20 16:40:27] SlimMonoLogger.INFO: Cron ran at: 20-09-2025 04:40:27 PM [] []
[2025-09-20 16:45:26] SlimMonoLogger.INFO: Cron ran at: 20-09-2025 04:45:26 PM [] []
[2025-09-20 16:50:30] SlimMonoLogger.INFO: Cron ran at: 20-09-2025 04:50:30 PM [] []
[2025-09-20 16:55:28] SlimMonoLogger.INFO: Cron ran at: 20-09-2025 04:55:28 PM [] []
[2025-09-20 17:00:28] SlimMonoLogger.INFO: Cron ran at: 20-09-2025 05:00:28 PM [] []
[2025-09-20 17:05:26] SlimMonoLogger.INFO: Cron ran at: 20-09-2025 05:05:26 PM [] []
[2025-09-20 17:10:27] SlimMonoLogger.INFO: Cron ran at: 20-09-2025 05:10:27 PM [] []
[2025-09-20 17:15:27] SlimMonoLogger.INFO: Cron ran at: 20-09-2025 05:15:27 PM [] []
[2025-09-20 17:20:30] SlimMonoLogger.INFO: Cron ran at: 20-09-2025 05:20:30 PM [] []
[2025-09-20 17:25:28] SlimMonoLogger.INFO: Cron ran at: 20-09-2025 05:25:28 PM [] []
[2025-09-20 17:30:34] SlimMonoLogger.INFO: Cron ran at: 20-09-2025 05:30:34 PM [] []
[2025-09-20 17:35:28] SlimMonoLogger.INFO: Cron ran at: 20-09-2025 05:35:28 PM [] []
[2025-09-20 17:40:29] SlimMonoLogger.INFO: Cron ran at: 20-09-2025 05:40:29 PM [] []
[2025-09-20 17:45:29] SlimMonoLogger.INFO: Cron ran at: 20-09-2025 05:45:29 PM [] []
[2025-09-20 17:50:27] SlimMonoLogger.INFO: Cron ran at: 20-09-2025 05:50:27 PM [] []
[2025-09-20 17:55:27] SlimMonoLogger.INFO: Cron ran at: 20-09-2025 05:55:27 PM [] []
[2025-09-20 18:00:34] SlimMonoLogger.INFO: Cron ran at: 20-09-2025 06:00:34 PM [] []
[2025-09-20 18:05:33] SlimMonoLogger.INFO: Cron ran at: 20-09-2025 06:05:33 PM [] []
[2025-09-20 18:10:42] SlimMonoLogger.INFO: Cron ran at: 20-09-2025 06:10:42 PM [] []
[2025-09-20 18:15:34] SlimMonoLogger.INFO: Cron ran at: 20-09-2025 06:15:34 PM [] []
[2025-09-20 18:20:30] SlimMonoLogger.INFO: Cron ran at: 20-09-2025 06:20:30 PM [] []
[2025-09-20 18:25:27] SlimMonoLogger.INFO: Cron ran at: 20-09-2025 06:25:27 PM [] []
[2025-09-20 18:30:41] SlimMonoLogger.INFO: Cron ran at: 20-09-2025 06:30:41 PM [] []
[2025-09-20 18:35:30] SlimMonoLogger.INFO: Cron ran at: 20-09-2025 06:35:30 PM [] []
[2025-09-20 18:40:26] SlimMonoLogger.INFO: Cron ran at: 20-09-2025 06:40:26 PM [] []
[2025-09-20 18:45:28] SlimMonoLogger.INFO: Cron ran at: 20-09-2025 06:45:28 PM [] []
[2025-09-20 18:50:33] SlimMonoLogger.INFO: Cron ran at: 20-09-2025 06:50:33 PM [] []
[2025-09-20 18:55:25] SlimMonoLogger.INFO: Cron ran at: 20-09-2025 06:55:25 PM [] []
[2025-09-20 19:00:32] SlimMonoLogger.INFO: Cron ran at: 20-09-2025 07:00:32 PM [] []
[2025-09-20 19:05:35] SlimMonoLogger.INFO: Cron ran at: 20-09-2025 07:05:35 PM [] []
[2025-09-20 19:10:30] SlimMonoLogger.INFO: Cron ran at: 20-09-2025 07:10:30 PM [] []
[2025-09-20 19:15:32] SlimMonoLogger.INFO: Cron ran at: 20-09-2025 07:15:32 PM [] []
[2025-09-20 19:20:30] SlimMonoLogger.INFO: Cron ran at: 20-09-2025 07:20:30 PM [] []
[2025-09-20 19:25:31] SlimMonoLogger.INFO: Cron ran at: 20-09-2025 07:25:31 PM [] []
[2025-09-20 19:30:27] SlimMonoLogger.INFO: Cron ran at: 20-09-2025 07:30:27 PM [] []
[2025-09-20 19:35:28] SlimMonoLogger.INFO: Cron ran at: 20-09-2025 07:35:28 PM [] []
[2025-09-20 19:40:26] SlimMonoLogger.INFO: Cron ran at: 20-09-2025 07:40:26 PM [] []
[2025-09-20 19:45:30] SlimMonoLogger.INFO: Cron ran at: 20-09-2025 07:45:30 PM [] []
[2025-09-20 19:50:28] SlimMonoLogger.INFO: Cron ran at: 20-09-2025 07:50:28 PM [] []
[2025-09-20 19:55:31] SlimMonoLogger.INFO: Cron ran at: 20-09-2025 07:55:31 PM [] []
[2025-09-20 20:00:34] SlimMonoLogger.INFO: Cron ran at: 20-09-2025 08:00:34 PM [] []
[2025-09-20 20:05:38] SlimMonoLogger.INFO: Cron ran at: 20-09-2025 08:05:38 PM [] []
[2025-09-20 20:10:26] SlimMonoLogger.INFO: Cron ran at: 20-09-2025 08:10:26 PM [] []
[2025-09-20 20:15:27] SlimMonoLogger.INFO: Cron ran at: 20-09-2025 08:15:27 PM [] []
[2025-09-20 20:20:35] SlimMonoLogger.INFO: Cron ran at: 20-09-2025 08:20:35 PM [] []
[2025-09-20 20:25:27] SlimMonoLogger.INFO: Cron ran at: 20-09-2025 08:25:27 PM [] []
[2025-09-20 20:30:35] SlimMonoLogger.INFO: Cron ran at: 20-09-2025 08:30:35 PM [] []
[2025-09-20 20:35:32] SlimMonoLogger.INFO: Cron ran at: 20-09-2025 08:35:32 PM [] []
[2025-09-20 20:40:36] SlimMonoLogger.INFO: Cron ran at: 20-09-2025 08:40:36 PM [] []
[2025-09-20 20:45:28] SlimMonoLogger.INFO: Cron ran at: 20-09-2025 08:45:28 PM [] []
[2025-09-20 20:50:28] SlimMonoLogger.INFO: Cron ran at: 20-09-2025 08:50:28 PM [] []
[2025-09-20 20:55:28] SlimMonoLogger.INFO: Cron ran at: 20-09-2025 08:55:28 PM [] []
[2025-09-20 21:00:35] SlimMonoLogger.INFO: Cron ran at: 20-09-2025 09:00:35 PM [] []
[2025-09-20 21:05:34] SlimMonoLogger.INFO: Cron ran at: 20-09-2025 09:05:34 PM [] []
[2025-09-20 21:10:32] SlimMonoLogger.INFO: Cron ran at: 20-09-2025 09:10:32 PM [] []
[2025-09-20 21:15:32] SlimMonoLogger.INFO: Cron ran at: 20-09-2025 09:15:32 PM [] []
[2025-09-20 21:20:28] SlimMonoLogger.INFO: Cron ran at: 20-09-2025 09:20:28 PM [] []
[2025-09-20 21:25:34] SlimMonoLogger.INFO: Cron ran at: 20-09-2025 09:25:34 PM [] []
[2025-09-20 21:30:36] SlimMonoLogger.INFO: Cron ran at: 20-09-2025 09:30:36 PM [] []
[2025-09-20 21:35:33] SlimMonoLogger.INFO: Cron ran at: 20-09-2025 09:35:33 PM [] []
[2025-09-20 21:40:34] SlimMonoLogger.INFO: Cron ran at: 20-09-2025 09:40:34 PM [] []
[2025-09-20 21:45:28] SlimMonoLogger.INFO: Cron ran at: 20-09-2025 09:45:28 PM [] []
[2025-09-20 21:50:32] SlimMonoLogger.INFO: Cron ran at: 20-09-2025 09:50:32 PM [] []
[2025-09-20 21:55:31] SlimMonoLogger.INFO: Cron ran at: 20-09-2025 09:55:31 PM [] []
[2025-09-20 22:00:31] SlimMonoLogger.INFO: Cron ran at: 20-09-2025 10:00:31 PM [] []
[2025-09-20 22:05:37] SlimMonoLogger.INFO: Cron ran at: 20-09-2025 10:05:37 PM [] []
[2025-09-20 22:10:27] SlimMonoLogger.INFO: Cron ran at: 20-09-2025 10:10:27 PM [] []
[2025-09-20 22:15:29] SlimMonoLogger.INFO: Cron ran at: 20-09-2025 10:15:29 PM [] []
[2025-09-20 22:20:27] SlimMonoLogger.INFO: Cron ran at: 20-09-2025 10:20:27 PM [] []
[2025-09-20 22:25:33] SlimMonoLogger.INFO: Cron ran at: 20-09-2025 10:25:33 PM [] []
[2025-09-20 22:30:30] SlimMonoLogger.INFO: Cron ran at: 20-09-2025 10:30:30 PM [] []
[2025-09-20 22:35:30] SlimMonoLogger.INFO: Cron ran at: 20-09-2025 10:35:30 PM [] []
[2025-09-20 22:40:30] SlimMonoLogger.INFO: Cron ran at: 20-09-2025 10:40:30 PM [] []
[2025-09-20 22:45:48] SlimMonoLogger.INFO: Cron ran at: 20-09-2025 10:45:48 PM [] []
[2025-09-20 22:50:33] SlimMonoLogger.INFO: Cron ran at: 20-09-2025 10:50:33 PM [] []
[2025-09-20 22:55:31] SlimMonoLogger.INFO: Cron ran at: 20-09-2025 10:55:31 PM [] []
[2025-09-20 23:00:47] SlimMonoLogger.INFO: Cron ran at: 20-09-2025 11:00:47 PM [] []
[2025-09-20 23:05:40] SlimMonoLogger.INFO: Cron ran at: 20-09-2025 11:05:40 PM [] []
[2025-09-20 23:10:26] SlimMonoLogger.INFO: Cron ran at: 20-09-2025 11:10:26 PM [] []
[2025-09-20 23:15:33] SlimMonoLogger.INFO: Cron ran at: 20-09-2025 11:15:33 PM [] []
[2025-09-20 23:20:38] SlimMonoLogger.INFO: Cron ran at: 20-09-2025 11:20:38 PM [] []
[2025-09-20 23:25:37] SlimMonoLogger.INFO: Cron ran at: 20-09-2025 11:25:37 PM [] []
[2025-09-20 23:30:26] SlimMonoLogger.INFO: Cron ran at: 20-09-2025 11:30:26 PM [] []
[2025-09-20 23:35:28] SlimMonoLogger.INFO: Cron ran at: 20-09-2025 11:35:28 PM [] []
[2025-09-20 21:40:17] SlimMonoLogger.CRITICAL: PDOException: SQLSTATE[HY000] [1040] Too many connections in /home/latihtal/public_html/agregator1/src/framework/PDO/Database.php:34
Stack trace:
#0 /home/latihtal/public_html/agregator1/src/framework/PDO/Database.php(34): PDO->__construct()
#1 /home/latihtal/public_html/agregator1/src/dependencies.php(73): Slim\PDO\Database->__construct()
#2 /home/latihtal/public_html/agregator1/src/framework/Helper/Set.php(231): {closure}()
#3 /home/latihtal/public_html/agregator1/src/framework/Helper/Set.php(88): Slim\Helper\Set->Slim\Helper\{closure}()
#4 /home/latihtal/public_html/agregator1/src/framework/Slim.php(232): Slim\Helper\Set->get()
#5 /home/latihtal/public_html/agregator1/src/models/Model.php(176): Slim\Slim->__get()
#6 /home/latihtal/public_html/agregator1/src/models/OptionModel.php(180): spark\models\Model->select()
#7 /home/latihtal/public_html/agregator1/src/models/OptionModel.php(40): spark\models\OptionModel->autoloadOptions()
#8 /home/latihtal/public_html/agregator1/src/dependencies.php(99): spark\models\OptionModel->__construct()
#9 /home/latihtal/public_html/agregator1/src/framework/Helper/Set.php(231): {closure}()
#10 /home/latihtal/public_html/agregator1/src/framework/Helper/Set.php(88): Slim\Helper\Set->Slim\Helper\{closure}()
#11 /home/latihtal/public_html/agregator1/src/framework/Slim.php(232): Slim\Helper\Set->get()
#12 /home/latihtal/public_html/agregator1/src/drivers/Views/ThemeManager.php(34): Slim\Slim->__get()
#13 /home/latihtal/public_html/agregator1/src/dependencies.php(142): spark\drivers\Views\ThemeManager->initEngine()
#14 /home/latihtal/public_html/agregator1/src/bootstrap.php(68): require('/home/latihtal/...')
#15 /home/latihtal/public_html/agregator1/index.php(4): require('/home/latihtal/...')
#16 {main} [] []
[2025-09-20 23:45:55] SlimMonoLogger.INFO: Cron ran at: 20-09-2025 11:45:55 PM [] []
[2025-09-20 23:50:29] SlimMonoLogger.INFO: Cron ran at: 20-09-2025 11:50:29 PM [] []
[2025-09-20 23:55:36] SlimMonoLogger.INFO: Cron ran at: 20-09-2025 11:55:36 PM [] []
[2025-09-21 00:00:29] SlimMonoLogger.INFO: Cron ran at: 21-09-2025 12:00:29 AM [] []
[2025-09-21 00:05:25] SlimMonoLogger.INFO: Cron ran at: 21-09-2025 12:05:25 AM [] []
[2025-09-21 00:10:33] SlimMonoLogger.INFO: Cron ran at: 21-09-2025 12:10:33 AM [] []
[2025-09-21 00:15:26] SlimMonoLogger.INFO: Cron ran at: 21-09-2025 12:15:26 AM [] []
[2025-09-21 00:20:24] SlimMonoLogger.INFO: Cron ran at: 21-09-2025 12:20:24 AM [] []
[2025-09-21 00:25:25] SlimMonoLogger.INFO: Cron ran at: 21-09-2025 12:25:25 AM [] []
[2025-09-21 00:30:27] SlimMonoLogger.INFO: Cron ran at: 21-09-2025 12:30:27 AM [] []
[2025-09-21 00:35:29] SlimMonoLogger.INFO: Cron ran at: 21-09-2025 12:35:29 AM [] []
[2025-09-21 00:40:26] SlimMonoLogger.INFO: Cron ran at: 21-09-2025 12:40:26 AM [] []
[2025-09-21 00:45:33] SlimMonoLogger.INFO: Cron ran at: 21-09-2025 12:45:33 AM [] []
[2025-09-21 00:50:28] SlimMonoLogger.INFO: Cron ran at: 21-09-2025 12:50:28 AM [] []
[2025-09-21 00:55:26] SlimMonoLogger.INFO: Cron ran at: 21-09-2025 12:55:26 AM [] []
[2025-09-21 01:00:31] SlimMonoLogger.INFO: Cron ran at: 21-09-2025 01:00:31 AM [] []
[2025-09-21 01:05:25] SlimMonoLogger.INFO: Cron ran at: 21-09-2025 01:05:25 AM [] []
[2025-09-21 01:10:25] SlimMonoLogger.INFO: Cron ran at: 21-09-2025 01:10:25 AM [] []
[2025-09-21 01:15:25] SlimMonoLogger.INFO: Cron ran at: 21-09-2025 01:15:25 AM [] []
[2025-09-21 01:20:35] SlimMonoLogger.INFO: Cron ran at: 21-09-2025 01:20:35 AM [] []
[2025-09-21 01:25:26] SlimMonoLogger.INFO: Cron ran at: 21-09-2025 01:25:26 AM [] []
[2025-09-21 01:30:32] SlimMonoLogger.INFO: Cron ran at: 21-09-2025 01:30:32 AM [] []
[2025-09-21 01:35:40] SlimMonoLogger.INFO: Cron ran at: 21-09-2025 01:35:40 AM [] []
[2025-09-21 01:40:30] SlimMonoLogger.INFO: Cron ran at: 21-09-2025 01:40:30 AM [] []
[2025-09-21 01:45:30] SlimMonoLogger.INFO: Cron ran at: 21-09-2025 01:45:30 AM [] []
[2025-09-21 01:50:27] SlimMonoLogger.INFO: Cron ran at: 21-09-2025 01:50:27 AM [] []
[2025-09-21 01:55:26] SlimMonoLogger.INFO: Cron ran at: 21-09-2025 01:55:26 AM [] []
