[2025-03-20 01:00:31] SlimMonoLogger.INFO: Cron ran at: 20-03-2025 01:00:31 AM [] []
[2025-03-20 01:05:29] SlimMonoLogger.INFO: Cron ran at: 20-03-2025 01:05:29 AM [] []
[2025-03-20 01:10:30] SlimMonoLogger.INFO: Cron ran at: 20-03-2025 01:10:30 AM [] []
[2025-03-20 01:15:25] SlimMonoLogger.INFO: Cron ran at: 20-03-2025 01:15:25 AM [] []
[2025-03-20 01:20:29] SlimMonoLogger.INFO: Cron ran at: 20-03-2025 01:20:29 AM [] []
[2025-03-20 01:25:27] SlimMonoLogger.INFO: Cron ran at: 20-03-2025 01:25:27 AM [] []
[2025-03-20 01:30:28] SlimMonoLogger.INFO: Cron ran at: 20-03-2025 01:30:28 AM [] []
[2025-03-20 01:35:34] SlimMonoLogger.INFO: Cron ran at: 20-03-2025 01:35:34 AM [] []
[2025-03-20 01:42:19] SlimMonoLogger.ERROR: Requests_Exception: cURL error 28: Failed to connect to antropol.mk port 443 after 128590 ms: Could not connect to server in /home/latihtal/public_html/agregator1/src/vendor/rmccue/requests/library/Requests/Transport/cURL.php:422
Stack trace:
#0 /home/latihtal/public_html/agregator1/src/vendor/rmccue/requests/library/Requests/Transport/cURL.php(177): Requests_Transport_cURL->process_response()
#1 /home/latihtal/public_html/agregator1/src/vendor/rmccue/requests/library/Requests.php(379): Requests_Transport_cURL->request()
#2 /home/latihtal/public_html/agregator1/src/vendor/rmccue/requests/library/Requests/Session.php(205): Requests::request()
#3 /home/latihtal/public_html/agregator1/src/vendor/rmccue/requests/library/Requests/Session.php(132): Requests_Session->request()
#4 /home/latihtal/public_html/agregator1/src/drivers/Http/RssImporter.php(144): Requests_Session->get()
#5 /home/latihtal/public_html/agregator1/src/controllers/Dashboard/DashboardFeedsController.php(534): spark\drivers\Http\RssImporter->fetchPosts()
#6 /home/latihtal/public_html/agregator1/src/controllers/Site/SiteController.php(722): spark\controllers\Dashboard\DashboardFeedsController::importFeedPosts()
#7 [internal function]: spark\controllers\Site\SiteController->runTasks()
#8 /home/latihtal/public_html/agregator1/src/framework/Route.php(173): call_user_func_array()
#9 [internal function]: Slim\Route->Slim\{closure}()
#10 /home/latihtal/public_html/agregator1/src/framework/Route.php(468): call_user_func_array()
#11 /home/latihtal/public_html/agregator1/src/framework/Slim.php(1364): Slim\Route->dispatch()
#12 /home/latihtal/public_html/agregator1/src/framework/Middleware/Flash.php(85): Slim\Slim->call()
#13 /home/latihtal/public_html/agregator1/src/framework/Middleware/MethodOverride.php(92): Slim\Middleware\Flash->call()
#14 /home/latihtal/public_html/agregator1/src/middlewares/CsrfGuard/CsrfGuard.php(47): Slim\Middleware\MethodOverride->call()
#15 /home/latihtal/public_html/agregator1/src/framework/Middleware/PrettyExceptions.php(67): spark\middlewares\CsrfGuard\CsrfGuard->call()
#16 /home/latihtal/public_html/agregator1/src/framework/Slim.php(1308): Slim\Middleware\PrettyExceptions->call()
#17 /home/latihtal/public_html/agregator1/index.php(6): Slim\Slim->run()
#18 {main} [] []
[2025-03-20 01:42:36] SlimMonoLogger.INFO: Cron ran at: 20-03-2025 01:42:36 AM [] []
[2025-03-20 01:45:25] SlimMonoLogger.INFO: Cron ran at: 20-03-2025 01:45:25 AM [] []
[2025-03-20 01:50:24] SlimMonoLogger.INFO: Cron ran at: 20-03-2025 01:50:24 AM [] []
[2025-03-20 01:55:25] SlimMonoLogger.INFO: Cron ran at: 20-03-2025 01:55:25 AM [] []
[2025-03-20 02:00:32] SlimMonoLogger.INFO: Cron ran at: 20-03-2025 02:00:32 AM [] []
[2025-03-20 02:05:24] SlimMonoLogger.INFO: Cron ran at: 20-03-2025 02:05:24 AM [] []
[2025-03-20 02:10:32] SlimMonoLogger.INFO: Cron ran at: 20-03-2025 02:10:32 AM [] []
[2025-03-20 02:16:29] SlimMonoLogger.INFO: Cron ran at: 20-03-2025 02:16:29 AM [] []
[2025-03-20 02:20:24] SlimMonoLogger.INFO: Cron ran at: 20-03-2025 02:20:24 AM [] []
[2025-03-20 02:25:30] SlimMonoLogger.INFO: Cron ran at: 20-03-2025 02:25:30 AM [] []
[2025-03-20 02:30:26] SlimMonoLogger.INFO: Cron ran at: 20-03-2025 02:30:26 AM [] []
[2025-03-20 02:40:53] SlimMonoLogger.INFO: Cron ran at: 20-03-2025 02:40:53 AM [] []
[2025-03-20 02:45:28] SlimMonoLogger.INFO: Cron ran at: 20-03-2025 02:45:28 AM [] []
[2025-03-20 02:50:26] SlimMonoLogger.INFO: Cron ran at: 20-03-2025 02:50:26 AM [] []
[2025-03-20 02:55:29] SlimMonoLogger.INFO: Cron ran at: 20-03-2025 02:55:29 AM [] []
[2025-03-20 03:00:30] SlimMonoLogger.INFO: Cron ran at: 20-03-2025 03:00:30 AM [] []
[2025-03-20 03:05:42] SlimMonoLogger.INFO: Cron ran at: 20-03-2025 03:05:42 AM [] []
[2025-03-20 03:10:25] SlimMonoLogger.INFO: Cron ran at: 20-03-2025 03:10:25 AM [] []
[2025-03-20 03:15:26] SlimMonoLogger.INFO: Cron ran at: 20-03-2025 03:15:26 AM [] []
[2025-03-20 03:20:26] SlimMonoLogger.INFO: Cron ran at: 20-03-2025 03:20:26 AM [] []
[2025-03-20 03:25:28] SlimMonoLogger.INFO: Cron ran at: 20-03-2025 03:25:28 AM [] []
[2025-03-20 03:30:31] SlimMonoLogger.INFO: Cron ran at: 20-03-2025 03:30:31 AM [] []
[2025-03-20 03:35:29] SlimMonoLogger.INFO: Cron ran at: 20-03-2025 03:35:29 AM [] []
[2025-03-20 03:40:26] SlimMonoLogger.INFO: Cron ran at: 20-03-2025 03:40:26 AM [] []
[2025-03-20 03:45:31] SlimMonoLogger.INFO: Cron ran at: 20-03-2025 03:45:31 AM [] []
[2025-03-20 03:50:26] SlimMonoLogger.INFO: Cron ran at: 20-03-2025 03:50:26 AM [] []
[2025-03-20 03:55:27] SlimMonoLogger.INFO: Cron ran at: 20-03-2025 03:55:27 AM [] []
[2025-03-20 04:00:28] SlimMonoLogger.INFO: Cron ran at: 20-03-2025 04:00:28 AM [] []
[2025-03-20 04:05:27] SlimMonoLogger.INFO: Cron ran at: 20-03-2025 04:05:27 AM [] []
[2025-03-20 04:10:26] SlimMonoLogger.INFO: Cron ran at: 20-03-2025 04:10:26 AM [] []
[2025-03-20 04:15:24] SlimMonoLogger.INFO: Cron ran at: 20-03-2025 04:15:24 AM [] []
[2025-03-20 04:20:27] SlimMonoLogger.INFO: Cron ran at: 20-03-2025 04:20:27 AM [] []
[2025-03-20 04:25:27] SlimMonoLogger.INFO: Cron ran at: 20-03-2025 04:25:27 AM [] []
[2025-03-20 04:30:25] SlimMonoLogger.INFO: Cron ran at: 20-03-2025 04:30:25 AM [] []
[2025-03-20 04:35:30] SlimMonoLogger.INFO: Cron ran at: 20-03-2025 04:35:30 AM [] []
[2025-03-20 04:40:23] SlimMonoLogger.INFO: Cron ran at: 20-03-2025 04:40:23 AM [] []
[2025-03-20 04:45:31] SlimMonoLogger.INFO: Cron ran at: 20-03-2025 04:45:31 AM [] []
[2025-03-20 04:50:25] SlimMonoLogger.INFO: Cron ran at: 20-03-2025 04:50:25 AM [] []
[2025-03-20 04:55:27] SlimMonoLogger.INFO: Cron ran at: 20-03-2025 04:55:27 AM [] []
[2025-03-20 05:00:28] SlimMonoLogger.INFO: Cron ran at: 20-03-2025 05:00:28 AM [] []
[2025-03-20 05:05:30] SlimMonoLogger.INFO: Cron ran at: 20-03-2025 05:05:30 AM [] []
[2025-03-20 05:10:28] SlimMonoLogger.INFO: Cron ran at: 20-03-2025 05:10:28 AM [] []
[2025-03-20 05:15:28] SlimMonoLogger.INFO: Cron ran at: 20-03-2025 05:15:28 AM [] []
[2025-03-20 05:20:33] SlimMonoLogger.INFO: Cron ran at: 20-03-2025 05:20:33 AM [] []
[2025-03-20 05:25:27] SlimMonoLogger.INFO: Cron ran at: 20-03-2025 05:25:27 AM [] []
[2025-03-20 05:30:28] SlimMonoLogger.INFO: Cron ran at: 20-03-2025 05:30:28 AM [] []
[2025-03-20 05:35:25] SlimMonoLogger.INFO: Cron ran at: 20-03-2025 05:35:25 AM [] []
[2025-03-20 05:40:27] SlimMonoLogger.INFO: Cron ran at: 20-03-2025 05:40:27 AM [] []
[2025-03-20 05:45:29] SlimMonoLogger.INFO: Cron ran at: 20-03-2025 05:45:29 AM [] []
[2025-03-20 05:50:28] SlimMonoLogger.INFO: Cron ran at: 20-03-2025 05:50:28 AM [] []
[2025-03-20 05:55:28] SlimMonoLogger.INFO: Cron ran at: 20-03-2025 05:55:28 AM [] []
[2025-03-20 06:00:29] SlimMonoLogger.INFO: Cron ran at: 20-03-2025 06:00:29 AM [] []
[2025-03-20 06:05:24] SlimMonoLogger.INFO: Cron ran at: 20-03-2025 06:05:24 AM [] []
[2025-03-20 06:10:24] SlimMonoLogger.INFO: Cron ran at: 20-03-2025 06:10:24 AM [] []
[2025-03-20 06:15:31] SlimMonoLogger.INFO: Cron ran at: 20-03-2025 06:15:31 AM [] []
[2025-03-20 06:20:32] SlimMonoLogger.INFO: Cron ran at: 20-03-2025 06:20:32 AM [] []
[2025-03-20 06:25:27] SlimMonoLogger.INFO: Cron ran at: 20-03-2025 06:25:27 AM [] []
[2025-03-20 06:30:30] SlimMonoLogger.INFO: Cron ran at: 20-03-2025 06:30:30 AM [] []
[2025-03-20 06:35:31] SlimMonoLogger.INFO: Cron ran at: 20-03-2025 06:35:31 AM [] []
[2025-03-20 06:40:27] SlimMonoLogger.INFO: Cron ran at: 20-03-2025 06:40:27 AM [] []
[2025-03-20 06:45:41] SlimMonoLogger.INFO: Cron ran at: 20-03-2025 06:45:41 AM [] []
[2025-03-20 06:50:31] SlimMonoLogger.INFO: Cron ran at: 20-03-2025 06:50:31 AM [] []
[2025-03-20 06:55:33] SlimMonoLogger.INFO: Cron ran at: 20-03-2025 06:55:33 AM [] []
[2025-03-20 07:00:32] SlimMonoLogger.INFO: Cron ran at: 20-03-2025 07:00:32 AM [] []
[2025-03-20 07:06:51] SlimMonoLogger.INFO: Cron ran at: 20-03-2025 07:06:51 AM [] []
[2025-03-20 07:13:11] SlimMonoLogger.INFO: Cron ran at: 20-03-2025 07:13:11 AM [] []
[2025-03-20 07:15:52] SlimMonoLogger.INFO: Cron ran at: 20-03-2025 07:15:52 AM [] []
[2025-03-20 07:20:28] SlimMonoLogger.INFO: Cron ran at: 20-03-2025 07:20:28 AM [] []
[2025-03-20 07:25:27] SlimMonoLogger.INFO: Cron ran at: 20-03-2025 07:25:27 AM [] []
[2025-03-20 07:30:37] SlimMonoLogger.INFO: Cron ran at: 20-03-2025 07:30:37 AM [] []
[2025-03-20 07:35:29] SlimMonoLogger.INFO: Cron ran at: 20-03-2025 07:35:29 AM [] []
[2025-03-20 07:40:31] SlimMonoLogger.INFO: Cron ran at: 20-03-2025 07:40:31 AM [] []
[2025-03-20 07:45:26] SlimMonoLogger.INFO: Cron ran at: 20-03-2025 07:45:26 AM [] []
[2025-03-20 07:50:30] SlimMonoLogger.INFO: Cron ran at: 20-03-2025 07:50:30 AM [] []
[2025-03-20 07:55:29] SlimMonoLogger.INFO: Cron ran at: 20-03-2025 07:55:29 AM [] []
[2025-03-20 08:00:27] SlimMonoLogger.INFO: Cron ran at: 20-03-2025 08:00:27 AM [] []
[2025-03-20 08:05:34] SlimMonoLogger.INFO: Cron ran at: 20-03-2025 08:05:34 AM [] []
[2025-03-20 08:10:30] SlimMonoLogger.INFO: Cron ran at: 20-03-2025 08:10:30 AM [] []
[2025-03-20 08:15:35] SlimMonoLogger.INFO: Cron ran at: 20-03-2025 08:15:35 AM [] []
[2025-03-20 08:20:34] SlimMonoLogger.INFO: Cron ran at: 20-03-2025 08:20:34 AM [] []
[2025-03-20 08:25:28] SlimMonoLogger.INFO: Cron ran at: 20-03-2025 08:25:28 AM [] []
[2025-03-20 08:30:30] SlimMonoLogger.INFO: Cron ran at: 20-03-2025 08:30:30 AM [] []
[2025-03-20 08:35:37] SlimMonoLogger.INFO: Cron ran at: 20-03-2025 08:35:37 AM [] []
[2025-03-20 08:40:31] SlimMonoLogger.INFO: Cron ran at: 20-03-2025 08:40:31 AM [] []
[2025-03-20 08:45:30] SlimMonoLogger.INFO: Cron ran at: 20-03-2025 08:45:30 AM [] []
[2025-03-20 08:50:37] SlimMonoLogger.INFO: Cron ran at: 20-03-2025 08:50:37 AM [] []
[2025-03-20 08:55:30] SlimMonoLogger.INFO: Cron ran at: 20-03-2025 08:55:30 AM [] []
[2025-03-20 09:00:33] SlimMonoLogger.INFO: Cron ran at: 20-03-2025 09:00:33 AM [] []
[2025-03-20 09:05:27] SlimMonoLogger.INFO: Cron ran at: 20-03-2025 09:05:27 AM [] []
[2025-03-20 09:10:29] SlimMonoLogger.INFO: Cron ran at: 20-03-2025 09:10:29 AM [] []
[2025-03-20 09:15:30] SlimMonoLogger.INFO: Cron ran at: 20-03-2025 09:15:30 AM [] []
[2025-03-20 09:20:26] SlimMonoLogger.INFO: Cron ran at: 20-03-2025 09:20:26 AM [] []
[2025-03-20 09:25:30] SlimMonoLogger.INFO: Cron ran at: 20-03-2025 09:25:30 AM [] []
[2025-03-20 09:30:33] SlimMonoLogger.INFO: Cron ran at: 20-03-2025 09:30:33 AM [] []
[2025-03-20 09:35:33] SlimMonoLogger.INFO: Cron ran at: 20-03-2025 09:35:33 AM [] []
[2025-03-20 09:40:45] SlimMonoLogger.INFO: Cron ran at: 20-03-2025 09:40:45 AM [] []
[2025-03-20 09:45:30] SlimMonoLogger.INFO: Cron ran at: 20-03-2025 09:45:30 AM [] []
[2025-03-20 09:50:30] SlimMonoLogger.INFO: Cron ran at: 20-03-2025 09:50:30 AM [] []
[2025-03-20 09:55:36] SlimMonoLogger.INFO: Cron ran at: 20-03-2025 09:55:36 AM [] []
[2025-03-20 10:00:38] SlimMonoLogger.INFO: Cron ran at: 20-03-2025 10:00:38 AM [] []
[2025-03-20 10:05:31] SlimMonoLogger.INFO: Cron ran at: 20-03-2025 10:05:31 AM [] []
[2025-03-20 10:10:34] SlimMonoLogger.INFO: Cron ran at: 20-03-2025 10:10:34 AM [] []
[2025-03-20 10:15:39] SlimMonoLogger.INFO: Cron ran at: 20-03-2025 10:15:39 AM [] []
[2025-03-20 10:20:42] SlimMonoLogger.INFO: Cron ran at: 20-03-2025 10:20:42 AM [] []
[2025-03-20 10:25:56] SlimMonoLogger.INFO: Cron ran at: 20-03-2025 10:25:56 AM [] []
[2025-03-20 10:30:36] SlimMonoLogger.INFO: Cron ran at: 20-03-2025 10:30:36 AM [] []
[2025-03-20 10:35:38] SlimMonoLogger.INFO: Cron ran at: 20-03-2025 10:35:38 AM [] []
[2025-03-20 10:40:40] SlimMonoLogger.INFO: Cron ran at: 20-03-2025 10:40:40 AM [] []
[2025-03-20 10:45:37] SlimMonoLogger.INFO: Cron ran at: 20-03-2025 10:45:37 AM [] []
[2025-03-20 10:50:31] SlimMonoLogger.INFO: Cron ran at: 20-03-2025 10:50:31 AM [] []
[2025-03-20 10:55:32] SlimMonoLogger.INFO: Cron ran at: 20-03-2025 10:55:32 AM [] []
[2025-03-20 11:01:36] SlimMonoLogger.INFO: Cron ran at: 20-03-2025 11:01:36 AM [] []
[2025-03-20 11:06:03] SlimMonoLogger.INFO: Cron ran at: 20-03-2025 11:06:03 AM [] []
[2025-03-20 11:11:04] SlimMonoLogger.INFO: Cron ran at: 20-03-2025 11:11:04 AM [] []
[2025-03-20 11:16:09] SlimMonoLogger.INFO: Cron ran at: 20-03-2025 11:16:09 AM [] []
[2025-03-20 11:20:55] SlimMonoLogger.INFO: Cron ran at: 20-03-2025 11:20:55 AM [] []
[2025-03-20 11:26:13] SlimMonoLogger.INFO: Cron ran at: 20-03-2025 11:26:13 AM [] []
[2025-03-20 11:31:22] SlimMonoLogger.INFO: Cron ran at: 20-03-2025 11:31:22 AM [] []
[2025-03-20 11:36:00] SlimMonoLogger.INFO: Cron ran at: 20-03-2025 11:36:00 AM [] []
[2025-03-20 11:40:52] SlimMonoLogger.INFO: Cron ran at: 20-03-2025 11:40:52 AM [] []
[2025-03-20 11:45:41] SlimMonoLogger.INFO: Cron ran at: 20-03-2025 11:45:41 AM [] []
[2025-03-20 11:50:43] SlimMonoLogger.INFO: Cron ran at: 20-03-2025 11:50:43 AM [] []
[2025-03-20 11:55:45] SlimMonoLogger.INFO: Cron ran at: 20-03-2025 11:55:45 AM [] []
[2025-03-20 12:00:38] SlimMonoLogger.INFO: Cron ran at: 20-03-2025 12:00:38 PM [] []
[2025-03-20 12:05:46] SlimMonoLogger.INFO: Cron ran at: 20-03-2025 12:05:46 PM [] []
[2025-03-20 12:10:53] SlimMonoLogger.INFO: Cron ran at: 20-03-2025 12:10:53 PM [] []
[2025-03-20 12:15:51] SlimMonoLogger.INFO: Cron ran at: 20-03-2025 12:15:51 PM [] []
[2025-03-20 12:20:57] SlimMonoLogger.INFO: Cron ran at: 20-03-2025 12:20:57 PM [] []
[2025-03-20 12:25:39] SlimMonoLogger.INFO: Cron ran at: 20-03-2025 12:25:39 PM [] []
[2025-03-20 12:30:53] SlimMonoLogger.INFO: Cron ran at: 20-03-2025 12:30:53 PM [] []
[2025-03-20 12:35:53] SlimMonoLogger.INFO: Cron ran at: 20-03-2025 12:35:53 PM [] []
[2025-03-20 12:41:13] SlimMonoLogger.INFO: Cron ran at: 20-03-2025 12:41:13 PM [] []
[2025-03-20 12:46:23] SlimMonoLogger.INFO: Cron ran at: 20-03-2025 12:46:23 PM [] []
[2025-03-20 12:50:45] SlimMonoLogger.INFO: Cron ran at: 20-03-2025 12:50:45 PM [] []
[2025-03-20 12:56:00] SlimMonoLogger.INFO: Cron ran at: 20-03-2025 12:56:00 PM [] []
[2025-03-20 13:01:00] SlimMonoLogger.INFO: Cron ran at: 20-03-2025 01:01:00 PM [] []
[2025-03-20 13:06:06] SlimMonoLogger.INFO: Cron ran at: 20-03-2025 01:06:06 PM [] []
[2025-03-20 13:12:24] SlimMonoLogger.INFO: Cron ran at: 20-03-2025 01:12:24 PM [] []
[2025-03-20 13:16:00] SlimMonoLogger.INFO: Cron ran at: 20-03-2025 01:16:00 PM [] []
[2025-03-20 13:20:52] SlimMonoLogger.INFO: Cron ran at: 20-03-2025 01:20:52 PM [] []
[2025-03-20 13:25:49] SlimMonoLogger.INFO: Cron ran at: 20-03-2025 01:25:49 PM [] []
[2025-03-20 13:31:09] SlimMonoLogger.INFO: Cron ran at: 20-03-2025 01:31:09 PM [] []
[2025-03-20 13:35:49] SlimMonoLogger.INFO: Cron ran at: 20-03-2025 01:35:49 PM [] []
[2025-03-20 13:40:49] SlimMonoLogger.INFO: Cron ran at: 20-03-2025 01:40:49 PM [] []
[2025-03-20 13:45:57] SlimMonoLogger.INFO: Cron ran at: 20-03-2025 01:45:57 PM [] []
[2025-03-20 13:50:42] SlimMonoLogger.INFO: Cron ran at: 20-03-2025 01:50:42 PM [] []
[2025-03-20 14:00:42] SlimMonoLogger.INFO: Cron ran at: 20-03-2025 02:00:42 PM [] []
[2025-03-20 14:05:52] SlimMonoLogger.INFO: Cron ran at: 20-03-2025 02:05:52 PM [] []
[2025-03-20 14:10:33] SlimMonoLogger.INFO: Cron ran at: 20-03-2025 02:10:33 PM [] []
[2025-03-20 14:15:47] SlimMonoLogger.INFO: Cron ran at: 20-03-2025 02:15:47 PM [] []
[2025-03-20 14:20:31] SlimMonoLogger.INFO: Cron ran at: 20-03-2025 02:20:31 PM [] []
[2025-03-20 14:25:36] SlimMonoLogger.INFO: Cron ran at: 20-03-2025 02:25:36 PM [] []
[2025-03-20 14:30:38] SlimMonoLogger.INFO: Cron ran at: 20-03-2025 02:30:38 PM [] []
[2025-03-20 14:35:36] SlimMonoLogger.INFO: Cron ran at: 20-03-2025 02:35:36 PM [] []
[2025-03-20 14:40:30] SlimMonoLogger.INFO: Cron ran at: 20-03-2025 02:40:30 PM [] []
[2025-03-20 14:45:30] SlimMonoLogger.INFO: Cron ran at: 20-03-2025 02:45:30 PM [] []
[2025-03-20 14:50:27] SlimMonoLogger.INFO: Cron ran at: 20-03-2025 02:50:27 PM [] []
[2025-03-20 14:55:31] SlimMonoLogger.INFO: Cron ran at: 20-03-2025 02:55:31 PM [] []
[2025-03-20 15:00:43] SlimMonoLogger.INFO: Cron ran at: 20-03-2025 03:00:43 PM [] []
[2025-03-20 15:06:01] SlimMonoLogger.INFO: Cron ran at: 20-03-2025 03:06:01 PM [] []
[2025-03-20 15:10:26] SlimMonoLogger.INFO: Cron ran at: 20-03-2025 03:10:26 PM [] []
[2025-03-20 15:15:28] SlimMonoLogger.INFO: Cron ran at: 20-03-2025 03:15:28 PM [] []
[2025-03-20 15:20:56] SlimMonoLogger.INFO: Cron ran at: 20-03-2025 03:20:56 PM [] []
[2025-03-20 15:25:51] SlimMonoLogger.INFO: Cron ran at: 20-03-2025 03:25:51 PM [] []
[2025-03-20 15:30:34] SlimMonoLogger.INFO: Cron ran at: 20-03-2025 03:30:34 PM [] []
[2025-03-20 15:35:37] SlimMonoLogger.INFO: Cron ran at: 20-03-2025 03:35:37 PM [] []
[2025-03-20 15:40:34] SlimMonoLogger.INFO: Cron ran at: 20-03-2025 03:40:34 PM [] []
[2025-03-20 15:45:40] SlimMonoLogger.INFO: Cron ran at: 20-03-2025 03:45:40 PM [] []
[2025-03-20 15:50:41] SlimMonoLogger.INFO: Cron ran at: 20-03-2025 03:50:41 PM [] []
[2025-03-20 15:55:34] SlimMonoLogger.INFO: Cron ran at: 20-03-2025 03:55:34 PM [] []
[2025-03-20 16:00:32] SlimMonoLogger.INFO: Cron ran at: 20-03-2025 04:00:32 PM [] []
[2025-03-20 16:05:37] SlimMonoLogger.INFO: Cron ran at: 20-03-2025 04:05:37 PM [] []
[2025-03-20 16:10:52] SlimMonoLogger.INFO: Cron ran at: 20-03-2025 04:10:52 PM [] []
[2025-03-20 16:15:30] SlimMonoLogger.INFO: Cron ran at: 20-03-2025 04:15:30 PM [] []
[2025-03-20 16:20:27] SlimMonoLogger.INFO: Cron ran at: 20-03-2025 04:20:27 PM [] []
[2025-03-20 16:25:37] SlimMonoLogger.INFO: Cron ran at: 20-03-2025 04:25:37 PM [] []
[2025-03-20 16:30:36] SlimMonoLogger.INFO: Cron ran at: 20-03-2025 04:30:36 PM [] []
[2025-03-20 16:35:41] SlimMonoLogger.INFO: Cron ran at: 20-03-2025 04:35:41 PM [] []
[2025-03-20 16:40:39] SlimMonoLogger.INFO: Cron ran at: 20-03-2025 04:40:39 PM [] []
[2025-03-20 16:45:34] SlimMonoLogger.INFO: Cron ran at: 20-03-2025 04:45:34 PM [] []
[2025-03-20 16:51:37] SlimMonoLogger.INFO: Cron ran at: 20-03-2025 04:51:37 PM [] []
[2025-03-20 16:57:25] SlimMonoLogger.ERROR: Requests_Exception: cURL error 28: Failed to connect to antropol.mk port 443 after 129376 ms: Could not connect to server in /home/latihtal/public_html/agregator1/src/vendor/rmccue/requests/library/Requests/Transport/cURL.php:422
Stack trace:
#0 /home/latihtal/public_html/agregator1/src/vendor/rmccue/requests/library/Requests/Transport/cURL.php(177): Requests_Transport_cURL->process_response()
#1 /home/latihtal/public_html/agregator1/src/vendor/rmccue/requests/library/Requests.php(379): Requests_Transport_cURL->request()
#2 /home/latihtal/public_html/agregator1/src/vendor/rmccue/requests/library/Requests/Session.php(205): Requests::request()
#3 /home/latihtal/public_html/agregator1/src/vendor/rmccue/requests/library/Requests/Session.php(132): Requests_Session->request()
#4 /home/latihtal/public_html/agregator1/src/drivers/Http/RssImporter.php(144): Requests_Session->get()
#5 /home/latihtal/public_html/agregator1/src/controllers/Dashboard/DashboardFeedsController.php(534): spark\drivers\Http\RssImporter->fetchPosts()
#6 /home/latihtal/public_html/agregator1/src/controllers/Site/SiteController.php(722): spark\controllers\Dashboard\DashboardFeedsController::importFeedPosts()
#7 [internal function]: spark\controllers\Site\SiteController->runTasks()
#8 /home/latihtal/public_html/agregator1/src/framework/Route.php(173): call_user_func_array()
#9 [internal function]: Slim\Route->Slim\{closure}()
#10 /home/latihtal/public_html/agregator1/src/framework/Route.php(468): call_user_func_array()
#11 /home/latihtal/public_html/agregator1/src/framework/Slim.php(1364): Slim\Route->dispatch()
#12 /home/latihtal/public_html/agregator1/src/framework/Middleware/Flash.php(85): Slim\Slim->call()
#13 /home/latihtal/public_html/agregator1/src/framework/Middleware/MethodOverride.php(92): Slim\Middleware\Flash->call()
#14 /home/latihtal/public_html/agregator1/src/middlewares/CsrfGuard/CsrfGuard.php(47): Slim\Middleware\MethodOverride->call()
#15 /home/latihtal/public_html/agregator1/src/framework/Middleware/PrettyExceptions.php(67): spark\middlewares\CsrfGuard\CsrfGuard->call()
#16 /home/latihtal/public_html/agregator1/src/framework/Slim.php(1308): Slim\Middleware\PrettyExceptions->call()
#17 /home/latihtal/public_html/agregator1/index.php(6): Slim\Slim->run()
#18 {main} [] []
[2025-03-20 16:57:40] SlimMonoLogger.INFO: Cron ran at: 20-03-2025 04:57:40 PM [] []
[2025-03-20 17:00:48] SlimMonoLogger.INFO: Cron ran at: 20-03-2025 05:00:48 PM [] []
[2025-03-20 17:05:40] SlimMonoLogger.INFO: Cron ran at: 20-03-2025 05:05:40 PM [] []
[2025-03-20 17:10:46] SlimMonoLogger.INFO: Cron ran at: 20-03-2025 05:10:46 PM [] []
[2025-03-20 17:15:47] SlimMonoLogger.INFO: Cron ran at: 20-03-2025 05:15:47 PM [] []
[2025-03-20 17:20:39] SlimMonoLogger.INFO: Cron ran at: 20-03-2025 05:20:39 PM [] []
[2025-03-20 17:25:55] SlimMonoLogger.INFO: Cron ran at: 20-03-2025 05:25:55 PM [] []
[2025-03-20 17:30:42] SlimMonoLogger.INFO: Cron ran at: 20-03-2025 05:30:42 PM [] []
[2025-03-20 17:35:36] SlimMonoLogger.INFO: Cron ran at: 20-03-2025 05:35:36 PM [] []
[2025-03-20 17:40:58] SlimMonoLogger.INFO: Cron ran at: 20-03-2025 05:40:58 PM [] []
[2025-03-20 17:45:40] SlimMonoLogger.INFO: Cron ran at: 20-03-2025 05:45:40 PM [] []
[2025-03-20 17:51:15] SlimMonoLogger.INFO: Cron ran at: 20-03-2025 05:51:15 PM [] []
[2025-03-20 17:55:42] SlimMonoLogger.INFO: Cron ran at: 20-03-2025 05:55:42 PM [] []
[2025-03-20 18:01:13] SlimMonoLogger.INFO: Cron ran at: 20-03-2025 06:01:13 PM [] []
[2025-03-20 18:05:41] SlimMonoLogger.INFO: Cron ran at: 20-03-2025 06:05:41 PM [] []
[2025-03-20 18:10:32] SlimMonoLogger.INFO: Cron ran at: 20-03-2025 06:10:32 PM [] []
[2025-03-20 18:15:31] SlimMonoLogger.INFO: Cron ran at: 20-03-2025 06:15:31 PM [] []
[2025-03-20 18:20:27] SlimMonoLogger.INFO: Cron ran at: 20-03-2025 06:20:27 PM [] []
[2025-03-20 18:25:36] SlimMonoLogger.INFO: Cron ran at: 20-03-2025 06:25:36 PM [] []
[2025-03-20 18:30:34] SlimMonoLogger.INFO: Cron ran at: 20-03-2025 06:30:34 PM [] []
[2025-03-20 18:35:32] SlimMonoLogger.INFO: Cron ran at: 20-03-2025 06:35:32 PM [] []
[2025-03-20 18:41:42] SlimMonoLogger.INFO: Cron ran at: 20-03-2025 06:41:42 PM [] []
[2025-03-20 18:45:35] SlimMonoLogger.INFO: Cron ran at: 20-03-2025 06:45:35 PM [] []
[2025-03-20 18:51:13] SlimMonoLogger.INFO: Cron ran at: 20-03-2025 06:51:13 PM [] []
[2025-03-20 18:55:55] SlimMonoLogger.INFO: Cron ran at: 20-03-2025 06:55:55 PM [] []
[2025-03-20 19:00:35] SlimMonoLogger.INFO: Cron ran at: 20-03-2025 07:00:35 PM [] []
[2025-03-20 19:05:26] SlimMonoLogger.INFO: Cron ran at: 20-03-2025 07:05:26 PM [] []
[2025-03-20 19:10:31] SlimMonoLogger.INFO: Cron ran at: 20-03-2025 07:10:31 PM [] []
[2025-03-20 19:15:30] SlimMonoLogger.INFO: Cron ran at: 20-03-2025 07:15:30 PM [] []
[2025-03-20 19:20:36] SlimMonoLogger.INFO: Cron ran at: 20-03-2025 07:20:36 PM [] []
[2025-03-20 19:25:33] SlimMonoLogger.INFO: Cron ran at: 20-03-2025 07:25:33 PM [] []
[2025-03-20 19:30:34] SlimMonoLogger.INFO: Cron ran at: 20-03-2025 07:30:34 PM [] []
[2025-03-20 19:35:38] SlimMonoLogger.INFO: Cron ran at: 20-03-2025 07:35:38 PM [] []
[2025-03-20 19:40:55] SlimMonoLogger.INFO: Cron ran at: 20-03-2025 07:40:55 PM [] []
[2025-03-20 19:45:33] SlimMonoLogger.INFO: Cron ran at: 20-03-2025 07:45:33 PM [] []
[2025-03-20 19:50:38] SlimMonoLogger.INFO: Cron ran at: 20-03-2025 07:50:38 PM [] []
[2025-03-20 19:55:33] SlimMonoLogger.INFO: Cron ran at: 20-03-2025 07:55:33 PM [] []
[2025-03-20 20:00:42] SlimMonoLogger.INFO: Cron ran at: 20-03-2025 08:00:42 PM [] []
[2025-03-20 20:05:43] SlimMonoLogger.INFO: Cron ran at: 20-03-2025 08:05:43 PM [] []
[2025-03-20 20:10:48] SlimMonoLogger.INFO: Cron ran at: 20-03-2025 08:10:48 PM [] []
[2025-03-20 20:15:46] SlimMonoLogger.INFO: Cron ran at: 20-03-2025 08:15:46 PM [] []
[2025-03-20 20:20:49] SlimMonoLogger.INFO: Cron ran at: 20-03-2025 08:20:49 PM [] []
[2025-03-20 20:25:46] SlimMonoLogger.INFO: Cron ran at: 20-03-2025 08:25:46 PM [] []
[2025-03-20 20:30:41] SlimMonoLogger.INFO: Cron ran at: 20-03-2025 08:30:41 PM [] []
[2025-03-20 20:35:36] SlimMonoLogger.INFO: Cron ran at: 20-03-2025 08:35:36 PM [] []
[2025-03-20 20:40:38] SlimMonoLogger.INFO: Cron ran at: 20-03-2025 08:40:38 PM [] []
[2025-03-20 20:45:40] SlimMonoLogger.INFO: Cron ran at: 20-03-2025 08:45:40 PM [] []
[2025-03-20 20:50:30] SlimMonoLogger.INFO: Cron ran at: 20-03-2025 08:50:30 PM [] []
[2025-03-20 20:55:34] SlimMonoLogger.INFO: Cron ran at: 20-03-2025 08:55:34 PM [] []
[2025-03-20 21:00:48] SlimMonoLogger.INFO: Cron ran at: 20-03-2025 09:00:48 PM [] []
[2025-03-20 21:05:32] SlimMonoLogger.INFO: Cron ran at: 20-03-2025 09:05:32 PM [] []
[2025-03-20 21:10:41] SlimMonoLogger.INFO: Cron ran at: 20-03-2025 09:10:41 PM [] []
[2025-03-20 21:15:35] SlimMonoLogger.INFO: Cron ran at: 20-03-2025 09:15:35 PM [] []
[2025-03-20 21:20:49] SlimMonoLogger.INFO: Cron ran at: 20-03-2025 09:20:49 PM [] []
[2025-03-20 21:25:53] SlimMonoLogger.INFO: Cron ran at: 20-03-2025 09:25:53 PM [] []
[2025-03-20 21:30:37] SlimMonoLogger.INFO: Cron ran at: 20-03-2025 09:30:37 PM [] []
[2025-03-20 21:35:33] SlimMonoLogger.INFO: Cron ran at: 20-03-2025 09:35:33 PM [] []
[2025-03-20 21:40:48] SlimMonoLogger.INFO: Cron ran at: 20-03-2025 09:40:48 PM [] []
[2025-03-20 21:45:41] SlimMonoLogger.INFO: Cron ran at: 20-03-2025 09:45:41 PM [] []
[2025-03-20 21:50:35] SlimMonoLogger.INFO: Cron ran at: 20-03-2025 09:50:35 PM [] []
[2025-03-20 21:55:37] SlimMonoLogger.INFO: Cron ran at: 20-03-2025 09:55:37 PM [] []
[2025-03-20 22:00:45] SlimMonoLogger.INFO: Cron ran at: 20-03-2025 10:00:45 PM [] []
[2025-03-20 22:05:43] SlimMonoLogger.INFO: Cron ran at: 20-03-2025 10:05:43 PM [] []
[2025-03-20 22:10:30] SlimMonoLogger.INFO: Cron ran at: 20-03-2025 10:10:30 PM [] []
[2025-03-20 22:15:42] SlimMonoLogger.INFO: Cron ran at: 20-03-2025 10:15:42 PM [] []
[2025-03-20 22:20:41] SlimMonoLogger.INFO: Cron ran at: 20-03-2025 10:20:41 PM [] []
[2025-03-20 22:25:35] SlimMonoLogger.INFO: Cron ran at: 20-03-2025 10:25:35 PM [] []
[2025-03-20 22:30:37] SlimMonoLogger.INFO: Cron ran at: 20-03-2025 10:30:37 PM [] []
[2025-03-20 22:35:33] SlimMonoLogger.INFO: Cron ran at: 20-03-2025 10:35:33 PM [] []
[2025-03-20 22:40:43] SlimMonoLogger.INFO: Cron ran at: 20-03-2025 10:40:43 PM [] []
[2025-03-20 22:45:37] SlimMonoLogger.INFO: Cron ran at: 20-03-2025 10:45:37 PM [] []
[2025-03-20 22:50:36] SlimMonoLogger.INFO: Cron ran at: 20-03-2025 10:50:36 PM [] []
[2025-03-20 22:55:34] SlimMonoLogger.INFO: Cron ran at: 20-03-2025 10:55:34 PM [] []
[2025-03-20 23:00:36] SlimMonoLogger.INFO: Cron ran at: 20-03-2025 11:00:36 PM [] []
[2025-03-20 23:05:38] SlimMonoLogger.INFO: Cron ran at: 20-03-2025 11:05:38 PM [] []
[2025-03-20 23:10:37] SlimMonoLogger.INFO: Cron ran at: 20-03-2025 11:10:37 PM [] []
[2025-03-20 23:15:37] SlimMonoLogger.INFO: Cron ran at: 20-03-2025 11:15:37 PM [] []
[2025-03-20 23:20:38] SlimMonoLogger.INFO: Cron ran at: 20-03-2025 11:20:38 PM [] []
[2025-03-20 23:25:46] SlimMonoLogger.INFO: Cron ran at: 20-03-2025 11:25:46 PM [] []
[2025-03-20 23:30:35] SlimMonoLogger.INFO: Cron ran at: 20-03-2025 11:30:35 PM [] []
[2025-03-20 23:35:42] SlimMonoLogger.INFO: Cron ran at: 20-03-2025 11:35:42 PM [] []
[2025-03-20 23:40:39] SlimMonoLogger.INFO: Cron ran at: 20-03-2025 11:40:39 PM [] []
[2025-03-20 23:45:31] SlimMonoLogger.INFO: Cron ran at: 20-03-2025 11:45:31 PM [] []
[2025-03-20 23:50:44] SlimMonoLogger.INFO: Cron ran at: 20-03-2025 11:50:44 PM [] []
[2025-03-20 23:55:36] SlimMonoLogger.INFO: Cron ran at: 20-03-2025 11:55:36 PM [] []
[2025-03-21 00:02:27] SlimMonoLogger.ERROR: Requests_Exception: cURL error 28: Failed to connect to antropol.mk port 443 after 131695 ms: Could not connect to server in /home/latihtal/public_html/agregator1/src/vendor/rmccue/requests/library/Requests/Transport/cURL.php:422
Stack trace:
#0 /home/latihtal/public_html/agregator1/src/vendor/rmccue/requests/library/Requests/Transport/cURL.php(177): Requests_Transport_cURL->process_response()
#1 /home/latihtal/public_html/agregator1/src/vendor/rmccue/requests/library/Requests.php(379): Requests_Transport_cURL->request()
#2 /home/latihtal/public_html/agregator1/src/vendor/rmccue/requests/library/Requests/Session.php(205): Requests::request()
#3 /home/latihtal/public_html/agregator1/src/vendor/rmccue/requests/library/Requests/Session.php(132): Requests_Session->request()
#4 /home/latihtal/public_html/agregator1/src/drivers/Http/RssImporter.php(144): Requests_Session->get()
#5 /home/latihtal/public_html/agregator1/src/controllers/Dashboard/DashboardFeedsController.php(534): spark\drivers\Http\RssImporter->fetchPosts()
#6 /home/latihtal/public_html/agregator1/src/controllers/Site/SiteController.php(722): spark\controllers\Dashboard\DashboardFeedsController::importFeedPosts()
#7 [internal function]: spark\controllers\Site\SiteController->runTasks()
#8 /home/latihtal/public_html/agregator1/src/framework/Route.php(173): call_user_func_array()
#9 [internal function]: Slim\Route->Slim\{closure}()
#10 /home/latihtal/public_html/agregator1/src/framework/Route.php(468): call_user_func_array()
#11 /home/latihtal/public_html/agregator1/src/framework/Slim.php(1364): Slim\Route->dispatch()
#12 /home/latihtal/public_html/agregator1/src/framework/Middleware/Flash.php(85): Slim\Slim->call()
#13 /home/latihtal/public_html/agregator1/src/framework/Middleware/MethodOverride.php(92): Slim\Middleware\Flash->call()
#14 /home/latihtal/public_html/agregator1/src/middlewares/CsrfGuard/CsrfGuard.php(47): Slim\Middleware\MethodOverride->call()
#15 /home/latihtal/public_html/agregator1/src/framework/Middleware/PrettyExceptions.php(67): spark\middlewares\CsrfGuard\CsrfGuard->call()
#16 /home/latihtal/public_html/agregator1/src/framework/Slim.php(1308): Slim\Middleware\PrettyExceptions->call()
#17 /home/latihtal/public_html/agregator1/index.php(6): Slim\Slim->run()
#18 {main} [] []
[2025-03-21 00:02:44] SlimMonoLogger.INFO: Cron ran at: 21-03-2025 12:02:44 AM [] []
[2025-03-21 00:05:28] SlimMonoLogger.INFO: Cron ran at: 21-03-2025 12:05:28 AM [] []
[2025-03-21 00:10:54] SlimMonoLogger.INFO: Cron ran at: 21-03-2025 12:10:54 AM [] []
[2025-03-21 00:15:41] SlimMonoLogger.INFO: Cron ran at: 21-03-2025 12:15:41 AM [] []
[2025-03-21 00:20:30] SlimMonoLogger.INFO: Cron ran at: 21-03-2025 12:20:30 AM [] []
[2025-03-21 00:25:37] SlimMonoLogger.INFO: Cron ran at: 21-03-2025 12:25:37 AM [] []
[2025-03-21 00:30:36] SlimMonoLogger.INFO: Cron ran at: 21-03-2025 12:30:36 AM [] []
[2025-03-21 00:35:36] SlimMonoLogger.INFO: Cron ran at: 21-03-2025 12:35:36 AM [] []
[2025-03-21 00:40:57] SlimMonoLogger.INFO: Cron ran at: 21-03-2025 12:40:57 AM [] []
[2025-03-21 00:45:33] SlimMonoLogger.INFO: Cron ran at: 21-03-2025 12:45:33 AM [] []
[2025-03-21 00:50:34] SlimMonoLogger.INFO: Cron ran at: 21-03-2025 12:50:34 AM [] []
[2025-03-21 00:55:35] SlimMonoLogger.INFO: Cron ran at: 21-03-2025 12:55:35 AM [] []
