[2025-03-21 01:00:53] SlimMonoLogger.INFO: Cron ran at: 21-03-2025 01:00:53 AM [] []
[2025-03-21 01:10:38] SlimMonoLogger.INFO: Cron ran at: 21-03-2025 01:10:38 AM [] []
[2025-03-21 01:15:44] SlimMonoLogger.INFO: Cron ran at: 21-03-2025 01:15:44 AM [] []
[2025-03-21 01:20:40] SlimMonoLogger.INFO: Cron ran at: 21-03-2025 01:20:40 AM [] []
[2025-03-21 01:25:53] SlimMonoLogger.INFO: Cron ran at: 21-03-2025 01:25:53 AM [] []
[2025-03-21 01:30:43] SlimMonoLogger.INFO: Cron ran at: 21-03-2025 01:30:43 AM [] []
[2025-03-21 01:35:33] SlimMonoLogger.INFO: Cron ran at: 21-03-2025 01:35:33 AM [] []
[2025-03-21 01:40:55] SlimMonoLogger.INFO: Cron ran at: 21-03-2025 01:40:55 AM [] []
[2025-03-21 01:45:39] SlimMonoLogger.INFO: Cron ran at: 21-03-2025 01:45:39 AM [] []
[2025-03-21 01:50:31] SlimMonoLogger.INFO: Cron ran at: 21-03-2025 01:50:31 AM [] []
[2025-03-21 01:55:35] SlimMonoLogger.INFO: Cron ran at: 21-03-2025 01:55:35 AM [] []
[2025-03-21 02:02:28] SlimMonoLogger.ERROR: Requests_Exception: cURL error 28: Failed to connect to antropol.mk port 443 after 131583 ms: Could not connect to server in /home/latihtal/public_html/agregator1/src/vendor/rmccue/requests/library/Requests/Transport/cURL.php:422
Stack trace:
#0 /home/latihtal/public_html/agregator1/src/vendor/rmccue/requests/library/Requests/Transport/cURL.php(177): Requests_Transport_cURL->process_response()
#1 /home/latihtal/public_html/agregator1/src/vendor/rmccue/requests/library/Requests.php(379): Requests_Transport_cURL->request()
#2 /home/latihtal/public_html/agregator1/src/vendor/rmccue/requests/library/Requests/Session.php(205): Requests::request()
#3 /home/latihtal/public_html/agregator1/src/vendor/rmccue/requests/library/Requests/Session.php(132): Requests_Session->request()
#4 /home/latihtal/public_html/agregator1/src/drivers/Http/RssImporter.php(144): Requests_Session->get()
#5 /home/latihtal/public_html/agregator1/src/controllers/Dashboard/DashboardFeedsController.php(534): spark\drivers\Http\RssImporter->fetchPosts()
#6 /home/latihtal/public_html/agregator1/src/controllers/Site/SiteController.php(722): spark\controllers\Dashboard\DashboardFeedsController::importFeedPosts()
#7 [internal function]: spark\controllers\Site\SiteController->runTasks()
#8 /home/latihtal/public_html/agregator1/src/framework/Route.php(173): call_user_func_array()
#9 [internal function]: Slim\Route->Slim\{closure}()
#10 /home/latihtal/public_html/agregator1/src/framework/Route.php(468): call_user_func_array()
#11 /home/latihtal/public_html/agregator1/src/framework/Slim.php(1364): Slim\Route->dispatch()
#12 /home/latihtal/public_html/agregator1/src/framework/Middleware/Flash.php(85): Slim\Slim->call()
#13 /home/latihtal/public_html/agregator1/src/framework/Middleware/MethodOverride.php(92): Slim\Middleware\Flash->call()
#14 /home/latihtal/public_html/agregator1/src/middlewares/CsrfGuard/CsrfGuard.php(47): Slim\Middleware\MethodOverride->call()
#15 /home/latihtal/public_html/agregator1/src/framework/Middleware/PrettyExceptions.php(67): spark\middlewares\CsrfGuard\CsrfGuard->call()
#16 /home/latihtal/public_html/agregator1/src/framework/Slim.php(1308): Slim\Middleware\PrettyExceptions->call()
#17 /home/latihtal/public_html/agregator1/index.php(6): Slim\Slim->run()
#18 {main} [] []
[2025-03-21 02:02:44] SlimMonoLogger.INFO: Cron ran at: 21-03-2025 02:02:44 AM [] []
[2025-03-21 02:05:45] SlimMonoLogger.INFO: Cron ran at: 21-03-2025 02:05:45 AM [] []
[2025-03-21 02:12:26] SlimMonoLogger.ERROR: Requests_Exception: cURL error 28: Failed to connect to antropol.mk port 443 after 129967 ms: Could not connect to server in /home/latihtal/public_html/agregator1/src/vendor/rmccue/requests/library/Requests/Transport/cURL.php:422
Stack trace:
#0 /home/latihtal/public_html/agregator1/src/vendor/rmccue/requests/library/Requests/Transport/cURL.php(177): Requests_Transport_cURL->process_response()
#1 /home/latihtal/public_html/agregator1/src/vendor/rmccue/requests/library/Requests.php(379): Requests_Transport_cURL->request()
#2 /home/latihtal/public_html/agregator1/src/vendor/rmccue/requests/library/Requests/Session.php(205): Requests::request()
#3 /home/latihtal/public_html/agregator1/src/vendor/rmccue/requests/library/Requests/Session.php(132): Requests_Session->request()
#4 /home/latihtal/public_html/agregator1/src/drivers/Http/RssImporter.php(144): Requests_Session->get()
#5 /home/latihtal/public_html/agregator1/src/controllers/Dashboard/DashboardFeedsController.php(534): spark\drivers\Http\RssImporter->fetchPosts()
#6 /home/latihtal/public_html/agregator1/src/controllers/Site/SiteController.php(722): spark\controllers\Dashboard\DashboardFeedsController::importFeedPosts()
#7 [internal function]: spark\controllers\Site\SiteController->runTasks()
#8 /home/latihtal/public_html/agregator1/src/framework/Route.php(173): call_user_func_array()
#9 [internal function]: Slim\Route->Slim\{closure}()
#10 /home/latihtal/public_html/agregator1/src/framework/Route.php(468): call_user_func_array()
#11 /home/latihtal/public_html/agregator1/src/framework/Slim.php(1364): Slim\Route->dispatch()
#12 /home/latihtal/public_html/agregator1/src/framework/Middleware/Flash.php(85): Slim\Slim->call()
#13 /home/latihtal/public_html/agregator1/src/framework/Middleware/MethodOverride.php(92): Slim\Middleware\Flash->call()
#14 /home/latihtal/public_html/agregator1/src/middlewares/CsrfGuard/CsrfGuard.php(47): Slim\Middleware\MethodOverride->call()
#15 /home/latihtal/public_html/agregator1/src/framework/Middleware/PrettyExceptions.php(67): spark\middlewares\CsrfGuard\CsrfGuard->call()
#16 /home/latihtal/public_html/agregator1/src/framework/Slim.php(1308): Slim\Middleware\PrettyExceptions->call()
#17 /home/latihtal/public_html/agregator1/index.php(6): Slim\Slim->run()
#18 {main} [] []
[2025-03-21 02:12:41] SlimMonoLogger.INFO: Cron ran at: 21-03-2025 02:12:41 AM [] []
[2025-03-21 02:15:34] SlimMonoLogger.INFO: Cron ran at: 21-03-2025 02:15:34 AM [] []
[2025-03-21 02:20:36] SlimMonoLogger.INFO: Cron ran at: 21-03-2025 02:20:36 AM [] []
[2025-03-21 02:26:06] SlimMonoLogger.INFO: Cron ran at: 21-03-2025 02:26:06 AM [] []
[2025-03-21 02:30:30] SlimMonoLogger.INFO: Cron ran at: 21-03-2025 02:30:30 AM [] []
[2025-03-21 02:35:39] SlimMonoLogger.INFO: Cron ran at: 21-03-2025 02:35:39 AM [] []
[2025-03-21 02:40:27] SlimMonoLogger.INFO: Cron ran at: 21-03-2025 02:40:27 AM [] []
[2025-03-21 02:45:33] SlimMonoLogger.INFO: Cron ran at: 21-03-2025 02:45:33 AM [] []
[2025-03-21 02:50:37] SlimMonoLogger.INFO: Cron ran at: 21-03-2025 02:50:37 AM [] []
[2025-03-21 02:55:32] SlimMonoLogger.INFO: Cron ran at: 21-03-2025 02:55:32 AM [] []
[2025-03-21 03:00:40] SlimMonoLogger.INFO: Cron ran at: 21-03-2025 03:00:40 AM [] []
[2025-03-21 03:07:31] SlimMonoLogger.ERROR: Requests_Exception: cURL error 28: Failed to connect to antropol.mk port 443 after 129199 ms: Could not connect to server in /home/latihtal/public_html/agregator1/src/vendor/rmccue/requests/library/Requests/Transport/cURL.php:422
Stack trace:
#0 /home/latihtal/public_html/agregator1/src/vendor/rmccue/requests/library/Requests/Transport/cURL.php(177): Requests_Transport_cURL->process_response()
#1 /home/latihtal/public_html/agregator1/src/vendor/rmccue/requests/library/Requests.php(379): Requests_Transport_cURL->request()
#2 /home/latihtal/public_html/agregator1/src/vendor/rmccue/requests/library/Requests/Session.php(205): Requests::request()
#3 /home/latihtal/public_html/agregator1/src/vendor/rmccue/requests/library/Requests/Session.php(132): Requests_Session->request()
#4 /home/latihtal/public_html/agregator1/src/drivers/Http/RssImporter.php(144): Requests_Session->get()
#5 /home/latihtal/public_html/agregator1/src/controllers/Dashboard/DashboardFeedsController.php(534): spark\drivers\Http\RssImporter->fetchPosts()
#6 /home/latihtal/public_html/agregator1/src/controllers/Site/SiteController.php(722): spark\controllers\Dashboard\DashboardFeedsController::importFeedPosts()
#7 [internal function]: spark\controllers\Site\SiteController->runTasks()
#8 /home/latihtal/public_html/agregator1/src/framework/Route.php(173): call_user_func_array()
#9 [internal function]: Slim\Route->Slim\{closure}()
#10 /home/latihtal/public_html/agregator1/src/framework/Route.php(468): call_user_func_array()
#11 /home/latihtal/public_html/agregator1/src/framework/Slim.php(1364): Slim\Route->dispatch()
#12 /home/latihtal/public_html/agregator1/src/framework/Middleware/Flash.php(85): Slim\Slim->call()
#13 /home/latihtal/public_html/agregator1/src/framework/Middleware/MethodOverride.php(92): Slim\Middleware\Flash->call()
#14 /home/latihtal/public_html/agregator1/src/middlewares/CsrfGuard/CsrfGuard.php(47): Slim\Middleware\MethodOverride->call()
#15 /home/latihtal/public_html/agregator1/src/framework/Middleware/PrettyExceptions.php(67): spark\middlewares\CsrfGuard\CsrfGuard->call()
#16 /home/latihtal/public_html/agregator1/src/framework/Slim.php(1308): Slim\Middleware\PrettyExceptions->call()
#17 /home/latihtal/public_html/agregator1/index.php(6): Slim\Slim->run()
#18 {main} [] []
[2025-03-21 03:07:47] SlimMonoLogger.INFO: Cron ran at: 21-03-2025 03:07:47 AM [] []
[2025-03-21 03:10:27] SlimMonoLogger.INFO: Cron ran at: 21-03-2025 03:10:27 AM [] []
[2025-03-21 03:15:32] SlimMonoLogger.INFO: Cron ran at: 21-03-2025 03:15:32 AM [] []
[2025-03-21 03:20:35] SlimMonoLogger.INFO: Cron ran at: 21-03-2025 03:20:35 AM [] []
[2025-03-21 03:25:31] SlimMonoLogger.INFO: Cron ran at: 21-03-2025 03:25:31 AM [] []
[2025-03-21 03:30:35] SlimMonoLogger.INFO: Cron ran at: 21-03-2025 03:30:35 AM [] []
[2025-03-21 03:35:36] SlimMonoLogger.INFO: Cron ran at: 21-03-2025 03:35:36 AM [] []
[2025-03-21 03:40:31] SlimMonoLogger.INFO: Cron ran at: 21-03-2025 03:40:31 AM [] []
[2025-03-21 03:45:31] SlimMonoLogger.INFO: Cron ran at: 21-03-2025 03:45:31 AM [] []
[2025-03-21 03:50:33] SlimMonoLogger.INFO: Cron ran at: 21-03-2025 03:50:33 AM [] []
[2025-03-21 03:55:35] SlimMonoLogger.INFO: Cron ran at: 21-03-2025 03:55:35 AM [] []
[2025-03-21 04:00:42] SlimMonoLogger.INFO: Cron ran at: 21-03-2025 04:00:42 AM [] []
[2025-03-21 04:05:25] SlimMonoLogger.INFO: Cron ran at: 21-03-2025 04:05:25 AM [] []
[2025-03-21 04:10:28] SlimMonoLogger.INFO: Cron ran at: 21-03-2025 04:10:28 AM [] []
[2025-03-21 04:15:32] SlimMonoLogger.INFO: Cron ran at: 21-03-2025 04:15:32 AM [] []
[2025-03-21 04:20:32] SlimMonoLogger.INFO: Cron ran at: 21-03-2025 04:20:32 AM [] []
[2025-03-21 04:25:34] SlimMonoLogger.INFO: Cron ran at: 21-03-2025 04:25:34 AM [] []
[2025-03-21 04:30:27] SlimMonoLogger.INFO: Cron ran at: 21-03-2025 04:30:27 AM [] []
[2025-03-21 04:35:27] SlimMonoLogger.INFO: Cron ran at: 21-03-2025 04:35:27 AM [] []
[2025-03-21 04:40:32] SlimMonoLogger.INFO: Cron ran at: 21-03-2025 04:40:32 AM [] []
[2025-03-21 04:45:27] SlimMonoLogger.INFO: Cron ran at: 21-03-2025 04:45:27 AM [] []
[2025-03-21 04:50:33] SlimMonoLogger.INFO: Cron ran at: 21-03-2025 04:50:33 AM [] []
[2025-03-21 04:55:30] SlimMonoLogger.INFO: Cron ran at: 21-03-2025 04:55:30 AM [] []
[2025-03-21 05:00:32] SlimMonoLogger.INFO: Cron ran at: 21-03-2025 05:00:32 AM [] []
[2025-03-21 05:05:24] SlimMonoLogger.INFO: Cron ran at: 21-03-2025 05:05:24 AM [] []
[2025-03-21 05:10:25] SlimMonoLogger.INFO: Cron ran at: 21-03-2025 05:10:25 AM [] []
[2025-03-21 05:15:26] SlimMonoLogger.INFO: Cron ran at: 21-03-2025 05:15:26 AM [] []
[2025-03-21 05:20:30] SlimMonoLogger.INFO: Cron ran at: 21-03-2025 05:20:30 AM [] []
[2025-03-21 05:25:28] SlimMonoLogger.INFO: Cron ran at: 21-03-2025 05:25:28 AM [] []
[2025-03-21 05:30:30] SlimMonoLogger.INFO: Cron ran at: 21-03-2025 05:30:30 AM [] []
[2025-03-21 05:35:46] SlimMonoLogger.INFO: Cron ran at: 21-03-2025 05:35:46 AM [] []
[2025-03-21 05:40:25] SlimMonoLogger.INFO: Cron ran at: 21-03-2025 05:40:25 AM [] []
[2025-03-21 05:45:28] SlimMonoLogger.INFO: Cron ran at: 21-03-2025 05:45:28 AM [] []
[2025-03-21 05:50:25] SlimMonoLogger.INFO: Cron ran at: 21-03-2025 05:50:25 AM [] []
[2025-03-21 05:55:28] SlimMonoLogger.INFO: Cron ran at: 21-03-2025 05:55:28 AM [] []
[2025-03-21 06:00:28] SlimMonoLogger.INFO: Cron ran at: 21-03-2025 06:00:28 AM [] []
[2025-03-21 06:05:25] SlimMonoLogger.INFO: Cron ran at: 21-03-2025 06:05:25 AM [] []
[2025-03-21 06:10:25] SlimMonoLogger.INFO: Cron ran at: 21-03-2025 06:10:25 AM [] []
[2025-03-21 06:15:32] SlimMonoLogger.INFO: Cron ran at: 21-03-2025 06:15:32 AM [] []
[2025-03-21 06:20:28] SlimMonoLogger.INFO: Cron ran at: 21-03-2025 06:20:28 AM [] []
[2025-03-21 06:25:30] SlimMonoLogger.INFO: Cron ran at: 21-03-2025 06:25:30 AM [] []
[2025-03-21 06:30:31] SlimMonoLogger.INFO: Cron ran at: 21-03-2025 06:30:31 AM [] []
[2025-03-21 06:35:28] SlimMonoLogger.INFO: Cron ran at: 21-03-2025 06:35:28 AM [] []
[2025-03-21 06:40:26] SlimMonoLogger.INFO: Cron ran at: 21-03-2025 06:40:26 AM [] []
[2025-03-21 06:45:27] SlimMonoLogger.INFO: Cron ran at: 21-03-2025 06:45:27 AM [] []
[2025-03-21 06:50:27] SlimMonoLogger.INFO: Cron ran at: 21-03-2025 06:50:27 AM [] []
[2025-03-21 06:55:28] SlimMonoLogger.INFO: Cron ran at: 21-03-2025 06:55:28 AM [] []
[2025-03-21 07:00:36] SlimMonoLogger.INFO: Cron ran at: 21-03-2025 07:00:36 AM [] []
[2025-03-21 07:05:29] SlimMonoLogger.INFO: Cron ran at: 21-03-2025 07:05:29 AM [] []
[2025-03-21 07:10:28] SlimMonoLogger.INFO: Cron ran at: 21-03-2025 07:10:28 AM [] []
[2025-03-21 07:15:27] SlimMonoLogger.INFO: Cron ran at: 21-03-2025 07:15:27 AM [] []
[2025-03-21 07:20:29] SlimMonoLogger.INFO: Cron ran at: 21-03-2025 07:20:29 AM [] []
[2025-03-21 07:25:31] SlimMonoLogger.INFO: Cron ran at: 21-03-2025 07:25:31 AM [] []
[2025-03-21 07:30:29] SlimMonoLogger.INFO: Cron ran at: 21-03-2025 07:30:29 AM [] []
[2025-03-21 07:35:26] SlimMonoLogger.INFO: Cron ran at: 21-03-2025 07:35:26 AM [] []
[2025-03-21 07:40:31] SlimMonoLogger.INFO: Cron ran at: 21-03-2025 07:40:31 AM [] []
[2025-03-21 07:45:28] SlimMonoLogger.INFO: Cron ran at: 21-03-2025 07:45:28 AM [] []
[2025-03-21 07:50:26] SlimMonoLogger.INFO: Cron ran at: 21-03-2025 07:50:26 AM [] []
[2025-03-21 07:55:26] SlimMonoLogger.INFO: Cron ran at: 21-03-2025 07:55:26 AM [] []
[2025-03-21 08:00:31] SlimMonoLogger.INFO: Cron ran at: 21-03-2025 08:00:31 AM [] []
[2025-03-21 08:05:25] SlimMonoLogger.INFO: Cron ran at: 21-03-2025 08:05:25 AM [] []
[2025-03-21 08:10:28] SlimMonoLogger.INFO: Cron ran at: 21-03-2025 08:10:28 AM [] []
[2025-03-21 08:15:32] SlimMonoLogger.INFO: Cron ran at: 21-03-2025 08:15:32 AM [] []
[2025-03-21 08:20:30] SlimMonoLogger.INFO: Cron ran at: 21-03-2025 08:20:30 AM [] []
[2025-03-21 08:27:43] SlimMonoLogger.INFO: Cron ran at: 21-03-2025 08:27:43 AM [] []
[2025-03-21 08:31:28] SlimMonoLogger.INFO: Cron ran at: 21-03-2025 08:31:28 AM [] []
[2025-03-21 08:35:29] SlimMonoLogger.INFO: Cron ran at: 21-03-2025 08:35:29 AM [] []
[2025-03-21 08:40:31] SlimMonoLogger.INFO: Cron ran at: 21-03-2025 08:40:31 AM [] []
[2025-03-21 08:45:28] SlimMonoLogger.INFO: Cron ran at: 21-03-2025 08:45:28 AM [] []
[2025-03-21 08:50:36] SlimMonoLogger.INFO: Cron ran at: 21-03-2025 08:50:36 AM [] []
[2025-03-21 08:55:31] SlimMonoLogger.INFO: Cron ran at: 21-03-2025 08:55:31 AM [] []
[2025-03-21 09:00:44] SlimMonoLogger.INFO: Cron ran at: 21-03-2025 09:00:44 AM [] []
[2025-03-21 09:05:30] SlimMonoLogger.INFO: Cron ran at: 21-03-2025 09:05:30 AM [] []
[2025-03-21 09:10:35] SlimMonoLogger.INFO: Cron ran at: 21-03-2025 09:10:35 AM [] []
[2025-03-21 09:15:30] SlimMonoLogger.INFO: Cron ran at: 21-03-2025 09:15:30 AM [] []
[2025-03-21 09:20:28] SlimMonoLogger.INFO: Cron ran at: 21-03-2025 09:20:28 AM [] []
[2025-03-21 09:25:32] SlimMonoLogger.INFO: Cron ran at: 21-03-2025 09:25:32 AM [] []
[2025-03-21 09:30:35] SlimMonoLogger.INFO: Cron ran at: 21-03-2025 09:30:35 AM [] []
[2025-03-21 09:35:26] SlimMonoLogger.INFO: Cron ran at: 21-03-2025 09:35:26 AM [] []
[2025-03-21 09:40:27] SlimMonoLogger.INFO: Cron ran at: 21-03-2025 09:40:27 AM [] []
[2025-03-21 09:45:29] SlimMonoLogger.INFO: Cron ran at: 21-03-2025 09:45:29 AM [] []
[2025-03-21 09:50:34] SlimMonoLogger.INFO: Cron ran at: 21-03-2025 09:50:34 AM [] []
[2025-03-21 09:55:34] SlimMonoLogger.INFO: Cron ran at: 21-03-2025 09:55:34 AM [] []
[2025-03-21 10:00:40] SlimMonoLogger.INFO: Cron ran at: 21-03-2025 10:00:40 AM [] []
[2025-03-21 10:05:25] SlimMonoLogger.INFO: Cron ran at: 21-03-2025 10:05:25 AM [] []
[2025-03-21 10:10:32] SlimMonoLogger.INFO: Cron ran at: 21-03-2025 10:10:32 AM [] []
[2025-03-21 10:15:30] SlimMonoLogger.INFO: Cron ran at: 21-03-2025 10:15:30 AM [] []
[2025-03-21 10:20:37] SlimMonoLogger.INFO: Cron ran at: 21-03-2025 10:20:37 AM [] []
[2025-03-21 10:25:31] SlimMonoLogger.INFO: Cron ran at: 21-03-2025 10:25:31 AM [] []
[2025-03-21 10:30:29] SlimMonoLogger.INFO: Cron ran at: 21-03-2025 10:30:29 AM [] []
[2025-03-21 10:35:49] SlimMonoLogger.INFO: Cron ran at: 21-03-2025 10:35:49 AM [] []
[2025-03-21 10:40:26] SlimMonoLogger.INFO: Cron ran at: 21-03-2025 10:40:26 AM [] []
[2025-03-21 10:45:30] SlimMonoLogger.INFO: Cron ran at: 21-03-2025 10:45:30 AM [] []
[2025-03-21 10:50:27] SlimMonoLogger.INFO: Cron ran at: 21-03-2025 10:50:27 AM [] []
[2025-03-21 10:55:26] SlimMonoLogger.INFO: Cron ran at: 21-03-2025 10:55:26 AM [] []
[2025-03-21 11:00:39] SlimMonoLogger.INFO: Cron ran at: 21-03-2025 11:00:39 AM [] []
[2025-03-21 11:05:34] SlimMonoLogger.INFO: Cron ran at: 21-03-2025 11:05:34 AM [] []
[2025-03-21 11:10:27] SlimMonoLogger.INFO: Cron ran at: 21-03-2025 11:10:27 AM [] []
[2025-03-21 11:15:28] SlimMonoLogger.INFO: Cron ran at: 21-03-2025 11:15:28 AM [] []
[2025-03-21 11:20:27] SlimMonoLogger.INFO: Cron ran at: 21-03-2025 11:20:27 AM [] []
[2025-03-21 11:25:38] SlimMonoLogger.INFO: Cron ran at: 21-03-2025 11:25:38 AM [] []
[2025-03-21 11:30:30] SlimMonoLogger.INFO: Cron ran at: 21-03-2025 11:30:30 AM [] []
[2025-03-21 11:35:34] SlimMonoLogger.INFO: Cron ran at: 21-03-2025 11:35:34 AM [] []
[2025-03-21 11:40:30] SlimMonoLogger.INFO: Cron ran at: 21-03-2025 11:40:30 AM [] []
[2025-03-21 11:45:33] SlimMonoLogger.INFO: Cron ran at: 21-03-2025 11:45:33 AM [] []
[2025-03-21 11:50:33] SlimMonoLogger.INFO: Cron ran at: 21-03-2025 11:50:33 AM [] []
[2025-03-21 11:55:31] SlimMonoLogger.INFO: Cron ran at: 21-03-2025 11:55:31 AM [] []
[2025-03-21 12:00:32] SlimMonoLogger.INFO: Cron ran at: 21-03-2025 12:00:32 PM [] []
[2025-03-21 12:05:36] SlimMonoLogger.INFO: Cron ran at: 21-03-2025 12:05:36 PM [] []
[2025-03-21 12:10:31] SlimMonoLogger.INFO: Cron ran at: 21-03-2025 12:10:31 PM [] []
[2025-03-21 12:15:38] SlimMonoLogger.INFO: Cron ran at: 21-03-2025 12:15:38 PM [] []
[2025-03-21 12:20:42] SlimMonoLogger.INFO: Cron ran at: 21-03-2025 12:20:42 PM [] []
[2025-03-21 12:25:37] SlimMonoLogger.INFO: Cron ran at: 21-03-2025 12:25:37 PM [] []
[2025-03-21 12:30:42] SlimMonoLogger.INFO: Cron ran at: 21-03-2025 12:30:42 PM [] []
[2025-03-21 12:37:57] SlimMonoLogger.ERROR: Requests_Exception: cURL error 28: Failed to connect to antropol.mk port 443 after 130554 ms: Could not connect to server in /home/latihtal/public_html/agregator1/src/vendor/rmccue/requests/library/Requests/Transport/cURL.php:422
Stack trace:
#0 /home/latihtal/public_html/agregator1/src/vendor/rmccue/requests/library/Requests/Transport/cURL.php(177): Requests_Transport_cURL->process_response()
#1 /home/latihtal/public_html/agregator1/src/vendor/rmccue/requests/library/Requests.php(379): Requests_Transport_cURL->request()
#2 /home/latihtal/public_html/agregator1/src/vendor/rmccue/requests/library/Requests/Session.php(205): Requests::request()
#3 /home/latihtal/public_html/agregator1/src/vendor/rmccue/requests/library/Requests/Session.php(132): Requests_Session->request()
#4 /home/latihtal/public_html/agregator1/src/drivers/Http/RssImporter.php(144): Requests_Session->get()
#5 /home/latihtal/public_html/agregator1/src/controllers/Dashboard/DashboardFeedsController.php(534): spark\drivers\Http\RssImporter->fetchPosts()
#6 /home/latihtal/public_html/agregator1/src/controllers/Site/SiteController.php(722): spark\controllers\Dashboard\DashboardFeedsController::importFeedPosts()
#7 [internal function]: spark\controllers\Site\SiteController->runTasks()
#8 /home/latihtal/public_html/agregator1/src/framework/Route.php(173): call_user_func_array()
#9 [internal function]: Slim\Route->Slim\{closure}()
#10 /home/latihtal/public_html/agregator1/src/framework/Route.php(468): call_user_func_array()
#11 /home/latihtal/public_html/agregator1/src/framework/Slim.php(1364): Slim\Route->dispatch()
#12 /home/latihtal/public_html/agregator1/src/framework/Middleware/Flash.php(85): Slim\Slim->call()
#13 /home/latihtal/public_html/agregator1/src/framework/Middleware/MethodOverride.php(92): Slim\Middleware\Flash->call()
#14 /home/latihtal/public_html/agregator1/src/middlewares/CsrfGuard/CsrfGuard.php(47): Slim\Middleware\MethodOverride->call()
#15 /home/latihtal/public_html/agregator1/src/framework/Middleware/PrettyExceptions.php(67): spark\middlewares\CsrfGuard\CsrfGuard->call()
#16 /home/latihtal/public_html/agregator1/src/framework/Slim.php(1308): Slim\Middleware\PrettyExceptions->call()
#17 /home/latihtal/public_html/agregator1/index.php(6): Slim\Slim->run()
#18 {main} [] []
[2025-03-21 12:38:18] SlimMonoLogger.INFO: Cron ran at: 21-03-2025 12:38:18 PM [] []
[2025-03-21 12:40:38] SlimMonoLogger.INFO: Cron ran at: 21-03-2025 12:40:38 PM [] []
[2025-03-21 12:45:40] SlimMonoLogger.INFO: Cron ran at: 21-03-2025 12:45:40 PM [] []
[2025-03-21 12:50:32] SlimMonoLogger.INFO: Cron ran at: 21-03-2025 12:50:32 PM [] []
[2025-03-21 12:55:33] SlimMonoLogger.INFO: Cron ran at: 21-03-2025 12:55:33 PM [] []
[2025-03-21 13:00:40] SlimMonoLogger.INFO: Cron ran at: 21-03-2025 01:00:40 PM [] []
[2025-03-21 13:05:36] SlimMonoLogger.INFO: Cron ran at: 21-03-2025 01:05:36 PM [] []
[2025-03-21 13:10:32] SlimMonoLogger.INFO: Cron ran at: 21-03-2025 01:10:32 PM [] []
[2025-03-21 13:15:28] SlimMonoLogger.INFO: Cron ran at: 21-03-2025 01:15:28 PM [] []
[2025-03-21 13:20:32] SlimMonoLogger.INFO: Cron ran at: 21-03-2025 01:20:32 PM [] []
[2025-03-21 13:25:39] SlimMonoLogger.INFO: Cron ran at: 21-03-2025 01:25:39 PM [] []
[2025-03-21 13:30:32] SlimMonoLogger.INFO: Cron ran at: 21-03-2025 01:30:32 PM [] []
[2025-03-21 13:35:29] SlimMonoLogger.INFO: Cron ran at: 21-03-2025 01:35:29 PM [] []
[2025-03-21 13:40:34] SlimMonoLogger.INFO: Cron ran at: 21-03-2025 01:40:34 PM [] []
[2025-03-21 13:45:35] SlimMonoLogger.INFO: Cron ran at: 21-03-2025 01:45:35 PM [] []
[2025-03-21 13:50:33] SlimMonoLogger.INFO: Cron ran at: 21-03-2025 01:50:33 PM [] []
[2025-03-21 13:55:29] SlimMonoLogger.INFO: Cron ran at: 21-03-2025 01:55:29 PM [] []
[2025-03-21 14:00:33] SlimMonoLogger.INFO: Cron ran at: 21-03-2025 02:00:33 PM [] []
[2025-03-21 14:05:29] SlimMonoLogger.INFO: Cron ran at: 21-03-2025 02:05:29 PM [] []
[2025-03-21 14:10:35] SlimMonoLogger.INFO: Cron ran at: 21-03-2025 02:10:35 PM [] []
[2025-03-21 14:15:29] SlimMonoLogger.INFO: Cron ran at: 21-03-2025 02:15:29 PM [] []
[2025-03-21 14:20:31] SlimMonoLogger.INFO: Cron ran at: 21-03-2025 02:20:31 PM [] []
[2025-03-21 14:25:27] SlimMonoLogger.INFO: Cron ran at: 21-03-2025 02:25:27 PM [] []
[2025-03-21 14:30:39] SlimMonoLogger.INFO: Cron ran at: 21-03-2025 02:30:39 PM [] []
[2025-03-21 14:35:34] SlimMonoLogger.INFO: Cron ran at: 21-03-2025 02:35:34 PM [] []
[2025-03-21 14:40:35] SlimMonoLogger.INFO: Cron ran at: 21-03-2025 02:40:35 PM [] []
[2025-03-21 14:45:32] SlimMonoLogger.INFO: Cron ran at: 21-03-2025 02:45:32 PM [] []
[2025-03-21 14:50:29] SlimMonoLogger.INFO: Cron ran at: 21-03-2025 02:50:29 PM [] []
[2025-03-21 14:55:29] SlimMonoLogger.INFO: Cron ran at: 21-03-2025 02:55:29 PM [] []
[2025-03-21 15:00:38] SlimMonoLogger.INFO: Cron ran at: 21-03-2025 03:00:38 PM [] []
[2025-03-21 15:05:36] SlimMonoLogger.INFO: Cron ran at: 21-03-2025 03:05:36 PM [] []
[2025-03-21 15:10:35] SlimMonoLogger.INFO: Cron ran at: 21-03-2025 03:10:35 PM [] []
[2025-03-21 15:15:36] SlimMonoLogger.INFO: Cron ran at: 21-03-2025 03:15:36 PM [] []
[2025-03-21 15:20:44] SlimMonoLogger.INFO: Cron ran at: 21-03-2025 03:20:44 PM [] []
[2025-03-21 15:25:34] SlimMonoLogger.INFO: Cron ran at: 21-03-2025 03:25:34 PM [] []
[2025-03-21 15:30:35] SlimMonoLogger.INFO: Cron ran at: 21-03-2025 03:30:35 PM [] []
[2025-03-21 15:35:29] SlimMonoLogger.INFO: Cron ran at: 21-03-2025 03:35:29 PM [] []
[2025-03-21 15:40:27] SlimMonoLogger.INFO: Cron ran at: 21-03-2025 03:40:27 PM [] []
[2025-03-21 15:45:29] SlimMonoLogger.INFO: Cron ran at: 21-03-2025 03:45:29 PM [] []
[2025-03-21 15:50:30] SlimMonoLogger.INFO: Cron ran at: 21-03-2025 03:50:30 PM [] []
[2025-03-21 15:55:32] SlimMonoLogger.INFO: Cron ran at: 21-03-2025 03:55:32 PM [] []
[2025-03-21 16:00:43] SlimMonoLogger.INFO: Cron ran at: 21-03-2025 04:00:43 PM [] []
[2025-03-21 16:05:34] SlimMonoLogger.INFO: Cron ran at: 21-03-2025 04:05:34 PM [] []
[2025-03-21 16:10:36] SlimMonoLogger.INFO: Cron ran at: 21-03-2025 04:10:36 PM [] []
[2025-03-21 16:15:35] SlimMonoLogger.INFO: Cron ran at: 21-03-2025 04:15:35 PM [] []
[2025-03-21 16:20:33] SlimMonoLogger.INFO: Cron ran at: 21-03-2025 04:20:33 PM [] []
[2025-03-21 16:25:32] SlimMonoLogger.INFO: Cron ran at: 21-03-2025 04:25:32 PM [] []
[2025-03-21 16:30:32] SlimMonoLogger.INFO: Cron ran at: 21-03-2025 04:30:32 PM [] []
[2025-03-21 16:35:36] SlimMonoLogger.INFO: Cron ran at: 21-03-2025 04:35:36 PM [] []
[2025-03-21 16:40:32] SlimMonoLogger.INFO: Cron ran at: 21-03-2025 04:40:32 PM [] []
[2025-03-21 16:45:33] SlimMonoLogger.INFO: Cron ran at: 21-03-2025 04:45:33 PM [] []
[2025-03-21 16:50:30] SlimMonoLogger.INFO: Cron ran at: 21-03-2025 04:50:30 PM [] []
[2025-03-21 16:55:38] SlimMonoLogger.INFO: Cron ran at: 21-03-2025 04:55:38 PM [] []
[2025-03-21 17:00:31] SlimMonoLogger.INFO: Cron ran at: 21-03-2025 05:00:31 PM [] []
[2025-03-21 17:05:30] SlimMonoLogger.INFO: Cron ran at: 21-03-2025 05:05:30 PM [] []
[2025-03-21 17:10:32] SlimMonoLogger.INFO: Cron ran at: 21-03-2025 05:10:32 PM [] []
[2025-03-21 17:15:33] SlimMonoLogger.INFO: Cron ran at: 21-03-2025 05:15:33 PM [] []
[2025-03-21 17:20:30] SlimMonoLogger.INFO: Cron ran at: 21-03-2025 05:20:30 PM [] []
[2025-03-21 17:25:36] SlimMonoLogger.INFO: Cron ran at: 21-03-2025 05:25:36 PM [] []
[2025-03-21 17:30:33] SlimMonoLogger.INFO: Cron ran at: 21-03-2025 05:30:33 PM [] []
[2025-03-21 17:35:37] SlimMonoLogger.INFO: Cron ran at: 21-03-2025 05:35:37 PM [] []
[2025-03-21 17:40:31] SlimMonoLogger.INFO: Cron ran at: 21-03-2025 05:40:31 PM [] []
[2025-03-21 17:45:27] SlimMonoLogger.INFO: Cron ran at: 21-03-2025 05:45:27 PM [] []
[2025-03-21 17:50:35] SlimMonoLogger.INFO: Cron ran at: 21-03-2025 05:50:35 PM [] []
[2025-03-21 17:55:30] SlimMonoLogger.INFO: Cron ran at: 21-03-2025 05:55:30 PM [] []
[2025-03-21 18:00:36] SlimMonoLogger.INFO: Cron ran at: 21-03-2025 06:00:36 PM [] []
[2025-03-21 18:05:23] SlimMonoLogger.INFO: Cron ran at: 21-03-2025 06:05:23 PM [] []
[2025-03-21 18:10:32] SlimMonoLogger.INFO: Cron ran at: 21-03-2025 06:10:32 PM [] []
[2025-03-21 18:15:33] SlimMonoLogger.INFO: Cron ran at: 21-03-2025 06:15:33 PM [] []
[2025-03-21 18:20:29] SlimMonoLogger.INFO: Cron ran at: 21-03-2025 06:20:29 PM [] []
[2025-03-21 18:25:27] SlimMonoLogger.INFO: Cron ran at: 21-03-2025 06:25:27 PM [] []
[2025-03-21 18:30:36] SlimMonoLogger.INFO: Cron ran at: 21-03-2025 06:30:36 PM [] []
[2025-03-21 18:35:29] SlimMonoLogger.INFO: Cron ran at: 21-03-2025 06:35:29 PM [] []
[2025-03-21 18:40:28] SlimMonoLogger.INFO: Cron ran at: 21-03-2025 06:40:28 PM [] []
[2025-03-21 18:45:36] SlimMonoLogger.INFO: Cron ran at: 21-03-2025 06:45:36 PM [] []
[2025-03-21 18:50:26] SlimMonoLogger.INFO: Cron ran at: 21-03-2025 06:50:26 PM [] []
[2025-03-21 18:55:24] SlimMonoLogger.INFO: Cron ran at: 21-03-2025 06:55:24 PM [] []
[2025-03-21 19:00:32] SlimMonoLogger.INFO: Cron ran at: 21-03-2025 07:00:32 PM [] []
[2025-03-21 19:05:27] SlimMonoLogger.INFO: Cron ran at: 21-03-2025 07:05:27 PM [] []
[2025-03-21 19:10:30] SlimMonoLogger.INFO: Cron ran at: 21-03-2025 07:10:30 PM [] []
[2025-03-21 19:15:29] SlimMonoLogger.INFO: Cron ran at: 21-03-2025 07:15:29 PM [] []
[2025-03-21 19:20:42] SlimMonoLogger.INFO: Cron ran at: 21-03-2025 07:20:42 PM [] []
[2025-03-21 19:25:35] SlimMonoLogger.INFO: Cron ran at: 21-03-2025 07:25:35 PM [] []
[2025-03-21 19:30:39] SlimMonoLogger.INFO: Cron ran at: 21-03-2025 07:30:39 PM [] []
[2025-03-21 19:35:34] SlimMonoLogger.INFO: Cron ran at: 21-03-2025 07:35:34 PM [] []
[2025-03-21 19:40:29] SlimMonoLogger.INFO: Cron ran at: 21-03-2025 07:40:29 PM [] []
[2025-03-21 19:45:38] SlimMonoLogger.INFO: Cron ran at: 21-03-2025 07:45:38 PM [] []
[2025-03-21 19:50:33] SlimMonoLogger.INFO: Cron ran at: 21-03-2025 07:50:33 PM [] []
[2025-03-21 19:55:48] SlimMonoLogger.INFO: Cron ran at: 21-03-2025 07:55:48 PM [] []
[2025-03-21 20:00:39] SlimMonoLogger.INFO: Cron ran at: 21-03-2025 08:00:39 PM [] []
[2025-03-21 20:05:37] SlimMonoLogger.INFO: Cron ran at: 21-03-2025 08:05:37 PM [] []
[2025-03-21 20:10:27] SlimMonoLogger.INFO: Cron ran at: 21-03-2025 08:10:27 PM [] []
[2025-03-21 20:15:29] SlimMonoLogger.INFO: Cron ran at: 21-03-2025 08:15:29 PM [] []
[2025-03-21 20:20:29] SlimMonoLogger.INFO: Cron ran at: 21-03-2025 08:20:29 PM [] []
[2025-03-21 20:25:36] SlimMonoLogger.INFO: Cron ran at: 21-03-2025 08:25:36 PM [] []
[2025-03-21 20:30:32] SlimMonoLogger.INFO: Cron ran at: 21-03-2025 08:30:32 PM [] []
[2025-03-21 20:35:33] SlimMonoLogger.INFO: Cron ran at: 21-03-2025 08:35:33 PM [] []
[2025-03-21 20:40:38] SlimMonoLogger.INFO: Cron ran at: 21-03-2025 08:40:38 PM [] []
[2025-03-21 20:45:30] SlimMonoLogger.INFO: Cron ran at: 21-03-2025 08:45:30 PM [] []
[2025-03-21 20:50:32] SlimMonoLogger.INFO: Cron ran at: 21-03-2025 08:50:32 PM [] []
[2025-03-21 20:55:34] SlimMonoLogger.INFO: Cron ran at: 21-03-2025 08:55:34 PM [] []
[2025-03-21 21:00:33] SlimMonoLogger.INFO: Cron ran at: 21-03-2025 09:00:33 PM [] []
[2025-03-21 21:05:51] SlimMonoLogger.INFO: Cron ran at: 21-03-2025 09:05:51 PM [] []
[2025-03-21 21:10:31] SlimMonoLogger.INFO: Cron ran at: 21-03-2025 09:10:31 PM [] []
[2025-03-21 21:15:26] SlimMonoLogger.INFO: Cron ran at: 21-03-2025 09:15:26 PM [] []
[2025-03-21 21:20:30] SlimMonoLogger.INFO: Cron ran at: 21-03-2025 09:20:30 PM [] []
[2025-03-21 21:25:25] SlimMonoLogger.INFO: Cron ran at: 21-03-2025 09:25:25 PM [] []
[2025-03-21 21:30:31] SlimMonoLogger.INFO: Cron ran at: 21-03-2025 09:30:31 PM [] []
[2025-03-21 21:35:29] SlimMonoLogger.INFO: Cron ran at: 21-03-2025 09:35:29 PM [] []
[2025-03-21 21:40:29] SlimMonoLogger.INFO: Cron ran at: 21-03-2025 09:40:29 PM [] []
[2025-03-21 21:45:28] SlimMonoLogger.INFO: Cron ran at: 21-03-2025 09:45:28 PM [] []
[2025-03-21 21:50:29] SlimMonoLogger.INFO: Cron ran at: 21-03-2025 09:50:29 PM [] []
[2025-03-21 21:55:26] SlimMonoLogger.INFO: Cron ran at: 21-03-2025 09:55:26 PM [] []
[2025-03-21 22:00:30] SlimMonoLogger.INFO: Cron ran at: 21-03-2025 10:00:30 PM [] []
[2025-03-21 22:05:29] SlimMonoLogger.INFO: Cron ran at: 21-03-2025 10:05:29 PM [] []
[2025-03-21 22:10:26] SlimMonoLogger.INFO: Cron ran at: 21-03-2025 10:10:26 PM [] []
[2025-03-21 22:15:26] SlimMonoLogger.INFO: Cron ran at: 21-03-2025 10:15:26 PM [] []
[2025-03-21 22:20:27] SlimMonoLogger.INFO: Cron ran at: 21-03-2025 10:20:27 PM [] []
[2025-03-21 22:25:30] SlimMonoLogger.INFO: Cron ran at: 21-03-2025 10:25:30 PM [] []
[2025-03-21 22:30:32] SlimMonoLogger.INFO: Cron ran at: 21-03-2025 10:30:32 PM [] []
[2025-03-21 22:35:25] SlimMonoLogger.INFO: Cron ran at: 21-03-2025 10:35:25 PM [] []
[2025-03-21 22:40:28] SlimMonoLogger.INFO: Cron ran at: 21-03-2025 10:40:28 PM [] []
[2025-03-21 22:45:30] SlimMonoLogger.INFO: Cron ran at: 21-03-2025 10:45:30 PM [] []
[2025-03-21 22:50:30] SlimMonoLogger.INFO: Cron ran at: 21-03-2025 10:50:30 PM [] []
[2025-03-21 22:55:29] SlimMonoLogger.INFO: Cron ran at: 21-03-2025 10:55:29 PM [] []
[2025-03-21 23:00:33] SlimMonoLogger.INFO: Cron ran at: 21-03-2025 11:00:33 PM [] []
[2025-03-21 23:05:32] SlimMonoLogger.INFO: Cron ran at: 21-03-2025 11:05:32 PM [] []
[2025-03-21 23:10:29] SlimMonoLogger.INFO: Cron ran at: 21-03-2025 11:10:29 PM [] []
[2025-03-21 23:15:29] SlimMonoLogger.INFO: Cron ran at: 21-03-2025 11:15:29 PM [] []
[2025-03-21 23:20:32] SlimMonoLogger.INFO: Cron ran at: 21-03-2025 11:20:32 PM [] []
[2025-03-21 23:25:39] SlimMonoLogger.INFO: Cron ran at: 21-03-2025 11:25:39 PM [] []
[2025-03-21 23:30:33] SlimMonoLogger.INFO: Cron ran at: 21-03-2025 11:30:33 PM [] []
[2025-03-21 23:35:30] SlimMonoLogger.INFO: Cron ran at: 21-03-2025 11:35:30 PM [] []
[2025-03-21 23:40:30] SlimMonoLogger.INFO: Cron ran at: 21-03-2025 11:40:30 PM [] []
[2025-03-21 23:45:35] SlimMonoLogger.INFO: Cron ran at: 21-03-2025 11:45:35 PM [] []
[2025-03-21 23:50:30] SlimMonoLogger.INFO: Cron ran at: 21-03-2025 11:50:30 PM [] []
[2025-03-21 23:55:27] SlimMonoLogger.INFO: Cron ran at: 21-03-2025 11:55:27 PM [] []
[2025-03-22 00:00:31] SlimMonoLogger.INFO: Cron ran at: 22-03-2025 12:00:31 AM [] []
[2025-03-22 00:05:28] SlimMonoLogger.INFO: Cron ran at: 22-03-2025 12:05:28 AM [] []
[2025-03-22 00:10:27] SlimMonoLogger.INFO: Cron ran at: 22-03-2025 12:10:27 AM [] []
[2025-03-22 00:15:29] SlimMonoLogger.INFO: Cron ran at: 22-03-2025 12:15:29 AM [] []
[2025-03-22 00:20:24] SlimMonoLogger.INFO: Cron ran at: 22-03-2025 12:20:24 AM [] []
[2025-03-22 00:25:28] SlimMonoLogger.INFO: Cron ran at: 22-03-2025 12:25:28 AM [] []
[2025-03-22 00:30:27] SlimMonoLogger.INFO: Cron ran at: 22-03-2025 12:30:27 AM [] []
[2025-03-22 00:35:29] SlimMonoLogger.INFO: Cron ran at: 22-03-2025 12:35:29 AM [] []
[2025-03-22 00:40:33] SlimMonoLogger.INFO: Cron ran at: 22-03-2025 12:40:33 AM [] []
[2025-03-22 00:45:34] SlimMonoLogger.INFO: Cron ran at: 22-03-2025 12:45:34 AM [] []
[2025-03-22 00:50:33] SlimMonoLogger.INFO: Cron ran at: 22-03-2025 12:50:33 AM [] []
[2025-03-22 00:55:27] SlimMonoLogger.INFO: Cron ran at: 22-03-2025 12:55:27 AM [] []
