[2026-01-21 01:01:33] SlimMonoLogger.INFO: Cron ran at: 21-01-2026 01:01:33 AM [] []
[2026-01-21 01:06:13] SlimMonoLogger.INFO: Cron ran at: 21-01-2026 01:06:13 AM [] []
[2026-01-21 01:11:17] SlimMonoLogger.INFO: Cron ran at: 21-01-2026 01:11:17 AM [] []
[2026-01-21 01:16:18] SlimMonoLogger.INFO: Cron ran at: 21-01-2026 01:16:18 AM [] []
[2026-01-21 01:21:14] SlimMonoLogger.INFO: Cron ran at: 21-01-2026 01:21:14 AM [] []
[2026-01-21 01:26:16] SlimMonoLogger.INFO: Cron ran at: 21-01-2026 01:26:16 AM [] []
[2026-01-21 01:31:22] SlimMonoLogger.INFO: Cron ran at: 21-01-2026 01:31:22 AM [] []
[2026-01-21 01:36:11] SlimMonoLogger.INFO: Cron ran at: 21-01-2026 01:36:11 AM [] []
[2026-01-21 01:41:25] SlimMonoLogger.INFO: Cron ran at: 21-01-2026 01:41:25 AM [] []
[2026-01-21 01:46:29] SlimMonoLogger.INFO: Cron ran at: 21-01-2026 01:46:29 AM [] []
[2026-01-21 01:51:25] SlimMonoLogger.INFO: Cron ran at: 21-01-2026 01:51:25 AM [] []
[2026-01-21 01:56:19] SlimMonoLogger.INFO: Cron ran at: 21-01-2026 01:56:19 AM [] []
[2026-01-21 02:01:23] SlimMonoLogger.INFO: Cron ran at: 21-01-2026 02:01:23 AM [] []
[2026-01-21 02:06:18] SlimMonoLogger.INFO: Cron ran at: 21-01-2026 02:06:18 AM [] []
[2026-01-21 02:11:15] SlimMonoLogger.INFO: Cron ran at: 21-01-2026 02:11:15 AM [] []
[2026-01-21 02:16:19] SlimMonoLogger.INFO: Cron ran at: 21-01-2026 02:16:19 AM [] []
[2026-01-21 02:21:20] SlimMonoLogger.INFO: Cron ran at: 21-01-2026 02:21:20 AM [] []
[2026-01-21 02:26:19] SlimMonoLogger.INFO: Cron ran at: 21-01-2026 02:26:19 AM [] []
[2026-01-21 02:31:17] SlimMonoLogger.INFO: Cron ran at: 21-01-2026 02:31:17 AM [] []
[2026-01-21 02:36:14] SlimMonoLogger.INFO: Cron ran at: 21-01-2026 02:36:14 AM [] []
[2026-01-21 02:41:26] SlimMonoLogger.INFO: Cron ran at: 21-01-2026 02:41:26 AM [] []
[2026-01-21 02:46:21] SlimMonoLogger.INFO: Cron ran at: 21-01-2026 02:46:21 AM [] []
[2026-01-21 02:51:16] SlimMonoLogger.INFO: Cron ran at: 21-01-2026 02:51:16 AM [] []
[2026-01-21 02:56:18] SlimMonoLogger.INFO: Cron ran at: 21-01-2026 02:56:18 AM [] []
[2026-01-21 03:01:21] SlimMonoLogger.INFO: Cron ran at: 21-01-2026 03:01:21 AM [] []
[2026-01-21 03:06:17] SlimMonoLogger.INFO: Cron ran at: 21-01-2026 03:06:17 AM [] []
[2026-01-21 03:11:20] SlimMonoLogger.INFO: Cron ran at: 21-01-2026 03:11:20 AM [] []
[2026-01-21 03:16:29] SlimMonoLogger.INFO: Cron ran at: 21-01-2026 03:16:29 AM [] []
[2026-01-21 03:21:23] SlimMonoLogger.INFO: Cron ran at: 21-01-2026 03:21:23 AM [] []
[2026-01-21 03:26:20] SlimMonoLogger.INFO: Cron ran at: 21-01-2026 03:26:20 AM [] []
[2026-01-21 03:31:19] SlimMonoLogger.INFO: Cron ran at: 21-01-2026 03:31:19 AM [] []
[2026-01-21 03:36:11] SlimMonoLogger.INFO: Cron ran at: 21-01-2026 03:36:11 AM [] []
[2026-01-21 03:41:25] SlimMonoLogger.INFO: Cron ran at: 21-01-2026 03:41:25 AM [] []
[2026-01-21 03:46:23] SlimMonoLogger.INFO: Cron ran at: 21-01-2026 03:46:23 AM [] []
[2026-01-21 03:51:14] SlimMonoLogger.INFO: Cron ran at: 21-01-2026 03:51:14 AM [] []
[2026-01-21 03:56:10] SlimMonoLogger.INFO: Cron ran at: 21-01-2026 03:56:10 AM [] []
[2026-01-21 04:01:23] SlimMonoLogger.INFO: Cron ran at: 21-01-2026 04:01:23 AM [] []
[2026-01-21 04:06:11] SlimMonoLogger.INFO: Cron ran at: 21-01-2026 04:06:11 AM [] []
[2026-01-21 04:11:17] SlimMonoLogger.INFO: Cron ran at: 21-01-2026 04:11:17 AM [] []
[2026-01-21 04:16:23] SlimMonoLogger.INFO: Cron ran at: 21-01-2026 04:16:23 AM [] []
[2026-01-21 04:21:20] SlimMonoLogger.INFO: Cron ran at: 21-01-2026 04:21:20 AM [] []
[2026-01-21 04:26:30] SlimMonoLogger.INFO: Cron ran at: 21-01-2026 04:26:30 AM [] []
[2026-01-21 04:31:20] SlimMonoLogger.INFO: Cron ran at: 21-01-2026 04:31:20 AM [] []
[2026-01-21 04:36:09] SlimMonoLogger.INFO: Cron ran at: 21-01-2026 04:36:09 AM [] []
[2026-01-21 04:41:21] SlimMonoLogger.INFO: Cron ran at: 21-01-2026 04:41:21 AM [] []
[2026-01-21 04:46:15] SlimMonoLogger.INFO: Cron ran at: 21-01-2026 04:46:15 AM [] []
[2026-01-21 04:51:12] SlimMonoLogger.INFO: Cron ran at: 21-01-2026 04:51:12 AM [] []
[2026-01-21 04:56:11] SlimMonoLogger.INFO: Cron ran at: 21-01-2026 04:56:11 AM [] []
[2026-01-21 05:01:15] SlimMonoLogger.INFO: Cron ran at: 21-01-2026 05:01:15 AM [] []
[2026-01-21 05:06:18] SlimMonoLogger.INFO: Cron ran at: 21-01-2026 05:06:18 AM [] []
[2026-01-21 05:11:14] SlimMonoLogger.INFO: Cron ran at: 21-01-2026 05:11:14 AM [] []
[2026-01-21 05:16:17] SlimMonoLogger.INFO: Cron ran at: 21-01-2026 05:16:17 AM [] []
[2026-01-21 05:21:13] SlimMonoLogger.INFO: Cron ran at: 21-01-2026 05:21:13 AM [] []
[2026-01-21 05:26:16] SlimMonoLogger.INFO: Cron ran at: 21-01-2026 05:26:16 AM [] []
[2026-01-21 05:31:10] SlimMonoLogger.INFO: Cron ran at: 21-01-2026 05:31:10 AM [] []
[2026-01-21 05:36:07] SlimMonoLogger.INFO: Cron ran at: 21-01-2026 05:36:07 AM [] []
[2026-01-21 05:41:12] SlimMonoLogger.INFO: Cron ran at: 21-01-2026 05:41:12 AM [] []
[2026-01-21 05:46:12] SlimMonoLogger.INFO: Cron ran at: 21-01-2026 05:46:12 AM [] []
[2026-01-21 05:51:18] SlimMonoLogger.INFO: Cron ran at: 21-01-2026 05:51:18 AM [] []
[2026-01-21 05:56:19] SlimMonoLogger.INFO: Cron ran at: 21-01-2026 05:56:19 AM [] []
[2026-01-21 06:01:34] SlimMonoLogger.INFO: Cron ran at: 21-01-2026 06:01:34 AM [] []
[2026-01-21 06:06:15] SlimMonoLogger.INFO: Cron ran at: 21-01-2026 06:06:15 AM [] []
[2026-01-21 06:11:15] SlimMonoLogger.INFO: Cron ran at: 21-01-2026 06:11:15 AM [] []
[2026-01-21 06:16:13] SlimMonoLogger.INFO: Cron ran at: 21-01-2026 06:16:13 AM [] []
[2026-01-21 06:21:19] SlimMonoLogger.INFO: Cron ran at: 21-01-2026 06:21:19 AM [] []
[2026-01-21 06:26:18] SlimMonoLogger.INFO: Cron ran at: 21-01-2026 06:26:18 AM [] []
[2026-01-21 06:31:25] SlimMonoLogger.INFO: Cron ran at: 21-01-2026 06:31:25 AM [] []
[2026-01-21 06:36:15] SlimMonoLogger.INFO: Cron ran at: 21-01-2026 06:36:15 AM [] []
[2026-01-21 06:41:22] SlimMonoLogger.INFO: Cron ran at: 21-01-2026 06:41:22 AM [] []
[2026-01-21 06:46:25] SlimMonoLogger.INFO: Cron ran at: 21-01-2026 06:46:25 AM [] []
[2026-01-21 06:51:26] SlimMonoLogger.INFO: Cron ran at: 21-01-2026 06:51:26 AM [] []
[2026-01-21 06:56:21] SlimMonoLogger.INFO: Cron ran at: 21-01-2026 06:56:21 AM [] []
[2026-01-21 07:01:30] SlimMonoLogger.INFO: Cron ran at: 21-01-2026 07:01:30 AM [] []
[2026-01-21 07:06:18] SlimMonoLogger.INFO: Cron ran at: 21-01-2026 07:06:18 AM [] []
[2026-01-21 07:11:15] SlimMonoLogger.INFO: Cron ran at: 21-01-2026 07:11:15 AM [] []
[2026-01-21 07:16:17] SlimMonoLogger.INFO: Cron ran at: 21-01-2026 07:16:17 AM [] []
[2026-01-21 07:21:11] SlimMonoLogger.INFO: Cron ran at: 21-01-2026 07:21:11 AM [] []
[2026-01-21 07:26:18] SlimMonoLogger.INFO: Cron ran at: 21-01-2026 07:26:18 AM [] []
[2026-01-21 07:31:27] SlimMonoLogger.INFO: Cron ran at: 21-01-2026 07:31:27 AM [] []
[2026-01-21 07:36:21] SlimMonoLogger.INFO: Cron ran at: 21-01-2026 07:36:21 AM [] []
[2026-01-21 07:41:25] SlimMonoLogger.INFO: Cron ran at: 21-01-2026 07:41:25 AM [] []
[2026-01-21 07:46:20] SlimMonoLogger.INFO: Cron ran at: 21-01-2026 07:46:20 AM [] []
[2026-01-21 07:51:14] SlimMonoLogger.INFO: Cron ran at: 21-01-2026 07:51:14 AM [] []
[2026-01-21 07:56:18] SlimMonoLogger.INFO: Cron ran at: 21-01-2026 07:56:18 AM [] []
[2026-01-21 08:01:16] SlimMonoLogger.INFO: Cron ran at: 21-01-2026 08:01:16 AM [] []
[2026-01-21 08:06:15] SlimMonoLogger.INFO: Cron ran at: 21-01-2026 08:06:15 AM [] []
[2026-01-21 08:11:13] SlimMonoLogger.INFO: Cron ran at: 21-01-2026 08:11:13 AM [] []
[2026-01-21 08:16:19] SlimMonoLogger.INFO: Cron ran at: 21-01-2026 08:16:19 AM [] []
[2026-01-21 08:21:09] SlimMonoLogger.INFO: Cron ran at: 21-01-2026 08:21:09 AM [] []
[2026-01-21 08:26:09] SlimMonoLogger.INFO: Cron ran at: 21-01-2026 08:26:09 AM [] []
[2026-01-21 08:31:09] SlimMonoLogger.INFO: Cron ran at: 21-01-2026 08:31:09 AM [] []
[2026-01-21 08:36:15] SlimMonoLogger.INFO: Cron ran at: 21-01-2026 08:36:15 AM [] []
[2026-01-21 08:46:20] SlimMonoLogger.INFO: Cron ran at: 21-01-2026 08:46:20 AM [] []
[2026-01-21 08:51:12] SlimMonoLogger.INFO: Cron ran at: 21-01-2026 08:51:12 AM [] []
[2026-01-21 08:56:20] SlimMonoLogger.INFO: Cron ran at: 21-01-2026 08:56:20 AM [] []
[2026-01-21 09:07:03] SlimMonoLogger.INFO: Cron ran at: 21-01-2026 09:07:03 AM [] []
[2026-01-21 09:11:33] SlimMonoLogger.INFO: Cron ran at: 21-01-2026 09:11:33 AM [] []
[2026-01-21 09:16:32] SlimMonoLogger.INFO: Cron ran at: 21-01-2026 09:16:32 AM [] []
[2026-01-21 09:21:20] SlimMonoLogger.INFO: Cron ran at: 21-01-2026 09:21:20 AM [] []
[2026-01-21 09:26:27] SlimMonoLogger.INFO: Cron ran at: 21-01-2026 09:26:27 AM [] []
[2026-01-21 09:31:26] SlimMonoLogger.INFO: Cron ran at: 21-01-2026 09:31:26 AM [] []
[2026-01-21 09:36:20] SlimMonoLogger.INFO: Cron ran at: 21-01-2026 09:36:20 AM [] []
[2026-01-21 09:46:55] SlimMonoLogger.INFO: Cron ran at: 21-01-2026 09:46:55 AM [] []
[2026-01-21 09:51:24] SlimMonoLogger.INFO: Cron ran at: 21-01-2026 09:51:24 AM [] []
[2026-01-21 09:56:14] SlimMonoLogger.INFO: Cron ran at: 21-01-2026 09:56:14 AM [] []
[2026-01-21 10:06:34] SlimMonoLogger.INFO: Cron ran at: 21-01-2026 10:06:34 AM [] []
[2026-01-21 10:11:32] SlimMonoLogger.INFO: Cron ran at: 21-01-2026 10:11:32 AM [] []
[2026-01-21 10:16:28] SlimMonoLogger.INFO: Cron ran at: 21-01-2026 10:16:28 AM [] []
[2026-01-21 10:21:39] SlimMonoLogger.INFO: Cron ran at: 21-01-2026 10:21:39 AM [] []
[2026-01-21 10:26:29] SlimMonoLogger.INFO: Cron ran at: 21-01-2026 10:26:29 AM [] []
[2026-01-21 10:31:46] SlimMonoLogger.INFO: Cron ran at: 21-01-2026 10:31:46 AM [] []
[2026-01-21 10:36:32] SlimMonoLogger.INFO: Cron ran at: 21-01-2026 10:36:32 AM [] []
[2026-01-21 10:41:47] SlimMonoLogger.INFO: Cron ran at: 21-01-2026 10:41:47 AM [] []
[2026-01-21 10:46:39] SlimMonoLogger.INFO: Cron ran at: 21-01-2026 10:46:39 AM [] []
[2026-01-21 10:51:19] SlimMonoLogger.INFO: Cron ran at: 21-01-2026 10:51:19 AM [] []
[2026-01-21 10:56:28] SlimMonoLogger.INFO: Cron ran at: 21-01-2026 10:56:28 AM [] []
[2026-01-21 11:01:31] SlimMonoLogger.INFO: Cron ran at: 21-01-2026 11:01:31 AM [] []
[2026-01-21 11:06:18] SlimMonoLogger.INFO: Cron ran at: 21-01-2026 11:06:18 AM [] []
[2026-01-21 11:11:35] SlimMonoLogger.INFO: Cron ran at: 21-01-2026 11:11:35 AM [] []
[2026-01-21 11:16:42] SlimMonoLogger.INFO: Cron ran at: 21-01-2026 11:16:42 AM [] []
[2026-01-21 11:21:35] SlimMonoLogger.INFO: Cron ran at: 21-01-2026 11:21:35 AM [] []
[2026-01-21 11:26:25] SlimMonoLogger.INFO: Cron ran at: 21-01-2026 11:26:25 AM [] []
[2026-01-21 11:31:26] SlimMonoLogger.INFO: Cron ran at: 21-01-2026 11:31:26 AM [] []
[2026-01-21 11:36:28] SlimMonoLogger.INFO: Cron ran at: 21-01-2026 11:36:28 AM [] []
[2026-01-21 11:41:18] SlimMonoLogger.INFO: Cron ran at: 21-01-2026 11:41:18 AM [] []
[2026-01-21 11:46:25] SlimMonoLogger.INFO: Cron ran at: 21-01-2026 11:46:25 AM [] []
[2026-01-21 11:51:36] SlimMonoLogger.INFO: Cron ran at: 21-01-2026 11:51:36 AM [] []
[2026-01-21 11:56:22] SlimMonoLogger.INFO: Cron ran at: 21-01-2026 11:56:22 AM [] []
[2026-01-21 12:01:25] SlimMonoLogger.INFO: Cron ran at: 21-01-2026 12:01:25 PM [] []
[2026-01-21 12:06:22] SlimMonoLogger.INFO: Cron ran at: 21-01-2026 12:06:22 PM [] []
[2026-01-21 12:11:20] SlimMonoLogger.INFO: Cron ran at: 21-01-2026 12:11:20 PM [] []
[2026-01-21 12:16:22] SlimMonoLogger.INFO: Cron ran at: 21-01-2026 12:16:22 PM [] []
[2026-01-21 12:21:20] SlimMonoLogger.INFO: Cron ran at: 21-01-2026 12:21:20 PM [] []
[2026-01-21 12:26:24] SlimMonoLogger.INFO: Cron ran at: 21-01-2026 12:26:24 PM [] []
[2026-01-21 12:31:17] SlimMonoLogger.INFO: Cron ran at: 21-01-2026 12:31:17 PM [] []
[2026-01-21 12:36:21] SlimMonoLogger.INFO: Cron ran at: 21-01-2026 12:36:21 PM [] []
[2026-01-21 12:41:21] SlimMonoLogger.INFO: Cron ran at: 21-01-2026 12:41:21 PM [] []
[2026-01-21 12:46:42] SlimMonoLogger.INFO: Cron ran at: 21-01-2026 12:46:42 PM [] []
[2026-01-21 12:51:18] SlimMonoLogger.INFO: Cron ran at: 21-01-2026 12:51:18 PM [] []
[2026-01-21 12:56:16] SlimMonoLogger.INFO: Cron ran at: 21-01-2026 12:56:16 PM [] []
[2026-01-21 13:01:30] SlimMonoLogger.INFO: Cron ran at: 21-01-2026 01:01:30 PM [] []
[2026-01-21 13:06:21] SlimMonoLogger.INFO: Cron ran at: 21-01-2026 01:06:21 PM [] []
[2026-01-21 13:11:19] SlimMonoLogger.INFO: Cron ran at: 21-01-2026 01:11:19 PM [] []
[2026-01-21 13:16:13] SlimMonoLogger.INFO: Cron ran at: 21-01-2026 01:16:13 PM [] []
[2026-01-21 13:21:33] SlimMonoLogger.INFO: Cron ran at: 21-01-2026 01:21:33 PM [] []
[2026-01-21 13:26:28] SlimMonoLogger.INFO: Cron ran at: 21-01-2026 01:26:28 PM [] []
[2026-01-21 13:31:30] SlimMonoLogger.INFO: Cron ran at: 21-01-2026 01:31:30 PM [] []
[2026-01-21 13:36:16] SlimMonoLogger.INFO: Cron ran at: 21-01-2026 01:36:16 PM [] []
[2026-01-21 13:41:22] SlimMonoLogger.INFO: Cron ran at: 21-01-2026 01:41:22 PM [] []
[2026-01-21 13:46:27] SlimMonoLogger.INFO: Cron ran at: 21-01-2026 01:46:27 PM [] []
[2026-01-21 13:51:26] SlimMonoLogger.INFO: Cron ran at: 21-01-2026 01:51:26 PM [] []
[2026-01-21 13:56:28] SlimMonoLogger.INFO: Cron ran at: 21-01-2026 01:56:28 PM [] []
[2026-01-21 14:01:27] SlimMonoLogger.INFO: Cron ran at: 21-01-2026 02:01:27 PM [] []
[2026-01-21 14:06:26] SlimMonoLogger.INFO: Cron ran at: 21-01-2026 02:06:26 PM [] []
[2026-01-21 14:11:31] SlimMonoLogger.INFO: Cron ran at: 21-01-2026 02:11:31 PM [] []
[2026-01-21 14:16:20] SlimMonoLogger.INFO: Cron ran at: 21-01-2026 02:16:20 PM [] []
[2026-01-21 14:21:21] SlimMonoLogger.INFO: Cron ran at: 21-01-2026 02:21:21 PM [] []
[2026-01-21 14:26:19] SlimMonoLogger.INFO: Cron ran at: 21-01-2026 02:26:19 PM [] []
[2026-01-21 14:31:25] SlimMonoLogger.INFO: Cron ran at: 21-01-2026 02:31:25 PM [] []
[2026-01-21 14:36:18] SlimMonoLogger.INFO: Cron ran at: 21-01-2026 02:36:18 PM [] []
[2026-01-21 14:41:22] SlimMonoLogger.INFO: Cron ran at: 21-01-2026 02:41:22 PM [] []
[2026-01-21 14:46:28] SlimMonoLogger.INFO: Cron ran at: 21-01-2026 02:46:28 PM [] []
[2026-01-21 14:51:35] SlimMonoLogger.INFO: Cron ran at: 21-01-2026 02:51:35 PM [] []
[2026-01-21 14:56:26] SlimMonoLogger.INFO: Cron ran at: 21-01-2026 02:56:26 PM [] []
[2026-01-21 15:01:21] SlimMonoLogger.INFO: Cron ran at: 21-01-2026 03:01:21 PM [] []
[2026-01-21 15:06:20] SlimMonoLogger.INFO: Cron ran at: 21-01-2026 03:06:20 PM [] []
[2026-01-21 15:11:23] SlimMonoLogger.INFO: Cron ran at: 21-01-2026 03:11:23 PM [] []
[2026-01-21 15:16:21] SlimMonoLogger.INFO: Cron ran at: 21-01-2026 03:16:21 PM [] []
[2026-01-21 15:21:18] SlimMonoLogger.INFO: Cron ran at: 21-01-2026 03:21:18 PM [] []
[2026-01-21 15:26:30] SlimMonoLogger.INFO: Cron ran at: 21-01-2026 03:26:30 PM [] []
[2026-01-21 15:31:19] SlimMonoLogger.INFO: Cron ran at: 21-01-2026 03:31:19 PM [] []
[2026-01-21 15:36:12] SlimMonoLogger.INFO: Cron ran at: 21-01-2026 03:36:12 PM [] []
[2026-01-21 15:41:16] SlimMonoLogger.INFO: Cron ran at: 21-01-2026 03:41:16 PM [] []
[2026-01-21 15:46:18] SlimMonoLogger.INFO: Cron ran at: 21-01-2026 03:46:18 PM [] []
[2026-01-21 15:51:17] SlimMonoLogger.INFO: Cron ran at: 21-01-2026 03:51:17 PM [] []
[2026-01-21 15:56:19] SlimMonoLogger.INFO: Cron ran at: 21-01-2026 03:56:19 PM [] []
[2026-01-21 16:01:29] SlimMonoLogger.INFO: Cron ran at: 21-01-2026 04:01:29 PM [] []
[2026-01-21 16:06:15] SlimMonoLogger.INFO: Cron ran at: 21-01-2026 04:06:15 PM [] []
[2026-01-21 16:11:15] SlimMonoLogger.INFO: Cron ran at: 21-01-2026 04:11:15 PM [] []
[2026-01-21 16:16:22] SlimMonoLogger.INFO: Cron ran at: 21-01-2026 04:16:22 PM [] []
[2026-01-21 16:21:22] SlimMonoLogger.INFO: Cron ran at: 21-01-2026 04:21:22 PM [] []
[2026-01-21 16:26:23] SlimMonoLogger.INFO: Cron ran at: 21-01-2026 04:26:23 PM [] []
[2026-01-21 16:31:23] SlimMonoLogger.INFO: Cron ran at: 21-01-2026 04:31:23 PM [] []
[2026-01-21 16:36:16] SlimMonoLogger.INFO: Cron ran at: 21-01-2026 04:36:16 PM [] []
[2026-01-21 16:41:18] SlimMonoLogger.INFO: Cron ran at: 21-01-2026 04:41:18 PM [] []
[2026-01-21 16:46:16] SlimMonoLogger.INFO: Cron ran at: 21-01-2026 04:46:16 PM [] []
[2026-01-21 16:51:20] SlimMonoLogger.INFO: Cron ran at: 21-01-2026 04:51:20 PM [] []
[2026-01-21 16:56:24] SlimMonoLogger.INFO: Cron ran at: 21-01-2026 04:56:24 PM [] []
[2026-01-21 17:01:20] SlimMonoLogger.INFO: Cron ran at: 21-01-2026 05:01:20 PM [] []
[2026-01-21 17:06:32] SlimMonoLogger.INFO: Cron ran at: 21-01-2026 05:06:32 PM [] []
[2026-01-21 17:11:32] SlimMonoLogger.INFO: Cron ran at: 21-01-2026 05:11:32 PM [] []
[2026-01-21 17:16:29] SlimMonoLogger.INFO: Cron ran at: 21-01-2026 05:16:29 PM [] []
[2026-01-21 17:21:15] SlimMonoLogger.INFO: Cron ran at: 21-01-2026 05:21:15 PM [] []
[2026-01-21 17:26:24] SlimMonoLogger.INFO: Cron ran at: 21-01-2026 05:26:24 PM [] []
[2026-01-21 17:31:37] SlimMonoLogger.INFO: Cron ran at: 21-01-2026 05:31:37 PM [] []
[2026-01-21 17:36:22] SlimMonoLogger.INFO: Cron ran at: 21-01-2026 05:36:22 PM [] []
[2026-01-21 17:41:33] SlimMonoLogger.INFO: Cron ran at: 21-01-2026 05:41:33 PM [] []
[2026-01-21 17:46:26] SlimMonoLogger.INFO: Cron ran at: 21-01-2026 05:46:26 PM [] []
[2026-01-21 17:51:28] SlimMonoLogger.INFO: Cron ran at: 21-01-2026 05:51:28 PM [] []
[2026-01-21 17:56:22] SlimMonoLogger.INFO: Cron ran at: 21-01-2026 05:56:22 PM [] []
[2026-01-21 18:01:28] SlimMonoLogger.INFO: Cron ran at: 21-01-2026 06:01:28 PM [] []
[2026-01-21 18:06:20] SlimMonoLogger.INFO: Cron ran at: 21-01-2026 06:06:20 PM [] []
[2026-01-21 18:11:18] SlimMonoLogger.INFO: Cron ran at: 21-01-2026 06:11:18 PM [] []
[2026-01-21 18:16:27] SlimMonoLogger.INFO: Cron ran at: 21-01-2026 06:16:27 PM [] []
[2026-01-21 18:21:56] SlimMonoLogger.INFO: Cron ran at: 21-01-2026 06:21:56 PM [] []
[2026-01-21 18:26:26] SlimMonoLogger.INFO: Cron ran at: 21-01-2026 06:26:26 PM [] []
[2026-01-21 18:32:59] SlimMonoLogger.INFO: Cron ran at: 21-01-2026 06:32:59 PM [] []
[2026-01-21 18:36:29] SlimMonoLogger.INFO: Cron ran at: 21-01-2026 06:36:29 PM [] []
[2026-01-21 18:46:21] SlimMonoLogger.INFO: Cron ran at: 21-01-2026 06:46:21 PM [] []
[2026-01-21 18:49:05] SlimMonoLogger.ERROR: Requests_Exception: cURL error 28: Operation timed out after 500000 milliseconds with 16157 bytes received in /home/latihtal/public_html/agregator1/src/vendor/rmccue/requests/library/Requests/Transport/cURL.php:422
Stack trace:
#0 /home/latihtal/public_html/agregator1/src/vendor/rmccue/requests/library/Requests/Transport/cURL.php(177): Requests_Transport_cURL->process_response()
#1 /home/latihtal/public_html/agregator1/src/vendor/rmccue/requests/library/Requests.php(379): Requests_Transport_cURL->request()
#2 /home/latihtal/public_html/agregator1/src/vendor/rmccue/requests/library/Requests/Session.php(205): Requests::request()
#3 /home/latihtal/public_html/agregator1/src/vendor/rmccue/requests/library/Requests/Session.php(132): Requests_Session->request()
#4 /home/latihtal/public_html/agregator1/src/drivers/Http/RssImporter.php(144): Requests_Session->get()
#5 /home/latihtal/public_html/agregator1/src/controllers/Dashboard/DashboardFeedsController.php(534): spark\drivers\Http\RssImporter->fetchPosts()
#6 /home/latihtal/public_html/agregator1/src/controllers/Site/SiteController.php(722): spark\controllers\Dashboard\DashboardFeedsController::importFeedPosts()
#7 [internal function]: spark\controllers\Site\SiteController->runTasks()
#8 /home/latihtal/public_html/agregator1/src/framework/Route.php(173): call_user_func_array()
#9 [internal function]: Slim\Route->Slim\{closure}()
#10 /home/latihtal/public_html/agregator1/src/framework/Route.php(468): call_user_func_array()
#11 /home/latihtal/public_html/agregator1/src/framework/Slim.php(1364): Slim\Route->dispatch()
#12 /home/latihtal/public_html/agregator1/src/framework/Middleware/Flash.php(85): Slim\Slim->call()
#13 /home/latihtal/public_html/agregator1/src/framework/Middleware/MethodOverride.php(92): Slim\Middleware\Flash->call()
#14 /home/latihtal/public_html/agregator1/src/middlewares/CsrfGuard/CsrfGuard.php(47): Slim\Middleware\MethodOverride->call()
#15 /home/latihtal/public_html/agregator1/src/framework/Middleware/PrettyExceptions.php(67): spark\middlewares\CsrfGuard\CsrfGuard->call()
#16 /home/latihtal/public_html/agregator1/src/framework/Slim.php(1308): Slim\Middleware\PrettyExceptions->call()
#17 /home/latihtal/public_html/agregator1/index.php(6): Slim\Slim->run()
#18 {main} [] []
[2026-01-21 18:50:01] SlimMonoLogger.INFO: Cron ran at: 21-01-2026 06:50:01 PM [] []
[2026-01-21 18:51:25] SlimMonoLogger.INFO: Cron ran at: 21-01-2026 06:51:25 PM [] []
[2026-01-21 18:56:20] SlimMonoLogger.INFO: Cron ran at: 21-01-2026 06:56:20 PM [] []
[2026-01-21 19:01:22] SlimMonoLogger.INFO: Cron ran at: 21-01-2026 07:01:22 PM [] []
[2026-01-21 19:06:18] SlimMonoLogger.INFO: Cron ran at: 21-01-2026 07:06:18 PM [] []
[2026-01-21 19:11:29] SlimMonoLogger.INFO: Cron ran at: 21-01-2026 07:11:29 PM [] []
[2026-01-21 19:16:34] SlimMonoLogger.INFO: Cron ran at: 21-01-2026 07:16:34 PM [] []
[2026-01-21 19:21:26] SlimMonoLogger.INFO: Cron ran at: 21-01-2026 07:21:26 PM [] []
[2026-01-21 19:26:45] SlimMonoLogger.INFO: Cron ran at: 21-01-2026 07:26:45 PM [] []
[2026-01-21 19:31:55] SlimMonoLogger.INFO: Cron ran at: 21-01-2026 07:31:55 PM [] []
[2026-01-21 19:36:32] SlimMonoLogger.INFO: Cron ran at: 21-01-2026 07:36:32 PM [] []
[2026-01-21 19:41:55] SlimMonoLogger.INFO: Cron ran at: 21-01-2026 07:41:55 PM [] []
[2026-01-21 19:46:34] SlimMonoLogger.INFO: Cron ran at: 21-01-2026 07:46:34 PM [] []
[2026-01-21 19:51:34] SlimMonoLogger.INFO: Cron ran at: 21-01-2026 07:51:34 PM [] []
[2026-01-21 19:56:31] SlimMonoLogger.INFO: Cron ran at: 21-01-2026 07:56:31 PM [] []
[2026-01-21 20:01:29] SlimMonoLogger.INFO: Cron ran at: 21-01-2026 08:01:29 PM [] []
[2026-01-21 20:06:32] SlimMonoLogger.INFO: Cron ran at: 21-01-2026 08:06:32 PM [] []
[2026-01-21 20:11:29] SlimMonoLogger.INFO: Cron ran at: 21-01-2026 08:11:29 PM [] []
[2026-01-21 20:16:38] SlimMonoLogger.INFO: Cron ran at: 21-01-2026 08:16:38 PM [] []
[2026-01-21 20:21:26] SlimMonoLogger.INFO: Cron ran at: 21-01-2026 08:21:26 PM [] []
[2026-01-21 20:26:32] SlimMonoLogger.INFO: Cron ran at: 21-01-2026 08:26:32 PM [] []
[2026-01-21 20:31:40] SlimMonoLogger.INFO: Cron ran at: 21-01-2026 08:31:40 PM [] []
[2026-01-21 20:36:41] SlimMonoLogger.INFO: Cron ran at: 21-01-2026 08:36:41 PM [] []
[2026-01-21 20:41:44] SlimMonoLogger.INFO: Cron ran at: 21-01-2026 08:41:44 PM [] []
[2026-01-21 20:46:32] SlimMonoLogger.INFO: Cron ran at: 21-01-2026 08:46:32 PM [] []
[2026-01-21 20:51:57] SlimMonoLogger.INFO: Cron ran at: 21-01-2026 08:51:57 PM [] []
[2026-01-21 20:56:30] SlimMonoLogger.INFO: Cron ran at: 21-01-2026 08:56:30 PM [] []
[2026-01-21 21:01:29] SlimMonoLogger.INFO: Cron ran at: 21-01-2026 09:01:29 PM [] []
[2026-01-21 21:06:21] SlimMonoLogger.INFO: Cron ran at: 21-01-2026 09:06:21 PM [] []
[2026-01-21 21:11:26] SlimMonoLogger.INFO: Cron ran at: 21-01-2026 09:11:26 PM [] []
[2026-01-21 21:16:45] SlimMonoLogger.INFO: Cron ran at: 21-01-2026 09:16:45 PM [] []
[2026-01-21 21:21:33] SlimMonoLogger.INFO: Cron ran at: 21-01-2026 09:21:33 PM [] []
[2026-01-21 21:26:25] SlimMonoLogger.INFO: Cron ran at: 21-01-2026 09:26:25 PM [] []
[2026-01-21 21:31:29] SlimMonoLogger.INFO: Cron ran at: 21-01-2026 09:31:29 PM [] []
[2026-01-21 21:36:22] SlimMonoLogger.INFO: Cron ran at: 21-01-2026 09:36:22 PM [] []
[2026-01-21 21:41:27] SlimMonoLogger.INFO: Cron ran at: 21-01-2026 09:41:27 PM [] []
[2026-01-21 21:46:24] SlimMonoLogger.INFO: Cron ran at: 21-01-2026 09:46:24 PM [] []
[2026-01-21 21:51:23] SlimMonoLogger.INFO: Cron ran at: 21-01-2026 09:51:23 PM [] []
[2026-01-21 21:56:36] SlimMonoLogger.INFO: Cron ran at: 21-01-2026 09:56:36 PM [] []
[2026-01-21 22:01:37] SlimMonoLogger.INFO: Cron ran at: 21-01-2026 10:01:37 PM [] []
[2026-01-21 22:06:29] SlimMonoLogger.INFO: Cron ran at: 21-01-2026 10:06:29 PM [] []
[2026-01-21 22:11:20] SlimMonoLogger.INFO: Cron ran at: 21-01-2026 10:11:20 PM [] []
[2026-01-21 22:16:32] SlimMonoLogger.INFO: Cron ran at: 21-01-2026 10:16:32 PM [] []
[2026-01-21 22:21:39] SlimMonoLogger.INFO: Cron ran at: 21-01-2026 10:21:39 PM [] []
[2026-01-21 22:26:29] SlimMonoLogger.INFO: Cron ran at: 21-01-2026 10:26:29 PM [] []
[2026-01-21 22:31:42] SlimMonoLogger.INFO: Cron ran at: 21-01-2026 10:31:42 PM [] []
[2026-01-21 22:36:26] SlimMonoLogger.INFO: Cron ran at: 21-01-2026 10:36:26 PM [] []
[2026-01-21 22:41:32] SlimMonoLogger.INFO: Cron ran at: 21-01-2026 10:41:32 PM [] []
[2026-01-21 22:46:24] SlimMonoLogger.INFO: Cron ran at: 21-01-2026 10:46:24 PM [] []
[2026-01-21 22:51:34] SlimMonoLogger.INFO: Cron ran at: 21-01-2026 10:51:34 PM [] []
[2026-01-21 22:56:14] SlimMonoLogger.INFO: Cron ran at: 21-01-2026 10:56:14 PM [] []
[2026-01-21 23:01:34] SlimMonoLogger.INFO: Cron ran at: 21-01-2026 11:01:34 PM [] []
[2026-01-21 23:06:34] SlimMonoLogger.INFO: Cron ran at: 21-01-2026 11:06:34 PM [] []
[2026-01-21 23:11:33] SlimMonoLogger.INFO: Cron ran at: 21-01-2026 11:11:33 PM [] []
[2026-01-21 23:16:36] SlimMonoLogger.INFO: Cron ran at: 21-01-2026 11:16:36 PM [] []
[2026-01-21 23:21:26] SlimMonoLogger.INFO: Cron ran at: 21-01-2026 11:21:26 PM [] []
[2026-01-21 23:26:36] SlimMonoLogger.INFO: Cron ran at: 21-01-2026 11:26:36 PM [] []
[2026-01-21 23:31:23] SlimMonoLogger.INFO: Cron ran at: 21-01-2026 11:31:23 PM [] []
[2026-01-21 23:36:20] SlimMonoLogger.INFO: Cron ran at: 21-01-2026 11:36:20 PM [] []
[2026-01-21 23:41:23] SlimMonoLogger.INFO: Cron ran at: 21-01-2026 11:41:23 PM [] []
[2026-01-21 23:46:18] SlimMonoLogger.INFO: Cron ran at: 21-01-2026 11:46:18 PM [] []
[2026-01-21 23:51:23] SlimMonoLogger.INFO: Cron ran at: 21-01-2026 11:51:23 PM [] []
[2026-01-21 23:56:27] SlimMonoLogger.INFO: Cron ran at: 21-01-2026 11:56:27 PM [] []
[2026-01-22 00:01:38] SlimMonoLogger.INFO: Cron ran at: 22-01-2026 12:01:38 AM [] []
[2026-01-22 00:06:26] SlimMonoLogger.INFO: Cron ran at: 22-01-2026 12:06:26 AM [] []
[2026-01-22 00:11:21] SlimMonoLogger.INFO: Cron ran at: 22-01-2026 12:11:21 AM [] []
[2026-01-22 00:16:15] SlimMonoLogger.INFO: Cron ran at: 22-01-2026 12:16:15 AM [] []
[2026-01-22 00:21:22] SlimMonoLogger.INFO: Cron ran at: 22-01-2026 12:21:22 AM [] []
[2026-01-22 00:26:13] SlimMonoLogger.INFO: Cron ran at: 22-01-2026 12:26:13 AM [] []
[2026-01-22 00:31:20] SlimMonoLogger.INFO: Cron ran at: 22-01-2026 12:31:20 AM [] []
[2026-01-22 00:36:23] SlimMonoLogger.INFO: Cron ran at: 22-01-2026 12:36:23 AM [] []
[2026-01-22 00:41:14] SlimMonoLogger.INFO: Cron ran at: 22-01-2026 12:41:14 AM [] []
[2026-01-22 00:46:17] SlimMonoLogger.INFO: Cron ran at: 22-01-2026 12:46:17 AM [] []
[2026-01-22 00:51:28] SlimMonoLogger.INFO: Cron ran at: 22-01-2026 12:51:28 AM [] []
[2026-01-22 00:56:21] SlimMonoLogger.INFO: Cron ran at: 22-01-2026 12:56:21 AM [] []
