[2026-02-22 01:01:35] SlimMonoLogger.INFO: Cron ran at: 22-02-2026 01:01:35 AM [] []
[2026-02-22 01:06:27] SlimMonoLogger.INFO: Cron ran at: 22-02-2026 01:06:27 AM [] []
[2026-02-22 01:11:23] SlimMonoLogger.INFO: Cron ran at: 22-02-2026 01:11:23 AM [] []
[2026-02-22 01:16:39] SlimMonoLogger.INFO: Cron ran at: 22-02-2026 01:16:39 AM [] []
[2026-02-22 01:21:25] SlimMonoLogger.INFO: Cron ran at: 22-02-2026 01:21:25 AM [] []
[2026-02-22 01:26:26] SlimMonoLogger.INFO: Cron ran at: 22-02-2026 01:26:26 AM [] []
[2026-02-22 01:31:36] SlimMonoLogger.INFO: Cron ran at: 22-02-2026 01:31:36 AM [] []
[2026-02-22 01:36:33] SlimMonoLogger.INFO: Cron ran at: 22-02-2026 01:36:33 AM [] []
[2026-02-22 01:41:27] SlimMonoLogger.INFO: Cron ran at: 22-02-2026 01:41:27 AM [] []
[2026-02-22 01:46:25] SlimMonoLogger.INFO: Cron ran at: 22-02-2026 01:46:25 AM [] []
[2026-02-22 01:51:27] SlimMonoLogger.INFO: Cron ran at: 22-02-2026 01:51:27 AM [] []
[2026-02-22 01:56:26] SlimMonoLogger.INFO: Cron ran at: 22-02-2026 01:56:26 AM [] []
[2026-02-22 02:01:36] SlimMonoLogger.INFO: Cron ran at: 22-02-2026 02:01:36 AM [] []
[2026-02-22 02:06:26] SlimMonoLogger.INFO: Cron ran at: 22-02-2026 02:06:26 AM [] []
[2026-02-22 02:11:32] SlimMonoLogger.INFO: Cron ran at: 22-02-2026 02:11:32 AM [] []
[2026-02-22 02:16:32] SlimMonoLogger.INFO: Cron ran at: 22-02-2026 02:16:32 AM [] []
[2026-02-22 02:21:37] SlimMonoLogger.INFO: Cron ran at: 22-02-2026 02:21:37 AM [] []
[2026-02-22 02:26:21] SlimMonoLogger.INFO: Cron ran at: 22-02-2026 02:26:21 AM [] []
[2026-02-22 02:31:25] SlimMonoLogger.INFO: Cron ran at: 22-02-2026 02:31:25 AM [] []
[2026-02-22 02:36:20] SlimMonoLogger.INFO: Cron ran at: 22-02-2026 02:36:20 AM [] []
[2026-02-22 02:41:34] SlimMonoLogger.INFO: Cron ran at: 22-02-2026 02:41:34 AM [] []
[2026-02-22 02:46:29] SlimMonoLogger.INFO: Cron ran at: 22-02-2026 02:46:29 AM [] []
[2026-02-22 02:51:23] SlimMonoLogger.INFO: Cron ran at: 22-02-2026 02:51:23 AM [] []
[2026-02-22 02:56:27] SlimMonoLogger.INFO: Cron ran at: 22-02-2026 02:56:27 AM [] []
[2026-02-22 03:01:36] SlimMonoLogger.INFO: Cron ran at: 22-02-2026 03:01:36 AM [] []
[2026-02-22 03:06:24] SlimMonoLogger.INFO: Cron ran at: 22-02-2026 03:06:24 AM [] []
[2026-02-22 03:11:23] SlimMonoLogger.INFO: Cron ran at: 22-02-2026 03:11:23 AM [] []
[2026-02-22 03:16:34] SlimMonoLogger.INFO: Cron ran at: 22-02-2026 03:16:34 AM [] []
[2026-02-22 03:21:29] SlimMonoLogger.INFO: Cron ran at: 22-02-2026 03:21:29 AM [] []
[2026-02-22 03:26:18] SlimMonoLogger.INFO: Cron ran at: 22-02-2026 03:26:18 AM [] []
[2026-02-22 03:31:33] SlimMonoLogger.INFO: Cron ran at: 22-02-2026 03:31:33 AM [] []
[2026-02-22 03:36:32] SlimMonoLogger.INFO: Cron ran at: 22-02-2026 03:36:32 AM [] []
[2026-02-22 03:41:23] SlimMonoLogger.INFO: Cron ran at: 22-02-2026 03:41:23 AM [] []
[2026-02-22 03:46:22] SlimMonoLogger.INFO: Cron ran at: 22-02-2026 03:46:22 AM [] []
[2026-02-22 03:51:21] SlimMonoLogger.INFO: Cron ran at: 22-02-2026 03:51:21 AM [] []
[2026-02-22 03:56:27] SlimMonoLogger.INFO: Cron ran at: 22-02-2026 03:56:27 AM [] []
[2026-02-22 04:01:30] SlimMonoLogger.INFO: Cron ran at: 22-02-2026 04:01:30 AM [] []
[2026-02-22 04:06:31] SlimMonoLogger.INFO: Cron ran at: 22-02-2026 04:06:31 AM [] []
[2026-02-22 04:11:31] SlimMonoLogger.INFO: Cron ran at: 22-02-2026 04:11:31 AM [] []
[2026-02-22 04:16:22] SlimMonoLogger.INFO: Cron ran at: 22-02-2026 04:16:22 AM [] []
[2026-02-22 04:21:28] SlimMonoLogger.INFO: Cron ran at: 22-02-2026 04:21:28 AM [] []
[2026-02-22 04:26:42] SlimMonoLogger.INFO: Cron ran at: 22-02-2026 04:26:42 AM [] []
[2026-02-22 04:31:33] SlimMonoLogger.INFO: Cron ran at: 22-02-2026 04:31:33 AM [] []
[2026-02-22 04:36:26] SlimMonoLogger.INFO: Cron ran at: 22-02-2026 04:36:26 AM [] []
[2026-02-22 04:41:26] SlimMonoLogger.INFO: Cron ran at: 22-02-2026 04:41:26 AM [] []
[2026-02-22 04:46:21] SlimMonoLogger.INFO: Cron ran at: 22-02-2026 04:46:21 AM [] []
[2026-02-22 04:51:27] SlimMonoLogger.INFO: Cron ran at: 22-02-2026 04:51:27 AM [] []
[2026-02-22 04:56:22] SlimMonoLogger.INFO: Cron ran at: 22-02-2026 04:56:22 AM [] []
[2026-02-22 05:01:28] SlimMonoLogger.INFO: Cron ran at: 22-02-2026 05:01:28 AM [] []
[2026-02-22 05:06:24] SlimMonoLogger.INFO: Cron ran at: 22-02-2026 05:06:24 AM [] []
[2026-02-22 05:11:35] SlimMonoLogger.INFO: Cron ran at: 22-02-2026 05:11:35 AM [] []
[2026-02-22 05:16:26] SlimMonoLogger.INFO: Cron ran at: 22-02-2026 05:16:26 AM [] []
[2026-02-22 05:21:21] SlimMonoLogger.INFO: Cron ran at: 22-02-2026 05:21:21 AM [] []
[2026-02-22 05:26:23] SlimMonoLogger.INFO: Cron ran at: 22-02-2026 05:26:23 AM [] []
[2026-02-22 05:31:28] SlimMonoLogger.INFO: Cron ran at: 22-02-2026 05:31:28 AM [] []
[2026-02-22 05:36:15] SlimMonoLogger.INFO: Cron ran at: 22-02-2026 05:36:15 AM [] []
[2026-02-22 05:41:19] SlimMonoLogger.INFO: Cron ran at: 22-02-2026 05:41:19 AM [] []
[2026-02-22 05:46:23] SlimMonoLogger.INFO: Cron ran at: 22-02-2026 05:46:23 AM [] []
[2026-02-22 05:51:29] SlimMonoLogger.INFO: Cron ran at: 22-02-2026 05:51:29 AM [] []
[2026-02-22 05:56:24] SlimMonoLogger.INFO: Cron ran at: 22-02-2026 05:56:24 AM [] []
[2026-02-22 06:01:34] SlimMonoLogger.INFO: Cron ran at: 22-02-2026 06:01:34 AM [] []
[2026-02-22 06:06:33] SlimMonoLogger.INFO: Cron ran at: 22-02-2026 06:06:33 AM [] []
[2026-02-22 06:11:56] SlimMonoLogger.INFO: Cron ran at: 22-02-2026 06:11:56 AM [] []
[2026-02-22 06:16:16] SlimMonoLogger.INFO: Cron ran at: 22-02-2026 06:16:16 AM [] []
[2026-02-22 06:21:23] SlimMonoLogger.INFO: Cron ran at: 22-02-2026 06:21:23 AM [] []
[2026-02-22 06:26:27] SlimMonoLogger.INFO: Cron ran at: 22-02-2026 06:26:27 AM [] []
[2026-02-22 06:31:26] SlimMonoLogger.INFO: Cron ran at: 22-02-2026 06:31:26 AM [] []
[2026-02-22 06:36:20] SlimMonoLogger.INFO: Cron ran at: 22-02-2026 06:36:20 AM [] []
[2026-02-22 06:41:20] SlimMonoLogger.INFO: Cron ran at: 22-02-2026 06:41:20 AM [] []
[2026-02-22 06:46:21] SlimMonoLogger.INFO: Cron ran at: 22-02-2026 06:46:21 AM [] []
[2026-02-22 06:51:15] SlimMonoLogger.INFO: Cron ran at: 22-02-2026 06:51:15 AM [] []
[2026-02-22 06:56:10] SlimMonoLogger.INFO: Cron ran at: 22-02-2026 06:56:10 AM [] []
[2026-02-22 07:01:18] SlimMonoLogger.INFO: Cron ran at: 22-02-2026 07:01:18 AM [] []
[2026-02-22 07:06:13] SlimMonoLogger.INFO: Cron ran at: 22-02-2026 07:06:13 AM [] []
[2026-02-22 07:11:24] SlimMonoLogger.INFO: Cron ran at: 22-02-2026 07:11:24 AM [] []
[2026-02-22 07:16:22] SlimMonoLogger.INFO: Cron ran at: 22-02-2026 07:16:22 AM [] []
[2026-02-22 07:21:25] SlimMonoLogger.INFO: Cron ran at: 22-02-2026 07:21:25 AM [] []
[2026-02-22 07:26:12] SlimMonoLogger.INFO: Cron ran at: 22-02-2026 07:26:12 AM [] []
[2026-02-22 07:32:26] SlimMonoLogger.INFO: Cron ran at: 22-02-2026 07:32:26 AM [] []
[2026-02-22 07:36:14] SlimMonoLogger.INFO: Cron ran at: 22-02-2026 07:36:14 AM [] []
[2026-02-22 07:41:22] SlimMonoLogger.INFO: Cron ran at: 22-02-2026 07:41:22 AM [] []
[2026-02-22 07:46:14] SlimMonoLogger.INFO: Cron ran at: 22-02-2026 07:46:14 AM [] []
[2026-02-22 07:51:19] SlimMonoLogger.INFO: Cron ran at: 22-02-2026 07:51:19 AM [] []
[2026-02-22 07:56:22] SlimMonoLogger.INFO: Cron ran at: 22-02-2026 07:56:22 AM [] []
[2026-02-22 08:01:24] SlimMonoLogger.INFO: Cron ran at: 22-02-2026 08:01:24 AM [] []
[2026-02-22 08:06:22] SlimMonoLogger.INFO: Cron ran at: 22-02-2026 08:06:22 AM [] []
[2026-02-22 08:11:28] SlimMonoLogger.INFO: Cron ran at: 22-02-2026 08:11:28 AM [] []
[2026-02-22 08:16:21] SlimMonoLogger.INFO: Cron ran at: 22-02-2026 08:16:21 AM [] []
[2026-02-22 08:21:19] SlimMonoLogger.INFO: Cron ran at: 22-02-2026 08:21:19 AM [] []
[2026-02-22 08:26:17] SlimMonoLogger.INFO: Cron ran at: 22-02-2026 08:26:17 AM [] []
[2026-02-22 08:31:19] SlimMonoLogger.INFO: Cron ran at: 22-02-2026 08:31:19 AM [] []
[2026-02-22 08:36:21] SlimMonoLogger.INFO: Cron ran at: 22-02-2026 08:36:21 AM [] []
[2026-02-22 08:46:35] SlimMonoLogger.INFO: Cron ran at: 22-02-2026 08:46:35 AM [] []
[2026-02-22 08:51:08] SlimMonoLogger.INFO: Cron ran at: 22-02-2026 08:51:08 AM [] []
[2026-02-22 08:56:13] SlimMonoLogger.INFO: Cron ran at: 22-02-2026 08:56:13 AM [] []
[2026-02-22 09:01:29] SlimMonoLogger.INFO: Cron ran at: 22-02-2026 09:01:29 AM [] []
[2026-02-22 09:06:34] SlimMonoLogger.INFO: Cron ran at: 22-02-2026 09:06:34 AM [] []
[2026-02-22 09:11:29] SlimMonoLogger.INFO: Cron ran at: 22-02-2026 09:11:29 AM [] []
[2026-02-22 09:16:29] SlimMonoLogger.INFO: Cron ran at: 22-02-2026 09:16:29 AM [] []
[2026-02-22 09:21:28] SlimMonoLogger.INFO: Cron ran at: 22-02-2026 09:21:28 AM [] []
[2026-02-22 09:26:38] SlimMonoLogger.INFO: Cron ran at: 22-02-2026 09:26:38 AM [] []
[2026-02-22 09:31:40] SlimMonoLogger.INFO: Cron ran at: 22-02-2026 09:31:40 AM [] []
[2026-02-22 09:36:30] SlimMonoLogger.INFO: Cron ran at: 22-02-2026 09:36:30 AM [] []
[2026-02-22 09:41:28] SlimMonoLogger.INFO: Cron ran at: 22-02-2026 09:41:28 AM [] []
[2026-02-22 09:46:54] SlimMonoLogger.INFO: Cron ran at: 22-02-2026 09:46:54 AM [] []
[2026-02-22 09:51:39] SlimMonoLogger.INFO: Cron ran at: 22-02-2026 09:51:39 AM [] []
[2026-02-22 09:56:33] SlimMonoLogger.INFO: Cron ran at: 22-02-2026 09:56:33 AM [] []
[2026-02-22 10:06:30] SlimMonoLogger.INFO: Cron ran at: 22-02-2026 10:06:30 AM [] []
[2026-02-22 10:11:28] SlimMonoLogger.INFO: Cron ran at: 22-02-2026 10:11:28 AM [] []
[2026-02-22 10:16:43] SlimMonoLogger.INFO: Cron ran at: 22-02-2026 10:16:43 AM [] []
[2026-02-22 10:21:34] SlimMonoLogger.INFO: Cron ran at: 22-02-2026 10:21:34 AM [] []
[2026-02-22 10:26:24] SlimMonoLogger.INFO: Cron ran at: 22-02-2026 10:26:24 AM [] []
[2026-02-22 10:31:31] SlimMonoLogger.INFO: Cron ran at: 22-02-2026 10:31:31 AM [] []
[2026-02-22 10:36:32] SlimMonoLogger.INFO: Cron ran at: 22-02-2026 10:36:32 AM [] []
[2026-02-22 10:41:38] SlimMonoLogger.INFO: Cron ran at: 22-02-2026 10:41:38 AM [] []
[2026-02-22 10:46:26] SlimMonoLogger.INFO: Cron ran at: 22-02-2026 10:46:26 AM [] []
[2026-02-22 10:51:39] SlimMonoLogger.INFO: Cron ran at: 22-02-2026 10:51:39 AM [] []
[2026-02-22 10:56:44] SlimMonoLogger.INFO: Cron ran at: 22-02-2026 10:56:44 AM [] []
[2026-02-22 11:01:44] SlimMonoLogger.INFO: Cron ran at: 22-02-2026 11:01:44 AM [] []
[2026-02-22 11:06:31] SlimMonoLogger.INFO: Cron ran at: 22-02-2026 11:06:31 AM [] []
[2026-02-22 11:11:27] SlimMonoLogger.INFO: Cron ran at: 22-02-2026 11:11:27 AM [] []
[2026-02-22 11:16:34] SlimMonoLogger.INFO: Cron ran at: 22-02-2026 11:16:34 AM [] []
[2026-02-22 11:21:28] SlimMonoLogger.INFO: Cron ran at: 22-02-2026 11:21:28 AM [] []
[2026-02-22 11:26:31] SlimMonoLogger.INFO: Cron ran at: 22-02-2026 11:26:31 AM [] []
[2026-02-22 11:31:47] SlimMonoLogger.INFO: Cron ran at: 22-02-2026 11:31:47 AM [] []
[2026-02-22 11:37:07] SlimMonoLogger.INFO: Cron ran at: 22-02-2026 11:37:07 AM [] []
[2026-02-22 11:41:39] SlimMonoLogger.INFO: Cron ran at: 22-02-2026 11:41:39 AM [] []
[2026-02-22 11:46:35] SlimMonoLogger.INFO: Cron ran at: 22-02-2026 11:46:35 AM [] []
[2026-02-22 11:51:35] SlimMonoLogger.INFO: Cron ran at: 22-02-2026 11:51:35 AM [] []
[2026-02-22 11:56:37] SlimMonoLogger.INFO: Cron ran at: 22-02-2026 11:56:37 AM [] []
[2026-02-22 12:01:38] SlimMonoLogger.INFO: Cron ran at: 22-02-2026 12:01:38 PM [] []
[2026-02-22 12:06:33] SlimMonoLogger.INFO: Cron ran at: 22-02-2026 12:06:33 PM [] []
[2026-02-22 12:11:30] SlimMonoLogger.INFO: Cron ran at: 22-02-2026 12:11:30 PM [] []
[2026-02-22 12:16:37] SlimMonoLogger.INFO: Cron ran at: 22-02-2026 12:16:37 PM [] []
[2026-02-22 12:21:22] SlimMonoLogger.INFO: Cron ran at: 22-02-2026 12:21:22 PM [] []
[2026-02-22 12:26:25] SlimMonoLogger.INFO: Cron ran at: 22-02-2026 12:26:25 PM [] []
[2026-02-22 12:31:32] SlimMonoLogger.INFO: Cron ran at: 22-02-2026 12:31:32 PM [] []
[2026-02-22 12:36:32] SlimMonoLogger.INFO: Cron ran at: 22-02-2026 12:36:32 PM [] []
[2026-02-22 12:41:31] SlimMonoLogger.INFO: Cron ran at: 22-02-2026 12:41:31 PM [] []
[2026-02-22 12:46:23] SlimMonoLogger.INFO: Cron ran at: 22-02-2026 12:46:23 PM [] []
[2026-02-22 12:51:26] SlimMonoLogger.INFO: Cron ran at: 22-02-2026 12:51:26 PM [] []
[2026-02-22 12:56:24] SlimMonoLogger.INFO: Cron ran at: 22-02-2026 12:56:24 PM [] []
[2026-02-22 13:01:38] SlimMonoLogger.INFO: Cron ran at: 22-02-2026 01:01:38 PM [] []
[2026-02-22 13:06:26] SlimMonoLogger.INFO: Cron ran at: 22-02-2026 01:06:26 PM [] []
[2026-02-22 13:11:30] SlimMonoLogger.INFO: Cron ran at: 22-02-2026 01:11:30 PM [] []
[2026-02-22 13:16:25] SlimMonoLogger.INFO: Cron ran at: 22-02-2026 01:16:25 PM [] []
[2026-02-22 13:21:26] SlimMonoLogger.INFO: Cron ran at: 22-02-2026 01:21:26 PM [] []
[2026-02-22 13:26:18] SlimMonoLogger.INFO: Cron ran at: 22-02-2026 01:26:18 PM [] []
[2026-02-22 13:31:26] SlimMonoLogger.INFO: Cron ran at: 22-02-2026 01:31:26 PM [] []
[2026-02-22 13:36:23] SlimMonoLogger.INFO: Cron ran at: 22-02-2026 01:36:23 PM [] []
[2026-02-22 13:41:18] SlimMonoLogger.INFO: Cron ran at: 22-02-2026 01:41:18 PM [] []
[2026-02-22 13:46:20] SlimMonoLogger.INFO: Cron ran at: 22-02-2026 01:46:20 PM [] []
[2026-02-22 13:51:28] SlimMonoLogger.INFO: Cron ran at: 22-02-2026 01:51:28 PM [] []
[2026-02-22 13:56:28] SlimMonoLogger.INFO: Cron ran at: 22-02-2026 01:56:28 PM [] []
[2026-02-22 14:01:28] SlimMonoLogger.INFO: Cron ran at: 22-02-2026 02:01:28 PM [] []
[2026-02-22 14:07:00] SlimMonoLogger.INFO: Cron ran at: 22-02-2026 02:07:00 PM [] []
[2026-02-22 14:11:42] SlimMonoLogger.INFO: Cron ran at: 22-02-2026 02:11:42 PM [] []
[2026-02-22 14:16:34] SlimMonoLogger.INFO: Cron ran at: 22-02-2026 02:16:34 PM [] []
[2026-02-22 14:26:49] SlimMonoLogger.INFO: Cron ran at: 22-02-2026 02:26:49 PM [] []
[2026-02-22 14:29:20] SlimMonoLogger.ERROR: Requests_Exception: cURL error 28: Connection timed out after 500001 milliseconds in /home/latihtal/public_html/agregator1/src/vendor/rmccue/requests/library/Requests/Transport/cURL.php:422
Stack trace:
#0 /home/latihtal/public_html/agregator1/src/vendor/rmccue/requests/library/Requests/Transport/cURL.php(177): Requests_Transport_cURL->process_response()
#1 /home/latihtal/public_html/agregator1/src/vendor/rmccue/requests/library/Requests.php(379): Requests_Transport_cURL->request()
#2 /home/latihtal/public_html/agregator1/src/vendor/rmccue/requests/library/Requests/Session.php(205): Requests::request()
#3 /home/latihtal/public_html/agregator1/src/vendor/rmccue/requests/library/Requests/Session.php(132): Requests_Session->request()
#4 /home/latihtal/public_html/agregator1/src/drivers/Http/RssImporter.php(144): Requests_Session->get()
#5 /home/latihtal/public_html/agregator1/src/controllers/Dashboard/DashboardFeedsController.php(534): spark\drivers\Http\RssImporter->fetchPosts()
#6 /home/latihtal/public_html/agregator1/src/controllers/Site/SiteController.php(722): spark\controllers\Dashboard\DashboardFeedsController::importFeedPosts()
#7 [internal function]: spark\controllers\Site\SiteController->runTasks()
#8 /home/latihtal/public_html/agregator1/src/framework/Route.php(173): call_user_func_array()
#9 [internal function]: Slim\Route->Slim\{closure}()
#10 /home/latihtal/public_html/agregator1/src/framework/Route.php(468): call_user_func_array()
#11 /home/latihtal/public_html/agregator1/src/framework/Slim.php(1364): Slim\Route->dispatch()
#12 /home/latihtal/public_html/agregator1/src/framework/Middleware/Flash.php(85): Slim\Slim->call()
#13 /home/latihtal/public_html/agregator1/src/framework/Middleware/MethodOverride.php(92): Slim\Middleware\Flash->call()
#14 /home/latihtal/public_html/agregator1/src/middlewares/CsrfGuard/CsrfGuard.php(47): Slim\Middleware\MethodOverride->call()
#15 /home/latihtal/public_html/agregator1/src/framework/Middleware/PrettyExceptions.php(67): spark\middlewares\CsrfGuard\CsrfGuard->call()
#16 /home/latihtal/public_html/agregator1/src/framework/Slim.php(1308): Slim\Middleware\PrettyExceptions->call()
#17 /home/latihtal/public_html/agregator1/index.php(6): Slim\Slim->run()
#18 {main} [] []
[2026-02-22 14:30:20] SlimMonoLogger.INFO: Cron ran at: 22-02-2026 02:30:20 PM [] []
[2026-02-22 14:31:27] SlimMonoLogger.INFO: Cron ran at: 22-02-2026 02:31:27 PM [] []
[2026-02-22 14:36:24] SlimMonoLogger.INFO: Cron ran at: 22-02-2026 02:36:24 PM [] []
[2026-02-22 14:41:24] SlimMonoLogger.INFO: Cron ran at: 22-02-2026 02:41:24 PM [] []
[2026-02-22 14:46:23] SlimMonoLogger.INFO: Cron ran at: 22-02-2026 02:46:23 PM [] []
[2026-02-22 14:51:20] SlimMonoLogger.INFO: Cron ran at: 22-02-2026 02:51:20 PM [] []
[2026-02-22 14:56:32] SlimMonoLogger.INFO: Cron ran at: 22-02-2026 02:56:32 PM [] []
[2026-02-22 15:01:30] SlimMonoLogger.INFO: Cron ran at: 22-02-2026 03:01:30 PM [] []
[2026-02-22 15:06:23] SlimMonoLogger.INFO: Cron ran at: 22-02-2026 03:06:23 PM [] []
[2026-02-22 15:11:25] SlimMonoLogger.INFO: Cron ran at: 22-02-2026 03:11:25 PM [] []
[2026-02-22 15:16:18] SlimMonoLogger.INFO: Cron ran at: 22-02-2026 03:16:18 PM [] []
[2026-02-22 15:21:31] SlimMonoLogger.INFO: Cron ran at: 22-02-2026 03:21:31 PM [] []
[2026-02-22 15:26:21] SlimMonoLogger.INFO: Cron ran at: 22-02-2026 03:26:21 PM [] []
[2026-02-22 15:31:26] SlimMonoLogger.INFO: Cron ran at: 22-02-2026 03:31:26 PM [] []
[2026-02-22 15:36:19] SlimMonoLogger.INFO: Cron ran at: 22-02-2026 03:36:19 PM [] []
[2026-02-22 15:41:25] SlimMonoLogger.INFO: Cron ran at: 22-02-2026 03:41:25 PM [] []
[2026-02-22 15:46:23] SlimMonoLogger.INFO: Cron ran at: 22-02-2026 03:46:23 PM [] []
[2026-02-22 15:51:18] SlimMonoLogger.INFO: Cron ran at: 22-02-2026 03:51:18 PM [] []
[2026-02-22 15:56:21] SlimMonoLogger.INFO: Cron ran at: 22-02-2026 03:56:21 PM [] []
[2026-02-22 16:01:32] SlimMonoLogger.INFO: Cron ran at: 22-02-2026 04:01:32 PM [] []
[2026-02-22 16:06:17] SlimMonoLogger.INFO: Cron ran at: 22-02-2026 04:06:17 PM [] []
[2026-02-22 16:11:30] SlimMonoLogger.INFO: Cron ran at: 22-02-2026 04:11:30 PM [] []
[2026-02-22 16:16:34] SlimMonoLogger.INFO: Cron ran at: 22-02-2026 04:16:34 PM [] []
[2026-02-22 16:21:22] SlimMonoLogger.INFO: Cron ran at: 22-02-2026 04:21:22 PM [] []
[2026-02-22 16:26:29] SlimMonoLogger.INFO: Cron ran at: 22-02-2026 04:26:29 PM [] []
[2026-02-22 16:31:25] SlimMonoLogger.INFO: Cron ran at: 22-02-2026 04:31:25 PM [] []
[2026-02-22 16:36:18] SlimMonoLogger.INFO: Cron ran at: 22-02-2026 04:36:18 PM [] []
[2026-02-22 16:41:21] SlimMonoLogger.INFO: Cron ran at: 22-02-2026 04:41:21 PM [] []
[2026-02-22 16:51:55] SlimMonoLogger.INFO: Cron ran at: 22-02-2026 04:51:55 PM [] []
[2026-02-22 16:54:06] SlimMonoLogger.ERROR: Requests_Exception: cURL error 28: Connection timed out after 500002 milliseconds in /home/latihtal/public_html/agregator1/src/vendor/rmccue/requests/library/Requests/Transport/cURL.php:422
Stack trace:
#0 /home/latihtal/public_html/agregator1/src/vendor/rmccue/requests/library/Requests/Transport/cURL.php(177): Requests_Transport_cURL->process_response()
#1 /home/latihtal/public_html/agregator1/src/vendor/rmccue/requests/library/Requests.php(379): Requests_Transport_cURL->request()
#2 /home/latihtal/public_html/agregator1/src/vendor/rmccue/requests/library/Requests/Session.php(205): Requests::request()
#3 /home/latihtal/public_html/agregator1/src/vendor/rmccue/requests/library/Requests/Session.php(132): Requests_Session->request()
#4 /home/latihtal/public_html/agregator1/src/drivers/Http/RssImporter.php(144): Requests_Session->get()
#5 /home/latihtal/public_html/agregator1/src/controllers/Dashboard/DashboardFeedsController.php(534): spark\drivers\Http\RssImporter->fetchPosts()
#6 /home/latihtal/public_html/agregator1/src/controllers/Site/SiteController.php(722): spark\controllers\Dashboard\DashboardFeedsController::importFeedPosts()
#7 [internal function]: spark\controllers\Site\SiteController->runTasks()
#8 /home/latihtal/public_html/agregator1/src/framework/Route.php(173): call_user_func_array()
#9 [internal function]: Slim\Route->Slim\{closure}()
#10 /home/latihtal/public_html/agregator1/src/framework/Route.php(468): call_user_func_array()
#11 /home/latihtal/public_html/agregator1/src/framework/Slim.php(1364): Slim\Route->dispatch()
#12 /home/latihtal/public_html/agregator1/src/framework/Middleware/Flash.php(85): Slim\Slim->call()
#13 /home/latihtal/public_html/agregator1/src/framework/Middleware/MethodOverride.php(92): Slim\Middleware\Flash->call()
#14 /home/latihtal/public_html/agregator1/src/middlewares/CsrfGuard/CsrfGuard.php(47): Slim\Middleware\MethodOverride->call()
#15 /home/latihtal/public_html/agregator1/src/framework/Middleware/PrettyExceptions.php(67): spark\middlewares\CsrfGuard\CsrfGuard->call()
#16 /home/latihtal/public_html/agregator1/src/framework/Slim.php(1308): Slim\Middleware\PrettyExceptions->call()
#17 /home/latihtal/public_html/agregator1/index.php(6): Slim\Slim->run()
#18 {main} [] []
[2026-02-22 16:55:03] SlimMonoLogger.INFO: Cron ran at: 22-02-2026 04:55:03 PM [] []
[2026-02-22 16:56:27] SlimMonoLogger.INFO: Cron ran at: 22-02-2026 04:56:27 PM [] []
[2026-02-22 17:01:30] SlimMonoLogger.INFO: Cron ran at: 22-02-2026 05:01:30 PM [] []
[2026-02-22 17:06:16] SlimMonoLogger.INFO: Cron ran at: 22-02-2026 05:06:16 PM [] []
[2026-02-22 17:11:34] SlimMonoLogger.INFO: Cron ran at: 22-02-2026 05:11:34 PM [] []
[2026-02-22 17:16:29] SlimMonoLogger.INFO: Cron ran at: 22-02-2026 05:16:29 PM [] []
[2026-02-22 17:21:25] SlimMonoLogger.INFO: Cron ran at: 22-02-2026 05:21:25 PM [] []
[2026-02-22 17:26:32] SlimMonoLogger.INFO: Cron ran at: 22-02-2026 05:26:32 PM [] []
[2026-02-22 17:31:30] SlimMonoLogger.INFO: Cron ran at: 22-02-2026 05:31:30 PM [] []
[2026-02-22 17:36:31] SlimMonoLogger.INFO: Cron ran at: 22-02-2026 05:36:31 PM [] []
[2026-02-22 17:41:20] SlimMonoLogger.INFO: Cron ran at: 22-02-2026 05:41:20 PM [] []
[2026-02-22 17:46:27] SlimMonoLogger.INFO: Cron ran at: 22-02-2026 05:46:27 PM [] []
[2026-02-22 17:51:26] SlimMonoLogger.INFO: Cron ran at: 22-02-2026 05:51:26 PM [] []
[2026-02-22 17:56:32] SlimMonoLogger.INFO: Cron ran at: 22-02-2026 05:56:32 PM [] []
[2026-02-22 18:01:40] SlimMonoLogger.INFO: Cron ran at: 22-02-2026 06:01:40 PM [] []
[2026-02-22 18:06:28] SlimMonoLogger.INFO: Cron ran at: 22-02-2026 06:06:28 PM [] []
[2026-02-22 18:11:39] SlimMonoLogger.INFO: Cron ran at: 22-02-2026 06:11:39 PM [] []
[2026-02-22 18:16:28] SlimMonoLogger.INFO: Cron ran at: 22-02-2026 06:16:28 PM [] []
[2026-02-22 18:21:25] SlimMonoLogger.INFO: Cron ran at: 22-02-2026 06:21:25 PM [] []
[2026-02-22 18:26:30] SlimMonoLogger.INFO: Cron ran at: 22-02-2026 06:26:30 PM [] []
[2026-02-22 18:31:37] SlimMonoLogger.INFO: Cron ran at: 22-02-2026 06:31:37 PM [] []
[2026-02-22 18:36:41] SlimMonoLogger.INFO: Cron ran at: 22-02-2026 06:36:41 PM [] []
[2026-02-22 18:41:39] SlimMonoLogger.INFO: Cron ran at: 22-02-2026 06:41:39 PM [] []
[2026-02-22 18:46:33] SlimMonoLogger.INFO: Cron ran at: 22-02-2026 06:46:33 PM [] []
[2026-02-22 18:51:36] SlimMonoLogger.INFO: Cron ran at: 22-02-2026 06:51:36 PM [] []
[2026-02-22 18:56:41] SlimMonoLogger.INFO: Cron ran at: 22-02-2026 06:56:41 PM [] []
[2026-02-22 19:01:42] SlimMonoLogger.INFO: Cron ran at: 22-02-2026 07:01:42 PM [] []
[2026-02-22 19:06:49] SlimMonoLogger.INFO: Cron ran at: 22-02-2026 07:06:49 PM [] []
[2026-02-22 19:11:57] SlimMonoLogger.INFO: Cron ran at: 22-02-2026 07:11:57 PM [] []
[2026-02-22 19:16:41] SlimMonoLogger.INFO: Cron ran at: 22-02-2026 07:16:41 PM [] []
[2026-02-22 19:21:41] SlimMonoLogger.INFO: Cron ran at: 22-02-2026 07:21:41 PM [] []
[2026-02-22 19:26:47] SlimMonoLogger.INFO: Cron ran at: 22-02-2026 07:26:47 PM [] []
[2026-02-22 19:31:27] SlimMonoLogger.INFO: Cron ran at: 22-02-2026 07:31:27 PM [] []
[2026-02-22 19:36:21] SlimMonoLogger.INFO: Cron ran at: 22-02-2026 07:36:21 PM [] []
[2026-02-22 19:41:22] SlimMonoLogger.INFO: Cron ran at: 22-02-2026 07:41:22 PM [] []
[2026-02-22 19:46:30] SlimMonoLogger.INFO: Cron ran at: 22-02-2026 07:46:30 PM [] []
[2026-02-22 19:51:46] SlimMonoLogger.INFO: Cron ran at: 22-02-2026 07:51:46 PM [] []
[2026-02-22 19:56:29] SlimMonoLogger.INFO: Cron ran at: 22-02-2026 07:56:29 PM [] []
[2026-02-22 20:01:23] SlimMonoLogger.INFO: Cron ran at: 22-02-2026 08:01:23 PM [] []
[2026-02-22 20:06:26] SlimMonoLogger.INFO: Cron ran at: 22-02-2026 08:06:26 PM [] []
[2026-02-22 20:11:46] SlimMonoLogger.INFO: Cron ran at: 22-02-2026 08:11:46 PM [] []
[2026-02-22 20:16:26] SlimMonoLogger.INFO: Cron ran at: 22-02-2026 08:16:26 PM [] []
[2026-02-22 20:21:35] SlimMonoLogger.INFO: Cron ran at: 22-02-2026 08:21:35 PM [] []
[2026-02-22 20:26:36] SlimMonoLogger.INFO: Cron ran at: 22-02-2026 08:26:36 PM [] []
[2026-02-22 20:31:49] SlimMonoLogger.INFO: Cron ran at: 22-02-2026 08:31:49 PM [] []
[2026-02-22 20:36:34] SlimMonoLogger.INFO: Cron ran at: 22-02-2026 08:36:34 PM [] []
[2026-02-22 20:41:36] SlimMonoLogger.INFO: Cron ran at: 22-02-2026 08:41:36 PM [] []
[2026-02-22 20:46:40] SlimMonoLogger.INFO: Cron ran at: 22-02-2026 08:46:40 PM [] []
[2026-02-22 20:51:33] SlimMonoLogger.INFO: Cron ran at: 22-02-2026 08:51:33 PM [] []
[2026-02-22 20:56:38] SlimMonoLogger.INFO: Cron ran at: 22-02-2026 08:56:38 PM [] []
[2026-02-22 21:01:38] SlimMonoLogger.INFO: Cron ran at: 22-02-2026 09:01:38 PM [] []
[2026-02-22 21:06:36] SlimMonoLogger.INFO: Cron ran at: 22-02-2026 09:06:36 PM [] []
[2026-02-22 21:11:41] SlimMonoLogger.INFO: Cron ran at: 22-02-2026 09:11:41 PM [] []
[2026-02-22 21:16:50] SlimMonoLogger.INFO: Cron ran at: 22-02-2026 09:16:50 PM [] []
[2026-02-22 21:21:30] SlimMonoLogger.INFO: Cron ran at: 22-02-2026 09:21:30 PM [] []
[2026-02-22 21:26:41] SlimMonoLogger.INFO: Cron ran at: 22-02-2026 09:26:41 PM [] []
[2026-02-22 21:31:42] SlimMonoLogger.INFO: Cron ran at: 22-02-2026 09:31:42 PM [] []
[2026-02-22 21:36:29] SlimMonoLogger.INFO: Cron ran at: 22-02-2026 09:36:29 PM [] []
[2026-02-22 21:41:42] SlimMonoLogger.INFO: Cron ran at: 22-02-2026 09:41:42 PM [] []
[2026-02-22 21:46:29] SlimMonoLogger.INFO: Cron ran at: 22-02-2026 09:46:29 PM [] []
[2026-02-22 21:51:25] SlimMonoLogger.INFO: Cron ran at: 22-02-2026 09:51:25 PM [] []
[2026-02-22 21:56:21] SlimMonoLogger.INFO: Cron ran at: 22-02-2026 09:56:21 PM [] []
[2026-02-22 22:01:43] SlimMonoLogger.INFO: Cron ran at: 22-02-2026 10:01:43 PM [] []
[2026-02-22 22:06:22] SlimMonoLogger.INFO: Cron ran at: 22-02-2026 10:06:22 PM [] []
[2026-02-22 22:11:33] SlimMonoLogger.INFO: Cron ran at: 22-02-2026 10:11:33 PM [] []
[2026-02-22 22:16:25] SlimMonoLogger.INFO: Cron ran at: 22-02-2026 10:16:25 PM [] []
[2026-02-22 22:21:43] SlimMonoLogger.INFO: Cron ran at: 22-02-2026 10:21:43 PM [] []
[2026-02-22 22:27:05] SlimMonoLogger.INFO: Cron ran at: 22-02-2026 10:27:05 PM [] []
[2026-02-22 22:31:24] SlimMonoLogger.INFO: Cron ran at: 22-02-2026 10:31:24 PM [] []
[2026-02-22 22:36:18] SlimMonoLogger.INFO: Cron ran at: 22-02-2026 10:36:18 PM [] []
[2026-02-22 22:41:23] SlimMonoLogger.INFO: Cron ran at: 22-02-2026 10:41:23 PM [] []
[2026-02-22 22:46:28] SlimMonoLogger.INFO: Cron ran at: 22-02-2026 10:46:28 PM [] []
[2026-02-22 22:51:24] SlimMonoLogger.INFO: Cron ran at: 22-02-2026 10:51:24 PM [] []
[2026-02-22 22:56:25] SlimMonoLogger.INFO: Cron ran at: 22-02-2026 10:56:25 PM [] []
[2026-02-22 23:01:39] SlimMonoLogger.INFO: Cron ran at: 22-02-2026 11:01:39 PM [] []
[2026-02-22 23:11:28] SlimMonoLogger.INFO: Cron ran at: 22-02-2026 11:11:28 PM [] []
[2026-02-22 23:13:28] SlimMonoLogger.ERROR: Requests_Exception: cURL error 28: Operation timed out after 500001 milliseconds with 496 bytes received in /home/latihtal/public_html/agregator1/src/vendor/rmccue/requests/library/Requests/Transport/cURL.php:422
Stack trace:
#0 /home/latihtal/public_html/agregator1/src/vendor/rmccue/requests/library/Requests/Transport/cURL.php(177): Requests_Transport_cURL->process_response()
#1 /home/latihtal/public_html/agregator1/src/vendor/rmccue/requests/library/Requests.php(379): Requests_Transport_cURL->request()
#2 /home/latihtal/public_html/agregator1/src/vendor/rmccue/requests/library/Requests/Session.php(205): Requests::request()
#3 /home/latihtal/public_html/agregator1/src/vendor/rmccue/requests/library/Requests/Session.php(132): Requests_Session->request()
#4 /home/latihtal/public_html/agregator1/src/drivers/Http/RssImporter.php(144): Requests_Session->get()
#5 /home/latihtal/public_html/agregator1/src/controllers/Dashboard/DashboardFeedsController.php(534): spark\drivers\Http\RssImporter->fetchPosts()
#6 /home/latihtal/public_html/agregator1/src/controllers/Site/SiteController.php(722): spark\controllers\Dashboard\DashboardFeedsController::importFeedPosts()
#7 [internal function]: spark\controllers\Site\SiteController->runTasks()
#8 /home/latihtal/public_html/agregator1/src/framework/Route.php(173): call_user_func_array()
#9 [internal function]: Slim\Route->Slim\{closure}()
#10 /home/latihtal/public_html/agregator1/src/framework/Route.php(468): call_user_func_array()
#11 /home/latihtal/public_html/agregator1/src/framework/Slim.php(1364): Slim\Route->dispatch()
#12 /home/latihtal/public_html/agregator1/src/framework/Middleware/Flash.php(85): Slim\Slim->call()
#13 /home/latihtal/public_html/agregator1/src/framework/Middleware/MethodOverride.php(92): Slim\Middleware\Flash->call()
#14 /home/latihtal/public_html/agregator1/src/middlewares/CsrfGuard/CsrfGuard.php(47): Slim\Middleware\MethodOverride->call()
#15 /home/latihtal/public_html/agregator1/src/framework/Middleware/PrettyExceptions.php(67): spark\middlewares\CsrfGuard\CsrfGuard->call()
#16 /home/latihtal/public_html/agregator1/src/framework/Slim.php(1308): Slim\Middleware\PrettyExceptions->call()
#17 /home/latihtal/public_html/agregator1/index.php(6): Slim\Slim->run()
#18 {main} [] []
[2026-02-22 23:14:39] SlimMonoLogger.INFO: Cron ran at: 22-02-2026 11:14:39 PM [] []
[2026-02-22 23:16:32] SlimMonoLogger.INFO: Cron ran at: 22-02-2026 11:16:32 PM [] []
[2026-02-22 23:21:27] SlimMonoLogger.INFO: Cron ran at: 22-02-2026 11:21:27 PM [] []
[2026-02-22 23:26:22] SlimMonoLogger.INFO: Cron ran at: 22-02-2026 11:26:22 PM [] []
[2026-02-22 23:31:35] SlimMonoLogger.INFO: Cron ran at: 22-02-2026 11:31:35 PM [] []
[2026-02-22 23:36:23] SlimMonoLogger.INFO: Cron ran at: 22-02-2026 11:36:23 PM [] []
[2026-02-22 23:41:30] SlimMonoLogger.INFO: Cron ran at: 22-02-2026 11:41:30 PM [] []
[2026-02-22 23:46:26] SlimMonoLogger.INFO: Cron ran at: 22-02-2026 11:46:26 PM [] []
[2026-02-22 23:51:35] SlimMonoLogger.INFO: Cron ran at: 22-02-2026 11:51:35 PM [] []
[2026-02-22 23:56:20] SlimMonoLogger.INFO: Cron ran at: 22-02-2026 11:56:20 PM [] []
[2026-02-23 00:01:33] SlimMonoLogger.INFO: Cron ran at: 23-02-2026 12:01:33 AM [] []
[2026-02-23 00:06:28] SlimMonoLogger.INFO: Cron ran at: 23-02-2026 12:06:28 AM [] []
[2026-02-23 00:11:34] SlimMonoLogger.INFO: Cron ran at: 23-02-2026 12:11:34 AM [] []
[2026-02-23 00:16:30] SlimMonoLogger.INFO: Cron ran at: 23-02-2026 12:16:30 AM [] []
[2026-02-23 00:21:34] SlimMonoLogger.INFO: Cron ran at: 23-02-2026 12:21:34 AM [] []
[2026-02-23 00:26:30] SlimMonoLogger.INFO: Cron ran at: 23-02-2026 12:26:30 AM [] []
[2026-02-23 00:31:31] SlimMonoLogger.INFO: Cron ran at: 23-02-2026 12:31:31 AM [] []
[2026-02-23 00:36:24] SlimMonoLogger.INFO: Cron ran at: 23-02-2026 12:36:24 AM [] []
[2026-02-23 00:41:34] SlimMonoLogger.INFO: Cron ran at: 23-02-2026 12:41:34 AM [] []
[2026-02-23 00:46:32] SlimMonoLogger.INFO: Cron ran at: 23-02-2026 12:46:32 AM [] []
[2026-02-23 00:51:41] SlimMonoLogger.INFO: Cron ran at: 23-02-2026 12:51:41 AM [] []
[2026-02-23 00:56:29] SlimMonoLogger.INFO: Cron ran at: 23-02-2026 12:56:29 AM [] []
