[2025-05-22 02:00:25] SlimMonoLogger.INFO: Cron ran at: 22-05-2025 02:00:25 AM [] []
[2025-05-22 02:05:20] SlimMonoLogger.INFO: Cron ran at: 22-05-2025 02:05:20 AM [] []
[2025-05-22 02:10:21] SlimMonoLogger.INFO: Cron ran at: 22-05-2025 02:10:21 AM [] []
[2025-05-22 02:15:22] SlimMonoLogger.INFO: Cron ran at: 22-05-2025 02:15:22 AM [] []
[2025-05-22 02:20:21] SlimMonoLogger.INFO: Cron ran at: 22-05-2025 02:20:21 AM [] []
[2025-05-22 02:25:21] SlimMonoLogger.INFO: Cron ran at: 22-05-2025 02:25:21 AM [] []
[2025-05-22 02:30:18] SlimMonoLogger.INFO: Cron ran at: 22-05-2025 02:30:18 AM [] []
[2025-05-22 02:35:21] SlimMonoLogger.INFO: Cron ran at: 22-05-2025 02:35:21 AM [] []
[2025-05-22 02:40:24] SlimMonoLogger.INFO: Cron ran at: 22-05-2025 02:40:24 AM [] []
[2025-05-22 02:45:28] SlimMonoLogger.INFO: Cron ran at: 22-05-2025 02:45:28 AM [] []
[2025-05-22 02:50:24] SlimMonoLogger.INFO: Cron ran at: 22-05-2025 02:50:24 AM [] []
[2025-05-22 02:55:22] SlimMonoLogger.INFO: Cron ran at: 22-05-2025 02:55:22 AM [] []
[2025-05-22 03:00:31] SlimMonoLogger.INFO: Cron ran at: 22-05-2025 03:00:31 AM [] []
[2025-05-22 03:05:21] SlimMonoLogger.INFO: Cron ran at: 22-05-2025 03:05:21 AM [] []
[2025-05-22 03:10:20] SlimMonoLogger.INFO: Cron ran at: 22-05-2025 03:10:20 AM [] []
[2025-05-22 03:15:22] SlimMonoLogger.INFO: Cron ran at: 22-05-2025 03:15:22 AM [] []
[2025-05-22 03:20:20] SlimMonoLogger.INFO: Cron ran at: 22-05-2025 03:20:20 AM [] []
[2025-05-22 03:25:22] SlimMonoLogger.INFO: Cron ran at: 22-05-2025 03:25:22 AM [] []
[2025-05-22 03:30:24] SlimMonoLogger.INFO: Cron ran at: 22-05-2025 03:30:24 AM [] []
[2025-05-22 03:35:23] SlimMonoLogger.INFO: Cron ran at: 22-05-2025 03:35:23 AM [] []
[2025-05-22 03:40:19] SlimMonoLogger.INFO: Cron ran at: 22-05-2025 03:40:19 AM [] []
[2025-05-22 03:45:24] SlimMonoLogger.INFO: Cron ran at: 22-05-2025 03:45:24 AM [] []
[2025-05-22 03:50:20] SlimMonoLogger.INFO: Cron ran at: 22-05-2025 03:50:20 AM [] []
[2025-05-22 03:55:20] SlimMonoLogger.INFO: Cron ran at: 22-05-2025 03:55:20 AM [] []
[2025-05-22 04:00:30] SlimMonoLogger.INFO: Cron ran at: 22-05-2025 04:00:30 AM [] []
[2025-05-22 04:05:23] SlimMonoLogger.INFO: Cron ran at: 22-05-2025 04:05:23 AM [] []
[2025-05-22 04:10:26] SlimMonoLogger.INFO: Cron ran at: 22-05-2025 04:10:26 AM [] []
[2025-05-22 04:15:24] SlimMonoLogger.INFO: Cron ran at: 22-05-2025 04:15:24 AM [] []
[2025-05-22 04:20:24] SlimMonoLogger.INFO: Cron ran at: 22-05-2025 04:20:24 AM [] []
[2025-05-22 04:25:22] SlimMonoLogger.INFO: Cron ran at: 22-05-2025 04:25:22 AM [] []
[2025-05-22 04:30:26] SlimMonoLogger.INFO: Cron ran at: 22-05-2025 04:30:26 AM [] []
[2025-05-22 04:35:24] SlimMonoLogger.INFO: Cron ran at: 22-05-2025 04:35:24 AM [] []
[2025-05-22 04:40:24] SlimMonoLogger.INFO: Cron ran at: 22-05-2025 04:40:24 AM [] []
[2025-05-22 04:45:30] SlimMonoLogger.INFO: Cron ran at: 22-05-2025 04:45:30 AM [] []
[2025-05-22 04:50:25] SlimMonoLogger.INFO: Cron ran at: 22-05-2025 04:50:25 AM [] []
[2025-05-22 04:55:21] SlimMonoLogger.INFO: Cron ran at: 22-05-2025 04:55:21 AM [] []
[2025-05-22 05:00:31] SlimMonoLogger.INFO: Cron ran at: 22-05-2025 05:00:31 AM [] []
[2025-05-22 05:05:36] SlimMonoLogger.INFO: Cron ran at: 22-05-2025 05:05:36 AM [] []
[2025-05-22 05:10:27] SlimMonoLogger.INFO: Cron ran at: 22-05-2025 05:10:27 AM [] []
[2025-05-22 05:16:20] SlimMonoLogger.INFO: Cron ran at: 22-05-2025 05:16:20 AM [] []
[2025-05-22 05:20:21] SlimMonoLogger.INFO: Cron ran at: 22-05-2025 05:20:21 AM [] []
[2025-05-22 05:25:20] SlimMonoLogger.INFO: Cron ran at: 22-05-2025 05:25:20 AM [] []
[2025-05-22 05:30:22] SlimMonoLogger.INFO: Cron ran at: 22-05-2025 05:30:22 AM [] []
[2025-05-22 05:35:22] SlimMonoLogger.INFO: Cron ran at: 22-05-2025 05:35:22 AM [] []
[2025-05-22 05:40:21] SlimMonoLogger.INFO: Cron ran at: 22-05-2025 05:40:21 AM [] []
[2025-05-22 05:45:22] SlimMonoLogger.INFO: Cron ran at: 22-05-2025 05:45:22 AM [] []
[2025-05-22 05:50:20] SlimMonoLogger.INFO: Cron ran at: 22-05-2025 05:50:20 AM [] []
[2025-05-22 05:55:27] SlimMonoLogger.INFO: Cron ran at: 22-05-2025 05:55:27 AM [] []
[2025-05-22 06:01:01] SlimMonoLogger.INFO: Cron ran at: 22-05-2025 06:01:01 AM [] []
[2025-05-22 06:05:24] SlimMonoLogger.INFO: Cron ran at: 22-05-2025 06:05:24 AM [] []
[2025-05-22 06:10:36] SlimMonoLogger.INFO: Cron ran at: 22-05-2025 06:10:36 AM [] []
[2025-05-22 06:15:30] SlimMonoLogger.INFO: Cron ran at: 22-05-2025 06:15:30 AM [] []
[2025-05-22 06:20:28] SlimMonoLogger.INFO: Cron ran at: 22-05-2025 06:20:28 AM [] []
[2025-05-22 06:25:24] SlimMonoLogger.INFO: Cron ran at: 22-05-2025 06:25:24 AM [] []
[2025-05-22 06:30:30] SlimMonoLogger.INFO: Cron ran at: 22-05-2025 06:30:30 AM [] []
[2025-05-22 06:35:45] SlimMonoLogger.INFO: Cron ran at: 22-05-2025 06:35:45 AM [] []
[2025-05-22 06:41:15] SlimMonoLogger.INFO: Cron ran at: 22-05-2025 06:41:15 AM [] []
[2025-05-22 06:45:24] SlimMonoLogger.INFO: Cron ran at: 22-05-2025 06:45:24 AM [] []
[2025-05-22 06:50:22] SlimMonoLogger.INFO: Cron ran at: 22-05-2025 06:50:22 AM [] []
[2025-05-22 06:55:21] SlimMonoLogger.INFO: Cron ran at: 22-05-2025 06:55:21 AM [] []
[2025-05-22 07:00:23] SlimMonoLogger.INFO: Cron ran at: 22-05-2025 07:00:23 AM [] []
[2025-05-22 07:05:20] SlimMonoLogger.INFO: Cron ran at: 22-05-2025 07:05:20 AM [] []
[2025-05-22 07:10:22] SlimMonoLogger.INFO: Cron ran at: 22-05-2025 07:10:22 AM [] []
[2025-05-22 07:15:27] SlimMonoLogger.INFO: Cron ran at: 22-05-2025 07:15:27 AM [] []
[2025-05-22 07:20:23] SlimMonoLogger.INFO: Cron ran at: 22-05-2025 07:20:23 AM [] []
[2025-05-22 07:25:21] SlimMonoLogger.INFO: Cron ran at: 22-05-2025 07:25:21 AM [] []
[2025-05-22 07:30:25] SlimMonoLogger.INFO: Cron ran at: 22-05-2025 07:30:25 AM [] []
[2025-05-22 07:35:25] SlimMonoLogger.INFO: Cron ran at: 22-05-2025 07:35:25 AM [] []
[2025-05-22 07:40:22] SlimMonoLogger.INFO: Cron ran at: 22-05-2025 07:40:22 AM [] []
[2025-05-22 07:45:23] SlimMonoLogger.INFO: Cron ran at: 22-05-2025 07:45:23 AM [] []
[2025-05-22 07:50:18] SlimMonoLogger.INFO: Cron ran at: 22-05-2025 07:50:18 AM [] []
[2025-05-22 07:55:34] SlimMonoLogger.INFO: Cron ran at: 22-05-2025 07:55:34 AM [] []
[2025-05-22 08:00:39] SlimMonoLogger.INFO: Cron ran at: 22-05-2025 08:00:39 AM [] []
[2025-05-22 08:05:43] SlimMonoLogger.INFO: Cron ran at: 22-05-2025 08:05:43 AM [] []
[2025-05-22 08:10:32] SlimMonoLogger.INFO: Cron ran at: 22-05-2025 08:10:32 AM [] []
[2025-05-22 08:15:53] SlimMonoLogger.INFO: Cron ran at: 22-05-2025 08:15:53 AM [] []
[2025-05-22 08:20:27] SlimMonoLogger.INFO: Cron ran at: 22-05-2025 08:20:27 AM [] []
[2025-05-22 08:25:26] SlimMonoLogger.INFO: Cron ran at: 22-05-2025 08:25:26 AM [] []
[2025-05-22 08:31:14] SlimMonoLogger.INFO: Cron ran at: 22-05-2025 08:31:14 AM [] []
[2025-05-22 08:35:23] SlimMonoLogger.INFO: Cron ran at: 22-05-2025 08:35:23 AM [] []
[2025-05-22 08:40:30] SlimMonoLogger.INFO: Cron ran at: 22-05-2025 08:40:30 AM [] []
[2025-05-22 08:45:25] SlimMonoLogger.INFO: Cron ran at: 22-05-2025 08:45:25 AM [] []
[2025-05-22 08:50:23] SlimMonoLogger.INFO: Cron ran at: 22-05-2025 08:50:23 AM [] []
[2025-05-22 08:55:22] SlimMonoLogger.INFO: Cron ran at: 22-05-2025 08:55:22 AM [] []
[2025-05-22 09:00:27] SlimMonoLogger.INFO: Cron ran at: 22-05-2025 09:00:27 AM [] []
[2025-05-22 09:05:24] SlimMonoLogger.INFO: Cron ran at: 22-05-2025 09:05:24 AM [] []
[2025-05-22 09:10:27] SlimMonoLogger.INFO: Cron ran at: 22-05-2025 09:10:27 AM [] []
[2025-05-22 09:15:24] SlimMonoLogger.INFO: Cron ran at: 22-05-2025 09:15:24 AM [] []
[2025-05-22 09:20:26] SlimMonoLogger.INFO: Cron ran at: 22-05-2025 09:20:26 AM [] []
[2025-05-22 09:25:24] SlimMonoLogger.INFO: Cron ran at: 22-05-2025 09:25:24 AM [] []
[2025-05-22 09:30:27] SlimMonoLogger.INFO: Cron ran at: 22-05-2025 09:30:27 AM [] []
[2025-05-22 09:35:28] SlimMonoLogger.INFO: Cron ran at: 22-05-2025 09:35:28 AM [] []
[2025-05-22 09:40:29] SlimMonoLogger.INFO: Cron ran at: 22-05-2025 09:40:29 AM [] []
[2025-05-22 09:45:29] SlimMonoLogger.INFO: Cron ran at: 22-05-2025 09:45:29 AM [] []
[2025-05-22 09:50:24] SlimMonoLogger.INFO: Cron ran at: 22-05-2025 09:50:24 AM [] []
[2025-05-22 09:55:20] SlimMonoLogger.INFO: Cron ran at: 22-05-2025 09:55:20 AM [] []
[2025-05-22 10:00:31] SlimMonoLogger.INFO: Cron ran at: 22-05-2025 10:00:31 AM [] []
[2025-05-22 10:05:21] SlimMonoLogger.INFO: Cron ran at: 22-05-2025 10:05:21 AM [] []
[2025-05-22 10:10:24] SlimMonoLogger.INFO: Cron ran at: 22-05-2025 10:10:24 AM [] []
[2025-05-22 10:15:25] SlimMonoLogger.INFO: Cron ran at: 22-05-2025 10:15:25 AM [] []
[2025-05-22 10:20:24] SlimMonoLogger.INFO: Cron ran at: 22-05-2025 10:20:24 AM [] []
[2025-05-22 10:25:37] SlimMonoLogger.INFO: Cron ran at: 22-05-2025 10:25:37 AM [] []
[2025-05-22 10:30:30] SlimMonoLogger.INFO: Cron ran at: 22-05-2025 10:30:30 AM [] []
[2025-05-22 10:35:25] SlimMonoLogger.INFO: Cron ran at: 22-05-2025 10:35:25 AM [] []
[2025-05-22 10:40:27] SlimMonoLogger.INFO: Cron ran at: 22-05-2025 10:40:27 AM [] []
[2025-05-22 10:45:30] SlimMonoLogger.INFO: Cron ran at: 22-05-2025 10:45:30 AM [] []
[2025-05-22 10:50:24] SlimMonoLogger.INFO: Cron ran at: 22-05-2025 10:50:24 AM [] []
[2025-05-22 10:55:25] SlimMonoLogger.INFO: Cron ran at: 22-05-2025 10:55:25 AM [] []
[2025-05-22 11:00:28] SlimMonoLogger.INFO: Cron ran at: 22-05-2025 11:00:28 AM [] []
[2025-05-22 11:05:24] SlimMonoLogger.INFO: Cron ran at: 22-05-2025 11:05:24 AM [] []
[2025-05-22 11:10:24] SlimMonoLogger.INFO: Cron ran at: 22-05-2025 11:10:24 AM [] []
[2025-05-22 11:15:57] SlimMonoLogger.INFO: Cron ran at: 22-05-2025 11:15:57 AM [] []
[2025-05-22 11:20:34] SlimMonoLogger.INFO: Cron ran at: 22-05-2025 11:20:34 AM [] []
[2025-05-22 11:25:33] SlimMonoLogger.INFO: Cron ran at: 22-05-2025 11:25:33 AM [] []
[2025-05-22 11:30:31] SlimMonoLogger.INFO: Cron ran at: 22-05-2025 11:30:31 AM [] []
[2025-05-22 11:35:32] SlimMonoLogger.INFO: Cron ran at: 22-05-2025 11:35:32 AM [] []
[2025-05-22 11:40:31] SlimMonoLogger.INFO: Cron ran at: 22-05-2025 11:40:31 AM [] []
[2025-05-22 11:45:39] SlimMonoLogger.INFO: Cron ran at: 22-05-2025 11:45:39 AM [] []
[2025-05-22 11:50:32] SlimMonoLogger.INFO: Cron ran at: 22-05-2025 11:50:32 AM [] []
[2025-05-22 11:55:31] SlimMonoLogger.INFO: Cron ran at: 22-05-2025 11:55:31 AM [] []
[2025-05-22 12:00:31] SlimMonoLogger.INFO: Cron ran at: 22-05-2025 12:00:31 PM [] []
[2025-05-22 12:05:25] SlimMonoLogger.INFO: Cron ran at: 22-05-2025 12:05:25 PM [] []
[2025-05-22 12:10:31] SlimMonoLogger.INFO: Cron ran at: 22-05-2025 12:10:31 PM [] []
[2025-05-22 12:15:27] SlimMonoLogger.INFO: Cron ran at: 22-05-2025 12:15:27 PM [] []
[2025-05-22 12:20:28] SlimMonoLogger.INFO: Cron ran at: 22-05-2025 12:20:28 PM [] []
[2025-05-22 12:25:29] SlimMonoLogger.INFO: Cron ran at: 22-05-2025 12:25:29 PM [] []
[2025-05-22 12:30:28] SlimMonoLogger.INFO: Cron ran at: 22-05-2025 12:30:28 PM [] []
[2025-05-22 12:35:23] SlimMonoLogger.INFO: Cron ran at: 22-05-2025 12:35:23 PM [] []
[2025-05-22 12:40:26] SlimMonoLogger.INFO: Cron ran at: 22-05-2025 12:40:26 PM [] []
[2025-05-22 12:45:26] SlimMonoLogger.INFO: Cron ran at: 22-05-2025 12:45:26 PM [] []
[2025-05-22 12:50:26] SlimMonoLogger.INFO: Cron ran at: 22-05-2025 12:50:26 PM [] []
[2025-05-22 12:55:27] SlimMonoLogger.INFO: Cron ran at: 22-05-2025 12:55:27 PM [] []
[2025-05-22 13:00:26] SlimMonoLogger.INFO: Cron ran at: 22-05-2025 01:00:26 PM [] []
[2025-05-22 13:05:29] SlimMonoLogger.INFO: Cron ran at: 22-05-2025 01:05:29 PM [] []
[2025-05-22 13:10:26] SlimMonoLogger.INFO: Cron ran at: 22-05-2025 01:10:26 PM [] []
[2025-05-22 13:15:27] SlimMonoLogger.INFO: Cron ran at: 22-05-2025 01:15:27 PM [] []
[2025-05-22 13:20:25] SlimMonoLogger.INFO: Cron ran at: 22-05-2025 01:20:25 PM [] []
[2025-05-22 13:25:24] SlimMonoLogger.INFO: Cron ran at: 22-05-2025 01:25:24 PM [] []
[2025-05-22 13:30:25] SlimMonoLogger.INFO: Cron ran at: 22-05-2025 01:30:25 PM [] []
[2025-05-22 13:35:26] SlimMonoLogger.INFO: Cron ran at: 22-05-2025 01:35:26 PM [] []
[2025-05-22 13:40:25] SlimMonoLogger.INFO: Cron ran at: 22-05-2025 01:40:25 PM [] []
[2025-05-22 13:45:26] SlimMonoLogger.INFO: Cron ran at: 22-05-2025 01:45:26 PM [] []
[2025-05-22 13:50:33] SlimMonoLogger.INFO: Cron ran at: 22-05-2025 01:50:33 PM [] []
[2025-05-22 13:55:28] SlimMonoLogger.INFO: Cron ran at: 22-05-2025 01:55:28 PM [] []
[2025-05-22 14:00:31] SlimMonoLogger.INFO: Cron ran at: 22-05-2025 02:00:31 PM [] []
[2025-05-22 14:05:27] SlimMonoLogger.INFO: Cron ran at: 22-05-2025 02:05:27 PM [] []
[2025-05-22 14:10:28] SlimMonoLogger.INFO: Cron ran at: 22-05-2025 02:10:28 PM [] []
[2025-05-22 14:15:27] SlimMonoLogger.INFO: Cron ran at: 22-05-2025 02:15:27 PM [] []
[2025-05-22 14:20:24] SlimMonoLogger.INFO: Cron ran at: 22-05-2025 02:20:24 PM [] []
[2025-05-22 14:25:25] SlimMonoLogger.INFO: Cron ran at: 22-05-2025 02:25:25 PM [] []
[2025-05-22 14:30:26] SlimMonoLogger.INFO: Cron ran at: 22-05-2025 02:30:26 PM [] []
[2025-05-22 14:35:26] SlimMonoLogger.INFO: Cron ran at: 22-05-2025 02:35:26 PM [] []
[2025-05-22 14:40:27] SlimMonoLogger.INFO: Cron ran at: 22-05-2025 02:40:27 PM [] []
[2025-05-22 14:45:36] SlimMonoLogger.INFO: Cron ran at: 22-05-2025 02:45:36 PM [] []
[2025-05-22 14:50:28] SlimMonoLogger.INFO: Cron ran at: 22-05-2025 02:50:28 PM [] []
[2025-05-22 14:55:23] SlimMonoLogger.INFO: Cron ran at: 22-05-2025 02:55:23 PM [] []
[2025-05-22 15:00:29] SlimMonoLogger.INFO: Cron ran at: 22-05-2025 03:00:29 PM [] []
[2025-05-22 15:05:23] SlimMonoLogger.INFO: Cron ran at: 22-05-2025 03:05:23 PM [] []
[2025-05-22 15:10:22] SlimMonoLogger.INFO: Cron ran at: 22-05-2025 03:10:22 PM [] []
[2025-05-22 15:15:23] SlimMonoLogger.INFO: Cron ran at: 22-05-2025 03:15:23 PM [] []
[2025-05-22 15:20:24] SlimMonoLogger.INFO: Cron ran at: 22-05-2025 03:20:24 PM [] []
[2025-05-22 15:25:26] SlimMonoLogger.INFO: Cron ran at: 22-05-2025 03:25:26 PM [] []
[2025-05-22 15:30:26] SlimMonoLogger.INFO: Cron ran at: 22-05-2025 03:30:26 PM [] []
[2025-05-22 15:35:31] SlimMonoLogger.INFO: Cron ran at: 22-05-2025 03:35:31 PM [] []
[2025-05-22 15:40:30] SlimMonoLogger.INFO: Cron ran at: 22-05-2025 03:40:30 PM [] []
[2025-05-22 15:45:27] SlimMonoLogger.INFO: Cron ran at: 22-05-2025 03:45:27 PM [] []
[2025-05-22 15:50:30] SlimMonoLogger.INFO: Cron ran at: 22-05-2025 03:50:30 PM [] []
[2025-05-22 15:55:28] SlimMonoLogger.INFO: Cron ran at: 22-05-2025 03:55:28 PM [] []
[2025-05-22 16:00:30] SlimMonoLogger.INFO: Cron ran at: 22-05-2025 04:00:30 PM [] []
[2025-05-22 16:05:29] SlimMonoLogger.INFO: Cron ran at: 22-05-2025 04:05:29 PM [] []
[2025-05-22 16:10:29] SlimMonoLogger.INFO: Cron ran at: 22-05-2025 04:10:29 PM [] []
[2025-05-22 16:15:31] SlimMonoLogger.INFO: Cron ran at: 22-05-2025 04:15:31 PM [] []
[2025-05-22 16:20:24] SlimMonoLogger.INFO: Cron ran at: 22-05-2025 04:20:24 PM [] []
[2025-05-22 16:25:24] SlimMonoLogger.INFO: Cron ran at: 22-05-2025 04:25:24 PM [] []
[2025-05-22 16:30:24] SlimMonoLogger.INFO: Cron ran at: 22-05-2025 04:30:24 PM [] []
[2025-05-22 16:35:28] SlimMonoLogger.INFO: Cron ran at: 22-05-2025 04:35:28 PM [] []
[2025-05-22 16:40:32] SlimMonoLogger.INFO: Cron ran at: 22-05-2025 04:40:32 PM [] []
[2025-05-22 16:45:32] SlimMonoLogger.INFO: Cron ran at: 22-05-2025 04:45:32 PM [] []
[2025-05-22 16:50:28] SlimMonoLogger.INFO: Cron ran at: 22-05-2025 04:50:28 PM [] []
[2025-05-22 16:55:23] SlimMonoLogger.INFO: Cron ran at: 22-05-2025 04:55:23 PM [] []
[2025-05-22 17:00:29] SlimMonoLogger.INFO: Cron ran at: 22-05-2025 05:00:29 PM [] []
[2025-05-22 17:05:26] SlimMonoLogger.INFO: Cron ran at: 22-05-2025 05:05:26 PM [] []
[2025-05-22 17:10:28] SlimMonoLogger.INFO: Cron ran at: 22-05-2025 05:10:28 PM [] []
[2025-05-22 17:15:22] SlimMonoLogger.INFO: Cron ran at: 22-05-2025 05:15:22 PM [] []
[2025-05-22 17:20:26] SlimMonoLogger.INFO: Cron ran at: 22-05-2025 05:20:26 PM [] []
[2025-05-22 17:25:27] SlimMonoLogger.INFO: Cron ran at: 22-05-2025 05:25:27 PM [] []
[2025-05-22 17:30:43] SlimMonoLogger.INFO: Cron ran at: 22-05-2025 05:30:43 PM [] []
[2025-05-22 17:35:33] SlimMonoLogger.INFO: Cron ran at: 22-05-2025 05:35:33 PM [] []
[2025-05-22 17:40:28] SlimMonoLogger.INFO: Cron ran at: 22-05-2025 05:40:28 PM [] []
[2025-05-22 17:45:30] SlimMonoLogger.INFO: Cron ran at: 22-05-2025 05:45:30 PM [] []
[2025-05-22 17:50:28] SlimMonoLogger.INFO: Cron ran at: 22-05-2025 05:50:28 PM [] []
[2025-05-22 17:55:27] SlimMonoLogger.INFO: Cron ran at: 22-05-2025 05:55:27 PM [] []
[2025-05-22 18:00:35] SlimMonoLogger.INFO: Cron ran at: 22-05-2025 06:00:35 PM [] []
[2025-05-22 18:05:27] SlimMonoLogger.INFO: Cron ran at: 22-05-2025 06:05:27 PM [] []
[2025-05-22 18:10:29] SlimMonoLogger.INFO: Cron ran at: 22-05-2025 06:10:29 PM [] []
[2025-05-22 18:15:30] SlimMonoLogger.INFO: Cron ran at: 22-05-2025 06:15:30 PM [] []
[2025-05-22 18:20:22] SlimMonoLogger.INFO: Cron ran at: 22-05-2025 06:20:22 PM [] []
[2025-05-22 18:25:29] SlimMonoLogger.INFO: Cron ran at: 22-05-2025 06:25:29 PM [] []
[2025-05-22 18:30:38] SlimMonoLogger.INFO: Cron ran at: 22-05-2025 06:30:38 PM [] []
[2025-05-22 18:35:25] SlimMonoLogger.INFO: Cron ran at: 22-05-2025 06:35:25 PM [] []
[2025-05-22 18:40:28] SlimMonoLogger.INFO: Cron ran at: 22-05-2025 06:40:28 PM [] []
[2025-05-22 18:45:25] SlimMonoLogger.INFO: Cron ran at: 22-05-2025 06:45:25 PM [] []
[2025-05-22 18:50:29] SlimMonoLogger.INFO: Cron ran at: 22-05-2025 06:50:29 PM [] []
[2025-05-22 18:55:28] SlimMonoLogger.INFO: Cron ran at: 22-05-2025 06:55:28 PM [] []
[2025-05-22 19:00:29] SlimMonoLogger.INFO: Cron ran at: 22-05-2025 07:00:29 PM [] []
[2025-05-22 19:05:29] SlimMonoLogger.INFO: Cron ran at: 22-05-2025 07:05:29 PM [] []
[2025-05-22 19:10:28] SlimMonoLogger.INFO: Cron ran at: 22-05-2025 07:10:28 PM [] []
[2025-05-22 19:15:30] SlimMonoLogger.INFO: Cron ran at: 22-05-2025 07:15:30 PM [] []
[2025-05-22 19:20:24] SlimMonoLogger.INFO: Cron ran at: 22-05-2025 07:20:24 PM [] []
[2025-05-22 19:25:24] SlimMonoLogger.INFO: Cron ran at: 22-05-2025 07:25:24 PM [] []
[2025-05-22 19:30:31] SlimMonoLogger.INFO: Cron ran at: 22-05-2025 07:30:31 PM [] []
[2025-05-22 19:35:30] SlimMonoLogger.INFO: Cron ran at: 22-05-2025 07:35:30 PM [] []
[2025-05-22 19:40:28] SlimMonoLogger.INFO: Cron ran at: 22-05-2025 07:40:28 PM [] []
[2025-05-22 19:45:30] SlimMonoLogger.INFO: Cron ran at: 22-05-2025 07:45:30 PM [] []
[2025-05-22 19:50:25] SlimMonoLogger.INFO: Cron ran at: 22-05-2025 07:50:25 PM [] []
[2025-05-22 19:55:29] SlimMonoLogger.INFO: Cron ran at: 22-05-2025 07:55:29 PM [] []
[2025-05-22 20:00:34] SlimMonoLogger.INFO: Cron ran at: 22-05-2025 08:00:34 PM [] []
[2025-05-22 20:05:26] SlimMonoLogger.INFO: Cron ran at: 22-05-2025 08:05:26 PM [] []
[2025-05-22 20:10:31] SlimMonoLogger.INFO: Cron ran at: 22-05-2025 08:10:31 PM [] []
[2025-05-22 20:15:32] SlimMonoLogger.INFO: Cron ran at: 22-05-2025 08:15:32 PM [] []
[2025-05-22 20:20:22] SlimMonoLogger.INFO: Cron ran at: 22-05-2025 08:20:22 PM [] []
[2025-05-22 20:25:23] SlimMonoLogger.INFO: Cron ran at: 22-05-2025 08:25:23 PM [] []
[2025-05-22 20:30:26] SlimMonoLogger.INFO: Cron ran at: 22-05-2025 08:30:26 PM [] []
[2025-05-22 20:35:30] SlimMonoLogger.INFO: Cron ran at: 22-05-2025 08:35:30 PM [] []
[2025-05-22 20:40:35] SlimMonoLogger.INFO: Cron ran at: 22-05-2025 08:40:35 PM [] []
[2025-05-22 20:45:28] SlimMonoLogger.INFO: Cron ran at: 22-05-2025 08:45:28 PM [] []
[2025-05-22 20:50:31] SlimMonoLogger.INFO: Cron ran at: 22-05-2025 08:50:31 PM [] []
[2025-05-22 20:55:28] SlimMonoLogger.INFO: Cron ran at: 22-05-2025 08:55:28 PM [] []
[2025-05-22 21:00:31] SlimMonoLogger.INFO: Cron ran at: 22-05-2025 09:00:31 PM [] []
[2025-05-22 21:05:26] SlimMonoLogger.INFO: Cron ran at: 22-05-2025 09:05:26 PM [] []
[2025-05-22 21:10:25] SlimMonoLogger.INFO: Cron ran at: 22-05-2025 09:10:25 PM [] []
[2025-05-22 21:15:29] SlimMonoLogger.INFO: Cron ran at: 22-05-2025 09:15:29 PM [] []
[2025-05-22 19:20:03] SlimMonoLogger.CRITICAL: PDOException: SQLSTATE[HY000] [2002] Can't connect to local server through socket '/var/lib/mysql/mysql.sock' (2) in /home/latihtal/public_html/agregator1/src/framework/PDO/Database.php:34
Stack trace:
#0 /home/latihtal/public_html/agregator1/src/framework/PDO/Database.php(34): PDO->__construct()
#1 /home/latihtal/public_html/agregator1/src/dependencies.php(76): Slim\PDO\Database->__construct()
#2 /home/latihtal/public_html/agregator1/src/framework/Helper/Set.php(231): {closure}()
#3 /home/latihtal/public_html/agregator1/src/framework/Helper/Set.php(88): Slim\Helper\Set->Slim\Helper\{closure}()
#4 /home/latihtal/public_html/agregator1/src/framework/Slim.php(232): Slim\Helper\Set->get()
#5 /home/latihtal/public_html/agregator1/src/models/Model.php(176): Slim\Slim->__get()
#6 /home/latihtal/public_html/agregator1/src/models/OptionModel.php(180): spark\models\Model->select()
#7 /home/latihtal/public_html/agregator1/src/models/OptionModel.php(40): spark\models\OptionModel->autoloadOptions()
#8 /home/latihtal/public_html/agregator1/src/dependencies.php(99): spark\models\OptionModel->__construct()
#9 /home/latihtal/public_html/agregator1/src/framework/Helper/Set.php(231): {closure}()
#10 /home/latihtal/public_html/agregator1/src/framework/Helper/Set.php(88): Slim\Helper\Set->Slim\Helper\{closure}()
#11 /home/latihtal/public_html/agregator1/src/framework/Slim.php(232): Slim\Helper\Set->get()
#12 /home/latihtal/public_html/agregator1/src/drivers/Views/ThemeManager.php(34): Slim\Slim->__get()
#13 /home/latihtal/public_html/agregator1/src/dependencies.php(142): spark\drivers\Views\ThemeManager->initEngine()
#14 /home/latihtal/public_html/agregator1/src/bootstrap.php(68): require('/home/latihtal/...')
#15 /home/latihtal/public_html/agregator1/index.php(4): require('/home/latihtal/...')
#16 {main} [] []
[2025-05-22 21:25:23] SlimMonoLogger.INFO: Cron ran at: 22-05-2025 09:25:23 PM [] []
[2025-05-22 21:30:29] SlimMonoLogger.INFO: Cron ran at: 22-05-2025 09:30:29 PM [] []
[2025-05-22 21:35:27] SlimMonoLogger.INFO: Cron ran at: 22-05-2025 09:35:27 PM [] []
[2025-05-22 21:40:23] SlimMonoLogger.INFO: Cron ran at: 22-05-2025 09:40:23 PM [] []
[2025-05-22 21:45:23] SlimMonoLogger.INFO: Cron ran at: 22-05-2025 09:45:23 PM [] []
[2025-05-22 21:50:25] SlimMonoLogger.INFO: Cron ran at: 22-05-2025 09:50:25 PM [] []
[2025-05-22 21:55:22] SlimMonoLogger.INFO: Cron ran at: 22-05-2025 09:55:22 PM [] []
[2025-05-22 22:00:37] SlimMonoLogger.INFO: Cron ran at: 22-05-2025 10:00:37 PM [] []
[2025-05-22 22:05:23] SlimMonoLogger.INFO: Cron ran at: 22-05-2025 10:05:23 PM [] []
[2025-05-22 22:10:27] SlimMonoLogger.INFO: Cron ran at: 22-05-2025 10:10:27 PM [] []
[2025-05-22 22:15:26] SlimMonoLogger.INFO: Cron ran at: 22-05-2025 10:15:26 PM [] []
[2025-05-22 22:20:24] SlimMonoLogger.INFO: Cron ran at: 22-05-2025 10:20:24 PM [] []
[2025-05-22 22:25:25] SlimMonoLogger.INFO: Cron ran at: 22-05-2025 10:25:25 PM [] []
[2025-05-22 22:30:26] SlimMonoLogger.INFO: Cron ran at: 22-05-2025 10:30:26 PM [] []
[2025-05-22 22:35:27] SlimMonoLogger.INFO: Cron ran at: 22-05-2025 10:35:27 PM [] []
[2025-05-22 22:40:22] SlimMonoLogger.INFO: Cron ran at: 22-05-2025 10:40:22 PM [] []
[2025-05-22 22:45:26] SlimMonoLogger.INFO: Cron ran at: 22-05-2025 10:45:26 PM [] []
[2025-05-22 22:50:28] SlimMonoLogger.INFO: Cron ran at: 22-05-2025 10:50:28 PM [] []
[2025-05-22 22:55:27] SlimMonoLogger.INFO: Cron ran at: 22-05-2025 10:55:27 PM [] []
[2025-05-22 23:00:29] SlimMonoLogger.INFO: Cron ran at: 22-05-2025 11:00:29 PM [] []
[2025-05-22 23:05:28] SlimMonoLogger.INFO: Cron ran at: 22-05-2025 11:05:28 PM [] []
[2025-05-22 23:10:27] SlimMonoLogger.INFO: Cron ran at: 22-05-2025 11:10:27 PM [] []
[2025-05-22 23:15:25] SlimMonoLogger.INFO: Cron ran at: 22-05-2025 11:15:25 PM [] []
[2025-05-22 23:20:25] SlimMonoLogger.INFO: Cron ran at: 22-05-2025 11:20:25 PM [] []
[2025-05-22 23:25:23] SlimMonoLogger.INFO: Cron ran at: 22-05-2025 11:25:23 PM [] []
[2025-05-22 23:30:25] SlimMonoLogger.INFO: Cron ran at: 22-05-2025 11:30:25 PM [] []
[2025-05-22 23:35:23] SlimMonoLogger.INFO: Cron ran at: 22-05-2025 11:35:23 PM [] []
[2025-05-22 23:40:34] SlimMonoLogger.INFO: Cron ran at: 22-05-2025 11:40:34 PM [] []
[2025-05-22 23:45:23] SlimMonoLogger.INFO: Cron ran at: 22-05-2025 11:45:23 PM [] []
[2025-05-22 23:50:25] SlimMonoLogger.INFO: Cron ran at: 22-05-2025 11:50:25 PM [] []
[2025-05-22 23:55:25] SlimMonoLogger.INFO: Cron ran at: 22-05-2025 11:55:25 PM [] []
[2025-05-23 00:00:28] SlimMonoLogger.INFO: Cron ran at: 23-05-2025 12:00:28 AM [] []
[2025-05-23 00:05:25] SlimMonoLogger.INFO: Cron ran at: 23-05-2025 12:05:25 AM [] []
[2025-05-23 00:10:23] SlimMonoLogger.INFO: Cron ran at: 23-05-2025 12:10:23 AM [] []
[2025-05-23 00:15:26] SlimMonoLogger.INFO: Cron ran at: 23-05-2025 12:15:26 AM [] []
[2025-05-23 00:20:25] SlimMonoLogger.INFO: Cron ran at: 23-05-2025 12:20:25 AM [] []
[2025-05-23 00:25:26] SlimMonoLogger.INFO: Cron ran at: 23-05-2025 12:25:26 AM [] []
[2025-05-23 00:30:27] SlimMonoLogger.INFO: Cron ran at: 23-05-2025 12:30:27 AM [] []
[2025-05-23 00:35:26] SlimMonoLogger.INFO: Cron ran at: 23-05-2025 12:35:26 AM [] []
[2025-05-23 00:40:27] SlimMonoLogger.INFO: Cron ran at: 23-05-2025 12:40:27 AM [] []
[2025-05-23 00:45:26] SlimMonoLogger.INFO: Cron ran at: 23-05-2025 12:45:26 AM [] []
[2025-05-23 00:50:24] SlimMonoLogger.INFO: Cron ran at: 23-05-2025 12:50:24 AM [] []
[2025-05-23 00:55:24] SlimMonoLogger.INFO: Cron ran at: 23-05-2025 12:55:24 AM [] []
[2025-05-23 01:00:30] SlimMonoLogger.INFO: Cron ran at: 23-05-2025 01:00:30 AM [] []
[2025-05-23 01:05:28] SlimMonoLogger.INFO: Cron ran at: 23-05-2025 01:05:28 AM [] []
[2025-05-23 01:10:27] SlimMonoLogger.INFO: Cron ran at: 23-05-2025 01:10:27 AM [] []
[2025-05-23 01:15:28] SlimMonoLogger.INFO: Cron ran at: 23-05-2025 01:15:28 AM [] []
[2025-05-23 01:20:23] SlimMonoLogger.INFO: Cron ran at: 23-05-2025 01:20:23 AM [] []
[2025-05-23 01:25:24] SlimMonoLogger.INFO: Cron ran at: 23-05-2025 01:25:24 AM [] []
[2025-05-23 01:30:30] SlimMonoLogger.INFO: Cron ran at: 23-05-2025 01:30:30 AM [] []
[2025-05-23 01:35:26] SlimMonoLogger.INFO: Cron ran at: 23-05-2025 01:35:26 AM [] []
[2025-05-23 01:40:26] SlimMonoLogger.INFO: Cron ran at: 23-05-2025 01:40:26 AM [] []
[2025-05-23 01:45:25] SlimMonoLogger.INFO: Cron ran at: 23-05-2025 01:45:25 AM [] []
[2025-05-23 01:50:27] SlimMonoLogger.INFO: Cron ran at: 23-05-2025 01:50:27 AM [] []
[2025-05-23 01:55:26] SlimMonoLogger.INFO: Cron ran at: 23-05-2025 01:55:26 AM [] []
