[2025-03-22 01:00:36] SlimMonoLogger.INFO: Cron ran at: 22-03-2025 01:00:36 AM [] []
[2025-03-22 01:05:29] SlimMonoLogger.INFO: Cron ran at: 22-03-2025 01:05:29 AM [] []
[2025-03-22 01:10:24] SlimMonoLogger.INFO: Cron ran at: 22-03-2025 01:10:24 AM [] []
[2025-03-22 01:15:33] SlimMonoLogger.INFO: Cron ran at: 22-03-2025 01:15:33 AM [] []
[2025-03-22 01:20:25] SlimMonoLogger.INFO: Cron ran at: 22-03-2025 01:20:25 AM [] []
[2025-03-22 01:25:26] SlimMonoLogger.INFO: Cron ran at: 22-03-2025 01:25:26 AM [] []
[2025-03-22 01:30:26] SlimMonoLogger.INFO: Cron ran at: 22-03-2025 01:30:26 AM [] []
[2025-03-22 01:35:36] SlimMonoLogger.INFO: Cron ran at: 22-03-2025 01:35:36 AM [] []
[2025-03-22 01:40:25] SlimMonoLogger.INFO: Cron ran at: 22-03-2025 01:40:25 AM [] []
[2025-03-22 01:45:25] SlimMonoLogger.INFO: Cron ran at: 22-03-2025 01:45:25 AM [] []
[2025-03-22 01:50:24] SlimMonoLogger.INFO: Cron ran at: 22-03-2025 01:50:24 AM [] []
[2025-03-22 01:55:24] SlimMonoLogger.INFO: Cron ran at: 22-03-2025 01:55:24 AM [] []
[2025-03-22 02:00:32] SlimMonoLogger.INFO: Cron ran at: 22-03-2025 02:00:32 AM [] []
[2025-03-22 02:05:25] SlimMonoLogger.INFO: Cron ran at: 22-03-2025 02:05:25 AM [] []
[2025-03-22 02:10:22] SlimMonoLogger.INFO: Cron ran at: 22-03-2025 02:10:22 AM [] []
[2025-03-22 02:15:27] SlimMonoLogger.INFO: Cron ran at: 22-03-2025 02:15:27 AM [] []
[2025-03-22 02:20:24] SlimMonoLogger.INFO: Cron ran at: 22-03-2025 02:20:24 AM [] []
[2025-03-22 02:25:27] SlimMonoLogger.INFO: Cron ran at: 22-03-2025 02:25:27 AM [] []
[2025-03-22 02:30:25] SlimMonoLogger.INFO: Cron ran at: 22-03-2025 02:30:25 AM [] []
[2025-03-22 02:35:26] SlimMonoLogger.INFO: Cron ran at: 22-03-2025 02:35:26 AM [] []
[2025-03-22 02:40:26] SlimMonoLogger.INFO: Cron ran at: 22-03-2025 02:40:26 AM [] []
[2025-03-22 02:45:26] SlimMonoLogger.INFO: Cron ran at: 22-03-2025 02:45:26 AM [] []
[2025-03-22 02:50:25] SlimMonoLogger.INFO: Cron ran at: 22-03-2025 02:50:25 AM [] []
[2025-03-22 02:55:24] SlimMonoLogger.INFO: Cron ran at: 22-03-2025 02:55:24 AM [] []
[2025-03-22 03:00:26] SlimMonoLogger.INFO: Cron ran at: 22-03-2025 03:00:26 AM [] []
[2025-03-22 03:05:23] SlimMonoLogger.INFO: Cron ran at: 22-03-2025 03:05:23 AM [] []
[2025-03-22 03:10:28] SlimMonoLogger.INFO: Cron ran at: 22-03-2025 03:10:28 AM [] []
[2025-03-22 03:15:24] SlimMonoLogger.INFO: Cron ran at: 22-03-2025 03:15:24 AM [] []
[2025-03-22 03:20:25] SlimMonoLogger.INFO: Cron ran at: 22-03-2025 03:20:25 AM [] []
[2025-03-22 03:25:31] SlimMonoLogger.INFO: Cron ran at: 22-03-2025 03:25:31 AM [] []
[2025-03-22 03:30:26] SlimMonoLogger.INFO: Cron ran at: 22-03-2025 03:30:26 AM [] []
[2025-03-22 03:35:23] SlimMonoLogger.INFO: Cron ran at: 22-03-2025 03:35:23 AM [] []
[2025-03-22 03:40:28] SlimMonoLogger.INFO: Cron ran at: 22-03-2025 03:40:28 AM [] []
[2025-03-22 03:45:26] SlimMonoLogger.INFO: Cron ran at: 22-03-2025 03:45:26 AM [] []
[2025-03-22 03:50:40] SlimMonoLogger.INFO: Cron ran at: 22-03-2025 03:50:40 AM [] []
[2025-03-22 03:55:42] SlimMonoLogger.INFO: Cron ran at: 22-03-2025 03:55:42 AM [] []
[2025-03-22 04:00:30] SlimMonoLogger.INFO: Cron ran at: 22-03-2025 04:00:30 AM [] []
[2025-03-22 04:05:27] SlimMonoLogger.INFO: Cron ran at: 22-03-2025 04:05:27 AM [] []
[2025-03-22 04:10:29] SlimMonoLogger.INFO: Cron ran at: 22-03-2025 04:10:29 AM [] []
[2025-03-22 04:15:34] SlimMonoLogger.INFO: Cron ran at: 22-03-2025 04:15:34 AM [] []
[2025-03-22 04:20:28] SlimMonoLogger.INFO: Cron ran at: 22-03-2025 04:20:28 AM [] []
[2025-03-22 04:25:31] SlimMonoLogger.INFO: Cron ran at: 22-03-2025 04:25:31 AM [] []
[2025-03-22 04:30:30] SlimMonoLogger.INFO: Cron ran at: 22-03-2025 04:30:30 AM [] []
[2025-03-22 04:35:24] SlimMonoLogger.INFO: Cron ran at: 22-03-2025 04:35:24 AM [] []
[2025-03-22 04:40:38] SlimMonoLogger.INFO: Cron ran at: 22-03-2025 04:40:38 AM [] []
[2025-03-22 04:45:31] SlimMonoLogger.INFO: Cron ran at: 22-03-2025 04:45:31 AM [] []
[2025-03-22 04:50:24] SlimMonoLogger.INFO: Cron ran at: 22-03-2025 04:50:24 AM [] []
[2025-03-22 04:55:24] SlimMonoLogger.INFO: Cron ran at: 22-03-2025 04:55:24 AM [] []
[2025-03-22 05:00:33] SlimMonoLogger.INFO: Cron ran at: 22-03-2025 05:00:33 AM [] []
[2025-03-22 05:05:33] SlimMonoLogger.INFO: Cron ran at: 22-03-2025 05:05:33 AM [] []
[2025-03-22 05:10:52] SlimMonoLogger.INFO: Cron ran at: 22-03-2025 05:10:52 AM [] []
[2025-03-22 05:15:36] SlimMonoLogger.INFO: Cron ran at: 22-03-2025 05:15:36 AM [] []
[2025-03-22 05:20:45] SlimMonoLogger.INFO: Cron ran at: 22-03-2025 05:20:45 AM [] []
[2025-03-22 05:25:26] SlimMonoLogger.INFO: Cron ran at: 22-03-2025 05:25:26 AM [] []
[2025-03-22 05:30:28] SlimMonoLogger.INFO: Cron ran at: 22-03-2025 05:30:28 AM [] []
[2025-03-22 05:35:25] SlimMonoLogger.INFO: Cron ran at: 22-03-2025 05:35:25 AM [] []
[2025-03-22 05:40:28] SlimMonoLogger.INFO: Cron ran at: 22-03-2025 05:40:28 AM [] []
[2025-03-22 05:45:29] SlimMonoLogger.INFO: Cron ran at: 22-03-2025 05:45:29 AM [] []
[2025-03-22 05:50:27] SlimMonoLogger.INFO: Cron ran at: 22-03-2025 05:50:27 AM [] []
[2025-03-22 05:55:26] SlimMonoLogger.INFO: Cron ran at: 22-03-2025 05:55:26 AM [] []
[2025-03-22 06:00:28] SlimMonoLogger.INFO: Cron ran at: 22-03-2025 06:00:28 AM [] []
[2025-03-22 06:05:45] SlimMonoLogger.INFO: Cron ran at: 22-03-2025 06:05:45 AM [] []
[2025-03-22 06:10:30] SlimMonoLogger.INFO: Cron ran at: 22-03-2025 06:10:30 AM [] []
[2025-03-22 06:15:28] SlimMonoLogger.INFO: Cron ran at: 22-03-2025 06:15:28 AM [] []
[2025-03-22 06:20:37] SlimMonoLogger.INFO: Cron ran at: 22-03-2025 06:20:37 AM [] []
[2025-03-22 06:25:36] SlimMonoLogger.INFO: Cron ran at: 22-03-2025 06:25:36 AM [] []
[2025-03-22 06:30:40] SlimMonoLogger.INFO: Cron ran at: 22-03-2025 06:30:40 AM [] []
[2025-03-22 06:35:52] SlimMonoLogger.INFO: Cron ran at: 22-03-2025 06:35:52 AM [] []
[2025-03-22 06:40:40] SlimMonoLogger.INFO: Cron ran at: 22-03-2025 06:40:40 AM [] []
[2025-03-22 06:45:32] SlimMonoLogger.INFO: Cron ran at: 22-03-2025 06:45:32 AM [] []
[2025-03-22 06:50:28] SlimMonoLogger.INFO: Cron ran at: 22-03-2025 06:50:28 AM [] []
[2025-03-22 06:55:28] SlimMonoLogger.INFO: Cron ran at: 22-03-2025 06:55:28 AM [] []
[2025-03-22 07:00:39] SlimMonoLogger.INFO: Cron ran at: 22-03-2025 07:00:39 AM [] []
[2025-03-22 07:05:30] SlimMonoLogger.INFO: Cron ran at: 22-03-2025 07:05:30 AM [] []
[2025-03-22 07:10:47] SlimMonoLogger.INFO: Cron ran at: 22-03-2025 07:10:47 AM [] []
[2025-03-22 07:15:42] SlimMonoLogger.INFO: Cron ran at: 22-03-2025 07:15:42 AM [] []
[2025-03-22 07:20:30] SlimMonoLogger.INFO: Cron ran at: 22-03-2025 07:20:30 AM [] []
[2025-03-22 07:25:26] SlimMonoLogger.INFO: Cron ran at: 22-03-2025 07:25:26 AM [] []
[2025-03-22 07:30:29] SlimMonoLogger.INFO: Cron ran at: 22-03-2025 07:30:29 AM [] []
[2025-03-22 07:35:31] SlimMonoLogger.INFO: Cron ran at: 22-03-2025 07:35:31 AM [] []
[2025-03-22 07:40:25] SlimMonoLogger.INFO: Cron ran at: 22-03-2025 07:40:25 AM [] []
[2025-03-22 07:45:36] SlimMonoLogger.INFO: Cron ran at: 22-03-2025 07:45:36 AM [] []
[2025-03-22 07:50:36] SlimMonoLogger.INFO: Cron ran at: 22-03-2025 07:50:36 AM [] []
[2025-03-22 07:55:39] SlimMonoLogger.INFO: Cron ran at: 22-03-2025 07:55:39 AM [] []
[2025-03-22 08:00:30] SlimMonoLogger.INFO: Cron ran at: 22-03-2025 08:00:30 AM [] []
[2025-03-22 08:05:25] SlimMonoLogger.INFO: Cron ran at: 22-03-2025 08:05:25 AM [] []
[2025-03-22 08:10:34] SlimMonoLogger.INFO: Cron ran at: 22-03-2025 08:10:34 AM [] []
[2025-03-22 08:15:26] SlimMonoLogger.INFO: Cron ran at: 22-03-2025 08:15:26 AM [] []
[2025-03-22 08:22:17] SlimMonoLogger.ERROR: Requests_Exception: cURL error 28: Failed to connect to antropol.mk port 443 after 128585 ms: Could not connect to server in /home/latihtal/public_html/agregator1/src/vendor/rmccue/requests/library/Requests/Transport/cURL.php:422
Stack trace:
#0 /home/latihtal/public_html/agregator1/src/vendor/rmccue/requests/library/Requests/Transport/cURL.php(177): Requests_Transport_cURL->process_response()
#1 /home/latihtal/public_html/agregator1/src/vendor/rmccue/requests/library/Requests.php(379): Requests_Transport_cURL->request()
#2 /home/latihtal/public_html/agregator1/src/vendor/rmccue/requests/library/Requests/Session.php(205): Requests::request()
#3 /home/latihtal/public_html/agregator1/src/vendor/rmccue/requests/library/Requests/Session.php(132): Requests_Session->request()
#4 /home/latihtal/public_html/agregator1/src/drivers/Http/RssImporter.php(144): Requests_Session->get()
#5 /home/latihtal/public_html/agregator1/src/controllers/Dashboard/DashboardFeedsController.php(534): spark\drivers\Http\RssImporter->fetchPosts()
#6 /home/latihtal/public_html/agregator1/src/controllers/Site/SiteController.php(722): spark\controllers\Dashboard\DashboardFeedsController::importFeedPosts()
#7 [internal function]: spark\controllers\Site\SiteController->runTasks()
#8 /home/latihtal/public_html/agregator1/src/framework/Route.php(173): call_user_func_array()
#9 [internal function]: Slim\Route->Slim\{closure}()
#10 /home/latihtal/public_html/agregator1/src/framework/Route.php(468): call_user_func_array()
#11 /home/latihtal/public_html/agregator1/src/framework/Slim.php(1364): Slim\Route->dispatch()
#12 /home/latihtal/public_html/agregator1/src/framework/Middleware/Flash.php(85): Slim\Slim->call()
#13 /home/latihtal/public_html/agregator1/src/framework/Middleware/MethodOverride.php(92): Slim\Middleware\Flash->call()
#14 /home/latihtal/public_html/agregator1/src/middlewares/CsrfGuard/CsrfGuard.php(47): Slim\Middleware\MethodOverride->call()
#15 /home/latihtal/public_html/agregator1/src/framework/Middleware/PrettyExceptions.php(67): spark\middlewares\CsrfGuard\CsrfGuard->call()
#16 /home/latihtal/public_html/agregator1/src/framework/Slim.php(1308): Slim\Middleware\PrettyExceptions->call()
#17 /home/latihtal/public_html/agregator1/index.php(6): Slim\Slim->run()
#18 {main} [] []
[2025-03-22 08:22:34] SlimMonoLogger.INFO: Cron ran at: 22-03-2025 08:22:34 AM [] []
[2025-03-22 08:25:25] SlimMonoLogger.INFO: Cron ran at: 22-03-2025 08:25:25 AM [] []
[2025-03-22 08:30:26] SlimMonoLogger.INFO: Cron ran at: 22-03-2025 08:30:26 AM [] []
[2025-03-22 08:35:39] SlimMonoLogger.INFO: Cron ran at: 22-03-2025 08:35:39 AM [] []
[2025-03-22 08:40:37] SlimMonoLogger.INFO: Cron ran at: 22-03-2025 08:40:37 AM [] []
[2025-03-22 08:45:32] SlimMonoLogger.INFO: Cron ran at: 22-03-2025 08:45:32 AM [] []
[2025-03-22 08:50:30] SlimMonoLogger.INFO: Cron ran at: 22-03-2025 08:50:30 AM [] []
[2025-03-22 08:55:32] SlimMonoLogger.INFO: Cron ran at: 22-03-2025 08:55:32 AM [] []
[2025-03-22 09:00:44] SlimMonoLogger.INFO: Cron ran at: 22-03-2025 09:00:44 AM [] []
[2025-03-22 09:05:28] SlimMonoLogger.INFO: Cron ran at: 22-03-2025 09:05:28 AM [] []
[2025-03-22 09:10:30] SlimMonoLogger.INFO: Cron ran at: 22-03-2025 09:10:30 AM [] []
[2025-03-22 09:15:41] SlimMonoLogger.INFO: Cron ran at: 22-03-2025 09:15:41 AM [] []
[2025-03-22 09:20:38] SlimMonoLogger.INFO: Cron ran at: 22-03-2025 09:20:38 AM [] []
[2025-03-22 09:25:30] SlimMonoLogger.INFO: Cron ran at: 22-03-2025 09:25:30 AM [] []
[2025-03-22 09:30:29] SlimMonoLogger.INFO: Cron ran at: 22-03-2025 09:30:29 AM [] []
[2025-03-22 09:35:34] SlimMonoLogger.INFO: Cron ran at: 22-03-2025 09:35:34 AM [] []
[2025-03-22 09:40:37] SlimMonoLogger.INFO: Cron ran at: 22-03-2025 09:40:37 AM [] []
[2025-03-22 09:45:38] SlimMonoLogger.INFO: Cron ran at: 22-03-2025 09:45:38 AM [] []
[2025-03-22 09:50:34] SlimMonoLogger.INFO: Cron ran at: 22-03-2025 09:50:34 AM [] []
[2025-03-22 09:55:25] SlimMonoLogger.INFO: Cron ran at: 22-03-2025 09:55:25 AM [] []
[2025-03-22 10:00:30] SlimMonoLogger.INFO: Cron ran at: 22-03-2025 10:00:30 AM [] []
[2025-03-22 10:05:35] SlimMonoLogger.INFO: Cron ran at: 22-03-2025 10:05:35 AM [] []
[2025-03-22 10:10:30] SlimMonoLogger.INFO: Cron ran at: 22-03-2025 10:10:30 AM [] []
[2025-03-22 10:15:32] SlimMonoLogger.INFO: Cron ran at: 22-03-2025 10:15:32 AM [] []
[2025-03-22 10:20:26] SlimMonoLogger.INFO: Cron ran at: 22-03-2025 10:20:26 AM [] []
[2025-03-22 10:25:35] SlimMonoLogger.INFO: Cron ran at: 22-03-2025 10:25:35 AM [] []
[2025-03-22 10:30:35] SlimMonoLogger.INFO: Cron ran at: 22-03-2025 10:30:35 AM [] []
[2025-03-22 10:37:03] SlimMonoLogger.INFO: Cron ran at: 22-03-2025 10:37:03 AM [] []
[2025-03-22 10:40:39] SlimMonoLogger.INFO: Cron ran at: 22-03-2025 10:40:39 AM [] []
[2025-03-22 10:47:25] SlimMonoLogger.ERROR: Requests_Exception: cURL error 28: Failed to connect to antropol.mk port 443 after 131745 ms: Could not connect to server in /home/latihtal/public_html/agregator1/src/vendor/rmccue/requests/library/Requests/Transport/cURL.php:422
Stack trace:
#0 /home/latihtal/public_html/agregator1/src/vendor/rmccue/requests/library/Requests/Transport/cURL.php(177): Requests_Transport_cURL->process_response()
#1 /home/latihtal/public_html/agregator1/src/vendor/rmccue/requests/library/Requests.php(379): Requests_Transport_cURL->request()
#2 /home/latihtal/public_html/agregator1/src/vendor/rmccue/requests/library/Requests/Session.php(205): Requests::request()
#3 /home/latihtal/public_html/agregator1/src/vendor/rmccue/requests/library/Requests/Session.php(132): Requests_Session->request()
#4 /home/latihtal/public_html/agregator1/src/drivers/Http/RssImporter.php(144): Requests_Session->get()
#5 /home/latihtal/public_html/agregator1/src/controllers/Dashboard/DashboardFeedsController.php(534): spark\drivers\Http\RssImporter->fetchPosts()
#6 /home/latihtal/public_html/agregator1/src/controllers/Site/SiteController.php(722): spark\controllers\Dashboard\DashboardFeedsController::importFeedPosts()
#7 [internal function]: spark\controllers\Site\SiteController->runTasks()
#8 /home/latihtal/public_html/agregator1/src/framework/Route.php(173): call_user_func_array()
#9 [internal function]: Slim\Route->Slim\{closure}()
#10 /home/latihtal/public_html/agregator1/src/framework/Route.php(468): call_user_func_array()
#11 /home/latihtal/public_html/agregator1/src/framework/Slim.php(1364): Slim\Route->dispatch()
#12 /home/latihtal/public_html/agregator1/src/framework/Middleware/Flash.php(85): Slim\Slim->call()
#13 /home/latihtal/public_html/agregator1/src/framework/Middleware/MethodOverride.php(92): Slim\Middleware\Flash->call()
#14 /home/latihtal/public_html/agregator1/src/middlewares/CsrfGuard/CsrfGuard.php(47): Slim\Middleware\MethodOverride->call()
#15 /home/latihtal/public_html/agregator1/src/framework/Middleware/PrettyExceptions.php(67): spark\middlewares\CsrfGuard\CsrfGuard->call()
#16 /home/latihtal/public_html/agregator1/src/framework/Slim.php(1308): Slim\Middleware\PrettyExceptions->call()
#17 /home/latihtal/public_html/agregator1/index.php(6): Slim\Slim->run()
#18 {main} [] []
[2025-03-22 10:47:42] SlimMonoLogger.INFO: Cron ran at: 22-03-2025 10:47:42 AM [] []
[2025-03-22 10:50:30] SlimMonoLogger.INFO: Cron ran at: 22-03-2025 10:50:30 AM [] []
[2025-03-22 10:55:37] SlimMonoLogger.INFO: Cron ran at: 22-03-2025 10:55:37 AM [] []
[2025-03-22 11:00:41] SlimMonoLogger.INFO: Cron ran at: 22-03-2025 11:00:41 AM [] []
[2025-03-22 11:05:39] SlimMonoLogger.INFO: Cron ran at: 22-03-2025 11:05:39 AM [] []
[2025-03-22 11:11:03] SlimMonoLogger.INFO: Cron ran at: 22-03-2025 11:11:03 AM [] []
[2025-03-22 11:15:33] SlimMonoLogger.INFO: Cron ran at: 22-03-2025 11:15:33 AM [] []
[2025-03-22 11:20:27] SlimMonoLogger.INFO: Cron ran at: 22-03-2025 11:20:27 AM [] []
[2025-03-22 11:25:31] SlimMonoLogger.INFO: Cron ran at: 22-03-2025 11:25:31 AM [] []
[2025-03-22 11:30:30] SlimMonoLogger.INFO: Cron ran at: 22-03-2025 11:30:30 AM [] []
[2025-03-22 11:35:37] SlimMonoLogger.INFO: Cron ran at: 22-03-2025 11:35:37 AM [] []
[2025-03-22 11:40:29] SlimMonoLogger.INFO: Cron ran at: 22-03-2025 11:40:29 AM [] []
[2025-03-22 11:45:32] SlimMonoLogger.INFO: Cron ran at: 22-03-2025 11:45:32 AM [] []
[2025-03-22 11:52:25] SlimMonoLogger.ERROR: Requests_Exception: cURL error 28: Failed to connect to antropol.mk port 443 after 132156 ms: Could not connect to server in /home/latihtal/public_html/agregator1/src/vendor/rmccue/requests/library/Requests/Transport/cURL.php:422
Stack trace:
#0 /home/latihtal/public_html/agregator1/src/vendor/rmccue/requests/library/Requests/Transport/cURL.php(177): Requests_Transport_cURL->process_response()
#1 /home/latihtal/public_html/agregator1/src/vendor/rmccue/requests/library/Requests.php(379): Requests_Transport_cURL->request()
#2 /home/latihtal/public_html/agregator1/src/vendor/rmccue/requests/library/Requests/Session.php(205): Requests::request()
#3 /home/latihtal/public_html/agregator1/src/vendor/rmccue/requests/library/Requests/Session.php(132): Requests_Session->request()
#4 /home/latihtal/public_html/agregator1/src/drivers/Http/RssImporter.php(144): Requests_Session->get()
#5 /home/latihtal/public_html/agregator1/src/controllers/Dashboard/DashboardFeedsController.php(534): spark\drivers\Http\RssImporter->fetchPosts()
#6 /home/latihtal/public_html/agregator1/src/controllers/Site/SiteController.php(722): spark\controllers\Dashboard\DashboardFeedsController::importFeedPosts()
#7 [internal function]: spark\controllers\Site\SiteController->runTasks()
#8 /home/latihtal/public_html/agregator1/src/framework/Route.php(173): call_user_func_array()
#9 [internal function]: Slim\Route->Slim\{closure}()
#10 /home/latihtal/public_html/agregator1/src/framework/Route.php(468): call_user_func_array()
#11 /home/latihtal/public_html/agregator1/src/framework/Slim.php(1364): Slim\Route->dispatch()
#12 /home/latihtal/public_html/agregator1/src/framework/Middleware/Flash.php(85): Slim\Slim->call()
#13 /home/latihtal/public_html/agregator1/src/framework/Middleware/MethodOverride.php(92): Slim\Middleware\Flash->call()
#14 /home/latihtal/public_html/agregator1/src/middlewares/CsrfGuard/CsrfGuard.php(47): Slim\Middleware\MethodOverride->call()
#15 /home/latihtal/public_html/agregator1/src/framework/Middleware/PrettyExceptions.php(67): spark\middlewares\CsrfGuard\CsrfGuard->call()
#16 /home/latihtal/public_html/agregator1/src/framework/Slim.php(1308): Slim\Middleware\PrettyExceptions->call()
#17 /home/latihtal/public_html/agregator1/index.php(6): Slim\Slim->run()
#18 {main} [] []
[2025-03-22 11:52:55] SlimMonoLogger.INFO: Cron ran at: 22-03-2025 11:52:55 AM [] []
[2025-03-22 11:55:34] SlimMonoLogger.INFO: Cron ran at: 22-03-2025 11:55:34 AM [] []
[2025-03-22 12:00:35] SlimMonoLogger.INFO: Cron ran at: 22-03-2025 12:00:35 PM [] []
[2025-03-22 12:05:32] SlimMonoLogger.INFO: Cron ran at: 22-03-2025 12:05:32 PM [] []
[2025-03-22 12:10:36] SlimMonoLogger.INFO: Cron ran at: 22-03-2025 12:10:36 PM [] []
[2025-03-22 12:15:39] SlimMonoLogger.INFO: Cron ran at: 22-03-2025 12:15:39 PM [] []
[2025-03-22 12:20:32] SlimMonoLogger.INFO: Cron ran at: 22-03-2025 12:20:32 PM [] []
[2025-03-22 12:25:37] SlimMonoLogger.INFO: Cron ran at: 22-03-2025 12:25:37 PM [] []
[2025-03-22 12:30:27] SlimMonoLogger.INFO: Cron ran at: 22-03-2025 12:30:27 PM [] []
[2025-03-22 12:35:34] SlimMonoLogger.INFO: Cron ran at: 22-03-2025 12:35:34 PM [] []
[2025-03-22 12:40:27] SlimMonoLogger.INFO: Cron ran at: 22-03-2025 12:40:27 PM [] []
[2025-03-22 12:45:32] SlimMonoLogger.INFO: Cron ran at: 22-03-2025 12:45:32 PM [] []
[2025-03-22 12:50:35] SlimMonoLogger.INFO: Cron ran at: 22-03-2025 12:50:35 PM [] []
[2025-03-22 12:55:27] SlimMonoLogger.INFO: Cron ran at: 22-03-2025 12:55:27 PM [] []
[2025-03-22 13:00:35] SlimMonoLogger.INFO: Cron ran at: 22-03-2025 01:00:35 PM [] []
[2025-03-22 13:05:32] SlimMonoLogger.INFO: Cron ran at: 22-03-2025 01:05:32 PM [] []
[2025-03-22 13:10:28] SlimMonoLogger.INFO: Cron ran at: 22-03-2025 01:10:28 PM [] []
[2025-03-22 13:15:23] SlimMonoLogger.INFO: Cron ran at: 22-03-2025 01:15:23 PM [] []
[2025-03-22 13:20:27] SlimMonoLogger.INFO: Cron ran at: 22-03-2025 01:20:27 PM [] []
[2025-03-22 13:25:27] SlimMonoLogger.INFO: Cron ran at: 22-03-2025 01:25:27 PM [] []
[2025-03-22 13:30:29] SlimMonoLogger.INFO: Cron ran at: 22-03-2025 01:30:29 PM [] []
[2025-03-22 13:35:23] SlimMonoLogger.INFO: Cron ran at: 22-03-2025 01:35:23 PM [] []
[2025-03-22 13:40:27] SlimMonoLogger.INFO: Cron ran at: 22-03-2025 01:40:27 PM [] []
[2025-03-22 13:45:27] SlimMonoLogger.INFO: Cron ran at: 22-03-2025 01:45:27 PM [] []
[2025-03-22 13:50:32] SlimMonoLogger.INFO: Cron ran at: 22-03-2025 01:50:32 PM [] []
[2025-03-22 13:55:24] SlimMonoLogger.INFO: Cron ran at: 22-03-2025 01:55:24 PM [] []
[2025-03-22 14:00:31] SlimMonoLogger.INFO: Cron ran at: 22-03-2025 02:00:31 PM [] []
[2025-03-22 14:05:27] SlimMonoLogger.INFO: Cron ran at: 22-03-2025 02:05:27 PM [] []
[2025-03-22 14:10:31] SlimMonoLogger.INFO: Cron ran at: 22-03-2025 02:10:31 PM [] []
[2025-03-22 14:15:34] SlimMonoLogger.INFO: Cron ran at: 22-03-2025 02:15:34 PM [] []
[2025-03-22 14:20:30] SlimMonoLogger.INFO: Cron ran at: 22-03-2025 02:20:30 PM [] []
[2025-03-22 14:25:37] SlimMonoLogger.INFO: Cron ran at: 22-03-2025 02:25:37 PM [] []
[2025-03-22 14:30:34] SlimMonoLogger.INFO: Cron ran at: 22-03-2025 02:30:34 PM [] []
[2025-03-22 14:35:32] SlimMonoLogger.INFO: Cron ran at: 22-03-2025 02:35:32 PM [] []
[2025-03-22 14:40:29] SlimMonoLogger.INFO: Cron ran at: 22-03-2025 02:40:29 PM [] []
[2025-03-22 14:45:27] SlimMonoLogger.INFO: Cron ran at: 22-03-2025 02:45:27 PM [] []
[2025-03-22 14:50:29] SlimMonoLogger.INFO: Cron ran at: 22-03-2025 02:50:29 PM [] []
[2025-03-22 14:55:32] SlimMonoLogger.INFO: Cron ran at: 22-03-2025 02:55:32 PM [] []
[2025-03-22 15:00:38] SlimMonoLogger.INFO: Cron ran at: 22-03-2025 03:00:38 PM [] []
[2025-03-22 15:05:28] SlimMonoLogger.INFO: Cron ran at: 22-03-2025 03:05:28 PM [] []
[2025-03-22 15:10:28] SlimMonoLogger.INFO: Cron ran at: 22-03-2025 03:10:28 PM [] []
[2025-03-22 15:15:32] SlimMonoLogger.INFO: Cron ran at: 22-03-2025 03:15:32 PM [] []
[2025-03-22 15:25:30] SlimMonoLogger.INFO: Cron ran at: 22-03-2025 03:25:30 PM [] []
[2025-03-22 15:28:46] SlimMonoLogger.ERROR: Requests_Exception: cURL error 28: Operation timed out after 500004 milliseconds with 0 bytes received in /home/latihtal/public_html/agregator1/src/vendor/rmccue/requests/library/Requests/Transport/cURL.php:422
Stack trace:
#0 /home/latihtal/public_html/agregator1/src/vendor/rmccue/requests/library/Requests/Transport/cURL.php(177): Requests_Transport_cURL->process_response()
#1 /home/latihtal/public_html/agregator1/src/vendor/rmccue/requests/library/Requests.php(379): Requests_Transport_cURL->request()
#2 /home/latihtal/public_html/agregator1/src/vendor/rmccue/requests/library/Requests/Session.php(205): Requests::request()
#3 /home/latihtal/public_html/agregator1/src/vendor/rmccue/requests/library/Requests/Session.php(132): Requests_Session->request()
#4 /home/latihtal/public_html/agregator1/src/drivers/Http/RssImporter.php(144): Requests_Session->get()
#5 /home/latihtal/public_html/agregator1/src/controllers/Dashboard/DashboardFeedsController.php(534): spark\drivers\Http\RssImporter->fetchPosts()
#6 /home/latihtal/public_html/agregator1/src/controllers/Site/SiteController.php(722): spark\controllers\Dashboard\DashboardFeedsController::importFeedPosts()
#7 [internal function]: spark\controllers\Site\SiteController->runTasks()
#8 /home/latihtal/public_html/agregator1/src/framework/Route.php(173): call_user_func_array()
#9 [internal function]: Slim\Route->Slim\{closure}()
#10 /home/latihtal/public_html/agregator1/src/framework/Route.php(468): call_user_func_array()
#11 /home/latihtal/public_html/agregator1/src/framework/Slim.php(1364): Slim\Route->dispatch()
#12 /home/latihtal/public_html/agregator1/src/framework/Middleware/Flash.php(85): Slim\Slim->call()
#13 /home/latihtal/public_html/agregator1/src/framework/Middleware/MethodOverride.php(92): Slim\Middleware\Flash->call()
#14 /home/latihtal/public_html/agregator1/src/middlewares/CsrfGuard/CsrfGuard.php(47): Slim\Middleware\MethodOverride->call()
#15 /home/latihtal/public_html/agregator1/src/framework/Middleware/PrettyExceptions.php(67): spark\middlewares\CsrfGuard\CsrfGuard->call()
#16 /home/latihtal/public_html/agregator1/src/framework/Slim.php(1308): Slim\Middleware\PrettyExceptions->call()
#17 /home/latihtal/public_html/agregator1/index.php(6): Slim\Slim->run()
#18 {main} [] []
[2025-03-22 15:28:46] SlimMonoLogger.INFO: Cron ran at: 22-03-2025 03:28:46 PM [] []
[2025-03-22 15:30:28] SlimMonoLogger.INFO: Cron ran at: 22-03-2025 03:30:28 PM [] []
[2025-03-22 15:35:30] SlimMonoLogger.INFO: Cron ran at: 22-03-2025 03:35:30 PM [] []
[2025-03-22 15:40:31] SlimMonoLogger.INFO: Cron ran at: 22-03-2025 03:40:31 PM [] []
[2025-03-22 15:45:35] SlimMonoLogger.INFO: Cron ran at: 22-03-2025 03:45:35 PM [] []
[2025-03-22 15:50:31] SlimMonoLogger.INFO: Cron ran at: 22-03-2025 03:50:31 PM [] []
[2025-03-22 15:55:27] SlimMonoLogger.INFO: Cron ran at: 22-03-2025 03:55:27 PM [] []
[2025-03-22 16:00:34] SlimMonoLogger.INFO: Cron ran at: 22-03-2025 04:00:34 PM [] []
[2025-03-22 16:05:32] SlimMonoLogger.INFO: Cron ran at: 22-03-2025 04:05:32 PM [] []
[2025-03-22 16:10:22] SlimMonoLogger.INFO: Cron ran at: 22-03-2025 04:10:22 PM [] []
[2025-03-22 16:15:30] SlimMonoLogger.INFO: Cron ran at: 22-03-2025 04:15:30 PM [] []
[2025-03-22 16:20:26] SlimMonoLogger.INFO: Cron ran at: 22-03-2025 04:20:26 PM [] []
[2025-03-22 16:25:28] SlimMonoLogger.INFO: Cron ran at: 22-03-2025 04:25:28 PM [] []
[2025-03-22 16:30:27] SlimMonoLogger.INFO: Cron ran at: 22-03-2025 04:30:27 PM [] []
[2025-03-22 16:35:33] SlimMonoLogger.INFO: Cron ran at: 22-03-2025 04:35:33 PM [] []
[2025-03-22 16:40:26] SlimMonoLogger.INFO: Cron ran at: 22-03-2025 04:40:26 PM [] []
[2025-03-22 16:45:36] SlimMonoLogger.INFO: Cron ran at: 22-03-2025 04:45:36 PM [] []
[2025-03-22 16:50:29] SlimMonoLogger.INFO: Cron ran at: 22-03-2025 04:50:29 PM [] []
[2025-03-22 16:55:31] SlimMonoLogger.INFO: Cron ran at: 22-03-2025 04:55:31 PM [] []
[2025-03-22 17:00:29] SlimMonoLogger.INFO: Cron ran at: 22-03-2025 05:00:29 PM [] []
[2025-03-22 17:05:30] SlimMonoLogger.INFO: Cron ran at: 22-03-2025 05:05:30 PM [] []
[2025-03-22 17:10:27] SlimMonoLogger.INFO: Cron ran at: 22-03-2025 05:10:27 PM [] []
[2025-03-22 17:15:30] SlimMonoLogger.INFO: Cron ran at: 22-03-2025 05:15:30 PM [] []
[2025-03-22 17:20:30] SlimMonoLogger.INFO: Cron ran at: 22-03-2025 05:20:30 PM [] []
[2025-03-22 17:25:29] SlimMonoLogger.INFO: Cron ran at: 22-03-2025 05:25:29 PM [] []
[2025-03-22 17:30:30] SlimMonoLogger.INFO: Cron ran at: 22-03-2025 05:30:30 PM [] []
[2025-03-22 17:35:32] SlimMonoLogger.INFO: Cron ran at: 22-03-2025 05:35:32 PM [] []
[2025-03-22 17:40:28] SlimMonoLogger.INFO: Cron ran at: 22-03-2025 05:40:28 PM [] []
[2025-03-22 17:45:24] SlimMonoLogger.INFO: Cron ran at: 22-03-2025 05:45:24 PM [] []
[2025-03-22 17:50:33] SlimMonoLogger.INFO: Cron ran at: 22-03-2025 05:50:33 PM [] []
[2025-03-22 17:55:25] SlimMonoLogger.INFO: Cron ran at: 22-03-2025 05:55:25 PM [] []
[2025-03-22 18:00:27] SlimMonoLogger.INFO: Cron ran at: 22-03-2025 06:00:27 PM [] []
[2025-03-22 18:08:35] SlimMonoLogger.INFO: Cron ran at: 22-03-2025 06:08:35 PM [] []
[2025-03-22 18:11:15] SlimMonoLogger.INFO: Cron ran at: 22-03-2025 06:11:15 PM [] []
[2025-03-22 18:16:01] SlimMonoLogger.INFO: Cron ran at: 22-03-2025 06:16:01 PM [] []
[2025-03-22 18:20:30] SlimMonoLogger.INFO: Cron ran at: 22-03-2025 06:20:30 PM [] []
[2025-03-22 18:25:30] SlimMonoLogger.INFO: Cron ran at: 22-03-2025 06:25:30 PM [] []
[2025-03-22 18:30:31] SlimMonoLogger.INFO: Cron ran at: 22-03-2025 06:30:31 PM [] []
[2025-03-22 18:40:15] SlimMonoLogger.INFO: Cron ran at: 22-03-2025 06:40:15 PM [] []
[2025-03-22 18:41:19] SlimMonoLogger.INFO: Cron ran at: 22-03-2025 06:41:19 PM [] []
[2025-03-22 18:45:26] SlimMonoLogger.INFO: Cron ran at: 22-03-2025 06:45:26 PM [] []
[2025-03-22 18:50:26] SlimMonoLogger.INFO: Cron ran at: 22-03-2025 06:50:26 PM [] []
[2025-03-22 18:55:21] SlimMonoLogger.INFO: Cron ran at: 22-03-2025 06:55:21 PM [] []
[2025-03-22 19:00:29] SlimMonoLogger.INFO: Cron ran at: 22-03-2025 07:00:29 PM [] []
[2025-03-22 19:05:30] SlimMonoLogger.INFO: Cron ran at: 22-03-2025 07:05:30 PM [] []
[2025-03-22 19:10:34] SlimMonoLogger.INFO: Cron ran at: 22-03-2025 07:10:34 PM [] []
[2025-03-22 19:15:27] SlimMonoLogger.INFO: Cron ran at: 22-03-2025 07:15:27 PM [] []
[2025-03-22 19:20:30] SlimMonoLogger.INFO: Cron ran at: 22-03-2025 07:20:30 PM [] []
[2025-03-22 19:25:27] SlimMonoLogger.INFO: Cron ran at: 22-03-2025 07:25:27 PM [] []
[2025-03-22 19:30:36] SlimMonoLogger.INFO: Cron ran at: 22-03-2025 07:30:36 PM [] []
[2025-03-22 19:35:32] SlimMonoLogger.INFO: Cron ran at: 22-03-2025 07:35:32 PM [] []
[2025-03-22 19:40:39] SlimMonoLogger.INFO: Cron ran at: 22-03-2025 07:40:39 PM [] []
[2025-03-22 19:45:27] SlimMonoLogger.INFO: Cron ran at: 22-03-2025 07:45:27 PM [] []
[2025-03-22 19:50:27] SlimMonoLogger.INFO: Cron ran at: 22-03-2025 07:50:27 PM [] []
[2025-03-22 19:55:28] SlimMonoLogger.INFO: Cron ran at: 22-03-2025 07:55:28 PM [] []
[2025-03-22 20:00:32] SlimMonoLogger.INFO: Cron ran at: 22-03-2025 08:00:32 PM [] []
[2025-03-22 20:05:28] SlimMonoLogger.INFO: Cron ran at: 22-03-2025 08:05:28 PM [] []
[2025-03-22 20:10:27] SlimMonoLogger.INFO: Cron ran at: 22-03-2025 08:10:27 PM [] []
[2025-03-22 20:15:29] SlimMonoLogger.INFO: Cron ran at: 22-03-2025 08:15:29 PM [] []
[2025-03-22 20:20:26] SlimMonoLogger.INFO: Cron ran at: 22-03-2025 08:20:26 PM [] []
[2025-03-22 20:25:31] SlimMonoLogger.INFO: Cron ran at: 22-03-2025 08:25:31 PM [] []
[2025-03-22 20:30:28] SlimMonoLogger.INFO: Cron ran at: 22-03-2025 08:30:28 PM [] []
[2025-03-22 20:35:28] SlimMonoLogger.INFO: Cron ran at: 22-03-2025 08:35:28 PM [] []
[2025-03-22 20:40:31] SlimMonoLogger.INFO: Cron ran at: 22-03-2025 08:40:31 PM [] []
[2025-03-22 20:45:24] SlimMonoLogger.INFO: Cron ran at: 22-03-2025 08:45:24 PM [] []
[2025-03-22 20:50:30] SlimMonoLogger.INFO: Cron ran at: 22-03-2025 08:50:30 PM [] []
[2025-03-22 20:55:27] SlimMonoLogger.INFO: Cron ran at: 22-03-2025 08:55:27 PM [] []
[2025-03-22 21:00:32] SlimMonoLogger.INFO: Cron ran at: 22-03-2025 09:00:32 PM [] []
[2025-03-22 21:05:35] SlimMonoLogger.INFO: Cron ran at: 22-03-2025 09:05:35 PM [] []
[2025-03-22 21:10:29] SlimMonoLogger.INFO: Cron ran at: 22-03-2025 09:10:29 PM [] []
[2025-03-22 21:15:31] SlimMonoLogger.INFO: Cron ran at: 22-03-2025 09:15:31 PM [] []
[2025-03-22 21:20:30] SlimMonoLogger.INFO: Cron ran at: 22-03-2025 09:20:30 PM [] []
[2025-03-22 21:25:26] SlimMonoLogger.INFO: Cron ran at: 22-03-2025 09:25:26 PM [] []
[2025-03-22 21:30:34] SlimMonoLogger.INFO: Cron ran at: 22-03-2025 09:30:34 PM [] []
[2025-03-22 21:35:29] SlimMonoLogger.INFO: Cron ran at: 22-03-2025 09:35:29 PM [] []
[2025-03-22 21:40:35] SlimMonoLogger.INFO: Cron ran at: 22-03-2025 09:40:35 PM [] []
[2025-03-22 21:45:51] SlimMonoLogger.INFO: Cron ran at: 22-03-2025 09:45:51 PM [] []
[2025-03-22 21:50:29] SlimMonoLogger.INFO: Cron ran at: 22-03-2025 09:50:29 PM [] []
[2025-03-22 21:55:31] SlimMonoLogger.INFO: Cron ran at: 22-03-2025 09:55:31 PM [] []
[2025-03-22 22:00:40] SlimMonoLogger.INFO: Cron ran at: 22-03-2025 10:00:40 PM [] []
[2025-03-22 22:05:40] SlimMonoLogger.INFO: Cron ran at: 22-03-2025 10:05:40 PM [] []
[2025-03-22 22:10:26] SlimMonoLogger.INFO: Cron ran at: 22-03-2025 10:10:26 PM [] []
[2025-03-22 22:15:49] SlimMonoLogger.INFO: Cron ran at: 22-03-2025 10:15:49 PM [] []
[2025-03-22 22:20:30] SlimMonoLogger.INFO: Cron ran at: 22-03-2025 10:20:30 PM [] []
[2025-03-22 22:25:26] SlimMonoLogger.INFO: Cron ran at: 22-03-2025 10:25:26 PM [] []
[2025-03-22 22:30:33] SlimMonoLogger.INFO: Cron ran at: 22-03-2025 10:30:33 PM [] []
[2025-03-22 22:35:28] SlimMonoLogger.INFO: Cron ran at: 22-03-2025 10:35:28 PM [] []
[2025-03-22 22:40:34] SlimMonoLogger.INFO: Cron ran at: 22-03-2025 10:40:34 PM [] []
[2025-03-22 22:45:41] SlimMonoLogger.INFO: Cron ran at: 22-03-2025 10:45:41 PM [] []
[2025-03-22 22:50:26] SlimMonoLogger.INFO: Cron ran at: 22-03-2025 10:50:26 PM [] []
[2025-03-22 22:55:25] SlimMonoLogger.INFO: Cron ran at: 22-03-2025 10:55:25 PM [] []
[2025-03-22 23:00:37] SlimMonoLogger.INFO: Cron ran at: 22-03-2025 11:00:37 PM [] []
[2025-03-22 23:05:29] SlimMonoLogger.INFO: Cron ran at: 22-03-2025 11:05:29 PM [] []
[2025-03-22 23:10:25] SlimMonoLogger.INFO: Cron ran at: 22-03-2025 11:10:25 PM [] []
[2025-03-22 23:15:33] SlimMonoLogger.INFO: Cron ran at: 22-03-2025 11:15:33 PM [] []
[2025-03-22 23:20:26] SlimMonoLogger.INFO: Cron ran at: 22-03-2025 11:20:26 PM [] []
[2025-03-22 23:25:37] SlimMonoLogger.INFO: Cron ran at: 22-03-2025 11:25:37 PM [] []
[2025-03-22 23:30:43] SlimMonoLogger.INFO: Cron ran at: 22-03-2025 11:30:43 PM [] []
[2025-03-22 23:35:33] SlimMonoLogger.INFO: Cron ran at: 22-03-2025 11:35:33 PM [] []
[2025-03-22 23:40:35] SlimMonoLogger.INFO: Cron ran at: 22-03-2025 11:40:35 PM [] []
[2025-03-22 23:45:27] SlimMonoLogger.INFO: Cron ran at: 22-03-2025 11:45:27 PM [] []
[2025-03-22 23:50:33] SlimMonoLogger.INFO: Cron ran at: 22-03-2025 11:50:33 PM [] []
[2025-03-22 23:55:28] SlimMonoLogger.INFO: Cron ran at: 22-03-2025 11:55:28 PM [] []
[2025-03-23 00:00:30] SlimMonoLogger.INFO: Cron ran at: 23-03-2025 12:00:30 AM [] []
[2025-03-23 00:05:25] SlimMonoLogger.INFO: Cron ran at: 23-03-2025 12:05:25 AM [] []
[2025-03-23 00:10:27] SlimMonoLogger.INFO: Cron ran at: 23-03-2025 12:10:27 AM [] []
[2025-03-23 00:15:32] SlimMonoLogger.INFO: Cron ran at: 23-03-2025 12:15:32 AM [] []
[2025-03-23 00:22:24] SlimMonoLogger.ERROR: Requests_Exception: cURL error 28: Failed to connect to antropol.mk port 443 after 131586 ms: Could not connect to server in /home/latihtal/public_html/agregator1/src/vendor/rmccue/requests/library/Requests/Transport/cURL.php:422
Stack trace:
#0 /home/latihtal/public_html/agregator1/src/vendor/rmccue/requests/library/Requests/Transport/cURL.php(177): Requests_Transport_cURL->process_response()
#1 /home/latihtal/public_html/agregator1/src/vendor/rmccue/requests/library/Requests.php(379): Requests_Transport_cURL->request()
#2 /home/latihtal/public_html/agregator1/src/vendor/rmccue/requests/library/Requests/Session.php(205): Requests::request()
#3 /home/latihtal/public_html/agregator1/src/vendor/rmccue/requests/library/Requests/Session.php(132): Requests_Session->request()
#4 /home/latihtal/public_html/agregator1/src/drivers/Http/RssImporter.php(144): Requests_Session->get()
#5 /home/latihtal/public_html/agregator1/src/controllers/Dashboard/DashboardFeedsController.php(534): spark\drivers\Http\RssImporter->fetchPosts()
#6 /home/latihtal/public_html/agregator1/src/controllers/Site/SiteController.php(722): spark\controllers\Dashboard\DashboardFeedsController::importFeedPosts()
#7 [internal function]: spark\controllers\Site\SiteController->runTasks()
#8 /home/latihtal/public_html/agregator1/src/framework/Route.php(173): call_user_func_array()
#9 [internal function]: Slim\Route->Slim\{closure}()
#10 /home/latihtal/public_html/agregator1/src/framework/Route.php(468): call_user_func_array()
#11 /home/latihtal/public_html/agregator1/src/framework/Slim.php(1364): Slim\Route->dispatch()
#12 /home/latihtal/public_html/agregator1/src/framework/Middleware/Flash.php(85): Slim\Slim->call()
#13 /home/latihtal/public_html/agregator1/src/framework/Middleware/MethodOverride.php(92): Slim\Middleware\Flash->call()
#14 /home/latihtal/public_html/agregator1/src/middlewares/CsrfGuard/CsrfGuard.php(47): Slim\Middleware\MethodOverride->call()
#15 /home/latihtal/public_html/agregator1/src/framework/Middleware/PrettyExceptions.php(67): spark\middlewares\CsrfGuard\CsrfGuard->call()
#16 /home/latihtal/public_html/agregator1/src/framework/Slim.php(1308): Slim\Middleware\PrettyExceptions->call()
#17 /home/latihtal/public_html/agregator1/index.php(6): Slim\Slim->run()
#18 {main} [] []
[2025-03-23 00:22:39] SlimMonoLogger.INFO: Cron ran at: 23-03-2025 12:22:39 AM [] []
[2025-03-23 00:25:29] SlimMonoLogger.INFO: Cron ran at: 23-03-2025 12:25:29 AM [] []
[2025-03-23 00:30:26] SlimMonoLogger.INFO: Cron ran at: 23-03-2025 12:30:26 AM [] []
[2025-03-23 00:35:28] SlimMonoLogger.INFO: Cron ran at: 23-03-2025 12:35:28 AM [] []
[2025-03-23 00:40:25] SlimMonoLogger.INFO: Cron ran at: 23-03-2025 12:40:25 AM [] []
[2025-03-23 00:45:34] SlimMonoLogger.INFO: Cron ran at: 23-03-2025 12:45:34 AM [] []
[2025-03-23 00:50:25] SlimMonoLogger.INFO: Cron ran at: 23-03-2025 12:50:25 AM [] []
[2025-03-23 00:55:28] SlimMonoLogger.INFO: Cron ran at: 23-03-2025 12:55:28 AM [] []
