[2025-09-22 02:00:37] SlimMonoLogger.INFO: Cron ran at: 22-09-2025 02:00:37 AM [] []
[2025-09-22 02:05:25] SlimMonoLogger.INFO: Cron ran at: 22-09-2025 02:05:25 AM [] []
[2025-09-22 02:10:25] SlimMonoLogger.INFO: Cron ran at: 22-09-2025 02:10:25 AM [] []
[2025-09-22 02:15:25] SlimMonoLogger.INFO: Cron ran at: 22-09-2025 02:15:25 AM [] []
[2025-09-22 02:20:33] SlimMonoLogger.INFO: Cron ran at: 22-09-2025 02:20:33 AM [] []
[2025-09-22 02:25:24] SlimMonoLogger.INFO: Cron ran at: 22-09-2025 02:25:24 AM [] []
[2025-09-22 02:30:25] SlimMonoLogger.INFO: Cron ran at: 22-09-2025 02:30:25 AM [] []
[2025-09-22 02:35:25] SlimMonoLogger.INFO: Cron ran at: 22-09-2025 02:35:25 AM [] []
[2025-09-22 02:40:25] SlimMonoLogger.INFO: Cron ran at: 22-09-2025 02:40:25 AM [] []
[2025-09-22 02:45:25] SlimMonoLogger.INFO: Cron ran at: 22-09-2025 02:45:25 AM [] []
[2025-09-22 02:50:23] SlimMonoLogger.INFO: Cron ran at: 22-09-2025 02:50:23 AM [] []
[2025-09-22 02:55:26] SlimMonoLogger.INFO: Cron ran at: 22-09-2025 02:55:26 AM [] []
[2025-09-22 03:00:30] SlimMonoLogger.INFO: Cron ran at: 22-09-2025 03:00:30 AM [] []
[2025-09-22 03:05:26] SlimMonoLogger.INFO: Cron ran at: 22-09-2025 03:05:26 AM [] []
[2025-09-22 03:10:27] SlimMonoLogger.INFO: Cron ran at: 22-09-2025 03:10:27 AM [] []
[2025-09-22 03:15:28] SlimMonoLogger.INFO: Cron ran at: 22-09-2025 03:15:28 AM [] []
[2025-09-22 03:20:34] SlimMonoLogger.INFO: Cron ran at: 22-09-2025 03:20:34 AM [] []
[2025-09-22 03:25:28] SlimMonoLogger.INFO: Cron ran at: 22-09-2025 03:25:28 AM [] []
[2025-09-22 03:30:27] SlimMonoLogger.INFO: Cron ran at: 22-09-2025 03:30:27 AM [] []
[2025-09-22 03:35:27] SlimMonoLogger.INFO: Cron ran at: 22-09-2025 03:35:27 AM [] []
[2025-09-22 03:40:26] SlimMonoLogger.INFO: Cron ran at: 22-09-2025 03:40:26 AM [] []
[2025-09-22 03:45:24] SlimMonoLogger.INFO: Cron ran at: 22-09-2025 03:45:24 AM [] []
[2025-09-22 03:50:25] SlimMonoLogger.INFO: Cron ran at: 22-09-2025 03:50:25 AM [] []
[2025-09-22 03:55:25] SlimMonoLogger.INFO: Cron ran at: 22-09-2025 03:55:25 AM [] []
[2025-09-22 04:00:27] SlimMonoLogger.INFO: Cron ran at: 22-09-2025 04:00:27 AM [] []
[2025-09-22 04:05:25] SlimMonoLogger.INFO: Cron ran at: 22-09-2025 04:05:25 AM [] []
[2025-09-22 04:10:42] SlimMonoLogger.INFO: Cron ran at: 22-09-2025 04:10:42 AM [] []
[2025-09-22 04:15:28] SlimMonoLogger.INFO: Cron ran at: 22-09-2025 04:15:28 AM [] []
[2025-09-22 04:20:28] SlimMonoLogger.INFO: Cron ran at: 22-09-2025 04:20:28 AM [] []
[2025-09-22 04:25:25] SlimMonoLogger.INFO: Cron ran at: 22-09-2025 04:25:25 AM [] []
[2025-09-22 04:30:30] SlimMonoLogger.INFO: Cron ran at: 22-09-2025 04:30:30 AM [] []
[2025-09-22 04:35:31] SlimMonoLogger.INFO: Cron ran at: 22-09-2025 04:35:31 AM [] []
[2025-09-22 04:40:26] SlimMonoLogger.INFO: Cron ran at: 22-09-2025 04:40:26 AM [] []
[2025-09-22 04:45:28] SlimMonoLogger.INFO: Cron ran at: 22-09-2025 04:45:28 AM [] []
[2025-09-22 04:50:29] SlimMonoLogger.INFO: Cron ran at: 22-09-2025 04:50:29 AM [] []
[2025-09-22 04:55:28] SlimMonoLogger.INFO: Cron ran at: 22-09-2025 04:55:28 AM [] []
[2025-09-22 05:00:30] SlimMonoLogger.INFO: Cron ran at: 22-09-2025 05:00:30 AM [] []
[2025-09-22 05:05:37] SlimMonoLogger.INFO: Cron ran at: 22-09-2025 05:05:37 AM [] []
[2025-09-22 05:10:24] SlimMonoLogger.INFO: Cron ran at: 22-09-2025 05:10:24 AM [] []
[2025-09-22 05:15:27] SlimMonoLogger.INFO: Cron ran at: 22-09-2025 05:15:27 AM [] []
[2025-09-22 05:20:29] SlimMonoLogger.INFO: Cron ran at: 22-09-2025 05:20:29 AM [] []
[2025-09-22 05:25:26] SlimMonoLogger.INFO: Cron ran at: 22-09-2025 05:25:26 AM [] []
[2025-09-22 05:30:29] SlimMonoLogger.INFO: Cron ran at: 22-09-2025 05:30:29 AM [] []
[2025-09-22 05:35:35] SlimMonoLogger.INFO: Cron ran at: 22-09-2025 05:35:35 AM [] []
[2025-09-22 05:40:29] SlimMonoLogger.INFO: Cron ran at: 22-09-2025 05:40:29 AM [] []
[2025-09-22 05:45:31] SlimMonoLogger.INFO: Cron ran at: 22-09-2025 05:45:31 AM [] []
[2025-09-22 05:50:25] SlimMonoLogger.INFO: Cron ran at: 22-09-2025 05:50:25 AM [] []
[2025-09-22 05:55:25] SlimMonoLogger.INFO: Cron ran at: 22-09-2025 05:55:25 AM [] []
[2025-09-22 06:00:29] SlimMonoLogger.INFO: Cron ran at: 22-09-2025 06:00:29 AM [] []
[2025-09-22 06:05:34] SlimMonoLogger.INFO: Cron ran at: 22-09-2025 06:05:34 AM [] []
[2025-09-22 06:10:26] SlimMonoLogger.INFO: Cron ran at: 22-09-2025 06:10:26 AM [] []
[2025-09-22 06:15:24] SlimMonoLogger.INFO: Cron ran at: 22-09-2025 06:15:24 AM [] []
[2025-09-22 06:20:24] SlimMonoLogger.INFO: Cron ran at: 22-09-2025 06:20:24 AM [] []
[2025-09-22 06:25:25] SlimMonoLogger.INFO: Cron ran at: 22-09-2025 06:25:25 AM [] []
[2025-09-22 06:30:29] SlimMonoLogger.INFO: Cron ran at: 22-09-2025 06:30:29 AM [] []
[2025-09-22 06:35:28] SlimMonoLogger.INFO: Cron ran at: 22-09-2025 06:35:28 AM [] []
[2025-09-22 06:40:28] SlimMonoLogger.INFO: Cron ran at: 22-09-2025 06:40:28 AM [] []
[2025-09-22 06:45:26] SlimMonoLogger.INFO: Cron ran at: 22-09-2025 06:45:26 AM [] []
[2025-09-22 06:50:25] SlimMonoLogger.INFO: Cron ran at: 22-09-2025 06:50:25 AM [] []
[2025-09-22 06:55:25] SlimMonoLogger.INFO: Cron ran at: 22-09-2025 06:55:25 AM [] []
[2025-09-22 07:00:34] SlimMonoLogger.INFO: Cron ran at: 22-09-2025 07:00:34 AM [] []
[2025-09-22 07:05:29] SlimMonoLogger.INFO: Cron ran at: 22-09-2025 07:05:29 AM [] []
[2025-09-22 07:10:24] SlimMonoLogger.INFO: Cron ran at: 22-09-2025 07:10:24 AM [] []
[2025-09-22 07:15:30] SlimMonoLogger.INFO: Cron ran at: 22-09-2025 07:15:30 AM [] []
[2025-09-22 07:20:31] SlimMonoLogger.INFO: Cron ran at: 22-09-2025 07:20:31 AM [] []
[2025-09-22 07:25:27] SlimMonoLogger.INFO: Cron ran at: 22-09-2025 07:25:27 AM [] []
[2025-09-22 07:30:27] SlimMonoLogger.INFO: Cron ran at: 22-09-2025 07:30:27 AM [] []
[2025-09-22 07:35:33] SlimMonoLogger.INFO: Cron ran at: 22-09-2025 07:35:33 AM [] []
[2025-09-22 07:40:23] SlimMonoLogger.INFO: Cron ran at: 22-09-2025 07:40:23 AM [] []
[2025-09-22 07:45:33] SlimMonoLogger.INFO: Cron ran at: 22-09-2025 07:45:33 AM [] []
[2025-09-22 07:50:24] SlimMonoLogger.INFO: Cron ran at: 22-09-2025 07:50:24 AM [] []
[2025-09-22 07:55:24] SlimMonoLogger.INFO: Cron ran at: 22-09-2025 07:55:24 AM [] []
[2025-09-22 08:00:30] SlimMonoLogger.INFO: Cron ran at: 22-09-2025 08:00:30 AM [] []
[2025-09-22 08:05:30] SlimMonoLogger.INFO: Cron ran at: 22-09-2025 08:05:30 AM [] []
[2025-09-22 08:10:31] SlimMonoLogger.INFO: Cron ran at: 22-09-2025 08:10:31 AM [] []
[2025-09-22 08:15:24] SlimMonoLogger.INFO: Cron ran at: 22-09-2025 08:15:24 AM [] []
[2025-09-22 08:20:28] SlimMonoLogger.INFO: Cron ran at: 22-09-2025 08:20:28 AM [] []
[2025-09-22 08:25:30] SlimMonoLogger.INFO: Cron ran at: 22-09-2025 08:25:30 AM [] []
[2025-09-22 08:30:27] SlimMonoLogger.INFO: Cron ran at: 22-09-2025 08:30:27 AM [] []
[2025-09-22 08:35:26] SlimMonoLogger.INFO: Cron ran at: 22-09-2025 08:35:26 AM [] []
[2025-09-22 08:40:28] SlimMonoLogger.INFO: Cron ran at: 22-09-2025 08:40:28 AM [] []
[2025-09-22 08:50:38] SlimMonoLogger.INFO: Cron ran at: 22-09-2025 08:50:38 AM [] []
[2025-09-22 08:55:28] SlimMonoLogger.INFO: Cron ran at: 22-09-2025 08:55:28 AM [] []
[2025-09-22 09:05:35] SlimMonoLogger.INFO: Cron ran at: 22-09-2025 09:05:35 AM [] []
[2025-09-22 09:10:27] SlimMonoLogger.INFO: Cron ran at: 22-09-2025 09:10:27 AM [] []
[2025-09-22 09:15:37] SlimMonoLogger.INFO: Cron ran at: 22-09-2025 09:15:37 AM [] []
[2025-09-22 09:20:31] SlimMonoLogger.INFO: Cron ran at: 22-09-2025 09:20:31 AM [] []
[2025-09-22 09:25:27] SlimMonoLogger.INFO: Cron ran at: 22-09-2025 09:25:27 AM [] []
[2025-09-22 09:30:26] SlimMonoLogger.INFO: Cron ran at: 22-09-2025 09:30:26 AM [] []
[2025-09-22 09:35:39] SlimMonoLogger.INFO: Cron ran at: 22-09-2025 09:35:39 AM [] []
[2025-09-22 09:45:31] SlimMonoLogger.INFO: Cron ran at: 22-09-2025 09:45:31 AM [] []
[2025-09-22 09:50:28] SlimMonoLogger.INFO: Cron ran at: 22-09-2025 09:50:28 AM [] []
[2025-09-22 09:55:27] SlimMonoLogger.INFO: Cron ran at: 22-09-2025 09:55:27 AM [] []
[2025-09-22 10:00:28] SlimMonoLogger.INFO: Cron ran at: 22-09-2025 10:00:28 AM [] []
[2025-09-22 10:05:26] SlimMonoLogger.INFO: Cron ran at: 22-09-2025 10:05:26 AM [] []
[2025-09-22 10:10:31] SlimMonoLogger.INFO: Cron ran at: 22-09-2025 10:10:31 AM [] []
[2025-09-22 10:15:29] SlimMonoLogger.INFO: Cron ran at: 22-09-2025 10:15:29 AM [] []
[2025-09-22 10:20:32] SlimMonoLogger.INFO: Cron ran at: 22-09-2025 10:20:32 AM [] []
[2025-09-22 10:25:28] SlimMonoLogger.INFO: Cron ran at: 22-09-2025 10:25:28 AM [] []
[2025-09-22 10:30:31] SlimMonoLogger.INFO: Cron ran at: 22-09-2025 10:30:31 AM [] []
[2025-09-22 10:35:23] SlimMonoLogger.INFO: Cron ran at: 22-09-2025 10:35:23 AM [] []
[2025-09-22 10:40:26] SlimMonoLogger.INFO: Cron ran at: 22-09-2025 10:40:26 AM [] []
[2025-09-22 10:45:30] SlimMonoLogger.INFO: Cron ran at: 22-09-2025 10:45:30 AM [] []
[2025-09-22 10:50:38] SlimMonoLogger.INFO: Cron ran at: 22-09-2025 10:50:38 AM [] []
[2025-09-22 10:55:31] SlimMonoLogger.INFO: Cron ran at: 22-09-2025 10:55:31 AM [] []
[2025-09-22 11:00:30] SlimMonoLogger.INFO: Cron ran at: 22-09-2025 11:00:30 AM [] []
[2025-09-22 11:05:25] SlimMonoLogger.INFO: Cron ran at: 22-09-2025 11:05:25 AM [] []
[2025-09-22 11:10:25] SlimMonoLogger.INFO: Cron ran at: 22-09-2025 11:10:25 AM [] []
[2025-09-22 11:15:29] SlimMonoLogger.INFO: Cron ran at: 22-09-2025 11:15:29 AM [] []
[2025-09-22 11:20:31] SlimMonoLogger.INFO: Cron ran at: 22-09-2025 11:20:31 AM [] []
[2025-09-22 11:25:29] SlimMonoLogger.INFO: Cron ran at: 22-09-2025 11:25:29 AM [] []
[2025-09-22 11:30:36] SlimMonoLogger.INFO: Cron ran at: 22-09-2025 11:30:36 AM [] []
[2025-09-22 11:35:28] SlimMonoLogger.INFO: Cron ran at: 22-09-2025 11:35:28 AM [] []
[2025-09-22 11:40:37] SlimMonoLogger.INFO: Cron ran at: 22-09-2025 11:40:37 AM [] []
[2025-09-22 11:45:33] SlimMonoLogger.INFO: Cron ran at: 22-09-2025 11:45:33 AM [] []
[2025-09-22 11:50:30] SlimMonoLogger.INFO: Cron ran at: 22-09-2025 11:50:30 AM [] []
[2025-09-22 11:55:31] SlimMonoLogger.INFO: Cron ran at: 22-09-2025 11:55:31 AM [] []
[2025-09-22 12:00:27] SlimMonoLogger.INFO: Cron ran at: 22-09-2025 12:00:27 PM [] []
[2025-09-22 12:05:28] SlimMonoLogger.INFO: Cron ran at: 22-09-2025 12:05:28 PM [] []
[2025-09-22 12:10:31] SlimMonoLogger.ERROR: PDOException: SQLSTATE[HY000]: General error: 2006 Server has gone away in /home/latihtal/public_html/agregator1/src/framework/PDO/Statement/StatementContainer.php:518
Stack trace:
#0 /home/latihtal/public_html/agregator1/src/framework/PDO/Statement/StatementContainer.php(518): PDO->prepare()
#1 /home/latihtal/public_html/agregator1/src/framework/PDO/Statement/StatementContainer.php(428): Slim\PDO\Statement\StatementContainer->getStatement()
#2 /home/latihtal/public_html/agregator1/src/framework/PDO/Statement/SelectStatement.php(411): Slim\PDO\Statement\StatementContainer->execute()
#3 /home/latihtal/public_html/agregator1/src/models/Model.php(212): Slim\PDO\Statement\SelectStatement->execute()
#4 /home/latihtal/public_html/agregator1/src/controllers/Dashboard/DashboardFeedsController.php(546): spark\models\Model->countRows()
#5 /home/latihtal/public_html/agregator1/src/controllers/Site/SiteController.php(722): spark\controllers\Dashboard\DashboardFeedsController::importFeedPosts()
#6 [internal function]: spark\controllers\Site\SiteController->runTasks()
#7 /home/latihtal/public_html/agregator1/src/framework/Route.php(173): call_user_func_array()
#8 [internal function]: Slim\Route->Slim\{closure}()
#9 /home/latihtal/public_html/agregator1/src/framework/Route.php(468): call_user_func_array()
#10 /home/latihtal/public_html/agregator1/src/framework/Slim.php(1364): Slim\Route->dispatch()
#11 /home/latihtal/public_html/agregator1/src/framework/Middleware/Flash.php(85): Slim\Slim->call()
#12 /home/latihtal/public_html/agregator1/src/framework/Middleware/MethodOverride.php(92): Slim\Middleware\Flash->call()
#13 /home/latihtal/public_html/agregator1/src/middlewares/CsrfGuard/CsrfGuard.php(47): Slim\Middleware\MethodOverride->call()
#14 /home/latihtal/public_html/agregator1/src/framework/Middleware/PrettyExceptions.php(67): spark\middlewares\CsrfGuard\CsrfGuard->call()
#15 /home/latihtal/public_html/agregator1/src/framework/Slim.php(1308): Slim\Middleware\PrettyExceptions->call()
#16 /home/latihtal/public_html/agregator1/index.php(6): Slim\Slim->run()
#17 {main} [] []
[2025-09-22 10:15:04] SlimMonoLogger.CRITICAL: PDOException: SQLSTATE[HY000] [2002] Can't connect to local server through socket '/var/lib/mysql/mysql.sock' (2) in /home/latihtal/public_html/agregator1/src/framework/PDO/Database.php:34
Stack trace:
#0 /home/latihtal/public_html/agregator1/src/framework/PDO/Database.php(34): PDO->__construct()
#1 /home/latihtal/public_html/agregator1/src/dependencies.php(73): Slim\PDO\Database->__construct()
#2 /home/latihtal/public_html/agregator1/src/framework/Helper/Set.php(231): {closure}()
#3 /home/latihtal/public_html/agregator1/src/framework/Helper/Set.php(88): Slim\Helper\Set->Slim\Helper\{closure}()
#4 /home/latihtal/public_html/agregator1/src/framework/Slim.php(232): Slim\Helper\Set->get()
#5 /home/latihtal/public_html/agregator1/src/models/Model.php(176): Slim\Slim->__get()
#6 /home/latihtal/public_html/agregator1/src/models/OptionModel.php(180): spark\models\Model->select()
#7 /home/latihtal/public_html/agregator1/src/models/OptionModel.php(40): spark\models\OptionModel->autoloadOptions()
#8 /home/latihtal/public_html/agregator1/src/dependencies.php(99): spark\models\OptionModel->__construct()
#9 /home/latihtal/public_html/agregator1/src/framework/Helper/Set.php(231): {closure}()
#10 /home/latihtal/public_html/agregator1/src/framework/Helper/Set.php(88): Slim\Helper\Set->Slim\Helper\{closure}()
#11 /home/latihtal/public_html/agregator1/src/framework/Slim.php(232): Slim\Helper\Set->get()
#12 /home/latihtal/public_html/agregator1/src/drivers/Views/ThemeManager.php(34): Slim\Slim->__get()
#13 /home/latihtal/public_html/agregator1/src/dependencies.php(142): spark\drivers\Views\ThemeManager->initEngine()
#14 /home/latihtal/public_html/agregator1/src/bootstrap.php(68): require('/home/latihtal/...')
#15 /home/latihtal/public_html/agregator1/index.php(4): require('/home/latihtal/...')
#16 {main} [] []
[2025-09-22 12:20:33] SlimMonoLogger.INFO: Cron ran at: 22-09-2025 12:20:33 PM [] []
[2025-09-22 12:25:23] SlimMonoLogger.INFO: Cron ran at: 22-09-2025 12:25:23 PM [] []
[2025-09-22 12:30:32] SlimMonoLogger.INFO: Cron ran at: 22-09-2025 12:30:32 PM [] []
[2025-09-22 12:35:27] SlimMonoLogger.INFO: Cron ran at: 22-09-2025 12:35:27 PM [] []
[2025-09-22 12:40:22] SlimMonoLogger.INFO: Cron ran at: 22-09-2025 12:40:22 PM [] []
[2025-09-22 12:45:30] SlimMonoLogger.INFO: Cron ran at: 22-09-2025 12:45:30 PM [] []
[2025-09-22 12:50:27] SlimMonoLogger.INFO: Cron ran at: 22-09-2025 12:50:27 PM [] []
[2025-09-22 10:55:03] SlimMonoLogger.CRITICAL: PDOException: SQLSTATE[HY000] [2002] Can't connect to local server through socket '/var/lib/mysql/mysql.sock' (2) in /home/latihtal/public_html/agregator1/src/framework/PDO/Database.php:34
Stack trace:
#0 /home/latihtal/public_html/agregator1/src/framework/PDO/Database.php(34): PDO->__construct()
#1 /home/latihtal/public_html/agregator1/src/dependencies.php(73): Slim\PDO\Database->__construct()
#2 /home/latihtal/public_html/agregator1/src/framework/Helper/Set.php(231): {closure}()
#3 /home/latihtal/public_html/agregator1/src/framework/Helper/Set.php(88): Slim\Helper\Set->Slim\Helper\{closure}()
#4 /home/latihtal/public_html/agregator1/src/framework/Slim.php(232): Slim\Helper\Set->get()
#5 /home/latihtal/public_html/agregator1/src/models/Model.php(176): Slim\Slim->__get()
#6 /home/latihtal/public_html/agregator1/src/models/OptionModel.php(180): spark\models\Model->select()
#7 /home/latihtal/public_html/agregator1/src/models/OptionModel.php(40): spark\models\OptionModel->autoloadOptions()
#8 /home/latihtal/public_html/agregator1/src/dependencies.php(99): spark\models\OptionModel->__construct()
#9 /home/latihtal/public_html/agregator1/src/framework/Helper/Set.php(231): {closure}()
#10 /home/latihtal/public_html/agregator1/src/framework/Helper/Set.php(88): Slim\Helper\Set->Slim\Helper\{closure}()
#11 /home/latihtal/public_html/agregator1/src/framework/Slim.php(232): Slim\Helper\Set->get()
#12 /home/latihtal/public_html/agregator1/src/drivers/Views/ThemeManager.php(34): Slim\Slim->__get()
#13 /home/latihtal/public_html/agregator1/src/dependencies.php(142): spark\drivers\Views\ThemeManager->initEngine()
#14 /home/latihtal/public_html/agregator1/src/bootstrap.php(68): require('/home/latihtal/...')
#15 /home/latihtal/public_html/agregator1/index.php(4): require('/home/latihtal/...')
#16 {main} [] []
[2025-09-22 13:00:33] SlimMonoLogger.INFO: Cron ran at: 22-09-2025 01:00:33 PM [] []
[2025-09-22 13:05:29] SlimMonoLogger.INFO: Cron ran at: 22-09-2025 01:05:29 PM [] []
[2025-09-22 13:10:27] SlimMonoLogger.INFO: Cron ran at: 22-09-2025 01:10:27 PM [] []
[2025-09-22 13:15:27] SlimMonoLogger.INFO: Cron ran at: 22-09-2025 01:15:27 PM [] []
[2025-09-22 13:20:27] SlimMonoLogger.INFO: Cron ran at: 22-09-2025 01:20:27 PM [] []
[2025-09-22 13:25:25] SlimMonoLogger.INFO: Cron ran at: 22-09-2025 01:25:25 PM [] []
[2025-09-22 13:30:26] SlimMonoLogger.INFO: Cron ran at: 22-09-2025 01:30:26 PM [] []
[2025-09-22 13:35:36] SlimMonoLogger.INFO: Cron ran at: 22-09-2025 01:35:36 PM [] []
[2025-09-22 13:40:27] SlimMonoLogger.INFO: Cron ran at: 22-09-2025 01:40:27 PM [] []
[2025-09-22 13:45:28] SlimMonoLogger.INFO: Cron ran at: 22-09-2025 01:45:28 PM [] []
[2025-09-22 13:50:29] SlimMonoLogger.INFO: Cron ran at: 22-09-2025 01:50:29 PM [] []
[2025-09-22 13:55:33] SlimMonoLogger.INFO: Cron ran at: 22-09-2025 01:55:33 PM [] []
[2025-09-22 14:05:30] SlimMonoLogger.INFO: Cron ran at: 22-09-2025 02:05:30 PM [] []
[2025-09-22 14:10:29] SlimMonoLogger.INFO: Cron ran at: 22-09-2025 02:10:29 PM [] []
[2025-09-22 14:15:31] SlimMonoLogger.INFO: Cron ran at: 22-09-2025 02:15:31 PM [] []
[2025-09-22 14:20:29] SlimMonoLogger.INFO: Cron ran at: 22-09-2025 02:20:29 PM [] []
[2025-09-22 14:25:31] SlimMonoLogger.INFO: Cron ran at: 22-09-2025 02:25:31 PM [] []
[2025-09-22 14:30:30] SlimMonoLogger.INFO: Cron ran at: 22-09-2025 02:30:30 PM [] []
[2025-09-22 14:35:33] SlimMonoLogger.INFO: Cron ran at: 22-09-2025 02:35:33 PM [] []
[2025-09-22 14:40:28] SlimMonoLogger.INFO: Cron ran at: 22-09-2025 02:40:28 PM [] []
[2025-09-22 14:45:27] SlimMonoLogger.INFO: Cron ran at: 22-09-2025 02:45:27 PM [] []
[2025-09-22 14:50:31] SlimMonoLogger.INFO: Cron ran at: 22-09-2025 02:50:31 PM [] []
[2025-09-22 14:55:29] SlimMonoLogger.INFO: Cron ran at: 22-09-2025 02:55:29 PM [] []
[2025-09-22 15:00:36] SlimMonoLogger.INFO: Cron ran at: 22-09-2025 03:00:36 PM [] []
[2025-09-22 15:05:32] SlimMonoLogger.INFO: Cron ran at: 22-09-2025 03:05:32 PM [] []
[2025-09-22 15:10:30] SlimMonoLogger.INFO: Cron ran at: 22-09-2025 03:10:30 PM [] []
[2025-09-22 15:15:27] SlimMonoLogger.INFO: Cron ran at: 22-09-2025 03:15:27 PM [] []
[2025-09-22 15:20:28] SlimMonoLogger.INFO: Cron ran at: 22-09-2025 03:20:28 PM [] []
[2025-09-22 15:25:25] SlimMonoLogger.INFO: Cron ran at: 22-09-2025 03:25:25 PM [] []
[2025-09-22 15:30:30] SlimMonoLogger.INFO: Cron ran at: 22-09-2025 03:30:30 PM [] []
[2025-09-22 15:35:26] SlimMonoLogger.INFO: Cron ran at: 22-09-2025 03:35:26 PM [] []
[2025-09-22 15:40:27] SlimMonoLogger.INFO: Cron ran at: 22-09-2025 03:40:27 PM [] []
[2025-09-22 15:45:28] SlimMonoLogger.INFO: Cron ran at: 22-09-2025 03:45:28 PM [] []
[2025-09-22 15:50:26] SlimMonoLogger.INFO: Cron ran at: 22-09-2025 03:50:26 PM [] []
[2025-09-22 15:55:25] SlimMonoLogger.INFO: Cron ran at: 22-09-2025 03:55:25 PM [] []
[2025-09-22 16:00:38] SlimMonoLogger.INFO: Cron ran at: 22-09-2025 04:00:38 PM [] []
[2025-09-22 16:05:25] SlimMonoLogger.INFO: Cron ran at: 22-09-2025 04:05:25 PM [] []
[2025-09-22 16:10:28] SlimMonoLogger.INFO: Cron ran at: 22-09-2025 04:10:28 PM [] []
[2025-09-22 16:15:24] SlimMonoLogger.INFO: Cron ran at: 22-09-2025 04:15:24 PM [] []
[2025-09-22 16:20:28] SlimMonoLogger.INFO: Cron ran at: 22-09-2025 04:20:28 PM [] []
[2025-09-22 16:25:29] SlimMonoLogger.INFO: Cron ran at: 22-09-2025 04:25:29 PM [] []
[2025-09-22 16:30:27] SlimMonoLogger.INFO: Cron ran at: 22-09-2025 04:30:27 PM [] []
[2025-09-22 16:35:26] SlimMonoLogger.INFO: Cron ran at: 22-09-2025 04:35:26 PM [] []
[2025-09-22 16:40:24] SlimMonoLogger.INFO: Cron ran at: 22-09-2025 04:40:24 PM [] []
[2025-09-22 16:45:32] SlimMonoLogger.INFO: Cron ran at: 22-09-2025 04:45:32 PM [] []
[2025-09-22 16:50:34] SlimMonoLogger.INFO: Cron ran at: 22-09-2025 04:50:34 PM [] []
[2025-09-22 16:55:27] SlimMonoLogger.INFO: Cron ran at: 22-09-2025 04:55:27 PM [] []
[2025-09-22 17:00:35] SlimMonoLogger.INFO: Cron ran at: 22-09-2025 05:00:35 PM [] []
[2025-09-22 17:05:36] SlimMonoLogger.INFO: Cron ran at: 22-09-2025 05:05:36 PM [] []
[2025-09-22 17:10:28] SlimMonoLogger.INFO: Cron ran at: 22-09-2025 05:10:28 PM [] []
[2025-09-22 17:15:29] SlimMonoLogger.INFO: Cron ran at: 22-09-2025 05:15:29 PM [] []
[2025-09-22 17:20:24] SlimMonoLogger.INFO: Cron ran at: 22-09-2025 05:20:24 PM [] []
[2025-09-22 17:25:27] SlimMonoLogger.INFO: Cron ran at: 22-09-2025 05:25:27 PM [] []
[2025-09-22 17:30:25] SlimMonoLogger.INFO: Cron ran at: 22-09-2025 05:30:25 PM [] []
[2025-09-22 17:35:22] SlimMonoLogger.INFO: Cron ran at: 22-09-2025 05:35:22 PM [] []
[2025-09-22 17:40:22] SlimMonoLogger.INFO: Cron ran at: 22-09-2025 05:40:22 PM [] []
[2025-09-22 17:45:25] SlimMonoLogger.INFO: Cron ran at: 22-09-2025 05:45:25 PM [] []
[2025-09-22 17:50:28] SlimMonoLogger.INFO: Cron ran at: 22-09-2025 05:50:28 PM [] []
[2025-09-22 17:55:27] SlimMonoLogger.INFO: Cron ran at: 22-09-2025 05:55:27 PM [] []
[2025-09-22 18:00:31] SlimMonoLogger.INFO: Cron ran at: 22-09-2025 06:00:31 PM [] []
[2025-09-22 18:05:25] SlimMonoLogger.INFO: Cron ran at: 22-09-2025 06:05:25 PM [] []
[2025-09-22 18:10:33] SlimMonoLogger.INFO: Cron ran at: 22-09-2025 06:10:33 PM [] []
[2025-09-22 18:15:26] SlimMonoLogger.INFO: Cron ran at: 22-09-2025 06:15:26 PM [] []
[2025-09-22 18:20:30] SlimMonoLogger.INFO: Cron ran at: 22-09-2025 06:20:30 PM [] []
[2025-09-22 18:25:29] SlimMonoLogger.INFO: Cron ran at: 22-09-2025 06:25:29 PM [] []
[2025-09-22 18:30:40] SlimMonoLogger.INFO: Cron ran at: 22-09-2025 06:30:40 PM [] []
[2025-09-22 18:35:41] SlimMonoLogger.INFO: Cron ran at: 22-09-2025 06:35:41 PM [] []
[2025-09-22 18:40:35] SlimMonoLogger.INFO: Cron ran at: 22-09-2025 06:40:35 PM [] []
[2025-09-22 18:45:38] SlimMonoLogger.INFO: Cron ran at: 22-09-2025 06:45:38 PM [] []
[2025-09-22 18:50:32] SlimMonoLogger.INFO: Cron ran at: 22-09-2025 06:50:32 PM [] []
[2025-09-22 18:55:27] SlimMonoLogger.INFO: Cron ran at: 22-09-2025 06:55:27 PM [] []
[2025-09-22 19:00:32] SlimMonoLogger.INFO: Cron ran at: 22-09-2025 07:00:32 PM [] []
[2025-09-22 19:05:31] SlimMonoLogger.INFO: Cron ran at: 22-09-2025 07:05:31 PM [] []
[2025-09-22 19:10:28] SlimMonoLogger.INFO: Cron ran at: 22-09-2025 07:10:28 PM [] []
[2025-09-22 19:15:28] SlimMonoLogger.INFO: Cron ran at: 22-09-2025 07:15:28 PM [] []
[2025-09-22 19:20:25] SlimMonoLogger.INFO: Cron ran at: 22-09-2025 07:20:25 PM [] []
[2025-09-22 19:25:25] SlimMonoLogger.INFO: Cron ran at: 22-09-2025 07:25:25 PM [] []
[2025-09-22 19:30:28] SlimMonoLogger.INFO: Cron ran at: 22-09-2025 07:30:28 PM [] []
[2025-09-22 19:35:26] SlimMonoLogger.INFO: Cron ran at: 22-09-2025 07:35:26 PM [] []
[2025-09-22 19:40:31] SlimMonoLogger.INFO: Cron ran at: 22-09-2025 07:40:31 PM [] []
[2025-09-22 19:45:35] SlimMonoLogger.INFO: Cron ran at: 22-09-2025 07:45:35 PM [] []
[2025-09-22 19:50:25] SlimMonoLogger.INFO: Cron ran at: 22-09-2025 07:50:25 PM [] []
[2025-09-22 19:55:30] SlimMonoLogger.INFO: Cron ran at: 22-09-2025 07:55:30 PM [] []
[2025-09-22 20:00:31] SlimMonoLogger.INFO: Cron ran at: 22-09-2025 08:00:31 PM [] []
[2025-09-22 20:05:29] SlimMonoLogger.INFO: Cron ran at: 22-09-2025 08:05:29 PM [] []
[2025-09-22 20:10:29] SlimMonoLogger.INFO: Cron ran at: 22-09-2025 08:10:29 PM [] []
[2025-09-22 20:15:30] SlimMonoLogger.INFO: Cron ran at: 22-09-2025 08:15:30 PM [] []
[2025-09-22 20:20:24] SlimMonoLogger.INFO: Cron ran at: 22-09-2025 08:20:24 PM [] []
[2025-09-22 20:25:27] SlimMonoLogger.INFO: Cron ran at: 22-09-2025 08:25:27 PM [] []
[2025-09-22 20:30:27] SlimMonoLogger.INFO: Cron ran at: 22-09-2025 08:30:27 PM [] []
[2025-09-22 20:35:29] SlimMonoLogger.INFO: Cron ran at: 22-09-2025 08:35:29 PM [] []
[2025-09-22 20:40:29] SlimMonoLogger.INFO: Cron ran at: 22-09-2025 08:40:29 PM [] []
[2025-09-22 20:45:31] SlimMonoLogger.INFO: Cron ran at: 22-09-2025 08:45:31 PM [] []
[2025-09-22 20:50:30] SlimMonoLogger.INFO: Cron ran at: 22-09-2025 08:50:30 PM [] []
[2025-09-22 20:55:31] SlimMonoLogger.INFO: Cron ran at: 22-09-2025 08:55:31 PM [] []
[2025-09-22 21:00:34] SlimMonoLogger.INFO: Cron ran at: 22-09-2025 09:00:34 PM [] []
[2025-09-22 21:05:31] SlimMonoLogger.INFO: Cron ran at: 22-09-2025 09:05:31 PM [] []
[2025-09-22 21:10:40] SlimMonoLogger.INFO: Cron ran at: 22-09-2025 09:10:40 PM [] []
[2025-09-22 21:15:28] SlimMonoLogger.INFO: Cron ran at: 22-09-2025 09:15:28 PM [] []
[2025-09-22 21:20:25] SlimMonoLogger.INFO: Cron ran at: 22-09-2025 09:20:25 PM [] []
[2025-09-22 21:25:26] SlimMonoLogger.INFO: Cron ran at: 22-09-2025 09:25:26 PM [] []
[2025-09-22 21:30:29] SlimMonoLogger.INFO: Cron ran at: 22-09-2025 09:30:29 PM [] []
[2025-09-22 21:35:42] SlimMonoLogger.INFO: Cron ran at: 22-09-2025 09:35:42 PM [] []
[2025-09-22 21:40:23] SlimMonoLogger.INFO: Cron ran at: 22-09-2025 09:40:23 PM [] []
[2025-09-22 21:45:28] SlimMonoLogger.INFO: Cron ran at: 22-09-2025 09:45:28 PM [] []
[2025-09-22 21:50:26] SlimMonoLogger.INFO: Cron ran at: 22-09-2025 09:50:26 PM [] []
[2025-09-22 21:55:26] SlimMonoLogger.INFO: Cron ran at: 22-09-2025 09:55:26 PM [] []
[2025-09-22 22:00:30] SlimMonoLogger.INFO: Cron ran at: 22-09-2025 10:00:30 PM [] []
[2025-09-22 22:05:45] SlimMonoLogger.INFO: Cron ran at: 22-09-2025 10:05:45 PM [] []
[2025-09-22 22:10:27] SlimMonoLogger.INFO: Cron ran at: 22-09-2025 10:10:27 PM [] []
[2025-09-22 22:15:34] SlimMonoLogger.INFO: Cron ran at: 22-09-2025 10:15:34 PM [] []
[2025-09-22 22:20:29] SlimMonoLogger.INFO: Cron ran at: 22-09-2025 10:20:29 PM [] []
[2025-09-22 22:25:32] SlimMonoLogger.INFO: Cron ran at: 22-09-2025 10:25:32 PM [] []
[2025-09-22 22:30:29] SlimMonoLogger.INFO: Cron ran at: 22-09-2025 10:30:29 PM [] []
[2025-09-22 22:35:30] SlimMonoLogger.INFO: Cron ran at: 22-09-2025 10:35:30 PM [] []
[2025-09-22 22:40:30] SlimMonoLogger.INFO: Cron ran at: 22-09-2025 10:40:30 PM [] []
[2025-09-22 22:45:25] SlimMonoLogger.INFO: Cron ran at: 22-09-2025 10:45:25 PM [] []
[2025-09-22 22:50:27] SlimMonoLogger.INFO: Cron ran at: 22-09-2025 10:50:27 PM [] []
[2025-09-22 22:55:30] SlimMonoLogger.INFO: Cron ran at: 22-09-2025 10:55:30 PM [] []
[2025-09-22 23:00:31] SlimMonoLogger.INFO: Cron ran at: 22-09-2025 11:00:31 PM [] []
[2025-09-22 23:05:30] SlimMonoLogger.INFO: Cron ran at: 22-09-2025 11:05:30 PM [] []
[2025-09-22 23:10:27] SlimMonoLogger.INFO: Cron ran at: 22-09-2025 11:10:27 PM [] []
[2025-09-22 23:15:27] SlimMonoLogger.INFO: Cron ran at: 22-09-2025 11:15:27 PM [] []
[2025-09-22 23:20:29] SlimMonoLogger.INFO: Cron ran at: 22-09-2025 11:20:29 PM [] []
[2025-09-22 23:25:41] SlimMonoLogger.INFO: Cron ran at: 22-09-2025 11:25:41 PM [] []
[2025-09-22 23:30:31] SlimMonoLogger.INFO: Cron ran at: 22-09-2025 11:30:31 PM [] []
[2025-09-22 23:35:27] SlimMonoLogger.INFO: Cron ran at: 22-09-2025 11:35:27 PM [] []
[2025-09-22 23:40:43] SlimMonoLogger.INFO: Cron ran at: 22-09-2025 11:40:43 PM [] []
[2025-09-22 23:45:37] SlimMonoLogger.INFO: Cron ran at: 22-09-2025 11:45:37 PM [] []
[2025-09-22 23:50:28] SlimMonoLogger.INFO: Cron ran at: 22-09-2025 11:50:28 PM [] []
[2025-09-22 23:55:25] SlimMonoLogger.INFO: Cron ran at: 22-09-2025 11:55:25 PM [] []
[2025-09-23 00:00:28] SlimMonoLogger.INFO: Cron ran at: 23-09-2025 12:00:28 AM [] []
[2025-09-23 00:05:34] SlimMonoLogger.INFO: Cron ran at: 23-09-2025 12:05:34 AM [] []
[2025-09-23 00:10:27] SlimMonoLogger.INFO: Cron ran at: 23-09-2025 12:10:27 AM [] []
[2025-09-23 00:15:31] SlimMonoLogger.INFO: Cron ran at: 23-09-2025 12:15:31 AM [] []
[2025-09-23 00:20:28] SlimMonoLogger.INFO: Cron ran at: 23-09-2025 12:20:28 AM [] []
[2025-09-23 00:25:26] SlimMonoLogger.INFO: Cron ran at: 23-09-2025 12:25:26 AM [] []
[2025-09-23 00:30:25] SlimMonoLogger.INFO: Cron ran at: 23-09-2025 12:30:25 AM [] []
[2025-09-23 00:35:28] SlimMonoLogger.INFO: Cron ran at: 23-09-2025 12:35:28 AM [] []
[2025-09-23 00:40:27] SlimMonoLogger.INFO: Cron ran at: 23-09-2025 12:40:27 AM [] []
[2025-09-23 00:45:30] SlimMonoLogger.INFO: Cron ran at: 23-09-2025 12:45:30 AM [] []
[2025-09-23 00:50:24] SlimMonoLogger.INFO: Cron ran at: 23-09-2025 12:50:24 AM [] []
[2025-09-23 00:55:24] SlimMonoLogger.INFO: Cron ran at: 23-09-2025 12:55:24 AM [] []
[2025-09-23 01:00:26] SlimMonoLogger.INFO: Cron ran at: 23-09-2025 01:00:26 AM [] []
[2025-09-23 01:05:26] SlimMonoLogger.INFO: Cron ran at: 23-09-2025 01:05:26 AM [] []
[2025-09-23 01:10:26] SlimMonoLogger.INFO: Cron ran at: 23-09-2025 01:10:26 AM [] []
[2025-09-23 01:15:22] SlimMonoLogger.INFO: Cron ran at: 23-09-2025 01:15:22 AM [] []
[2025-09-23 01:20:43] SlimMonoLogger.INFO: Cron ran at: 23-09-2025 01:20:43 AM [] []
[2025-09-23 01:25:24] SlimMonoLogger.INFO: Cron ran at: 23-09-2025 01:25:24 AM [] []
[2025-09-23 01:30:22] SlimMonoLogger.INFO: Cron ran at: 23-09-2025 01:30:22 AM [] []
[2025-09-23 01:35:26] SlimMonoLogger.INFO: Cron ran at: 23-09-2025 01:35:26 AM [] []
[2025-09-23 01:40:26] SlimMonoLogger.INFO: Cron ran at: 23-09-2025 01:40:26 AM [] []
[2025-09-23 01:45:26] SlimMonoLogger.INFO: Cron ran at: 23-09-2025 01:45:26 AM [] []
[2025-09-23 01:50:22] SlimMonoLogger.INFO: Cron ran at: 23-09-2025 01:50:22 AM [] []
[2025-09-23 01:55:23] SlimMonoLogger.INFO: Cron ran at: 23-09-2025 01:55:23 AM [] []
