[2025-12-22 01:01:12] SlimMonoLogger.INFO: Cron ran at: 22-12-2025 01:01:12 AM [] []
[2025-12-22 01:06:15] SlimMonoLogger.INFO: Cron ran at: 22-12-2025 01:06:15 AM [] []
[2025-12-22 01:11:15] SlimMonoLogger.INFO: Cron ran at: 22-12-2025 01:11:15 AM [] []
[2025-12-22 01:16:21] SlimMonoLogger.INFO: Cron ran at: 22-12-2025 01:16:21 AM [] []
[2025-12-22 01:21:11] SlimMonoLogger.INFO: Cron ran at: 22-12-2025 01:21:11 AM [] []
[2025-12-22 01:26:07] SlimMonoLogger.INFO: Cron ran at: 22-12-2025 01:26:07 AM [] []
[2025-12-22 01:31:18] SlimMonoLogger.INFO: Cron ran at: 22-12-2025 01:31:18 AM [] []
[2025-12-22 01:36:36] SlimMonoLogger.INFO: Cron ran at: 22-12-2025 01:36:36 AM [] []
[2025-12-22 01:41:12] SlimMonoLogger.INFO: Cron ran at: 22-12-2025 01:41:12 AM [] []
[2025-12-22 01:46:17] SlimMonoLogger.INFO: Cron ran at: 22-12-2025 01:46:17 AM [] []
[2025-12-22 01:51:22] SlimMonoLogger.INFO: Cron ran at: 22-12-2025 01:51:22 AM [] []
[2025-12-22 01:56:09] SlimMonoLogger.INFO: Cron ran at: 22-12-2025 01:56:09 AM [] []
[2025-12-22 02:01:13] SlimMonoLogger.INFO: Cron ran at: 22-12-2025 02:01:13 AM [] []
[2025-12-22 02:06:21] SlimMonoLogger.INFO: Cron ran at: 22-12-2025 02:06:21 AM [] []
[2025-12-22 02:11:12] SlimMonoLogger.INFO: Cron ran at: 22-12-2025 02:11:12 AM [] []
[2025-12-22 02:16:15] SlimMonoLogger.INFO: Cron ran at: 22-12-2025 02:16:15 AM [] []
[2025-12-22 02:21:13] SlimMonoLogger.INFO: Cron ran at: 22-12-2025 02:21:13 AM [] []
[2025-12-22 02:26:15] SlimMonoLogger.INFO: Cron ran at: 22-12-2025 02:26:15 AM [] []
[2025-12-22 02:31:28] SlimMonoLogger.INFO: Cron ran at: 22-12-2025 02:31:28 AM [] []
[2025-12-22 02:36:17] SlimMonoLogger.INFO: Cron ran at: 22-12-2025 02:36:17 AM [] []
[2025-12-22 02:41:11] SlimMonoLogger.INFO: Cron ran at: 22-12-2025 02:41:11 AM [] []
[2025-12-22 02:46:15] SlimMonoLogger.INFO: Cron ran at: 22-12-2025 02:46:15 AM [] []
[2025-12-22 02:51:12] SlimMonoLogger.INFO: Cron ran at: 22-12-2025 02:51:12 AM [] []
[2025-12-22 02:56:12] SlimMonoLogger.INFO: Cron ran at: 22-12-2025 02:56:12 AM [] []
[2025-12-22 03:01:22] SlimMonoLogger.INFO: Cron ran at: 22-12-2025 03:01:22 AM [] []
[2025-12-22 03:06:13] SlimMonoLogger.INFO: Cron ran at: 22-12-2025 03:06:13 AM [] []
[2025-12-22 03:11:18] SlimMonoLogger.INFO: Cron ran at: 22-12-2025 03:11:18 AM [] []
[2025-12-22 03:16:10] SlimMonoLogger.INFO: Cron ran at: 22-12-2025 03:16:10 AM [] []
[2025-12-22 03:21:14] SlimMonoLogger.INFO: Cron ran at: 22-12-2025 03:21:14 AM [] []
[2025-12-22 03:26:21] SlimMonoLogger.INFO: Cron ran at: 22-12-2025 03:26:21 AM [] []
[2025-12-22 03:31:22] SlimMonoLogger.INFO: Cron ran at: 22-12-2025 03:31:22 AM [] []
[2025-12-22 03:36:18] SlimMonoLogger.INFO: Cron ran at: 22-12-2025 03:36:18 AM [] []
[2025-12-22 03:41:15] SlimMonoLogger.INFO: Cron ran at: 22-12-2025 03:41:15 AM [] []
[2025-12-22 03:46:14] SlimMonoLogger.INFO: Cron ran at: 22-12-2025 03:46:14 AM [] []
[2025-12-22 03:51:09] SlimMonoLogger.INFO: Cron ran at: 22-12-2025 03:51:09 AM [] []
[2025-12-22 03:56:18] SlimMonoLogger.INFO: Cron ran at: 22-12-2025 03:56:18 AM [] []
[2025-12-22 04:01:17] SlimMonoLogger.INFO: Cron ran at: 22-12-2025 04:01:17 AM [] []
[2025-12-22 04:06:12] SlimMonoLogger.INFO: Cron ran at: 22-12-2025 04:06:12 AM [] []
[2025-12-22 04:11:10] SlimMonoLogger.INFO: Cron ran at: 22-12-2025 04:11:10 AM [] []
[2025-12-22 04:16:13] SlimMonoLogger.INFO: Cron ran at: 22-12-2025 04:16:13 AM [] []
[2025-12-22 04:21:16] SlimMonoLogger.INFO: Cron ran at: 22-12-2025 04:21:16 AM [] []
[2025-12-22 04:26:22] SlimMonoLogger.INFO: Cron ran at: 22-12-2025 04:26:22 AM [] []
[2025-12-22 04:31:11] SlimMonoLogger.INFO: Cron ran at: 22-12-2025 04:31:11 AM [] []
[2025-12-22 04:36:12] SlimMonoLogger.INFO: Cron ran at: 22-12-2025 04:36:12 AM [] []
[2025-12-22 04:41:10] SlimMonoLogger.INFO: Cron ran at: 22-12-2025 04:41:10 AM [] []
[2025-12-22 04:46:10] SlimMonoLogger.INFO: Cron ran at: 22-12-2025 04:46:10 AM [] []
[2025-12-22 04:51:12] SlimMonoLogger.INFO: Cron ran at: 22-12-2025 04:51:12 AM [] []
[2025-12-22 04:56:20] SlimMonoLogger.INFO: Cron ran at: 22-12-2025 04:56:20 AM [] []
[2025-12-22 05:01:15] SlimMonoLogger.INFO: Cron ran at: 22-12-2025 05:01:15 AM [] []
[2025-12-22 05:06:13] SlimMonoLogger.INFO: Cron ran at: 22-12-2025 05:06:13 AM [] []
[2025-12-22 05:11:18] SlimMonoLogger.INFO: Cron ran at: 22-12-2025 05:11:18 AM [] []
[2025-12-22 05:16:10] SlimMonoLogger.INFO: Cron ran at: 22-12-2025 05:16:10 AM [] []
[2025-12-22 05:21:12] SlimMonoLogger.INFO: Cron ran at: 22-12-2025 05:21:12 AM [] []
[2025-12-22 05:26:08] SlimMonoLogger.INFO: Cron ran at: 22-12-2025 05:26:08 AM [] []
[2025-12-22 05:31:16] SlimMonoLogger.INFO: Cron ran at: 22-12-2025 05:31:16 AM [] []
[2025-12-22 05:36:11] SlimMonoLogger.INFO: Cron ran at: 22-12-2025 05:36:11 AM [] []
[2025-12-22 05:41:05] SlimMonoLogger.INFO: Cron ran at: 22-12-2025 05:41:05 AM [] []
[2025-12-22 05:46:06] SlimMonoLogger.INFO: Cron ran at: 22-12-2025 05:46:06 AM [] []
[2025-12-22 05:51:10] SlimMonoLogger.INFO: Cron ran at: 22-12-2025 05:51:10 AM [] []
[2025-12-22 05:56:06] SlimMonoLogger.INFO: Cron ran at: 22-12-2025 05:56:06 AM [] []
[2025-12-22 06:01:16] SlimMonoLogger.INFO: Cron ran at: 22-12-2025 06:01:16 AM [] []
[2025-12-22 06:06:12] SlimMonoLogger.INFO: Cron ran at: 22-12-2025 06:06:12 AM [] []
[2025-12-22 06:11:12] SlimMonoLogger.INFO: Cron ran at: 22-12-2025 06:11:12 AM [] []
[2025-12-22 06:16:08] SlimMonoLogger.INFO: Cron ran at: 22-12-2025 06:16:08 AM [] []
[2025-12-22 06:21:12] SlimMonoLogger.INFO: Cron ran at: 22-12-2025 06:21:12 AM [] []
[2025-12-22 06:26:15] SlimMonoLogger.INFO: Cron ran at: 22-12-2025 06:26:15 AM [] []
[2025-12-22 06:31:13] SlimMonoLogger.INFO: Cron ran at: 22-12-2025 06:31:13 AM [] []
[2025-12-22 06:36:18] SlimMonoLogger.INFO: Cron ran at: 22-12-2025 06:36:18 AM [] []
[2025-12-22 06:46:21] SlimMonoLogger.INFO: Cron ran at: 22-12-2025 06:46:21 AM [] []
[2025-12-22 06:48:52] SlimMonoLogger.ERROR: Requests_Exception: cURL error 28: Operation timed out after 500000 milliseconds with 0 bytes received in /home/latihtal/public_html/agregator1/src/vendor/rmccue/requests/library/Requests/Transport/cURL.php:422
Stack trace:
#0 /home/latihtal/public_html/agregator1/src/vendor/rmccue/requests/library/Requests/Transport/cURL.php(177): Requests_Transport_cURL->process_response()
#1 /home/latihtal/public_html/agregator1/src/vendor/rmccue/requests/library/Requests.php(379): Requests_Transport_cURL->request()
#2 /home/latihtal/public_html/agregator1/src/vendor/rmccue/requests/library/Requests/Session.php(205): Requests::request()
#3 /home/latihtal/public_html/agregator1/src/vendor/rmccue/requests/library/Requests/Session.php(132): Requests_Session->request()
#4 /home/latihtal/public_html/agregator1/src/drivers/Http/RssImporter.php(144): Requests_Session->get()
#5 /home/latihtal/public_html/agregator1/src/controllers/Dashboard/DashboardFeedsController.php(534): spark\drivers\Http\RssImporter->fetchPosts()
#6 /home/latihtal/public_html/agregator1/src/controllers/Site/SiteController.php(722): spark\controllers\Dashboard\DashboardFeedsController::importFeedPosts()
#7 [internal function]: spark\controllers\Site\SiteController->runTasks()
#8 /home/latihtal/public_html/agregator1/src/framework/Route.php(173): call_user_func_array()
#9 [internal function]: Slim\Route->Slim\{closure}()
#10 /home/latihtal/public_html/agregator1/src/framework/Route.php(468): call_user_func_array()
#11 /home/latihtal/public_html/agregator1/src/framework/Slim.php(1364): Slim\Route->dispatch()
#12 /home/latihtal/public_html/agregator1/src/framework/Middleware/Flash.php(85): Slim\Slim->call()
#13 /home/latihtal/public_html/agregator1/src/framework/Middleware/MethodOverride.php(92): Slim\Middleware\Flash->call()
#14 /home/latihtal/public_html/agregator1/src/middlewares/CsrfGuard/CsrfGuard.php(47): Slim\Middleware\MethodOverride->call()
#15 /home/latihtal/public_html/agregator1/src/framework/Middleware/PrettyExceptions.php(67): spark\middlewares\CsrfGuard\CsrfGuard->call()
#16 /home/latihtal/public_html/agregator1/src/framework/Slim.php(1308): Slim\Middleware\PrettyExceptions->call()
#17 /home/latihtal/public_html/agregator1/index.php(6): Slim\Slim->run()
#18 {main} [] []
[2025-12-22 06:49:34] SlimMonoLogger.INFO: Cron ran at: 22-12-2025 06:49:34 AM [] []
[2025-12-22 06:51:12] SlimMonoLogger.INFO: Cron ran at: 22-12-2025 06:51:12 AM [] []
[2025-12-22 06:57:10] SlimMonoLogger.INFO: Cron ran at: 22-12-2025 06:57:10 AM [] []
[2025-12-22 07:01:08] SlimMonoLogger.INFO: Cron ran at: 22-12-2025 07:01:08 AM [] []
[2025-12-22 07:06:48] SlimMonoLogger.INFO: Cron ran at: 22-12-2025 07:06:48 AM [] []
[2025-12-22 07:11:19] SlimMonoLogger.INFO: Cron ran at: 22-12-2025 07:11:19 AM [] []
[2025-12-22 07:16:17] SlimMonoLogger.INFO: Cron ran at: 22-12-2025 07:16:17 AM [] []
[2025-12-22 07:21:03] SlimMonoLogger.INFO: Cron ran at: 22-12-2025 07:21:03 AM [] []
[2025-12-22 07:26:16] SlimMonoLogger.INFO: Cron ran at: 22-12-2025 07:26:16 AM [] []
[2025-12-22 07:39:29] SlimMonoLogger.ERROR: Requests_Exception: cURL error 28: Operation timed out after 500001 milliseconds with 0 bytes received in /home/latihtal/public_html/agregator1/src/vendor/rmccue/requests/library/Requests/Transport/cURL.php:422
Stack trace:
#0 /home/latihtal/public_html/agregator1/src/vendor/rmccue/requests/library/Requests/Transport/cURL.php(177): Requests_Transport_cURL->process_response()
#1 /home/latihtal/public_html/agregator1/src/vendor/rmccue/requests/library/Requests.php(379): Requests_Transport_cURL->request()
#2 /home/latihtal/public_html/agregator1/src/vendor/rmccue/requests/library/Requests/Session.php(205): Requests::request()
#3 /home/latihtal/public_html/agregator1/src/vendor/rmccue/requests/library/Requests/Session.php(132): Requests_Session->request()
#4 /home/latihtal/public_html/agregator1/src/drivers/Http/RssImporter.php(144): Requests_Session->get()
#5 /home/latihtal/public_html/agregator1/src/controllers/Dashboard/DashboardFeedsController.php(534): spark\drivers\Http\RssImporter->fetchPosts()
#6 /home/latihtal/public_html/agregator1/src/controllers/Site/SiteController.php(722): spark\controllers\Dashboard\DashboardFeedsController::importFeedPosts()
#7 [internal function]: spark\controllers\Site\SiteController->runTasks()
#8 /home/latihtal/public_html/agregator1/src/framework/Route.php(173): call_user_func_array()
#9 [internal function]: Slim\Route->Slim\{closure}()
#10 /home/latihtal/public_html/agregator1/src/framework/Route.php(468): call_user_func_array()
#11 /home/latihtal/public_html/agregator1/src/framework/Slim.php(1364): Slim\Route->dispatch()
#12 /home/latihtal/public_html/agregator1/src/framework/Middleware/Flash.php(85): Slim\Slim->call()
#13 /home/latihtal/public_html/agregator1/src/framework/Middleware/MethodOverride.php(92): Slim\Middleware\Flash->call()
#14 /home/latihtal/public_html/agregator1/src/middlewares/CsrfGuard/CsrfGuard.php(47): Slim\Middleware\MethodOverride->call()
#15 /home/latihtal/public_html/agregator1/src/framework/Middleware/PrettyExceptions.php(67): spark\middlewares\CsrfGuard\CsrfGuard->call()
#16 /home/latihtal/public_html/agregator1/src/framework/Slim.php(1308): Slim\Middleware\PrettyExceptions->call()
#17 /home/latihtal/public_html/agregator1/index.php(6): Slim\Slim->run()
#18 {main} [] []
[2025-12-22 07:39:41] SlimMonoLogger.INFO: Cron ran at: 22-12-2025 07:39:41 AM [] []
[2025-12-22 07:43:45] SlimMonoLogger.ERROR: Requests_Exception: cURL error 28: Connection timed out after 500001 milliseconds in /home/latihtal/public_html/agregator1/src/vendor/rmccue/requests/library/Requests/Transport/cURL.php:422
Stack trace:
#0 /home/latihtal/public_html/agregator1/src/vendor/rmccue/requests/library/Requests/Transport/cURL.php(177): Requests_Transport_cURL->process_response()
#1 /home/latihtal/public_html/agregator1/src/vendor/rmccue/requests/library/Requests.php(379): Requests_Transport_cURL->request()
#2 /home/latihtal/public_html/agregator1/src/vendor/rmccue/requests/library/Requests/Session.php(205): Requests::request()
#3 /home/latihtal/public_html/agregator1/src/vendor/rmccue/requests/library/Requests/Session.php(132): Requests_Session->request()
#4 /home/latihtal/public_html/agregator1/src/drivers/Http/RssImporter.php(144): Requests_Session->get()
#5 /home/latihtal/public_html/agregator1/src/controllers/Dashboard/DashboardFeedsController.php(534): spark\drivers\Http\RssImporter->fetchPosts()
#6 /home/latihtal/public_html/agregator1/src/controllers/Site/SiteController.php(722): spark\controllers\Dashboard\DashboardFeedsController::importFeedPosts()
#7 [internal function]: spark\controllers\Site\SiteController->runTasks()
#8 /home/latihtal/public_html/agregator1/src/framework/Route.php(173): call_user_func_array()
#9 [internal function]: Slim\Route->Slim\{closure}()
#10 /home/latihtal/public_html/agregator1/src/framework/Route.php(468): call_user_func_array()
#11 /home/latihtal/public_html/agregator1/src/framework/Slim.php(1364): Slim\Route->dispatch()
#12 /home/latihtal/public_html/agregator1/src/framework/Middleware/Flash.php(85): Slim\Slim->call()
#13 /home/latihtal/public_html/agregator1/src/framework/Middleware/MethodOverride.php(92): Slim\Middleware\Flash->call()
#14 /home/latihtal/public_html/agregator1/src/middlewares/CsrfGuard/CsrfGuard.php(47): Slim\Middleware\MethodOverride->call()
#15 /home/latihtal/public_html/agregator1/src/framework/Middleware/PrettyExceptions.php(67): spark\middlewares\CsrfGuard\CsrfGuard->call()
#16 /home/latihtal/public_html/agregator1/src/framework/Slim.php(1308): Slim\Middleware\PrettyExceptions->call()
#17 /home/latihtal/public_html/agregator1/index.php(6): Slim\Slim->run()
#18 {main} [] []
[2025-12-22 07:44:42] SlimMonoLogger.INFO: Cron ran at: 22-12-2025 07:44:42 AM [] []
[2025-12-22 07:46:05] SlimMonoLogger.INFO: Cron ran at: 22-12-2025 07:46:05 AM [] []
[2025-12-22 07:48:47] SlimMonoLogger.ERROR: Requests_Exception: cURL error 28: Connection timed out after 500008 milliseconds in /home/latihtal/public_html/agregator1/src/vendor/rmccue/requests/library/Requests/Transport/cURL.php:422
Stack trace:
#0 /home/latihtal/public_html/agregator1/src/vendor/rmccue/requests/library/Requests/Transport/cURL.php(177): Requests_Transport_cURL->process_response()
#1 /home/latihtal/public_html/agregator1/src/vendor/rmccue/requests/library/Requests.php(379): Requests_Transport_cURL->request()
#2 /home/latihtal/public_html/agregator1/src/vendor/rmccue/requests/library/Requests/Session.php(205): Requests::request()
#3 /home/latihtal/public_html/agregator1/src/vendor/rmccue/requests/library/Requests/Session.php(132): Requests_Session->request()
#4 /home/latihtal/public_html/agregator1/src/drivers/Http/RssImporter.php(144): Requests_Session->get()
#5 /home/latihtal/public_html/agregator1/src/controllers/Dashboard/DashboardFeedsController.php(534): spark\drivers\Http\RssImporter->fetchPosts()
#6 /home/latihtal/public_html/agregator1/src/controllers/Site/SiteController.php(722): spark\controllers\Dashboard\DashboardFeedsController::importFeedPosts()
#7 [internal function]: spark\controllers\Site\SiteController->runTasks()
#8 /home/latihtal/public_html/agregator1/src/framework/Route.php(173): call_user_func_array()
#9 [internal function]: Slim\Route->Slim\{closure}()
#10 /home/latihtal/public_html/agregator1/src/framework/Route.php(468): call_user_func_array()
#11 /home/latihtal/public_html/agregator1/src/framework/Slim.php(1364): Slim\Route->dispatch()
#12 /home/latihtal/public_html/agregator1/src/framework/Middleware/Flash.php(85): Slim\Slim->call()
#13 /home/latihtal/public_html/agregator1/src/framework/Middleware/MethodOverride.php(92): Slim\Middleware\Flash->call()
#14 /home/latihtal/public_html/agregator1/src/middlewares/CsrfGuard/CsrfGuard.php(47): Slim\Middleware\MethodOverride->call()
#15 /home/latihtal/public_html/agregator1/src/framework/Middleware/PrettyExceptions.php(67): spark\middlewares\CsrfGuard\CsrfGuard->call()
#16 /home/latihtal/public_html/agregator1/src/framework/Slim.php(1308): Slim\Middleware\PrettyExceptions->call()
#17 /home/latihtal/public_html/agregator1/index.php(6): Slim\Slim->run()
#18 {main} [] []
[2025-12-22 07:49:34] SlimMonoLogger.INFO: Cron ran at: 22-12-2025 07:49:34 AM [] []
[2025-12-22 07:51:02] SlimMonoLogger.INFO: Cron ran at: 22-12-2025 07:51:02 AM [] []
[2025-12-22 07:56:05] SlimMonoLogger.INFO: Cron ran at: 22-12-2025 07:56:05 AM [] []
[2025-12-22 08:01:20] SlimMonoLogger.INFO: Cron ran at: 22-12-2025 08:01:20 AM [] []
[2025-12-22 08:06:06] SlimMonoLogger.INFO: Cron ran at: 22-12-2025 08:06:06 AM [] []
[2025-12-22 08:11:13] SlimMonoLogger.INFO: Cron ran at: 22-12-2025 08:11:13 AM [] []
[2025-12-22 08:16:04] SlimMonoLogger.INFO: Cron ran at: 22-12-2025 08:16:04 AM [] []
[2025-12-22 08:26:12] SlimMonoLogger.INFO: Cron ran at: 22-12-2025 08:26:12 AM [] []
[2025-12-22 08:28:49] SlimMonoLogger.ERROR: Requests_Exception: cURL error 28: Operation timed out after 500000 milliseconds with 0 bytes received in /home/latihtal/public_html/agregator1/src/vendor/rmccue/requests/library/Requests/Transport/cURL.php:422
Stack trace:
#0 /home/latihtal/public_html/agregator1/src/vendor/rmccue/requests/library/Requests/Transport/cURL.php(177): Requests_Transport_cURL->process_response()
#1 /home/latihtal/public_html/agregator1/src/vendor/rmccue/requests/library/Requests.php(379): Requests_Transport_cURL->request()
#2 /home/latihtal/public_html/agregator1/src/vendor/rmccue/requests/library/Requests/Session.php(205): Requests::request()
#3 /home/latihtal/public_html/agregator1/src/vendor/rmccue/requests/library/Requests/Session.php(132): Requests_Session->request()
#4 /home/latihtal/public_html/agregator1/src/drivers/Http/RssImporter.php(144): Requests_Session->get()
#5 /home/latihtal/public_html/agregator1/src/controllers/Dashboard/DashboardFeedsController.php(534): spark\drivers\Http\RssImporter->fetchPosts()
#6 /home/latihtal/public_html/agregator1/src/controllers/Site/SiteController.php(722): spark\controllers\Dashboard\DashboardFeedsController::importFeedPosts()
#7 [internal function]: spark\controllers\Site\SiteController->runTasks()
#8 /home/latihtal/public_html/agregator1/src/framework/Route.php(173): call_user_func_array()
#9 [internal function]: Slim\Route->Slim\{closure}()
#10 /home/latihtal/public_html/agregator1/src/framework/Route.php(468): call_user_func_array()
#11 /home/latihtal/public_html/agregator1/src/framework/Slim.php(1364): Slim\Route->dispatch()
#12 /home/latihtal/public_html/agregator1/src/framework/Middleware/Flash.php(85): Slim\Slim->call()
#13 /home/latihtal/public_html/agregator1/src/framework/Middleware/MethodOverride.php(92): Slim\Middleware\Flash->call()
#14 /home/latihtal/public_html/agregator1/src/middlewares/CsrfGuard/CsrfGuard.php(47): Slim\Middleware\MethodOverride->call()
#15 /home/latihtal/public_html/agregator1/src/framework/Middleware/PrettyExceptions.php(67): spark\middlewares\CsrfGuard\CsrfGuard->call()
#16 /home/latihtal/public_html/agregator1/src/framework/Slim.php(1308): Slim\Middleware\PrettyExceptions->call()
#17 /home/latihtal/public_html/agregator1/index.php(6): Slim\Slim->run()
#18 {main} [] []
[2025-12-22 08:29:28] SlimMonoLogger.INFO: Cron ran at: 22-12-2025 08:29:28 AM [] []
[2025-12-22 08:31:07] SlimMonoLogger.INFO: Cron ran at: 22-12-2025 08:31:07 AM [] []
[2025-12-22 08:36:16] SlimMonoLogger.INFO: Cron ran at: 22-12-2025 08:36:16 AM [] []
[2025-12-22 08:41:13] SlimMonoLogger.INFO: Cron ran at: 22-12-2025 08:41:13 AM [] []
[2025-12-22 08:48:03] SlimMonoLogger.INFO: Cron ran at: 22-12-2025 08:48:03 AM [] []
[2025-12-22 08:51:20] SlimMonoLogger.INFO: Cron ran at: 22-12-2025 08:51:20 AM [] []
[2025-12-22 09:06:39] SlimMonoLogger.INFO: Cron ran at: 22-12-2025 09:06:39 AM [] []
[2025-12-22 09:12:06] SlimMonoLogger.ERROR: Requests_Exception: cURL error 52: Empty reply from server in /home/latihtal/public_html/agregator1/src/vendor/rmccue/requests/library/Requests/Transport/cURL.php:422
Stack trace:
#0 /home/latihtal/public_html/agregator1/src/vendor/rmccue/requests/library/Requests/Transport/cURL.php(177): Requests_Transport_cURL->process_response()
#1 /home/latihtal/public_html/agregator1/src/vendor/rmccue/requests/library/Requests.php(379): Requests_Transport_cURL->request()
#2 /home/latihtal/public_html/agregator1/src/vendor/rmccue/requests/library/Requests/Session.php(205): Requests::request()
#3 /home/latihtal/public_html/agregator1/src/vendor/rmccue/requests/library/Requests/Session.php(132): Requests_Session->request()
#4 /home/latihtal/public_html/agregator1/src/drivers/Http/RssImporter.php(144): Requests_Session->get()
#5 /home/latihtal/public_html/agregator1/src/controllers/Dashboard/DashboardFeedsController.php(534): spark\drivers\Http\RssImporter->fetchPosts()
#6 /home/latihtal/public_html/agregator1/src/controllers/Site/SiteController.php(722): spark\controllers\Dashboard\DashboardFeedsController::importFeedPosts()
#7 [internal function]: spark\controllers\Site\SiteController->runTasks()
#8 /home/latihtal/public_html/agregator1/src/framework/Route.php(173): call_user_func_array()
#9 [internal function]: Slim\Route->Slim\{closure}()
#10 /home/latihtal/public_html/agregator1/src/framework/Route.php(468): call_user_func_array()
#11 /home/latihtal/public_html/agregator1/src/framework/Slim.php(1364): Slim\Route->dispatch()
#12 /home/latihtal/public_html/agregator1/src/framework/Middleware/Flash.php(85): Slim\Slim->call()
#13 /home/latihtal/public_html/agregator1/src/framework/Middleware/MethodOverride.php(92): Slim\Middleware\Flash->call()
#14 /home/latihtal/public_html/agregator1/src/middlewares/CsrfGuard/CsrfGuard.php(47): Slim\Middleware\MethodOverride->call()
#15 /home/latihtal/public_html/agregator1/src/framework/Middleware/PrettyExceptions.php(67): spark\middlewares\CsrfGuard\CsrfGuard->call()
#16 /home/latihtal/public_html/agregator1/src/framework/Slim.php(1308): Slim\Middleware\PrettyExceptions->call()
#17 /home/latihtal/public_html/agregator1/index.php(6): Slim\Slim->run()
#18 {main} [] []
[2025-12-22 09:12:34] SlimMonoLogger.INFO: Cron ran at: 22-12-2025 09:12:34 AM [] []
[2025-12-22 09:16:29] SlimMonoLogger.INFO: Cron ran at: 22-12-2025 09:16:29 AM [] []
[2025-12-22 09:21:37] SlimMonoLogger.INFO: Cron ran at: 22-12-2025 09:21:37 AM [] []
[2025-12-22 09:26:46] SlimMonoLogger.INFO: Cron ran at: 22-12-2025 09:26:46 AM [] []
[2025-12-22 09:31:45] SlimMonoLogger.INFO: Cron ran at: 22-12-2025 09:31:45 AM [] []
[2025-12-22 09:36:32] SlimMonoLogger.INFO: Cron ran at: 22-12-2025 09:36:32 AM [] []
[2025-12-22 09:46:37] SlimMonoLogger.INFO: Cron ran at: 22-12-2025 09:46:37 AM [] []
[2025-12-22 09:51:28] SlimMonoLogger.INFO: Cron ran at: 22-12-2025 09:51:28 AM [] []
[2025-12-22 09:56:17] SlimMonoLogger.INFO: Cron ran at: 22-12-2025 09:56:17 AM [] []
[2025-12-22 10:01:27] SlimMonoLogger.INFO: Cron ran at: 22-12-2025 10:01:27 AM [] []
[2025-12-22 10:06:28] SlimMonoLogger.INFO: Cron ran at: 22-12-2025 10:06:28 AM [] []
[2025-12-22 10:11:25] SlimMonoLogger.INFO: Cron ran at: 22-12-2025 10:11:25 AM [] []
[2025-12-22 10:16:35] SlimMonoLogger.INFO: Cron ran at: 22-12-2025 10:16:35 AM [] []
[2025-12-22 10:21:32] SlimMonoLogger.INFO: Cron ran at: 22-12-2025 10:21:32 AM [] []
[2025-12-22 10:26:24] SlimMonoLogger.INFO: Cron ran at: 22-12-2025 10:26:24 AM [] []
[2025-12-22 10:31:44] SlimMonoLogger.INFO: Cron ran at: 22-12-2025 10:31:44 AM [] []
[2025-12-22 10:36:27] SlimMonoLogger.INFO: Cron ran at: 22-12-2025 10:36:27 AM [] []
[2025-12-22 10:41:38] SlimMonoLogger.INFO: Cron ran at: 22-12-2025 10:41:38 AM [] []
[2025-12-22 10:46:20] SlimMonoLogger.INFO: Cron ran at: 22-12-2025 10:46:20 AM [] []
[2025-12-22 10:51:32] SlimMonoLogger.INFO: Cron ran at: 22-12-2025 10:51:32 AM [] []
[2025-12-22 10:56:24] SlimMonoLogger.INFO: Cron ran at: 22-12-2025 10:56:24 AM [] []
[2025-12-22 11:01:34] SlimMonoLogger.INFO: Cron ran at: 22-12-2025 11:01:34 AM [] []
[2025-12-22 11:06:33] SlimMonoLogger.INFO: Cron ran at: 22-12-2025 11:06:33 AM [] []
[2025-12-22 11:11:23] SlimMonoLogger.INFO: Cron ran at: 22-12-2025 11:11:23 AM [] []
[2025-12-22 11:16:23] SlimMonoLogger.INFO: Cron ran at: 22-12-2025 11:16:23 AM [] []
[2025-12-22 11:21:27] SlimMonoLogger.INFO: Cron ran at: 22-12-2025 11:21:27 AM [] []
[2025-12-22 11:26:26] SlimMonoLogger.INFO: Cron ran at: 22-12-2025 11:26:26 AM [] []
[2025-12-22 11:31:30] SlimMonoLogger.INFO: Cron ran at: 22-12-2025 11:31:30 AM [] []
[2025-12-22 11:36:37] SlimMonoLogger.INFO: Cron ran at: 22-12-2025 11:36:37 AM [] []
[2025-12-22 11:41:27] SlimMonoLogger.INFO: Cron ran at: 22-12-2025 11:41:27 AM [] []
[2025-12-22 11:46:18] SlimMonoLogger.INFO: Cron ran at: 22-12-2025 11:46:18 AM [] []
[2025-12-22 11:51:22] SlimMonoLogger.INFO: Cron ran at: 22-12-2025 11:51:22 AM [] []
[2025-12-22 11:56:20] SlimMonoLogger.INFO: Cron ran at: 22-12-2025 11:56:20 AM [] []
[2025-12-22 12:01:28] SlimMonoLogger.INFO: Cron ran at: 22-12-2025 12:01:28 PM [] []
[2025-12-22 12:06:36] SlimMonoLogger.INFO: Cron ran at: 22-12-2025 12:06:36 PM [] []
[2025-12-22 12:11:37] SlimMonoLogger.INFO: Cron ran at: 22-12-2025 12:11:37 PM [] []
[2025-12-22 12:16:37] SlimMonoLogger.INFO: Cron ran at: 22-12-2025 12:16:37 PM [] []
[2025-12-22 12:21:41] SlimMonoLogger.INFO: Cron ran at: 22-12-2025 12:21:41 PM [] []
[2025-12-22 12:26:36] SlimMonoLogger.INFO: Cron ran at: 22-12-2025 12:26:36 PM [] []
[2025-12-22 12:31:28] SlimMonoLogger.INFO: Cron ran at: 22-12-2025 12:31:28 PM [] []
[2025-12-22 12:36:20] SlimMonoLogger.INFO: Cron ran at: 22-12-2025 12:36:20 PM [] []
[2025-12-22 12:41:42] SlimMonoLogger.INFO: Cron ran at: 22-12-2025 12:41:42 PM [] []
[2025-12-22 12:46:25] SlimMonoLogger.INFO: Cron ran at: 22-12-2025 12:46:25 PM [] []
[2025-12-22 12:51:54] SlimMonoLogger.INFO: Cron ran at: 22-12-2025 12:51:54 PM [] []
[2025-12-22 12:56:22] SlimMonoLogger.INFO: Cron ran at: 22-12-2025 12:56:22 PM [] []
[2025-12-22 13:01:38] SlimMonoLogger.INFO: Cron ran at: 22-12-2025 01:01:38 PM [] []
[2025-12-22 13:06:19] SlimMonoLogger.INFO: Cron ran at: 22-12-2025 01:06:19 PM [] []
[2025-12-22 13:11:31] SlimMonoLogger.INFO: Cron ran at: 22-12-2025 01:11:31 PM [] []
[2025-12-22 13:16:30] SlimMonoLogger.INFO: Cron ran at: 22-12-2025 01:16:30 PM [] []
[2025-12-22 13:21:25] SlimMonoLogger.INFO: Cron ran at: 22-12-2025 01:21:25 PM [] []
[2025-12-22 13:26:29] SlimMonoLogger.INFO: Cron ran at: 22-12-2025 01:26:29 PM [] []
[2025-12-22 13:31:39] SlimMonoLogger.INFO: Cron ran at: 22-12-2025 01:31:39 PM [] []
[2025-12-22 13:36:42] SlimMonoLogger.INFO: Cron ran at: 22-12-2025 01:36:42 PM [] []
[2025-12-22 13:41:22] SlimMonoLogger.INFO: Cron ran at: 22-12-2025 01:41:22 PM [] []
[2025-12-22 13:46:51] SlimMonoLogger.ERROR: Requests_Exception: cURL error 52: Empty reply from server in /home/latihtal/public_html/agregator1/src/vendor/rmccue/requests/library/Requests/Transport/cURL.php:422
Stack trace:
#0 /home/latihtal/public_html/agregator1/src/vendor/rmccue/requests/library/Requests/Transport/cURL.php(177): Requests_Transport_cURL->process_response()
#1 /home/latihtal/public_html/agregator1/src/vendor/rmccue/requests/library/Requests.php(379): Requests_Transport_cURL->request()
#2 /home/latihtal/public_html/agregator1/src/vendor/rmccue/requests/library/Requests/Session.php(205): Requests::request()
#3 /home/latihtal/public_html/agregator1/src/vendor/rmccue/requests/library/Requests/Session.php(132): Requests_Session->request()
#4 /home/latihtal/public_html/agregator1/src/drivers/Http/RssImporter.php(144): Requests_Session->get()
#5 /home/latihtal/public_html/agregator1/src/controllers/Dashboard/DashboardFeedsController.php(534): spark\drivers\Http\RssImporter->fetchPosts()
#6 /home/latihtal/public_html/agregator1/src/controllers/Site/SiteController.php(722): spark\controllers\Dashboard\DashboardFeedsController::importFeedPosts()
#7 [internal function]: spark\controllers\Site\SiteController->runTasks()
#8 /home/latihtal/public_html/agregator1/src/framework/Route.php(173): call_user_func_array()
#9 [internal function]: Slim\Route->Slim\{closure}()
#10 /home/latihtal/public_html/agregator1/src/framework/Route.php(468): call_user_func_array()
#11 /home/latihtal/public_html/agregator1/src/framework/Slim.php(1364): Slim\Route->dispatch()
#12 /home/latihtal/public_html/agregator1/src/framework/Middleware/Flash.php(85): Slim\Slim->call()
#13 /home/latihtal/public_html/agregator1/src/framework/Middleware/MethodOverride.php(92): Slim\Middleware\Flash->call()
#14 /home/latihtal/public_html/agregator1/src/middlewares/CsrfGuard/CsrfGuard.php(47): Slim\Middleware\MethodOverride->call()
#15 /home/latihtal/public_html/agregator1/src/framework/Middleware/PrettyExceptions.php(67): spark\middlewares\CsrfGuard\CsrfGuard->call()
#16 /home/latihtal/public_html/agregator1/src/framework/Slim.php(1308): Slim\Middleware\PrettyExceptions->call()
#17 /home/latihtal/public_html/agregator1/index.php(6): Slim\Slim->run()
#18 {main} [] []
[2025-12-22 13:47:45] SlimMonoLogger.INFO: Cron ran at: 22-12-2025 01:47:45 PM [] []
[2025-12-22 13:56:19] SlimMonoLogger.INFO: Cron ran at: 22-12-2025 01:56:19 PM [] []
[2025-12-22 13:58:49] SlimMonoLogger.ERROR: Requests_Exception: cURL error 28: Operation timed out after 500002 milliseconds with 32269 bytes received in /home/latihtal/public_html/agregator1/src/vendor/rmccue/requests/library/Requests/Transport/cURL.php:422
Stack trace:
#0 /home/latihtal/public_html/agregator1/src/vendor/rmccue/requests/library/Requests/Transport/cURL.php(177): Requests_Transport_cURL->process_response()
#1 /home/latihtal/public_html/agregator1/src/vendor/rmccue/requests/library/Requests.php(379): Requests_Transport_cURL->request()
#2 /home/latihtal/public_html/agregator1/src/vendor/rmccue/requests/library/Requests/Session.php(205): Requests::request()
#3 /home/latihtal/public_html/agregator1/src/vendor/rmccue/requests/library/Requests/Session.php(132): Requests_Session->request()
#4 /home/latihtal/public_html/agregator1/src/drivers/Http/RssImporter.php(144): Requests_Session->get()
#5 /home/latihtal/public_html/agregator1/src/controllers/Dashboard/DashboardFeedsController.php(534): spark\drivers\Http\RssImporter->fetchPosts()
#6 /home/latihtal/public_html/agregator1/src/controllers/Site/SiteController.php(722): spark\controllers\Dashboard\DashboardFeedsController::importFeedPosts()
#7 [internal function]: spark\controllers\Site\SiteController->runTasks()
#8 /home/latihtal/public_html/agregator1/src/framework/Route.php(173): call_user_func_array()
#9 [internal function]: Slim\Route->Slim\{closure}()
#10 /home/latihtal/public_html/agregator1/src/framework/Route.php(468): call_user_func_array()
#11 /home/latihtal/public_html/agregator1/src/framework/Slim.php(1364): Slim\Route->dispatch()
#12 /home/latihtal/public_html/agregator1/src/framework/Middleware/Flash.php(85): Slim\Slim->call()
#13 /home/latihtal/public_html/agregator1/src/framework/Middleware/MethodOverride.php(92): Slim\Middleware\Flash->call()
#14 /home/latihtal/public_html/agregator1/src/middlewares/CsrfGuard/CsrfGuard.php(47): Slim\Middleware\MethodOverride->call()
#15 /home/latihtal/public_html/agregator1/src/framework/Middleware/PrettyExceptions.php(67): spark\middlewares\CsrfGuard\CsrfGuard->call()
#16 /home/latihtal/public_html/agregator1/src/framework/Slim.php(1308): Slim\Middleware\PrettyExceptions->call()
#17 /home/latihtal/public_html/agregator1/index.php(6): Slim\Slim->run()
#18 {main} [] []
[2025-12-22 13:59:37] SlimMonoLogger.INFO: Cron ran at: 22-12-2025 01:59:37 PM [] []
[2025-12-22 14:06:29] SlimMonoLogger.INFO: Cron ran at: 22-12-2025 02:06:29 PM [] []
[2025-12-22 14:09:00] SlimMonoLogger.ERROR: Requests_Exception: cURL error 28: Operation timed out after 500001 milliseconds with 48629 bytes received in /home/latihtal/public_html/agregator1/src/vendor/rmccue/requests/library/Requests/Transport/cURL.php:422
Stack trace:
#0 /home/latihtal/public_html/agregator1/src/vendor/rmccue/requests/library/Requests/Transport/cURL.php(177): Requests_Transport_cURL->process_response()
#1 /home/latihtal/public_html/agregator1/src/vendor/rmccue/requests/library/Requests.php(379): Requests_Transport_cURL->request()
#2 /home/latihtal/public_html/agregator1/src/vendor/rmccue/requests/library/Requests/Session.php(205): Requests::request()
#3 /home/latihtal/public_html/agregator1/src/vendor/rmccue/requests/library/Requests/Session.php(132): Requests_Session->request()
#4 /home/latihtal/public_html/agregator1/src/drivers/Http/RssImporter.php(144): Requests_Session->get()
#5 /home/latihtal/public_html/agregator1/src/controllers/Dashboard/DashboardFeedsController.php(534): spark\drivers\Http\RssImporter->fetchPosts()
#6 /home/latihtal/public_html/agregator1/src/controllers/Site/SiteController.php(722): spark\controllers\Dashboard\DashboardFeedsController::importFeedPosts()
#7 [internal function]: spark\controllers\Site\SiteController->runTasks()
#8 /home/latihtal/public_html/agregator1/src/framework/Route.php(173): call_user_func_array()
#9 [internal function]: Slim\Route->Slim\{closure}()
#10 /home/latihtal/public_html/agregator1/src/framework/Route.php(468): call_user_func_array()
#11 /home/latihtal/public_html/agregator1/src/framework/Slim.php(1364): Slim\Route->dispatch()
#12 /home/latihtal/public_html/agregator1/src/framework/Middleware/Flash.php(85): Slim\Slim->call()
#13 /home/latihtal/public_html/agregator1/src/framework/Middleware/MethodOverride.php(92): Slim\Middleware\Flash->call()
#14 /home/latihtal/public_html/agregator1/src/middlewares/CsrfGuard/CsrfGuard.php(47): Slim\Middleware\MethodOverride->call()
#15 /home/latihtal/public_html/agregator1/src/framework/Middleware/PrettyExceptions.php(67): spark\middlewares\CsrfGuard\CsrfGuard->call()
#16 /home/latihtal/public_html/agregator1/src/framework/Slim.php(1308): Slim\Middleware\PrettyExceptions->call()
#17 /home/latihtal/public_html/agregator1/index.php(6): Slim\Slim->run()
#18 {main} [] []
[2025-12-22 14:10:00] SlimMonoLogger.INFO: Cron ran at: 22-12-2025 02:10:00 PM [] []
[2025-12-22 14:11:17] SlimMonoLogger.INFO: Cron ran at: 22-12-2025 02:11:17 PM [] []
[2025-12-22 14:16:44] SlimMonoLogger.INFO: Cron ran at: 22-12-2025 02:16:44 PM [] []
[2025-12-22 14:21:49] SlimMonoLogger.INFO: Cron ran at: 22-12-2025 02:21:49 PM [] []
[2025-12-22 14:26:26] SlimMonoLogger.INFO: Cron ran at: 22-12-2025 02:26:26 PM [] []
[2025-12-22 14:31:23] SlimMonoLogger.INFO: Cron ran at: 22-12-2025 02:31:23 PM [] []
[2025-12-22 14:36:30] SlimMonoLogger.INFO: Cron ran at: 22-12-2025 02:36:30 PM [] []
[2025-12-22 14:41:27] SlimMonoLogger.INFO: Cron ran at: 22-12-2025 02:41:27 PM [] []
[2025-12-22 14:46:32] SlimMonoLogger.INFO: Cron ran at: 22-12-2025 02:46:32 PM [] []
[2025-12-22 14:51:28] SlimMonoLogger.INFO: Cron ran at: 22-12-2025 02:51:28 PM [] []
[2025-12-22 14:56:20] SlimMonoLogger.INFO: Cron ran at: 22-12-2025 02:56:20 PM [] []
[2025-12-22 15:01:30] SlimMonoLogger.INFO: Cron ran at: 22-12-2025 03:01:30 PM [] []
[2025-12-22 15:06:23] SlimMonoLogger.INFO: Cron ran at: 22-12-2025 03:06:23 PM [] []
[2025-12-22 15:11:21] SlimMonoLogger.INFO: Cron ran at: 22-12-2025 03:11:21 PM [] []
[2025-12-22 15:16:27] SlimMonoLogger.INFO: Cron ran at: 22-12-2025 03:16:27 PM [] []
[2025-12-22 15:21:19] SlimMonoLogger.INFO: Cron ran at: 22-12-2025 03:21:19 PM [] []
[2025-12-22 15:26:46] SlimMonoLogger.INFO: Cron ran at: 22-12-2025 03:26:46 PM [] []
[2025-12-22 15:31:23] SlimMonoLogger.INFO: Cron ran at: 22-12-2025 03:31:23 PM [] []
[2025-12-22 15:36:22] SlimMonoLogger.INFO: Cron ran at: 22-12-2025 03:36:22 PM [] []
[2025-12-22 15:41:19] SlimMonoLogger.INFO: Cron ran at: 22-12-2025 03:41:19 PM [] []
[2025-12-22 15:46:14] SlimMonoLogger.INFO: Cron ran at: 22-12-2025 03:46:14 PM [] []
[2025-12-22 15:51:22] SlimMonoLogger.INFO: Cron ran at: 22-12-2025 03:51:22 PM [] []
[2025-12-22 15:56:21] SlimMonoLogger.INFO: Cron ran at: 22-12-2025 03:56:21 PM [] []
[2025-12-22 16:01:28] SlimMonoLogger.INFO: Cron ran at: 22-12-2025 04:01:28 PM [] []
[2025-12-22 16:06:36] SlimMonoLogger.INFO: Cron ran at: 22-12-2025 04:06:36 PM [] []
[2025-12-22 16:11:23] SlimMonoLogger.INFO: Cron ran at: 22-12-2025 04:11:23 PM [] []
[2025-12-22 16:16:16] SlimMonoLogger.INFO: Cron ran at: 22-12-2025 04:16:16 PM [] []
[2025-12-22 16:21:19] SlimMonoLogger.INFO: Cron ran at: 22-12-2025 04:21:19 PM [] []
[2025-12-22 16:26:34] SlimMonoLogger.INFO: Cron ran at: 22-12-2025 04:26:34 PM [] []
[2025-12-22 16:36:34] SlimMonoLogger.INFO: Cron ran at: 22-12-2025 04:36:34 PM [] []
[2025-12-22 16:41:26] SlimMonoLogger.INFO: Cron ran at: 22-12-2025 04:41:26 PM [] []
[2025-12-22 16:46:31] SlimMonoLogger.INFO: Cron ran at: 22-12-2025 04:46:31 PM [] []
[2025-12-22 16:51:20] SlimMonoLogger.INFO: Cron ran at: 22-12-2025 04:51:20 PM [] []
[2025-12-22 16:56:16] SlimMonoLogger.INFO: Cron ran at: 22-12-2025 04:56:16 PM [] []
[2025-12-22 17:01:26] SlimMonoLogger.INFO: Cron ran at: 22-12-2025 05:01:26 PM [] []
[2025-12-22 17:06:22] SlimMonoLogger.INFO: Cron ran at: 22-12-2025 05:06:22 PM [] []
[2025-12-22 17:11:32] SlimMonoLogger.INFO: Cron ran at: 22-12-2025 05:11:32 PM [] []
[2025-12-22 17:16:23] SlimMonoLogger.INFO: Cron ran at: 22-12-2025 05:16:23 PM [] []
[2025-12-22 17:21:26] SlimMonoLogger.INFO: Cron ran at: 22-12-2025 05:21:26 PM [] []
[2025-12-22 17:26:25] SlimMonoLogger.INFO: Cron ran at: 22-12-2025 05:26:25 PM [] []
[2025-12-22 17:31:42] SlimMonoLogger.INFO: Cron ran at: 22-12-2025 05:31:42 PM [] []
[2025-12-22 17:36:28] SlimMonoLogger.INFO: Cron ran at: 22-12-2025 05:36:28 PM [] []
[2025-12-22 17:41:23] SlimMonoLogger.INFO: Cron ran at: 22-12-2025 05:41:23 PM [] []
[2025-12-22 17:46:17] SlimMonoLogger.INFO: Cron ran at: 22-12-2025 05:46:17 PM [] []
[2025-12-22 17:51:18] SlimMonoLogger.INFO: Cron ran at: 22-12-2025 05:51:18 PM [] []
[2025-12-22 17:56:31] SlimMonoLogger.INFO: Cron ran at: 22-12-2025 05:56:31 PM [] []
[2025-12-22 18:01:19] SlimMonoLogger.INFO: Cron ran at: 22-12-2025 06:01:19 PM [] []
[2025-12-22 18:06:20] SlimMonoLogger.INFO: Cron ran at: 22-12-2025 06:06:20 PM [] []
[2025-12-22 18:11:26] SlimMonoLogger.INFO: Cron ran at: 22-12-2025 06:11:26 PM [] []
[2025-12-22 18:16:28] SlimMonoLogger.INFO: Cron ran at: 22-12-2025 06:16:28 PM [] []
[2025-12-22 18:21:25] SlimMonoLogger.INFO: Cron ran at: 22-12-2025 06:21:25 PM [] []
[2025-12-22 18:26:19] SlimMonoLogger.INFO: Cron ran at: 22-12-2025 06:26:19 PM [] []
[2025-12-22 18:31:36] SlimMonoLogger.INFO: Cron ran at: 22-12-2025 06:31:36 PM [] []
[2025-12-22 18:36:23] SlimMonoLogger.INFO: Cron ran at: 22-12-2025 06:36:23 PM [] []
[2025-12-22 18:41:16] SlimMonoLogger.INFO: Cron ran at: 22-12-2025 06:41:16 PM [] []
[2025-12-22 18:46:23] SlimMonoLogger.INFO: Cron ran at: 22-12-2025 06:46:23 PM [] []
[2025-12-22 18:51:19] SlimMonoLogger.INFO: Cron ran at: 22-12-2025 06:51:19 PM [] []
[2025-12-22 18:56:21] SlimMonoLogger.INFO: Cron ran at: 22-12-2025 06:56:21 PM [] []
[2025-12-22 19:01:22] SlimMonoLogger.INFO: Cron ran at: 22-12-2025 07:01:22 PM [] []
[2025-12-22 19:06:27] SlimMonoLogger.INFO: Cron ran at: 22-12-2025 07:06:27 PM [] []
[2025-12-22 19:11:23] SlimMonoLogger.INFO: Cron ran at: 22-12-2025 07:11:23 PM [] []
[2025-12-22 19:16:20] SlimMonoLogger.INFO: Cron ran at: 22-12-2025 07:16:20 PM [] []
[2025-12-22 19:21:31] SlimMonoLogger.INFO: Cron ran at: 22-12-2025 07:21:31 PM [] []
[2025-12-22 19:26:17] SlimMonoLogger.INFO: Cron ran at: 22-12-2025 07:26:17 PM [] []
[2025-12-22 19:31:28] SlimMonoLogger.INFO: Cron ran at: 22-12-2025 07:31:28 PM [] []
[2025-12-22 19:36:22] SlimMonoLogger.INFO: Cron ran at: 22-12-2025 07:36:22 PM [] []
[2025-12-22 19:41:17] SlimMonoLogger.INFO: Cron ran at: 22-12-2025 07:41:17 PM [] []
[2025-12-22 19:46:17] SlimMonoLogger.INFO: Cron ran at: 22-12-2025 07:46:17 PM [] []
[2025-12-22 19:51:29] SlimMonoLogger.INFO: Cron ran at: 22-12-2025 07:51:29 PM [] []
[2025-12-22 19:56:26] SlimMonoLogger.INFO: Cron ran at: 22-12-2025 07:56:26 PM [] []
[2025-12-22 20:01:36] SlimMonoLogger.INFO: Cron ran at: 22-12-2025 08:01:36 PM [] []
[2025-12-22 20:06:27] SlimMonoLogger.INFO: Cron ran at: 22-12-2025 08:06:27 PM [] []
[2025-12-22 20:11:39] SlimMonoLogger.INFO: Cron ran at: 22-12-2025 08:11:39 PM [] []
[2025-12-22 20:16:31] SlimMonoLogger.INFO: Cron ran at: 22-12-2025 08:16:31 PM [] []
[2025-12-22 20:21:30] SlimMonoLogger.INFO: Cron ran at: 22-12-2025 08:21:30 PM [] []
[2025-12-22 20:26:27] SlimMonoLogger.INFO: Cron ran at: 22-12-2025 08:26:27 PM [] []
[2025-12-22 20:31:32] SlimMonoLogger.INFO: Cron ran at: 22-12-2025 08:31:32 PM [] []
[2025-12-22 20:36:38] SlimMonoLogger.INFO: Cron ran at: 22-12-2025 08:36:38 PM [] []
[2025-12-22 20:41:57] SlimMonoLogger.INFO: Cron ran at: 22-12-2025 08:41:57 PM [] []
[2025-12-22 20:46:43] SlimMonoLogger.INFO: Cron ran at: 22-12-2025 08:46:43 PM [] []
[2025-12-22 20:51:46] SlimMonoLogger.INFO: Cron ran at: 22-12-2025 08:51:46 PM [] []
[2025-12-22 20:56:49] SlimMonoLogger.INFO: Cron ran at: 22-12-2025 08:56:49 PM [] []
[2025-12-22 21:01:57] SlimMonoLogger.INFO: Cron ran at: 22-12-2025 09:01:57 PM [] []
[2025-12-22 21:06:43] SlimMonoLogger.INFO: Cron ran at: 22-12-2025 09:06:43 PM [] []
[2025-12-22 21:11:28] SlimMonoLogger.INFO: Cron ran at: 22-12-2025 09:11:28 PM [] []
[2025-12-22 21:16:30] SlimMonoLogger.INFO: Cron ran at: 22-12-2025 09:16:30 PM [] []
[2025-12-22 21:21:47] SlimMonoLogger.INFO: Cron ran at: 22-12-2025 09:21:47 PM [] []
[2025-12-22 21:26:27] SlimMonoLogger.INFO: Cron ran at: 22-12-2025 09:26:27 PM [] []
[2025-12-22 21:31:24] SlimMonoLogger.INFO: Cron ran at: 22-12-2025 09:31:24 PM [] []
[2025-12-22 21:36:25] SlimMonoLogger.INFO: Cron ran at: 22-12-2025 09:36:25 PM [] []
[2025-12-22 21:41:51] SlimMonoLogger.INFO: Cron ran at: 22-12-2025 09:41:51 PM [] []
[2025-12-22 21:46:33] SlimMonoLogger.INFO: Cron ran at: 22-12-2025 09:46:33 PM [] []
[2025-12-22 21:51:31] SlimMonoLogger.INFO: Cron ran at: 22-12-2025 09:51:31 PM [] []
[2025-12-22 21:56:37] SlimMonoLogger.INFO: Cron ran at: 22-12-2025 09:56:37 PM [] []
[2025-12-22 22:01:44] SlimMonoLogger.INFO: Cron ran at: 22-12-2025 10:01:44 PM [] []
[2025-12-22 22:06:32] SlimMonoLogger.INFO: Cron ran at: 22-12-2025 10:06:32 PM [] []
[2025-12-22 22:11:22] SlimMonoLogger.INFO: Cron ran at: 22-12-2025 10:11:22 PM [] []
[2025-12-22 22:16:14] SlimMonoLogger.INFO: Cron ran at: 22-12-2025 10:16:14 PM [] []
[2025-12-22 22:21:25] SlimMonoLogger.INFO: Cron ran at: 22-12-2025 10:21:25 PM [] []
[2025-12-22 22:26:22] SlimMonoLogger.INFO: Cron ran at: 22-12-2025 10:26:22 PM [] []
[2025-12-22 22:31:30] SlimMonoLogger.INFO: Cron ran at: 22-12-2025 10:31:30 PM [] []
[2025-12-22 22:36:18] SlimMonoLogger.INFO: Cron ran at: 22-12-2025 10:36:18 PM [] []
[2025-12-22 22:41:37] SlimMonoLogger.INFO: Cron ran at: 22-12-2025 10:41:37 PM [] []
[2025-12-22 22:46:19] SlimMonoLogger.INFO: Cron ran at: 22-12-2025 10:46:19 PM [] []
[2025-12-22 22:51:26] SlimMonoLogger.INFO: Cron ran at: 22-12-2025 10:51:26 PM [] []
[2025-12-22 22:56:23] SlimMonoLogger.INFO: Cron ran at: 22-12-2025 10:56:23 PM [] []
[2025-12-22 23:01:30] SlimMonoLogger.INFO: Cron ran at: 22-12-2025 11:01:30 PM [] []
[2025-12-22 23:06:22] SlimMonoLogger.INFO: Cron ran at: 22-12-2025 11:06:22 PM [] []
[2025-12-22 23:11:24] SlimMonoLogger.INFO: Cron ran at: 22-12-2025 11:11:24 PM [] []
[2025-12-22 23:16:19] SlimMonoLogger.INFO: Cron ran at: 22-12-2025 11:16:19 PM [] []
[2025-12-22 23:21:20] SlimMonoLogger.INFO: Cron ran at: 22-12-2025 11:21:20 PM [] []
[2025-12-22 23:26:33] SlimMonoLogger.INFO: Cron ran at: 22-12-2025 11:26:33 PM [] []
[2025-12-22 23:31:25] SlimMonoLogger.INFO: Cron ran at: 22-12-2025 11:31:25 PM [] []
[2025-12-22 23:36:22] SlimMonoLogger.INFO: Cron ran at: 22-12-2025 11:36:22 PM [] []
[2025-12-22 23:41:12] SlimMonoLogger.INFO: Cron ran at: 22-12-2025 11:41:12 PM [] []
[2025-12-22 23:46:19] SlimMonoLogger.INFO: Cron ran at: 22-12-2025 11:46:19 PM [] []
[2025-12-22 23:51:16] SlimMonoLogger.INFO: Cron ran at: 22-12-2025 11:51:16 PM [] []
[2025-12-22 23:56:17] SlimMonoLogger.INFO: Cron ran at: 22-12-2025 11:56:17 PM [] []
[2025-12-23 00:01:20] SlimMonoLogger.INFO: Cron ran at: 23-12-2025 12:01:20 AM [] []
[2025-12-23 00:06:18] SlimMonoLogger.INFO: Cron ran at: 23-12-2025 12:06:18 AM [] []
[2025-12-23 00:11:16] SlimMonoLogger.INFO: Cron ran at: 23-12-2025 12:11:16 AM [] []
[2025-12-23 00:16:19] SlimMonoLogger.INFO: Cron ran at: 23-12-2025 12:16:19 AM [] []
[2025-12-23 00:21:14] SlimMonoLogger.INFO: Cron ran at: 23-12-2025 12:21:14 AM [] []
[2025-12-23 00:26:19] SlimMonoLogger.INFO: Cron ran at: 23-12-2025 12:26:19 AM [] []
[2025-12-23 00:31:15] SlimMonoLogger.INFO: Cron ran at: 23-12-2025 12:31:15 AM [] []
[2025-12-23 00:36:15] SlimMonoLogger.INFO: Cron ran at: 23-12-2025 12:36:15 AM [] []
[2025-12-23 00:41:26] SlimMonoLogger.INFO: Cron ran at: 23-12-2025 12:41:26 AM [] []
[2025-12-23 00:46:16] SlimMonoLogger.INFO: Cron ran at: 23-12-2025 12:46:16 AM [] []
[2025-12-23 00:51:21] SlimMonoLogger.INFO: Cron ran at: 23-12-2025 12:51:21 AM [] []
[2025-12-23 00:56:20] SlimMonoLogger.INFO: Cron ran at: 23-12-2025 12:56:20 AM [] []
