[2025-03-23 01:00:25] SlimMonoLogger.INFO: Cron ran at: 23-03-2025 01:00:25 AM [] []
[2025-03-23 01:05:40] SlimMonoLogger.INFO: Cron ran at: 23-03-2025 01:05:40 AM [] []
[2025-03-23 01:10:39] SlimMonoLogger.INFO: Cron ran at: 23-03-2025 01:10:39 AM [] []
[2025-03-23 01:15:29] SlimMonoLogger.INFO: Cron ran at: 23-03-2025 01:15:29 AM [] []
[2025-03-23 01:20:27] SlimMonoLogger.INFO: Cron ran at: 23-03-2025 01:20:27 AM [] []
[2025-03-23 01:25:56] SlimMonoLogger.INFO: Cron ran at: 23-03-2025 01:25:56 AM [] []
[2025-03-23 01:30:27] SlimMonoLogger.INFO: Cron ran at: 23-03-2025 01:30:27 AM [] []
[2025-03-23 01:35:24] SlimMonoLogger.INFO: Cron ran at: 23-03-2025 01:35:24 AM [] []
[2025-03-23 01:40:29] SlimMonoLogger.INFO: Cron ran at: 23-03-2025 01:40:29 AM [] []
[2025-03-23 01:46:27] SlimMonoLogger.INFO: Cron ran at: 23-03-2025 01:46:27 AM [] []
[2025-03-23 01:50:27] SlimMonoLogger.INFO: Cron ran at: 23-03-2025 01:50:27 AM [] []
[2025-03-23 01:55:31] SlimMonoLogger.INFO: Cron ran at: 23-03-2025 01:55:31 AM [] []
[2025-03-23 02:01:01] SlimMonoLogger.INFO: Cron ran at: 23-03-2025 02:01:01 AM [] []
[2025-03-23 02:05:33] SlimMonoLogger.INFO: Cron ran at: 23-03-2025 02:05:33 AM [] []
[2025-03-23 02:10:27] SlimMonoLogger.INFO: Cron ran at: 23-03-2025 02:10:27 AM [] []
[2025-03-23 02:15:30] SlimMonoLogger.INFO: Cron ran at: 23-03-2025 02:15:30 AM [] []
[2025-03-23 02:25:34] SlimMonoLogger.INFO: Cron ran at: 23-03-2025 02:25:34 AM [] []
[2025-03-23 02:28:39] SlimMonoLogger.ERROR: Requests_Exception: cURL error 28: Operation timed out after 500000 milliseconds with 0 bytes received in /home/latihtal/public_html/agregator1/src/vendor/rmccue/requests/library/Requests/Transport/cURL.php:422
Stack trace:
#0 /home/latihtal/public_html/agregator1/src/vendor/rmccue/requests/library/Requests/Transport/cURL.php(177): Requests_Transport_cURL->process_response()
#1 /home/latihtal/public_html/agregator1/src/vendor/rmccue/requests/library/Requests.php(379): Requests_Transport_cURL->request()
#2 /home/latihtal/public_html/agregator1/src/vendor/rmccue/requests/library/Requests/Session.php(205): Requests::request()
#3 /home/latihtal/public_html/agregator1/src/vendor/rmccue/requests/library/Requests/Session.php(132): Requests_Session->request()
#4 /home/latihtal/public_html/agregator1/src/drivers/Http/RssImporter.php(144): Requests_Session->get()
#5 /home/latihtal/public_html/agregator1/src/controllers/Dashboard/DashboardFeedsController.php(534): spark\drivers\Http\RssImporter->fetchPosts()
#6 /home/latihtal/public_html/agregator1/src/controllers/Site/SiteController.php(722): spark\controllers\Dashboard\DashboardFeedsController::importFeedPosts()
#7 [internal function]: spark\controllers\Site\SiteController->runTasks()
#8 /home/latihtal/public_html/agregator1/src/framework/Route.php(173): call_user_func_array()
#9 [internal function]: Slim\Route->Slim\{closure}()
#10 /home/latihtal/public_html/agregator1/src/framework/Route.php(468): call_user_func_array()
#11 /home/latihtal/public_html/agregator1/src/framework/Slim.php(1364): Slim\Route->dispatch()
#12 /home/latihtal/public_html/agregator1/src/framework/Middleware/Flash.php(85): Slim\Slim->call()
#13 /home/latihtal/public_html/agregator1/src/framework/Middleware/MethodOverride.php(92): Slim\Middleware\Flash->call()
#14 /home/latihtal/public_html/agregator1/src/middlewares/CsrfGuard/CsrfGuard.php(47): Slim\Middleware\MethodOverride->call()
#15 /home/latihtal/public_html/agregator1/src/framework/Middleware/PrettyExceptions.php(67): spark\middlewares\CsrfGuard\CsrfGuard->call()
#16 /home/latihtal/public_html/agregator1/src/framework/Slim.php(1308): Slim\Middleware\PrettyExceptions->call()
#17 /home/latihtal/public_html/agregator1/index.php(6): Slim\Slim->run()
#18 {main} [] []
[2025-03-23 02:28:47] SlimMonoLogger.INFO: Cron ran at: 23-03-2025 02:28:47 AM [] []
[2025-03-23 02:30:32] SlimMonoLogger.INFO: Cron ran at: 23-03-2025 02:30:32 AM [] []
[2025-03-23 02:37:25] SlimMonoLogger.ERROR: Requests_Exception: cURL error 28: Failed to connect to antropol.mk port 443 after 132362 ms: Could not connect to server in /home/latihtal/public_html/agregator1/src/vendor/rmccue/requests/library/Requests/Transport/cURL.php:422
Stack trace:
#0 /home/latihtal/public_html/agregator1/src/vendor/rmccue/requests/library/Requests/Transport/cURL.php(177): Requests_Transport_cURL->process_response()
#1 /home/latihtal/public_html/agregator1/src/vendor/rmccue/requests/library/Requests.php(379): Requests_Transport_cURL->request()
#2 /home/latihtal/public_html/agregator1/src/vendor/rmccue/requests/library/Requests/Session.php(205): Requests::request()
#3 /home/latihtal/public_html/agregator1/src/vendor/rmccue/requests/library/Requests/Session.php(132): Requests_Session->request()
#4 /home/latihtal/public_html/agregator1/src/drivers/Http/RssImporter.php(144): Requests_Session->get()
#5 /home/latihtal/public_html/agregator1/src/controllers/Dashboard/DashboardFeedsController.php(534): spark\drivers\Http\RssImporter->fetchPosts()
#6 /home/latihtal/public_html/agregator1/src/controllers/Site/SiteController.php(722): spark\controllers\Dashboard\DashboardFeedsController::importFeedPosts()
#7 [internal function]: spark\controllers\Site\SiteController->runTasks()
#8 /home/latihtal/public_html/agregator1/src/framework/Route.php(173): call_user_func_array()
#9 [internal function]: Slim\Route->Slim\{closure}()
#10 /home/latihtal/public_html/agregator1/src/framework/Route.php(468): call_user_func_array()
#11 /home/latihtal/public_html/agregator1/src/framework/Slim.php(1364): Slim\Route->dispatch()
#12 /home/latihtal/public_html/agregator1/src/framework/Middleware/Flash.php(85): Slim\Slim->call()
#13 /home/latihtal/public_html/agregator1/src/framework/Middleware/MethodOverride.php(92): Slim\Middleware\Flash->call()
#14 /home/latihtal/public_html/agregator1/src/middlewares/CsrfGuard/CsrfGuard.php(47): Slim\Middleware\MethodOverride->call()
#15 /home/latihtal/public_html/agregator1/src/framework/Middleware/PrettyExceptions.php(67): spark\middlewares\CsrfGuard\CsrfGuard->call()
#16 /home/latihtal/public_html/agregator1/src/framework/Slim.php(1308): Slim\Middleware\PrettyExceptions->call()
#17 /home/latihtal/public_html/agregator1/index.php(6): Slim\Slim->run()
#18 {main} [] []
[2025-03-23 02:37:48] SlimMonoLogger.INFO: Cron ran at: 23-03-2025 02:37:48 AM [] []
[2025-03-23 02:40:32] SlimMonoLogger.INFO: Cron ran at: 23-03-2025 02:40:32 AM [] []
[2025-03-23 02:45:31] SlimMonoLogger.INFO: Cron ran at: 23-03-2025 02:45:31 AM [] []
[2025-03-23 02:50:30] SlimMonoLogger.INFO: Cron ran at: 23-03-2025 02:50:30 AM [] []
[2025-03-23 02:55:30] SlimMonoLogger.INFO: Cron ran at: 23-03-2025 02:55:30 AM [] []
[2025-03-23 03:00:29] SlimMonoLogger.INFO: Cron ran at: 23-03-2025 03:00:29 AM [] []
[2025-03-23 03:05:29] SlimMonoLogger.INFO: Cron ran at: 23-03-2025 03:05:29 AM [] []
[2025-03-23 03:11:00] SlimMonoLogger.INFO: Cron ran at: 23-03-2025 03:11:00 AM [] []
[2025-03-23 03:15:26] SlimMonoLogger.INFO: Cron ran at: 23-03-2025 03:15:26 AM [] []
[2025-03-23 03:20:28] SlimMonoLogger.INFO: Cron ran at: 23-03-2025 03:20:28 AM [] []
[2025-03-23 03:25:59] SlimMonoLogger.INFO: Cron ran at: 23-03-2025 03:25:59 AM [] []
[2025-03-23 03:30:29] SlimMonoLogger.INFO: Cron ran at: 23-03-2025 03:30:29 AM [] []
[2025-03-23 03:37:22] SlimMonoLogger.ERROR: Requests_Exception: cURL error 28: Failed to connect to antropol.mk port 443 after 131518 ms: Could not connect to server in /home/latihtal/public_html/agregator1/src/vendor/rmccue/requests/library/Requests/Transport/cURL.php:422
Stack trace:
#0 /home/latihtal/public_html/agregator1/src/vendor/rmccue/requests/library/Requests/Transport/cURL.php(177): Requests_Transport_cURL->process_response()
#1 /home/latihtal/public_html/agregator1/src/vendor/rmccue/requests/library/Requests.php(379): Requests_Transport_cURL->request()
#2 /home/latihtal/public_html/agregator1/src/vendor/rmccue/requests/library/Requests/Session.php(205): Requests::request()
#3 /home/latihtal/public_html/agregator1/src/vendor/rmccue/requests/library/Requests/Session.php(132): Requests_Session->request()
#4 /home/latihtal/public_html/agregator1/src/drivers/Http/RssImporter.php(144): Requests_Session->get()
#5 /home/latihtal/public_html/agregator1/src/controllers/Dashboard/DashboardFeedsController.php(534): spark\drivers\Http\RssImporter->fetchPosts()
#6 /home/latihtal/public_html/agregator1/src/controllers/Site/SiteController.php(722): spark\controllers\Dashboard\DashboardFeedsController::importFeedPosts()
#7 [internal function]: spark\controllers\Site\SiteController->runTasks()
#8 /home/latihtal/public_html/agregator1/src/framework/Route.php(173): call_user_func_array()
#9 [internal function]: Slim\Route->Slim\{closure}()
#10 /home/latihtal/public_html/agregator1/src/framework/Route.php(468): call_user_func_array()
#11 /home/latihtal/public_html/agregator1/src/framework/Slim.php(1364): Slim\Route->dispatch()
#12 /home/latihtal/public_html/agregator1/src/framework/Middleware/Flash.php(85): Slim\Slim->call()
#13 /home/latihtal/public_html/agregator1/src/framework/Middleware/MethodOverride.php(92): Slim\Middleware\Flash->call()
#14 /home/latihtal/public_html/agregator1/src/middlewares/CsrfGuard/CsrfGuard.php(47): Slim\Middleware\MethodOverride->call()
#15 /home/latihtal/public_html/agregator1/src/framework/Middleware/PrettyExceptions.php(67): spark\middlewares\CsrfGuard\CsrfGuard->call()
#16 /home/latihtal/public_html/agregator1/src/framework/Slim.php(1308): Slim\Middleware\PrettyExceptions->call()
#17 /home/latihtal/public_html/agregator1/index.php(6): Slim\Slim->run()
#18 {main} [] []
[2025-03-23 03:37:37] SlimMonoLogger.INFO: Cron ran at: 23-03-2025 03:37:37 AM [] []
[2025-03-23 03:40:39] SlimMonoLogger.INFO: Cron ran at: 23-03-2025 03:40:39 AM [] []
[2025-03-23 03:45:25] SlimMonoLogger.INFO: Cron ran at: 23-03-2025 03:45:25 AM [] []
[2025-03-23 03:51:37] SlimMonoLogger.INFO: Cron ran at: 23-03-2025 03:51:37 AM [] []
[2025-03-23 03:55:33] SlimMonoLogger.INFO: Cron ran at: 23-03-2025 03:55:33 AM [] []
[2025-03-23 04:00:35] SlimMonoLogger.INFO: Cron ran at: 23-03-2025 04:00:35 AM [] []
[2025-03-23 04:05:42] SlimMonoLogger.INFO: Cron ran at: 23-03-2025 04:05:42 AM [] []
[2025-03-23 04:10:33] SlimMonoLogger.INFO: Cron ran at: 23-03-2025 04:10:33 AM [] []
[2025-03-23 04:15:28] SlimMonoLogger.INFO: Cron ran at: 23-03-2025 04:15:28 AM [] []
[2025-03-23 04:20:28] SlimMonoLogger.INFO: Cron ran at: 23-03-2025 04:20:28 AM [] []
[2025-03-23 04:25:24] SlimMonoLogger.INFO: Cron ran at: 23-03-2025 04:25:24 AM [] []
[2025-03-23 04:30:27] SlimMonoLogger.INFO: Cron ran at: 23-03-2025 04:30:27 AM [] []
[2025-03-23 04:35:33] SlimMonoLogger.INFO: Cron ran at: 23-03-2025 04:35:33 AM [] []
[2025-03-23 04:40:29] SlimMonoLogger.INFO: Cron ran at: 23-03-2025 04:40:29 AM [] []
[2025-03-23 04:45:25] SlimMonoLogger.INFO: Cron ran at: 23-03-2025 04:45:25 AM [] []
[2025-03-23 04:50:41] SlimMonoLogger.INFO: Cron ran at: 23-03-2025 04:50:41 AM [] []
[2025-03-23 04:55:25] SlimMonoLogger.INFO: Cron ran at: 23-03-2025 04:55:25 AM [] []
[2025-03-23 05:00:30] SlimMonoLogger.INFO: Cron ran at: 23-03-2025 05:00:30 AM [] []
[2025-03-23 05:05:27] SlimMonoLogger.INFO: Cron ran at: 23-03-2025 05:05:27 AM [] []
[2025-03-23 05:10:30] SlimMonoLogger.INFO: Cron ran at: 23-03-2025 05:10:30 AM [] []
[2025-03-23 05:15:31] SlimMonoLogger.INFO: Cron ran at: 23-03-2025 05:15:31 AM [] []
[2025-03-23 05:20:26] SlimMonoLogger.INFO: Cron ran at: 23-03-2025 05:20:26 AM [] []
[2025-03-23 05:25:25] SlimMonoLogger.INFO: Cron ran at: 23-03-2025 05:25:25 AM [] []
[2025-03-23 05:30:30] SlimMonoLogger.INFO: Cron ran at: 23-03-2025 05:30:30 AM [] []
[2025-03-23 05:35:24] SlimMonoLogger.INFO: Cron ran at: 23-03-2025 05:35:24 AM [] []
[2025-03-23 05:40:25] SlimMonoLogger.INFO: Cron ran at: 23-03-2025 05:40:25 AM [] []
[2025-03-23 05:45:26] SlimMonoLogger.INFO: Cron ran at: 23-03-2025 05:45:26 AM [] []
[2025-03-23 05:50:25] SlimMonoLogger.INFO: Cron ran at: 23-03-2025 05:50:25 AM [] []
[2025-03-23 05:55:29] SlimMonoLogger.INFO: Cron ran at: 23-03-2025 05:55:29 AM [] []
[2025-03-23 06:00:27] SlimMonoLogger.INFO: Cron ran at: 23-03-2025 06:00:27 AM [] []
[2025-03-23 06:05:31] SlimMonoLogger.INFO: Cron ran at: 23-03-2025 06:05:31 AM [] []
[2025-03-23 06:10:28] SlimMonoLogger.INFO: Cron ran at: 23-03-2025 06:10:28 AM [] []
[2025-03-23 06:15:27] SlimMonoLogger.INFO: Cron ran at: 23-03-2025 06:15:27 AM [] []
[2025-03-23 06:20:27] SlimMonoLogger.INFO: Cron ran at: 23-03-2025 06:20:27 AM [] []
[2025-03-23 06:25:25] SlimMonoLogger.INFO: Cron ran at: 23-03-2025 06:25:25 AM [] []
[2025-03-23 06:30:28] SlimMonoLogger.INFO: Cron ran at: 23-03-2025 06:30:28 AM [] []
[2025-03-23 06:35:29] SlimMonoLogger.INFO: Cron ran at: 23-03-2025 06:35:29 AM [] []
[2025-03-23 06:40:27] SlimMonoLogger.INFO: Cron ran at: 23-03-2025 06:40:27 AM [] []
[2025-03-23 06:45:28] SlimMonoLogger.INFO: Cron ran at: 23-03-2025 06:45:28 AM [] []
[2025-03-23 06:50:24] SlimMonoLogger.INFO: Cron ran at: 23-03-2025 06:50:24 AM [] []
[2025-03-23 06:55:26] SlimMonoLogger.INFO: Cron ran at: 23-03-2025 06:55:26 AM [] []
[2025-03-23 07:00:26] SlimMonoLogger.INFO: Cron ran at: 23-03-2025 07:00:26 AM [] []
[2025-03-23 07:05:27] SlimMonoLogger.INFO: Cron ran at: 23-03-2025 07:05:27 AM [] []
[2025-03-23 07:10:28] SlimMonoLogger.INFO: Cron ran at: 23-03-2025 07:10:28 AM [] []
[2025-03-23 07:15:31] SlimMonoLogger.INFO: Cron ran at: 23-03-2025 07:15:31 AM [] []
[2025-03-23 07:20:25] SlimMonoLogger.INFO: Cron ran at: 23-03-2025 07:20:25 AM [] []
[2025-03-23 07:25:26] SlimMonoLogger.INFO: Cron ran at: 23-03-2025 07:25:26 AM [] []
[2025-03-23 07:30:27] SlimMonoLogger.INFO: Cron ran at: 23-03-2025 07:30:27 AM [] []
[2025-03-23 07:35:33] SlimMonoLogger.INFO: Cron ran at: 23-03-2025 07:35:33 AM [] []
[2025-03-23 07:40:30] SlimMonoLogger.INFO: Cron ran at: 23-03-2025 07:40:30 AM [] []
[2025-03-23 07:45:35] SlimMonoLogger.INFO: Cron ran at: 23-03-2025 07:45:35 AM [] []
[2025-03-23 07:50:24] SlimMonoLogger.INFO: Cron ran at: 23-03-2025 07:50:24 AM [] []
[2025-03-23 07:55:28] SlimMonoLogger.INFO: Cron ran at: 23-03-2025 07:55:28 AM [] []
[2025-03-23 08:00:27] SlimMonoLogger.INFO: Cron ran at: 23-03-2025 08:00:27 AM [] []
[2025-03-23 08:05:31] SlimMonoLogger.INFO: Cron ran at: 23-03-2025 08:05:31 AM [] []
[2025-03-23 08:10:27] SlimMonoLogger.INFO: Cron ran at: 23-03-2025 08:10:27 AM [] []
[2025-03-23 08:15:29] SlimMonoLogger.INFO: Cron ran at: 23-03-2025 08:15:29 AM [] []
[2025-03-23 08:20:28] SlimMonoLogger.INFO: Cron ran at: 23-03-2025 08:20:28 AM [] []
[2025-03-23 08:25:28] SlimMonoLogger.INFO: Cron ran at: 23-03-2025 08:25:28 AM [] []
[2025-03-23 08:30:30] SlimMonoLogger.INFO: Cron ran at: 23-03-2025 08:30:30 AM [] []
[2025-03-23 08:35:32] SlimMonoLogger.INFO: Cron ran at: 23-03-2025 08:35:32 AM [] []
[2025-03-23 08:40:27] SlimMonoLogger.INFO: Cron ran at: 23-03-2025 08:40:27 AM [] []
[2025-03-23 08:45:25] SlimMonoLogger.INFO: Cron ran at: 23-03-2025 08:45:25 AM [] []
[2025-03-23 08:50:33] SlimMonoLogger.INFO: Cron ran at: 23-03-2025 08:50:33 AM [] []
[2025-03-23 08:55:30] SlimMonoLogger.INFO: Cron ran at: 23-03-2025 08:55:30 AM [] []
[2025-03-23 09:00:29] SlimMonoLogger.INFO: Cron ran at: 23-03-2025 09:00:29 AM [] []
[2025-03-23 09:05:37] SlimMonoLogger.INFO: Cron ran at: 23-03-2025 09:05:37 AM [] []
[2025-03-23 09:10:27] SlimMonoLogger.INFO: Cron ran at: 23-03-2025 09:10:27 AM [] []
[2025-03-23 09:15:23] SlimMonoLogger.INFO: Cron ran at: 23-03-2025 09:15:23 AM [] []
[2025-03-23 09:20:30] SlimMonoLogger.INFO: Cron ran at: 23-03-2025 09:20:30 AM [] []
[2025-03-23 09:25:24] SlimMonoLogger.INFO: Cron ran at: 23-03-2025 09:25:24 AM [] []
[2025-03-23 09:30:29] SlimMonoLogger.INFO: Cron ran at: 23-03-2025 09:30:29 AM [] []
[2025-03-23 09:35:29] SlimMonoLogger.INFO: Cron ran at: 23-03-2025 09:35:29 AM [] []
[2025-03-23 09:40:34] SlimMonoLogger.INFO: Cron ran at: 23-03-2025 09:40:34 AM [] []
[2025-03-23 09:46:47] SlimMonoLogger.INFO: Cron ran at: 23-03-2025 09:46:47 AM [] []
[2025-03-23 09:55:30] SlimMonoLogger.INFO: Cron ran at: 23-03-2025 09:55:30 AM [] []
[2025-03-23 09:58:26] SlimMonoLogger.ERROR: Requests_Exception: cURL error 28: Operation timed out after 500001 milliseconds with 0 bytes received in /home/latihtal/public_html/agregator1/src/vendor/rmccue/requests/library/Requests/Transport/cURL.php:422
Stack trace:
#0 /home/latihtal/public_html/agregator1/src/vendor/rmccue/requests/library/Requests/Transport/cURL.php(177): Requests_Transport_cURL->process_response()
#1 /home/latihtal/public_html/agregator1/src/vendor/rmccue/requests/library/Requests.php(379): Requests_Transport_cURL->request()
#2 /home/latihtal/public_html/agregator1/src/vendor/rmccue/requests/library/Requests/Session.php(205): Requests::request()
#3 /home/latihtal/public_html/agregator1/src/vendor/rmccue/requests/library/Requests/Session.php(132): Requests_Session->request()
#4 /home/latihtal/public_html/agregator1/src/drivers/Http/RssImporter.php(144): Requests_Session->get()
#5 /home/latihtal/public_html/agregator1/src/controllers/Dashboard/DashboardFeedsController.php(534): spark\drivers\Http\RssImporter->fetchPosts()
#6 /home/latihtal/public_html/agregator1/src/controllers/Site/SiteController.php(722): spark\controllers\Dashboard\DashboardFeedsController::importFeedPosts()
#7 [internal function]: spark\controllers\Site\SiteController->runTasks()
#8 /home/latihtal/public_html/agregator1/src/framework/Route.php(173): call_user_func_array()
#9 [internal function]: Slim\Route->Slim\{closure}()
#10 /home/latihtal/public_html/agregator1/src/framework/Route.php(468): call_user_func_array()
#11 /home/latihtal/public_html/agregator1/src/framework/Slim.php(1364): Slim\Route->dispatch()
#12 /home/latihtal/public_html/agregator1/src/framework/Middleware/Flash.php(85): Slim\Slim->call()
#13 /home/latihtal/public_html/agregator1/src/framework/Middleware/MethodOverride.php(92): Slim\Middleware\Flash->call()
#14 /home/latihtal/public_html/agregator1/src/middlewares/CsrfGuard/CsrfGuard.php(47): Slim\Middleware\MethodOverride->call()
#15 /home/latihtal/public_html/agregator1/src/framework/Middleware/PrettyExceptions.php(67): spark\middlewares\CsrfGuard\CsrfGuard->call()
#16 /home/latihtal/public_html/agregator1/src/framework/Slim.php(1308): Slim\Middleware\PrettyExceptions->call()
#17 /home/latihtal/public_html/agregator1/index.php(6): Slim\Slim->run()
#18 {main} [] []
[2025-03-23 09:58:55] SlimMonoLogger.INFO: Cron ran at: 23-03-2025 09:58:55 AM [] []
[2025-03-23 10:00:28] SlimMonoLogger.INFO: Cron ran at: 23-03-2025 10:00:28 AM [] []
[2025-03-23 10:05:34] SlimMonoLogger.INFO: Cron ran at: 23-03-2025 10:05:34 AM [] []
[2025-03-23 10:10:26] SlimMonoLogger.INFO: Cron ran at: 23-03-2025 10:10:26 AM [] []
[2025-03-23 10:15:34] SlimMonoLogger.INFO: Cron ran at: 23-03-2025 10:15:34 AM [] []
[2025-03-23 10:20:32] SlimMonoLogger.INFO: Cron ran at: 23-03-2025 10:20:32 AM [] []
[2025-03-23 10:25:28] SlimMonoLogger.INFO: Cron ran at: 23-03-2025 10:25:28 AM [] []
[2025-03-23 10:30:24] SlimMonoLogger.INFO: Cron ran at: 23-03-2025 10:30:24 AM [] []
[2025-03-23 10:35:29] SlimMonoLogger.INFO: Cron ran at: 23-03-2025 10:35:29 AM [] []
[2025-03-23 10:40:32] SlimMonoLogger.INFO: Cron ran at: 23-03-2025 10:40:32 AM [] []
[2025-03-23 10:45:29] SlimMonoLogger.INFO: Cron ran at: 23-03-2025 10:45:29 AM [] []
[2025-03-23 10:50:22] SlimMonoLogger.INFO: Cron ran at: 23-03-2025 10:50:22 AM [] []
[2025-03-23 10:55:27] SlimMonoLogger.INFO: Cron ran at: 23-03-2025 10:55:27 AM [] []
[2025-03-23 11:00:29] SlimMonoLogger.INFO: Cron ran at: 23-03-2025 11:00:29 AM [] []
[2025-03-23 11:05:32] SlimMonoLogger.INFO: Cron ran at: 23-03-2025 11:05:32 AM [] []
[2025-03-23 11:10:27] SlimMonoLogger.INFO: Cron ran at: 23-03-2025 11:10:27 AM [] []
[2025-03-23 11:15:29] SlimMonoLogger.INFO: Cron ran at: 23-03-2025 11:15:29 AM [] []
[2025-03-23 11:20:28] SlimMonoLogger.INFO: Cron ran at: 23-03-2025 11:20:28 AM [] []
[2025-03-23 11:25:33] SlimMonoLogger.INFO: Cron ran at: 23-03-2025 11:25:33 AM [] []
[2025-03-23 11:30:31] SlimMonoLogger.INFO: Cron ran at: 23-03-2025 11:30:31 AM [] []
[2025-03-23 11:35:28] SlimMonoLogger.INFO: Cron ran at: 23-03-2025 11:35:28 AM [] []
[2025-03-23 11:40:30] SlimMonoLogger.INFO: Cron ran at: 23-03-2025 11:40:30 AM [] []
[2025-03-23 11:45:28] SlimMonoLogger.INFO: Cron ran at: 23-03-2025 11:45:28 AM [] []
[2025-03-23 11:50:36] SlimMonoLogger.INFO: Cron ran at: 23-03-2025 11:50:36 AM [] []
[2025-03-23 11:55:29] SlimMonoLogger.INFO: Cron ran at: 23-03-2025 11:55:29 AM [] []
[2025-03-23 12:00:36] SlimMonoLogger.INFO: Cron ran at: 23-03-2025 12:00:36 PM [] []
[2025-03-23 12:05:36] SlimMonoLogger.INFO: Cron ran at: 23-03-2025 12:05:36 PM [] []
[2025-03-23 12:10:30] SlimMonoLogger.INFO: Cron ran at: 23-03-2025 12:10:30 PM [] []
[2025-03-23 12:15:32] SlimMonoLogger.INFO: Cron ran at: 23-03-2025 12:15:32 PM [] []
[2025-03-23 12:20:31] SlimMonoLogger.INFO: Cron ran at: 23-03-2025 12:20:31 PM [] []
[2025-03-23 12:25:32] SlimMonoLogger.INFO: Cron ran at: 23-03-2025 12:25:32 PM [] []
[2025-03-23 12:30:34] SlimMonoLogger.INFO: Cron ran at: 23-03-2025 12:30:34 PM [] []
[2025-03-23 12:35:29] SlimMonoLogger.INFO: Cron ran at: 23-03-2025 12:35:29 PM [] []
[2025-03-23 12:40:31] SlimMonoLogger.INFO: Cron ran at: 23-03-2025 12:40:31 PM [] []
[2025-03-23 12:45:29] SlimMonoLogger.INFO: Cron ran at: 23-03-2025 12:45:29 PM [] []
[2025-03-23 12:50:31] SlimMonoLogger.INFO: Cron ran at: 23-03-2025 12:50:31 PM [] []
[2025-03-23 12:55:32] SlimMonoLogger.INFO: Cron ran at: 23-03-2025 12:55:32 PM [] []
[2025-03-23 13:00:38] SlimMonoLogger.INFO: Cron ran at: 23-03-2025 01:00:38 PM [] []
[2025-03-23 13:05:27] SlimMonoLogger.INFO: Cron ran at: 23-03-2025 01:05:27 PM [] []
[2025-03-23 13:10:30] SlimMonoLogger.INFO: Cron ran at: 23-03-2025 01:10:30 PM [] []
[2025-03-23 13:15:34] SlimMonoLogger.INFO: Cron ran at: 23-03-2025 01:15:34 PM [] []
[2025-03-23 13:20:26] SlimMonoLogger.INFO: Cron ran at: 23-03-2025 01:20:26 PM [] []
[2025-03-23 13:25:50] SlimMonoLogger.INFO: Cron ran at: 23-03-2025 01:25:50 PM [] []
[2025-03-23 13:30:31] SlimMonoLogger.INFO: Cron ran at: 23-03-2025 01:30:31 PM [] []
[2025-03-23 13:35:38] SlimMonoLogger.INFO: Cron ran at: 23-03-2025 01:35:38 PM [] []
[2025-03-23 13:40:34] SlimMonoLogger.INFO: Cron ran at: 23-03-2025 01:40:34 PM [] []
[2025-03-23 13:45:33] SlimMonoLogger.INFO: Cron ran at: 23-03-2025 01:45:33 PM [] []
[2025-03-23 13:50:38] SlimMonoLogger.INFO: Cron ran at: 23-03-2025 01:50:38 PM [] []
[2025-03-23 13:55:34] SlimMonoLogger.INFO: Cron ran at: 23-03-2025 01:55:34 PM [] []
[2025-03-23 14:00:31] SlimMonoLogger.INFO: Cron ran at: 23-03-2025 02:00:31 PM [] []
[2025-03-23 14:05:32] SlimMonoLogger.INFO: Cron ran at: 23-03-2025 02:05:32 PM [] []
[2025-03-23 14:10:33] SlimMonoLogger.INFO: Cron ran at: 23-03-2025 02:10:33 PM [] []
[2025-03-23 14:15:29] SlimMonoLogger.INFO: Cron ran at: 23-03-2025 02:15:29 PM [] []
[2025-03-23 14:20:30] SlimMonoLogger.INFO: Cron ran at: 23-03-2025 02:20:30 PM [] []
[2025-03-23 14:25:35] SlimMonoLogger.INFO: Cron ran at: 23-03-2025 02:25:35 PM [] []
[2025-03-23 14:30:39] SlimMonoLogger.INFO: Cron ran at: 23-03-2025 02:30:39 PM [] []
[2025-03-23 14:35:41] SlimMonoLogger.INFO: Cron ran at: 23-03-2025 02:35:41 PM [] []
[2025-03-23 14:40:32] SlimMonoLogger.INFO: Cron ran at: 23-03-2025 02:40:32 PM [] []
[2025-03-23 14:45:31] SlimMonoLogger.INFO: Cron ran at: 23-03-2025 02:45:31 PM [] []
[2025-03-23 14:50:33] SlimMonoLogger.INFO: Cron ran at: 23-03-2025 02:50:33 PM [] []
[2025-03-23 14:57:21] SlimMonoLogger.ERROR: Requests_Exception: cURL error 28: Failed to connect to antropol.mk port 443 after 132125 ms: Could not connect to server in /home/latihtal/public_html/agregator1/src/vendor/rmccue/requests/library/Requests/Transport/cURL.php:422
Stack trace:
#0 /home/latihtal/public_html/agregator1/src/vendor/rmccue/requests/library/Requests/Transport/cURL.php(177): Requests_Transport_cURL->process_response()
#1 /home/latihtal/public_html/agregator1/src/vendor/rmccue/requests/library/Requests.php(379): Requests_Transport_cURL->request()
#2 /home/latihtal/public_html/agregator1/src/vendor/rmccue/requests/library/Requests/Session.php(205): Requests::request()
#3 /home/latihtal/public_html/agregator1/src/vendor/rmccue/requests/library/Requests/Session.php(132): Requests_Session->request()
#4 /home/latihtal/public_html/agregator1/src/drivers/Http/RssImporter.php(144): Requests_Session->get()
#5 /home/latihtal/public_html/agregator1/src/controllers/Dashboard/DashboardFeedsController.php(534): spark\drivers\Http\RssImporter->fetchPosts()
#6 /home/latihtal/public_html/agregator1/src/controllers/Site/SiteController.php(722): spark\controllers\Dashboard\DashboardFeedsController::importFeedPosts()
#7 [internal function]: spark\controllers\Site\SiteController->runTasks()
#8 /home/latihtal/public_html/agregator1/src/framework/Route.php(173): call_user_func_array()
#9 [internal function]: Slim\Route->Slim\{closure}()
#10 /home/latihtal/public_html/agregator1/src/framework/Route.php(468): call_user_func_array()
#11 /home/latihtal/public_html/agregator1/src/framework/Slim.php(1364): Slim\Route->dispatch()
#12 /home/latihtal/public_html/agregator1/src/framework/Middleware/Flash.php(85): Slim\Slim->call()
#13 /home/latihtal/public_html/agregator1/src/framework/Middleware/MethodOverride.php(92): Slim\Middleware\Flash->call()
#14 /home/latihtal/public_html/agregator1/src/middlewares/CsrfGuard/CsrfGuard.php(47): Slim\Middleware\MethodOverride->call()
#15 /home/latihtal/public_html/agregator1/src/framework/Middleware/PrettyExceptions.php(67): spark\middlewares\CsrfGuard\CsrfGuard->call()
#16 /home/latihtal/public_html/agregator1/src/framework/Slim.php(1308): Slim\Middleware\PrettyExceptions->call()
#17 /home/latihtal/public_html/agregator1/index.php(6): Slim\Slim->run()
#18 {main} [] []
[2025-03-23 14:57:42] SlimMonoLogger.INFO: Cron ran at: 23-03-2025 02:57:42 PM [] []
[2025-03-23 15:02:24] SlimMonoLogger.ERROR: Requests_Exception: cURL error 28: Failed to connect to antropol.mk port 443 after 132200 ms: Could not connect to server in /home/latihtal/public_html/agregator1/src/vendor/rmccue/requests/library/Requests/Transport/cURL.php:422
Stack trace:
#0 /home/latihtal/public_html/agregator1/src/vendor/rmccue/requests/library/Requests/Transport/cURL.php(177): Requests_Transport_cURL->process_response()
#1 /home/latihtal/public_html/agregator1/src/vendor/rmccue/requests/library/Requests.php(379): Requests_Transport_cURL->request()
#2 /home/latihtal/public_html/agregator1/src/vendor/rmccue/requests/library/Requests/Session.php(205): Requests::request()
#3 /home/latihtal/public_html/agregator1/src/vendor/rmccue/requests/library/Requests/Session.php(132): Requests_Session->request()
#4 /home/latihtal/public_html/agregator1/src/drivers/Http/RssImporter.php(144): Requests_Session->get()
#5 /home/latihtal/public_html/agregator1/src/controllers/Dashboard/DashboardFeedsController.php(534): spark\drivers\Http\RssImporter->fetchPosts()
#6 /home/latihtal/public_html/agregator1/src/controllers/Site/SiteController.php(722): spark\controllers\Dashboard\DashboardFeedsController::importFeedPosts()
#7 [internal function]: spark\controllers\Site\SiteController->runTasks()
#8 /home/latihtal/public_html/agregator1/src/framework/Route.php(173): call_user_func_array()
#9 [internal function]: Slim\Route->Slim\{closure}()
#10 /home/latihtal/public_html/agregator1/src/framework/Route.php(468): call_user_func_array()
#11 /home/latihtal/public_html/agregator1/src/framework/Slim.php(1364): Slim\Route->dispatch()
#12 /home/latihtal/public_html/agregator1/src/framework/Middleware/Flash.php(85): Slim\Slim->call()
#13 /home/latihtal/public_html/agregator1/src/framework/Middleware/MethodOverride.php(92): Slim\Middleware\Flash->call()
#14 /home/latihtal/public_html/agregator1/src/middlewares/CsrfGuard/CsrfGuard.php(47): Slim\Middleware\MethodOverride->call()
#15 /home/latihtal/public_html/agregator1/src/framework/Middleware/PrettyExceptions.php(67): spark\middlewares\CsrfGuard\CsrfGuard->call()
#16 /home/latihtal/public_html/agregator1/src/framework/Slim.php(1308): Slim\Middleware\PrettyExceptions->call()
#17 /home/latihtal/public_html/agregator1/index.php(6): Slim\Slim->run()
#18 {main} [] []
[2025-03-23 15:02:43] SlimMonoLogger.INFO: Cron ran at: 23-03-2025 03:02:43 PM [] []
[2025-03-23 15:05:33] SlimMonoLogger.INFO: Cron ran at: 23-03-2025 03:05:33 PM [] []
[2025-03-23 15:10:31] SlimMonoLogger.INFO: Cron ran at: 23-03-2025 03:10:31 PM [] []
[2025-03-23 15:15:39] SlimMonoLogger.INFO: Cron ran at: 23-03-2025 03:15:39 PM [] []
[2025-03-23 15:20:42] SlimMonoLogger.INFO: Cron ran at: 23-03-2025 03:20:42 PM [] []
[2025-03-23 15:25:37] SlimMonoLogger.INFO: Cron ran at: 23-03-2025 03:25:37 PM [] []
[2025-03-23 15:30:52] SlimMonoLogger.INFO: Cron ran at: 23-03-2025 03:30:52 PM [] []
[2025-03-23 15:35:25] SlimMonoLogger.INFO: Cron ran at: 23-03-2025 03:35:25 PM [] []
[2025-03-23 15:40:48] SlimMonoLogger.INFO: Cron ran at: 23-03-2025 03:40:48 PM [] []
[2025-03-23 15:45:30] SlimMonoLogger.INFO: Cron ran at: 23-03-2025 03:45:30 PM [] []
[2025-03-23 15:50:29] SlimMonoLogger.INFO: Cron ran at: 23-03-2025 03:50:29 PM [] []
[2025-03-23 15:57:22] SlimMonoLogger.ERROR: Requests_Exception: cURL error 28: Failed to connect to antropol.mk port 443 after 131201 ms: Could not connect to server in /home/latihtal/public_html/agregator1/src/vendor/rmccue/requests/library/Requests/Transport/cURL.php:422
Stack trace:
#0 /home/latihtal/public_html/agregator1/src/vendor/rmccue/requests/library/Requests/Transport/cURL.php(177): Requests_Transport_cURL->process_response()
#1 /home/latihtal/public_html/agregator1/src/vendor/rmccue/requests/library/Requests.php(379): Requests_Transport_cURL->request()
#2 /home/latihtal/public_html/agregator1/src/vendor/rmccue/requests/library/Requests/Session.php(205): Requests::request()
#3 /home/latihtal/public_html/agregator1/src/vendor/rmccue/requests/library/Requests/Session.php(132): Requests_Session->request()
#4 /home/latihtal/public_html/agregator1/src/drivers/Http/RssImporter.php(144): Requests_Session->get()
#5 /home/latihtal/public_html/agregator1/src/controllers/Dashboard/DashboardFeedsController.php(534): spark\drivers\Http\RssImporter->fetchPosts()
#6 /home/latihtal/public_html/agregator1/src/controllers/Site/SiteController.php(722): spark\controllers\Dashboard\DashboardFeedsController::importFeedPosts()
#7 [internal function]: spark\controllers\Site\SiteController->runTasks()
#8 /home/latihtal/public_html/agregator1/src/framework/Route.php(173): call_user_func_array()
#9 [internal function]: Slim\Route->Slim\{closure}()
#10 /home/latihtal/public_html/agregator1/src/framework/Route.php(468): call_user_func_array()
#11 /home/latihtal/public_html/agregator1/src/framework/Slim.php(1364): Slim\Route->dispatch()
#12 /home/latihtal/public_html/agregator1/src/framework/Middleware/Flash.php(85): Slim\Slim->call()
#13 /home/latihtal/public_html/agregator1/src/framework/Middleware/MethodOverride.php(92): Slim\Middleware\Flash->call()
#14 /home/latihtal/public_html/agregator1/src/middlewares/CsrfGuard/CsrfGuard.php(47): Slim\Middleware\MethodOverride->call()
#15 /home/latihtal/public_html/agregator1/src/framework/Middleware/PrettyExceptions.php(67): spark\middlewares\CsrfGuard\CsrfGuard->call()
#16 /home/latihtal/public_html/agregator1/src/framework/Slim.php(1308): Slim\Middleware\PrettyExceptions->call()
#17 /home/latihtal/public_html/agregator1/index.php(6): Slim\Slim->run()
#18 {main} [] []
[2025-03-23 15:57:38] SlimMonoLogger.INFO: Cron ran at: 23-03-2025 03:57:38 PM [] []
[2025-03-23 16:00:39] SlimMonoLogger.INFO: Cron ran at: 23-03-2025 04:00:39 PM [] []
[2025-03-23 16:05:30] SlimMonoLogger.INFO: Cron ran at: 23-03-2025 04:05:30 PM [] []
[2025-03-23 16:10:44] SlimMonoLogger.INFO: Cron ran at: 23-03-2025 04:10:44 PM [] []
[2025-03-23 16:15:27] SlimMonoLogger.INFO: Cron ran at: 23-03-2025 04:15:27 PM [] []
[2025-03-23 16:20:31] SlimMonoLogger.INFO: Cron ran at: 23-03-2025 04:20:31 PM [] []
[2025-03-23 16:25:44] SlimMonoLogger.INFO: Cron ran at: 23-03-2025 04:25:44 PM [] []
[2025-03-23 16:31:53] SlimMonoLogger.INFO: Cron ran at: 23-03-2025 04:31:53 PM [] []
[2025-03-23 16:35:33] SlimMonoLogger.INFO: Cron ran at: 23-03-2025 04:35:33 PM [] []
[2025-03-23 16:40:37] SlimMonoLogger.INFO: Cron ran at: 23-03-2025 04:40:37 PM [] []
[2025-03-23 16:45:32] SlimMonoLogger.INFO: Cron ran at: 23-03-2025 04:45:32 PM [] []
[2025-03-23 16:50:38] SlimMonoLogger.INFO: Cron ran at: 23-03-2025 04:50:38 PM [] []
[2025-03-23 16:55:35] SlimMonoLogger.INFO: Cron ran at: 23-03-2025 04:55:35 PM [] []
[2025-03-23 17:00:39] SlimMonoLogger.INFO: Cron ran at: 23-03-2025 05:00:39 PM [] []
[2025-03-23 17:05:36] SlimMonoLogger.INFO: Cron ran at: 23-03-2025 05:05:36 PM [] []
[2025-03-23 17:10:36] SlimMonoLogger.INFO: Cron ran at: 23-03-2025 05:10:36 PM [] []
[2025-03-23 17:15:29] SlimMonoLogger.INFO: Cron ran at: 23-03-2025 05:15:29 PM [] []
[2025-03-23 17:20:36] SlimMonoLogger.INFO: Cron ran at: 23-03-2025 05:20:36 PM [] []
[2025-03-23 17:25:39] SlimMonoLogger.INFO: Cron ran at: 23-03-2025 05:25:39 PM [] []
[2025-03-23 17:30:40] SlimMonoLogger.INFO: Cron ran at: 23-03-2025 05:30:40 PM [] []
[2025-03-23 17:35:34] SlimMonoLogger.INFO: Cron ran at: 23-03-2025 05:35:34 PM [] []
[2025-03-23 17:40:54] SlimMonoLogger.INFO: Cron ran at: 23-03-2025 05:40:54 PM [] []
[2025-03-23 17:45:34] SlimMonoLogger.INFO: Cron ran at: 23-03-2025 05:45:34 PM [] []
[2025-03-23 17:50:34] SlimMonoLogger.INFO: Cron ran at: 23-03-2025 05:50:34 PM [] []
[2025-03-23 17:57:18] SlimMonoLogger.ERROR: Requests_Exception: cURL error 28: Failed to connect to antropol.mk port 443 after 128541 ms: Could not connect to server in /home/latihtal/public_html/agregator1/src/vendor/rmccue/requests/library/Requests/Transport/cURL.php:422
Stack trace:
#0 /home/latihtal/public_html/agregator1/src/vendor/rmccue/requests/library/Requests/Transport/cURL.php(177): Requests_Transport_cURL->process_response()
#1 /home/latihtal/public_html/agregator1/src/vendor/rmccue/requests/library/Requests.php(379): Requests_Transport_cURL->request()
#2 /home/latihtal/public_html/agregator1/src/vendor/rmccue/requests/library/Requests/Session.php(205): Requests::request()
#3 /home/latihtal/public_html/agregator1/src/vendor/rmccue/requests/library/Requests/Session.php(132): Requests_Session->request()
#4 /home/latihtal/public_html/agregator1/src/drivers/Http/RssImporter.php(144): Requests_Session->get()
#5 /home/latihtal/public_html/agregator1/src/controllers/Dashboard/DashboardFeedsController.php(534): spark\drivers\Http\RssImporter->fetchPosts()
#6 /home/latihtal/public_html/agregator1/src/controllers/Site/SiteController.php(722): spark\controllers\Dashboard\DashboardFeedsController::importFeedPosts()
#7 [internal function]: spark\controllers\Site\SiteController->runTasks()
#8 /home/latihtal/public_html/agregator1/src/framework/Route.php(173): call_user_func_array()
#9 [internal function]: Slim\Route->Slim\{closure}()
#10 /home/latihtal/public_html/agregator1/src/framework/Route.php(468): call_user_func_array()
#11 /home/latihtal/public_html/agregator1/src/framework/Slim.php(1364): Slim\Route->dispatch()
#12 /home/latihtal/public_html/agregator1/src/framework/Middleware/Flash.php(85): Slim\Slim->call()
#13 /home/latihtal/public_html/agregator1/src/framework/Middleware/MethodOverride.php(92): Slim\Middleware\Flash->call()
#14 /home/latihtal/public_html/agregator1/src/middlewares/CsrfGuard/CsrfGuard.php(47): Slim\Middleware\MethodOverride->call()
#15 /home/latihtal/public_html/agregator1/src/framework/Middleware/PrettyExceptions.php(67): spark\middlewares\CsrfGuard\CsrfGuard->call()
#16 /home/latihtal/public_html/agregator1/src/framework/Slim.php(1308): Slim\Middleware\PrettyExceptions->call()
#17 /home/latihtal/public_html/agregator1/index.php(6): Slim\Slim->run()
#18 {main} [] []
[2025-03-23 17:57:35] SlimMonoLogger.INFO: Cron ran at: 23-03-2025 05:57:35 PM [] []
[2025-03-23 18:01:10] SlimMonoLogger.INFO: Cron ran at: 23-03-2025 06:01:10 PM [] []
[2025-03-23 18:05:31] SlimMonoLogger.INFO: Cron ran at: 23-03-2025 06:05:31 PM [] []
[2025-03-23 18:11:01] SlimMonoLogger.INFO: Cron ran at: 23-03-2025 06:11:01 PM [] []
[2025-03-23 18:15:36] SlimMonoLogger.INFO: Cron ran at: 23-03-2025 06:15:36 PM [] []
[2025-03-23 18:20:25] SlimMonoLogger.INFO: Cron ran at: 23-03-2025 06:20:25 PM [] []
[2025-03-23 18:25:40] SlimMonoLogger.INFO: Cron ran at: 23-03-2025 06:25:40 PM [] []
[2025-03-23 18:30:34] SlimMonoLogger.INFO: Cron ran at: 23-03-2025 06:30:34 PM [] []
[2025-03-23 18:35:37] SlimMonoLogger.INFO: Cron ran at: 23-03-2025 06:35:37 PM [] []
[2025-03-23 18:42:22] SlimMonoLogger.ERROR: Requests_Exception: cURL error 28: Failed to connect to antropol.mk port 443 after 130225 ms: Could not connect to server in /home/latihtal/public_html/agregator1/src/vendor/rmccue/requests/library/Requests/Transport/cURL.php:422
Stack trace:
#0 /home/latihtal/public_html/agregator1/src/vendor/rmccue/requests/library/Requests/Transport/cURL.php(177): Requests_Transport_cURL->process_response()
#1 /home/latihtal/public_html/agregator1/src/vendor/rmccue/requests/library/Requests.php(379): Requests_Transport_cURL->request()
#2 /home/latihtal/public_html/agregator1/src/vendor/rmccue/requests/library/Requests/Session.php(205): Requests::request()
#3 /home/latihtal/public_html/agregator1/src/vendor/rmccue/requests/library/Requests/Session.php(132): Requests_Session->request()
#4 /home/latihtal/public_html/agregator1/src/drivers/Http/RssImporter.php(144): Requests_Session->get()
#5 /home/latihtal/public_html/agregator1/src/controllers/Dashboard/DashboardFeedsController.php(534): spark\drivers\Http\RssImporter->fetchPosts()
#6 /home/latihtal/public_html/agregator1/src/controllers/Site/SiteController.php(722): spark\controllers\Dashboard\DashboardFeedsController::importFeedPosts()
#7 [internal function]: spark\controllers\Site\SiteController->runTasks()
#8 /home/latihtal/public_html/agregator1/src/framework/Route.php(173): call_user_func_array()
#9 [internal function]: Slim\Route->Slim\{closure}()
#10 /home/latihtal/public_html/agregator1/src/framework/Route.php(468): call_user_func_array()
#11 /home/latihtal/public_html/agregator1/src/framework/Slim.php(1364): Slim\Route->dispatch()
#12 /home/latihtal/public_html/agregator1/src/framework/Middleware/Flash.php(85): Slim\Slim->call()
#13 /home/latihtal/public_html/agregator1/src/framework/Middleware/MethodOverride.php(92): Slim\Middleware\Flash->call()
#14 /home/latihtal/public_html/agregator1/src/middlewares/CsrfGuard/CsrfGuard.php(47): Slim\Middleware\MethodOverride->call()
#15 /home/latihtal/public_html/agregator1/src/framework/Middleware/PrettyExceptions.php(67): spark\middlewares\CsrfGuard\CsrfGuard->call()
#16 /home/latihtal/public_html/agregator1/src/framework/Slim.php(1308): Slim\Middleware\PrettyExceptions->call()
#17 /home/latihtal/public_html/agregator1/index.php(6): Slim\Slim->run()
#18 {main} [] []
[2025-03-23 18:42:38] SlimMonoLogger.INFO: Cron ran at: 23-03-2025 06:42:38 PM [] []
[2025-03-23 18:45:31] SlimMonoLogger.INFO: Cron ran at: 23-03-2025 06:45:31 PM [] []
[2025-03-23 18:50:35] SlimMonoLogger.INFO: Cron ran at: 23-03-2025 06:50:35 PM [] []
[2025-03-23 18:57:19] SlimMonoLogger.ERROR: Requests_Exception: cURL error 28: Failed to connect to antropol.mk port 443 after 128452 ms: Could not connect to server in /home/latihtal/public_html/agregator1/src/vendor/rmccue/requests/library/Requests/Transport/cURL.php:422
Stack trace:
#0 /home/latihtal/public_html/agregator1/src/vendor/rmccue/requests/library/Requests/Transport/cURL.php(177): Requests_Transport_cURL->process_response()
#1 /home/latihtal/public_html/agregator1/src/vendor/rmccue/requests/library/Requests.php(379): Requests_Transport_cURL->request()
#2 /home/latihtal/public_html/agregator1/src/vendor/rmccue/requests/library/Requests/Session.php(205): Requests::request()
#3 /home/latihtal/public_html/agregator1/src/vendor/rmccue/requests/library/Requests/Session.php(132): Requests_Session->request()
#4 /home/latihtal/public_html/agregator1/src/drivers/Http/RssImporter.php(144): Requests_Session->get()
#5 /home/latihtal/public_html/agregator1/src/controllers/Dashboard/DashboardFeedsController.php(534): spark\drivers\Http\RssImporter->fetchPosts()
#6 /home/latihtal/public_html/agregator1/src/controllers/Site/SiteController.php(722): spark\controllers\Dashboard\DashboardFeedsController::importFeedPosts()
#7 [internal function]: spark\controllers\Site\SiteController->runTasks()
#8 /home/latihtal/public_html/agregator1/src/framework/Route.php(173): call_user_func_array()
#9 [internal function]: Slim\Route->Slim\{closure}()
#10 /home/latihtal/public_html/agregator1/src/framework/Route.php(468): call_user_func_array()
#11 /home/latihtal/public_html/agregator1/src/framework/Slim.php(1364): Slim\Route->dispatch()
#12 /home/latihtal/public_html/agregator1/src/framework/Middleware/Flash.php(85): Slim\Slim->call()
#13 /home/latihtal/public_html/agregator1/src/framework/Middleware/MethodOverride.php(92): Slim\Middleware\Flash->call()
#14 /home/latihtal/public_html/agregator1/src/middlewares/CsrfGuard/CsrfGuard.php(47): Slim\Middleware\MethodOverride->call()
#15 /home/latihtal/public_html/agregator1/src/framework/Middleware/PrettyExceptions.php(67): spark\middlewares\CsrfGuard\CsrfGuard->call()
#16 /home/latihtal/public_html/agregator1/src/framework/Slim.php(1308): Slim\Middleware\PrettyExceptions->call()
#17 /home/latihtal/public_html/agregator1/index.php(6): Slim\Slim->run()
#18 {main} [] []
[2025-03-23 18:57:36] SlimMonoLogger.INFO: Cron ran at: 23-03-2025 06:57:36 PM [] []
[2025-03-23 19:00:30] SlimMonoLogger.INFO: Cron ran at: 23-03-2025 07:00:30 PM [] []
[2025-03-23 19:05:36] SlimMonoLogger.INFO: Cron ran at: 23-03-2025 07:05:36 PM [] []
[2025-03-23 19:11:05] SlimMonoLogger.INFO: Cron ran at: 23-03-2025 07:11:05 PM [] []
[2025-03-23 19:15:34] SlimMonoLogger.INFO: Cron ran at: 23-03-2025 07:15:34 PM [] []
[2025-03-23 19:20:33] SlimMonoLogger.INFO: Cron ran at: 23-03-2025 07:20:33 PM [] []
[2025-03-23 19:25:33] SlimMonoLogger.INFO: Cron ran at: 23-03-2025 07:25:33 PM [] []
[2025-03-23 19:30:35] SlimMonoLogger.INFO: Cron ran at: 23-03-2025 07:30:35 PM [] []
[2025-03-23 19:35:53] SlimMonoLogger.INFO: Cron ran at: 23-03-2025 07:35:53 PM [] []
[2025-03-23 19:40:33] SlimMonoLogger.INFO: Cron ran at: 23-03-2025 07:40:33 PM [] []
[2025-03-23 19:45:29] SlimMonoLogger.INFO: Cron ran at: 23-03-2025 07:45:29 PM [] []
[2025-03-23 19:50:36] SlimMonoLogger.INFO: Cron ran at: 23-03-2025 07:50:36 PM [] []
[2025-03-23 19:56:20] SlimMonoLogger.INFO: Cron ran at: 23-03-2025 07:56:20 PM [] []
[2025-03-23 20:00:48] SlimMonoLogger.INFO: Cron ran at: 23-03-2025 08:00:48 PM [] []
[2025-03-23 20:05:41] SlimMonoLogger.INFO: Cron ran at: 23-03-2025 08:05:41 PM [] []
[2025-03-23 20:10:26] SlimMonoLogger.INFO: Cron ran at: 23-03-2025 08:10:26 PM [] []
[2025-03-23 20:15:38] SlimMonoLogger.INFO: Cron ran at: 23-03-2025 08:15:38 PM [] []
[2025-03-23 20:20:30] SlimMonoLogger.INFO: Cron ran at: 23-03-2025 08:20:30 PM [] []
[2025-03-23 20:25:28] SlimMonoLogger.INFO: Cron ran at: 23-03-2025 08:25:28 PM [] []
[2025-03-23 20:30:32] SlimMonoLogger.INFO: Cron ran at: 23-03-2025 08:30:32 PM [] []
[2025-03-23 20:35:30] SlimMonoLogger.INFO: Cron ran at: 23-03-2025 08:35:30 PM [] []
[2025-03-23 20:40:34] SlimMonoLogger.INFO: Cron ran at: 23-03-2025 08:40:34 PM [] []
[2025-03-23 20:45:32] SlimMonoLogger.INFO: Cron ran at: 23-03-2025 08:45:32 PM [] []
[2025-03-23 20:50:27] SlimMonoLogger.INFO: Cron ran at: 23-03-2025 08:50:27 PM [] []
[2025-03-23 20:55:30] SlimMonoLogger.INFO: Cron ran at: 23-03-2025 08:55:30 PM [] []
[2025-03-23 21:00:35] SlimMonoLogger.INFO: Cron ran at: 23-03-2025 09:00:35 PM [] []
[2025-03-23 21:05:31] SlimMonoLogger.INFO: Cron ran at: 23-03-2025 09:05:31 PM [] []
[2025-03-23 21:10:29] SlimMonoLogger.INFO: Cron ran at: 23-03-2025 09:10:29 PM [] []
[2025-03-23 21:15:36] SlimMonoLogger.INFO: Cron ran at: 23-03-2025 09:15:36 PM [] []
[2025-03-23 21:20:34] SlimMonoLogger.INFO: Cron ran at: 23-03-2025 09:20:34 PM [] []
[2025-03-23 21:25:35] SlimMonoLogger.INFO: Cron ran at: 23-03-2025 09:25:35 PM [] []
[2025-03-23 21:30:31] SlimMonoLogger.INFO: Cron ran at: 23-03-2025 09:30:31 PM [] []
[2025-03-23 21:35:34] SlimMonoLogger.INFO: Cron ran at: 23-03-2025 09:35:34 PM [] []
[2025-03-23 21:40:29] SlimMonoLogger.INFO: Cron ran at: 23-03-2025 09:40:29 PM [] []
[2025-03-23 21:45:29] SlimMonoLogger.INFO: Cron ran at: 23-03-2025 09:45:29 PM [] []
[2025-03-23 21:50:29] SlimMonoLogger.INFO: Cron ran at: 23-03-2025 09:50:29 PM [] []
[2025-03-23 21:55:32] SlimMonoLogger.INFO: Cron ran at: 23-03-2025 09:55:32 PM [] []
[2025-03-23 22:00:33] SlimMonoLogger.INFO: Cron ran at: 23-03-2025 10:00:33 PM [] []
[2025-03-23 22:05:27] SlimMonoLogger.INFO: Cron ran at: 23-03-2025 10:05:27 PM [] []
[2025-03-23 22:10:27] SlimMonoLogger.INFO: Cron ran at: 23-03-2025 10:10:27 PM [] []
[2025-03-23 22:15:26] SlimMonoLogger.INFO: Cron ran at: 23-03-2025 10:15:26 PM [] []
[2025-03-23 22:20:39] SlimMonoLogger.INFO: Cron ran at: 23-03-2025 10:20:39 PM [] []
[2025-03-23 22:25:30] SlimMonoLogger.INFO: Cron ran at: 23-03-2025 10:25:30 PM [] []
[2025-03-23 22:30:35] SlimMonoLogger.INFO: Cron ran at: 23-03-2025 10:30:35 PM [] []
[2025-03-23 22:35:27] SlimMonoLogger.INFO: Cron ran at: 23-03-2025 10:35:27 PM [] []
[2025-03-23 22:40:26] SlimMonoLogger.INFO: Cron ran at: 23-03-2025 10:40:26 PM [] []
[2025-03-23 22:45:28] SlimMonoLogger.INFO: Cron ran at: 23-03-2025 10:45:28 PM [] []
[2025-03-23 22:50:42] SlimMonoLogger.INFO: Cron ran at: 23-03-2025 10:50:42 PM [] []
[2025-03-23 22:55:28] SlimMonoLogger.INFO: Cron ran at: 23-03-2025 10:55:28 PM [] []
[2025-03-23 23:00:32] SlimMonoLogger.INFO: Cron ran at: 23-03-2025 11:00:32 PM [] []
[2025-03-23 23:05:32] SlimMonoLogger.INFO: Cron ran at: 23-03-2025 11:05:32 PM [] []
[2025-03-23 23:10:27] SlimMonoLogger.INFO: Cron ran at: 23-03-2025 11:10:27 PM [] []
[2025-03-23 23:15:25] SlimMonoLogger.INFO: Cron ran at: 23-03-2025 11:15:25 PM [] []
[2025-03-23 23:20:27] SlimMonoLogger.INFO: Cron ran at: 23-03-2025 11:20:27 PM [] []
[2025-03-23 23:25:28] SlimMonoLogger.INFO: Cron ran at: 23-03-2025 11:25:28 PM [] []
[2025-03-23 23:30:28] SlimMonoLogger.INFO: Cron ran at: 23-03-2025 11:30:28 PM [] []
[2025-03-23 23:35:29] SlimMonoLogger.INFO: Cron ran at: 23-03-2025 11:35:29 PM [] []
[2025-03-23 23:40:26] SlimMonoLogger.INFO: Cron ran at: 23-03-2025 11:40:26 PM [] []
[2025-03-23 23:45:29] SlimMonoLogger.INFO: Cron ran at: 23-03-2025 11:45:29 PM [] []
[2025-03-23 23:50:31] SlimMonoLogger.INFO: Cron ran at: 23-03-2025 11:50:31 PM [] []
[2025-03-23 23:55:25] SlimMonoLogger.INFO: Cron ran at: 23-03-2025 11:55:25 PM [] []
[2025-03-24 00:00:28] SlimMonoLogger.INFO: Cron ran at: 24-03-2025 12:00:28 AM [] []
[2025-03-24 00:05:30] SlimMonoLogger.INFO: Cron ran at: 24-03-2025 12:05:30 AM [] []
[2025-03-24 00:10:24] SlimMonoLogger.INFO: Cron ran at: 24-03-2025 12:10:24 AM [] []
[2025-03-24 00:15:27] SlimMonoLogger.INFO: Cron ran at: 24-03-2025 12:15:27 AM [] []
[2025-03-24 00:20:28] SlimMonoLogger.INFO: Cron ran at: 24-03-2025 12:20:28 AM [] []
[2025-03-24 00:25:23] SlimMonoLogger.INFO: Cron ran at: 24-03-2025 12:25:23 AM [] []
[2025-03-24 00:30:28] SlimMonoLogger.INFO: Cron ran at: 24-03-2025 12:30:28 AM [] []
[2025-03-24 00:36:34] SlimMonoLogger.INFO: Cron ran at: 24-03-2025 12:36:34 AM [] []
[2025-03-24 00:40:23] SlimMonoLogger.INFO: Cron ran at: 24-03-2025 12:40:23 AM [] []
[2025-03-24 00:45:27] SlimMonoLogger.INFO: Cron ran at: 24-03-2025 12:45:27 AM [] []
[2025-03-24 00:50:25] SlimMonoLogger.INFO: Cron ran at: 24-03-2025 12:50:25 AM [] []
[2025-03-24 00:55:32] SlimMonoLogger.INFO: Cron ran at: 24-03-2025 12:55:32 AM [] []
