[2025-08-24 02:00:32] SlimMonoLogger.INFO: Cron ran at: 24-08-2025 02:00:32 AM [] []
[2025-08-24 02:05:30] SlimMonoLogger.INFO: Cron ran at: 24-08-2025 02:05:30 AM [] []
[2025-08-24 02:10:31] SlimMonoLogger.INFO: Cron ran at: 24-08-2025 02:10:31 AM [] []
[2025-08-24 02:16:37] SlimMonoLogger.INFO: Cron ran at: 24-08-2025 02:16:37 AM [] []
[2025-08-24 02:20:31] SlimMonoLogger.INFO: Cron ran at: 24-08-2025 02:20:31 AM [] []
[2025-08-24 02:25:27] SlimMonoLogger.INFO: Cron ran at: 24-08-2025 02:25:27 AM [] []
[2025-08-24 02:30:33] SlimMonoLogger.INFO: Cron ran at: 24-08-2025 02:30:33 AM [] []
[2025-08-24 02:35:32] SlimMonoLogger.INFO: Cron ran at: 24-08-2025 02:35:32 AM [] []
[2025-08-24 02:40:28] SlimMonoLogger.INFO: Cron ran at: 24-08-2025 02:40:28 AM [] []
[2025-08-24 02:45:28] SlimMonoLogger.INFO: Cron ran at: 24-08-2025 02:45:28 AM [] []
[2025-08-24 02:50:34] SlimMonoLogger.INFO: Cron ran at: 24-08-2025 02:50:34 AM [] []
[2025-08-24 02:55:30] SlimMonoLogger.INFO: Cron ran at: 24-08-2025 02:55:30 AM [] []
[2025-08-24 03:00:33] SlimMonoLogger.INFO: Cron ran at: 24-08-2025 03:00:33 AM [] []
[2025-08-24 03:05:27] SlimMonoLogger.INFO: Cron ran at: 24-08-2025 03:05:27 AM [] []
[2025-08-24 03:10:29] SlimMonoLogger.INFO: Cron ran at: 24-08-2025 03:10:29 AM [] []
[2025-08-24 03:15:29] SlimMonoLogger.INFO: Cron ran at: 24-08-2025 03:15:29 AM [] []
[2025-08-24 03:20:37] SlimMonoLogger.INFO: Cron ran at: 24-08-2025 03:20:37 AM [] []
[2025-08-24 03:25:28] SlimMonoLogger.INFO: Cron ran at: 24-08-2025 03:25:28 AM [] []
[2025-08-24 03:30:29] SlimMonoLogger.INFO: Cron ran at: 24-08-2025 03:30:29 AM [] []
[2025-08-24 03:35:29] SlimMonoLogger.INFO: Cron ran at: 24-08-2025 03:35:29 AM [] []
[2025-08-24 03:40:28] SlimMonoLogger.INFO: Cron ran at: 24-08-2025 03:40:28 AM [] []
[2025-08-24 03:45:29] SlimMonoLogger.INFO: Cron ran at: 24-08-2025 03:45:29 AM [] []
[2025-08-24 03:50:33] SlimMonoLogger.INFO: Cron ran at: 24-08-2025 03:50:33 AM [] []
[2025-08-24 03:55:27] SlimMonoLogger.INFO: Cron ran at: 24-08-2025 03:55:27 AM [] []
[2025-08-24 02:00:16] SlimMonoLogger.CRITICAL: PDOException: SQLSTATE[HY000] [1040] Too many connections in /home/latihtal/public_html/agregator1/src/framework/PDO/Database.php:34
Stack trace:
#0 /home/latihtal/public_html/agregator1/src/framework/PDO/Database.php(34): PDO->__construct()
#1 /home/latihtal/public_html/agregator1/src/dependencies.php(73): Slim\PDO\Database->__construct()
#2 /home/latihtal/public_html/agregator1/src/framework/Helper/Set.php(231): {closure}()
#3 /home/latihtal/public_html/agregator1/src/framework/Helper/Set.php(88): Slim\Helper\Set->Slim\Helper\{closure}()
#4 /home/latihtal/public_html/agregator1/src/framework/Slim.php(232): Slim\Helper\Set->get()
#5 /home/latihtal/public_html/agregator1/src/models/Model.php(176): Slim\Slim->__get()
#6 /home/latihtal/public_html/agregator1/src/models/OptionModel.php(180): spark\models\Model->select()
#7 /home/latihtal/public_html/agregator1/src/models/OptionModel.php(40): spark\models\OptionModel->autoloadOptions()
#8 /home/latihtal/public_html/agregator1/src/dependencies.php(99): spark\models\OptionModel->__construct()
#9 /home/latihtal/public_html/agregator1/src/framework/Helper/Set.php(231): {closure}()
#10 /home/latihtal/public_html/agregator1/src/framework/Helper/Set.php(88): Slim\Helper\Set->Slim\Helper\{closure}()
#11 /home/latihtal/public_html/agregator1/src/framework/Slim.php(232): Slim\Helper\Set->get()
#12 /home/latihtal/public_html/agregator1/src/drivers/Views/ThemeManager.php(34): Slim\Slim->__get()
#13 /home/latihtal/public_html/agregator1/src/dependencies.php(142): spark\drivers\Views\ThemeManager->initEngine()
#14 /home/latihtal/public_html/agregator1/src/bootstrap.php(68): require('/home/latihtal/...')
#15 /home/latihtal/public_html/agregator1/index.php(4): require('/home/latihtal/...')
#16 {main} [] []
[2025-08-24 04:05:46] SlimMonoLogger.INFO: Cron ran at: 24-08-2025 04:05:46 AM [] []
[2025-08-24 04:10:43] SlimMonoLogger.INFO: Cron ran at: 24-08-2025 04:10:43 AM [] []
[2025-08-24 04:15:40] SlimMonoLogger.INFO: Cron ran at: 24-08-2025 04:15:40 AM [] []
[2025-08-24 04:20:40] SlimMonoLogger.INFO: Cron ran at: 24-08-2025 04:20:40 AM [] []
[2025-08-24 04:25:44] SlimMonoLogger.INFO: Cron ran at: 24-08-2025 04:25:44 AM [] []
[2025-08-24 04:30:46] SlimMonoLogger.INFO: Cron ran at: 24-08-2025 04:30:46 AM [] []
[2025-08-24 04:35:43] SlimMonoLogger.INFO: Cron ran at: 24-08-2025 04:35:43 AM [] []
[2025-08-24 04:40:44] SlimMonoLogger.INFO: Cron ran at: 24-08-2025 04:40:44 AM [] []
[2025-08-24 04:45:40] SlimMonoLogger.INFO: Cron ran at: 24-08-2025 04:45:40 AM [] []
[2025-08-24 04:50:38] SlimMonoLogger.INFO: Cron ran at: 24-08-2025 04:50:38 AM [] []
[2025-08-24 04:55:43] SlimMonoLogger.INFO: Cron ran at: 24-08-2025 04:55:43 AM [] []
[2025-08-24 05:00:43] SlimMonoLogger.INFO: Cron ran at: 24-08-2025 05:00:43 AM [] []
[2025-08-24 05:05:48] SlimMonoLogger.INFO: Cron ran at: 24-08-2025 05:05:48 AM [] []
[2025-08-24 05:10:33] SlimMonoLogger.INFO: Cron ran at: 24-08-2025 05:10:33 AM [] []
[2025-08-24 05:15:40] SlimMonoLogger.INFO: Cron ran at: 24-08-2025 05:15:40 AM [] []
[2025-08-24 05:20:34] SlimMonoLogger.INFO: Cron ran at: 24-08-2025 05:20:34 AM [] []
[2025-08-24 05:25:36] SlimMonoLogger.INFO: Cron ran at: 24-08-2025 05:25:36 AM [] []
[2025-08-24 05:30:50] SlimMonoLogger.INFO: Cron ran at: 24-08-2025 05:30:50 AM [] []
[2025-08-24 05:35:39] SlimMonoLogger.INFO: Cron ran at: 24-08-2025 05:35:39 AM [] []
[2025-08-24 05:40:38] SlimMonoLogger.INFO: Cron ran at: 24-08-2025 05:40:38 AM [] []
[2025-08-24 05:45:39] SlimMonoLogger.INFO: Cron ran at: 24-08-2025 05:45:39 AM [] []
[2025-08-24 05:50:36] SlimMonoLogger.INFO: Cron ran at: 24-08-2025 05:50:36 AM [] []
[2025-08-24 05:55:38] SlimMonoLogger.INFO: Cron ran at: 24-08-2025 05:55:38 AM [] []
[2025-08-24 06:00:44] SlimMonoLogger.INFO: Cron ran at: 24-08-2025 06:00:44 AM [] []
[2025-08-24 06:05:47] SlimMonoLogger.INFO: Cron ran at: 24-08-2025 06:05:47 AM [] []
[2025-08-24 06:10:35] SlimMonoLogger.INFO: Cron ran at: 24-08-2025 06:10:35 AM [] []
[2025-08-24 06:15:42] SlimMonoLogger.INFO: Cron ran at: 24-08-2025 06:15:42 AM [] []
[2025-08-24 06:20:30] SlimMonoLogger.INFO: Cron ran at: 24-08-2025 06:20:30 AM [] []
[2025-08-24 06:25:36] SlimMonoLogger.INFO: Cron ran at: 24-08-2025 06:25:36 AM [] []
[2025-08-24 06:30:34] SlimMonoLogger.INFO: Cron ran at: 24-08-2025 06:30:34 AM [] []
[2025-08-24 06:35:34] SlimMonoLogger.INFO: Cron ran at: 24-08-2025 06:35:34 AM [] []
[2025-08-24 06:40:30] SlimMonoLogger.INFO: Cron ran at: 24-08-2025 06:40:30 AM [] []
[2025-08-24 06:45:29] SlimMonoLogger.INFO: Cron ran at: 24-08-2025 06:45:29 AM [] []
[2025-08-24 06:50:32] SlimMonoLogger.INFO: Cron ran at: 24-08-2025 06:50:32 AM [] []
[2025-08-24 06:55:27] SlimMonoLogger.INFO: Cron ran at: 24-08-2025 06:55:27 AM [] []
[2025-08-24 07:00:33] SlimMonoLogger.INFO: Cron ran at: 24-08-2025 07:00:33 AM [] []
[2025-08-24 07:05:30] SlimMonoLogger.INFO: Cron ran at: 24-08-2025 07:05:30 AM [] []
[2025-08-24 07:10:29] SlimMonoLogger.INFO: Cron ran at: 24-08-2025 07:10:29 AM [] []
[2025-08-24 07:15:30] SlimMonoLogger.INFO: Cron ran at: 24-08-2025 07:15:30 AM [] []
[2025-08-24 07:20:27] SlimMonoLogger.INFO: Cron ran at: 24-08-2025 07:20:27 AM [] []
[2025-08-24 07:25:29] SlimMonoLogger.INFO: Cron ran at: 24-08-2025 07:25:29 AM [] []
[2025-08-24 07:30:31] SlimMonoLogger.INFO: Cron ran at: 24-08-2025 07:30:31 AM [] []
[2025-08-24 07:35:30] SlimMonoLogger.INFO: Cron ran at: 24-08-2025 07:35:30 AM [] []
[2025-08-24 07:40:28] SlimMonoLogger.INFO: Cron ran at: 24-08-2025 07:40:28 AM [] []
[2025-08-24 07:45:30] SlimMonoLogger.INFO: Cron ran at: 24-08-2025 07:45:30 AM [] []
[2025-08-24 07:50:29] SlimMonoLogger.INFO: Cron ran at: 24-08-2025 07:50:29 AM [] []
[2025-08-24 07:55:30] SlimMonoLogger.INFO: Cron ran at: 24-08-2025 07:55:30 AM [] []
[2025-08-24 08:00:34] SlimMonoLogger.INFO: Cron ran at: 24-08-2025 08:00:34 AM [] []
[2025-08-24 08:05:29] SlimMonoLogger.INFO: Cron ran at: 24-08-2025 08:05:29 AM [] []
[2025-08-24 08:10:30] SlimMonoLogger.INFO: Cron ran at: 24-08-2025 08:10:30 AM [] []
[2025-08-24 08:15:30] SlimMonoLogger.INFO: Cron ran at: 24-08-2025 08:15:30 AM [] []
[2025-08-24 08:20:28] SlimMonoLogger.INFO: Cron ran at: 24-08-2025 08:20:28 AM [] []
[2025-08-24 08:25:29] SlimMonoLogger.INFO: Cron ran at: 24-08-2025 08:25:29 AM [] []
[2025-08-24 08:30:33] SlimMonoLogger.INFO: Cron ran at: 24-08-2025 08:30:33 AM [] []
[2025-08-24 08:35:32] SlimMonoLogger.INFO: Cron ran at: 24-08-2025 08:35:32 AM [] []
[2025-08-24 08:40:31] SlimMonoLogger.INFO: Cron ran at: 24-08-2025 08:40:31 AM [] []
[2025-08-24 08:45:35] SlimMonoLogger.INFO: Cron ran at: 24-08-2025 08:45:35 AM [] []
[2025-08-24 08:50:36] SlimMonoLogger.INFO: Cron ran at: 24-08-2025 08:50:36 AM [] []
[2025-08-24 08:55:36] SlimMonoLogger.INFO: Cron ran at: 24-08-2025 08:55:36 AM [] []
[2025-08-24 09:00:38] SlimMonoLogger.INFO: Cron ran at: 24-08-2025 09:00:38 AM [] []
[2025-08-24 09:05:36] SlimMonoLogger.INFO: Cron ran at: 24-08-2025 09:05:36 AM [] []
[2025-08-24 09:10:32] SlimMonoLogger.INFO: Cron ran at: 24-08-2025 09:10:32 AM [] []
[2025-08-24 09:15:34] SlimMonoLogger.INFO: Cron ran at: 24-08-2025 09:15:34 AM [] []
[2025-08-24 09:20:37] SlimMonoLogger.INFO: Cron ran at: 24-08-2025 09:20:37 AM [] []
[2025-08-24 09:25:36] SlimMonoLogger.INFO: Cron ran at: 24-08-2025 09:25:36 AM [] []
[2025-08-24 09:30:37] SlimMonoLogger.INFO: Cron ran at: 24-08-2025 09:30:37 AM [] []
[2025-08-24 09:35:33] SlimMonoLogger.INFO: Cron ran at: 24-08-2025 09:35:33 AM [] []
[2025-08-24 09:40:34] SlimMonoLogger.INFO: Cron ran at: 24-08-2025 09:40:34 AM [] []
[2025-08-24 09:45:34] SlimMonoLogger.INFO: Cron ran at: 24-08-2025 09:45:34 AM [] []
[2025-08-24 09:50:42] SlimMonoLogger.INFO: Cron ran at: 24-08-2025 09:50:42 AM [] []
[2025-08-24 09:55:33] SlimMonoLogger.INFO: Cron ran at: 24-08-2025 09:55:33 AM [] []
[2025-08-24 10:00:37] SlimMonoLogger.INFO: Cron ran at: 24-08-2025 10:00:37 AM [] []
[2025-08-24 10:05:37] SlimMonoLogger.INFO: Cron ran at: 24-08-2025 10:05:37 AM [] []
[2025-08-24 10:10:34] SlimMonoLogger.INFO: Cron ran at: 24-08-2025 10:10:34 AM [] []
[2025-08-24 10:15:34] SlimMonoLogger.INFO: Cron ran at: 24-08-2025 10:15:34 AM [] []
[2025-08-24 10:20:33] SlimMonoLogger.INFO: Cron ran at: 24-08-2025 10:20:33 AM [] []
[2025-08-24 10:25:37] SlimMonoLogger.INFO: Cron ran at: 24-08-2025 10:25:37 AM [] []
[2025-08-24 10:30:35] SlimMonoLogger.INFO: Cron ran at: 24-08-2025 10:30:35 AM [] []
[2025-08-24 10:35:39] SlimMonoLogger.INFO: Cron ran at: 24-08-2025 10:35:39 AM [] []
[2025-08-24 10:40:40] SlimMonoLogger.INFO: Cron ran at: 24-08-2025 10:40:40 AM [] []
[2025-08-24 10:45:35] SlimMonoLogger.INFO: Cron ran at: 24-08-2025 10:45:35 AM [] []
[2025-08-24 10:50:35] SlimMonoLogger.INFO: Cron ran at: 24-08-2025 10:50:35 AM [] []
[2025-08-24 10:55:41] SlimMonoLogger.INFO: Cron ran at: 24-08-2025 10:55:41 AM [] []
[2025-08-24 11:00:45] SlimMonoLogger.INFO: Cron ran at: 24-08-2025 11:00:45 AM [] []
[2025-08-24 11:05:39] SlimMonoLogger.INFO: Cron ran at: 24-08-2025 11:05:39 AM [] []
[2025-08-24 11:10:33] SlimMonoLogger.INFO: Cron ran at: 24-08-2025 11:10:33 AM [] []
[2025-08-24 11:15:29] SlimMonoLogger.INFO: Cron ran at: 24-08-2025 11:15:29 AM [] []
[2025-08-24 11:20:33] SlimMonoLogger.INFO: Cron ran at: 24-08-2025 11:20:33 AM [] []
[2025-08-24 11:25:29] SlimMonoLogger.INFO: Cron ran at: 24-08-2025 11:25:29 AM [] []
[2025-08-24 11:30:34] SlimMonoLogger.INFO: Cron ran at: 24-08-2025 11:30:34 AM [] []
[2025-08-24 11:35:32] SlimMonoLogger.INFO: Cron ran at: 24-08-2025 11:35:32 AM [] []
[2025-08-24 11:40:39] SlimMonoLogger.INFO: Cron ran at: 24-08-2025 11:40:39 AM [] []
[2025-08-24 11:45:34] SlimMonoLogger.INFO: Cron ran at: 24-08-2025 11:45:34 AM [] []
[2025-08-24 11:50:34] SlimMonoLogger.INFO: Cron ran at: 24-08-2025 11:50:34 AM [] []
[2025-08-24 11:55:32] SlimMonoLogger.INFO: Cron ran at: 24-08-2025 11:55:32 AM [] []
[2025-08-24 12:00:38] SlimMonoLogger.INFO: Cron ran at: 24-08-2025 12:00:38 PM [] []
[2025-08-24 12:05:32] SlimMonoLogger.INFO: Cron ran at: 24-08-2025 12:05:32 PM [] []
[2025-08-24 12:10:32] SlimMonoLogger.INFO: Cron ran at: 24-08-2025 12:10:32 PM [] []
[2025-08-24 12:15:28] SlimMonoLogger.INFO: Cron ran at: 24-08-2025 12:15:28 PM [] []
[2025-08-24 12:20:32] SlimMonoLogger.INFO: Cron ran at: 24-08-2025 12:20:32 PM [] []
[2025-08-24 12:25:32] SlimMonoLogger.INFO: Cron ran at: 24-08-2025 12:25:32 PM [] []
[2025-08-24 12:30:37] SlimMonoLogger.INFO: Cron ran at: 24-08-2025 12:30:37 PM [] []
[2025-08-24 12:35:36] SlimMonoLogger.INFO: Cron ran at: 24-08-2025 12:35:36 PM [] []
[2025-08-24 12:40:32] SlimMonoLogger.INFO: Cron ran at: 24-08-2025 12:40:32 PM [] []
[2025-08-24 12:45:35] SlimMonoLogger.INFO: Cron ran at: 24-08-2025 12:45:35 PM [] []
[2025-08-24 12:50:32] SlimMonoLogger.INFO: Cron ran at: 24-08-2025 12:50:32 PM [] []
[2025-08-24 12:55:35] SlimMonoLogger.INFO: Cron ran at: 24-08-2025 12:55:35 PM [] []
[2025-08-24 13:00:35] SlimMonoLogger.INFO: Cron ran at: 24-08-2025 01:00:35 PM [] []
[2025-08-24 13:05:31] SlimMonoLogger.INFO: Cron ran at: 24-08-2025 01:05:31 PM [] []
[2025-08-24 13:10:37] SlimMonoLogger.INFO: Cron ran at: 24-08-2025 01:10:37 PM [] []
[2025-08-24 13:15:34] SlimMonoLogger.INFO: Cron ran at: 24-08-2025 01:15:34 PM [] []
[2025-08-24 13:20:40] SlimMonoLogger.INFO: Cron ran at: 24-08-2025 01:20:40 PM [] []
[2025-08-24 13:25:30] SlimMonoLogger.INFO: Cron ran at: 24-08-2025 01:25:30 PM [] []
[2025-08-24 13:30:36] SlimMonoLogger.INFO: Cron ran at: 24-08-2025 01:30:36 PM [] []
[2025-08-24 13:35:33] SlimMonoLogger.INFO: Cron ran at: 24-08-2025 01:35:33 PM [] []
[2025-08-24 13:40:34] SlimMonoLogger.INFO: Cron ran at: 24-08-2025 01:40:34 PM [] []
[2025-08-24 13:45:28] SlimMonoLogger.INFO: Cron ran at: 24-08-2025 01:45:28 PM [] []
[2025-08-24 13:50:28] SlimMonoLogger.INFO: Cron ran at: 24-08-2025 01:50:28 PM [] []
[2025-08-24 13:55:32] SlimMonoLogger.INFO: Cron ran at: 24-08-2025 01:55:32 PM [] []
[2025-08-24 14:00:31] SlimMonoLogger.INFO: Cron ran at: 24-08-2025 02:00:31 PM [] []
[2025-08-24 14:05:39] SlimMonoLogger.INFO: Cron ran at: 24-08-2025 02:05:39 PM [] []
[2025-08-24 14:10:33] SlimMonoLogger.INFO: Cron ran at: 24-08-2025 02:10:33 PM [] []
[2025-08-24 14:15:31] SlimMonoLogger.INFO: Cron ran at: 24-08-2025 02:15:31 PM [] []
[2025-08-24 14:20:31] SlimMonoLogger.INFO: Cron ran at: 24-08-2025 02:20:31 PM [] []
[2025-08-24 14:25:31] SlimMonoLogger.INFO: Cron ran at: 24-08-2025 02:25:31 PM [] []
[2025-08-24 14:30:36] SlimMonoLogger.INFO: Cron ran at: 24-08-2025 02:30:36 PM [] []
[2025-08-24 14:35:32] SlimMonoLogger.INFO: Cron ran at: 24-08-2025 02:35:32 PM [] []
[2025-08-24 14:40:35] SlimMonoLogger.INFO: Cron ran at: 24-08-2025 02:40:35 PM [] []
[2025-08-24 14:45:39] SlimMonoLogger.INFO: Cron ran at: 24-08-2025 02:45:39 PM [] []
[2025-08-24 14:50:29] SlimMonoLogger.INFO: Cron ran at: 24-08-2025 02:50:29 PM [] []
[2025-08-24 14:55:32] SlimMonoLogger.INFO: Cron ran at: 24-08-2025 02:55:32 PM [] []
[2025-08-24 15:00:33] SlimMonoLogger.INFO: Cron ran at: 24-08-2025 03:00:33 PM [] []
[2025-08-24 15:05:31] SlimMonoLogger.INFO: Cron ran at: 24-08-2025 03:05:31 PM [] []
[2025-08-24 15:10:28] SlimMonoLogger.INFO: Cron ran at: 24-08-2025 03:10:28 PM [] []
[2025-08-24 15:15:32] SlimMonoLogger.INFO: Cron ran at: 24-08-2025 03:15:32 PM [] []
[2025-08-24 15:20:32] SlimMonoLogger.INFO: Cron ran at: 24-08-2025 03:20:32 PM [] []
[2025-08-24 15:25:27] SlimMonoLogger.INFO: Cron ran at: 24-08-2025 03:25:27 PM [] []
[2025-08-24 15:30:30] SlimMonoLogger.INFO: Cron ran at: 24-08-2025 03:30:30 PM [] []
[2025-08-24 15:35:29] SlimMonoLogger.INFO: Cron ran at: 24-08-2025 03:35:29 PM [] []
[2025-08-24 15:40:29] SlimMonoLogger.INFO: Cron ran at: 24-08-2025 03:40:29 PM [] []
[2025-08-24 15:45:29] SlimMonoLogger.INFO: Cron ran at: 24-08-2025 03:45:29 PM [] []
[2025-08-24 15:50:30] SlimMonoLogger.INFO: Cron ran at: 24-08-2025 03:50:30 PM [] []
[2025-08-24 15:55:32] SlimMonoLogger.INFO: Cron ran at: 24-08-2025 03:55:32 PM [] []
[2025-08-24 16:00:37] SlimMonoLogger.INFO: Cron ran at: 24-08-2025 04:00:37 PM [] []
[2025-08-24 16:05:37] SlimMonoLogger.INFO: Cron ran at: 24-08-2025 04:05:37 PM [] []
[2025-08-24 16:10:28] SlimMonoLogger.INFO: Cron ran at: 24-08-2025 04:10:28 PM [] []
[2025-08-24 16:15:34] SlimMonoLogger.INFO: Cron ran at: 24-08-2025 04:15:34 PM [] []
[2025-08-24 16:20:24] SlimMonoLogger.INFO: Cron ran at: 24-08-2025 04:20:24 PM [] []
[2025-08-24 16:25:41] SlimMonoLogger.INFO: Cron ran at: 24-08-2025 04:25:41 PM [] []
[2025-08-24 16:30:26] SlimMonoLogger.INFO: Cron ran at: 24-08-2025 04:30:26 PM [] []
[2025-08-24 16:35:32] SlimMonoLogger.INFO: Cron ran at: 24-08-2025 04:35:32 PM [] []
[2025-08-24 16:40:31] SlimMonoLogger.INFO: Cron ran at: 24-08-2025 04:40:31 PM [] []
[2025-08-24 16:45:29] SlimMonoLogger.INFO: Cron ran at: 24-08-2025 04:45:29 PM [] []
[2025-08-24 16:50:37] SlimMonoLogger.INFO: Cron ran at: 24-08-2025 04:50:37 PM [] []
[2025-08-24 16:55:36] SlimMonoLogger.INFO: Cron ran at: 24-08-2025 04:55:36 PM [] []
[2025-08-24 17:00:35] SlimMonoLogger.INFO: Cron ran at: 24-08-2025 05:00:35 PM [] []
[2025-08-24 17:05:34] SlimMonoLogger.INFO: Cron ran at: 24-08-2025 05:05:34 PM [] []
[2025-08-24 17:10:32] SlimMonoLogger.INFO: Cron ran at: 24-08-2025 05:10:32 PM [] []
[2025-08-24 17:15:34] SlimMonoLogger.INFO: Cron ran at: 24-08-2025 05:15:34 PM [] []
[2025-08-24 17:20:35] SlimMonoLogger.INFO: Cron ran at: 24-08-2025 05:20:35 PM [] []
[2025-08-24 17:25:33] SlimMonoLogger.INFO: Cron ran at: 24-08-2025 05:25:33 PM [] []
[2025-08-24 17:30:29] SlimMonoLogger.INFO: Cron ran at: 24-08-2025 05:30:29 PM [] []
[2025-08-24 17:35:41] SlimMonoLogger.INFO: Cron ran at: 24-08-2025 05:35:41 PM [] []
[2025-08-24 17:40:32] SlimMonoLogger.INFO: Cron ran at: 24-08-2025 05:40:32 PM [] []
[2025-08-24 17:45:32] SlimMonoLogger.INFO: Cron ran at: 24-08-2025 05:45:32 PM [] []
[2025-08-24 17:50:36] SlimMonoLogger.INFO: Cron ran at: 24-08-2025 05:50:36 PM [] []
[2025-08-24 17:55:31] SlimMonoLogger.INFO: Cron ran at: 24-08-2025 05:55:31 PM [] []
[2025-08-24 18:00:34] SlimMonoLogger.INFO: Cron ran at: 24-08-2025 06:00:34 PM [] []
[2025-08-24 18:05:32] SlimMonoLogger.INFO: Cron ran at: 24-08-2025 06:05:32 PM [] []
[2025-08-24 18:10:35] SlimMonoLogger.INFO: Cron ran at: 24-08-2025 06:10:35 PM [] []
[2025-08-24 18:15:27] SlimMonoLogger.INFO: Cron ran at: 24-08-2025 06:15:27 PM [] []
[2025-08-24 18:20:32] SlimMonoLogger.INFO: Cron ran at: 24-08-2025 06:20:32 PM [] []
[2025-08-24 18:25:33] SlimMonoLogger.INFO: Cron ran at: 24-08-2025 06:25:33 PM [] []
[2025-08-24 18:30:40] SlimMonoLogger.INFO: Cron ran at: 24-08-2025 06:30:40 PM [] []
[2025-08-24 18:35:32] SlimMonoLogger.INFO: Cron ran at: 24-08-2025 06:35:32 PM [] []
[2025-08-24 18:40:41] SlimMonoLogger.INFO: Cron ran at: 24-08-2025 06:40:41 PM [] []
[2025-08-24 18:45:36] SlimMonoLogger.INFO: Cron ran at: 24-08-2025 06:45:36 PM [] []
[2025-08-24 18:50:39] SlimMonoLogger.INFO: Cron ran at: 24-08-2025 06:50:39 PM [] []
[2025-08-24 18:55:32] SlimMonoLogger.INFO: Cron ran at: 24-08-2025 06:55:32 PM [] []
[2025-08-24 19:00:40] SlimMonoLogger.INFO: Cron ran at: 24-08-2025 07:00:40 PM [] []
[2025-08-24 19:05:36] SlimMonoLogger.INFO: Cron ran at: 24-08-2025 07:05:36 PM [] []
[2025-08-24 19:10:34] SlimMonoLogger.INFO: Cron ran at: 24-08-2025 07:10:34 PM [] []
[2025-08-24 19:15:34] SlimMonoLogger.INFO: Cron ran at: 24-08-2025 07:15:34 PM [] []
[2025-08-24 19:20:33] SlimMonoLogger.INFO: Cron ran at: 24-08-2025 07:20:33 PM [] []
[2025-08-24 19:25:37] SlimMonoLogger.INFO: Cron ran at: 24-08-2025 07:25:37 PM [] []
[2025-08-24 19:30:30] SlimMonoLogger.INFO: Cron ran at: 24-08-2025 07:30:30 PM [] []
[2025-08-24 19:35:36] SlimMonoLogger.INFO: Cron ran at: 24-08-2025 07:35:36 PM [] []
[2025-08-24 19:40:29] SlimMonoLogger.INFO: Cron ran at: 24-08-2025 07:40:29 PM [] []
[2025-08-24 19:45:35] SlimMonoLogger.INFO: Cron ran at: 24-08-2025 07:45:35 PM [] []
[2025-08-24 19:50:38] SlimMonoLogger.INFO: Cron ran at: 24-08-2025 07:50:38 PM [] []
[2025-08-24 19:55:32] SlimMonoLogger.INFO: Cron ran at: 24-08-2025 07:55:32 PM [] []
[2025-08-24 20:00:39] SlimMonoLogger.INFO: Cron ran at: 24-08-2025 08:00:39 PM [] []
[2025-08-24 20:05:34] SlimMonoLogger.INFO: Cron ran at: 24-08-2025 08:05:34 PM [] []
[2025-08-24 20:10:38] SlimMonoLogger.INFO: Cron ran at: 24-08-2025 08:10:38 PM [] []
[2025-08-24 20:15:31] SlimMonoLogger.INFO: Cron ran at: 24-08-2025 08:15:31 PM [] []
[2025-08-24 20:20:34] SlimMonoLogger.INFO: Cron ran at: 24-08-2025 08:20:34 PM [] []
[2025-08-24 20:25:36] SlimMonoLogger.INFO: Cron ran at: 24-08-2025 08:25:36 PM [] []
[2025-08-24 20:30:37] SlimMonoLogger.INFO: Cron ran at: 24-08-2025 08:30:37 PM [] []
[2025-08-24 20:35:44] SlimMonoLogger.INFO: Cron ran at: 24-08-2025 08:35:44 PM [] []
[2025-08-24 20:40:42] SlimMonoLogger.INFO: Cron ran at: 24-08-2025 08:40:42 PM [] []
[2025-08-24 20:45:36] SlimMonoLogger.INFO: Cron ran at: 24-08-2025 08:45:36 PM [] []
[2025-08-24 20:50:39] SlimMonoLogger.INFO: Cron ran at: 24-08-2025 08:50:39 PM [] []
[2025-08-24 20:55:40] SlimMonoLogger.INFO: Cron ran at: 24-08-2025 08:55:40 PM [] []
[2025-08-24 21:00:35] SlimMonoLogger.INFO: Cron ran at: 24-08-2025 09:00:35 PM [] []
[2025-08-24 21:05:35] SlimMonoLogger.INFO: Cron ran at: 24-08-2025 09:05:35 PM [] []
[2025-08-24 21:10:34] SlimMonoLogger.INFO: Cron ran at: 24-08-2025 09:10:34 PM [] []
[2025-08-24 21:15:43] SlimMonoLogger.INFO: Cron ran at: 24-08-2025 09:15:43 PM [] []
[2025-08-24 21:20:33] SlimMonoLogger.INFO: Cron ran at: 24-08-2025 09:20:33 PM [] []
[2025-08-24 21:25:40] SlimMonoLogger.INFO: Cron ran at: 24-08-2025 09:25:40 PM [] []
[2025-08-24 21:30:37] SlimMonoLogger.INFO: Cron ran at: 24-08-2025 09:30:37 PM [] []
[2025-08-24 21:35:37] SlimMonoLogger.INFO: Cron ran at: 24-08-2025 09:35:37 PM [] []
[2025-08-24 21:40:39] SlimMonoLogger.INFO: Cron ran at: 24-08-2025 09:40:39 PM [] []
[2025-08-24 21:45:38] SlimMonoLogger.INFO: Cron ran at: 24-08-2025 09:45:38 PM [] []
[2025-08-24 21:50:29] SlimMonoLogger.ERROR: Requests_Exception: cURL error 52: Empty reply from server in /home/latihtal/public_html/agregator1/src/vendor/rmccue/requests/library/Requests/Transport/cURL.php:422
Stack trace:
#0 /home/latihtal/public_html/agregator1/src/vendor/rmccue/requests/library/Requests/Transport/cURL.php(177): Requests_Transport_cURL->process_response()
#1 /home/latihtal/public_html/agregator1/src/vendor/rmccue/requests/library/Requests.php(379): Requests_Transport_cURL->request()
#2 /home/latihtal/public_html/agregator1/src/vendor/rmccue/requests/library/Requests/Session.php(205): Requests::request()
#3 /home/latihtal/public_html/agregator1/src/vendor/rmccue/requests/library/Requests/Session.php(132): Requests_Session->request()
#4 /home/latihtal/public_html/agregator1/src/drivers/Http/RssImporter.php(144): Requests_Session->get()
#5 /home/latihtal/public_html/agregator1/src/controllers/Dashboard/DashboardFeedsController.php(534): spark\drivers\Http\RssImporter->fetchPosts()
#6 /home/latihtal/public_html/agregator1/src/controllers/Site/SiteController.php(722): spark\controllers\Dashboard\DashboardFeedsController::importFeedPosts()
#7 [internal function]: spark\controllers\Site\SiteController->runTasks()
#8 /home/latihtal/public_html/agregator1/src/framework/Route.php(173): call_user_func_array()
#9 [internal function]: Slim\Route->Slim\{closure}()
#10 /home/latihtal/public_html/agregator1/src/framework/Route.php(468): call_user_func_array()
#11 /home/latihtal/public_html/agregator1/src/framework/Slim.php(1364): Slim\Route->dispatch()
#12 /home/latihtal/public_html/agregator1/src/framework/Middleware/Flash.php(85): Slim\Slim->call()
#13 /home/latihtal/public_html/agregator1/src/framework/Middleware/MethodOverride.php(92): Slim\Middleware\Flash->call()
#14 /home/latihtal/public_html/agregator1/src/middlewares/CsrfGuard/CsrfGuard.php(47): Slim\Middleware\MethodOverride->call()
#15 /home/latihtal/public_html/agregator1/src/framework/Middleware/PrettyExceptions.php(67): spark\middlewares\CsrfGuard\CsrfGuard->call()
#16 /home/latihtal/public_html/agregator1/src/framework/Slim.php(1308): Slim\Middleware\PrettyExceptions->call()
#17 /home/latihtal/public_html/agregator1/index.php(6): Slim\Slim->run()
#18 {main} [] []
[2025-08-24 21:50:36] SlimMonoLogger.INFO: Cron ran at: 24-08-2025 09:50:36 PM [] []
[2025-08-24 21:55:39] SlimMonoLogger.INFO: Cron ran at: 24-08-2025 09:55:39 PM [] []
[2025-08-24 22:00:53] SlimMonoLogger.INFO: Cron ran at: 24-08-2025 10:00:53 PM [] []
[2025-08-24 22:05:42] SlimMonoLogger.INFO: Cron ran at: 24-08-2025 10:05:42 PM [] []
[2025-08-24 22:10:40] SlimMonoLogger.INFO: Cron ran at: 24-08-2025 10:10:40 PM [] []
[2025-08-24 22:15:38] SlimMonoLogger.INFO: Cron ran at: 24-08-2025 10:15:38 PM [] []
[2025-08-24 22:20:38] SlimMonoLogger.INFO: Cron ran at: 24-08-2025 10:20:38 PM [] []
[2025-08-24 22:25:46] SlimMonoLogger.INFO: Cron ran at: 24-08-2025 10:25:46 PM [] []
[2025-08-24 22:30:42] SlimMonoLogger.INFO: Cron ran at: 24-08-2025 10:30:42 PM [] []
[2025-08-24 22:40:42] SlimMonoLogger.INFO: Cron ran at: 24-08-2025 10:40:42 PM [] []
[2025-08-24 22:43:49] SlimMonoLogger.ERROR: Requests_Exception: cURL error 28: Connection timed out after 500001 milliseconds in /home/latihtal/public_html/agregator1/src/vendor/rmccue/requests/library/Requests/Transport/cURL.php:422
Stack trace:
#0 /home/latihtal/public_html/agregator1/src/vendor/rmccue/requests/library/Requests/Transport/cURL.php(177): Requests_Transport_cURL->process_response()
#1 /home/latihtal/public_html/agregator1/src/vendor/rmccue/requests/library/Requests.php(379): Requests_Transport_cURL->request()
#2 /home/latihtal/public_html/agregator1/src/vendor/rmccue/requests/library/Requests/Session.php(205): Requests::request()
#3 /home/latihtal/public_html/agregator1/src/vendor/rmccue/requests/library/Requests/Session.php(132): Requests_Session->request()
#4 /home/latihtal/public_html/agregator1/src/drivers/Http/RssImporter.php(144): Requests_Session->get()
#5 /home/latihtal/public_html/agregator1/src/controllers/Dashboard/DashboardFeedsController.php(534): spark\drivers\Http\RssImporter->fetchPosts()
#6 /home/latihtal/public_html/agregator1/src/controllers/Site/SiteController.php(722): spark\controllers\Dashboard\DashboardFeedsController::importFeedPosts()
#7 [internal function]: spark\controllers\Site\SiteController->runTasks()
#8 /home/latihtal/public_html/agregator1/src/framework/Route.php(173): call_user_func_array()
#9 [internal function]: Slim\Route->Slim\{closure}()
#10 /home/latihtal/public_html/agregator1/src/framework/Route.php(468): call_user_func_array()
#11 /home/latihtal/public_html/agregator1/src/framework/Slim.php(1364): Slim\Route->dispatch()
#12 /home/latihtal/public_html/agregator1/src/framework/Middleware/Flash.php(85): Slim\Slim->call()
#13 /home/latihtal/public_html/agregator1/src/framework/Middleware/MethodOverride.php(92): Slim\Middleware\Flash->call()
#14 /home/latihtal/public_html/agregator1/src/middlewares/CsrfGuard/CsrfGuard.php(47): Slim\Middleware\MethodOverride->call()
#15 /home/latihtal/public_html/agregator1/src/framework/Middleware/PrettyExceptions.php(67): spark\middlewares\CsrfGuard\CsrfGuard->call()
#16 /home/latihtal/public_html/agregator1/src/framework/Slim.php(1308): Slim\Middleware\PrettyExceptions->call()
#17 /home/latihtal/public_html/agregator1/index.php(6): Slim\Slim->run()
#18 {main} [] []
[2025-08-24 22:44:09] SlimMonoLogger.INFO: Cron ran at: 24-08-2025 10:44:09 PM [] []
[2025-08-24 22:45:48] SlimMonoLogger.INFO: Cron ran at: 24-08-2025 10:45:48 PM [] []
[2025-08-24 22:50:43] SlimMonoLogger.INFO: Cron ran at: 24-08-2025 10:50:43 PM [] []
[2025-08-24 22:55:42] SlimMonoLogger.INFO: Cron ran at: 24-08-2025 10:55:42 PM [] []
[2025-08-24 23:00:43] SlimMonoLogger.INFO: Cron ran at: 24-08-2025 11:00:43 PM [] []
[2025-08-24 23:05:58] SlimMonoLogger.INFO: Cron ran at: 24-08-2025 11:05:58 PM [] []
[2025-08-24 23:10:40] SlimMonoLogger.INFO: Cron ran at: 24-08-2025 11:10:40 PM [] []
[2025-08-24 23:15:39] SlimMonoLogger.INFO: Cron ran at: 24-08-2025 11:15:39 PM [] []
[2025-08-24 23:20:40] SlimMonoLogger.INFO: Cron ran at: 24-08-2025 11:20:40 PM [] []
[2025-08-24 23:25:36] SlimMonoLogger.INFO: Cron ran at: 24-08-2025 11:25:36 PM [] []
[2025-08-24 23:30:54] SlimMonoLogger.INFO: Cron ran at: 24-08-2025 11:30:54 PM [] []
[2025-08-24 23:35:39] SlimMonoLogger.INFO: Cron ran at: 24-08-2025 11:35:39 PM [] []
[2025-08-24 23:40:40] SlimMonoLogger.INFO: Cron ran at: 24-08-2025 11:40:40 PM [] []
[2025-08-24 23:45:40] SlimMonoLogger.INFO: Cron ran at: 24-08-2025 11:45:40 PM [] []
[2025-08-24 23:50:52] SlimMonoLogger.INFO: Cron ran at: 24-08-2025 11:50:52 PM [] []
[2025-08-24 23:55:36] SlimMonoLogger.INFO: Cron ran at: 24-08-2025 11:55:36 PM [] []
[2025-08-25 00:00:50] SlimMonoLogger.INFO: Cron ran at: 25-08-2025 12:00:50 AM [] []
[2025-08-25 00:05:37] SlimMonoLogger.INFO: Cron ran at: 25-08-2025 12:05:37 AM [] []
[2025-08-25 00:10:40] SlimMonoLogger.INFO: Cron ran at: 25-08-2025 12:10:40 AM [] []
[2025-08-25 00:15:46] SlimMonoLogger.INFO: Cron ran at: 25-08-2025 12:15:46 AM [] []
[2025-08-25 00:20:36] SlimMonoLogger.INFO: Cron ran at: 25-08-2025 12:20:36 AM [] []
[2025-08-25 00:25:36] SlimMonoLogger.INFO: Cron ran at: 25-08-2025 12:25:36 AM [] []
[2025-08-25 00:30:36] SlimMonoLogger.INFO: Cron ran at: 25-08-2025 12:30:36 AM [] []
[2025-08-25 00:35:40] SlimMonoLogger.INFO: Cron ran at: 25-08-2025 12:35:40 AM [] []
[2025-08-25 00:40:31] SlimMonoLogger.INFO: Cron ran at: 25-08-2025 12:40:31 AM [] []
[2025-08-25 00:45:34] SlimMonoLogger.INFO: Cron ran at: 25-08-2025 12:45:34 AM [] []
[2025-08-25 00:50:33] SlimMonoLogger.INFO: Cron ran at: 25-08-2025 12:50:33 AM [] []
[2025-08-25 00:55:33] SlimMonoLogger.INFO: Cron ran at: 25-08-2025 12:55:33 AM [] []
[2025-08-25 01:00:39] SlimMonoLogger.INFO: Cron ran at: 25-08-2025 01:00:39 AM [] []
[2025-08-25 01:05:30] SlimMonoLogger.INFO: Cron ran at: 25-08-2025 01:05:30 AM [] []
[2025-08-25 01:10:30] SlimMonoLogger.INFO: Cron ran at: 25-08-2025 01:10:30 AM [] []
[2025-08-25 01:15:31] SlimMonoLogger.INFO: Cron ran at: 25-08-2025 01:15:31 AM [] []
[2025-08-25 01:20:34] SlimMonoLogger.INFO: Cron ran at: 25-08-2025 01:20:34 AM [] []
[2025-08-25 01:25:29] SlimMonoLogger.INFO: Cron ran at: 25-08-2025 01:25:29 AM [] []
[2025-08-25 01:30:33] SlimMonoLogger.INFO: Cron ran at: 25-08-2025 01:30:33 AM [] []
[2025-08-25 01:35:40] SlimMonoLogger.INFO: Cron ran at: 25-08-2025 01:35:40 AM [] []
[2025-08-25 01:40:31] SlimMonoLogger.INFO: Cron ran at: 25-08-2025 01:40:31 AM [] []
[2025-08-25 01:45:31] SlimMonoLogger.INFO: Cron ran at: 25-08-2025 01:45:31 AM [] []
[2025-08-25 01:50:31] SlimMonoLogger.INFO: Cron ran at: 25-08-2025 01:50:31 AM [] []
[2025-08-25 01:55:31] SlimMonoLogger.INFO: Cron ran at: 25-08-2025 01:55:31 AM [] []
