[2025-05-24 02:00:34] SlimMonoLogger.INFO: Cron ran at: 24-05-2025 02:00:34 AM [] []
[2025-05-24 02:05:28] SlimMonoLogger.INFO: Cron ran at: 24-05-2025 02:05:28 AM [] []
[2025-05-24 02:10:27] SlimMonoLogger.INFO: Cron ran at: 24-05-2025 02:10:27 AM [] []
[2025-05-24 02:15:34] SlimMonoLogger.INFO: Cron ran at: 24-05-2025 02:15:34 AM [] []
[2025-05-24 02:20:27] SlimMonoLogger.INFO: Cron ran at: 24-05-2025 02:20:27 AM [] []
[2025-05-24 02:25:30] SlimMonoLogger.INFO: Cron ran at: 24-05-2025 02:25:30 AM [] []
[2025-05-24 02:30:30] SlimMonoLogger.INFO: Cron ran at: 24-05-2025 02:30:30 AM [] []
[2025-05-24 02:35:23] SlimMonoLogger.INFO: Cron ran at: 24-05-2025 02:35:23 AM [] []
[2025-05-24 02:40:26] SlimMonoLogger.INFO: Cron ran at: 24-05-2025 02:40:26 AM [] []
[2025-05-24 02:45:27] SlimMonoLogger.INFO: Cron ran at: 24-05-2025 02:45:27 AM [] []
[2025-05-24 02:50:24] SlimMonoLogger.INFO: Cron ran at: 24-05-2025 02:50:24 AM [] []
[2025-05-24 02:55:22] SlimMonoLogger.INFO: Cron ran at: 24-05-2025 02:55:22 AM [] []
[2025-05-24 03:00:25] SlimMonoLogger.INFO: Cron ran at: 24-05-2025 03:00:25 AM [] []
[2025-05-24 03:05:24] SlimMonoLogger.INFO: Cron ran at: 24-05-2025 03:05:24 AM [] []
[2025-05-24 03:10:21] SlimMonoLogger.INFO: Cron ran at: 24-05-2025 03:10:21 AM [] []
[2025-05-24 03:15:28] SlimMonoLogger.INFO: Cron ran at: 24-05-2025 03:15:28 AM [] []
[2025-05-24 03:20:26] SlimMonoLogger.INFO: Cron ran at: 24-05-2025 03:20:26 AM [] []
[2025-05-24 03:25:24] SlimMonoLogger.INFO: Cron ran at: 24-05-2025 03:25:24 AM [] []
[2025-05-24 03:30:30] SlimMonoLogger.INFO: Cron ran at: 24-05-2025 03:30:30 AM [] []
[2025-05-24 03:35:22] SlimMonoLogger.INFO: Cron ran at: 24-05-2025 03:35:22 AM [] []
[2025-05-24 03:40:24] SlimMonoLogger.INFO: Cron ran at: 24-05-2025 03:40:24 AM [] []
[2025-05-24 03:45:27] SlimMonoLogger.INFO: Cron ran at: 24-05-2025 03:45:27 AM [] []
[2025-05-24 03:50:26] SlimMonoLogger.INFO: Cron ran at: 24-05-2025 03:50:26 AM [] []
[2025-05-24 03:55:23] SlimMonoLogger.INFO: Cron ran at: 24-05-2025 03:55:23 AM [] []
[2025-05-24 04:00:25] SlimMonoLogger.INFO: Cron ran at: 24-05-2025 04:00:25 AM [] []
[2025-05-24 04:05:23] SlimMonoLogger.INFO: Cron ran at: 24-05-2025 04:05:23 AM [] []
[2025-05-24 04:10:22] SlimMonoLogger.INFO: Cron ran at: 24-05-2025 04:10:22 AM [] []
[2025-05-24 04:15:23] SlimMonoLogger.INFO: Cron ran at: 24-05-2025 04:15:23 AM [] []
[2025-05-24 04:20:22] SlimMonoLogger.INFO: Cron ran at: 24-05-2025 04:20:22 AM [] []
[2025-05-24 04:25:23] SlimMonoLogger.INFO: Cron ran at: 24-05-2025 04:25:23 AM [] []
[2025-05-24 04:30:26] SlimMonoLogger.INFO: Cron ran at: 24-05-2025 04:30:26 AM [] []
[2025-05-24 04:35:23] SlimMonoLogger.INFO: Cron ran at: 24-05-2025 04:35:23 AM [] []
[2025-05-24 04:40:23] SlimMonoLogger.INFO: Cron ran at: 24-05-2025 04:40:23 AM [] []
[2025-05-24 04:45:22] SlimMonoLogger.INFO: Cron ran at: 24-05-2025 04:45:22 AM [] []
[2025-05-24 04:50:23] SlimMonoLogger.INFO: Cron ran at: 24-05-2025 04:50:23 AM [] []
[2025-05-24 04:55:23] SlimMonoLogger.INFO: Cron ran at: 24-05-2025 04:55:23 AM [] []
[2025-05-24 05:00:25] SlimMonoLogger.INFO: Cron ran at: 24-05-2025 05:00:25 AM [] []
[2025-05-24 05:05:23] SlimMonoLogger.INFO: Cron ran at: 24-05-2025 05:05:23 AM [] []
[2025-05-24 05:10:23] SlimMonoLogger.INFO: Cron ran at: 24-05-2025 05:10:23 AM [] []
[2025-05-24 05:15:27] SlimMonoLogger.INFO: Cron ran at: 24-05-2025 05:15:27 AM [] []
[2025-05-24 05:20:22] SlimMonoLogger.INFO: Cron ran at: 24-05-2025 05:20:22 AM [] []
[2025-05-24 05:25:26] SlimMonoLogger.INFO: Cron ran at: 24-05-2025 05:25:26 AM [] []
[2025-05-24 05:30:24] SlimMonoLogger.INFO: Cron ran at: 24-05-2025 05:30:24 AM [] []
[2025-05-24 05:35:23] SlimMonoLogger.INFO: Cron ran at: 24-05-2025 05:35:23 AM [] []
[2025-05-24 05:40:25] SlimMonoLogger.INFO: Cron ran at: 24-05-2025 05:40:25 AM [] []
[2025-05-24 05:45:23] SlimMonoLogger.INFO: Cron ran at: 24-05-2025 05:45:23 AM [] []
[2025-05-24 05:50:23] SlimMonoLogger.INFO: Cron ran at: 24-05-2025 05:50:23 AM [] []
[2025-05-24 05:55:23] SlimMonoLogger.INFO: Cron ran at: 24-05-2025 05:55:23 AM [] []
[2025-05-24 06:00:26] SlimMonoLogger.INFO: Cron ran at: 24-05-2025 06:00:26 AM [] []
[2025-05-24 06:05:26] SlimMonoLogger.INFO: Cron ran at: 24-05-2025 06:05:26 AM [] []
[2025-05-24 06:10:27] SlimMonoLogger.INFO: Cron ran at: 24-05-2025 06:10:27 AM [] []
[2025-05-24 06:15:26] SlimMonoLogger.INFO: Cron ran at: 24-05-2025 06:15:26 AM [] []
[2025-05-24 06:20:27] SlimMonoLogger.INFO: Cron ran at: 24-05-2025 06:20:27 AM [] []
[2025-05-24 06:25:33] SlimMonoLogger.INFO: Cron ran at: 24-05-2025 06:25:33 AM [] []
[2025-05-24 06:30:29] SlimMonoLogger.INFO: Cron ran at: 24-05-2025 06:30:29 AM [] []
[2025-05-24 06:35:28] SlimMonoLogger.INFO: Cron ran at: 24-05-2025 06:35:28 AM [] []
[2025-05-24 06:40:35] SlimMonoLogger.INFO: Cron ran at: 24-05-2025 06:40:35 AM [] []
[2025-05-24 06:45:26] SlimMonoLogger.INFO: Cron ran at: 24-05-2025 06:45:26 AM [] []
[2025-05-24 06:50:25] SlimMonoLogger.INFO: Cron ran at: 24-05-2025 06:50:25 AM [] []
[2025-05-24 06:55:25] SlimMonoLogger.INFO: Cron ran at: 24-05-2025 06:55:25 AM [] []
[2025-05-24 07:00:28] SlimMonoLogger.INFO: Cron ran at: 24-05-2025 07:00:28 AM [] []
[2025-05-24 07:05:24] SlimMonoLogger.INFO: Cron ran at: 24-05-2025 07:05:24 AM [] []
[2025-05-24 07:10:24] SlimMonoLogger.INFO: Cron ran at: 24-05-2025 07:10:24 AM [] []
[2025-05-24 07:15:28] SlimMonoLogger.INFO: Cron ran at: 24-05-2025 07:15:28 AM [] []
[2025-05-24 07:20:26] SlimMonoLogger.INFO: Cron ran at: 24-05-2025 07:20:26 AM [] []
[2025-05-24 07:25:34] SlimMonoLogger.INFO: Cron ran at: 24-05-2025 07:25:34 AM [] []
[2025-05-24 07:30:33] SlimMonoLogger.INFO: Cron ran at: 24-05-2025 07:30:33 AM [] []
[2025-05-24 07:35:28] SlimMonoLogger.INFO: Cron ran at: 24-05-2025 07:35:28 AM [] []
[2025-05-24 07:40:27] SlimMonoLogger.INFO: Cron ran at: 24-05-2025 07:40:27 AM [] []
[2025-05-24 07:45:35] SlimMonoLogger.INFO: Cron ran at: 24-05-2025 07:45:35 AM [] []
[2025-05-24 07:50:29] SlimMonoLogger.INFO: Cron ran at: 24-05-2025 07:50:29 AM [] []
[2025-05-24 07:55:31] SlimMonoLogger.INFO: Cron ran at: 24-05-2025 07:55:31 AM [] []
[2025-05-24 08:00:35] SlimMonoLogger.INFO: Cron ran at: 24-05-2025 08:00:35 AM [] []
[2025-05-24 08:05:39] SlimMonoLogger.INFO: Cron ran at: 24-05-2025 08:05:39 AM [] []
[2025-05-24 08:10:44] SlimMonoLogger.INFO: Cron ran at: 24-05-2025 08:10:44 AM [] []
[2025-05-24 08:15:27] SlimMonoLogger.INFO: Cron ran at: 24-05-2025 08:15:27 AM [] []
[2025-05-24 08:20:27] SlimMonoLogger.INFO: Cron ran at: 24-05-2025 08:20:27 AM [] []
[2025-05-24 08:25:27] SlimMonoLogger.INFO: Cron ran at: 24-05-2025 08:25:27 AM [] []
[2025-05-24 08:30:38] SlimMonoLogger.INFO: Cron ran at: 24-05-2025 08:30:38 AM [] []
[2025-05-24 08:35:28] SlimMonoLogger.INFO: Cron ran at: 24-05-2025 08:35:28 AM [] []
[2025-05-24 08:40:37] SlimMonoLogger.INFO: Cron ran at: 24-05-2025 08:40:37 AM [] []
[2025-05-24 08:45:30] SlimMonoLogger.INFO: Cron ran at: 24-05-2025 08:45:30 AM [] []
[2025-05-24 08:50:31] SlimMonoLogger.INFO: Cron ran at: 24-05-2025 08:50:31 AM [] []
[2025-05-24 08:55:36] SlimMonoLogger.INFO: Cron ran at: 24-05-2025 08:55:36 AM [] []
[2025-05-24 09:00:29] SlimMonoLogger.INFO: Cron ran at: 24-05-2025 09:00:29 AM [] []
[2025-05-24 09:05:34] SlimMonoLogger.INFO: Cron ran at: 24-05-2025 09:05:34 AM [] []
[2025-05-24 09:10:32] SlimMonoLogger.INFO: Cron ran at: 24-05-2025 09:10:32 AM [] []
[2025-05-24 09:15:42] SlimMonoLogger.INFO: Cron ran at: 24-05-2025 09:15:42 AM [] []
[2025-05-24 09:20:33] SlimMonoLogger.INFO: Cron ran at: 24-05-2025 09:20:33 AM [] []
[2025-05-24 09:25:27] SlimMonoLogger.INFO: Cron ran at: 24-05-2025 09:25:27 AM [] []
[2025-05-24 09:30:48] SlimMonoLogger.INFO: Cron ran at: 24-05-2025 09:30:48 AM [] []
[2025-05-24 09:35:34] SlimMonoLogger.INFO: Cron ran at: 24-05-2025 09:35:34 AM [] []
[2025-05-24 09:40:32] SlimMonoLogger.INFO: Cron ran at: 24-05-2025 09:40:32 AM [] []
[2025-05-24 09:45:42] SlimMonoLogger.INFO: Cron ran at: 24-05-2025 09:45:42 AM [] []
[2025-05-24 09:50:32] SlimMonoLogger.INFO: Cron ran at: 24-05-2025 09:50:32 AM [] []
[2025-05-24 09:55:29] SlimMonoLogger.INFO: Cron ran at: 24-05-2025 09:55:29 AM [] []
[2025-05-24 10:00:39] SlimMonoLogger.INFO: Cron ran at: 24-05-2025 10:00:39 AM [] []
[2025-05-24 10:05:32] SlimMonoLogger.INFO: Cron ran at: 24-05-2025 10:05:32 AM [] []
[2025-05-24 10:10:35] SlimMonoLogger.INFO: Cron ran at: 24-05-2025 10:10:35 AM [] []
[2025-05-24 10:15:28] SlimMonoLogger.INFO: Cron ran at: 24-05-2025 10:15:28 AM [] []
[2025-05-24 10:20:34] SlimMonoLogger.INFO: Cron ran at: 24-05-2025 10:20:34 AM [] []
[2025-05-24 10:25:39] SlimMonoLogger.INFO: Cron ran at: 24-05-2025 10:25:39 AM [] []
[2025-05-24 10:30:44] SlimMonoLogger.INFO: Cron ran at: 24-05-2025 10:30:44 AM [] []
[2025-05-24 10:35:45] SlimMonoLogger.INFO: Cron ran at: 24-05-2025 10:35:45 AM [] []
[2025-05-24 10:40:37] SlimMonoLogger.INFO: Cron ran at: 24-05-2025 10:40:37 AM [] []
[2025-05-24 10:45:30] SlimMonoLogger.INFO: Cron ran at: 24-05-2025 10:45:30 AM [] []
[2025-05-24 10:50:34] SlimMonoLogger.INFO: Cron ran at: 24-05-2025 10:50:34 AM [] []
[2025-05-24 10:55:33] SlimMonoLogger.INFO: Cron ran at: 24-05-2025 10:55:33 AM [] []
[2025-05-24 11:00:42] SlimMonoLogger.INFO: Cron ran at: 24-05-2025 11:00:42 AM [] []
[2025-05-24 11:05:36] SlimMonoLogger.INFO: Cron ran at: 24-05-2025 11:05:36 AM [] []
[2025-05-24 11:11:24] SlimMonoLogger.INFO: Cron ran at: 24-05-2025 11:11:24 AM [] []
[2025-05-24 11:15:38] SlimMonoLogger.INFO: Cron ran at: 24-05-2025 11:15:38 AM [] []
[2025-05-24 11:20:48] SlimMonoLogger.INFO: Cron ran at: 24-05-2025 11:20:48 AM [] []
[2025-05-24 11:25:41] SlimMonoLogger.INFO: Cron ran at: 24-05-2025 11:25:41 AM [] []
[2025-05-24 11:30:50] SlimMonoLogger.INFO: Cron ran at: 24-05-2025 11:30:50 AM [] []
[2025-05-24 11:35:38] SlimMonoLogger.INFO: Cron ran at: 24-05-2025 11:35:38 AM [] []
[2025-05-24 11:40:42] SlimMonoLogger.INFO: Cron ran at: 24-05-2025 11:40:42 AM [] []
[2025-05-24 11:45:33] SlimMonoLogger.INFO: Cron ran at: 24-05-2025 11:45:33 AM [] []
[2025-05-24 11:50:46] SlimMonoLogger.INFO: Cron ran at: 24-05-2025 11:50:46 AM [] []
[2025-05-24 11:55:38] SlimMonoLogger.INFO: Cron ran at: 24-05-2025 11:55:38 AM [] []
[2025-05-24 12:00:43] SlimMonoLogger.INFO: Cron ran at: 24-05-2025 12:00:43 PM [] []
[2025-05-24 12:05:41] SlimMonoLogger.INFO: Cron ran at: 24-05-2025 12:05:41 PM [] []
[2025-05-24 12:10:32] SlimMonoLogger.INFO: Cron ran at: 24-05-2025 12:10:32 PM [] []
[2025-05-24 12:15:33] SlimMonoLogger.INFO: Cron ran at: 24-05-2025 12:15:33 PM [] []
[2025-05-24 12:20:41] SlimMonoLogger.INFO: Cron ran at: 24-05-2025 12:20:41 PM [] []
[2025-05-24 12:25:33] SlimMonoLogger.INFO: Cron ran at: 24-05-2025 12:25:33 PM [] []
[2025-05-24 12:30:36] SlimMonoLogger.INFO: Cron ran at: 24-05-2025 12:30:36 PM [] []
[2025-05-24 12:35:35] SlimMonoLogger.INFO: Cron ran at: 24-05-2025 12:35:35 PM [] []
[2025-05-24 12:40:32] SlimMonoLogger.INFO: Cron ran at: 24-05-2025 12:40:32 PM [] []
[2025-05-24 12:45:34] SlimMonoLogger.INFO: Cron ran at: 24-05-2025 12:45:34 PM [] []
[2025-05-24 12:50:34] SlimMonoLogger.INFO: Cron ran at: 24-05-2025 12:50:34 PM [] []
[2025-05-24 12:55:35] SlimMonoLogger.INFO: Cron ran at: 24-05-2025 12:55:35 PM [] []
[2025-05-24 13:00:49] SlimMonoLogger.INFO: Cron ran at: 24-05-2025 01:00:49 PM [] []
[2025-05-24 13:05:38] SlimMonoLogger.INFO: Cron ran at: 24-05-2025 01:05:38 PM [] []
[2025-05-24 13:10:47] SlimMonoLogger.INFO: Cron ran at: 24-05-2025 01:10:47 PM [] []
[2025-05-24 13:15:32] SlimMonoLogger.INFO: Cron ran at: 24-05-2025 01:15:32 PM [] []
[2025-05-24 13:20:40] SlimMonoLogger.INFO: Cron ran at: 24-05-2025 01:20:40 PM [] []
[2025-05-24 13:25:27] SlimMonoLogger.INFO: Cron ran at: 24-05-2025 01:25:27 PM [] []
[2025-05-24 13:30:36] SlimMonoLogger.INFO: Cron ran at: 24-05-2025 01:30:36 PM [] []
[2025-05-24 13:35:45] SlimMonoLogger.INFO: Cron ran at: 24-05-2025 01:35:45 PM [] []
[2025-05-24 13:40:36] SlimMonoLogger.INFO: Cron ran at: 24-05-2025 01:40:36 PM [] []
[2025-05-24 13:45:37] SlimMonoLogger.INFO: Cron ran at: 24-05-2025 01:45:37 PM [] []
[2025-05-24 13:50:35] SlimMonoLogger.INFO: Cron ran at: 24-05-2025 01:50:35 PM [] []
[2025-05-24 13:55:37] SlimMonoLogger.INFO: Cron ran at: 24-05-2025 01:55:37 PM [] []
[2025-05-24 14:00:46] SlimMonoLogger.INFO: Cron ran at: 24-05-2025 02:00:46 PM [] []
[2025-05-24 14:05:32] SlimMonoLogger.INFO: Cron ran at: 24-05-2025 02:05:32 PM [] []
[2025-05-24 14:10:33] SlimMonoLogger.INFO: Cron ran at: 24-05-2025 02:10:33 PM [] []
[2025-05-24 14:15:34] SlimMonoLogger.INFO: Cron ran at: 24-05-2025 02:15:34 PM [] []
[2025-05-24 14:20:34] SlimMonoLogger.INFO: Cron ran at: 24-05-2025 02:20:34 PM [] []
[2025-05-24 14:25:28] SlimMonoLogger.INFO: Cron ran at: 24-05-2025 02:25:28 PM [] []
[2025-05-24 14:30:29] SlimMonoLogger.INFO: Cron ran at: 24-05-2025 02:30:29 PM [] []
[2025-05-24 14:35:29] SlimMonoLogger.INFO: Cron ran at: 24-05-2025 02:35:29 PM [] []
[2025-05-24 14:40:29] SlimMonoLogger.INFO: Cron ran at: 24-05-2025 02:40:29 PM [] []
[2025-05-24 14:45:29] SlimMonoLogger.INFO: Cron ran at: 24-05-2025 02:45:29 PM [] []
[2025-05-24 14:50:31] SlimMonoLogger.INFO: Cron ran at: 24-05-2025 02:50:31 PM [] []
[2025-05-24 14:55:30] SlimMonoLogger.INFO: Cron ran at: 24-05-2025 02:55:30 PM [] []
[2025-05-24 15:00:41] SlimMonoLogger.INFO: Cron ran at: 24-05-2025 03:00:41 PM [] []
[2025-05-24 15:05:32] SlimMonoLogger.INFO: Cron ran at: 24-05-2025 03:05:32 PM [] []
[2025-05-24 15:10:30] SlimMonoLogger.INFO: Cron ran at: 24-05-2025 03:10:30 PM [] []
[2025-05-24 15:15:29] SlimMonoLogger.INFO: Cron ran at: 24-05-2025 03:15:29 PM [] []
[2025-05-24 15:20:29] SlimMonoLogger.INFO: Cron ran at: 24-05-2025 03:20:29 PM [] []
[2025-05-24 15:25:35] SlimMonoLogger.INFO: Cron ran at: 24-05-2025 03:25:35 PM [] []
[2025-05-24 15:30:57] SlimMonoLogger.INFO: Cron ran at: 24-05-2025 03:30:57 PM [] []
[2025-05-24 15:35:38] SlimMonoLogger.INFO: Cron ran at: 24-05-2025 03:35:38 PM [] []
[2025-05-24 15:40:33] SlimMonoLogger.INFO: Cron ran at: 24-05-2025 03:40:33 PM [] []
[2025-05-24 15:45:36] SlimMonoLogger.INFO: Cron ran at: 24-05-2025 03:45:36 PM [] []
[2025-05-24 15:50:31] SlimMonoLogger.INFO: Cron ran at: 24-05-2025 03:50:31 PM [] []
[2025-05-24 15:55:28] SlimMonoLogger.INFO: Cron ran at: 24-05-2025 03:55:28 PM [] []
[2025-05-24 16:00:32] SlimMonoLogger.INFO: Cron ran at: 24-05-2025 04:00:32 PM [] []
[2025-05-24 16:05:28] SlimMonoLogger.INFO: Cron ran at: 24-05-2025 04:05:28 PM [] []
[2025-05-24 16:10:32] SlimMonoLogger.INFO: Cron ran at: 24-05-2025 04:10:32 PM [] []
[2025-05-24 16:15:40] SlimMonoLogger.INFO: Cron ran at: 24-05-2025 04:15:40 PM [] []
[2025-05-24 16:20:40] SlimMonoLogger.INFO: Cron ran at: 24-05-2025 04:20:40 PM [] []
[2025-05-24 16:25:41] SlimMonoLogger.INFO: Cron ran at: 24-05-2025 04:25:41 PM [] []
[2025-05-24 16:30:31] SlimMonoLogger.INFO: Cron ran at: 24-05-2025 04:30:31 PM [] []
[2025-05-24 16:35:31] SlimMonoLogger.INFO: Cron ran at: 24-05-2025 04:35:31 PM [] []
[2025-05-24 16:40:33] SlimMonoLogger.INFO: Cron ran at: 24-05-2025 04:40:33 PM [] []
[2025-05-24 16:45:34] SlimMonoLogger.INFO: Cron ran at: 24-05-2025 04:45:34 PM [] []
[2025-05-24 16:50:27] SlimMonoLogger.INFO: Cron ran at: 24-05-2025 04:50:27 PM [] []
[2025-05-24 16:55:34] SlimMonoLogger.INFO: Cron ran at: 24-05-2025 04:55:34 PM [] []
[2025-05-24 17:00:31] SlimMonoLogger.INFO: Cron ran at: 24-05-2025 05:00:31 PM [] []
[2025-05-24 17:05:33] SlimMonoLogger.INFO: Cron ran at: 24-05-2025 05:05:33 PM [] []
[2025-05-24 17:10:27] SlimMonoLogger.INFO: Cron ran at: 24-05-2025 05:10:27 PM [] []
[2025-05-24 17:15:31] SlimMonoLogger.INFO: Cron ran at: 24-05-2025 05:15:31 PM [] []
[2025-05-24 17:20:28] SlimMonoLogger.INFO: Cron ran at: 24-05-2025 05:20:28 PM [] []
[2025-05-24 17:25:32] SlimMonoLogger.INFO: Cron ran at: 24-05-2025 05:25:32 PM [] []
[2025-05-24 17:30:33] SlimMonoLogger.INFO: Cron ran at: 24-05-2025 05:30:33 PM [] []
[2025-05-24 17:35:36] SlimMonoLogger.INFO: Cron ran at: 24-05-2025 05:35:36 PM [] []
[2025-05-24 17:40:30] SlimMonoLogger.INFO: Cron ran at: 24-05-2025 05:40:30 PM [] []
[2025-05-24 17:45:29] SlimMonoLogger.INFO: Cron ran at: 24-05-2025 05:45:29 PM [] []
[2025-05-24 17:50:28] SlimMonoLogger.INFO: Cron ran at: 24-05-2025 05:50:28 PM [] []
[2025-05-24 17:55:30] SlimMonoLogger.INFO: Cron ran at: 24-05-2025 05:55:30 PM [] []
[2025-05-24 18:00:39] SlimMonoLogger.INFO: Cron ran at: 24-05-2025 06:00:39 PM [] []
[2025-05-24 18:05:37] SlimMonoLogger.INFO: Cron ran at: 24-05-2025 06:05:37 PM [] []
[2025-05-24 18:10:24] SlimMonoLogger.INFO: Cron ran at: 24-05-2025 06:10:24 PM [] []
[2025-05-24 18:15:28] SlimMonoLogger.INFO: Cron ran at: 24-05-2025 06:15:28 PM [] []
[2025-05-24 18:20:26] SlimMonoLogger.INFO: Cron ran at: 24-05-2025 06:20:26 PM [] []
[2025-05-24 18:25:25] SlimMonoLogger.INFO: Cron ran at: 24-05-2025 06:25:25 PM [] []
[2025-05-24 18:30:23] SlimMonoLogger.INFO: Cron ran at: 24-05-2025 06:30:23 PM [] []
[2025-05-24 18:35:27] SlimMonoLogger.INFO: Cron ran at: 24-05-2025 06:35:27 PM [] []
[2025-05-24 18:40:26] SlimMonoLogger.INFO: Cron ran at: 24-05-2025 06:40:26 PM [] []
[2025-05-24 18:45:29] SlimMonoLogger.INFO: Cron ran at: 24-05-2025 06:45:29 PM [] []
[2025-05-24 18:50:27] SlimMonoLogger.INFO: Cron ran at: 24-05-2025 06:50:27 PM [] []
[2025-05-24 18:55:33] SlimMonoLogger.INFO: Cron ran at: 24-05-2025 06:55:33 PM [] []
[2025-05-24 19:00:27] SlimMonoLogger.INFO: Cron ran at: 24-05-2025 07:00:27 PM [] []
[2025-05-24 19:05:23] SlimMonoLogger.INFO: Cron ran at: 24-05-2025 07:05:23 PM [] []
[2025-05-24 19:10:25] SlimMonoLogger.INFO: Cron ran at: 24-05-2025 07:10:25 PM [] []
[2025-05-24 19:15:43] SlimMonoLogger.INFO: Cron ran at: 24-05-2025 07:15:43 PM [] []
[2025-05-24 19:20:23] SlimMonoLogger.INFO: Cron ran at: 24-05-2025 07:20:23 PM [] []
[2025-05-24 19:25:25] SlimMonoLogger.INFO: Cron ran at: 24-05-2025 07:25:25 PM [] []
[2025-05-24 19:30:29] SlimMonoLogger.INFO: Cron ran at: 24-05-2025 07:30:29 PM [] []
[2025-05-24 19:35:26] SlimMonoLogger.INFO: Cron ran at: 24-05-2025 07:35:26 PM [] []
[2025-05-24 19:40:26] SlimMonoLogger.INFO: Cron ran at: 24-05-2025 07:40:26 PM [] []
[2025-05-24 19:45:25] SlimMonoLogger.INFO: Cron ran at: 24-05-2025 07:45:25 PM [] []
[2025-05-24 19:50:26] SlimMonoLogger.INFO: Cron ran at: 24-05-2025 07:50:26 PM [] []
[2025-05-24 19:55:24] SlimMonoLogger.INFO: Cron ran at: 24-05-2025 07:55:24 PM [] []
[2025-05-24 20:00:27] SlimMonoLogger.INFO: Cron ran at: 24-05-2025 08:00:27 PM [] []
[2025-05-24 20:10:30] SlimMonoLogger.INFO: Cron ran at: 24-05-2025 08:10:30 PM [] []
[2025-05-24 20:14:11] SlimMonoLogger.ERROR: Requests_Exception: cURL error 28: Operation timed out after 500001 milliseconds with 11977 bytes received in /home/latihtal/public_html/agregator1/src/vendor/rmccue/requests/library/Requests/Transport/cURL.php:422
Stack trace:
#0 /home/latihtal/public_html/agregator1/src/vendor/rmccue/requests/library/Requests/Transport/cURL.php(177): Requests_Transport_cURL->process_response()
#1 /home/latihtal/public_html/agregator1/src/vendor/rmccue/requests/library/Requests.php(379): Requests_Transport_cURL->request()
#2 /home/latihtal/public_html/agregator1/src/vendor/rmccue/requests/library/Requests/Session.php(205): Requests::request()
#3 /home/latihtal/public_html/agregator1/src/vendor/rmccue/requests/library/Requests/Session.php(132): Requests_Session->request()
#4 /home/latihtal/public_html/agregator1/src/drivers/Http/RssImporter.php(144): Requests_Session->get()
#5 /home/latihtal/public_html/agregator1/src/controllers/Dashboard/DashboardFeedsController.php(534): spark\drivers\Http\RssImporter->fetchPosts()
#6 /home/latihtal/public_html/agregator1/src/controllers/Site/SiteController.php(722): spark\controllers\Dashboard\DashboardFeedsController::importFeedPosts()
#7 [internal function]: spark\controllers\Site\SiteController->runTasks()
#8 /home/latihtal/public_html/agregator1/src/framework/Route.php(173): call_user_func_array()
#9 [internal function]: Slim\Route->Slim\{closure}()
#10 /home/latihtal/public_html/agregator1/src/framework/Route.php(468): call_user_func_array()
#11 /home/latihtal/public_html/agregator1/src/framework/Slim.php(1364): Slim\Route->dispatch()
#12 /home/latihtal/public_html/agregator1/src/framework/Middleware/Flash.php(85): Slim\Slim->call()
#13 /home/latihtal/public_html/agregator1/src/framework/Middleware/MethodOverride.php(92): Slim\Middleware\Flash->call()
#14 /home/latihtal/public_html/agregator1/src/middlewares/CsrfGuard/CsrfGuard.php(47): Slim\Middleware\MethodOverride->call()
#15 /home/latihtal/public_html/agregator1/src/framework/Middleware/PrettyExceptions.php(67): spark\middlewares\CsrfGuard\CsrfGuard->call()
#16 /home/latihtal/public_html/agregator1/src/framework/Slim.php(1308): Slim\Middleware\PrettyExceptions->call()
#17 /home/latihtal/public_html/agregator1/index.php(6): Slim\Slim->run()
#18 {main} [] []
[2025-05-24 20:15:38] SlimMonoLogger.INFO: Cron ran at: 24-05-2025 08:15:38 PM [] []
[2025-05-24 20:16:41] SlimMonoLogger.ERROR: Requests_Exception: cURL error 28: Failed to connect to antropol.mk port 443 after 132219 ms: Could not connect to server in /home/latihtal/public_html/agregator1/src/vendor/rmccue/requests/library/Requests/Transport/cURL.php:422
Stack trace:
#0 /home/latihtal/public_html/agregator1/src/vendor/rmccue/requests/library/Requests/Transport/cURL.php(177): Requests_Transport_cURL->process_response()
#1 /home/latihtal/public_html/agregator1/src/vendor/rmccue/requests/library/Requests.php(379): Requests_Transport_cURL->request()
#2 /home/latihtal/public_html/agregator1/src/vendor/rmccue/requests/library/Requests/Session.php(205): Requests::request()
#3 /home/latihtal/public_html/agregator1/src/vendor/rmccue/requests/library/Requests/Session.php(132): Requests_Session->request()
#4 /home/latihtal/public_html/agregator1/src/drivers/Http/RssImporter.php(144): Requests_Session->get()
#5 /home/latihtal/public_html/agregator1/src/controllers/Dashboard/DashboardFeedsController.php(534): spark\drivers\Http\RssImporter->fetchPosts()
#6 /home/latihtal/public_html/agregator1/src/controllers/Site/SiteController.php(722): spark\controllers\Dashboard\DashboardFeedsController::importFeedPosts()
#7 [internal function]: spark\controllers\Site\SiteController->runTasks()
#8 /home/latihtal/public_html/agregator1/src/framework/Route.php(173): call_user_func_array()
#9 [internal function]: Slim\Route->Slim\{closure}()
#10 /home/latihtal/public_html/agregator1/src/framework/Route.php(468): call_user_func_array()
#11 /home/latihtal/public_html/agregator1/src/framework/Slim.php(1364): Slim\Route->dispatch()
#12 /home/latihtal/public_html/agregator1/src/framework/Middleware/Flash.php(85): Slim\Slim->call()
#13 /home/latihtal/public_html/agregator1/src/framework/Middleware/MethodOverride.php(92): Slim\Middleware\Flash->call()
#14 /home/latihtal/public_html/agregator1/src/middlewares/CsrfGuard/CsrfGuard.php(47): Slim\Middleware\MethodOverride->call()
#15 /home/latihtal/public_html/agregator1/src/framework/Middleware/PrettyExceptions.php(67): spark\middlewares\CsrfGuard\CsrfGuard->call()
#16 /home/latihtal/public_html/agregator1/src/framework/Slim.php(1308): Slim\Middleware\PrettyExceptions->call()
#17 /home/latihtal/public_html/agregator1/index.php(6): Slim\Slim->run()
#18 {main} [] []
[2025-05-24 20:18:52] SlimMonoLogger.ERROR: Requests_Exception: cURL error 28: Failed to connect to antropol.mk port 443 after 131057 ms: Could not connect to server in /home/latihtal/public_html/agregator1/src/vendor/rmccue/requests/library/Requests/Transport/cURL.php:422
Stack trace:
#0 /home/latihtal/public_html/agregator1/src/vendor/rmccue/requests/library/Requests/Transport/cURL.php(177): Requests_Transport_cURL->process_response()
#1 /home/latihtal/public_html/agregator1/src/vendor/rmccue/requests/library/Requests.php(379): Requests_Transport_cURL->request()
#2 /home/latihtal/public_html/agregator1/src/vendor/rmccue/requests/library/Requests/Session.php(205): Requests::request()
#3 /home/latihtal/public_html/agregator1/src/vendor/rmccue/requests/library/Requests/Session.php(132): Requests_Session->request()
#4 /home/latihtal/public_html/agregator1/src/drivers/Http/RssImporter.php(144): Requests_Session->get()
#5 /home/latihtal/public_html/agregator1/src/controllers/Dashboard/DashboardFeedsController.php(534): spark\drivers\Http\RssImporter->fetchPosts()
#6 /home/latihtal/public_html/agregator1/src/controllers/Site/SiteController.php(722): spark\controllers\Dashboard\DashboardFeedsController::importFeedPosts()
#7 [internal function]: spark\controllers\Site\SiteController->runTasks()
#8 /home/latihtal/public_html/agregator1/src/framework/Route.php(173): call_user_func_array()
#9 [internal function]: Slim\Route->Slim\{closure}()
#10 /home/latihtal/public_html/agregator1/src/framework/Route.php(468): call_user_func_array()
#11 /home/latihtal/public_html/agregator1/src/framework/Slim.php(1364): Slim\Route->dispatch()
#12 /home/latihtal/public_html/agregator1/src/framework/Middleware/Flash.php(85): Slim\Slim->call()
#13 /home/latihtal/public_html/agregator1/src/framework/Middleware/MethodOverride.php(92): Slim\Middleware\Flash->call()
#14 /home/latihtal/public_html/agregator1/src/middlewares/CsrfGuard/CsrfGuard.php(47): Slim\Middleware\MethodOverride->call()
#15 /home/latihtal/public_html/agregator1/src/framework/Middleware/PrettyExceptions.php(67): spark\middlewares\CsrfGuard\CsrfGuard->call()
#16 /home/latihtal/public_html/agregator1/src/framework/Slim.php(1308): Slim\Middleware\PrettyExceptions->call()
#17 /home/latihtal/public_html/agregator1/index.php(6): Slim\Slim->run()
#18 {main} [] []
[2025-05-24 20:20:35] SlimMonoLogger.INFO: Cron ran at: 24-05-2025 08:20:35 PM [] []
[2025-05-24 20:21:03] SlimMonoLogger.ERROR: Requests_Exception: cURL error 28: Failed to connect to antropol.mk port 443 after 131066 ms: Could not connect to server in /home/latihtal/public_html/agregator1/src/vendor/rmccue/requests/library/Requests/Transport/cURL.php:422
Stack trace:
#0 /home/latihtal/public_html/agregator1/src/vendor/rmccue/requests/library/Requests/Transport/cURL.php(177): Requests_Transport_cURL->process_response()
#1 /home/latihtal/public_html/agregator1/src/vendor/rmccue/requests/library/Requests.php(379): Requests_Transport_cURL->request()
#2 /home/latihtal/public_html/agregator1/src/vendor/rmccue/requests/library/Requests/Session.php(205): Requests::request()
#3 /home/latihtal/public_html/agregator1/src/vendor/rmccue/requests/library/Requests/Session.php(132): Requests_Session->request()
#4 /home/latihtal/public_html/agregator1/src/drivers/Http/RssImporter.php(144): Requests_Session->get()
#5 /home/latihtal/public_html/agregator1/src/controllers/Dashboard/DashboardFeedsController.php(534): spark\drivers\Http\RssImporter->fetchPosts()
#6 /home/latihtal/public_html/agregator1/src/controllers/Site/SiteController.php(722): spark\controllers\Dashboard\DashboardFeedsController::importFeedPosts()
#7 [internal function]: spark\controllers\Site\SiteController->runTasks()
#8 /home/latihtal/public_html/agregator1/src/framework/Route.php(173): call_user_func_array()
#9 [internal function]: Slim\Route->Slim\{closure}()
#10 /home/latihtal/public_html/agregator1/src/framework/Route.php(468): call_user_func_array()
#11 /home/latihtal/public_html/agregator1/src/framework/Slim.php(1364): Slim\Route->dispatch()
#12 /home/latihtal/public_html/agregator1/src/framework/Middleware/Flash.php(85): Slim\Slim->call()
#13 /home/latihtal/public_html/agregator1/src/framework/Middleware/MethodOverride.php(92): Slim\Middleware\Flash->call()
#14 /home/latihtal/public_html/agregator1/src/middlewares/CsrfGuard/CsrfGuard.php(47): Slim\Middleware\MethodOverride->call()
#15 /home/latihtal/public_html/agregator1/src/framework/Middleware/PrettyExceptions.php(67): spark\middlewares\CsrfGuard\CsrfGuard->call()
#16 /home/latihtal/public_html/agregator1/src/framework/Slim.php(1308): Slim\Middleware\PrettyExceptions->call()
#17 /home/latihtal/public_html/agregator1/index.php(6): Slim\Slim->run()
#18 {main} [] []
[2025-05-24 20:21:24] SlimMonoLogger.INFO: Cron ran at: 24-05-2025 08:21:24 PM [] []
[2025-05-24 20:25:37] SlimMonoLogger.INFO: Cron ran at: 24-05-2025 08:25:37 PM [] []
[2025-05-24 20:30:36] SlimMonoLogger.INFO: Cron ran at: 24-05-2025 08:30:36 PM [] []
[2025-05-24 20:35:39] SlimMonoLogger.INFO: Cron ran at: 24-05-2025 08:35:39 PM [] []
[2025-05-24 20:40:44] SlimMonoLogger.INFO: Cron ran at: 24-05-2025 08:40:44 PM [] []
[2025-05-24 20:45:37] SlimMonoLogger.INFO: Cron ran at: 24-05-2025 08:45:37 PM [] []
[2025-05-24 20:50:42] SlimMonoLogger.INFO: Cron ran at: 24-05-2025 08:50:42 PM [] []
[2025-05-24 20:55:40] SlimMonoLogger.INFO: Cron ran at: 24-05-2025 08:55:40 PM [] []
[2025-05-24 21:00:49] SlimMonoLogger.INFO: Cron ran at: 24-05-2025 09:00:49 PM [] []
[2025-05-24 21:05:36] SlimMonoLogger.INFO: Cron ran at: 24-05-2025 09:05:36 PM [] []
[2025-05-24 21:10:41] SlimMonoLogger.INFO: Cron ran at: 24-05-2025 09:10:41 PM [] []
[2025-05-24 21:15:43] SlimMonoLogger.INFO: Cron ran at: 24-05-2025 09:15:43 PM [] []
[2025-05-24 21:20:34] SlimMonoLogger.INFO: Cron ran at: 24-05-2025 09:20:34 PM [] []
[2025-05-24 21:25:37] SlimMonoLogger.INFO: Cron ran at: 24-05-2025 09:25:37 PM [] []
[2025-05-24 21:30:31] SlimMonoLogger.INFO: Cron ran at: 24-05-2025 09:30:31 PM [] []
[2025-05-24 21:35:34] SlimMonoLogger.INFO: Cron ran at: 24-05-2025 09:35:34 PM [] []
[2025-05-24 21:40:39] SlimMonoLogger.INFO: Cron ran at: 24-05-2025 09:40:39 PM [] []
[2025-05-24 21:45:39] SlimMonoLogger.INFO: Cron ran at: 24-05-2025 09:45:39 PM [] []
[2025-05-24 21:50:40] SlimMonoLogger.INFO: Cron ran at: 24-05-2025 09:50:40 PM [] []
[2025-05-24 21:55:35] SlimMonoLogger.INFO: Cron ran at: 24-05-2025 09:55:35 PM [] []
[2025-05-24 22:00:38] SlimMonoLogger.INFO: Cron ran at: 24-05-2025 10:00:38 PM [] []
[2025-05-24 22:05:38] SlimMonoLogger.INFO: Cron ran at: 24-05-2025 10:05:38 PM [] []
[2025-05-24 22:10:37] SlimMonoLogger.INFO: Cron ran at: 24-05-2025 10:10:37 PM [] []
[2025-05-24 22:15:42] SlimMonoLogger.INFO: Cron ran at: 24-05-2025 10:15:42 PM [] []
[2025-05-24 22:20:38] SlimMonoLogger.INFO: Cron ran at: 24-05-2025 10:20:38 PM [] []
[2025-05-24 22:25:37] SlimMonoLogger.INFO: Cron ran at: 24-05-2025 10:25:37 PM [] []
[2025-05-24 22:30:52] SlimMonoLogger.INFO: Cron ran at: 24-05-2025 10:30:52 PM [] []
[2025-05-24 22:35:40] SlimMonoLogger.INFO: Cron ran at: 24-05-2025 10:35:40 PM [] []
[2025-05-24 22:40:41] SlimMonoLogger.INFO: Cron ran at: 24-05-2025 10:40:41 PM [] []
[2025-05-24 22:45:43] SlimMonoLogger.INFO: Cron ran at: 24-05-2025 10:45:43 PM [] []
[2025-05-24 22:50:37] SlimMonoLogger.INFO: Cron ran at: 24-05-2025 10:50:37 PM [] []
[2025-05-24 22:55:36] SlimMonoLogger.INFO: Cron ran at: 24-05-2025 10:55:36 PM [] []
[2025-05-24 23:00:45] SlimMonoLogger.INFO: Cron ran at: 24-05-2025 11:00:45 PM [] []
[2025-05-24 23:05:42] SlimMonoLogger.INFO: Cron ran at: 24-05-2025 11:05:42 PM [] []
[2025-05-24 23:10:38] SlimMonoLogger.INFO: Cron ran at: 24-05-2025 11:10:38 PM [] []
[2025-05-24 23:15:45] SlimMonoLogger.INFO: Cron ran at: 24-05-2025 11:15:45 PM [] []
[2025-05-24 23:20:33] SlimMonoLogger.INFO: Cron ran at: 24-05-2025 11:20:33 PM [] []
[2025-05-24 23:25:43] SlimMonoLogger.INFO: Cron ran at: 24-05-2025 11:25:43 PM [] []
[2025-05-24 23:30:46] SlimMonoLogger.INFO: Cron ran at: 24-05-2025 11:30:46 PM [] []
[2025-05-24 23:35:37] SlimMonoLogger.INFO: Cron ran at: 24-05-2025 11:35:37 PM [] []
[2025-05-24 23:40:34] SlimMonoLogger.INFO: Cron ran at: 24-05-2025 11:40:34 PM [] []
[2025-05-24 23:45:35] SlimMonoLogger.INFO: Cron ran at: 24-05-2025 11:45:35 PM [] []
[2025-05-24 23:50:34] SlimMonoLogger.INFO: Cron ran at: 24-05-2025 11:50:34 PM [] []
[2025-05-24 23:55:34] SlimMonoLogger.INFO: Cron ran at: 24-05-2025 11:55:34 PM [] []
[2025-05-25 00:00:40] SlimMonoLogger.INFO: Cron ran at: 25-05-2025 12:00:40 AM [] []
[2025-05-25 00:05:36] SlimMonoLogger.INFO: Cron ran at: 25-05-2025 12:05:36 AM [] []
[2025-05-25 00:10:32] SlimMonoLogger.INFO: Cron ran at: 25-05-2025 12:10:32 AM [] []
[2025-05-25 00:15:32] SlimMonoLogger.INFO: Cron ran at: 25-05-2025 12:15:32 AM [] []
[2025-05-25 00:20:33] SlimMonoLogger.INFO: Cron ran at: 25-05-2025 12:20:33 AM [] []
[2025-05-25 00:25:33] SlimMonoLogger.INFO: Cron ran at: 25-05-2025 12:25:33 AM [] []
[2025-05-25 00:30:34] SlimMonoLogger.INFO: Cron ran at: 25-05-2025 12:30:34 AM [] []
[2025-05-25 00:35:34] SlimMonoLogger.INFO: Cron ran at: 25-05-2025 12:35:34 AM [] []
[2025-05-25 00:40:34] SlimMonoLogger.INFO: Cron ran at: 25-05-2025 12:40:34 AM [] []
[2025-05-25 00:45:41] SlimMonoLogger.INFO: Cron ran at: 25-05-2025 12:45:41 AM [] []
[2025-05-25 00:50:37] SlimMonoLogger.INFO: Cron ran at: 25-05-2025 12:50:37 AM [] []
[2025-05-25 00:55:40] SlimMonoLogger.INFO: Cron ran at: 25-05-2025 12:55:40 AM [] []
[2025-05-25 01:00:43] SlimMonoLogger.INFO: Cron ran at: 25-05-2025 01:00:43 AM [] []
[2025-05-25 01:05:38] SlimMonoLogger.INFO: Cron ran at: 25-05-2025 01:05:38 AM [] []
[2025-05-25 01:10:32] SlimMonoLogger.INFO: Cron ran at: 25-05-2025 01:10:32 AM [] []
[2025-05-25 01:15:38] SlimMonoLogger.INFO: Cron ran at: 25-05-2025 01:15:38 AM [] []
[2025-05-25 01:20:37] SlimMonoLogger.INFO: Cron ran at: 25-05-2025 01:20:37 AM [] []
[2025-05-25 01:25:33] SlimMonoLogger.INFO: Cron ran at: 25-05-2025 01:25:33 AM [] []
[2025-05-25 01:30:38] SlimMonoLogger.INFO: Cron ran at: 25-05-2025 01:30:38 AM [] []
[2025-05-25 01:35:33] SlimMonoLogger.INFO: Cron ran at: 25-05-2025 01:35:33 AM [] []
[2025-05-25 01:40:35] SlimMonoLogger.INFO: Cron ran at: 25-05-2025 01:40:35 AM [] []
[2025-05-25 01:45:36] SlimMonoLogger.INFO: Cron ran at: 25-05-2025 01:45:36 AM [] []
[2025-05-25 01:50:33] SlimMonoLogger.INFO: Cron ran at: 25-05-2025 01:50:33 AM [] []
[2025-05-25 01:55:33] SlimMonoLogger.INFO: Cron ran at: 25-05-2025 01:55:33 AM [] []
