[2025-03-24 01:00:26] SlimMonoLogger.INFO: Cron ran at: 24-03-2025 01:00:26 AM [] []
[2025-03-24 01:05:34] SlimMonoLogger.INFO: Cron ran at: 24-03-2025 01:05:34 AM [] []
[2025-03-24 01:10:27] SlimMonoLogger.INFO: Cron ran at: 24-03-2025 01:10:27 AM [] []
[2025-03-24 01:15:32] SlimMonoLogger.INFO: Cron ran at: 24-03-2025 01:15:32 AM [] []
[2025-03-24 01:20:33] SlimMonoLogger.INFO: Cron ran at: 24-03-2025 01:20:33 AM [] []
[2025-03-24 01:25:32] SlimMonoLogger.INFO: Cron ran at: 24-03-2025 01:25:32 AM [] []
[2025-03-24 01:30:32] SlimMonoLogger.INFO: Cron ran at: 24-03-2025 01:30:32 AM [] []
[2025-03-24 01:35:27] SlimMonoLogger.INFO: Cron ran at: 24-03-2025 01:35:27 AM [] []
[2025-03-24 01:40:32] SlimMonoLogger.INFO: Cron ran at: 24-03-2025 01:40:32 AM [] []
[2025-03-24 01:46:35] SlimMonoLogger.INFO: Cron ran at: 24-03-2025 01:46:35 AM [] []
[2025-03-24 01:52:27] SlimMonoLogger.ERROR: Requests_Exception: cURL error 28: Failed to connect to antropol.mk port 443 after 132120 ms: Could not connect to server in /home/latihtal/public_html/agregator1/src/vendor/rmccue/requests/library/Requests/Transport/cURL.php:422
Stack trace:
#0 /home/latihtal/public_html/agregator1/src/vendor/rmccue/requests/library/Requests/Transport/cURL.php(177): Requests_Transport_cURL->process_response()
#1 /home/latihtal/public_html/agregator1/src/vendor/rmccue/requests/library/Requests.php(379): Requests_Transport_cURL->request()
#2 /home/latihtal/public_html/agregator1/src/vendor/rmccue/requests/library/Requests/Session.php(205): Requests::request()
#3 /home/latihtal/public_html/agregator1/src/vendor/rmccue/requests/library/Requests/Session.php(132): Requests_Session->request()
#4 /home/latihtal/public_html/agregator1/src/drivers/Http/RssImporter.php(144): Requests_Session->get()
#5 /home/latihtal/public_html/agregator1/src/controllers/Dashboard/DashboardFeedsController.php(534): spark\drivers\Http\RssImporter->fetchPosts()
#6 /home/latihtal/public_html/agregator1/src/controllers/Site/SiteController.php(722): spark\controllers\Dashboard\DashboardFeedsController::importFeedPosts()
#7 [internal function]: spark\controllers\Site\SiteController->runTasks()
#8 /home/latihtal/public_html/agregator1/src/framework/Route.php(173): call_user_func_array()
#9 [internal function]: Slim\Route->Slim\{closure}()
#10 /home/latihtal/public_html/agregator1/src/framework/Route.php(468): call_user_func_array()
#11 /home/latihtal/public_html/agregator1/src/framework/Slim.php(1364): Slim\Route->dispatch()
#12 /home/latihtal/public_html/agregator1/src/framework/Middleware/Flash.php(85): Slim\Slim->call()
#13 /home/latihtal/public_html/agregator1/src/framework/Middleware/MethodOverride.php(92): Slim\Middleware\Flash->call()
#14 /home/latihtal/public_html/agregator1/src/middlewares/CsrfGuard/CsrfGuard.php(47): Slim\Middleware\MethodOverride->call()
#15 /home/latihtal/public_html/agregator1/src/framework/Middleware/PrettyExceptions.php(67): spark\middlewares\CsrfGuard\CsrfGuard->call()
#16 /home/latihtal/public_html/agregator1/src/framework/Slim.php(1308): Slim\Middleware\PrettyExceptions->call()
#17 /home/latihtal/public_html/agregator1/index.php(6): Slim\Slim->run()
#18 {main} [] []
[2025-03-24 01:52:42] SlimMonoLogger.INFO: Cron ran at: 24-03-2025 01:52:42 AM [] []
[2025-03-24 01:55:31] SlimMonoLogger.INFO: Cron ran at: 24-03-2025 01:55:31 AM [] []
[2025-03-24 02:00:32] SlimMonoLogger.INFO: Cron ran at: 24-03-2025 02:00:32 AM [] []
[2025-03-24 02:07:19] SlimMonoLogger.ERROR: Requests_Exception: cURL error 28: Failed to connect to antropol.mk port 443 after 129003 ms: Could not connect to server in /home/latihtal/public_html/agregator1/src/vendor/rmccue/requests/library/Requests/Transport/cURL.php:422
Stack trace:
#0 /home/latihtal/public_html/agregator1/src/vendor/rmccue/requests/library/Requests/Transport/cURL.php(177): Requests_Transport_cURL->process_response()
#1 /home/latihtal/public_html/agregator1/src/vendor/rmccue/requests/library/Requests.php(379): Requests_Transport_cURL->request()
#2 /home/latihtal/public_html/agregator1/src/vendor/rmccue/requests/library/Requests/Session.php(205): Requests::request()
#3 /home/latihtal/public_html/agregator1/src/vendor/rmccue/requests/library/Requests/Session.php(132): Requests_Session->request()
#4 /home/latihtal/public_html/agregator1/src/drivers/Http/RssImporter.php(144): Requests_Session->get()
#5 /home/latihtal/public_html/agregator1/src/controllers/Dashboard/DashboardFeedsController.php(534): spark\drivers\Http\RssImporter->fetchPosts()
#6 /home/latihtal/public_html/agregator1/src/controllers/Site/SiteController.php(722): spark\controllers\Dashboard\DashboardFeedsController::importFeedPosts()
#7 [internal function]: spark\controllers\Site\SiteController->runTasks()
#8 /home/latihtal/public_html/agregator1/src/framework/Route.php(173): call_user_func_array()
#9 [internal function]: Slim\Route->Slim\{closure}()
#10 /home/latihtal/public_html/agregator1/src/framework/Route.php(468): call_user_func_array()
#11 /home/latihtal/public_html/agregator1/src/framework/Slim.php(1364): Slim\Route->dispatch()
#12 /home/latihtal/public_html/agregator1/src/framework/Middleware/Flash.php(85): Slim\Slim->call()
#13 /home/latihtal/public_html/agregator1/src/framework/Middleware/MethodOverride.php(92): Slim\Middleware\Flash->call()
#14 /home/latihtal/public_html/agregator1/src/middlewares/CsrfGuard/CsrfGuard.php(47): Slim\Middleware\MethodOverride->call()
#15 /home/latihtal/public_html/agregator1/src/framework/Middleware/PrettyExceptions.php(67): spark\middlewares\CsrfGuard\CsrfGuard->call()
#16 /home/latihtal/public_html/agregator1/src/framework/Slim.php(1308): Slim\Middleware\PrettyExceptions->call()
#17 /home/latihtal/public_html/agregator1/index.php(6): Slim\Slim->run()
#18 {main} [] []
[2025-03-24 02:07:33] SlimMonoLogger.INFO: Cron ran at: 24-03-2025 02:07:33 AM [] []
[2025-03-24 02:10:26] SlimMonoLogger.INFO: Cron ran at: 24-03-2025 02:10:26 AM [] []
[2025-03-24 02:15:31] SlimMonoLogger.INFO: Cron ran at: 24-03-2025 02:15:31 AM [] []
[2025-03-24 02:20:26] SlimMonoLogger.INFO: Cron ran at: 24-03-2025 02:20:26 AM [] []
[2025-03-24 02:25:24] SlimMonoLogger.INFO: Cron ran at: 24-03-2025 02:25:24 AM [] []
[2025-03-24 02:30:32] SlimMonoLogger.INFO: Cron ran at: 24-03-2025 02:30:32 AM [] []
[2025-03-24 02:35:28] SlimMonoLogger.INFO: Cron ran at: 24-03-2025 02:35:28 AM [] []
[2025-03-24 02:40:44] SlimMonoLogger.INFO: Cron ran at: 24-03-2025 02:40:44 AM [] []
[2025-03-24 02:47:24] SlimMonoLogger.ERROR: Requests_Exception: cURL error 28: Failed to connect to antropol.mk port 443 after 132336 ms: Could not connect to server in /home/latihtal/public_html/agregator1/src/vendor/rmccue/requests/library/Requests/Transport/cURL.php:422
Stack trace:
#0 /home/latihtal/public_html/agregator1/src/vendor/rmccue/requests/library/Requests/Transport/cURL.php(177): Requests_Transport_cURL->process_response()
#1 /home/latihtal/public_html/agregator1/src/vendor/rmccue/requests/library/Requests.php(379): Requests_Transport_cURL->request()
#2 /home/latihtal/public_html/agregator1/src/vendor/rmccue/requests/library/Requests/Session.php(205): Requests::request()
#3 /home/latihtal/public_html/agregator1/src/vendor/rmccue/requests/library/Requests/Session.php(132): Requests_Session->request()
#4 /home/latihtal/public_html/agregator1/src/drivers/Http/RssImporter.php(144): Requests_Session->get()
#5 /home/latihtal/public_html/agregator1/src/controllers/Dashboard/DashboardFeedsController.php(534): spark\drivers\Http\RssImporter->fetchPosts()
#6 /home/latihtal/public_html/agregator1/src/controllers/Site/SiteController.php(722): spark\controllers\Dashboard\DashboardFeedsController::importFeedPosts()
#7 [internal function]: spark\controllers\Site\SiteController->runTasks()
#8 /home/latihtal/public_html/agregator1/src/framework/Route.php(173): call_user_func_array()
#9 [internal function]: Slim\Route->Slim\{closure}()
#10 /home/latihtal/public_html/agregator1/src/framework/Route.php(468): call_user_func_array()
#11 /home/latihtal/public_html/agregator1/src/framework/Slim.php(1364): Slim\Route->dispatch()
#12 /home/latihtal/public_html/agregator1/src/framework/Middleware/Flash.php(85): Slim\Slim->call()
#13 /home/latihtal/public_html/agregator1/src/framework/Middleware/MethodOverride.php(92): Slim\Middleware\Flash->call()
#14 /home/latihtal/public_html/agregator1/src/middlewares/CsrfGuard/CsrfGuard.php(47): Slim\Middleware\MethodOverride->call()
#15 /home/latihtal/public_html/agregator1/src/framework/Middleware/PrettyExceptions.php(67): spark\middlewares\CsrfGuard\CsrfGuard->call()
#16 /home/latihtal/public_html/agregator1/src/framework/Slim.php(1308): Slim\Middleware\PrettyExceptions->call()
#17 /home/latihtal/public_html/agregator1/index.php(6): Slim\Slim->run()
#18 {main} [] []
[2025-03-24 02:47:38] SlimMonoLogger.INFO: Cron ran at: 24-03-2025 02:47:38 AM [] []
[2025-03-24 02:50:43] SlimMonoLogger.INFO: Cron ran at: 24-03-2025 02:50:43 AM [] []
[2025-03-24 02:55:26] SlimMonoLogger.INFO: Cron ran at: 24-03-2025 02:55:26 AM [] []
[2025-03-24 03:00:43] SlimMonoLogger.INFO: Cron ran at: 24-03-2025 03:00:43 AM [] []
[2025-03-24 03:05:27] SlimMonoLogger.INFO: Cron ran at: 24-03-2025 03:05:27 AM [] []
[2025-03-24 03:10:31] SlimMonoLogger.INFO: Cron ran at: 24-03-2025 03:10:31 AM [] []
[2025-03-24 03:15:59] SlimMonoLogger.INFO: Cron ran at: 24-03-2025 03:15:59 AM [] []
[2025-03-24 03:20:30] SlimMonoLogger.INFO: Cron ran at: 24-03-2025 03:20:30 AM [] []
[2025-03-24 03:25:27] SlimMonoLogger.INFO: Cron ran at: 24-03-2025 03:25:27 AM [] []
[2025-03-24 03:30:23] SlimMonoLogger.INFO: Cron ran at: 24-03-2025 03:30:23 AM [] []
[2025-03-24 03:35:27] SlimMonoLogger.INFO: Cron ran at: 24-03-2025 03:35:27 AM [] []
[2025-03-24 03:40:24] SlimMonoLogger.INFO: Cron ran at: 24-03-2025 03:40:24 AM [] []
[2025-03-24 03:45:30] SlimMonoLogger.INFO: Cron ran at: 24-03-2025 03:45:30 AM [] []
[2025-03-24 03:50:26] SlimMonoLogger.INFO: Cron ran at: 24-03-2025 03:50:26 AM [] []
[2025-03-24 03:55:28] SlimMonoLogger.INFO: Cron ran at: 24-03-2025 03:55:28 AM [] []
[2025-03-24 04:00:22] SlimMonoLogger.INFO: Cron ran at: 24-03-2025 04:00:22 AM [] []
[2025-03-24 04:05:29] SlimMonoLogger.INFO: Cron ran at: 24-03-2025 04:05:29 AM [] []
[2025-03-24 04:10:26] SlimMonoLogger.INFO: Cron ran at: 24-03-2025 04:10:26 AM [] []
[2025-03-24 04:15:22] SlimMonoLogger.INFO: Cron ran at: 24-03-2025 04:15:22 AM [] []
[2025-03-24 04:20:30] SlimMonoLogger.INFO: Cron ran at: 24-03-2025 04:20:30 AM [] []
[2025-03-24 04:26:32] SlimMonoLogger.INFO: Cron ran at: 24-03-2025 04:26:32 AM [] []
[2025-03-24 04:30:34] SlimMonoLogger.INFO: Cron ran at: 24-03-2025 04:30:34 AM [] []
[2025-03-24 04:35:24] SlimMonoLogger.INFO: Cron ran at: 24-03-2025 04:35:24 AM [] []
[2025-03-24 04:40:29] SlimMonoLogger.INFO: Cron ran at: 24-03-2025 04:40:29 AM [] []
[2025-03-24 04:45:22] SlimMonoLogger.INFO: Cron ran at: 24-03-2025 04:45:22 AM [] []
[2025-03-24 04:50:45] SlimMonoLogger.INFO: Cron ran at: 24-03-2025 04:50:45 AM [] []
[2025-03-24 04:55:26] SlimMonoLogger.INFO: Cron ran at: 24-03-2025 04:55:26 AM [] []
[2025-03-24 05:00:28] SlimMonoLogger.INFO: Cron ran at: 24-03-2025 05:00:28 AM [] []
[2025-03-24 05:05:31] SlimMonoLogger.INFO: Cron ran at: 24-03-2025 05:05:31 AM [] []
[2025-03-24 05:10:26] SlimMonoLogger.INFO: Cron ran at: 24-03-2025 05:10:26 AM [] []
[2025-03-24 05:15:27] SlimMonoLogger.INFO: Cron ran at: 24-03-2025 05:15:27 AM [] []
[2025-03-24 05:20:34] SlimMonoLogger.INFO: Cron ran at: 24-03-2025 05:20:34 AM [] []
[2025-03-24 05:25:27] SlimMonoLogger.INFO: Cron ran at: 24-03-2025 05:25:27 AM [] []
[2025-03-24 05:30:30] SlimMonoLogger.INFO: Cron ran at: 24-03-2025 05:30:30 AM [] []
[2025-03-24 05:35:39] SlimMonoLogger.INFO: Cron ran at: 24-03-2025 05:35:39 AM [] []
[2025-03-24 05:40:28] SlimMonoLogger.INFO: Cron ran at: 24-03-2025 05:40:28 AM [] []
[2025-03-24 05:45:36] SlimMonoLogger.INFO: Cron ran at: 24-03-2025 05:45:36 AM [] []
[2025-03-24 05:50:29] SlimMonoLogger.INFO: Cron ran at: 24-03-2025 05:50:29 AM [] []
[2025-03-24 05:55:35] SlimMonoLogger.INFO: Cron ran at: 24-03-2025 05:55:35 AM [] []
[2025-03-24 06:02:21] SlimMonoLogger.ERROR: Requests_Exception: cURL error 28: Failed to connect to antropol.mk port 443 after 131370 ms: Could not connect to server in /home/latihtal/public_html/agregator1/src/vendor/rmccue/requests/library/Requests/Transport/cURL.php:422
Stack trace:
#0 /home/latihtal/public_html/agregator1/src/vendor/rmccue/requests/library/Requests/Transport/cURL.php(177): Requests_Transport_cURL->process_response()
#1 /home/latihtal/public_html/agregator1/src/vendor/rmccue/requests/library/Requests.php(379): Requests_Transport_cURL->request()
#2 /home/latihtal/public_html/agregator1/src/vendor/rmccue/requests/library/Requests/Session.php(205): Requests::request()
#3 /home/latihtal/public_html/agregator1/src/vendor/rmccue/requests/library/Requests/Session.php(132): Requests_Session->request()
#4 /home/latihtal/public_html/agregator1/src/drivers/Http/RssImporter.php(144): Requests_Session->get()
#5 /home/latihtal/public_html/agregator1/src/controllers/Dashboard/DashboardFeedsController.php(534): spark\drivers\Http\RssImporter->fetchPosts()
#6 /home/latihtal/public_html/agregator1/src/controllers/Site/SiteController.php(722): spark\controllers\Dashboard\DashboardFeedsController::importFeedPosts()
#7 [internal function]: spark\controllers\Site\SiteController->runTasks()
#8 /home/latihtal/public_html/agregator1/src/framework/Route.php(173): call_user_func_array()
#9 [internal function]: Slim\Route->Slim\{closure}()
#10 /home/latihtal/public_html/agregator1/src/framework/Route.php(468): call_user_func_array()
#11 /home/latihtal/public_html/agregator1/src/framework/Slim.php(1364): Slim\Route->dispatch()
#12 /home/latihtal/public_html/agregator1/src/framework/Middleware/Flash.php(85): Slim\Slim->call()
#13 /home/latihtal/public_html/agregator1/src/framework/Middleware/MethodOverride.php(92): Slim\Middleware\Flash->call()
#14 /home/latihtal/public_html/agregator1/src/middlewares/CsrfGuard/CsrfGuard.php(47): Slim\Middleware\MethodOverride->call()
#15 /home/latihtal/public_html/agregator1/src/framework/Middleware/PrettyExceptions.php(67): spark\middlewares\CsrfGuard\CsrfGuard->call()
#16 /home/latihtal/public_html/agregator1/src/framework/Slim.php(1308): Slim\Middleware\PrettyExceptions->call()
#17 /home/latihtal/public_html/agregator1/index.php(6): Slim\Slim->run()
#18 {main} [] []
[2025-03-24 06:02:36] SlimMonoLogger.INFO: Cron ran at: 24-03-2025 06:02:36 AM [] []
[2025-03-24 06:05:25] SlimMonoLogger.INFO: Cron ran at: 24-03-2025 06:05:25 AM [] []
[2025-03-24 06:10:26] SlimMonoLogger.INFO: Cron ran at: 24-03-2025 06:10:26 AM [] []
[2025-03-24 06:15:26] SlimMonoLogger.INFO: Cron ran at: 24-03-2025 06:15:26 AM [] []
[2025-03-24 06:20:30] SlimMonoLogger.INFO: Cron ran at: 24-03-2025 06:20:30 AM [] []
[2025-03-24 06:25:33] SlimMonoLogger.INFO: Cron ran at: 24-03-2025 06:25:33 AM [] []
[2025-03-24 06:30:31] SlimMonoLogger.INFO: Cron ran at: 24-03-2025 06:30:31 AM [] []
[2025-03-24 06:37:27] SlimMonoLogger.ERROR: Requests_Exception: cURL error 28: Failed to connect to antropol.mk port 443 after 131209 ms: Could not connect to server in /home/latihtal/public_html/agregator1/src/vendor/rmccue/requests/library/Requests/Transport/cURL.php:422
Stack trace:
#0 /home/latihtal/public_html/agregator1/src/vendor/rmccue/requests/library/Requests/Transport/cURL.php(177): Requests_Transport_cURL->process_response()
#1 /home/latihtal/public_html/agregator1/src/vendor/rmccue/requests/library/Requests.php(379): Requests_Transport_cURL->request()
#2 /home/latihtal/public_html/agregator1/src/vendor/rmccue/requests/library/Requests/Session.php(205): Requests::request()
#3 /home/latihtal/public_html/agregator1/src/vendor/rmccue/requests/library/Requests/Session.php(132): Requests_Session->request()
#4 /home/latihtal/public_html/agregator1/src/drivers/Http/RssImporter.php(144): Requests_Session->get()
#5 /home/latihtal/public_html/agregator1/src/controllers/Dashboard/DashboardFeedsController.php(534): spark\drivers\Http\RssImporter->fetchPosts()
#6 /home/latihtal/public_html/agregator1/src/controllers/Site/SiteController.php(722): spark\controllers\Dashboard\DashboardFeedsController::importFeedPosts()
#7 [internal function]: spark\controllers\Site\SiteController->runTasks()
#8 /home/latihtal/public_html/agregator1/src/framework/Route.php(173): call_user_func_array()
#9 [internal function]: Slim\Route->Slim\{closure}()
#10 /home/latihtal/public_html/agregator1/src/framework/Route.php(468): call_user_func_array()
#11 /home/latihtal/public_html/agregator1/src/framework/Slim.php(1364): Slim\Route->dispatch()
#12 /home/latihtal/public_html/agregator1/src/framework/Middleware/Flash.php(85): Slim\Slim->call()
#13 /home/latihtal/public_html/agregator1/src/framework/Middleware/MethodOverride.php(92): Slim\Middleware\Flash->call()
#14 /home/latihtal/public_html/agregator1/src/middlewares/CsrfGuard/CsrfGuard.php(47): Slim\Middleware\MethodOverride->call()
#15 /home/latihtal/public_html/agregator1/src/framework/Middleware/PrettyExceptions.php(67): spark\middlewares\CsrfGuard\CsrfGuard->call()
#16 /home/latihtal/public_html/agregator1/src/framework/Slim.php(1308): Slim\Middleware\PrettyExceptions->call()
#17 /home/latihtal/public_html/agregator1/index.php(6): Slim\Slim->run()
#18 {main} [] []
[2025-03-24 06:37:41] SlimMonoLogger.INFO: Cron ran at: 24-03-2025 06:37:41 AM [] []
[2025-03-24 06:40:34] SlimMonoLogger.INFO: Cron ran at: 24-03-2025 06:40:34 AM [] []
[2025-03-24 06:45:45] SlimMonoLogger.INFO: Cron ran at: 24-03-2025 06:45:45 AM [] []
[2025-03-24 06:50:31] SlimMonoLogger.INFO: Cron ran at: 24-03-2025 06:50:31 AM [] []
[2025-03-24 06:55:41] SlimMonoLogger.INFO: Cron ran at: 24-03-2025 06:55:41 AM [] []
[2025-03-24 07:00:38] SlimMonoLogger.INFO: Cron ran at: 24-03-2025 07:00:38 AM [] []
[2025-03-24 07:05:48] SlimMonoLogger.INFO: Cron ran at: 24-03-2025 07:05:48 AM [] []
[2025-03-24 07:10:25] SlimMonoLogger.INFO: Cron ran at: 24-03-2025 07:10:25 AM [] []
[2025-03-24 07:15:42] SlimMonoLogger.INFO: Cron ran at: 24-03-2025 07:15:42 AM [] []
[2025-03-24 07:20:26] SlimMonoLogger.INFO: Cron ran at: 24-03-2025 07:20:26 AM [] []
[2025-03-24 07:25:40] SlimMonoLogger.INFO: Cron ran at: 24-03-2025 07:25:40 AM [] []
[2025-03-24 07:30:34] SlimMonoLogger.INFO: Cron ran at: 24-03-2025 07:30:34 AM [] []
[2025-03-24 07:35:31] SlimMonoLogger.INFO: Cron ran at: 24-03-2025 07:35:31 AM [] []
[2025-03-24 07:40:29] SlimMonoLogger.INFO: Cron ran at: 24-03-2025 07:40:29 AM [] []
[2025-03-24 07:51:31] SlimMonoLogger.INFO: Cron ran at: 24-03-2025 07:51:31 AM [] []
[2025-03-24 07:53:46] SlimMonoLogger.ERROR: Requests_Exception: cURL error 28: Operation timed out after 500001 milliseconds with 0 bytes received in /home/latihtal/public_html/agregator1/src/vendor/rmccue/requests/library/Requests/Transport/cURL.php:422
Stack trace:
#0 /home/latihtal/public_html/agregator1/src/vendor/rmccue/requests/library/Requests/Transport/cURL.php(177): Requests_Transport_cURL->process_response()
#1 /home/latihtal/public_html/agregator1/src/vendor/rmccue/requests/library/Requests.php(379): Requests_Transport_cURL->request()
#2 /home/latihtal/public_html/agregator1/src/vendor/rmccue/requests/library/Requests/Session.php(205): Requests::request()
#3 /home/latihtal/public_html/agregator1/src/vendor/rmccue/requests/library/Requests/Session.php(132): Requests_Session->request()
#4 /home/latihtal/public_html/agregator1/src/drivers/Http/RssImporter.php(144): Requests_Session->get()
#5 /home/latihtal/public_html/agregator1/src/controllers/Dashboard/DashboardFeedsController.php(534): spark\drivers\Http\RssImporter->fetchPosts()
#6 /home/latihtal/public_html/agregator1/src/controllers/Site/SiteController.php(722): spark\controllers\Dashboard\DashboardFeedsController::importFeedPosts()
#7 [internal function]: spark\controllers\Site\SiteController->runTasks()
#8 /home/latihtal/public_html/agregator1/src/framework/Route.php(173): call_user_func_array()
#9 [internal function]: Slim\Route->Slim\{closure}()
#10 /home/latihtal/public_html/agregator1/src/framework/Route.php(468): call_user_func_array()
#11 /home/latihtal/public_html/agregator1/src/framework/Slim.php(1364): Slim\Route->dispatch()
#12 /home/latihtal/public_html/agregator1/src/framework/Middleware/Flash.php(85): Slim\Slim->call()
#13 /home/latihtal/public_html/agregator1/src/framework/Middleware/MethodOverride.php(92): Slim\Middleware\Flash->call()
#14 /home/latihtal/public_html/agregator1/src/middlewares/CsrfGuard/CsrfGuard.php(47): Slim\Middleware\MethodOverride->call()
#15 /home/latihtal/public_html/agregator1/src/framework/Middleware/PrettyExceptions.php(67): spark\middlewares\CsrfGuard\CsrfGuard->call()
#16 /home/latihtal/public_html/agregator1/src/framework/Slim.php(1308): Slim\Middleware\PrettyExceptions->call()
#17 /home/latihtal/public_html/agregator1/index.php(6): Slim\Slim->run()
#18 {main} [] []
[2025-03-24 07:53:46] SlimMonoLogger.INFO: Cron ran at: 24-03-2025 07:53:46 AM [] []
[2025-03-24 07:55:45] SlimMonoLogger.INFO: Cron ran at: 24-03-2025 07:55:45 AM [] []
[2025-03-24 08:00:33] SlimMonoLogger.INFO: Cron ran at: 24-03-2025 08:00:33 AM [] []
[2025-03-24 08:05:57] SlimMonoLogger.INFO: Cron ran at: 24-03-2025 08:05:57 AM [] []
[2025-03-24 08:10:33] SlimMonoLogger.INFO: Cron ran at: 24-03-2025 08:10:33 AM [] []
[2025-03-24 08:15:26] SlimMonoLogger.INFO: Cron ran at: 24-03-2025 08:15:26 AM [] []
[2025-03-24 08:20:32] SlimMonoLogger.INFO: Cron ran at: 24-03-2025 08:20:32 AM [] []
[2025-03-24 08:25:26] SlimMonoLogger.INFO: Cron ran at: 24-03-2025 08:25:26 AM [] []
[2025-03-24 08:30:28] SlimMonoLogger.INFO: Cron ran at: 24-03-2025 08:30:28 AM [] []
[2025-03-24 08:35:38] SlimMonoLogger.INFO: Cron ran at: 24-03-2025 08:35:38 AM [] []
[2025-03-24 08:40:50] SlimMonoLogger.INFO: Cron ran at: 24-03-2025 08:40:50 AM [] []
[2025-03-24 08:45:26] SlimMonoLogger.INFO: Cron ran at: 24-03-2025 08:45:26 AM [] []
[2025-03-24 08:50:31] SlimMonoLogger.INFO: Cron ran at: 24-03-2025 08:50:31 AM [] []
[2025-03-24 08:55:33] SlimMonoLogger.INFO: Cron ran at: 24-03-2025 08:55:33 AM [] []
[2025-03-24 09:00:28] SlimMonoLogger.INFO: Cron ran at: 24-03-2025 09:00:28 AM [] []
[2025-03-24 09:05:29] SlimMonoLogger.INFO: Cron ran at: 24-03-2025 09:05:29 AM [] []
[2025-03-24 09:12:57] SlimMonoLogger.INFO: Cron ran at: 24-03-2025 09:12:57 AM [] []
[2025-03-24 09:15:35] SlimMonoLogger.INFO: Cron ran at: 24-03-2025 09:15:35 AM [] []
[2025-03-24 09:20:30] SlimMonoLogger.INFO: Cron ran at: 24-03-2025 09:20:30 AM [] []
[2025-03-24 09:25:37] SlimMonoLogger.INFO: Cron ran at: 24-03-2025 09:25:37 AM [] []
[2025-03-24 09:30:34] SlimMonoLogger.INFO: Cron ran at: 24-03-2025 09:30:34 AM [] []
[2025-03-24 09:35:34] SlimMonoLogger.INFO: Cron ran at: 24-03-2025 09:35:34 AM [] []
[2025-03-24 09:40:34] SlimMonoLogger.INFO: Cron ran at: 24-03-2025 09:40:34 AM [] []
[2025-03-24 09:45:36] SlimMonoLogger.INFO: Cron ran at: 24-03-2025 09:45:36 AM [] []
[2025-03-24 09:50:38] SlimMonoLogger.INFO: Cron ran at: 24-03-2025 09:50:38 AM [] []
[2025-03-24 09:56:10] SlimMonoLogger.INFO: Cron ran at: 24-03-2025 09:56:10 AM [] []
[2025-03-24 10:00:35] SlimMonoLogger.INFO: Cron ran at: 24-03-2025 10:00:35 AM [] []
[2025-03-24 10:05:38] SlimMonoLogger.INFO: Cron ran at: 24-03-2025 10:05:38 AM [] []
[2025-03-24 10:10:51] SlimMonoLogger.INFO: Cron ran at: 24-03-2025 10:10:51 AM [] []
[2025-03-24 10:15:56] SlimMonoLogger.INFO: Cron ran at: 24-03-2025 10:15:56 AM [] []
[2025-03-24 10:20:40] SlimMonoLogger.INFO: Cron ran at: 24-03-2025 10:20:40 AM [] []
[2025-03-24 10:25:34] SlimMonoLogger.INFO: Cron ran at: 24-03-2025 10:25:34 AM [] []
[2025-03-24 10:31:00] SlimMonoLogger.INFO: Cron ran at: 24-03-2025 10:31:00 AM [] []
[2025-03-24 10:35:41] SlimMonoLogger.INFO: Cron ran at: 24-03-2025 10:35:41 AM [] []
[2025-03-24 10:42:31] SlimMonoLogger.ERROR: Requests_Exception: cURL error 28: Failed to connect to antropol.mk port 443 after 132373 ms: Could not connect to server in /home/latihtal/public_html/agregator1/src/vendor/rmccue/requests/library/Requests/Transport/cURL.php:422
Stack trace:
#0 /home/latihtal/public_html/agregator1/src/vendor/rmccue/requests/library/Requests/Transport/cURL.php(177): Requests_Transport_cURL->process_response()
#1 /home/latihtal/public_html/agregator1/src/vendor/rmccue/requests/library/Requests.php(379): Requests_Transport_cURL->request()
#2 /home/latihtal/public_html/agregator1/src/vendor/rmccue/requests/library/Requests/Session.php(205): Requests::request()
#3 /home/latihtal/public_html/agregator1/src/vendor/rmccue/requests/library/Requests/Session.php(132): Requests_Session->request()
#4 /home/latihtal/public_html/agregator1/src/drivers/Http/RssImporter.php(144): Requests_Session->get()
#5 /home/latihtal/public_html/agregator1/src/controllers/Dashboard/DashboardFeedsController.php(534): spark\drivers\Http\RssImporter->fetchPosts()
#6 /home/latihtal/public_html/agregator1/src/controllers/Site/SiteController.php(722): spark\controllers\Dashboard\DashboardFeedsController::importFeedPosts()
#7 [internal function]: spark\controllers\Site\SiteController->runTasks()
#8 /home/latihtal/public_html/agregator1/src/framework/Route.php(173): call_user_func_array()
#9 [internal function]: Slim\Route->Slim\{closure}()
#10 /home/latihtal/public_html/agregator1/src/framework/Route.php(468): call_user_func_array()
#11 /home/latihtal/public_html/agregator1/src/framework/Slim.php(1364): Slim\Route->dispatch()
#12 /home/latihtal/public_html/agregator1/src/framework/Middleware/Flash.php(85): Slim\Slim->call()
#13 /home/latihtal/public_html/agregator1/src/framework/Middleware/MethodOverride.php(92): Slim\Middleware\Flash->call()
#14 /home/latihtal/public_html/agregator1/src/middlewares/CsrfGuard/CsrfGuard.php(47): Slim\Middleware\MethodOverride->call()
#15 /home/latihtal/public_html/agregator1/src/framework/Middleware/PrettyExceptions.php(67): spark\middlewares\CsrfGuard\CsrfGuard->call()
#16 /home/latihtal/public_html/agregator1/src/framework/Slim.php(1308): Slim\Middleware\PrettyExceptions->call()
#17 /home/latihtal/public_html/agregator1/index.php(6): Slim\Slim->run()
#18 {main} [] []
[2025-03-24 10:42:54] SlimMonoLogger.INFO: Cron ran at: 24-03-2025 10:42:54 AM [] []
[2025-03-24 10:45:29] SlimMonoLogger.INFO: Cron ran at: 24-03-2025 10:45:29 AM [] []
[2025-03-24 10:52:20] SlimMonoLogger.ERROR: Requests_Exception: cURL error 28: Failed to connect to antropol.mk port 443 after 129222 ms: Could not connect to server in /home/latihtal/public_html/agregator1/src/vendor/rmccue/requests/library/Requests/Transport/cURL.php:422
Stack trace:
#0 /home/latihtal/public_html/agregator1/src/vendor/rmccue/requests/library/Requests/Transport/cURL.php(177): Requests_Transport_cURL->process_response()
#1 /home/latihtal/public_html/agregator1/src/vendor/rmccue/requests/library/Requests.php(379): Requests_Transport_cURL->request()
#2 /home/latihtal/public_html/agregator1/src/vendor/rmccue/requests/library/Requests/Session.php(205): Requests::request()
#3 /home/latihtal/public_html/agregator1/src/vendor/rmccue/requests/library/Requests/Session.php(132): Requests_Session->request()
#4 /home/latihtal/public_html/agregator1/src/drivers/Http/RssImporter.php(144): Requests_Session->get()
#5 /home/latihtal/public_html/agregator1/src/controllers/Dashboard/DashboardFeedsController.php(534): spark\drivers\Http\RssImporter->fetchPosts()
#6 /home/latihtal/public_html/agregator1/src/controllers/Site/SiteController.php(722): spark\controllers\Dashboard\DashboardFeedsController::importFeedPosts()
#7 [internal function]: spark\controllers\Site\SiteController->runTasks()
#8 /home/latihtal/public_html/agregator1/src/framework/Route.php(173): call_user_func_array()
#9 [internal function]: Slim\Route->Slim\{closure}()
#10 /home/latihtal/public_html/agregator1/src/framework/Route.php(468): call_user_func_array()
#11 /home/latihtal/public_html/agregator1/src/framework/Slim.php(1364): Slim\Route->dispatch()
#12 /home/latihtal/public_html/agregator1/src/framework/Middleware/Flash.php(85): Slim\Slim->call()
#13 /home/latihtal/public_html/agregator1/src/framework/Middleware/MethodOverride.php(92): Slim\Middleware\Flash->call()
#14 /home/latihtal/public_html/agregator1/src/middlewares/CsrfGuard/CsrfGuard.php(47): Slim\Middleware\MethodOverride->call()
#15 /home/latihtal/public_html/agregator1/src/framework/Middleware/PrettyExceptions.php(67): spark\middlewares\CsrfGuard\CsrfGuard->call()
#16 /home/latihtal/public_html/agregator1/src/framework/Slim.php(1308): Slim\Middleware\PrettyExceptions->call()
#17 /home/latihtal/public_html/agregator1/index.php(6): Slim\Slim->run()
#18 {main} [] []
[2025-03-24 10:52:41] SlimMonoLogger.INFO: Cron ran at: 24-03-2025 10:52:41 AM [] []
[2025-03-24 10:55:40] SlimMonoLogger.INFO: Cron ran at: 24-03-2025 10:55:40 AM [] []
[2025-03-24 11:00:43] SlimMonoLogger.INFO: Cron ran at: 24-03-2025 11:00:43 AM [] []
[2025-03-24 11:07:22] SlimMonoLogger.ERROR: Requests_Exception: cURL error 28: Failed to connect to antropol.mk port 443 after 129609 ms: Could not connect to server in /home/latihtal/public_html/agregator1/src/vendor/rmccue/requests/library/Requests/Transport/cURL.php:422
Stack trace:
#0 /home/latihtal/public_html/agregator1/src/vendor/rmccue/requests/library/Requests/Transport/cURL.php(177): Requests_Transport_cURL->process_response()
#1 /home/latihtal/public_html/agregator1/src/vendor/rmccue/requests/library/Requests.php(379): Requests_Transport_cURL->request()
#2 /home/latihtal/public_html/agregator1/src/vendor/rmccue/requests/library/Requests/Session.php(205): Requests::request()
#3 /home/latihtal/public_html/agregator1/src/vendor/rmccue/requests/library/Requests/Session.php(132): Requests_Session->request()
#4 /home/latihtal/public_html/agregator1/src/drivers/Http/RssImporter.php(144): Requests_Session->get()
#5 /home/latihtal/public_html/agregator1/src/controllers/Dashboard/DashboardFeedsController.php(534): spark\drivers\Http\RssImporter->fetchPosts()
#6 /home/latihtal/public_html/agregator1/src/controllers/Site/SiteController.php(722): spark\controllers\Dashboard\DashboardFeedsController::importFeedPosts()
#7 [internal function]: spark\controllers\Site\SiteController->runTasks()
#8 /home/latihtal/public_html/agregator1/src/framework/Route.php(173): call_user_func_array()
#9 [internal function]: Slim\Route->Slim\{closure}()
#10 /home/latihtal/public_html/agregator1/src/framework/Route.php(468): call_user_func_array()
#11 /home/latihtal/public_html/agregator1/src/framework/Slim.php(1364): Slim\Route->dispatch()
#12 /home/latihtal/public_html/agregator1/src/framework/Middleware/Flash.php(85): Slim\Slim->call()
#13 /home/latihtal/public_html/agregator1/src/framework/Middleware/MethodOverride.php(92): Slim\Middleware\Flash->call()
#14 /home/latihtal/public_html/agregator1/src/middlewares/CsrfGuard/CsrfGuard.php(47): Slim\Middleware\MethodOverride->call()
#15 /home/latihtal/public_html/agregator1/src/framework/Middleware/PrettyExceptions.php(67): spark\middlewares\CsrfGuard\CsrfGuard->call()
#16 /home/latihtal/public_html/agregator1/src/framework/Slim.php(1308): Slim\Middleware\PrettyExceptions->call()
#17 /home/latihtal/public_html/agregator1/index.php(6): Slim\Slim->run()
#18 {main} [] []
[2025-03-24 11:07:57] SlimMonoLogger.INFO: Cron ran at: 24-03-2025 11:07:57 AM [] []
[2025-03-24 11:10:29] SlimMonoLogger.INFO: Cron ran at: 24-03-2025 11:10:29 AM [] []
[2025-03-24 11:16:33] SlimMonoLogger.INFO: Cron ran at: 24-03-2025 11:16:33 AM [] []
[2025-03-24 11:20:35] SlimMonoLogger.INFO: Cron ran at: 24-03-2025 11:20:35 AM [] []
[2025-03-24 11:26:27] SlimMonoLogger.INFO: Cron ran at: 24-03-2025 11:26:27 AM [] []
[2025-03-24 11:30:36] SlimMonoLogger.INFO: Cron ran at: 24-03-2025 11:30:36 AM [] []
[2025-03-24 11:35:37] SlimMonoLogger.INFO: Cron ran at: 24-03-2025 11:35:37 AM [] []
[2025-03-24 11:42:23] SlimMonoLogger.ERROR: Requests_Exception: cURL error 28: Failed to connect to antropol.mk port 443 after 129194 ms: Could not connect to server in /home/latihtal/public_html/agregator1/src/vendor/rmccue/requests/library/Requests/Transport/cURL.php:422
Stack trace:
#0 /home/latihtal/public_html/agregator1/src/vendor/rmccue/requests/library/Requests/Transport/cURL.php(177): Requests_Transport_cURL->process_response()
#1 /home/latihtal/public_html/agregator1/src/vendor/rmccue/requests/library/Requests.php(379): Requests_Transport_cURL->request()
#2 /home/latihtal/public_html/agregator1/src/vendor/rmccue/requests/library/Requests/Session.php(205): Requests::request()
#3 /home/latihtal/public_html/agregator1/src/vendor/rmccue/requests/library/Requests/Session.php(132): Requests_Session->request()
#4 /home/latihtal/public_html/agregator1/src/drivers/Http/RssImporter.php(144): Requests_Session->get()
#5 /home/latihtal/public_html/agregator1/src/controllers/Dashboard/DashboardFeedsController.php(534): spark\drivers\Http\RssImporter->fetchPosts()
#6 /home/latihtal/public_html/agregator1/src/controllers/Site/SiteController.php(722): spark\controllers\Dashboard\DashboardFeedsController::importFeedPosts()
#7 [internal function]: spark\controllers\Site\SiteController->runTasks()
#8 /home/latihtal/public_html/agregator1/src/framework/Route.php(173): call_user_func_array()
#9 [internal function]: Slim\Route->Slim\{closure}()
#10 /home/latihtal/public_html/agregator1/src/framework/Route.php(468): call_user_func_array()
#11 /home/latihtal/public_html/agregator1/src/framework/Slim.php(1364): Slim\Route->dispatch()
#12 /home/latihtal/public_html/agregator1/src/framework/Middleware/Flash.php(85): Slim\Slim->call()
#13 /home/latihtal/public_html/agregator1/src/framework/Middleware/MethodOverride.php(92): Slim\Middleware\Flash->call()
#14 /home/latihtal/public_html/agregator1/src/middlewares/CsrfGuard/CsrfGuard.php(47): Slim\Middleware\MethodOverride->call()
#15 /home/latihtal/public_html/agregator1/src/framework/Middleware/PrettyExceptions.php(67): spark\middlewares\CsrfGuard\CsrfGuard->call()
#16 /home/latihtal/public_html/agregator1/src/framework/Slim.php(1308): Slim\Middleware\PrettyExceptions->call()
#17 /home/latihtal/public_html/agregator1/index.php(6): Slim\Slim->run()
#18 {main} [] []
[2025-03-24 11:42:40] SlimMonoLogger.INFO: Cron ran at: 24-03-2025 11:42:40 AM [] []
[2025-03-24 11:47:38] SlimMonoLogger.ERROR: Requests_Exception: cURL error 28: Failed to connect to antropol.mk port 443 after 128456 ms: Could not connect to server in /home/latihtal/public_html/agregator1/src/vendor/rmccue/requests/library/Requests/Transport/cURL.php:422
Stack trace:
#0 /home/latihtal/public_html/agregator1/src/vendor/rmccue/requests/library/Requests/Transport/cURL.php(177): Requests_Transport_cURL->process_response()
#1 /home/latihtal/public_html/agregator1/src/vendor/rmccue/requests/library/Requests.php(379): Requests_Transport_cURL->request()
#2 /home/latihtal/public_html/agregator1/src/vendor/rmccue/requests/library/Requests/Session.php(205): Requests::request()
#3 /home/latihtal/public_html/agregator1/src/vendor/rmccue/requests/library/Requests/Session.php(132): Requests_Session->request()
#4 /home/latihtal/public_html/agregator1/src/drivers/Http/RssImporter.php(144): Requests_Session->get()
#5 /home/latihtal/public_html/agregator1/src/controllers/Dashboard/DashboardFeedsController.php(534): spark\drivers\Http\RssImporter->fetchPosts()
#6 /home/latihtal/public_html/agregator1/src/controllers/Site/SiteController.php(722): spark\controllers\Dashboard\DashboardFeedsController::importFeedPosts()
#7 [internal function]: spark\controllers\Site\SiteController->runTasks()
#8 /home/latihtal/public_html/agregator1/src/framework/Route.php(173): call_user_func_array()
#9 [internal function]: Slim\Route->Slim\{closure}()
#10 /home/latihtal/public_html/agregator1/src/framework/Route.php(468): call_user_func_array()
#11 /home/latihtal/public_html/agregator1/src/framework/Slim.php(1364): Slim\Route->dispatch()
#12 /home/latihtal/public_html/agregator1/src/framework/Middleware/Flash.php(85): Slim\Slim->call()
#13 /home/latihtal/public_html/agregator1/src/framework/Middleware/MethodOverride.php(92): Slim\Middleware\Flash->call()
#14 /home/latihtal/public_html/agregator1/src/middlewares/CsrfGuard/CsrfGuard.php(47): Slim\Middleware\MethodOverride->call()
#15 /home/latihtal/public_html/agregator1/src/framework/Middleware/PrettyExceptions.php(67): spark\middlewares\CsrfGuard\CsrfGuard->call()
#16 /home/latihtal/public_html/agregator1/src/framework/Slim.php(1308): Slim\Middleware\PrettyExceptions->call()
#17 /home/latihtal/public_html/agregator1/index.php(6): Slim\Slim->run()
#18 {main} [] []
[2025-03-24 11:47:54] SlimMonoLogger.INFO: Cron ran at: 24-03-2025 11:47:54 AM [] []
[2025-03-24 11:50:32] SlimMonoLogger.INFO: Cron ran at: 24-03-2025 11:50:32 AM [] []
[2025-03-24 11:55:34] SlimMonoLogger.INFO: Cron ran at: 24-03-2025 11:55:34 AM [] []
[2025-03-24 12:00:34] SlimMonoLogger.INFO: Cron ran at: 24-03-2025 12:00:34 PM [] []
[2025-03-24 12:05:42] SlimMonoLogger.INFO: Cron ran at: 24-03-2025 12:05:42 PM [] []
[2025-03-24 12:10:53] SlimMonoLogger.INFO: Cron ran at: 24-03-2025 12:10:53 PM [] []
[2025-03-24 12:15:40] SlimMonoLogger.INFO: Cron ran at: 24-03-2025 12:15:40 PM [] []
[2025-03-24 12:20:43] SlimMonoLogger.INFO: Cron ran at: 24-03-2025 12:20:43 PM [] []
[2025-03-24 12:25:48] SlimMonoLogger.INFO: Cron ran at: 24-03-2025 12:25:48 PM [] []
[2025-03-24 12:31:24] SlimMonoLogger.INFO: Cron ran at: 24-03-2025 12:31:24 PM [] []
[2025-03-24 12:35:34] SlimMonoLogger.INFO: Cron ran at: 24-03-2025 12:35:34 PM [] []
[2025-03-24 12:41:41] SlimMonoLogger.INFO: Cron ran at: 24-03-2025 12:41:41 PM [] []
[2025-03-24 12:45:34] SlimMonoLogger.INFO: Cron ran at: 24-03-2025 12:45:34 PM [] []
[2025-03-24 12:50:33] SlimMonoLogger.INFO: Cron ran at: 24-03-2025 12:50:33 PM [] []
[2025-03-24 12:57:24] SlimMonoLogger.ERROR: Requests_Exception: cURL error 28: Failed to connect to antropol.mk port 443 after 132287 ms: Could not connect to server in /home/latihtal/public_html/agregator1/src/vendor/rmccue/requests/library/Requests/Transport/cURL.php:422
Stack trace:
#0 /home/latihtal/public_html/agregator1/src/vendor/rmccue/requests/library/Requests/Transport/cURL.php(177): Requests_Transport_cURL->process_response()
#1 /home/latihtal/public_html/agregator1/src/vendor/rmccue/requests/library/Requests.php(379): Requests_Transport_cURL->request()
#2 /home/latihtal/public_html/agregator1/src/vendor/rmccue/requests/library/Requests/Session.php(205): Requests::request()
#3 /home/latihtal/public_html/agregator1/src/vendor/rmccue/requests/library/Requests/Session.php(132): Requests_Session->request()
#4 /home/latihtal/public_html/agregator1/src/drivers/Http/RssImporter.php(144): Requests_Session->get()
#5 /home/latihtal/public_html/agregator1/src/controllers/Dashboard/DashboardFeedsController.php(534): spark\drivers\Http\RssImporter->fetchPosts()
#6 /home/latihtal/public_html/agregator1/src/controllers/Site/SiteController.php(722): spark\controllers\Dashboard\DashboardFeedsController::importFeedPosts()
#7 [internal function]: spark\controllers\Site\SiteController->runTasks()
#8 /home/latihtal/public_html/agregator1/src/framework/Route.php(173): call_user_func_array()
#9 [internal function]: Slim\Route->Slim\{closure}()
#10 /home/latihtal/public_html/agregator1/src/framework/Route.php(468): call_user_func_array()
#11 /home/latihtal/public_html/agregator1/src/framework/Slim.php(1364): Slim\Route->dispatch()
#12 /home/latihtal/public_html/agregator1/src/framework/Middleware/Flash.php(85): Slim\Slim->call()
#13 /home/latihtal/public_html/agregator1/src/framework/Middleware/MethodOverride.php(92): Slim\Middleware\Flash->call()
#14 /home/latihtal/public_html/agregator1/src/middlewares/CsrfGuard/CsrfGuard.php(47): Slim\Middleware\MethodOverride->call()
#15 /home/latihtal/public_html/agregator1/src/framework/Middleware/PrettyExceptions.php(67): spark\middlewares\CsrfGuard\CsrfGuard->call()
#16 /home/latihtal/public_html/agregator1/src/framework/Slim.php(1308): Slim\Middleware\PrettyExceptions->call()
#17 /home/latihtal/public_html/agregator1/index.php(6): Slim\Slim->run()
#18 {main} [] []
[2025-03-24 12:57:41] SlimMonoLogger.INFO: Cron ran at: 24-03-2025 12:57:41 PM [] []
[2025-03-24 13:00:34] SlimMonoLogger.INFO: Cron ran at: 24-03-2025 01:00:34 PM [] []
[2025-03-24 13:05:35] SlimMonoLogger.INFO: Cron ran at: 24-03-2025 01:05:35 PM [] []
[2025-03-24 13:10:31] SlimMonoLogger.INFO: Cron ran at: 24-03-2025 01:10:31 PM [] []
[2025-03-24 13:15:33] SlimMonoLogger.INFO: Cron ran at: 24-03-2025 01:15:33 PM [] []
[2025-03-24 13:20:27] SlimMonoLogger.INFO: Cron ran at: 24-03-2025 01:20:27 PM [] []
[2025-03-24 13:25:35] SlimMonoLogger.INFO: Cron ran at: 24-03-2025 01:25:35 PM [] []
[2025-03-24 13:30:33] SlimMonoLogger.INFO: Cron ran at: 24-03-2025 01:30:33 PM [] []
[2025-03-24 13:35:34] SlimMonoLogger.INFO: Cron ran at: 24-03-2025 01:35:34 PM [] []
[2025-03-24 13:40:30] SlimMonoLogger.INFO: Cron ran at: 24-03-2025 01:40:30 PM [] []
[2025-03-24 13:45:38] SlimMonoLogger.INFO: Cron ran at: 24-03-2025 01:45:38 PM [] []
[2025-03-24 13:50:38] SlimMonoLogger.INFO: Cron ran at: 24-03-2025 01:50:38 PM [] []
[2025-03-24 13:55:27] SlimMonoLogger.INFO: Cron ran at: 24-03-2025 01:55:27 PM [] []
[2025-03-24 14:00:27] SlimMonoLogger.INFO: Cron ran at: 24-03-2025 02:00:27 PM [] []
[2025-03-24 14:05:25] SlimMonoLogger.INFO: Cron ran at: 24-03-2025 02:05:25 PM [] []
[2025-03-24 14:10:33] SlimMonoLogger.INFO: Cron ran at: 24-03-2025 02:10:33 PM [] []
[2025-03-24 14:15:45] SlimMonoLogger.INFO: Cron ran at: 24-03-2025 02:15:45 PM [] []
[2025-03-24 14:20:31] SlimMonoLogger.INFO: Cron ran at: 24-03-2025 02:20:31 PM [] []
[2025-03-24 14:25:30] SlimMonoLogger.INFO: Cron ran at: 24-03-2025 02:25:30 PM [] []
[2025-03-24 14:30:34] SlimMonoLogger.INFO: Cron ran at: 24-03-2025 02:30:34 PM [] []
[2025-03-24 14:35:35] SlimMonoLogger.INFO: Cron ran at: 24-03-2025 02:35:35 PM [] []
[2025-03-24 14:40:30] SlimMonoLogger.INFO: Cron ran at: 24-03-2025 02:40:30 PM [] []
[2025-03-24 14:45:35] SlimMonoLogger.INFO: Cron ran at: 24-03-2025 02:45:35 PM [] []
[2025-03-24 14:50:32] SlimMonoLogger.INFO: Cron ran at: 24-03-2025 02:50:32 PM [] []
[2025-03-24 14:55:30] SlimMonoLogger.INFO: Cron ran at: 24-03-2025 02:55:30 PM [] []
[2025-03-24 15:00:37] SlimMonoLogger.INFO: Cron ran at: 24-03-2025 03:00:37 PM [] []
[2025-03-24 15:05:29] SlimMonoLogger.INFO: Cron ran at: 24-03-2025 03:05:29 PM [] []
[2025-03-24 15:10:36] SlimMonoLogger.INFO: Cron ran at: 24-03-2025 03:10:36 PM [] []
[2025-03-24 15:15:31] SlimMonoLogger.INFO: Cron ran at: 24-03-2025 03:15:31 PM [] []
[2025-03-24 15:20:33] SlimMonoLogger.INFO: Cron ran at: 24-03-2025 03:20:33 PM [] []
[2025-03-24 15:25:33] SlimMonoLogger.INFO: Cron ran at: 24-03-2025 03:25:33 PM [] []
[2025-03-24 15:30:33] SlimMonoLogger.INFO: Cron ran at: 24-03-2025 03:30:33 PM [] []
[2025-03-24 15:35:38] SlimMonoLogger.INFO: Cron ran at: 24-03-2025 03:35:38 PM [] []
[2025-03-24 15:40:30] SlimMonoLogger.INFO: Cron ran at: 24-03-2025 03:40:30 PM [] []
[2025-03-24 15:45:35] SlimMonoLogger.INFO: Cron ran at: 24-03-2025 03:45:35 PM [] []
[2025-03-24 15:50:28] SlimMonoLogger.INFO: Cron ran at: 24-03-2025 03:50:28 PM [] []
[2025-03-24 15:59:17] SlimMonoLogger.INFO: Cron ran at: 24-03-2025 03:59:17 PM [] []
[2025-03-24 16:01:24] SlimMonoLogger.INFO: Cron ran at: 24-03-2025 04:01:24 PM [] []
[2025-03-24 16:05:53] SlimMonoLogger.INFO: Cron ran at: 24-03-2025 04:05:53 PM [] []
[2025-03-24 16:10:35] SlimMonoLogger.INFO: Cron ran at: 24-03-2025 04:10:35 PM [] []
[2025-03-24 16:15:28] SlimMonoLogger.INFO: Cron ran at: 24-03-2025 04:15:28 PM [] []
[2025-03-24 16:20:32] SlimMonoLogger.INFO: Cron ran at: 24-03-2025 04:20:32 PM [] []
[2025-03-24 16:25:31] SlimMonoLogger.INFO: Cron ran at: 24-03-2025 04:25:31 PM [] []
[2025-03-24 16:31:04] SlimMonoLogger.INFO: Cron ran at: 24-03-2025 04:31:04 PM [] []
[2025-03-24 16:35:37] SlimMonoLogger.INFO: Cron ran at: 24-03-2025 04:35:37 PM [] []
[2025-03-24 16:40:31] SlimMonoLogger.INFO: Cron ran at: 24-03-2025 04:40:31 PM [] []
[2025-03-24 16:45:25] SlimMonoLogger.INFO: Cron ran at: 24-03-2025 04:45:25 PM [] []
[2025-03-24 16:50:39] SlimMonoLogger.INFO: Cron ran at: 24-03-2025 04:50:39 PM [] []
[2025-03-24 16:55:36] SlimMonoLogger.INFO: Cron ran at: 24-03-2025 04:55:36 PM [] []
[2025-03-24 17:00:35] SlimMonoLogger.INFO: Cron ran at: 24-03-2025 05:00:35 PM [] []
[2025-03-24 17:05:32] SlimMonoLogger.INFO: Cron ran at: 24-03-2025 05:05:32 PM [] []
[2025-03-24 17:10:32] SlimMonoLogger.INFO: Cron ran at: 24-03-2025 05:10:32 PM [] []
[2025-03-24 17:15:32] SlimMonoLogger.INFO: Cron ran at: 24-03-2025 05:15:32 PM [] []
[2025-03-24 17:20:34] SlimMonoLogger.INFO: Cron ran at: 24-03-2025 05:20:34 PM [] []
[2025-03-24 17:25:39] SlimMonoLogger.INFO: Cron ran at: 24-03-2025 05:25:39 PM [] []
[2025-03-24 17:30:36] SlimMonoLogger.INFO: Cron ran at: 24-03-2025 05:30:36 PM [] []
[2025-03-24 17:35:31] SlimMonoLogger.INFO: Cron ran at: 24-03-2025 05:35:31 PM [] []
[2025-03-24 17:40:42] SlimMonoLogger.INFO: Cron ran at: 24-03-2025 05:40:42 PM [] []
[2025-03-24 17:45:33] SlimMonoLogger.INFO: Cron ran at: 24-03-2025 05:45:33 PM [] []
[2025-03-24 17:50:32] SlimMonoLogger.INFO: Cron ran at: 24-03-2025 05:50:32 PM [] []
[2025-03-24 17:55:33] SlimMonoLogger.INFO: Cron ran at: 24-03-2025 05:55:33 PM [] []
[2025-03-24 18:00:30] SlimMonoLogger.INFO: Cron ran at: 24-03-2025 06:00:30 PM [] []
[2025-03-24 18:05:42] SlimMonoLogger.INFO: Cron ran at: 24-03-2025 06:05:42 PM [] []
[2025-03-24 18:10:30] SlimMonoLogger.INFO: Cron ran at: 24-03-2025 06:10:30 PM [] []
[2025-03-24 18:15:29] SlimMonoLogger.INFO: Cron ran at: 24-03-2025 06:15:29 PM [] []
[2025-03-24 18:20:29] SlimMonoLogger.INFO: Cron ran at: 24-03-2025 06:20:29 PM [] []
[2025-03-24 18:25:31] SlimMonoLogger.INFO: Cron ran at: 24-03-2025 06:25:31 PM [] []
[2025-03-24 18:30:32] SlimMonoLogger.INFO: Cron ran at: 24-03-2025 06:30:32 PM [] []
[2025-03-24 18:35:29] SlimMonoLogger.INFO: Cron ran at: 24-03-2025 06:35:29 PM [] []
[2025-03-24 18:40:29] SlimMonoLogger.INFO: Cron ran at: 24-03-2025 06:40:29 PM [] []
[2025-03-24 18:45:31] SlimMonoLogger.INFO: Cron ran at: 24-03-2025 06:45:31 PM [] []
[2025-03-24 18:50:31] SlimMonoLogger.INFO: Cron ran at: 24-03-2025 06:50:31 PM [] []
[2025-03-24 18:55:39] SlimMonoLogger.INFO: Cron ran at: 24-03-2025 06:55:39 PM [] []
[2025-03-24 19:00:33] SlimMonoLogger.INFO: Cron ran at: 24-03-2025 07:00:33 PM [] []
[2025-03-24 19:05:36] SlimMonoLogger.INFO: Cron ran at: 24-03-2025 07:05:36 PM [] []
[2025-03-24 19:10:34] SlimMonoLogger.INFO: Cron ran at: 24-03-2025 07:10:34 PM [] []
[2025-03-24 19:15:44] SlimMonoLogger.INFO: Cron ran at: 24-03-2025 07:15:44 PM [] []
[2025-03-24 19:20:45] SlimMonoLogger.INFO: Cron ran at: 24-03-2025 07:20:45 PM [] []
[2025-03-24 19:25:36] SlimMonoLogger.INFO: Cron ran at: 24-03-2025 07:25:36 PM [] []
[2025-03-24 19:30:47] SlimMonoLogger.INFO: Cron ran at: 24-03-2025 07:30:47 PM [] []
[2025-03-24 19:35:42] SlimMonoLogger.INFO: Cron ran at: 24-03-2025 07:35:42 PM [] []
[2025-03-24 19:41:19] SlimMonoLogger.INFO: Cron ran at: 24-03-2025 07:41:19 PM [] []
[2025-03-24 19:45:54] SlimMonoLogger.INFO: Cron ran at: 24-03-2025 07:45:54 PM [] []
[2025-03-24 19:50:41] SlimMonoLogger.INFO: Cron ran at: 24-03-2025 07:50:41 PM [] []
[2025-03-24 19:56:05] SlimMonoLogger.INFO: Cron ran at: 24-03-2025 07:56:05 PM [] []
[2025-03-24 20:00:52] SlimMonoLogger.INFO: Cron ran at: 24-03-2025 08:00:52 PM [] []
[2025-03-24 20:06:09] SlimMonoLogger.INFO: Cron ran at: 24-03-2025 08:06:09 PM [] []
[2025-03-24 20:10:54] SlimMonoLogger.INFO: Cron ran at: 24-03-2025 08:10:54 PM [] []
[2025-03-24 20:15:51] SlimMonoLogger.INFO: Cron ran at: 24-03-2025 08:15:51 PM [] []
[2025-03-24 20:21:13] SlimMonoLogger.INFO: Cron ran at: 24-03-2025 08:21:13 PM [] []
[2025-03-24 20:25:54] SlimMonoLogger.INFO: Cron ran at: 24-03-2025 08:25:54 PM [] []
[2025-03-24 20:31:09] SlimMonoLogger.INFO: Cron ran at: 24-03-2025 08:31:09 PM [] []
[2025-03-24 20:35:51] SlimMonoLogger.INFO: Cron ran at: 24-03-2025 08:35:51 PM [] []
[2025-03-24 20:40:52] SlimMonoLogger.INFO: Cron ran at: 24-03-2025 08:40:52 PM [] []
[2025-03-24 20:45:30] SlimMonoLogger.INFO: Cron ran at: 24-03-2025 08:45:30 PM [] []
[2025-03-24 20:50:36] SlimMonoLogger.INFO: Cron ran at: 24-03-2025 08:50:36 PM [] []
[2025-03-24 20:55:34] SlimMonoLogger.INFO: Cron ran at: 24-03-2025 08:55:34 PM [] []
[2025-03-24 21:00:47] SlimMonoLogger.INFO: Cron ran at: 24-03-2025 09:00:47 PM [] []
[2025-03-24 21:05:37] SlimMonoLogger.INFO: Cron ran at: 24-03-2025 09:05:37 PM [] []
[2025-03-24 21:10:40] SlimMonoLogger.INFO: Cron ran at: 24-03-2025 09:10:40 PM [] []
[2025-03-24 21:15:40] SlimMonoLogger.INFO: Cron ran at: 24-03-2025 09:15:40 PM [] []
[2025-03-24 21:20:37] SlimMonoLogger.INFO: Cron ran at: 24-03-2025 09:20:37 PM [] []
[2025-03-24 21:25:39] SlimMonoLogger.INFO: Cron ran at: 24-03-2025 09:25:39 PM [] []
[2025-03-24 21:30:37] SlimMonoLogger.INFO: Cron ran at: 24-03-2025 09:30:37 PM [] []
[2025-03-24 21:35:59] SlimMonoLogger.INFO: Cron ran at: 24-03-2025 09:35:59 PM [] []
[2025-03-24 21:42:31] SlimMonoLogger.ERROR: Requests_Exception: cURL error 28: Failed to connect to antropol.mk port 443 after 131488 ms: Could not connect to server in /home/latihtal/public_html/agregator1/src/vendor/rmccue/requests/library/Requests/Transport/cURL.php:422
Stack trace:
#0 /home/latihtal/public_html/agregator1/src/vendor/rmccue/requests/library/Requests/Transport/cURL.php(177): Requests_Transport_cURL->process_response()
#1 /home/latihtal/public_html/agregator1/src/vendor/rmccue/requests/library/Requests.php(379): Requests_Transport_cURL->request()
#2 /home/latihtal/public_html/agregator1/src/vendor/rmccue/requests/library/Requests/Session.php(205): Requests::request()
#3 /home/latihtal/public_html/agregator1/src/vendor/rmccue/requests/library/Requests/Session.php(132): Requests_Session->request()
#4 /home/latihtal/public_html/agregator1/src/drivers/Http/RssImporter.php(144): Requests_Session->get()
#5 /home/latihtal/public_html/agregator1/src/controllers/Dashboard/DashboardFeedsController.php(534): spark\drivers\Http\RssImporter->fetchPosts()
#6 /home/latihtal/public_html/agregator1/src/controllers/Site/SiteController.php(722): spark\controllers\Dashboard\DashboardFeedsController::importFeedPosts()
#7 [internal function]: spark\controllers\Site\SiteController->runTasks()
#8 /home/latihtal/public_html/agregator1/src/framework/Route.php(173): call_user_func_array()
#9 [internal function]: Slim\Route->Slim\{closure}()
#10 /home/latihtal/public_html/agregator1/src/framework/Route.php(468): call_user_func_array()
#11 /home/latihtal/public_html/agregator1/src/framework/Slim.php(1364): Slim\Route->dispatch()
#12 /home/latihtal/public_html/agregator1/src/framework/Middleware/Flash.php(85): Slim\Slim->call()
#13 /home/latihtal/public_html/agregator1/src/framework/Middleware/MethodOverride.php(92): Slim\Middleware\Flash->call()
#14 /home/latihtal/public_html/agregator1/src/middlewares/CsrfGuard/CsrfGuard.php(47): Slim\Middleware\MethodOverride->call()
#15 /home/latihtal/public_html/agregator1/src/framework/Middleware/PrettyExceptions.php(67): spark\middlewares\CsrfGuard\CsrfGuard->call()
#16 /home/latihtal/public_html/agregator1/src/framework/Slim.php(1308): Slim\Middleware\PrettyExceptions->call()
#17 /home/latihtal/public_html/agregator1/index.php(6): Slim\Slim->run()
#18 {main} [] []
[2025-03-24 21:42:53] SlimMonoLogger.INFO: Cron ran at: 24-03-2025 09:42:53 PM [] []
[2025-03-24 21:45:40] SlimMonoLogger.INFO: Cron ran at: 24-03-2025 09:45:40 PM [] []
[2025-03-24 21:50:39] SlimMonoLogger.INFO: Cron ran at: 24-03-2025 09:50:39 PM [] []
[2025-03-24 21:55:44] SlimMonoLogger.INFO: Cron ran at: 24-03-2025 09:55:44 PM [] []
[2025-03-24 22:01:10] SlimMonoLogger.INFO: Cron ran at: 24-03-2025 10:01:10 PM [] []
[2025-03-24 22:05:52] SlimMonoLogger.INFO: Cron ran at: 24-03-2025 10:05:52 PM [] []
[2025-03-24 22:10:37] SlimMonoLogger.INFO: Cron ran at: 24-03-2025 10:10:37 PM [] []
[2025-03-24 22:15:32] SlimMonoLogger.INFO: Cron ran at: 24-03-2025 10:15:32 PM [] []
[2025-03-24 22:20:34] SlimMonoLogger.INFO: Cron ran at: 24-03-2025 10:20:34 PM [] []
[2025-03-24 22:25:31] SlimMonoLogger.INFO: Cron ran at: 24-03-2025 10:25:31 PM [] []
[2025-03-24 22:30:44] SlimMonoLogger.INFO: Cron ran at: 24-03-2025 10:30:44 PM [] []
[2025-03-24 22:35:49] SlimMonoLogger.INFO: Cron ran at: 24-03-2025 10:35:49 PM [] []
[2025-03-24 22:40:41] SlimMonoLogger.INFO: Cron ran at: 24-03-2025 10:40:41 PM [] []
[2025-03-24 22:45:32] SlimMonoLogger.INFO: Cron ran at: 24-03-2025 10:45:32 PM [] []
[2025-03-24 22:50:34] SlimMonoLogger.INFO: Cron ran at: 24-03-2025 10:50:34 PM [] []
[2025-03-24 22:55:29] SlimMonoLogger.INFO: Cron ran at: 24-03-2025 10:55:29 PM [] []
[2025-03-24 23:00:33] SlimMonoLogger.INFO: Cron ran at: 24-03-2025 11:00:33 PM [] []
[2025-03-24 23:05:27] SlimMonoLogger.INFO: Cron ran at: 24-03-2025 11:05:27 PM [] []
[2025-03-24 23:10:30] SlimMonoLogger.INFO: Cron ran at: 24-03-2025 11:10:30 PM [] []
[2025-03-24 23:15:34] SlimMonoLogger.INFO: Cron ran at: 24-03-2025 11:15:34 PM [] []
[2025-03-24 23:20:27] SlimMonoLogger.INFO: Cron ran at: 24-03-2025 11:20:27 PM [] []
[2025-03-24 23:25:29] SlimMonoLogger.INFO: Cron ran at: 24-03-2025 11:25:29 PM [] []
[2025-03-24 23:30:28] SlimMonoLogger.INFO: Cron ran at: 24-03-2025 11:30:28 PM [] []
[2025-03-24 23:35:26] SlimMonoLogger.INFO: Cron ran at: 24-03-2025 11:35:26 PM [] []
[2025-03-24 23:40:27] SlimMonoLogger.INFO: Cron ran at: 24-03-2025 11:40:27 PM [] []
[2025-03-24 23:45:29] SlimMonoLogger.INFO: Cron ran at: 24-03-2025 11:45:29 PM [] []
[2025-03-24 23:50:28] SlimMonoLogger.INFO: Cron ran at: 24-03-2025 11:50:28 PM [] []
[2025-03-24 23:55:35] SlimMonoLogger.INFO: Cron ran at: 24-03-2025 11:55:35 PM [] []
[2025-03-25 00:00:38] SlimMonoLogger.INFO: Cron ran at: 25-03-2025 12:00:38 AM [] []
[2025-03-25 00:05:30] SlimMonoLogger.INFO: Cron ran at: 25-03-2025 12:05:30 AM [] []
[2025-03-25 00:10:33] SlimMonoLogger.INFO: Cron ran at: 25-03-2025 12:10:33 AM [] []
[2025-03-25 00:15:30] SlimMonoLogger.INFO: Cron ran at: 25-03-2025 12:15:30 AM [] []
[2025-03-25 00:20:30] SlimMonoLogger.INFO: Cron ran at: 25-03-2025 12:20:30 AM [] []
[2025-03-25 00:25:26] SlimMonoLogger.INFO: Cron ran at: 25-03-2025 12:25:26 AM [] []
[2025-03-25 00:30:35] SlimMonoLogger.INFO: Cron ran at: 25-03-2025 12:30:35 AM [] []
[2025-03-25 00:37:21] SlimMonoLogger.ERROR: Requests_Exception: cURL error 28: Failed to connect to antropol.mk port 443 after 128909 ms: Could not connect to server in /home/latihtal/public_html/agregator1/src/vendor/rmccue/requests/library/Requests/Transport/cURL.php:422
Stack trace:
#0 /home/latihtal/public_html/agregator1/src/vendor/rmccue/requests/library/Requests/Transport/cURL.php(177): Requests_Transport_cURL->process_response()
#1 /home/latihtal/public_html/agregator1/src/vendor/rmccue/requests/library/Requests.php(379): Requests_Transport_cURL->request()
#2 /home/latihtal/public_html/agregator1/src/vendor/rmccue/requests/library/Requests/Session.php(205): Requests::request()
#3 /home/latihtal/public_html/agregator1/src/vendor/rmccue/requests/library/Requests/Session.php(132): Requests_Session->request()
#4 /home/latihtal/public_html/agregator1/src/drivers/Http/RssImporter.php(144): Requests_Session->get()
#5 /home/latihtal/public_html/agregator1/src/controllers/Dashboard/DashboardFeedsController.php(534): spark\drivers\Http\RssImporter->fetchPosts()
#6 /home/latihtal/public_html/agregator1/src/controllers/Site/SiteController.php(722): spark\controllers\Dashboard\DashboardFeedsController::importFeedPosts()
#7 [internal function]: spark\controllers\Site\SiteController->runTasks()
#8 /home/latihtal/public_html/agregator1/src/framework/Route.php(173): call_user_func_array()
#9 [internal function]: Slim\Route->Slim\{closure}()
#10 /home/latihtal/public_html/agregator1/src/framework/Route.php(468): call_user_func_array()
#11 /home/latihtal/public_html/agregator1/src/framework/Slim.php(1364): Slim\Route->dispatch()
#12 /home/latihtal/public_html/agregator1/src/framework/Middleware/Flash.php(85): Slim\Slim->call()
#13 /home/latihtal/public_html/agregator1/src/framework/Middleware/MethodOverride.php(92): Slim\Middleware\Flash->call()
#14 /home/latihtal/public_html/agregator1/src/middlewares/CsrfGuard/CsrfGuard.php(47): Slim\Middleware\MethodOverride->call()
#15 /home/latihtal/public_html/agregator1/src/framework/Middleware/PrettyExceptions.php(67): spark\middlewares\CsrfGuard\CsrfGuard->call()
#16 /home/latihtal/public_html/agregator1/src/framework/Slim.php(1308): Slim\Middleware\PrettyExceptions->call()
#17 /home/latihtal/public_html/agregator1/index.php(6): Slim\Slim->run()
#18 {main} [] []
[2025-03-25 00:37:37] SlimMonoLogger.INFO: Cron ran at: 25-03-2025 12:37:37 AM [] []
[2025-03-25 00:42:24] SlimMonoLogger.ERROR: Requests_Exception: cURL error 28: Failed to connect to antropol.mk port 443 after 128401 ms: Could not connect to server in /home/latihtal/public_html/agregator1/src/vendor/rmccue/requests/library/Requests/Transport/cURL.php:422
Stack trace:
#0 /home/latihtal/public_html/agregator1/src/vendor/rmccue/requests/library/Requests/Transport/cURL.php(177): Requests_Transport_cURL->process_response()
#1 /home/latihtal/public_html/agregator1/src/vendor/rmccue/requests/library/Requests.php(379): Requests_Transport_cURL->request()
#2 /home/latihtal/public_html/agregator1/src/vendor/rmccue/requests/library/Requests/Session.php(205): Requests::request()
#3 /home/latihtal/public_html/agregator1/src/vendor/rmccue/requests/library/Requests/Session.php(132): Requests_Session->request()
#4 /home/latihtal/public_html/agregator1/src/drivers/Http/RssImporter.php(144): Requests_Session->get()
#5 /home/latihtal/public_html/agregator1/src/controllers/Dashboard/DashboardFeedsController.php(534): spark\drivers\Http\RssImporter->fetchPosts()
#6 /home/latihtal/public_html/agregator1/src/controllers/Site/SiteController.php(722): spark\controllers\Dashboard\DashboardFeedsController::importFeedPosts()
#7 [internal function]: spark\controllers\Site\SiteController->runTasks()
#8 /home/latihtal/public_html/agregator1/src/framework/Route.php(173): call_user_func_array()
#9 [internal function]: Slim\Route->Slim\{closure}()
#10 /home/latihtal/public_html/agregator1/src/framework/Route.php(468): call_user_func_array()
#11 /home/latihtal/public_html/agregator1/src/framework/Slim.php(1364): Slim\Route->dispatch()
#12 /home/latihtal/public_html/agregator1/src/framework/Middleware/Flash.php(85): Slim\Slim->call()
#13 /home/latihtal/public_html/agregator1/src/framework/Middleware/MethodOverride.php(92): Slim\Middleware\Flash->call()
#14 /home/latihtal/public_html/agregator1/src/middlewares/CsrfGuard/CsrfGuard.php(47): Slim\Middleware\MethodOverride->call()
#15 /home/latihtal/public_html/agregator1/src/framework/Middleware/PrettyExceptions.php(67): spark\middlewares\CsrfGuard\CsrfGuard->call()
#16 /home/latihtal/public_html/agregator1/src/framework/Slim.php(1308): Slim\Middleware\PrettyExceptions->call()
#17 /home/latihtal/public_html/agregator1/index.php(6): Slim\Slim->run()
#18 {main} [] []
[2025-03-25 00:42:39] SlimMonoLogger.INFO: Cron ran at: 25-03-2025 12:42:39 AM [] []
[2025-03-25 00:45:34] SlimMonoLogger.INFO: Cron ran at: 25-03-2025 12:45:34 AM [] []
[2025-03-25 00:50:30] SlimMonoLogger.INFO: Cron ran at: 25-03-2025 12:50:30 AM [] []
[2025-03-25 00:55:33] SlimMonoLogger.INFO: Cron ran at: 25-03-2025 12:55:33 AM [] []
