[2025-03-25 01:00:30] SlimMonoLogger.INFO: Cron ran at: 25-03-2025 01:00:30 AM [] []
[2025-03-25 01:05:25] SlimMonoLogger.INFO: Cron ran at: 25-03-2025 01:05:25 AM [] []
[2025-03-25 01:10:25] SlimMonoLogger.INFO: Cron ran at: 25-03-2025 01:10:25 AM [] []
[2025-03-25 01:15:33] SlimMonoLogger.INFO: Cron ran at: 25-03-2025 01:15:33 AM [] []
[2025-03-25 01:20:35] SlimMonoLogger.INFO: Cron ran at: 25-03-2025 01:20:35 AM [] []
[2025-03-25 01:25:25] SlimMonoLogger.INFO: Cron ran at: 25-03-2025 01:25:25 AM [] []
[2025-03-25 01:30:27] SlimMonoLogger.INFO: Cron ran at: 25-03-2025 01:30:27 AM [] []
[2025-03-25 01:35:26] SlimMonoLogger.INFO: Cron ran at: 25-03-2025 01:35:26 AM [] []
[2025-03-25 01:40:24] SlimMonoLogger.INFO: Cron ran at: 25-03-2025 01:40:24 AM [] []
[2025-03-25 01:45:28] SlimMonoLogger.INFO: Cron ran at: 25-03-2025 01:45:28 AM [] []
[2025-03-25 01:50:32] SlimMonoLogger.INFO: Cron ran at: 25-03-2025 01:50:32 AM [] []
[2025-03-25 01:55:36] SlimMonoLogger.INFO: Cron ran at: 25-03-2025 01:55:36 AM [] []
[2025-03-25 02:00:27] SlimMonoLogger.INFO: Cron ran at: 25-03-2025 02:00:27 AM [] []
[2025-03-25 02:05:26] SlimMonoLogger.INFO: Cron ran at: 25-03-2025 02:05:26 AM [] []
[2025-03-25 02:10:24] SlimMonoLogger.INFO: Cron ran at: 25-03-2025 02:10:24 AM [] []
[2025-03-25 02:15:27] SlimMonoLogger.INFO: Cron ran at: 25-03-2025 02:15:27 AM [] []
[2025-03-25 02:20:29] SlimMonoLogger.INFO: Cron ran at: 25-03-2025 02:20:29 AM [] []
[2025-03-25 02:25:28] SlimMonoLogger.INFO: Cron ran at: 25-03-2025 02:25:28 AM [] []
[2025-03-25 02:30:26] SlimMonoLogger.INFO: Cron ran at: 25-03-2025 02:30:26 AM [] []
[2025-03-25 02:35:26] SlimMonoLogger.INFO: Cron ran at: 25-03-2025 02:35:26 AM [] []
[2025-03-25 02:40:26] SlimMonoLogger.INFO: Cron ran at: 25-03-2025 02:40:26 AM [] []
[2025-03-25 02:45:36] SlimMonoLogger.INFO: Cron ran at: 25-03-2025 02:45:36 AM [] []
[2025-03-25 02:50:27] SlimMonoLogger.INFO: Cron ran at: 25-03-2025 02:50:27 AM [] []
[2025-03-25 02:55:36] SlimMonoLogger.INFO: Cron ran at: 25-03-2025 02:55:36 AM [] []
[2025-03-25 03:00:42] SlimMonoLogger.INFO: Cron ran at: 25-03-2025 03:00:42 AM [] []
[2025-03-25 03:05:35] SlimMonoLogger.INFO: Cron ran at: 25-03-2025 03:05:35 AM [] []
[2025-03-25 03:10:25] SlimMonoLogger.INFO: Cron ran at: 25-03-2025 03:10:25 AM [] []
[2025-03-25 03:15:33] SlimMonoLogger.INFO: Cron ran at: 25-03-2025 03:15:33 AM [] []
[2025-03-25 03:20:28] SlimMonoLogger.INFO: Cron ran at: 25-03-2025 03:20:28 AM [] []
[2025-03-25 03:25:33] SlimMonoLogger.INFO: Cron ran at: 25-03-2025 03:25:33 AM [] []
[2025-03-25 03:30:45] SlimMonoLogger.INFO: Cron ran at: 25-03-2025 03:30:45 AM [] []
[2025-03-25 03:35:28] SlimMonoLogger.INFO: Cron ran at: 25-03-2025 03:35:28 AM [] []
[2025-03-25 03:40:35] SlimMonoLogger.INFO: Cron ran at: 25-03-2025 03:40:35 AM [] []
[2025-03-25 03:45:28] SlimMonoLogger.INFO: Cron ran at: 25-03-2025 03:45:28 AM [] []
[2025-03-25 03:50:28] SlimMonoLogger.INFO: Cron ran at: 25-03-2025 03:50:28 AM [] []
[2025-03-25 03:55:31] SlimMonoLogger.INFO: Cron ran at: 25-03-2025 03:55:31 AM [] []
[2025-03-25 04:02:33] SlimMonoLogger.ERROR: Requests_Exception: cURL error 28: Failed to connect to antropol.mk port 443 after 132107 ms: Could not connect to server in /home/latihtal/public_html/agregator1/src/vendor/rmccue/requests/library/Requests/Transport/cURL.php:422
Stack trace:
#0 /home/latihtal/public_html/agregator1/src/vendor/rmccue/requests/library/Requests/Transport/cURL.php(177): Requests_Transport_cURL->process_response()
#1 /home/latihtal/public_html/agregator1/src/vendor/rmccue/requests/library/Requests.php(379): Requests_Transport_cURL->request()
#2 /home/latihtal/public_html/agregator1/src/vendor/rmccue/requests/library/Requests/Session.php(205): Requests::request()
#3 /home/latihtal/public_html/agregator1/src/vendor/rmccue/requests/library/Requests/Session.php(132): Requests_Session->request()
#4 /home/latihtal/public_html/agregator1/src/drivers/Http/RssImporter.php(144): Requests_Session->get()
#5 /home/latihtal/public_html/agregator1/src/controllers/Dashboard/DashboardFeedsController.php(534): spark\drivers\Http\RssImporter->fetchPosts()
#6 /home/latihtal/public_html/agregator1/src/controllers/Site/SiteController.php(722): spark\controllers\Dashboard\DashboardFeedsController::importFeedPosts()
#7 [internal function]: spark\controllers\Site\SiteController->runTasks()
#8 /home/latihtal/public_html/agregator1/src/framework/Route.php(173): call_user_func_array()
#9 [internal function]: Slim\Route->Slim\{closure}()
#10 /home/latihtal/public_html/agregator1/src/framework/Route.php(468): call_user_func_array()
#11 /home/latihtal/public_html/agregator1/src/framework/Slim.php(1364): Slim\Route->dispatch()
#12 /home/latihtal/public_html/agregator1/src/framework/Middleware/Flash.php(85): Slim\Slim->call()
#13 /home/latihtal/public_html/agregator1/src/framework/Middleware/MethodOverride.php(92): Slim\Middleware\Flash->call()
#14 /home/latihtal/public_html/agregator1/src/middlewares/CsrfGuard/CsrfGuard.php(47): Slim\Middleware\MethodOverride->call()
#15 /home/latihtal/public_html/agregator1/src/framework/Middleware/PrettyExceptions.php(67): spark\middlewares\CsrfGuard\CsrfGuard->call()
#16 /home/latihtal/public_html/agregator1/src/framework/Slim.php(1308): Slim\Middleware\PrettyExceptions->call()
#17 /home/latihtal/public_html/agregator1/index.php(6): Slim\Slim->run()
#18 {main} [] []
[2025-03-25 04:02:47] SlimMonoLogger.INFO: Cron ran at: 25-03-2025 04:02:47 AM [] []
[2025-03-25 04:05:32] SlimMonoLogger.INFO: Cron ran at: 25-03-2025 04:05:32 AM [] []
[2025-03-25 04:10:38] SlimMonoLogger.INFO: Cron ran at: 25-03-2025 04:10:38 AM [] []
[2025-03-25 04:15:31] SlimMonoLogger.INFO: Cron ran at: 25-03-2025 04:15:31 AM [] []
[2025-03-25 04:20:35] SlimMonoLogger.INFO: Cron ran at: 25-03-2025 04:20:35 AM [] []
[2025-03-25 04:25:32] SlimMonoLogger.INFO: Cron ran at: 25-03-2025 04:25:32 AM [] []
[2025-03-25 04:30:31] SlimMonoLogger.INFO: Cron ran at: 25-03-2025 04:30:31 AM [] []
[2025-03-25 04:35:26] SlimMonoLogger.INFO: Cron ran at: 25-03-2025 04:35:26 AM [] []
[2025-03-25 04:40:30] SlimMonoLogger.INFO: Cron ran at: 25-03-2025 04:40:30 AM [] []
[2025-03-25 04:45:26] SlimMonoLogger.INFO: Cron ran at: 25-03-2025 04:45:26 AM [] []
[2025-03-25 04:50:36] SlimMonoLogger.INFO: Cron ran at: 25-03-2025 04:50:36 AM [] []
[2025-03-25 04:55:38] SlimMonoLogger.INFO: Cron ran at: 25-03-2025 04:55:38 AM [] []
[2025-03-25 05:05:26] SlimMonoLogger.INFO: Cron ran at: 25-03-2025 05:05:26 AM [] []
[2025-03-25 05:10:32] SlimMonoLogger.INFO: Cron ran at: 25-03-2025 05:10:32 AM [] []
[2025-03-25 05:15:30] SlimMonoLogger.INFO: Cron ran at: 25-03-2025 05:15:30 AM [] []
[2025-03-25 05:20:27] SlimMonoLogger.INFO: Cron ran at: 25-03-2025 05:20:27 AM [] []
[2025-03-25 05:25:28] SlimMonoLogger.INFO: Cron ran at: 25-03-2025 05:25:28 AM [] []
[2025-03-25 05:30:28] SlimMonoLogger.INFO: Cron ran at: 25-03-2025 05:30:28 AM [] []
[2025-03-25 05:35:27] SlimMonoLogger.INFO: Cron ran at: 25-03-2025 05:35:27 AM [] []
[2025-03-25 05:40:27] SlimMonoLogger.INFO: Cron ran at: 25-03-2025 05:40:27 AM [] []
[2025-03-25 05:45:35] SlimMonoLogger.INFO: Cron ran at: 25-03-2025 05:45:35 AM [] []
[2025-03-25 05:50:26] SlimMonoLogger.INFO: Cron ran at: 25-03-2025 05:50:26 AM [] []
[2025-03-25 05:55:26] SlimMonoLogger.INFO: Cron ran at: 25-03-2025 05:55:26 AM [] []
[2025-03-25 06:00:28] SlimMonoLogger.INFO: Cron ran at: 25-03-2025 06:00:28 AM [] []
[2025-03-25 06:05:24] SlimMonoLogger.INFO: Cron ran at: 25-03-2025 06:05:24 AM [] []
[2025-03-25 06:10:26] SlimMonoLogger.INFO: Cron ran at: 25-03-2025 06:10:26 AM [] []
[2025-03-25 06:15:28] SlimMonoLogger.INFO: Cron ran at: 25-03-2025 06:15:28 AM [] []
[2025-03-25 06:20:27] SlimMonoLogger.INFO: Cron ran at: 25-03-2025 06:20:27 AM [] []
[2025-03-25 06:25:27] SlimMonoLogger.INFO: Cron ran at: 25-03-2025 06:25:27 AM [] []
[2025-03-25 06:30:26] SlimMonoLogger.INFO: Cron ran at: 25-03-2025 06:30:26 AM [] []
[2025-03-25 06:35:51] SlimMonoLogger.INFO: Cron ran at: 25-03-2025 06:35:51 AM [] []
[2025-03-25 06:40:27] SlimMonoLogger.INFO: Cron ran at: 25-03-2025 06:40:27 AM [] []
[2025-03-25 06:45:28] SlimMonoLogger.INFO: Cron ran at: 25-03-2025 06:45:28 AM [] []
[2025-03-25 06:50:28] SlimMonoLogger.INFO: Cron ran at: 25-03-2025 06:50:28 AM [] []
[2025-03-25 06:55:28] SlimMonoLogger.INFO: Cron ran at: 25-03-2025 06:55:28 AM [] []
[2025-03-25 07:00:29] SlimMonoLogger.INFO: Cron ran at: 25-03-2025 07:00:29 AM [] []
[2025-03-25 07:05:28] SlimMonoLogger.INFO: Cron ran at: 25-03-2025 07:05:28 AM [] []
[2025-03-25 07:10:29] SlimMonoLogger.INFO: Cron ran at: 25-03-2025 07:10:29 AM [] []
[2025-03-25 07:15:27] SlimMonoLogger.INFO: Cron ran at: 25-03-2025 07:15:27 AM [] []
[2025-03-25 07:20:28] SlimMonoLogger.INFO: Cron ran at: 25-03-2025 07:20:28 AM [] []
[2025-03-25 07:25:30] SlimMonoLogger.INFO: Cron ran at: 25-03-2025 07:25:30 AM [] []
[2025-03-25 07:30:29] SlimMonoLogger.INFO: Cron ran at: 25-03-2025 07:30:29 AM [] []
[2025-03-25 07:35:29] SlimMonoLogger.INFO: Cron ran at: 25-03-2025 07:35:29 AM [] []
[2025-03-25 07:40:41] SlimMonoLogger.INFO: Cron ran at: 25-03-2025 07:40:41 AM [] []
[2025-03-25 07:45:34] SlimMonoLogger.INFO: Cron ran at: 25-03-2025 07:45:34 AM [] []
[2025-03-25 07:50:37] SlimMonoLogger.INFO: Cron ran at: 25-03-2025 07:50:37 AM [] []
[2025-03-25 07:55:34] SlimMonoLogger.INFO: Cron ran at: 25-03-2025 07:55:34 AM [] []
[2025-03-25 08:00:34] SlimMonoLogger.INFO: Cron ran at: 25-03-2025 08:00:34 AM [] []
[2025-03-25 08:05:33] SlimMonoLogger.INFO: Cron ran at: 25-03-2025 08:05:33 AM [] []
[2025-03-25 08:10:31] SlimMonoLogger.INFO: Cron ran at: 25-03-2025 08:10:31 AM [] []
[2025-03-25 08:15:28] SlimMonoLogger.INFO: Cron ran at: 25-03-2025 08:15:28 AM [] []
[2025-03-25 08:20:29] SlimMonoLogger.INFO: Cron ran at: 25-03-2025 08:20:29 AM [] []
[2025-03-25 08:25:28] SlimMonoLogger.INFO: Cron ran at: 25-03-2025 08:25:28 AM [] []
[2025-03-25 08:30:29] SlimMonoLogger.INFO: Cron ran at: 25-03-2025 08:30:29 AM [] []
[2025-03-25 08:35:33] SlimMonoLogger.INFO: Cron ran at: 25-03-2025 08:35:33 AM [] []
[2025-03-25 08:40:32] SlimMonoLogger.INFO: Cron ran at: 25-03-2025 08:40:32 AM [] []
[2025-03-25 08:45:43] SlimMonoLogger.INFO: Cron ran at: 25-03-2025 08:45:43 AM [] []
[2025-03-25 08:50:34] SlimMonoLogger.INFO: Cron ran at: 25-03-2025 08:50:34 AM [] []
[2025-03-25 08:57:27] SlimMonoLogger.ERROR: Requests_Exception: cURL error 28: Failed to connect to antropol.mk port 443 after 132364 ms: Could not connect to server in /home/latihtal/public_html/agregator1/src/vendor/rmccue/requests/library/Requests/Transport/cURL.php:422
Stack trace:
#0 /home/latihtal/public_html/agregator1/src/vendor/rmccue/requests/library/Requests/Transport/cURL.php(177): Requests_Transport_cURL->process_response()
#1 /home/latihtal/public_html/agregator1/src/vendor/rmccue/requests/library/Requests.php(379): Requests_Transport_cURL->request()
#2 /home/latihtal/public_html/agregator1/src/vendor/rmccue/requests/library/Requests/Session.php(205): Requests::request()
#3 /home/latihtal/public_html/agregator1/src/vendor/rmccue/requests/library/Requests/Session.php(132): Requests_Session->request()
#4 /home/latihtal/public_html/agregator1/src/drivers/Http/RssImporter.php(144): Requests_Session->get()
#5 /home/latihtal/public_html/agregator1/src/controllers/Dashboard/DashboardFeedsController.php(534): spark\drivers\Http\RssImporter->fetchPosts()
#6 /home/latihtal/public_html/agregator1/src/controllers/Site/SiteController.php(722): spark\controllers\Dashboard\DashboardFeedsController::importFeedPosts()
#7 [internal function]: spark\controllers\Site\SiteController->runTasks()
#8 /home/latihtal/public_html/agregator1/src/framework/Route.php(173): call_user_func_array()
#9 [internal function]: Slim\Route->Slim\{closure}()
#10 /home/latihtal/public_html/agregator1/src/framework/Route.php(468): call_user_func_array()
#11 /home/latihtal/public_html/agregator1/src/framework/Slim.php(1364): Slim\Route->dispatch()
#12 /home/latihtal/public_html/agregator1/src/framework/Middleware/Flash.php(85): Slim\Slim->call()
#13 /home/latihtal/public_html/agregator1/src/framework/Middleware/MethodOverride.php(92): Slim\Middleware\Flash->call()
#14 /home/latihtal/public_html/agregator1/src/middlewares/CsrfGuard/CsrfGuard.php(47): Slim\Middleware\MethodOverride->call()
#15 /home/latihtal/public_html/agregator1/src/framework/Middleware/PrettyExceptions.php(67): spark\middlewares\CsrfGuard\CsrfGuard->call()
#16 /home/latihtal/public_html/agregator1/src/framework/Slim.php(1308): Slim\Middleware\PrettyExceptions->call()
#17 /home/latihtal/public_html/agregator1/index.php(6): Slim\Slim->run()
#18 {main} [] []
[2025-03-25 09:00:32] SlimMonoLogger.INFO: Cron ran at: 25-03-2025 09:00:32 AM [] []
[2025-03-25 09:05:38] SlimMonoLogger.INFO: Cron ran at: 25-03-2025 09:05:38 AM [] []
[2025-03-25 09:10:32] SlimMonoLogger.INFO: Cron ran at: 25-03-2025 09:10:32 AM [] []
[2025-03-25 09:15:27] SlimMonoLogger.INFO: Cron ran at: 25-03-2025 09:15:27 AM [] []
[2025-03-25 09:20:29] SlimMonoLogger.INFO: Cron ran at: 25-03-2025 09:20:29 AM [] []
[2025-03-25 09:25:30] SlimMonoLogger.INFO: Cron ran at: 25-03-2025 09:25:30 AM [] []
[2025-03-25 09:30:40] SlimMonoLogger.INFO: Cron ran at: 25-03-2025 09:30:40 AM [] []
[2025-03-25 09:35:34] SlimMonoLogger.INFO: Cron ran at: 25-03-2025 09:35:34 AM [] []
[2025-03-25 09:40:27] SlimMonoLogger.INFO: Cron ran at: 25-03-2025 09:40:27 AM [] []
[2025-03-25 09:45:31] SlimMonoLogger.INFO: Cron ran at: 25-03-2025 09:45:31 AM [] []
[2025-03-25 09:50:28] SlimMonoLogger.INFO: Cron ran at: 25-03-2025 09:50:28 AM [] []
[2025-03-25 09:55:29] SlimMonoLogger.INFO: Cron ran at: 25-03-2025 09:55:29 AM [] []
[2025-03-25 10:00:29] SlimMonoLogger.INFO: Cron ran at: 25-03-2025 10:00:29 AM [] []
[2025-03-25 10:05:30] SlimMonoLogger.INFO: Cron ran at: 25-03-2025 10:05:30 AM [] []
[2025-03-25 10:10:32] SlimMonoLogger.INFO: Cron ran at: 25-03-2025 10:10:32 AM [] []
[2025-03-25 10:15:36] SlimMonoLogger.INFO: Cron ran at: 25-03-2025 10:15:36 AM [] []
[2025-03-25 10:20:40] SlimMonoLogger.INFO: Cron ran at: 25-03-2025 10:20:40 AM [] []
[2025-03-25 10:25:39] SlimMonoLogger.INFO: Cron ran at: 25-03-2025 10:25:39 AM [] []
[2025-03-25 10:30:38] SlimMonoLogger.INFO: Cron ran at: 25-03-2025 10:30:38 AM [] []
[2025-03-25 10:35:44] SlimMonoLogger.INFO: Cron ran at: 25-03-2025 10:35:44 AM [] []
[2025-03-25 10:40:40] SlimMonoLogger.INFO: Cron ran at: 25-03-2025 10:40:40 AM [] []
[2025-03-25 10:45:40] SlimMonoLogger.INFO: Cron ran at: 25-03-2025 10:45:40 AM [] []
[2025-03-25 10:51:17] SlimMonoLogger.INFO: Cron ran at: 25-03-2025 10:51:17 AM [] []
[2025-03-25 10:56:26] SlimMonoLogger.INFO: Cron ran at: 25-03-2025 10:56:26 AM [] []
[2025-03-25 11:00:41] SlimMonoLogger.INFO: Cron ran at: 25-03-2025 11:00:41 AM [] []
[2025-03-25 11:05:35] SlimMonoLogger.INFO: Cron ran at: 25-03-2025 11:05:35 AM [] []
[2025-03-25 11:10:37] SlimMonoLogger.INFO: Cron ran at: 25-03-2025 11:10:37 AM [] []
[2025-03-25 11:15:35] SlimMonoLogger.INFO: Cron ran at: 25-03-2025 11:15:35 AM [] []
[2025-03-25 11:20:36] SlimMonoLogger.INFO: Cron ran at: 25-03-2025 11:20:36 AM [] []
[2025-03-25 11:25:38] SlimMonoLogger.INFO: Cron ran at: 25-03-2025 11:25:38 AM [] []
[2025-03-25 11:30:35] SlimMonoLogger.INFO: Cron ran at: 25-03-2025 11:30:35 AM [] []
[2025-03-25 11:35:35] SlimMonoLogger.INFO: Cron ran at: 25-03-2025 11:35:35 AM [] []
[2025-03-25 11:40:40] SlimMonoLogger.INFO: Cron ran at: 25-03-2025 11:40:40 AM [] []
[2025-03-25 11:45:34] SlimMonoLogger.INFO: Cron ran at: 25-03-2025 11:45:34 AM [] []
[2025-03-25 11:50:35] SlimMonoLogger.INFO: Cron ran at: 25-03-2025 11:50:35 AM [] []
[2025-03-25 11:55:36] SlimMonoLogger.INFO: Cron ran at: 25-03-2025 11:55:36 AM [] []
[2025-03-25 12:00:41] SlimMonoLogger.INFO: Cron ran at: 25-03-2025 12:00:41 PM [] []
[2025-03-25 12:05:35] SlimMonoLogger.INFO: Cron ran at: 25-03-2025 12:05:35 PM [] []
[2025-03-25 12:10:39] SlimMonoLogger.INFO: Cron ran at: 25-03-2025 12:10:39 PM [] []
[2025-03-25 12:17:24] SlimMonoLogger.ERROR: Requests_Exception: cURL error 28: Failed to connect to antropol.mk port 443 after 130236 ms: Could not connect to server in /home/latihtal/public_html/agregator1/src/vendor/rmccue/requests/library/Requests/Transport/cURL.php:422
Stack trace:
#0 /home/latihtal/public_html/agregator1/src/vendor/rmccue/requests/library/Requests/Transport/cURL.php(177): Requests_Transport_cURL->process_response()
#1 /home/latihtal/public_html/agregator1/src/vendor/rmccue/requests/library/Requests.php(379): Requests_Transport_cURL->request()
#2 /home/latihtal/public_html/agregator1/src/vendor/rmccue/requests/library/Requests/Session.php(205): Requests::request()
#3 /home/latihtal/public_html/agregator1/src/vendor/rmccue/requests/library/Requests/Session.php(132): Requests_Session->request()
#4 /home/latihtal/public_html/agregator1/src/drivers/Http/RssImporter.php(144): Requests_Session->get()
#5 /home/latihtal/public_html/agregator1/src/controllers/Dashboard/DashboardFeedsController.php(534): spark\drivers\Http\RssImporter->fetchPosts()
#6 /home/latihtal/public_html/agregator1/src/controllers/Site/SiteController.php(722): spark\controllers\Dashboard\DashboardFeedsController::importFeedPosts()
#7 [internal function]: spark\controllers\Site\SiteController->runTasks()
#8 /home/latihtal/public_html/agregator1/src/framework/Route.php(173): call_user_func_array()
#9 [internal function]: Slim\Route->Slim\{closure}()
#10 /home/latihtal/public_html/agregator1/src/framework/Route.php(468): call_user_func_array()
#11 /home/latihtal/public_html/agregator1/src/framework/Slim.php(1364): Slim\Route->dispatch()
#12 /home/latihtal/public_html/agregator1/src/framework/Middleware/Flash.php(85): Slim\Slim->call()
#13 /home/latihtal/public_html/agregator1/src/framework/Middleware/MethodOverride.php(92): Slim\Middleware\Flash->call()
#14 /home/latihtal/public_html/agregator1/src/middlewares/CsrfGuard/CsrfGuard.php(47): Slim\Middleware\MethodOverride->call()
#15 /home/latihtal/public_html/agregator1/src/framework/Middleware/PrettyExceptions.php(67): spark\middlewares\CsrfGuard\CsrfGuard->call()
#16 /home/latihtal/public_html/agregator1/src/framework/Slim.php(1308): Slim\Middleware\PrettyExceptions->call()
#17 /home/latihtal/public_html/agregator1/index.php(6): Slim\Slim->run()
#18 {main} [] []
[2025-03-25 12:17:40] SlimMonoLogger.INFO: Cron ran at: 25-03-2025 12:17:40 PM [] []
[2025-03-25 12:20:29] SlimMonoLogger.INFO: Cron ran at: 25-03-2025 12:20:29 PM [] []
[2025-03-25 12:25:32] SlimMonoLogger.INFO: Cron ran at: 25-03-2025 12:25:32 PM [] []
[2025-03-25 12:30:51] SlimMonoLogger.INFO: Cron ran at: 25-03-2025 12:30:51 PM [] []
[2025-03-25 12:35:36] SlimMonoLogger.INFO: Cron ran at: 25-03-2025 12:35:36 PM [] []
[2025-03-25 12:41:44] SlimMonoLogger.INFO: Cron ran at: 25-03-2025 12:41:44 PM [] []
[2025-03-25 12:45:34] SlimMonoLogger.INFO: Cron ran at: 25-03-2025 12:45:34 PM [] []
[2025-03-25 12:50:37] SlimMonoLogger.INFO: Cron ran at: 25-03-2025 12:50:37 PM [] []
[2025-03-25 12:55:38] SlimMonoLogger.INFO: Cron ran at: 25-03-2025 12:55:38 PM [] []
[2025-03-25 13:00:33] SlimMonoLogger.INFO: Cron ran at: 25-03-2025 01:00:33 PM [] []
[2025-03-25 13:05:34] SlimMonoLogger.INFO: Cron ran at: 25-03-2025 01:05:34 PM [] []
[2025-03-25 13:10:32] SlimMonoLogger.INFO: Cron ran at: 25-03-2025 01:10:32 PM [] []
[2025-03-25 13:15:35] SlimMonoLogger.INFO: Cron ran at: 25-03-2025 01:15:35 PM [] []
[2025-03-25 13:20:36] SlimMonoLogger.INFO: Cron ran at: 25-03-2025 01:20:36 PM [] []
[2025-03-25 13:25:28] SlimMonoLogger.INFO: Cron ran at: 25-03-2025 01:25:28 PM [] []
[2025-03-25 13:30:34] SlimMonoLogger.INFO: Cron ran at: 25-03-2025 01:30:34 PM [] []
[2025-03-25 13:35:36] SlimMonoLogger.INFO: Cron ran at: 25-03-2025 01:35:36 PM [] []
[2025-03-25 13:40:41] SlimMonoLogger.INFO: Cron ran at: 25-03-2025 01:40:41 PM [] []
[2025-03-25 13:45:36] SlimMonoLogger.INFO: Cron ran at: 25-03-2025 01:45:36 PM [] []
[2025-03-25 13:51:36] SlimMonoLogger.INFO: Cron ran at: 25-03-2025 01:51:36 PM [] []
[2025-03-25 13:55:35] SlimMonoLogger.INFO: Cron ran at: 25-03-2025 01:55:35 PM [] []
[2025-03-25 14:00:34] SlimMonoLogger.INFO: Cron ran at: 25-03-2025 02:00:34 PM [] []
[2025-03-25 14:05:42] SlimMonoLogger.INFO: Cron ran at: 25-03-2025 02:05:42 PM [] []
[2025-03-25 14:10:33] SlimMonoLogger.INFO: Cron ran at: 25-03-2025 02:10:33 PM [] []
[2025-03-25 14:15:39] SlimMonoLogger.INFO: Cron ran at: 25-03-2025 02:15:39 PM [] []
[2025-03-25 14:20:31] SlimMonoLogger.INFO: Cron ran at: 25-03-2025 02:20:31 PM [] []
[2025-03-25 14:25:32] SlimMonoLogger.INFO: Cron ran at: 25-03-2025 02:25:32 PM [] []
[2025-03-25 14:30:32] SlimMonoLogger.INFO: Cron ran at: 25-03-2025 02:30:32 PM [] []
[2025-03-25 14:35:32] SlimMonoLogger.INFO: Cron ran at: 25-03-2025 02:35:32 PM [] []
[2025-03-25 14:40:43] SlimMonoLogger.INFO: Cron ran at: 25-03-2025 02:40:43 PM [] []
[2025-03-25 14:45:34] SlimMonoLogger.INFO: Cron ran at: 25-03-2025 02:45:34 PM [] []
[2025-03-25 14:50:29] SlimMonoLogger.INFO: Cron ran at: 25-03-2025 02:50:29 PM [] []
[2025-03-25 14:55:31] SlimMonoLogger.INFO: Cron ran at: 25-03-2025 02:55:31 PM [] []
[2025-03-25 15:00:41] SlimMonoLogger.INFO: Cron ran at: 25-03-2025 03:00:41 PM [] []
[2025-03-25 15:05:51] SlimMonoLogger.INFO: Cron ran at: 25-03-2025 03:05:51 PM [] []
[2025-03-25 15:10:27] SlimMonoLogger.INFO: Cron ran at: 25-03-2025 03:10:27 PM [] []
[2025-03-25 15:15:38] SlimMonoLogger.INFO: Cron ran at: 25-03-2025 03:15:38 PM [] []
[2025-03-25 15:20:38] SlimMonoLogger.INFO: Cron ran at: 25-03-2025 03:20:38 PM [] []
[2025-03-25 15:25:36] SlimMonoLogger.INFO: Cron ran at: 25-03-2025 03:25:36 PM [] []
[2025-03-25 15:30:38] SlimMonoLogger.INFO: Cron ran at: 25-03-2025 03:30:38 PM [] []
[2025-03-25 15:35:39] SlimMonoLogger.INFO: Cron ran at: 25-03-2025 03:35:39 PM [] []
[2025-03-25 15:40:31] SlimMonoLogger.INFO: Cron ran at: 25-03-2025 03:40:31 PM [] []
[2025-03-25 15:45:33] SlimMonoLogger.INFO: Cron ran at: 25-03-2025 03:45:33 PM [] []
[2025-03-25 15:50:38] SlimMonoLogger.INFO: Cron ran at: 25-03-2025 03:50:38 PM [] []
[2025-03-25 15:55:25] SlimMonoLogger.INFO: Cron ran at: 25-03-2025 03:55:25 PM [] []
[2025-03-25 16:00:33] SlimMonoLogger.INFO: Cron ran at: 25-03-2025 04:00:33 PM [] []
[2025-03-25 16:05:30] SlimMonoLogger.INFO: Cron ran at: 25-03-2025 04:05:30 PM [] []
[2025-03-25 16:10:35] SlimMonoLogger.INFO: Cron ran at: 25-03-2025 04:10:35 PM [] []
[2025-03-25 16:15:29] SlimMonoLogger.INFO: Cron ran at: 25-03-2025 04:15:29 PM [] []
[2025-03-25 16:20:37] SlimMonoLogger.INFO: Cron ran at: 25-03-2025 04:20:37 PM [] []
[2025-03-25 16:25:28] SlimMonoLogger.INFO: Cron ran at: 25-03-2025 04:25:28 PM [] []
[2025-03-25 16:30:35] SlimMonoLogger.INFO: Cron ran at: 25-03-2025 04:30:35 PM [] []
[2025-03-25 16:36:04] SlimMonoLogger.INFO: Cron ran at: 25-03-2025 04:36:04 PM [] []
[2025-03-25 16:40:30] SlimMonoLogger.INFO: Cron ran at: 25-03-2025 04:40:30 PM [] []
[2025-03-25 16:45:31] SlimMonoLogger.INFO: Cron ran at: 25-03-2025 04:45:31 PM [] []
[2025-03-25 16:50:31] SlimMonoLogger.INFO: Cron ran at: 25-03-2025 04:50:31 PM [] []
[2025-03-25 16:55:27] SlimMonoLogger.INFO: Cron ran at: 25-03-2025 04:55:27 PM [] []
[2025-03-25 17:00:37] SlimMonoLogger.INFO: Cron ran at: 25-03-2025 05:00:37 PM [] []
[2025-03-25 17:05:32] SlimMonoLogger.INFO: Cron ran at: 25-03-2025 05:05:32 PM [] []
[2025-03-25 17:10:39] SlimMonoLogger.INFO: Cron ran at: 25-03-2025 05:10:39 PM [] []
[2025-03-25 17:15:34] SlimMonoLogger.INFO: Cron ran at: 25-03-2025 05:15:34 PM [] []
[2025-03-25 17:20:43] SlimMonoLogger.INFO: Cron ran at: 25-03-2025 05:20:43 PM [] []
[2025-03-25 17:25:31] SlimMonoLogger.INFO: Cron ran at: 25-03-2025 05:25:31 PM [] []
[2025-03-25 17:30:34] SlimMonoLogger.INFO: Cron ran at: 25-03-2025 05:30:34 PM [] []
[2025-03-25 17:35:38] SlimMonoLogger.INFO: Cron ran at: 25-03-2025 05:35:38 PM [] []
[2025-03-25 17:40:30] SlimMonoLogger.INFO: Cron ran at: 25-03-2025 05:40:30 PM [] []
[2025-03-25 17:45:32] SlimMonoLogger.INFO: Cron ran at: 25-03-2025 05:45:32 PM [] []
[2025-03-25 17:50:47] SlimMonoLogger.INFO: Cron ran at: 25-03-2025 05:50:47 PM [] []
[2025-03-25 17:55:32] SlimMonoLogger.INFO: Cron ran at: 25-03-2025 05:55:32 PM [] []
[2025-03-25 18:00:36] SlimMonoLogger.INFO: Cron ran at: 25-03-2025 06:00:36 PM [] []
[2025-03-25 18:05:34] SlimMonoLogger.INFO: Cron ran at: 25-03-2025 06:05:34 PM [] []
[2025-03-25 18:10:38] SlimMonoLogger.INFO: Cron ran at: 25-03-2025 06:10:38 PM [] []
[2025-03-25 18:15:38] SlimMonoLogger.INFO: Cron ran at: 25-03-2025 06:15:38 PM [] []
[2025-03-25 18:20:35] SlimMonoLogger.INFO: Cron ran at: 25-03-2025 06:20:35 PM [] []
[2025-03-25 18:25:36] SlimMonoLogger.INFO: Cron ran at: 25-03-2025 06:25:36 PM [] []
[2025-03-25 18:30:31] SlimMonoLogger.INFO: Cron ran at: 25-03-2025 06:30:31 PM [] []
[2025-03-25 18:35:27] SlimMonoLogger.INFO: Cron ran at: 25-03-2025 06:35:27 PM [] []
[2025-03-25 18:40:30] SlimMonoLogger.INFO: Cron ran at: 25-03-2025 06:40:30 PM [] []
[2025-03-25 18:45:32] SlimMonoLogger.INFO: Cron ran at: 25-03-2025 06:45:32 PM [] []
[2025-03-25 18:50:35] SlimMonoLogger.INFO: Cron ran at: 25-03-2025 06:50:35 PM [] []
[2025-03-25 18:55:44] SlimMonoLogger.INFO: Cron ran at: 25-03-2025 06:55:44 PM [] []
[2025-03-25 19:00:35] SlimMonoLogger.INFO: Cron ran at: 25-03-2025 07:00:35 PM [] []
[2025-03-25 19:05:37] SlimMonoLogger.INFO: Cron ran at: 25-03-2025 07:05:37 PM [] []
[2025-03-25 19:11:40] SlimMonoLogger.INFO: Cron ran at: 25-03-2025 07:11:40 PM [] []
[2025-03-25 19:15:28] SlimMonoLogger.INFO: Cron ran at: 25-03-2025 07:15:28 PM [] []
[2025-03-25 19:20:30] SlimMonoLogger.INFO: Cron ran at: 25-03-2025 07:20:30 PM [] []
[2025-03-25 19:25:33] SlimMonoLogger.INFO: Cron ran at: 25-03-2025 07:25:33 PM [] []
[2025-03-25 19:30:37] SlimMonoLogger.INFO: Cron ran at: 25-03-2025 07:30:37 PM [] []
[2025-03-25 19:35:36] SlimMonoLogger.INFO: Cron ran at: 25-03-2025 07:35:36 PM [] []
[2025-03-25 19:40:38] SlimMonoLogger.INFO: Cron ran at: 25-03-2025 07:40:38 PM [] []
[2025-03-25 19:45:41] SlimMonoLogger.INFO: Cron ran at: 25-03-2025 07:45:41 PM [] []
[2025-03-25 19:50:40] SlimMonoLogger.INFO: Cron ran at: 25-03-2025 07:50:40 PM [] []
[2025-03-25 19:55:46] SlimMonoLogger.INFO: Cron ran at: 25-03-2025 07:55:46 PM [] []
[2025-03-25 20:00:40] SlimMonoLogger.INFO: Cron ran at: 25-03-2025 08:00:40 PM [] []
[2025-03-25 20:05:37] SlimMonoLogger.INFO: Cron ran at: 25-03-2025 08:05:37 PM [] []
[2025-03-25 20:11:15] SlimMonoLogger.INFO: Cron ran at: 25-03-2025 08:11:15 PM [] []
[2025-03-25 20:15:36] SlimMonoLogger.INFO: Cron ran at: 25-03-2025 08:15:36 PM [] []
[2025-03-25 20:20:39] SlimMonoLogger.INFO: Cron ran at: 25-03-2025 08:20:39 PM [] []
[2025-03-25 20:25:30] SlimMonoLogger.INFO: Cron ran at: 25-03-2025 08:25:30 PM [] []
[2025-03-25 20:30:38] SlimMonoLogger.INFO: Cron ran at: 25-03-2025 08:30:38 PM [] []
[2025-03-25 20:35:31] SlimMonoLogger.INFO: Cron ran at: 25-03-2025 08:35:31 PM [] []
[2025-03-25 20:40:31] SlimMonoLogger.INFO: Cron ran at: 25-03-2025 08:40:31 PM [] []
[2025-03-25 20:45:37] SlimMonoLogger.INFO: Cron ran at: 25-03-2025 08:45:37 PM [] []
[2025-03-25 20:50:34] SlimMonoLogger.INFO: Cron ran at: 25-03-2025 08:50:34 PM [] []
[2025-03-25 20:55:33] SlimMonoLogger.INFO: Cron ran at: 25-03-2025 08:55:33 PM [] []
[2025-03-25 21:00:35] SlimMonoLogger.INFO: Cron ran at: 25-03-2025 09:00:35 PM [] []
[2025-03-25 21:05:30] SlimMonoLogger.INFO: Cron ran at: 25-03-2025 09:05:30 PM [] []
[2025-03-25 21:10:35] SlimMonoLogger.INFO: Cron ran at: 25-03-2025 09:10:35 PM [] []
[2025-03-25 21:15:38] SlimMonoLogger.INFO: Cron ran at: 25-03-2025 09:15:38 PM [] []
[2025-03-25 21:20:31] SlimMonoLogger.INFO: Cron ran at: 25-03-2025 09:20:31 PM [] []
[2025-03-25 21:25:32] SlimMonoLogger.INFO: Cron ran at: 25-03-2025 09:25:32 PM [] []
[2025-03-25 21:30:37] SlimMonoLogger.INFO: Cron ran at: 25-03-2025 09:30:37 PM [] []
[2025-03-25 21:35:36] SlimMonoLogger.INFO: Cron ran at: 25-03-2025 09:35:36 PM [] []
[2025-03-25 21:40:44] SlimMonoLogger.INFO: Cron ran at: 25-03-2025 09:40:44 PM [] []
[2025-03-25 21:45:40] SlimMonoLogger.INFO: Cron ran at: 25-03-2025 09:45:40 PM [] []
[2025-03-25 21:50:37] SlimMonoLogger.INFO: Cron ran at: 25-03-2025 09:50:37 PM [] []
[2025-03-25 21:55:36] SlimMonoLogger.INFO: Cron ran at: 25-03-2025 09:55:36 PM [] []
[2025-03-25 22:00:47] SlimMonoLogger.INFO: Cron ran at: 25-03-2025 10:00:47 PM [] []
[2025-03-25 22:05:37] SlimMonoLogger.INFO: Cron ran at: 25-03-2025 10:05:37 PM [] []
[2025-03-25 22:10:43] SlimMonoLogger.INFO: Cron ran at: 25-03-2025 10:10:43 PM [] []
[2025-03-25 22:15:35] SlimMonoLogger.INFO: Cron ran at: 25-03-2025 10:15:35 PM [] []
[2025-03-25 22:20:39] SlimMonoLogger.INFO: Cron ran at: 25-03-2025 10:20:39 PM [] []
[2025-03-25 22:26:43] SlimMonoLogger.INFO: Cron ran at: 25-03-2025 10:26:43 PM [] []
[2025-03-25 22:32:33] SlimMonoLogger.ERROR: Requests_Exception: cURL error 28: Failed to connect to antropol.mk port 443 after 130679 ms: Could not connect to server in /home/latihtal/public_html/agregator1/src/vendor/rmccue/requests/library/Requests/Transport/cURL.php:422
Stack trace:
#0 /home/latihtal/public_html/agregator1/src/vendor/rmccue/requests/library/Requests/Transport/cURL.php(177): Requests_Transport_cURL->process_response()
#1 /home/latihtal/public_html/agregator1/src/vendor/rmccue/requests/library/Requests.php(379): Requests_Transport_cURL->request()
#2 /home/latihtal/public_html/agregator1/src/vendor/rmccue/requests/library/Requests/Session.php(205): Requests::request()
#3 /home/latihtal/public_html/agregator1/src/vendor/rmccue/requests/library/Requests/Session.php(132): Requests_Session->request()
#4 /home/latihtal/public_html/agregator1/src/drivers/Http/RssImporter.php(144): Requests_Session->get()
#5 /home/latihtal/public_html/agregator1/src/controllers/Dashboard/DashboardFeedsController.php(534): spark\drivers\Http\RssImporter->fetchPosts()
#6 /home/latihtal/public_html/agregator1/src/controllers/Site/SiteController.php(722): spark\controllers\Dashboard\DashboardFeedsController::importFeedPosts()
#7 [internal function]: spark\controllers\Site\SiteController->runTasks()
#8 /home/latihtal/public_html/agregator1/src/framework/Route.php(173): call_user_func_array()
#9 [internal function]: Slim\Route->Slim\{closure}()
#10 /home/latihtal/public_html/agregator1/src/framework/Route.php(468): call_user_func_array()
#11 /home/latihtal/public_html/agregator1/src/framework/Slim.php(1364): Slim\Route->dispatch()
#12 /home/latihtal/public_html/agregator1/src/framework/Middleware/Flash.php(85): Slim\Slim->call()
#13 /home/latihtal/public_html/agregator1/src/framework/Middleware/MethodOverride.php(92): Slim\Middleware\Flash->call()
#14 /home/latihtal/public_html/agregator1/src/middlewares/CsrfGuard/CsrfGuard.php(47): Slim\Middleware\MethodOverride->call()
#15 /home/latihtal/public_html/agregator1/src/framework/Middleware/PrettyExceptions.php(67): spark\middlewares\CsrfGuard\CsrfGuard->call()
#16 /home/latihtal/public_html/agregator1/src/framework/Slim.php(1308): Slim\Middleware\PrettyExceptions->call()
#17 /home/latihtal/public_html/agregator1/index.php(6): Slim\Slim->run()
#18 {main} [] []
[2025-03-25 22:33:07] SlimMonoLogger.INFO: Cron ran at: 25-03-2025 10:33:07 PM [] []
[2025-03-25 22:35:41] SlimMonoLogger.INFO: Cron ran at: 25-03-2025 10:35:41 PM [] []
[2025-03-25 22:40:46] SlimMonoLogger.INFO: Cron ran at: 25-03-2025 10:40:46 PM [] []
[2025-03-25 22:45:43] SlimMonoLogger.INFO: Cron ran at: 25-03-2025 10:45:43 PM [] []
[2025-03-25 22:50:35] SlimMonoLogger.INFO: Cron ran at: 25-03-2025 10:50:35 PM [] []
[2025-03-25 22:55:32] SlimMonoLogger.INFO: Cron ran at: 25-03-2025 10:55:32 PM [] []
[2025-03-25 23:00:47] SlimMonoLogger.INFO: Cron ran at: 25-03-2025 11:00:47 PM [] []
[2025-03-25 23:05:39] SlimMonoLogger.INFO: Cron ran at: 25-03-2025 11:05:39 PM [] []
[2025-03-25 23:10:40] SlimMonoLogger.INFO: Cron ran at: 25-03-2025 11:10:40 PM [] []
[2025-03-25 23:15:33] SlimMonoLogger.INFO: Cron ran at: 25-03-2025 11:15:33 PM [] []
[2025-03-25 23:20:34] SlimMonoLogger.INFO: Cron ran at: 25-03-2025 11:20:34 PM [] []
[2025-03-25 23:25:26] SlimMonoLogger.INFO: Cron ran at: 25-03-2025 11:25:26 PM [] []
[2025-03-25 23:30:31] SlimMonoLogger.INFO: Cron ran at: 25-03-2025 11:30:31 PM [] []
[2025-03-25 23:35:41] SlimMonoLogger.INFO: Cron ran at: 25-03-2025 11:35:41 PM [] []
[2025-03-25 23:40:30] SlimMonoLogger.INFO: Cron ran at: 25-03-2025 11:40:30 PM [] []
[2025-03-25 23:45:39] SlimMonoLogger.INFO: Cron ran at: 25-03-2025 11:45:39 PM [] []
[2025-03-25 23:50:34] SlimMonoLogger.INFO: Cron ran at: 25-03-2025 11:50:34 PM [] []
[2025-03-25 23:55:31] SlimMonoLogger.INFO: Cron ran at: 25-03-2025 11:55:31 PM [] []
[2025-03-26 00:00:29] SlimMonoLogger.INFO: Cron ran at: 26-03-2025 12:00:29 AM [] []
[2025-03-26 00:05:33] SlimMonoLogger.INFO: Cron ran at: 26-03-2025 12:05:33 AM [] []
[2025-03-26 00:10:37] SlimMonoLogger.INFO: Cron ran at: 26-03-2025 12:10:37 AM [] []
[2025-03-26 00:15:36] SlimMonoLogger.INFO: Cron ran at: 26-03-2025 12:15:36 AM [] []
[2025-03-26 00:20:30] SlimMonoLogger.INFO: Cron ran at: 26-03-2025 12:20:30 AM [] []
[2025-03-26 00:25:31] SlimMonoLogger.INFO: Cron ran at: 26-03-2025 12:25:31 AM [] []
[2025-03-26 00:31:02] SlimMonoLogger.INFO: Cron ran at: 26-03-2025 12:31:02 AM [] []
[2025-03-26 00:35:30] SlimMonoLogger.INFO: Cron ran at: 26-03-2025 12:35:30 AM [] []
[2025-03-26 00:40:37] SlimMonoLogger.INFO: Cron ran at: 26-03-2025 12:40:37 AM [] []
[2025-03-26 00:45:36] SlimMonoLogger.INFO: Cron ran at: 26-03-2025 12:45:36 AM [] []
[2025-03-26 00:52:30] SlimMonoLogger.ERROR: Requests_Exception: cURL error 28: Failed to connect to antropol.mk port 443 after 131528 ms: Could not connect to server in /home/latihtal/public_html/agregator1/src/vendor/rmccue/requests/library/Requests/Transport/cURL.php:422
Stack trace:
#0 /home/latihtal/public_html/agregator1/src/vendor/rmccue/requests/library/Requests/Transport/cURL.php(177): Requests_Transport_cURL->process_response()
#1 /home/latihtal/public_html/agregator1/src/vendor/rmccue/requests/library/Requests.php(379): Requests_Transport_cURL->request()
#2 /home/latihtal/public_html/agregator1/src/vendor/rmccue/requests/library/Requests/Session.php(205): Requests::request()
#3 /home/latihtal/public_html/agregator1/src/vendor/rmccue/requests/library/Requests/Session.php(132): Requests_Session->request()
#4 /home/latihtal/public_html/agregator1/src/drivers/Http/RssImporter.php(144): Requests_Session->get()
#5 /home/latihtal/public_html/agregator1/src/controllers/Dashboard/DashboardFeedsController.php(534): spark\drivers\Http\RssImporter->fetchPosts()
#6 /home/latihtal/public_html/agregator1/src/controllers/Site/SiteController.php(722): spark\controllers\Dashboard\DashboardFeedsController::importFeedPosts()
#7 [internal function]: spark\controllers\Site\SiteController->runTasks()
#8 /home/latihtal/public_html/agregator1/src/framework/Route.php(173): call_user_func_array()
#9 [internal function]: Slim\Route->Slim\{closure}()
#10 /home/latihtal/public_html/agregator1/src/framework/Route.php(468): call_user_func_array()
#11 /home/latihtal/public_html/agregator1/src/framework/Slim.php(1364): Slim\Route->dispatch()
#12 /home/latihtal/public_html/agregator1/src/framework/Middleware/Flash.php(85): Slim\Slim->call()
#13 /home/latihtal/public_html/agregator1/src/framework/Middleware/MethodOverride.php(92): Slim\Middleware\Flash->call()
#14 /home/latihtal/public_html/agregator1/src/middlewares/CsrfGuard/CsrfGuard.php(47): Slim\Middleware\MethodOverride->call()
#15 /home/latihtal/public_html/agregator1/src/framework/Middleware/PrettyExceptions.php(67): spark\middlewares\CsrfGuard\CsrfGuard->call()
#16 /home/latihtal/public_html/agregator1/src/framework/Slim.php(1308): Slim\Middleware\PrettyExceptions->call()
#17 /home/latihtal/public_html/agregator1/index.php(6): Slim\Slim->run()
#18 {main} [] []
[2025-03-26 00:52:45] SlimMonoLogger.INFO: Cron ran at: 26-03-2025 12:52:45 AM [] []
[2025-03-26 00:55:39] SlimMonoLogger.INFO: Cron ran at: 26-03-2025 12:55:39 AM [] []
