[2025-08-25 02:00:35] SlimMonoLogger.INFO: Cron ran at: 25-08-2025 02:00:35 AM [] []
[2025-08-25 02:05:34] SlimMonoLogger.INFO: Cron ran at: 25-08-2025 02:05:34 AM [] []
[2025-08-25 02:10:31] SlimMonoLogger.INFO: Cron ran at: 25-08-2025 02:10:31 AM [] []
[2025-08-25 02:15:29] SlimMonoLogger.INFO: Cron ran at: 25-08-2025 02:15:29 AM [] []
[2025-08-25 02:20:33] SlimMonoLogger.INFO: Cron ran at: 25-08-2025 02:20:33 AM [] []
[2025-08-25 02:25:30] SlimMonoLogger.INFO: Cron ran at: 25-08-2025 02:25:30 AM [] []
[2025-08-25 02:30:34] SlimMonoLogger.INFO: Cron ran at: 25-08-2025 02:30:34 AM [] []
[2025-08-25 02:35:30] SlimMonoLogger.INFO: Cron ran at: 25-08-2025 02:35:30 AM [] []
[2025-08-25 02:40:31] SlimMonoLogger.INFO: Cron ran at: 25-08-2025 02:40:31 AM [] []
[2025-08-25 02:45:31] SlimMonoLogger.INFO: Cron ran at: 25-08-2025 02:45:31 AM [] []
[2025-08-25 02:50:30] SlimMonoLogger.INFO: Cron ran at: 25-08-2025 02:50:30 AM [] []
[2025-08-25 02:55:35] SlimMonoLogger.INFO: Cron ran at: 25-08-2025 02:55:35 AM [] []
[2025-08-25 03:00:37] SlimMonoLogger.INFO: Cron ran at: 25-08-2025 03:00:37 AM [] []
[2025-08-25 03:05:32] SlimMonoLogger.INFO: Cron ran at: 25-08-2025 03:05:32 AM [] []
[2025-08-25 03:10:29] SlimMonoLogger.INFO: Cron ran at: 25-08-2025 03:10:29 AM [] []
[2025-08-25 03:15:33] SlimMonoLogger.INFO: Cron ran at: 25-08-2025 03:15:33 AM [] []
[2025-08-25 03:20:31] SlimMonoLogger.INFO: Cron ran at: 25-08-2025 03:20:31 AM [] []
[2025-08-25 03:25:31] SlimMonoLogger.INFO: Cron ran at: 25-08-2025 03:25:31 AM [] []
[2025-08-25 03:30:34] SlimMonoLogger.INFO: Cron ran at: 25-08-2025 03:30:34 AM [] []
[2025-08-25 03:35:33] SlimMonoLogger.INFO: Cron ran at: 25-08-2025 03:35:33 AM [] []
[2025-08-25 03:40:35] SlimMonoLogger.INFO: Cron ran at: 25-08-2025 03:40:35 AM [] []
[2025-08-25 03:45:29] SlimMonoLogger.INFO: Cron ran at: 25-08-2025 03:45:29 AM [] []
[2025-08-25 03:50:32] SlimMonoLogger.INFO: Cron ran at: 25-08-2025 03:50:32 AM [] []
[2025-08-25 03:55:32] SlimMonoLogger.INFO: Cron ran at: 25-08-2025 03:55:32 AM [] []
[2025-08-25 04:00:33] SlimMonoLogger.INFO: Cron ran at: 25-08-2025 04:00:33 AM [] []
[2025-08-25 04:05:32] SlimMonoLogger.INFO: Cron ran at: 25-08-2025 04:05:32 AM [] []
[2025-08-25 04:10:34] SlimMonoLogger.INFO: Cron ran at: 25-08-2025 04:10:34 AM [] []
[2025-08-25 04:15:30] SlimMonoLogger.INFO: Cron ran at: 25-08-2025 04:15:30 AM [] []
[2025-08-25 04:20:31] SlimMonoLogger.INFO: Cron ran at: 25-08-2025 04:20:31 AM [] []
[2025-08-25 04:25:51] SlimMonoLogger.INFO: Cron ran at: 25-08-2025 04:25:51 AM [] []
[2025-08-25 04:30:37] SlimMonoLogger.INFO: Cron ran at: 25-08-2025 04:30:37 AM [] []
[2025-08-25 04:35:33] SlimMonoLogger.INFO: Cron ran at: 25-08-2025 04:35:33 AM [] []
[2025-08-25 04:40:28] SlimMonoLogger.INFO: Cron ran at: 25-08-2025 04:40:28 AM [] []
[2025-08-25 04:45:33] SlimMonoLogger.INFO: Cron ran at: 25-08-2025 04:45:33 AM [] []
[2025-08-25 04:50:30] SlimMonoLogger.INFO: Cron ran at: 25-08-2025 04:50:30 AM [] []
[2025-08-25 04:55:30] SlimMonoLogger.INFO: Cron ran at: 25-08-2025 04:55:30 AM [] []
[2025-08-25 05:00:34] SlimMonoLogger.INFO: Cron ran at: 25-08-2025 05:00:34 AM [] []
[2025-08-25 05:05:35] SlimMonoLogger.INFO: Cron ran at: 25-08-2025 05:05:35 AM [] []
[2025-08-25 05:10:36] SlimMonoLogger.INFO: Cron ran at: 25-08-2025 05:10:36 AM [] []
[2025-08-25 05:15:32] SlimMonoLogger.INFO: Cron ran at: 25-08-2025 05:15:32 AM [] []
[2025-08-25 05:20:29] SlimMonoLogger.INFO: Cron ran at: 25-08-2025 05:20:29 AM [] []
[2025-08-25 05:25:33] SlimMonoLogger.INFO: Cron ran at: 25-08-2025 05:25:33 AM [] []
[2025-08-25 05:30:33] SlimMonoLogger.INFO: Cron ran at: 25-08-2025 05:30:33 AM [] []
[2025-08-25 05:35:30] SlimMonoLogger.INFO: Cron ran at: 25-08-2025 05:35:30 AM [] []
[2025-08-25 05:40:31] SlimMonoLogger.INFO: Cron ran at: 25-08-2025 05:40:31 AM [] []
[2025-08-25 05:45:29] SlimMonoLogger.INFO: Cron ran at: 25-08-2025 05:45:29 AM [] []
[2025-08-25 05:50:33] SlimMonoLogger.INFO: Cron ran at: 25-08-2025 05:50:33 AM [] []
[2025-08-25 05:55:31] SlimMonoLogger.INFO: Cron ran at: 25-08-2025 05:55:31 AM [] []
[2025-08-25 06:00:38] SlimMonoLogger.INFO: Cron ran at: 25-08-2025 06:00:38 AM [] []
[2025-08-25 06:05:31] SlimMonoLogger.INFO: Cron ran at: 25-08-2025 06:05:31 AM [] []
[2025-08-25 06:10:29] SlimMonoLogger.INFO: Cron ran at: 25-08-2025 06:10:29 AM [] []
[2025-08-25 06:15:30] SlimMonoLogger.INFO: Cron ran at: 25-08-2025 06:15:30 AM [] []
[2025-08-25 06:20:28] SlimMonoLogger.INFO: Cron ran at: 25-08-2025 06:20:28 AM [] []
[2025-08-25 06:25:31] SlimMonoLogger.INFO: Cron ran at: 25-08-2025 06:25:31 AM [] []
[2025-08-25 06:30:33] SlimMonoLogger.INFO: Cron ran at: 25-08-2025 06:30:33 AM [] []
[2025-08-25 06:35:33] SlimMonoLogger.INFO: Cron ran at: 25-08-2025 06:35:33 AM [] []
[2025-08-25 06:40:35] SlimMonoLogger.INFO: Cron ran at: 25-08-2025 06:40:35 AM [] []
[2025-08-25 06:45:30] SlimMonoLogger.INFO: Cron ran at: 25-08-2025 06:45:30 AM [] []
[2025-08-25 06:50:32] SlimMonoLogger.INFO: Cron ran at: 25-08-2025 06:50:32 AM [] []
[2025-08-25 06:55:30] SlimMonoLogger.INFO: Cron ran at: 25-08-2025 06:55:30 AM [] []
[2025-08-25 07:00:34] SlimMonoLogger.INFO: Cron ran at: 25-08-2025 07:00:34 AM [] []
[2025-08-25 07:05:29] SlimMonoLogger.INFO: Cron ran at: 25-08-2025 07:05:29 AM [] []
[2025-08-25 07:10:34] SlimMonoLogger.INFO: Cron ran at: 25-08-2025 07:10:34 AM [] []
[2025-08-25 07:15:35] SlimMonoLogger.INFO: Cron ran at: 25-08-2025 07:15:35 AM [] []
[2025-08-25 07:20:31] SlimMonoLogger.INFO: Cron ran at: 25-08-2025 07:20:31 AM [] []
[2025-08-25 07:25:36] SlimMonoLogger.INFO: Cron ran at: 25-08-2025 07:25:36 AM [] []
[2025-08-25 07:30:32] SlimMonoLogger.INFO: Cron ran at: 25-08-2025 07:30:32 AM [] []
[2025-08-25 07:35:29] SlimMonoLogger.INFO: Cron ran at: 25-08-2025 07:35:29 AM [] []
[2025-08-25 07:40:34] SlimMonoLogger.INFO: Cron ran at: 25-08-2025 07:40:34 AM [] []
[2025-08-25 07:45:29] SlimMonoLogger.INFO: Cron ran at: 25-08-2025 07:45:29 AM [] []
[2025-08-25 07:50:34] SlimMonoLogger.INFO: Cron ran at: 25-08-2025 07:50:34 AM [] []
[2025-08-25 07:55:30] SlimMonoLogger.INFO: Cron ran at: 25-08-2025 07:55:30 AM [] []
[2025-08-25 08:00:38] SlimMonoLogger.INFO: Cron ran at: 25-08-2025 08:00:38 AM [] []
[2025-08-25 08:05:38] SlimMonoLogger.INFO: Cron ran at: 25-08-2025 08:05:38 AM [] []
[2025-08-25 08:10:33] SlimMonoLogger.INFO: Cron ran at: 25-08-2025 08:10:33 AM [] []
[2025-08-25 08:15:33] SlimMonoLogger.INFO: Cron ran at: 25-08-2025 08:15:33 AM [] []
[2025-08-25 08:20:38] SlimMonoLogger.INFO: Cron ran at: 25-08-2025 08:20:38 AM [] []
[2025-08-25 08:25:37] SlimMonoLogger.INFO: Cron ran at: 25-08-2025 08:25:37 AM [] []
[2025-08-25 08:30:36] SlimMonoLogger.INFO: Cron ran at: 25-08-2025 08:30:36 AM [] []
[2025-08-25 08:35:34] SlimMonoLogger.INFO: Cron ran at: 25-08-2025 08:35:34 AM [] []
[2025-08-25 08:40:32] SlimMonoLogger.INFO: Cron ran at: 25-08-2025 08:40:32 AM [] []
[2025-08-25 08:45:38] SlimMonoLogger.INFO: Cron ran at: 25-08-2025 08:45:38 AM [] []
[2025-08-25 08:50:32] SlimMonoLogger.INFO: Cron ran at: 25-08-2025 08:50:32 AM [] []
[2025-08-25 08:55:34] SlimMonoLogger.INFO: Cron ran at: 25-08-2025 08:55:34 AM [] []
[2025-08-25 09:00:41] SlimMonoLogger.INFO: Cron ran at: 25-08-2025 09:00:41 AM [] []
[2025-08-25 09:05:35] SlimMonoLogger.INFO: Cron ran at: 25-08-2025 09:05:35 AM [] []
[2025-08-25 09:10:35] SlimMonoLogger.INFO: Cron ran at: 25-08-2025 09:10:35 AM [] []
[2025-08-25 09:15:36] SlimMonoLogger.INFO: Cron ran at: 25-08-2025 09:15:36 AM [] []
[2025-08-25 09:20:36] SlimMonoLogger.INFO: Cron ran at: 25-08-2025 09:20:36 AM [] []
[2025-08-25 09:25:34] SlimMonoLogger.INFO: Cron ran at: 25-08-2025 09:25:34 AM [] []
[2025-08-25 09:30:41] SlimMonoLogger.INFO: Cron ran at: 25-08-2025 09:30:41 AM [] []
[2025-08-25 09:35:30] SlimMonoLogger.INFO: Cron ran at: 25-08-2025 09:35:30 AM [] []
[2025-08-25 09:40:33] SlimMonoLogger.INFO: Cron ran at: 25-08-2025 09:40:33 AM [] []
[2025-08-25 09:45:35] SlimMonoLogger.INFO: Cron ran at: 25-08-2025 09:45:35 AM [] []
[2025-08-25 09:50:37] SlimMonoLogger.INFO: Cron ran at: 25-08-2025 09:50:37 AM [] []
[2025-08-25 09:55:32] SlimMonoLogger.INFO: Cron ran at: 25-08-2025 09:55:32 AM [] []
[2025-08-25 10:00:29] SlimMonoLogger.INFO: Cron ran at: 25-08-2025 10:00:29 AM [] []
[2025-08-25 10:05:36] SlimMonoLogger.INFO: Cron ran at: 25-08-2025 10:05:36 AM [] []
[2025-08-25 10:10:39] SlimMonoLogger.INFO: Cron ran at: 25-08-2025 10:10:39 AM [] []
[2025-08-25 10:15:35] SlimMonoLogger.INFO: Cron ran at: 25-08-2025 10:15:35 AM [] []
[2025-08-25 10:20:33] SlimMonoLogger.INFO: Cron ran at: 25-08-2025 10:20:33 AM [] []
[2025-08-25 10:25:37] SlimMonoLogger.INFO: Cron ran at: 25-08-2025 10:25:37 AM [] []
[2025-08-25 10:30:31] SlimMonoLogger.INFO: Cron ran at: 25-08-2025 10:30:31 AM [] []
[2025-08-25 10:35:09] SlimMonoLogger.ERROR: Requests_Exception: cURL error 52: Empty reply from server in /home/latihtal/public_html/agregator1/src/vendor/rmccue/requests/library/Requests/Transport/cURL.php:422
Stack trace:
#0 /home/latihtal/public_html/agregator1/src/vendor/rmccue/requests/library/Requests/Transport/cURL.php(177): Requests_Transport_cURL->process_response()
#1 /home/latihtal/public_html/agregator1/src/vendor/rmccue/requests/library/Requests.php(379): Requests_Transport_cURL->request()
#2 /home/latihtal/public_html/agregator1/src/vendor/rmccue/requests/library/Requests/Session.php(205): Requests::request()
#3 /home/latihtal/public_html/agregator1/src/vendor/rmccue/requests/library/Requests/Session.php(132): Requests_Session->request()
#4 /home/latihtal/public_html/agregator1/src/drivers/Http/RssImporter.php(144): Requests_Session->get()
#5 /home/latihtal/public_html/agregator1/src/controllers/Dashboard/DashboardFeedsController.php(534): spark\drivers\Http\RssImporter->fetchPosts()
#6 /home/latihtal/public_html/agregator1/src/controllers/Site/SiteController.php(722): spark\controllers\Dashboard\DashboardFeedsController::importFeedPosts()
#7 [internal function]: spark\controllers\Site\SiteController->runTasks()
#8 /home/latihtal/public_html/agregator1/src/framework/Route.php(173): call_user_func_array()
#9 [internal function]: Slim\Route->Slim\{closure}()
#10 /home/latihtal/public_html/agregator1/src/framework/Route.php(468): call_user_func_array()
#11 /home/latihtal/public_html/agregator1/src/framework/Slim.php(1364): Slim\Route->dispatch()
#12 /home/latihtal/public_html/agregator1/src/framework/Middleware/Flash.php(85): Slim\Slim->call()
#13 /home/latihtal/public_html/agregator1/src/framework/Middleware/MethodOverride.php(92): Slim\Middleware\Flash->call()
#14 /home/latihtal/public_html/agregator1/src/middlewares/CsrfGuard/CsrfGuard.php(47): Slim\Middleware\MethodOverride->call()
#15 /home/latihtal/public_html/agregator1/src/framework/Middleware/PrettyExceptions.php(67): spark\middlewares\CsrfGuard\CsrfGuard->call()
#16 /home/latihtal/public_html/agregator1/src/framework/Slim.php(1308): Slim\Middleware\PrettyExceptions->call()
#17 /home/latihtal/public_html/agregator1/index.php(6): Slim\Slim->run()
#18 {main} [] []
[2025-08-25 10:35:34] SlimMonoLogger.INFO: Cron ran at: 25-08-2025 10:35:34 AM [] []
[2025-08-25 10:40:37] SlimMonoLogger.INFO: Cron ran at: 25-08-2025 10:40:37 AM [] []
[2025-08-25 10:45:34] SlimMonoLogger.INFO: Cron ran at: 25-08-2025 10:45:34 AM [] []
[2025-08-25 10:50:35] SlimMonoLogger.INFO: Cron ran at: 25-08-2025 10:50:35 AM [] []
[2025-08-25 10:55:38] SlimMonoLogger.INFO: Cron ran at: 25-08-2025 10:55:38 AM [] []
[2025-08-25 11:00:34] SlimMonoLogger.INFO: Cron ran at: 25-08-2025 11:00:34 AM [] []
[2025-08-25 11:05:32] SlimMonoLogger.INFO: Cron ran at: 25-08-2025 11:05:32 AM [] []
[2025-08-25 11:10:32] SlimMonoLogger.INFO: Cron ran at: 25-08-2025 11:10:32 AM [] []
[2025-08-25 11:15:40] SlimMonoLogger.INFO: Cron ran at: 25-08-2025 11:15:40 AM [] []
[2025-08-25 11:20:37] SlimMonoLogger.INFO: Cron ran at: 25-08-2025 11:20:37 AM [] []
[2025-08-25 11:25:38] SlimMonoLogger.INFO: Cron ran at: 25-08-2025 11:25:38 AM [] []
[2025-08-25 11:30:38] SlimMonoLogger.INFO: Cron ran at: 25-08-2025 11:30:38 AM [] []
[2025-08-25 11:35:37] SlimMonoLogger.INFO: Cron ran at: 25-08-2025 11:35:37 AM [] []
[2025-08-25 11:40:35] SlimMonoLogger.INFO: Cron ran at: 25-08-2025 11:40:35 AM [] []
[2025-08-25 11:45:30] SlimMonoLogger.INFO: Cron ran at: 25-08-2025 11:45:30 AM [] []
[2025-08-25 11:50:37] SlimMonoLogger.INFO: Cron ran at: 25-08-2025 11:50:37 AM [] []
[2025-08-25 11:55:30] SlimMonoLogger.INFO: Cron ran at: 25-08-2025 11:55:30 AM [] []
[2025-08-25 12:00:42] SlimMonoLogger.INFO: Cron ran at: 25-08-2025 12:00:42 PM [] []
[2025-08-25 12:05:38] SlimMonoLogger.INFO: Cron ran at: 25-08-2025 12:05:38 PM [] []
[2025-08-25 12:10:37] SlimMonoLogger.INFO: Cron ran at: 25-08-2025 12:10:37 PM [] []
[2025-08-25 12:15:29] SlimMonoLogger.INFO: Cron ran at: 25-08-2025 12:15:29 PM [] []
[2025-08-25 12:20:33] SlimMonoLogger.INFO: Cron ran at: 25-08-2025 12:20:33 PM [] []
[2025-08-25 12:25:33] SlimMonoLogger.INFO: Cron ran at: 25-08-2025 12:25:33 PM [] []
[2025-08-25 12:30:34] SlimMonoLogger.INFO: Cron ran at: 25-08-2025 12:30:34 PM [] []
[2025-08-25 12:35:36] SlimMonoLogger.INFO: Cron ran at: 25-08-2025 12:35:36 PM [] []
[2025-08-25 12:40:36] SlimMonoLogger.INFO: Cron ran at: 25-08-2025 12:40:36 PM [] []
[2025-08-25 12:45:35] SlimMonoLogger.INFO: Cron ran at: 25-08-2025 12:45:35 PM [] []
[2025-08-25 12:50:37] SlimMonoLogger.INFO: Cron ran at: 25-08-2025 12:50:37 PM [] []
[2025-08-25 12:55:34] SlimMonoLogger.INFO: Cron ran at: 25-08-2025 12:55:34 PM [] []
[2025-08-25 13:00:39] SlimMonoLogger.INFO: Cron ran at: 25-08-2025 01:00:39 PM [] []
[2025-08-25 13:05:34] SlimMonoLogger.INFO: Cron ran at: 25-08-2025 01:05:34 PM [] []
[2025-08-25 13:10:37] SlimMonoLogger.INFO: Cron ran at: 25-08-2025 01:10:37 PM [] []
[2025-08-25 13:15:38] SlimMonoLogger.INFO: Cron ran at: 25-08-2025 01:15:38 PM [] []
[2025-08-25 13:20:37] SlimMonoLogger.INFO: Cron ran at: 25-08-2025 01:20:37 PM [] []
[2025-08-25 13:25:31] SlimMonoLogger.INFO: Cron ran at: 25-08-2025 01:25:31 PM [] []
[2025-08-25 13:30:45] SlimMonoLogger.INFO: Cron ran at: 25-08-2025 01:30:45 PM [] []
[2025-08-25 13:35:48] SlimMonoLogger.INFO: Cron ran at: 25-08-2025 01:35:48 PM [] []
[2025-08-25 13:40:45] SlimMonoLogger.INFO: Cron ran at: 25-08-2025 01:40:45 PM [] []
[2025-08-25 13:45:36] SlimMonoLogger.INFO: Cron ran at: 25-08-2025 01:45:36 PM [] []
[2025-08-25 13:50:32] SlimMonoLogger.INFO: Cron ran at: 25-08-2025 01:50:32 PM [] []
[2025-08-25 13:55:38] SlimMonoLogger.INFO: Cron ran at: 25-08-2025 01:55:38 PM [] []
[2025-08-25 14:00:39] SlimMonoLogger.INFO: Cron ran at: 25-08-2025 02:00:39 PM [] []
[2025-08-25 14:05:38] SlimMonoLogger.INFO: Cron ran at: 25-08-2025 02:05:38 PM [] []
[2025-08-25 14:10:36] SlimMonoLogger.INFO: Cron ran at: 25-08-2025 02:10:36 PM [] []
[2025-08-25 14:15:34] SlimMonoLogger.INFO: Cron ran at: 25-08-2025 02:15:34 PM [] []
[2025-08-25 14:20:39] SlimMonoLogger.INFO: Cron ran at: 25-08-2025 02:20:39 PM [] []
[2025-08-25 14:25:36] SlimMonoLogger.INFO: Cron ran at: 25-08-2025 02:25:36 PM [] []
[2025-08-25 14:30:37] SlimMonoLogger.INFO: Cron ran at: 25-08-2025 02:30:37 PM [] []
[2025-08-25 14:35:43] SlimMonoLogger.INFO: Cron ran at: 25-08-2025 02:35:43 PM [] []
[2025-08-25 14:40:29] SlimMonoLogger.INFO: Cron ran at: 25-08-2025 02:40:29 PM [] []
[2025-08-25 14:45:32] SlimMonoLogger.INFO: Cron ran at: 25-08-2025 02:45:32 PM [] []
[2025-08-25 14:50:34] SlimMonoLogger.INFO: Cron ran at: 25-08-2025 02:50:34 PM [] []
[2025-08-25 14:55:33] SlimMonoLogger.INFO: Cron ran at: 25-08-2025 02:55:33 PM [] []
[2025-08-25 15:00:47] SlimMonoLogger.INFO: Cron ran at: 25-08-2025 03:00:47 PM [] []
[2025-08-25 15:05:35] SlimMonoLogger.INFO: Cron ran at: 25-08-2025 03:05:35 PM [] []
[2025-08-25 15:10:34] SlimMonoLogger.INFO: Cron ran at: 25-08-2025 03:10:34 PM [] []
[2025-08-25 15:15:34] SlimMonoLogger.INFO: Cron ran at: 25-08-2025 03:15:34 PM [] []
[2025-08-25 15:20:42] SlimMonoLogger.INFO: Cron ran at: 25-08-2025 03:20:42 PM [] []
[2025-08-25 15:25:34] SlimMonoLogger.INFO: Cron ran at: 25-08-2025 03:25:34 PM [] []
[2025-08-25 15:30:37] SlimMonoLogger.INFO: Cron ran at: 25-08-2025 03:30:37 PM [] []
[2025-08-25 15:35:36] SlimMonoLogger.INFO: Cron ran at: 25-08-2025 03:35:36 PM [] []
[2025-08-25 15:40:35] SlimMonoLogger.INFO: Cron ran at: 25-08-2025 03:40:35 PM [] []
[2025-08-25 15:45:34] SlimMonoLogger.INFO: Cron ran at: 25-08-2025 03:45:34 PM [] []
[2025-08-25 15:50:30] SlimMonoLogger.INFO: Cron ran at: 25-08-2025 03:50:30 PM [] []
[2025-08-25 15:55:31] SlimMonoLogger.INFO: Cron ran at: 25-08-2025 03:55:31 PM [] []
[2025-08-25 16:00:40] SlimMonoLogger.INFO: Cron ran at: 25-08-2025 04:00:40 PM [] []
[2025-08-25 16:05:44] SlimMonoLogger.INFO: Cron ran at: 25-08-2025 04:05:44 PM [] []
[2025-08-25 16:10:39] SlimMonoLogger.INFO: Cron ran at: 25-08-2025 04:10:39 PM [] []
[2025-08-25 16:15:31] SlimMonoLogger.INFO: Cron ran at: 25-08-2025 04:15:31 PM [] []
[2025-08-25 16:20:32] SlimMonoLogger.INFO: Cron ran at: 25-08-2025 04:20:32 PM [] []
[2025-08-25 16:25:32] SlimMonoLogger.INFO: Cron ran at: 25-08-2025 04:25:32 PM [] []
[2025-08-25 16:31:11] SlimMonoLogger.INFO: Cron ran at: 25-08-2025 04:31:11 PM [] []
[2025-08-25 16:35:28] SlimMonoLogger.INFO: Cron ran at: 25-08-2025 04:35:28 PM [] []
[2025-08-25 16:40:32] SlimMonoLogger.INFO: Cron ran at: 25-08-2025 04:40:32 PM [] []
[2025-08-25 16:45:33] SlimMonoLogger.INFO: Cron ran at: 25-08-2025 04:45:33 PM [] []
[2025-08-25 16:50:28] SlimMonoLogger.INFO: Cron ran at: 25-08-2025 04:50:28 PM [] []
[2025-08-25 16:55:35] SlimMonoLogger.INFO: Cron ran at: 25-08-2025 04:55:35 PM [] []
[2025-08-25 17:00:35] SlimMonoLogger.INFO: Cron ran at: 25-08-2025 05:00:35 PM [] []
[2025-08-25 17:05:35] SlimMonoLogger.INFO: Cron ran at: 25-08-2025 05:05:35 PM [] []
[2025-08-25 17:10:37] SlimMonoLogger.INFO: Cron ran at: 25-08-2025 05:10:37 PM [] []
[2025-08-25 17:15:34] SlimMonoLogger.INFO: Cron ran at: 25-08-2025 05:15:34 PM [] []
[2025-08-25 17:20:31] SlimMonoLogger.INFO: Cron ran at: 25-08-2025 05:20:31 PM [] []
[2025-08-25 17:25:33] SlimMonoLogger.INFO: Cron ran at: 25-08-2025 05:25:33 PM [] []
[2025-08-25 17:30:33] SlimMonoLogger.INFO: Cron ran at: 25-08-2025 05:30:33 PM [] []
[2025-08-25 17:35:35] SlimMonoLogger.INFO: Cron ran at: 25-08-2025 05:35:35 PM [] []
[2025-08-25 17:40:33] SlimMonoLogger.INFO: Cron ran at: 25-08-2025 05:40:33 PM [] []
[2025-08-25 17:45:33] SlimMonoLogger.INFO: Cron ran at: 25-08-2025 05:45:33 PM [] []
[2025-08-25 17:50:32] SlimMonoLogger.INFO: Cron ran at: 25-08-2025 05:50:32 PM [] []
[2025-08-25 17:55:32] SlimMonoLogger.INFO: Cron ran at: 25-08-2025 05:55:32 PM [] []
[2025-08-25 18:00:44] SlimMonoLogger.INFO: Cron ran at: 25-08-2025 06:00:44 PM [] []
[2025-08-25 18:05:31] SlimMonoLogger.INFO: Cron ran at: 25-08-2025 06:05:31 PM [] []
[2025-08-25 18:10:29] SlimMonoLogger.INFO: Cron ran at: 25-08-2025 06:10:29 PM [] []
[2025-08-25 18:15:31] SlimMonoLogger.INFO: Cron ran at: 25-08-2025 06:15:31 PM [] []
[2025-08-25 18:20:38] SlimMonoLogger.INFO: Cron ran at: 25-08-2025 06:20:38 PM [] []
[2025-08-25 18:25:31] SlimMonoLogger.INFO: Cron ran at: 25-08-2025 06:25:31 PM [] []
[2025-08-25 18:30:39] SlimMonoLogger.INFO: Cron ran at: 25-08-2025 06:30:39 PM [] []
[2025-08-25 18:35:30] SlimMonoLogger.INFO: Cron ran at: 25-08-2025 06:35:30 PM [] []
[2025-08-25 18:40:38] SlimMonoLogger.INFO: Cron ran at: 25-08-2025 06:40:38 PM [] []
[2025-08-25 18:45:30] SlimMonoLogger.INFO: Cron ran at: 25-08-2025 06:45:30 PM [] []
[2025-08-25 18:50:35] SlimMonoLogger.INFO: Cron ran at: 25-08-2025 06:50:35 PM [] []
[2025-08-25 18:55:31] SlimMonoLogger.INFO: Cron ran at: 25-08-2025 06:55:31 PM [] []
[2025-08-25 19:00:37] SlimMonoLogger.INFO: Cron ran at: 25-08-2025 07:00:37 PM [] []
[2025-08-25 19:05:36] SlimMonoLogger.INFO: Cron ran at: 25-08-2025 07:05:36 PM [] []
[2025-08-25 19:10:31] SlimMonoLogger.INFO: Cron ran at: 25-08-2025 07:10:31 PM [] []
[2025-08-25 19:15:37] SlimMonoLogger.INFO: Cron ran at: 25-08-2025 07:15:37 PM [] []
[2025-08-25 19:20:32] SlimMonoLogger.INFO: Cron ran at: 25-08-2025 07:20:32 PM [] []
[2025-08-25 19:25:32] SlimMonoLogger.INFO: Cron ran at: 25-08-2025 07:25:32 PM [] []
[2025-08-25 19:30:38] SlimMonoLogger.INFO: Cron ran at: 25-08-2025 07:30:38 PM [] []
[2025-08-25 19:35:35] SlimMonoLogger.INFO: Cron ran at: 25-08-2025 07:35:35 PM [] []
[2025-08-25 19:40:42] SlimMonoLogger.INFO: Cron ran at: 25-08-2025 07:40:42 PM [] []
[2025-08-25 19:45:36] SlimMonoLogger.INFO: Cron ran at: 25-08-2025 07:45:36 PM [] []
[2025-08-25 19:50:39] SlimMonoLogger.INFO: Cron ran at: 25-08-2025 07:50:39 PM [] []
[2025-08-25 19:55:31] SlimMonoLogger.INFO: Cron ran at: 25-08-2025 07:55:31 PM [] []
[2025-08-25 20:00:43] SlimMonoLogger.INFO: Cron ran at: 25-08-2025 08:00:43 PM [] []
[2025-08-25 20:05:38] SlimMonoLogger.INFO: Cron ran at: 25-08-2025 08:05:38 PM [] []
[2025-08-25 20:10:41] SlimMonoLogger.INFO: Cron ran at: 25-08-2025 08:10:41 PM [] []
[2025-08-25 20:15:39] SlimMonoLogger.INFO: Cron ran at: 25-08-2025 08:15:39 PM [] []
[2025-08-25 20:20:30] SlimMonoLogger.INFO: Cron ran at: 25-08-2025 08:20:30 PM [] []
[2025-08-25 20:25:33] SlimMonoLogger.INFO: Cron ran at: 25-08-2025 08:25:33 PM [] []
[2025-08-25 20:30:41] SlimMonoLogger.INFO: Cron ran at: 25-08-2025 08:30:41 PM [] []
[2025-08-25 20:35:42] SlimMonoLogger.INFO: Cron ran at: 25-08-2025 08:35:42 PM [] []
[2025-08-25 20:40:45] SlimMonoLogger.INFO: Cron ran at: 25-08-2025 08:40:45 PM [] []
[2025-08-25 20:45:44] SlimMonoLogger.INFO: Cron ran at: 25-08-2025 08:45:44 PM [] []
[2025-08-25 20:50:44] SlimMonoLogger.INFO: Cron ran at: 25-08-2025 08:50:44 PM [] []
[2025-08-25 20:55:35] SlimMonoLogger.INFO: Cron ran at: 25-08-2025 08:55:35 PM [] []
[2025-08-25 21:00:42] SlimMonoLogger.INFO: Cron ran at: 25-08-2025 09:00:42 PM [] []
[2025-08-25 21:05:32] SlimMonoLogger.INFO: Cron ran at: 25-08-2025 09:05:32 PM [] []
[2025-08-25 21:10:31] SlimMonoLogger.INFO: Cron ran at: 25-08-2025 09:10:31 PM [] []
[2025-08-25 21:15:41] SlimMonoLogger.INFO: Cron ran at: 25-08-2025 09:15:41 PM [] []
[2025-08-25 21:20:35] SlimMonoLogger.INFO: Cron ran at: 25-08-2025 09:20:35 PM [] []
[2025-08-25 21:25:30] SlimMonoLogger.INFO: Cron ran at: 25-08-2025 09:25:30 PM [] []
[2025-08-25 21:30:39] SlimMonoLogger.INFO: Cron ran at: 25-08-2025 09:30:39 PM [] []
[2025-08-25 21:35:37] SlimMonoLogger.INFO: Cron ran at: 25-08-2025 09:35:37 PM [] []
[2025-08-25 21:40:34] SlimMonoLogger.INFO: Cron ran at: 25-08-2025 09:40:34 PM [] []
[2025-08-25 21:45:37] SlimMonoLogger.INFO: Cron ran at: 25-08-2025 09:45:37 PM [] []
[2025-08-25 21:50:32] SlimMonoLogger.INFO: Cron ran at: 25-08-2025 09:50:32 PM [] []
[2025-08-25 21:55:31] SlimMonoLogger.INFO: Cron ran at: 25-08-2025 09:55:31 PM [] []
[2025-08-25 22:00:37] SlimMonoLogger.INFO: Cron ran at: 25-08-2025 10:00:37 PM [] []
[2025-08-25 22:05:35] SlimMonoLogger.INFO: Cron ran at: 25-08-2025 10:05:35 PM [] []
[2025-08-25 22:10:35] SlimMonoLogger.INFO: Cron ran at: 25-08-2025 10:10:35 PM [] []
[2025-08-25 22:15:44] SlimMonoLogger.INFO: Cron ran at: 25-08-2025 10:15:44 PM [] []
[2025-08-25 22:20:30] SlimMonoLogger.INFO: Cron ran at: 25-08-2025 10:20:30 PM [] []
[2025-08-25 22:25:34] SlimMonoLogger.INFO: Cron ran at: 25-08-2025 10:25:34 PM [] []
[2025-08-25 22:30:34] SlimMonoLogger.INFO: Cron ran at: 25-08-2025 10:30:34 PM [] []
[2025-08-25 22:35:32] SlimMonoLogger.INFO: Cron ran at: 25-08-2025 10:35:32 PM [] []
[2025-08-25 22:40:41] SlimMonoLogger.INFO: Cron ran at: 25-08-2025 10:40:41 PM [] []
[2025-08-25 22:45:38] SlimMonoLogger.INFO: Cron ran at: 25-08-2025 10:45:38 PM [] []
[2025-08-25 22:50:27] SlimMonoLogger.INFO: Cron ran at: 25-08-2025 10:50:27 PM [] []
[2025-08-25 22:55:34] SlimMonoLogger.INFO: Cron ran at: 25-08-2025 10:55:34 PM [] []
[2025-08-25 23:00:33] SlimMonoLogger.INFO: Cron ran at: 25-08-2025 11:00:33 PM [] []
[2025-08-25 23:05:33] SlimMonoLogger.INFO: Cron ran at: 25-08-2025 11:05:33 PM [] []
[2025-08-25 23:10:32] SlimMonoLogger.INFO: Cron ran at: 25-08-2025 11:10:32 PM [] []
[2025-08-25 23:15:32] SlimMonoLogger.INFO: Cron ran at: 25-08-2025 11:15:32 PM [] []
[2025-08-25 23:20:29] SlimMonoLogger.INFO: Cron ran at: 25-08-2025 11:20:29 PM [] []
[2025-08-25 23:25:31] SlimMonoLogger.INFO: Cron ran at: 25-08-2025 11:25:31 PM [] []
[2025-08-25 23:30:32] SlimMonoLogger.INFO: Cron ran at: 25-08-2025 11:30:32 PM [] []
[2025-08-25 23:35:33] SlimMonoLogger.INFO: Cron ran at: 25-08-2025 11:35:33 PM [] []
[2025-08-25 23:40:33] SlimMonoLogger.INFO: Cron ran at: 25-08-2025 11:40:33 PM [] []
[2025-08-25 23:45:34] SlimMonoLogger.INFO: Cron ran at: 25-08-2025 11:45:34 PM [] []
[2025-08-25 23:50:32] SlimMonoLogger.INFO: Cron ran at: 25-08-2025 11:50:32 PM [] []
[2025-08-25 23:55:29] SlimMonoLogger.INFO: Cron ran at: 25-08-2025 11:55:29 PM [] []
[2025-08-26 00:00:40] SlimMonoLogger.INFO: Cron ran at: 26-08-2025 12:00:40 AM [] []
[2025-08-26 00:05:33] SlimMonoLogger.INFO: Cron ran at: 26-08-2025 12:05:33 AM [] []
[2025-08-26 00:10:31] SlimMonoLogger.INFO: Cron ran at: 26-08-2025 12:10:31 AM [] []
[2025-08-26 00:15:33] SlimMonoLogger.INFO: Cron ran at: 26-08-2025 12:15:33 AM [] []
[2025-08-26 00:20:29] SlimMonoLogger.INFO: Cron ran at: 26-08-2025 12:20:29 AM [] []
[2025-08-26 00:25:27] SlimMonoLogger.INFO: Cron ran at: 26-08-2025 12:25:27 AM [] []
[2025-08-26 00:30:34] SlimMonoLogger.INFO: Cron ran at: 26-08-2025 12:30:34 AM [] []
[2025-08-26 00:35:30] SlimMonoLogger.INFO: Cron ran at: 26-08-2025 12:35:30 AM [] []
[2025-08-26 00:40:30] SlimMonoLogger.INFO: Cron ran at: 26-08-2025 12:40:30 AM [] []
[2025-08-26 00:45:38] SlimMonoLogger.INFO: Cron ran at: 26-08-2025 12:45:38 AM [] []
[2025-08-26 00:50:31] SlimMonoLogger.INFO: Cron ran at: 26-08-2025 12:50:31 AM [] []
[2025-08-26 00:55:31] SlimMonoLogger.INFO: Cron ran at: 26-08-2025 12:55:31 AM [] []
[2025-08-26 01:00:32] SlimMonoLogger.INFO: Cron ran at: 26-08-2025 01:00:32 AM [] []
[2025-08-26 01:05:48] SlimMonoLogger.INFO: Cron ran at: 26-08-2025 01:05:48 AM [] []
[2025-08-26 01:10:38] SlimMonoLogger.INFO: Cron ran at: 26-08-2025 01:10:38 AM [] []
[2025-08-26 01:15:31] SlimMonoLogger.INFO: Cron ran at: 26-08-2025 01:15:31 AM [] []
[2025-08-26 01:20:42] SlimMonoLogger.INFO: Cron ran at: 26-08-2025 01:20:42 AM [] []
[2025-08-26 01:25:41] SlimMonoLogger.INFO: Cron ran at: 26-08-2025 01:25:41 AM [] []
[2025-08-26 01:30:38] SlimMonoLogger.INFO: Cron ran at: 26-08-2025 01:30:38 AM [] []
[2025-08-26 01:35:27] SlimMonoLogger.INFO: Cron ran at: 26-08-2025 01:35:27 AM [] []
[2025-08-26 01:40:29] SlimMonoLogger.INFO: Cron ran at: 26-08-2025 01:40:29 AM [] []
[2025-08-26 01:45:34] SlimMonoLogger.INFO: Cron ran at: 26-08-2025 01:45:34 AM [] []
[2025-08-26 01:50:31] SlimMonoLogger.INFO: Cron ran at: 26-08-2025 01:50:31 AM [] []
[2025-08-26 01:55:39] SlimMonoLogger.INFO: Cron ran at: 26-08-2025 01:55:39 AM [] []
