[2026-07-25 18:50:00] SlimMonoLogger.ERROR: Requests_Exception: cURL error 52: Empty reply from server in C:\xampp\htdocs\agregator1\src\vendor\rmccue\requests\library\Requests\Transport\cURL.php:422
Stack trace:
#0 C:\xampp\htdocs\agregator1\src\vendor\rmccue\requests\library\Requests\Transport\cURL.php(177): Requests_Transport_cURL->process_response('', Array)
#1 C:\xampp\htdocs\agregator1\src\vendor\rmccue\requests\library\Requests.php(379): Requests_Transport_cURL->request('https://www.you...', Array, Array, Array)
#2 C:\xampp\htdocs\agregator1\src\vendor\rmccue\requests\library\Requests\Session.php(205): Requests::request('https://www.you...', Array, Array, 'GET', Array)
#3 C:\xampp\htdocs\agregator1\src\vendor\rmccue\requests\library\Requests\Session.php(132): Requests_Session->request('https://www.you...', Array, NULL, 'GET', Array)
#4 C:\xampp\htdocs\agregator1\src\drivers\Http\RssImporter.php(144): Requests_Session->get('https://www.you...')
#5 C:\xampp\htdocs\agregator1\src\controllers\Dashboard\DashboardFeedsController.php(534): spark\drivers\Http\RssImporter->fetchPosts(Array)
#6 C:\xampp\htdocs\agregator1\src\controllers\Site\SiteController.php(722): spark\controllers\Dashboard\DashboardFeedsController::importFeedPosts(Array, true)
#7 [internal function]: spark\controllers\Site\SiteController->runTasks()
#8 C:\xampp\htdocs\agregator1\src\framework\Route.php(173): call_user_func_array(Array, Array)
#9 [internal function]: Slim\Route->Slim\{closure}()
#10 C:\xampp\htdocs\agregator1\src\framework\Route.php(468): call_user_func_array(Object(Closure), Array)
#11 C:\xampp\htdocs\agregator1\src\framework\Slim.php(1364): Slim\Route->dispatch()
#12 C:\xampp\htdocs\agregator1\src\framework\Middleware\Flash.php(85): Slim\Slim->call()
#13 C:\xampp\htdocs\agregator1\src\framework\Middleware\MethodOverride.php(92): Slim\Middleware\Flash->call()
#14 C:\xampp\htdocs\agregator1\src\middlewares\CsrfGuard\CsrfGuard.php(47): Slim\Middleware\MethodOverride->call()
#15 C:\xampp\htdocs\agregator1\src\framework\Middleware\PrettyExceptions.php(67): spark\middlewares\CsrfGuard\CsrfGuard->call()
#16 C:\xampp\htdocs\agregator1\src\framework\Slim.php(1308): Slim\Middleware\PrettyExceptions->call()
#17 C:\xampp\htdocs\agregator1\index.php(6): Slim\Slim->run()
#18 {main} [] []
[2026-07-25 18:50:54] SlimMonoLogger.ERROR: Requests_Exception: cURL error 52: Empty reply from server in C:\xampp\htdocs\agregator1\src\vendor\rmccue\requests\library\Requests\Transport\cURL.php:422
Stack trace:
#0 C:\xampp\htdocs\agregator1\src\vendor\rmccue\requests\library\Requests\Transport\cURL.php(177): Requests_Transport_cURL->process_response('', Array)
#1 C:\xampp\htdocs\agregator1\src\vendor\rmccue\requests\library\Requests.php(379): Requests_Transport_cURL->request('https://www.you...', Array, Array, Array)
#2 C:\xampp\htdocs\agregator1\src\vendor\rmccue\requests\library\Requests\Session.php(205): Requests::request('https://www.you...', Array, Array, 'GET', Array)
#3 C:\xampp\htdocs\agregator1\src\vendor\rmccue\requests\library\Requests\Session.php(132): Requests_Session->request('https://www.you...', Array, NULL, 'GET', Array)
#4 C:\xampp\htdocs\agregator1\src\drivers\Http\RssImporter.php(144): Requests_Session->get('https://www.you...')
#5 C:\xampp\htdocs\agregator1\src\controllers\Dashboard\DashboardFeedsController.php(534): spark\drivers\Http\RssImporter->fetchPosts(Array)
#6 C:\xampp\htdocs\agregator1\src\controllers\Site\SiteController.php(722): spark\controllers\Dashboard\DashboardFeedsController::importFeedPosts(Array, true)
#7 [internal function]: spark\controllers\Site\SiteController->runTasks()
#8 C:\xampp\htdocs\agregator1\src\framework\Route.php(173): call_user_func_array(Array, Array)
#9 [internal function]: Slim\Route->Slim\{closure}()
#10 C:\xampp\htdocs\agregator1\src\framework\Route.php(468): call_user_func_array(Object(Closure), Array)
#11 C:\xampp\htdocs\agregator1\src\framework\Slim.php(1364): Slim\Route->dispatch()
#12 C:\xampp\htdocs\agregator1\src\framework\Middleware\Flash.php(85): Slim\Slim->call()
#13 C:\xampp\htdocs\agregator1\src\framework\Middleware\MethodOverride.php(92): Slim\Middleware\Flash->call()
#14 C:\xampp\htdocs\agregator1\src\middlewares\CsrfGuard\CsrfGuard.php(47): Slim\Middleware\MethodOverride->call()
#15 C:\xampp\htdocs\agregator1\src\framework\Middleware\PrettyExceptions.php(67): spark\middlewares\CsrfGuard\CsrfGuard->call()
#16 C:\xampp\htdocs\agregator1\src\framework\Slim.php(1308): Slim\Middleware\PrettyExceptions->call()
#17 C:\xampp\htdocs\agregator1\index.php(6): Slim\Slim->run()
#18 {main} [] []
