[2025-08-26 02:00:36] SlimMonoLogger.INFO: Cron ran at: 26-08-2025 02:00:36 AM [] []
[2025-08-26 02:05:32] SlimMonoLogger.INFO: Cron ran at: 26-08-2025 02:05:32 AM [] []
[2025-08-26 02:10:32] SlimMonoLogger.INFO: Cron ran at: 26-08-2025 02:10:32 AM [] []
[2025-08-26 02:15:33] SlimMonoLogger.INFO: Cron ran at: 26-08-2025 02:15:33 AM [] []
[2025-08-26 02:20:32] SlimMonoLogger.INFO: Cron ran at: 26-08-2025 02:20:32 AM [] []
[2025-08-26 02:25:32] SlimMonoLogger.INFO: Cron ran at: 26-08-2025 02:25:32 AM [] []
[2025-08-26 02:30:31] SlimMonoLogger.INFO: Cron ran at: 26-08-2025 02:30:31 AM [] []
[2025-08-26 02:35:32] SlimMonoLogger.INFO: Cron ran at: 26-08-2025 02:35:32 AM [] []
[2025-08-26 02:40:32] SlimMonoLogger.INFO: Cron ran at: 26-08-2025 02:40:32 AM [] []
[2025-08-26 02:45:33] SlimMonoLogger.INFO: Cron ran at: 26-08-2025 02:45:33 AM [] []
[2025-08-26 02:50:30] SlimMonoLogger.INFO: Cron ran at: 26-08-2025 02:50:30 AM [] []
[2025-08-26 02:55:31] SlimMonoLogger.INFO: Cron ran at: 26-08-2025 02:55:31 AM [] []
[2025-08-26 03:00:38] SlimMonoLogger.INFO: Cron ran at: 26-08-2025 03:00:38 AM [] []
[2025-08-26 03:05:28] SlimMonoLogger.INFO: Cron ran at: 26-08-2025 03:05:28 AM [] []
[2025-08-26 03:10:34] SlimMonoLogger.INFO: Cron ran at: 26-08-2025 03:10:34 AM [] []
[2025-08-26 03:15:34] SlimMonoLogger.INFO: Cron ran at: 26-08-2025 03:15:34 AM [] []
[2025-08-26 03:20:30] SlimMonoLogger.INFO: Cron ran at: 26-08-2025 03:20:30 AM [] []
[2025-08-26 03:25:33] SlimMonoLogger.INFO: Cron ran at: 26-08-2025 03:25:33 AM [] []
[2025-08-26 03:30:40] SlimMonoLogger.INFO: Cron ran at: 26-08-2025 03:30:40 AM [] []
[2025-08-26 03:35:30] SlimMonoLogger.INFO: Cron ran at: 26-08-2025 03:35:30 AM [] []
[2025-08-26 03:40:30] SlimMonoLogger.INFO: Cron ran at: 26-08-2025 03:40:30 AM [] []
[2025-08-26 03:45:32] SlimMonoLogger.INFO: Cron ran at: 26-08-2025 03:45:32 AM [] []
[2025-08-26 03:50:33] SlimMonoLogger.INFO: Cron ran at: 26-08-2025 03:50:33 AM [] []
[2025-08-26 03:55:34] SlimMonoLogger.INFO: Cron ran at: 26-08-2025 03:55:34 AM [] []
[2025-08-26 04:00:31] SlimMonoLogger.INFO: Cron ran at: 26-08-2025 04:00:31 AM [] []
[2025-08-26 04:05:30] SlimMonoLogger.INFO: Cron ran at: 26-08-2025 04:05:30 AM [] []
[2025-08-26 04:10:27] SlimMonoLogger.INFO: Cron ran at: 26-08-2025 04:10:27 AM [] []
[2025-08-26 04:15:29] SlimMonoLogger.INFO: Cron ran at: 26-08-2025 04:15:29 AM [] []
[2025-08-26 04:20:30] SlimMonoLogger.INFO: Cron ran at: 26-08-2025 04:20:30 AM [] []
[2025-08-26 04:25:36] SlimMonoLogger.INFO: Cron ran at: 26-08-2025 04:25:36 AM [] []
[2025-08-26 04:30:30] SlimMonoLogger.INFO: Cron ran at: 26-08-2025 04:30:30 AM [] []
[2025-08-26 04:35:30] SlimMonoLogger.INFO: Cron ran at: 26-08-2025 04:35:30 AM [] []
[2025-08-26 04:40:29] SlimMonoLogger.INFO: Cron ran at: 26-08-2025 04:40:29 AM [] []
[2025-08-26 04:45:36] SlimMonoLogger.INFO: Cron ran at: 26-08-2025 04:45:36 AM [] []
[2025-08-26 04:50:31] SlimMonoLogger.INFO: Cron ran at: 26-08-2025 04:50:31 AM [] []
[2025-08-26 04:55:27] SlimMonoLogger.INFO: Cron ran at: 26-08-2025 04:55:27 AM [] []
[2025-08-26 05:00:35] SlimMonoLogger.INFO: Cron ran at: 26-08-2025 05:00:35 AM [] []
[2025-08-26 05:05:35] SlimMonoLogger.INFO: Cron ran at: 26-08-2025 05:05:35 AM [] []
[2025-08-26 05:10:28] SlimMonoLogger.INFO: Cron ran at: 26-08-2025 05:10:28 AM [] []
[2025-08-26 05:15:28] SlimMonoLogger.INFO: Cron ran at: 26-08-2025 05:15:28 AM [] []
[2025-08-26 05:20:31] SlimMonoLogger.INFO: Cron ran at: 26-08-2025 05:20:31 AM [] []
[2025-08-26 05:25:31] SlimMonoLogger.INFO: Cron ran at: 26-08-2025 05:25:31 AM [] []
[2025-08-26 05:30:28] SlimMonoLogger.INFO: Cron ran at: 26-08-2025 05:30:28 AM [] []
[2025-08-26 05:35:39] SlimMonoLogger.INFO: Cron ran at: 26-08-2025 05:35:39 AM [] []
[2025-08-26 05:40:28] SlimMonoLogger.INFO: Cron ran at: 26-08-2025 05:40:28 AM [] []
[2025-08-26 05:45:32] SlimMonoLogger.INFO: Cron ran at: 26-08-2025 05:45:32 AM [] []
[2025-08-26 05:50:31] SlimMonoLogger.INFO: Cron ran at: 26-08-2025 05:50:31 AM [] []
[2025-08-26 05:55:26] SlimMonoLogger.INFO: Cron ran at: 26-08-2025 05:55:26 AM [] []
[2025-08-26 06:00:34] SlimMonoLogger.INFO: Cron ran at: 26-08-2025 06:00:34 AM [] []
[2025-08-26 06:05:34] SlimMonoLogger.INFO: Cron ran at: 26-08-2025 06:05:34 AM [] []
[2025-08-26 06:10:35] SlimMonoLogger.INFO: Cron ran at: 26-08-2025 06:10:35 AM [] []
[2025-08-26 06:15:31] SlimMonoLogger.INFO: Cron ran at: 26-08-2025 06:15:31 AM [] []
[2025-08-26 06:20:34] SlimMonoLogger.INFO: Cron ran at: 26-08-2025 06:20:34 AM [] []
[2025-08-26 06:25:30] SlimMonoLogger.INFO: Cron ran at: 26-08-2025 06:25:30 AM [] []
[2025-08-26 06:30:33] SlimMonoLogger.INFO: Cron ran at: 26-08-2025 06:30:33 AM [] []
[2025-08-26 06:35:27] SlimMonoLogger.INFO: Cron ran at: 26-08-2025 06:35:27 AM [] []
[2025-08-26 06:40:34] SlimMonoLogger.INFO: Cron ran at: 26-08-2025 06:40:34 AM [] []
[2025-08-26 06:45:35] SlimMonoLogger.INFO: Cron ran at: 26-08-2025 06:45:35 AM [] []
[2025-08-26 06:50:31] SlimMonoLogger.INFO: Cron ran at: 26-08-2025 06:50:31 AM [] []
[2025-08-26 06:55:31] SlimMonoLogger.INFO: Cron ran at: 26-08-2025 06:55:31 AM [] []
[2025-08-26 07:00:35] SlimMonoLogger.INFO: Cron ran at: 26-08-2025 07:00:35 AM [] []
[2025-08-26 07:05:30] SlimMonoLogger.INFO: Cron ran at: 26-08-2025 07:05:30 AM [] []
[2025-08-26 07:10:29] SlimMonoLogger.INFO: Cron ran at: 26-08-2025 07:10:29 AM [] []
[2025-08-26 07:15:32] SlimMonoLogger.INFO: Cron ran at: 26-08-2025 07:15:32 AM [] []
[2025-08-26 07:20:28] SlimMonoLogger.INFO: Cron ran at: 26-08-2025 07:20:28 AM [] []
[2025-08-26 07:25:30] SlimMonoLogger.INFO: Cron ran at: 26-08-2025 07:25:30 AM [] []
[2025-08-26 07:30:32] SlimMonoLogger.INFO: Cron ran at: 26-08-2025 07:30:32 AM [] []
[2025-08-26 07:35:31] SlimMonoLogger.INFO: Cron ran at: 26-08-2025 07:35:31 AM [] []
[2025-08-26 07:40:28] SlimMonoLogger.INFO: Cron ran at: 26-08-2025 07:40:28 AM [] []
[2025-08-26 07:45:31] SlimMonoLogger.INFO: Cron ran at: 26-08-2025 07:45:31 AM [] []
[2025-08-26 07:50:33] SlimMonoLogger.INFO: Cron ran at: 26-08-2025 07:50:33 AM [] []
[2025-08-26 07:55:28] SlimMonoLogger.INFO: Cron ran at: 26-08-2025 07:55:28 AM [] []
[2025-08-26 08:00:35] SlimMonoLogger.INFO: Cron ran at: 26-08-2025 08:00:35 AM [] []
[2025-08-26 08:05:37] SlimMonoLogger.INFO: Cron ran at: 26-08-2025 08:05:37 AM [] []
[2025-08-26 08:10:33] SlimMonoLogger.INFO: Cron ran at: 26-08-2025 08:10:33 AM [] []
[2025-08-26 08:15:32] SlimMonoLogger.INFO: Cron ran at: 26-08-2025 08:15:32 AM [] []
[2025-08-26 08:20:39] SlimMonoLogger.INFO: Cron ran at: 26-08-2025 08:20:39 AM [] []
[2025-08-26 08:25:31] SlimMonoLogger.INFO: Cron ran at: 26-08-2025 08:25:31 AM [] []
[2025-08-26 08:30:49] SlimMonoLogger.INFO: Cron ran at: 26-08-2025 08:30:49 AM [] []
[2025-08-26 08:35:52] SlimMonoLogger.INFO: Cron ran at: 26-08-2025 08:35:52 AM [] []
[2025-08-26 08:40:54] SlimMonoLogger.INFO: Cron ran at: 26-08-2025 08:40:54 AM [] []
[2025-08-26 08:51:07] SlimMonoLogger.INFO: Cron ran at: 26-08-2025 08:51:07 AM [] []
[2025-08-26 08:53:34] SlimMonoLogger.ERROR: Requests_Exception: cURL error 28: Operation timed out after 500001 milliseconds with 31132 bytes received in /home/latihtal/public_html/agregator1/src/vendor/rmccue/requests/library/Requests/Transport/cURL.php:422
Stack trace:
#0 /home/latihtal/public_html/agregator1/src/vendor/rmccue/requests/library/Requests/Transport/cURL.php(177): Requests_Transport_cURL->process_response()
#1 /home/latihtal/public_html/agregator1/src/vendor/rmccue/requests/library/Requests.php(379): Requests_Transport_cURL->request()
#2 /home/latihtal/public_html/agregator1/src/vendor/rmccue/requests/library/Requests/Session.php(205): Requests::request()
#3 /home/latihtal/public_html/agregator1/src/vendor/rmccue/requests/library/Requests/Session.php(132): Requests_Session->request()
#4 /home/latihtal/public_html/agregator1/src/drivers/Http/RssImporter.php(144): Requests_Session->get()
#5 /home/latihtal/public_html/agregator1/src/controllers/Dashboard/DashboardFeedsController.php(534): spark\drivers\Http\RssImporter->fetchPosts()
#6 /home/latihtal/public_html/agregator1/src/controllers/Site/SiteController.php(722): spark\controllers\Dashboard\DashboardFeedsController::importFeedPosts()
#7 [internal function]: spark\controllers\Site\SiteController->runTasks()
#8 /home/latihtal/public_html/agregator1/src/framework/Route.php(173): call_user_func_array()
#9 [internal function]: Slim\Route->Slim\{closure}()
#10 /home/latihtal/public_html/agregator1/src/framework/Route.php(468): call_user_func_array()
#11 /home/latihtal/public_html/agregator1/src/framework/Slim.php(1364): Slim\Route->dispatch()
#12 /home/latihtal/public_html/agregator1/src/framework/Middleware/Flash.php(85): Slim\Slim->call()
#13 /home/latihtal/public_html/agregator1/src/framework/Middleware/MethodOverride.php(92): Slim\Middleware\Flash->call()
#14 /home/latihtal/public_html/agregator1/src/middlewares/CsrfGuard/CsrfGuard.php(47): Slim\Middleware\MethodOverride->call()
#15 /home/latihtal/public_html/agregator1/src/framework/Middleware/PrettyExceptions.php(67): spark\middlewares\CsrfGuard\CsrfGuard->call()
#16 /home/latihtal/public_html/agregator1/src/framework/Slim.php(1308): Slim\Middleware\PrettyExceptions->call()
#17 /home/latihtal/public_html/agregator1/index.php(6): Slim\Slim->run()
#18 {main} [] []
[2025-08-26 08:54:12] SlimMonoLogger.INFO: Cron ran at: 26-08-2025 08:54:12 AM [] []
[2025-08-26 08:55:33] SlimMonoLogger.INFO: Cron ran at: 26-08-2025 08:55:33 AM [] []
[2025-08-26 09:00:47] SlimMonoLogger.INFO: Cron ran at: 26-08-2025 09:00:47 AM [] []
[2025-08-26 09:05:51] SlimMonoLogger.INFO: Cron ran at: 26-08-2025 09:05:51 AM [] []
[2025-08-26 09:10:33] SlimMonoLogger.INFO: Cron ran at: 26-08-2025 09:10:33 AM [] []
[2025-08-26 09:15:38] SlimMonoLogger.INFO: Cron ran at: 26-08-2025 09:15:38 AM [] []
[2025-08-26 09:20:33] SlimMonoLogger.INFO: Cron ran at: 26-08-2025 09:20:33 AM [] []
[2025-08-26 09:25:40] SlimMonoLogger.INFO: Cron ran at: 26-08-2025 09:25:40 AM [] []
[2025-08-26 09:30:38] SlimMonoLogger.INFO: Cron ran at: 26-08-2025 09:30:38 AM [] []
[2025-08-26 09:35:37] SlimMonoLogger.INFO: Cron ran at: 26-08-2025 09:35:37 AM [] []
[2025-08-26 09:40:35] SlimMonoLogger.INFO: Cron ran at: 26-08-2025 09:40:35 AM [] []
[2025-08-26 09:45:41] SlimMonoLogger.INFO: Cron ran at: 26-08-2025 09:45:41 AM [] []
[2025-08-26 09:50:35] SlimMonoLogger.INFO: Cron ran at: 26-08-2025 09:50:35 AM [] []
[2025-08-26 09:55:34] SlimMonoLogger.INFO: Cron ran at: 26-08-2025 09:55:34 AM [] []
[2025-08-26 10:00:41] SlimMonoLogger.INFO: Cron ran at: 26-08-2025 10:00:41 AM [] []
[2025-08-26 10:05:30] SlimMonoLogger.INFO: Cron ran at: 26-08-2025 10:05:30 AM [] []
[2025-08-26 10:10:38] SlimMonoLogger.INFO: Cron ran at: 26-08-2025 10:10:38 AM [] []
[2025-08-26 10:15:43] SlimMonoLogger.INFO: Cron ran at: 26-08-2025 10:15:43 AM [] []
[2025-08-26 10:20:46] SlimMonoLogger.INFO: Cron ran at: 26-08-2025 10:20:46 AM [] []
[2025-08-26 10:25:39] SlimMonoLogger.INFO: Cron ran at: 26-08-2025 10:25:39 AM [] []
[2025-08-26 10:30:43] SlimMonoLogger.INFO: Cron ran at: 26-08-2025 10:30:43 AM [] []
[2025-08-26 10:35:47] SlimMonoLogger.INFO: Cron ran at: 26-08-2025 10:35:47 AM [] []
[2025-08-26 10:40:43] SlimMonoLogger.INFO: Cron ran at: 26-08-2025 10:40:43 AM [] []
[2025-08-26 10:45:37] SlimMonoLogger.INFO: Cron ran at: 26-08-2025 10:45:37 AM [] []
[2025-08-26 10:50:37] SlimMonoLogger.INFO: Cron ran at: 26-08-2025 10:50:37 AM [] []
[2025-08-26 10:55:37] SlimMonoLogger.INFO: Cron ran at: 26-08-2025 10:55:37 AM [] []
[2025-08-26 11:00:41] SlimMonoLogger.INFO: Cron ran at: 26-08-2025 11:00:41 AM [] []
[2025-08-26 11:05:42] SlimMonoLogger.INFO: Cron ran at: 26-08-2025 11:05:42 AM [] []
[2025-08-26 11:10:39] SlimMonoLogger.INFO: Cron ran at: 26-08-2025 11:10:39 AM [] []
[2025-08-26 11:15:42] SlimMonoLogger.INFO: Cron ran at: 26-08-2025 11:15:42 AM [] []
[2025-08-26 11:20:50] SlimMonoLogger.INFO: Cron ran at: 26-08-2025 11:20:50 AM [] []
[2025-08-26 11:25:42] SlimMonoLogger.INFO: Cron ran at: 26-08-2025 11:25:42 AM [] []
[2025-08-26 11:30:35] SlimMonoLogger.INFO: Cron ran at: 26-08-2025 11:30:35 AM [] []
[2025-08-26 11:35:31] SlimMonoLogger.INFO: Cron ran at: 26-08-2025 11:35:31 AM [] []
[2025-08-26 11:40:49] SlimMonoLogger.INFO: Cron ran at: 26-08-2025 11:40:49 AM [] []
[2025-08-26 11:45:43] SlimMonoLogger.INFO: Cron ran at: 26-08-2025 11:45:43 AM [] []
[2025-08-26 11:50:38] SlimMonoLogger.INFO: Cron ran at: 26-08-2025 11:50:38 AM [] []
[2025-08-26 11:55:43] SlimMonoLogger.INFO: Cron ran at: 26-08-2025 11:55:43 AM [] []
[2025-08-26 12:00:44] SlimMonoLogger.INFO: Cron ran at: 26-08-2025 12:00:44 PM [] []
[2025-08-26 12:05:35] SlimMonoLogger.INFO: Cron ran at: 26-08-2025 12:05:35 PM [] []
[2025-08-26 12:10:35] SlimMonoLogger.INFO: Cron ran at: 26-08-2025 12:10:35 PM [] []
[2025-08-26 12:15:42] SlimMonoLogger.INFO: Cron ran at: 26-08-2025 12:15:42 PM [] []
[2025-08-26 12:20:33] SlimMonoLogger.INFO: Cron ran at: 26-08-2025 12:20:33 PM [] []
[2025-08-26 12:25:38] SlimMonoLogger.INFO: Cron ran at: 26-08-2025 12:25:38 PM [] []
[2025-08-26 12:30:35] SlimMonoLogger.INFO: Cron ran at: 26-08-2025 12:30:35 PM [] []
[2025-08-26 12:35:37] SlimMonoLogger.INFO: Cron ran at: 26-08-2025 12:35:37 PM [] []
[2025-08-26 12:40:33] SlimMonoLogger.INFO: Cron ran at: 26-08-2025 12:40:33 PM [] []
[2025-08-26 12:45:39] SlimMonoLogger.INFO: Cron ran at: 26-08-2025 12:45:39 PM [] []
[2025-08-26 12:50:44] SlimMonoLogger.INFO: Cron ran at: 26-08-2025 12:50:44 PM [] []
[2025-08-26 12:55:31] SlimMonoLogger.INFO: Cron ran at: 26-08-2025 12:55:31 PM [] []
[2025-08-26 13:00:38] SlimMonoLogger.INFO: Cron ran at: 26-08-2025 01:00:38 PM [] []
[2025-08-26 13:05:34] SlimMonoLogger.INFO: Cron ran at: 26-08-2025 01:05:34 PM [] []
[2025-08-26 13:10:39] SlimMonoLogger.INFO: Cron ran at: 26-08-2025 01:10:39 PM [] []
[2025-08-26 13:15:34] SlimMonoLogger.INFO: Cron ran at: 26-08-2025 01:15:34 PM [] []
[2025-08-26 13:20:43] SlimMonoLogger.INFO: Cron ran at: 26-08-2025 01:20:43 PM [] []
[2025-08-26 13:25:39] SlimMonoLogger.INFO: Cron ran at: 26-08-2025 01:25:39 PM [] []
[2025-08-26 13:30:43] SlimMonoLogger.INFO: Cron ran at: 26-08-2025 01:30:43 PM [] []
[2025-08-26 13:35:33] SlimMonoLogger.INFO: Cron ran at: 26-08-2025 01:35:33 PM [] []
[2025-08-26 13:40:39] SlimMonoLogger.INFO: Cron ran at: 26-08-2025 01:40:39 PM [] []
[2025-08-26 13:45:39] SlimMonoLogger.INFO: Cron ran at: 26-08-2025 01:45:39 PM [] []
[2025-08-26 13:50:36] SlimMonoLogger.INFO: Cron ran at: 26-08-2025 01:50:36 PM [] []
[2025-08-26 13:55:36] SlimMonoLogger.INFO: Cron ran at: 26-08-2025 01:55:36 PM [] []
[2025-08-26 14:00:44] SlimMonoLogger.INFO: Cron ran at: 26-08-2025 02:00:44 PM [] []
[2025-08-26 14:05:37] SlimMonoLogger.INFO: Cron ran at: 26-08-2025 02:05:37 PM [] []
[2025-08-26 14:10:36] SlimMonoLogger.INFO: Cron ran at: 26-08-2025 02:10:36 PM [] []
[2025-08-26 14:15:53] SlimMonoLogger.INFO: Cron ran at: 26-08-2025 02:15:53 PM [] []
[2025-08-26 14:20:32] SlimMonoLogger.INFO: Cron ran at: 26-08-2025 02:20:32 PM [] []
[2025-08-26 14:25:33] SlimMonoLogger.INFO: Cron ran at: 26-08-2025 02:25:33 PM [] []
[2025-08-26 14:30:43] SlimMonoLogger.INFO: Cron ran at: 26-08-2025 02:30:43 PM [] []
[2025-08-26 14:35:56] SlimMonoLogger.INFO: Cron ran at: 26-08-2025 02:35:56 PM [] []
[2025-08-26 14:40:51] SlimMonoLogger.INFO: Cron ran at: 26-08-2025 02:40:51 PM [] []
[2025-08-26 14:45:43] SlimMonoLogger.INFO: Cron ran at: 26-08-2025 02:45:43 PM [] []
[2025-08-26 14:50:43] SlimMonoLogger.INFO: Cron ran at: 26-08-2025 02:50:43 PM [] []
[2025-08-26 14:55:34] SlimMonoLogger.INFO: Cron ran at: 26-08-2025 02:55:34 PM [] []
[2025-08-26 15:00:51] SlimMonoLogger.INFO: Cron ran at: 26-08-2025 03:00:51 PM [] []
[2025-08-26 15:05:36] SlimMonoLogger.INFO: Cron ran at: 26-08-2025 03:05:36 PM [] []
[2025-08-26 15:10:37] SlimMonoLogger.INFO: Cron ran at: 26-08-2025 03:10:37 PM [] []
[2025-08-26 15:15:40] SlimMonoLogger.INFO: Cron ran at: 26-08-2025 03:15:40 PM [] []
[2025-08-26 15:20:49] SlimMonoLogger.INFO: Cron ran at: 26-08-2025 03:20:49 PM [] []
[2025-08-26 15:25:44] SlimMonoLogger.INFO: Cron ran at: 26-08-2025 03:25:44 PM [] []
[2025-08-26 15:30:37] SlimMonoLogger.INFO: Cron ran at: 26-08-2025 03:30:37 PM [] []
[2025-08-26 15:35:36] SlimMonoLogger.INFO: Cron ran at: 26-08-2025 03:35:36 PM [] []
[2025-08-26 15:40:34] SlimMonoLogger.INFO: Cron ran at: 26-08-2025 03:40:34 PM [] []
[2025-08-26 15:45:46] SlimMonoLogger.INFO: Cron ran at: 26-08-2025 03:45:46 PM [] []
[2025-08-26 15:50:36] SlimMonoLogger.INFO: Cron ran at: 26-08-2025 03:50:36 PM [] []
[2025-08-26 15:55:34] SlimMonoLogger.INFO: Cron ran at: 26-08-2025 03:55:34 PM [] []
[2025-08-26 16:00:37] SlimMonoLogger.INFO: Cron ran at: 26-08-2025 04:00:37 PM [] []
[2025-08-26 16:05:52] SlimMonoLogger.INFO: Cron ran at: 26-08-2025 04:05:52 PM [] []
[2025-08-26 16:10:52] SlimMonoLogger.INFO: Cron ran at: 26-08-2025 04:10:52 PM [] []
[2025-08-26 16:15:46] SlimMonoLogger.INFO: Cron ran at: 26-08-2025 04:15:46 PM [] []
[2025-08-26 16:20:45] SlimMonoLogger.INFO: Cron ran at: 26-08-2025 04:20:45 PM [] []
[2025-08-26 16:25:43] SlimMonoLogger.INFO: Cron ran at: 26-08-2025 04:25:43 PM [] []
[2025-08-26 16:30:52] SlimMonoLogger.INFO: Cron ran at: 26-08-2025 04:30:52 PM [] []
[2025-08-26 16:35:48] SlimMonoLogger.INFO: Cron ran at: 26-08-2025 04:35:48 PM [] []
[2025-08-26 16:40:52] SlimMonoLogger.INFO: Cron ran at: 26-08-2025 04:40:52 PM [] []
[2025-08-26 16:45:36] SlimMonoLogger.INFO: Cron ran at: 26-08-2025 04:45:36 PM [] []
[2025-08-26 16:50:44] SlimMonoLogger.INFO: Cron ran at: 26-08-2025 04:50:44 PM [] []
[2025-08-26 16:55:32] SlimMonoLogger.INFO: Cron ran at: 26-08-2025 04:55:32 PM [] []
[2025-08-26 17:00:41] SlimMonoLogger.INFO: Cron ran at: 26-08-2025 05:00:41 PM [] []
[2025-08-26 17:05:38] SlimMonoLogger.INFO: Cron ran at: 26-08-2025 05:05:38 PM [] []
[2025-08-26 17:10:41] SlimMonoLogger.INFO: Cron ran at: 26-08-2025 05:10:41 PM [] []
[2025-08-26 17:15:36] SlimMonoLogger.INFO: Cron ran at: 26-08-2025 05:15:36 PM [] []
[2025-08-26 17:20:32] SlimMonoLogger.INFO: Cron ran at: 26-08-2025 05:20:32 PM [] []
[2025-08-26 17:25:34] SlimMonoLogger.INFO: Cron ran at: 26-08-2025 05:25:34 PM [] []
[2025-08-26 17:30:40] SlimMonoLogger.INFO: Cron ran at: 26-08-2025 05:30:40 PM [] []
[2025-08-26 17:35:37] SlimMonoLogger.INFO: Cron ran at: 26-08-2025 05:35:37 PM [] []
[2025-08-26 17:40:43] SlimMonoLogger.INFO: Cron ran at: 26-08-2025 05:40:43 PM [] []
[2025-08-26 17:45:34] SlimMonoLogger.INFO: Cron ran at: 26-08-2025 05:45:34 PM [] []
[2025-08-26 17:50:42] SlimMonoLogger.INFO: Cron ran at: 26-08-2025 05:50:42 PM [] []
[2025-08-26 17:55:32] SlimMonoLogger.INFO: Cron ran at: 26-08-2025 05:55:32 PM [] []
[2025-08-26 18:00:45] SlimMonoLogger.INFO: Cron ran at: 26-08-2025 06:00:45 PM [] []
[2025-08-26 18:05:32] SlimMonoLogger.INFO: Cron ran at: 26-08-2025 06:05:32 PM [] []
[2025-08-26 18:10:43] SlimMonoLogger.INFO: Cron ran at: 26-08-2025 06:10:43 PM [] []
[2025-08-26 18:15:37] SlimMonoLogger.INFO: Cron ran at: 26-08-2025 06:15:37 PM [] []
[2025-08-26 18:20:42] SlimMonoLogger.INFO: Cron ran at: 26-08-2025 06:20:42 PM [] []
[2025-08-26 18:25:40] SlimMonoLogger.INFO: Cron ran at: 26-08-2025 06:25:40 PM [] []
[2025-08-26 18:30:32] SlimMonoLogger.INFO: Cron ran at: 26-08-2025 06:30:32 PM [] []
[2025-08-26 18:35:29] SlimMonoLogger.INFO: Cron ran at: 26-08-2025 06:35:29 PM [] []
[2025-08-26 18:40:35] SlimMonoLogger.INFO: Cron ran at: 26-08-2025 06:40:35 PM [] []
[2025-08-26 18:45:35] SlimMonoLogger.INFO: Cron ran at: 26-08-2025 06:45:35 PM [] []
[2025-08-26 18:50:30] SlimMonoLogger.INFO: Cron ran at: 26-08-2025 06:50:30 PM [] []
[2025-08-26 18:55:34] SlimMonoLogger.INFO: Cron ran at: 26-08-2025 06:55:34 PM [] []
[2025-08-26 19:00:49] SlimMonoLogger.INFO: Cron ran at: 26-08-2025 07:00:49 PM [] []
[2025-08-26 19:05:34] SlimMonoLogger.INFO: Cron ran at: 26-08-2025 07:05:34 PM [] []
[2025-08-26 19:10:50] SlimMonoLogger.INFO: Cron ran at: 26-08-2025 07:10:50 PM [] []
[2025-08-26 19:15:35] SlimMonoLogger.INFO: Cron ran at: 26-08-2025 07:15:35 PM [] []
[2025-08-26 19:20:40] SlimMonoLogger.INFO: Cron ran at: 26-08-2025 07:20:40 PM [] []
[2025-08-26 19:25:35] SlimMonoLogger.INFO: Cron ran at: 26-08-2025 07:25:35 PM [] []
[2025-08-26 19:30:30] SlimMonoLogger.INFO: Cron ran at: 26-08-2025 07:30:30 PM [] []
[2025-08-26 19:35:35] SlimMonoLogger.INFO: Cron ran at: 26-08-2025 07:35:35 PM [] []
[2025-08-26 19:40:33] SlimMonoLogger.INFO: Cron ran at: 26-08-2025 07:40:33 PM [] []
[2025-08-26 19:45:42] SlimMonoLogger.INFO: Cron ran at: 26-08-2025 07:45:42 PM [] []
[2025-08-26 19:50:36] SlimMonoLogger.INFO: Cron ran at: 26-08-2025 07:50:36 PM [] []
[2025-08-26 19:55:30] SlimMonoLogger.INFO: Cron ran at: 26-08-2025 07:55:30 PM [] []
[2025-08-26 20:00:36] SlimMonoLogger.INFO: Cron ran at: 26-08-2025 08:00:36 PM [] []
[2025-08-26 20:05:36] SlimMonoLogger.INFO: Cron ran at: 26-08-2025 08:05:36 PM [] []
[2025-08-26 20:10:35] SlimMonoLogger.INFO: Cron ran at: 26-08-2025 08:10:35 PM [] []
[2025-08-26 20:15:46] SlimMonoLogger.INFO: Cron ran at: 26-08-2025 08:15:46 PM [] []
[2025-08-26 20:20:34] SlimMonoLogger.INFO: Cron ran at: 26-08-2025 08:20:34 PM [] []
[2025-08-26 20:25:38] SlimMonoLogger.INFO: Cron ran at: 26-08-2025 08:25:38 PM [] []
[2025-08-26 20:30:38] SlimMonoLogger.INFO: Cron ran at: 26-08-2025 08:30:38 PM [] []
[2025-08-26 20:35:35] SlimMonoLogger.INFO: Cron ran at: 26-08-2025 08:35:35 PM [] []
[2025-08-26 20:40:36] SlimMonoLogger.INFO: Cron ran at: 26-08-2025 08:40:36 PM [] []
[2025-08-26 20:45:29] SlimMonoLogger.INFO: Cron ran at: 26-08-2025 08:45:29 PM [] []
[2025-08-26 20:50:32] SlimMonoLogger.INFO: Cron ran at: 26-08-2025 08:50:32 PM [] []
[2025-08-26 20:55:32] SlimMonoLogger.INFO: Cron ran at: 26-08-2025 08:55:32 PM [] []
[2025-08-26 21:00:48] SlimMonoLogger.INFO: Cron ran at: 26-08-2025 09:00:48 PM [] []
[2025-08-26 21:05:39] SlimMonoLogger.INFO: Cron ran at: 26-08-2025 09:05:39 PM [] []
[2025-08-26 21:10:40] SlimMonoLogger.INFO: Cron ran at: 26-08-2025 09:10:40 PM [] []
[2025-08-26 21:15:40] SlimMonoLogger.INFO: Cron ran at: 26-08-2025 09:15:40 PM [] []
[2025-08-26 21:20:53] SlimMonoLogger.INFO: Cron ran at: 26-08-2025 09:20:53 PM [] []
[2025-08-26 21:25:43] SlimMonoLogger.INFO: Cron ran at: 26-08-2025 09:25:43 PM [] []
[2025-08-26 21:30:46] SlimMonoLogger.INFO: Cron ran at: 26-08-2025 09:30:46 PM [] []
[2025-08-26 21:35:32] SlimMonoLogger.INFO: Cron ran at: 26-08-2025 09:35:32 PM [] []
[2025-08-26 21:40:36] SlimMonoLogger.INFO: Cron ran at: 26-08-2025 09:40:36 PM [] []
[2025-08-26 21:45:38] SlimMonoLogger.INFO: Cron ran at: 26-08-2025 09:45:38 PM [] []
[2025-08-26 21:50:38] SlimMonoLogger.INFO: Cron ran at: 26-08-2025 09:50:38 PM [] []
[2025-08-26 21:55:49] SlimMonoLogger.INFO: Cron ran at: 26-08-2025 09:55:49 PM [] []
[2025-08-26 22:00:39] SlimMonoLogger.INFO: Cron ran at: 26-08-2025 10:00:39 PM [] []
[2025-08-26 22:05:37] SlimMonoLogger.INFO: Cron ran at: 26-08-2025 10:05:37 PM [] []
[2025-08-26 22:10:37] SlimMonoLogger.INFO: Cron ran at: 26-08-2025 10:10:37 PM [] []
[2025-08-26 22:15:36] SlimMonoLogger.INFO: Cron ran at: 26-08-2025 10:15:36 PM [] []
[2025-08-26 22:20:37] SlimMonoLogger.INFO: Cron ran at: 26-08-2025 10:20:37 PM [] []
[2025-08-26 22:25:35] SlimMonoLogger.INFO: Cron ran at: 26-08-2025 10:25:35 PM [] []
[2025-08-26 22:30:40] SlimMonoLogger.INFO: Cron ran at: 26-08-2025 10:30:40 PM [] []
[2025-08-26 22:35:17] SlimMonoLogger.ERROR: Requests_Exception: cURL error 56: Recv failure: Connection reset by peer in /home/latihtal/public_html/agregator1/src/vendor/rmccue/requests/library/Requests/Transport/cURL.php:422
Stack trace:
#0 /home/latihtal/public_html/agregator1/src/vendor/rmccue/requests/library/Requests/Transport/cURL.php(177): Requests_Transport_cURL->process_response()
#1 /home/latihtal/public_html/agregator1/src/vendor/rmccue/requests/library/Requests.php(379): Requests_Transport_cURL->request()
#2 /home/latihtal/public_html/agregator1/src/vendor/rmccue/requests/library/Requests/Session.php(205): Requests::request()
#3 /home/latihtal/public_html/agregator1/src/vendor/rmccue/requests/library/Requests/Session.php(132): Requests_Session->request()
#4 /home/latihtal/public_html/agregator1/src/drivers/Http/RssImporter.php(144): Requests_Session->get()
#5 /home/latihtal/public_html/agregator1/src/controllers/Dashboard/DashboardFeedsController.php(534): spark\drivers\Http\RssImporter->fetchPosts()
#6 /home/latihtal/public_html/agregator1/src/controllers/Site/SiteController.php(722): spark\controllers\Dashboard\DashboardFeedsController::importFeedPosts()
#7 [internal function]: spark\controllers\Site\SiteController->runTasks()
#8 /home/latihtal/public_html/agregator1/src/framework/Route.php(173): call_user_func_array()
#9 [internal function]: Slim\Route->Slim\{closure}()
#10 /home/latihtal/public_html/agregator1/src/framework/Route.php(468): call_user_func_array()
#11 /home/latihtal/public_html/agregator1/src/framework/Slim.php(1364): Slim\Route->dispatch()
#12 /home/latihtal/public_html/agregator1/src/framework/Middleware/Flash.php(85): Slim\Slim->call()
#13 /home/latihtal/public_html/agregator1/src/framework/Middleware/MethodOverride.php(92): Slim\Middleware\Flash->call()
#14 /home/latihtal/public_html/agregator1/src/middlewares/CsrfGuard/CsrfGuard.php(47): Slim\Middleware\MethodOverride->call()
#15 /home/latihtal/public_html/agregator1/src/framework/Middleware/PrettyExceptions.php(67): spark\middlewares\CsrfGuard\CsrfGuard->call()
#16 /home/latihtal/public_html/agregator1/src/framework/Slim.php(1308): Slim\Middleware\PrettyExceptions->call()
#17 /home/latihtal/public_html/agregator1/index.php(6): Slim\Slim->run()
#18 {main} [] []
[2025-08-26 22:35:38] SlimMonoLogger.INFO: Cron ran at: 26-08-2025 10:35:38 PM [] []
[2025-08-26 22:40:38] SlimMonoLogger.INFO: Cron ran at: 26-08-2025 10:40:38 PM [] []
[2025-08-26 22:45:36] SlimMonoLogger.INFO: Cron ran at: 26-08-2025 10:45:36 PM [] []
[2025-08-26 22:50:31] SlimMonoLogger.INFO: Cron ran at: 26-08-2025 10:50:31 PM [] []
[2025-08-26 22:55:34] SlimMonoLogger.INFO: Cron ran at: 26-08-2025 10:55:34 PM [] []
[2025-08-26 23:00:38] SlimMonoLogger.INFO: Cron ran at: 26-08-2025 11:00:38 PM [] []
[2025-08-26 23:05:34] SlimMonoLogger.INFO: Cron ran at: 26-08-2025 11:05:34 PM [] []
[2025-08-26 23:10:33] SlimMonoLogger.INFO: Cron ran at: 26-08-2025 11:10:33 PM [] []
[2025-08-26 23:15:36] SlimMonoLogger.INFO: Cron ran at: 26-08-2025 11:15:36 PM [] []
[2025-08-26 23:20:31] SlimMonoLogger.INFO: Cron ran at: 26-08-2025 11:20:31 PM [] []
[2025-08-26 23:25:28] SlimMonoLogger.INFO: Cron ran at: 26-08-2025 11:25:28 PM [] []
[2025-08-26 23:30:31] SlimMonoLogger.INFO: Cron ran at: 26-08-2025 11:30:31 PM [] []
[2025-08-26 23:35:29] SlimMonoLogger.INFO: Cron ran at: 26-08-2025 11:35:29 PM [] []
[2025-08-26 23:40:29] SlimMonoLogger.INFO: Cron ran at: 26-08-2025 11:40:29 PM [] []
[2025-08-26 23:45:28] SlimMonoLogger.INFO: Cron ran at: 26-08-2025 11:45:28 PM [] []
[2025-08-26 23:50:28] SlimMonoLogger.INFO: Cron ran at: 26-08-2025 11:50:28 PM [] []
[2025-08-26 23:55:29] SlimMonoLogger.INFO: Cron ran at: 26-08-2025 11:55:29 PM [] []
[2025-08-27 00:00:39] SlimMonoLogger.INFO: Cron ran at: 27-08-2025 12:00:39 AM [] []
[2025-08-27 00:05:29] SlimMonoLogger.INFO: Cron ran at: 27-08-2025 12:05:29 AM [] []
[2025-08-27 00:10:31] SlimMonoLogger.INFO: Cron ran at: 27-08-2025 12:10:31 AM [] []
[2025-08-27 00:15:30] SlimMonoLogger.INFO: Cron ran at: 27-08-2025 12:15:30 AM [] []
[2025-08-27 00:25:32] SlimMonoLogger.INFO: Cron ran at: 27-08-2025 12:25:32 AM [] []
[2025-08-27 00:29:03] SlimMonoLogger.ERROR: Requests_Exception: cURL error 28: Connection timed out after 500002 milliseconds in /home/latihtal/public_html/agregator1/src/vendor/rmccue/requests/library/Requests/Transport/cURL.php:422
Stack trace:
#0 /home/latihtal/public_html/agregator1/src/vendor/rmccue/requests/library/Requests/Transport/cURL.php(177): Requests_Transport_cURL->process_response()
#1 /home/latihtal/public_html/agregator1/src/vendor/rmccue/requests/library/Requests.php(379): Requests_Transport_cURL->request()
#2 /home/latihtal/public_html/agregator1/src/vendor/rmccue/requests/library/Requests/Session.php(205): Requests::request()
#3 /home/latihtal/public_html/agregator1/src/vendor/rmccue/requests/library/Requests/Session.php(132): Requests_Session->request()
#4 /home/latihtal/public_html/agregator1/src/drivers/Http/RssImporter.php(144): Requests_Session->get()
#5 /home/latihtal/public_html/agregator1/src/controllers/Dashboard/DashboardFeedsController.php(534): spark\drivers\Http\RssImporter->fetchPosts()
#6 /home/latihtal/public_html/agregator1/src/controllers/Site/SiteController.php(722): spark\controllers\Dashboard\DashboardFeedsController::importFeedPosts()
#7 [internal function]: spark\controllers\Site\SiteController->runTasks()
#8 /home/latihtal/public_html/agregator1/src/framework/Route.php(173): call_user_func_array()
#9 [internal function]: Slim\Route->Slim\{closure}()
#10 /home/latihtal/public_html/agregator1/src/framework/Route.php(468): call_user_func_array()
#11 /home/latihtal/public_html/agregator1/src/framework/Slim.php(1364): Slim\Route->dispatch()
#12 /home/latihtal/public_html/agregator1/src/framework/Middleware/Flash.php(85): Slim\Slim->call()
#13 /home/latihtal/public_html/agregator1/src/framework/Middleware/MethodOverride.php(92): Slim\Middleware\Flash->call()
#14 /home/latihtal/public_html/agregator1/src/middlewares/CsrfGuard/CsrfGuard.php(47): Slim\Middleware\MethodOverride->call()
#15 /home/latihtal/public_html/agregator1/src/framework/Middleware/PrettyExceptions.php(67): spark\middlewares\CsrfGuard\CsrfGuard->call()
#16 /home/latihtal/public_html/agregator1/src/framework/Slim.php(1308): Slim\Middleware\PrettyExceptions->call()
#17 /home/latihtal/public_html/agregator1/index.php(6): Slim\Slim->run()
#18 {main} [] []
[2025-08-27 00:29:09] SlimMonoLogger.INFO: Cron ran at: 27-08-2025 12:29:09 AM [] []
[2025-08-27 00:30:33] SlimMonoLogger.INFO: Cron ran at: 27-08-2025 12:30:33 AM [] []
[2025-08-27 00:35:25] SlimMonoLogger.INFO: Cron ran at: 27-08-2025 12:35:25 AM [] []
[2025-08-27 00:40:40] SlimMonoLogger.INFO: Cron ran at: 27-08-2025 12:40:40 AM [] []
[2025-08-27 00:45:27] SlimMonoLogger.INFO: Cron ran at: 27-08-2025 12:45:27 AM [] []
[2025-08-27 00:50:28] SlimMonoLogger.INFO: Cron ran at: 27-08-2025 12:50:28 AM [] []
[2025-08-27 00:55:28] SlimMonoLogger.INFO: Cron ran at: 27-08-2025 12:55:28 AM [] []
[2025-08-27 01:05:33] SlimMonoLogger.INFO: Cron ran at: 27-08-2025 01:05:33 AM [] []
[2025-08-27 01:08:42] SlimMonoLogger.ERROR: Requests_Exception: cURL error 28: Operation timed out after 500001 milliseconds with 9587 bytes received in /home/latihtal/public_html/agregator1/src/vendor/rmccue/requests/library/Requests/Transport/cURL.php:422
Stack trace:
#0 /home/latihtal/public_html/agregator1/src/vendor/rmccue/requests/library/Requests/Transport/cURL.php(177): Requests_Transport_cURL->process_response()
#1 /home/latihtal/public_html/agregator1/src/vendor/rmccue/requests/library/Requests.php(379): Requests_Transport_cURL->request()
#2 /home/latihtal/public_html/agregator1/src/vendor/rmccue/requests/library/Requests/Session.php(205): Requests::request()
#3 /home/latihtal/public_html/agregator1/src/vendor/rmccue/requests/library/Requests/Session.php(132): Requests_Session->request()
#4 /home/latihtal/public_html/agregator1/src/drivers/Http/RssImporter.php(144): Requests_Session->get()
#5 /home/latihtal/public_html/agregator1/src/controllers/Dashboard/DashboardFeedsController.php(534): spark\drivers\Http\RssImporter->fetchPosts()
#6 /home/latihtal/public_html/agregator1/src/controllers/Site/SiteController.php(722): spark\controllers\Dashboard\DashboardFeedsController::importFeedPosts()
#7 [internal function]: spark\controllers\Site\SiteController->runTasks()
#8 /home/latihtal/public_html/agregator1/src/framework/Route.php(173): call_user_func_array()
#9 [internal function]: Slim\Route->Slim\{closure}()
#10 /home/latihtal/public_html/agregator1/src/framework/Route.php(468): call_user_func_array()
#11 /home/latihtal/public_html/agregator1/src/framework/Slim.php(1364): Slim\Route->dispatch()
#12 /home/latihtal/public_html/agregator1/src/framework/Middleware/Flash.php(85): Slim\Slim->call()
#13 /home/latihtal/public_html/agregator1/src/framework/Middleware/MethodOverride.php(92): Slim\Middleware\Flash->call()
#14 /home/latihtal/public_html/agregator1/src/middlewares/CsrfGuard/CsrfGuard.php(47): Slim\Middleware\MethodOverride->call()
#15 /home/latihtal/public_html/agregator1/src/framework/Middleware/PrettyExceptions.php(67): spark\middlewares\CsrfGuard\CsrfGuard->call()
#16 /home/latihtal/public_html/agregator1/src/framework/Slim.php(1308): Slim\Middleware\PrettyExceptions->call()
#17 /home/latihtal/public_html/agregator1/index.php(6): Slim\Slim->run()
#18 {main} [] []
[2025-08-27 01:08:48] SlimMonoLogger.INFO: Cron ran at: 27-08-2025 01:08:48 AM [] []
[2025-08-27 01:10:25] SlimMonoLogger.INFO: Cron ran at: 27-08-2025 01:10:25 AM [] []
[2025-08-27 01:15:31] SlimMonoLogger.INFO: Cron ran at: 27-08-2025 01:15:31 AM [] []
[2025-08-27 01:20:33] SlimMonoLogger.INFO: Cron ran at: 27-08-2025 01:20:33 AM [] []
[2025-08-27 01:25:28] SlimMonoLogger.INFO: Cron ran at: 27-08-2025 01:25:28 AM [] []
[2025-08-27 01:30:31] SlimMonoLogger.INFO: Cron ran at: 27-08-2025 01:30:31 AM [] []
[2025-08-27 01:35:31] SlimMonoLogger.INFO: Cron ran at: 27-08-2025 01:35:31 AM [] []
[2025-08-27 01:40:32] SlimMonoLogger.INFO: Cron ran at: 27-08-2025 01:40:32 AM [] []
[2025-08-27 01:45:29] SlimMonoLogger.INFO: Cron ran at: 27-08-2025 01:45:29 AM [] []
[2025-08-27 01:50:29] SlimMonoLogger.INFO: Cron ran at: 27-08-2025 01:50:29 AM [] []
[2025-08-27 01:55:28] SlimMonoLogger.INFO: Cron ran at: 27-08-2025 01:55:28 AM [] []
