[2025-05-26 02:00:36] SlimMonoLogger.INFO: Cron ran at: 26-05-2025 02:00:36 AM [] []
[2025-05-26 02:05:33] SlimMonoLogger.INFO: Cron ran at: 26-05-2025 02:05:33 AM [] []
[2025-05-26 02:10:35] SlimMonoLogger.INFO: Cron ran at: 26-05-2025 02:10:35 AM [] []
[2025-05-26 02:15:37] SlimMonoLogger.INFO: Cron ran at: 26-05-2025 02:15:37 AM [] []
[2025-05-26 02:20:33] SlimMonoLogger.INFO: Cron ran at: 26-05-2025 02:20:33 AM [] []
[2025-05-26 02:25:34] SlimMonoLogger.INFO: Cron ran at: 26-05-2025 02:25:34 AM [] []
[2025-05-26 02:30:34] SlimMonoLogger.INFO: Cron ran at: 26-05-2025 02:30:34 AM [] []
[2025-05-26 02:35:35] SlimMonoLogger.INFO: Cron ran at: 26-05-2025 02:35:35 AM [] []
[2025-05-26 02:40:36] SlimMonoLogger.INFO: Cron ran at: 26-05-2025 02:40:36 AM [] []
[2025-05-26 02:45:33] SlimMonoLogger.INFO: Cron ran at: 26-05-2025 02:45:33 AM [] []
[2025-05-26 02:50:33] SlimMonoLogger.INFO: Cron ran at: 26-05-2025 02:50:33 AM [] []
[2025-05-26 02:55:34] SlimMonoLogger.INFO: Cron ran at: 26-05-2025 02:55:34 AM [] []
[2025-05-26 03:00:42] SlimMonoLogger.INFO: Cron ran at: 26-05-2025 03:00:42 AM [] []
[2025-05-26 03:05:34] SlimMonoLogger.INFO: Cron ran at: 26-05-2025 03:05:34 AM [] []
[2025-05-26 03:10:40] SlimMonoLogger.INFO: Cron ran at: 26-05-2025 03:10:40 AM [] []
[2025-05-26 03:15:36] SlimMonoLogger.INFO: Cron ran at: 26-05-2025 03:15:36 AM [] []
[2025-05-26 03:20:39] SlimMonoLogger.INFO: Cron ran at: 26-05-2025 03:20:39 AM [] []
[2025-05-26 03:25:39] SlimMonoLogger.INFO: Cron ran at: 26-05-2025 03:25:39 AM [] []
[2025-05-26 03:30:42] SlimMonoLogger.INFO: Cron ran at: 26-05-2025 03:30:42 AM [] []
[2025-05-26 03:35:42] SlimMonoLogger.INFO: Cron ran at: 26-05-2025 03:35:42 AM [] []
[2025-05-26 03:40:38] SlimMonoLogger.INFO: Cron ran at: 26-05-2025 03:40:38 AM [] []
[2025-05-26 03:45:36] SlimMonoLogger.INFO: Cron ran at: 26-05-2025 03:45:36 AM [] []
[2025-05-26 03:50:38] SlimMonoLogger.INFO: Cron ran at: 26-05-2025 03:50:38 AM [] []
[2025-05-26 03:55:35] SlimMonoLogger.INFO: Cron ran at: 26-05-2025 03:55:35 AM [] []
[2025-05-26 04:00:41] SlimMonoLogger.INFO: Cron ran at: 26-05-2025 04:00:41 AM [] []
[2025-05-26 04:05:35] SlimMonoLogger.INFO: Cron ran at: 26-05-2025 04:05:35 AM [] []
[2025-05-26 04:10:37] SlimMonoLogger.INFO: Cron ran at: 26-05-2025 04:10:37 AM [] []
[2025-05-26 04:15:38] SlimMonoLogger.INFO: Cron ran at: 26-05-2025 04:15:38 AM [] []
[2025-05-26 04:20:37] SlimMonoLogger.INFO: Cron ran at: 26-05-2025 04:20:37 AM [] []
[2025-05-26 04:25:37] SlimMonoLogger.INFO: Cron ran at: 26-05-2025 04:25:37 AM [] []
[2025-05-26 04:30:34] SlimMonoLogger.INFO: Cron ran at: 26-05-2025 04:30:34 AM [] []
[2025-05-26 04:35:32] SlimMonoLogger.INFO: Cron ran at: 26-05-2025 04:35:32 AM [] []
[2025-05-26 04:40:39] SlimMonoLogger.INFO: Cron ran at: 26-05-2025 04:40:39 AM [] []
[2025-05-26 04:45:35] SlimMonoLogger.INFO: Cron ran at: 26-05-2025 04:45:35 AM [] []
[2025-05-26 04:50:36] SlimMonoLogger.INFO: Cron ran at: 26-05-2025 04:50:36 AM [] []
[2025-05-26 04:55:34] SlimMonoLogger.INFO: Cron ran at: 26-05-2025 04:55:34 AM [] []
[2025-05-26 05:00:38] SlimMonoLogger.INFO: Cron ran at: 26-05-2025 05:00:38 AM [] []
[2025-05-26 05:05:34] SlimMonoLogger.INFO: Cron ran at: 26-05-2025 05:05:34 AM [] []
[2025-05-26 05:10:32] SlimMonoLogger.INFO: Cron ran at: 26-05-2025 05:10:32 AM [] []
[2025-05-26 05:15:35] SlimMonoLogger.INFO: Cron ran at: 26-05-2025 05:15:35 AM [] []
[2025-05-26 05:20:40] SlimMonoLogger.INFO: Cron ran at: 26-05-2025 05:20:40 AM [] []
[2025-05-26 05:25:42] SlimMonoLogger.INFO: Cron ran at: 26-05-2025 05:25:42 AM [] []
[2025-05-26 05:30:42] SlimMonoLogger.INFO: Cron ran at: 26-05-2025 05:30:42 AM [] []
[2025-05-26 05:35:40] SlimMonoLogger.INFO: Cron ran at: 26-05-2025 05:35:40 AM [] []
[2025-05-26 05:40:37] SlimMonoLogger.INFO: Cron ran at: 26-05-2025 05:40:37 AM [] []
[2025-05-26 05:45:37] SlimMonoLogger.INFO: Cron ran at: 26-05-2025 05:45:37 AM [] []
[2025-05-26 05:50:40] SlimMonoLogger.INFO: Cron ran at: 26-05-2025 05:50:40 AM [] []
[2025-05-26 05:55:36] SlimMonoLogger.INFO: Cron ran at: 26-05-2025 05:55:36 AM [] []
[2025-05-26 06:00:38] SlimMonoLogger.INFO: Cron ran at: 26-05-2025 06:00:38 AM [] []
[2025-05-26 06:05:35] SlimMonoLogger.INFO: Cron ran at: 26-05-2025 06:05:35 AM [] []
[2025-05-26 06:10:36] SlimMonoLogger.INFO: Cron ran at: 26-05-2025 06:10:36 AM [] []
[2025-05-26 06:15:35] SlimMonoLogger.INFO: Cron ran at: 26-05-2025 06:15:35 AM [] []
[2025-05-26 06:20:36] SlimMonoLogger.INFO: Cron ran at: 26-05-2025 06:20:36 AM [] []
[2025-05-26 06:25:34] SlimMonoLogger.INFO: Cron ran at: 26-05-2025 06:25:34 AM [] []
[2025-05-26 06:30:39] SlimMonoLogger.INFO: Cron ran at: 26-05-2025 06:30:39 AM [] []
[2025-05-26 06:35:37] SlimMonoLogger.INFO: Cron ran at: 26-05-2025 06:35:37 AM [] []
[2025-05-26 06:40:40] SlimMonoLogger.INFO: Cron ran at: 26-05-2025 06:40:40 AM [] []
[2025-05-26 06:45:39] SlimMonoLogger.INFO: Cron ran at: 26-05-2025 06:45:39 AM [] []
[2025-05-26 06:50:39] SlimMonoLogger.INFO: Cron ran at: 26-05-2025 06:50:39 AM [] []
[2025-05-26 06:55:38] SlimMonoLogger.INFO: Cron ran at: 26-05-2025 06:55:38 AM [] []
[2025-05-26 07:00:40] SlimMonoLogger.INFO: Cron ran at: 26-05-2025 07:00:40 AM [] []
[2025-05-26 07:05:37] SlimMonoLogger.INFO: Cron ran at: 26-05-2025 07:05:37 AM [] []
[2025-05-26 07:10:37] SlimMonoLogger.INFO: Cron ran at: 26-05-2025 07:10:37 AM [] []
[2025-05-26 07:15:37] SlimMonoLogger.INFO: Cron ran at: 26-05-2025 07:15:37 AM [] []
[2025-05-26 07:20:33] SlimMonoLogger.INFO: Cron ran at: 26-05-2025 07:20:33 AM [] []
[2025-05-26 07:25:34] SlimMonoLogger.INFO: Cron ran at: 26-05-2025 07:25:34 AM [] []
[2025-05-26 07:30:35] SlimMonoLogger.INFO: Cron ran at: 26-05-2025 07:30:35 AM [] []
[2025-05-26 07:35:33] SlimMonoLogger.INFO: Cron ran at: 26-05-2025 07:35:33 AM [] []
[2025-05-26 07:40:32] SlimMonoLogger.INFO: Cron ran at: 26-05-2025 07:40:32 AM [] []
[2025-05-26 07:45:34] SlimMonoLogger.INFO: Cron ran at: 26-05-2025 07:45:34 AM [] []
[2025-05-26 07:50:34] SlimMonoLogger.INFO: Cron ran at: 26-05-2025 07:50:34 AM [] []
[2025-05-26 07:55:33] SlimMonoLogger.INFO: Cron ran at: 26-05-2025 07:55:33 AM [] []
[2025-05-26 08:00:35] SlimMonoLogger.INFO: Cron ran at: 26-05-2025 08:00:35 AM [] []
[2025-05-26 08:05:34] SlimMonoLogger.INFO: Cron ran at: 26-05-2025 08:05:34 AM [] []
[2025-05-26 08:10:35] SlimMonoLogger.INFO: Cron ran at: 26-05-2025 08:10:35 AM [] []
[2025-05-26 08:15:36] SlimMonoLogger.INFO: Cron ran at: 26-05-2025 08:15:36 AM [] []
[2025-05-26 08:20:35] SlimMonoLogger.INFO: Cron ran at: 26-05-2025 08:20:35 AM [] []
[2025-05-26 08:25:34] SlimMonoLogger.INFO: Cron ran at: 26-05-2025 08:25:34 AM [] []
[2025-05-26 08:30:36] SlimMonoLogger.INFO: Cron ran at: 26-05-2025 08:30:36 AM [] []
[2025-05-26 08:35:40] SlimMonoLogger.INFO: Cron ran at: 26-05-2025 08:35:40 AM [] []
[2025-05-26 08:40:37] SlimMonoLogger.INFO: Cron ran at: 26-05-2025 08:40:37 AM [] []
[2025-05-26 08:45:40] SlimMonoLogger.INFO: Cron ran at: 26-05-2025 08:45:40 AM [] []
[2025-05-26 08:50:32] SlimMonoLogger.INFO: Cron ran at: 26-05-2025 08:50:32 AM [] []
[2025-05-26 08:55:39] SlimMonoLogger.INFO: Cron ran at: 26-05-2025 08:55:39 AM [] []
[2025-05-26 09:00:42] SlimMonoLogger.INFO: Cron ran at: 26-05-2025 09:00:42 AM [] []
[2025-05-26 09:05:34] SlimMonoLogger.INFO: Cron ran at: 26-05-2025 09:05:34 AM [] []
[2025-05-26 09:10:34] SlimMonoLogger.INFO: Cron ran at: 26-05-2025 09:10:34 AM [] []
[2025-05-26 09:15:41] SlimMonoLogger.INFO: Cron ran at: 26-05-2025 09:15:41 AM [] []
[2025-05-26 09:20:41] SlimMonoLogger.INFO: Cron ran at: 26-05-2025 09:20:41 AM [] []
[2025-05-26 09:25:36] SlimMonoLogger.INFO: Cron ran at: 26-05-2025 09:25:36 AM [] []
[2025-05-26 09:30:37] SlimMonoLogger.INFO: Cron ran at: 26-05-2025 09:30:37 AM [] []
[2025-05-26 09:35:35] SlimMonoLogger.INFO: Cron ran at: 26-05-2025 09:35:35 AM [] []
[2025-05-26 09:40:33] SlimMonoLogger.INFO: Cron ran at: 26-05-2025 09:40:33 AM [] []
[2025-05-26 09:45:30] SlimMonoLogger.INFO: Cron ran at: 26-05-2025 09:45:30 AM [] []
[2025-05-26 09:50:28] SlimMonoLogger.INFO: Cron ran at: 26-05-2025 09:50:28 AM [] []
[2025-05-26 09:55:31] SlimMonoLogger.INFO: Cron ran at: 26-05-2025 09:55:31 AM [] []
[2025-05-26 10:00:32] SlimMonoLogger.INFO: Cron ran at: 26-05-2025 10:00:32 AM [] []
[2025-05-26 10:05:36] SlimMonoLogger.INFO: Cron ran at: 26-05-2025 10:05:36 AM [] []
[2025-05-26 10:10:29] SlimMonoLogger.INFO: Cron ran at: 26-05-2025 10:10:29 AM [] []
[2025-05-26 10:15:33] SlimMonoLogger.INFO: Cron ran at: 26-05-2025 10:15:33 AM [] []
[2025-05-26 10:20:37] SlimMonoLogger.INFO: Cron ran at: 26-05-2025 10:20:37 AM [] []
[2025-05-26 10:25:33] SlimMonoLogger.INFO: Cron ran at: 26-05-2025 10:25:33 AM [] []
[2025-05-26 10:30:37] SlimMonoLogger.INFO: Cron ran at: 26-05-2025 10:30:37 AM [] []
[2025-05-26 10:35:37] SlimMonoLogger.INFO: Cron ran at: 26-05-2025 10:35:37 AM [] []
[2025-05-26 10:40:33] SlimMonoLogger.INFO: Cron ran at: 26-05-2025 10:40:33 AM [] []
[2025-05-26 10:45:37] SlimMonoLogger.INFO: Cron ran at: 26-05-2025 10:45:37 AM [] []
[2025-05-26 10:50:34] SlimMonoLogger.INFO: Cron ran at: 26-05-2025 10:50:34 AM [] []
[2025-05-26 10:55:35] SlimMonoLogger.INFO: Cron ran at: 26-05-2025 10:55:35 AM [] []
[2025-05-26 11:00:35] SlimMonoLogger.INFO: Cron ran at: 26-05-2025 11:00:35 AM [] []
[2025-05-26 11:05:40] SlimMonoLogger.INFO: Cron ran at: 26-05-2025 11:05:40 AM [] []
[2025-05-26 11:10:31] SlimMonoLogger.INFO: Cron ran at: 26-05-2025 11:10:31 AM [] []
[2025-05-26 11:20:11] SlimMonoLogger.INFO: Cron ran at: 26-05-2025 11:20:11 AM [] []
[2025-05-26 11:20:31] SlimMonoLogger.INFO: Cron ran at: 26-05-2025 11:20:31 AM [] []
[2025-05-26 11:25:37] SlimMonoLogger.INFO: Cron ran at: 26-05-2025 11:25:37 AM [] []
[2025-05-26 11:30:36] SlimMonoLogger.INFO: Cron ran at: 26-05-2025 11:30:36 AM [] []
[2025-05-26 11:35:35] SlimMonoLogger.INFO: Cron ran at: 26-05-2025 11:35:35 AM [] []
[2025-05-26 11:40:35] SlimMonoLogger.INFO: Cron ran at: 26-05-2025 11:40:35 AM [] []
[2025-05-26 11:45:36] SlimMonoLogger.INFO: Cron ran at: 26-05-2025 11:45:36 AM [] []
[2025-05-26 11:50:34] SlimMonoLogger.INFO: Cron ran at: 26-05-2025 11:50:34 AM [] []
[2025-05-26 11:55:33] SlimMonoLogger.INFO: Cron ran at: 26-05-2025 11:55:33 AM [] []
[2025-05-26 12:00:38] SlimMonoLogger.INFO: Cron ran at: 26-05-2025 12:00:38 PM [] []
[2025-05-26 12:05:33] SlimMonoLogger.INFO: Cron ran at: 26-05-2025 12:05:33 PM [] []
[2025-05-26 12:10:34] SlimMonoLogger.INFO: Cron ran at: 26-05-2025 12:10:34 PM [] []
[2025-05-26 12:15:39] SlimMonoLogger.INFO: Cron ran at: 26-05-2025 12:15:39 PM [] []
[2025-05-26 12:20:36] SlimMonoLogger.INFO: Cron ran at: 26-05-2025 12:20:36 PM [] []
[2025-05-26 12:25:35] SlimMonoLogger.INFO: Cron ran at: 26-05-2025 12:25:35 PM [] []
[2025-05-26 12:30:32] SlimMonoLogger.INFO: Cron ran at: 26-05-2025 12:30:32 PM [] []
[2025-05-26 12:35:33] SlimMonoLogger.INFO: Cron ran at: 26-05-2025 12:35:33 PM [] []
[2025-05-26 12:40:35] SlimMonoLogger.INFO: Cron ran at: 26-05-2025 12:40:35 PM [] []
[2025-05-26 12:45:34] SlimMonoLogger.INFO: Cron ran at: 26-05-2025 12:45:34 PM [] []
[2025-05-26 12:50:33] SlimMonoLogger.INFO: Cron ran at: 26-05-2025 12:50:33 PM [] []
[2025-05-26 12:55:36] SlimMonoLogger.INFO: Cron ran at: 26-05-2025 12:55:36 PM [] []
[2025-05-26 13:00:43] SlimMonoLogger.INFO: Cron ran at: 26-05-2025 01:00:43 PM [] []
[2025-05-26 13:05:40] SlimMonoLogger.INFO: Cron ran at: 26-05-2025 01:05:40 PM [] []
[2025-05-26 13:10:36] SlimMonoLogger.INFO: Cron ran at: 26-05-2025 01:10:36 PM [] []
[2025-05-26 13:15:31] SlimMonoLogger.INFO: Cron ran at: 26-05-2025 01:15:31 PM [] []
[2025-05-26 13:20:37] SlimMonoLogger.INFO: Cron ran at: 26-05-2025 01:20:37 PM [] []
[2025-05-26 13:25:35] SlimMonoLogger.INFO: Cron ran at: 26-05-2025 01:25:35 PM [] []
[2025-05-26 13:30:37] SlimMonoLogger.INFO: Cron ran at: 26-05-2025 01:30:37 PM [] []
[2025-05-26 13:35:30] SlimMonoLogger.INFO: Cron ran at: 26-05-2025 01:35:30 PM [] []
[2025-05-26 13:40:37] SlimMonoLogger.INFO: Cron ran at: 26-05-2025 01:40:37 PM [] []
[2025-05-26 13:45:32] SlimMonoLogger.INFO: Cron ran at: 26-05-2025 01:45:32 PM [] []
[2025-05-26 13:50:36] SlimMonoLogger.INFO: Cron ran at: 26-05-2025 01:50:36 PM [] []
[2025-05-26 13:55:33] SlimMonoLogger.INFO: Cron ran at: 26-05-2025 01:55:33 PM [] []
[2025-05-26 14:00:32] SlimMonoLogger.INFO: Cron ran at: 26-05-2025 02:00:32 PM [] []
[2025-05-26 14:05:34] SlimMonoLogger.INFO: Cron ran at: 26-05-2025 02:05:34 PM [] []
[2025-05-26 14:10:36] SlimMonoLogger.INFO: Cron ran at: 26-05-2025 02:10:36 PM [] []
[2025-05-26 14:15:35] SlimMonoLogger.INFO: Cron ran at: 26-05-2025 02:15:35 PM [] []
[2025-05-26 14:20:32] SlimMonoLogger.INFO: Cron ran at: 26-05-2025 02:20:32 PM [] []
[2025-05-26 14:25:36] SlimMonoLogger.INFO: Cron ran at: 26-05-2025 02:25:36 PM [] []
[2025-05-26 14:30:30] SlimMonoLogger.INFO: Cron ran at: 26-05-2025 02:30:30 PM [] []
[2025-05-26 14:35:31] SlimMonoLogger.INFO: Cron ran at: 26-05-2025 02:35:31 PM [] []
[2025-05-26 14:40:37] SlimMonoLogger.INFO: Cron ran at: 26-05-2025 02:40:37 PM [] []
[2025-05-26 14:45:34] SlimMonoLogger.INFO: Cron ran at: 26-05-2025 02:45:34 PM [] []
[2025-05-26 14:50:35] SlimMonoLogger.INFO: Cron ran at: 26-05-2025 02:50:35 PM [] []
[2025-05-26 14:55:37] SlimMonoLogger.INFO: Cron ran at: 26-05-2025 02:55:37 PM [] []
[2025-05-26 15:00:42] SlimMonoLogger.INFO: Cron ran at: 26-05-2025 03:00:42 PM [] []
[2025-05-26 15:05:40] SlimMonoLogger.INFO: Cron ran at: 26-05-2025 03:05:40 PM [] []
[2025-05-26 15:10:34] SlimMonoLogger.INFO: Cron ran at: 26-05-2025 03:10:34 PM [] []
[2025-05-26 15:15:35] SlimMonoLogger.INFO: Cron ran at: 26-05-2025 03:15:35 PM [] []
[2025-05-26 15:20:39] SlimMonoLogger.INFO: Cron ran at: 26-05-2025 03:20:39 PM [] []
[2025-05-26 15:25:37] SlimMonoLogger.INFO: Cron ran at: 26-05-2025 03:25:37 PM [] []
[2025-05-26 15:30:36] SlimMonoLogger.INFO: Cron ran at: 26-05-2025 03:30:36 PM [] []
[2025-05-26 15:35:33] SlimMonoLogger.INFO: Cron ran at: 26-05-2025 03:35:33 PM [] []
[2025-05-26 15:40:37] SlimMonoLogger.INFO: Cron ran at: 26-05-2025 03:40:37 PM [] []
[2025-05-26 15:45:34] SlimMonoLogger.INFO: Cron ran at: 26-05-2025 03:45:34 PM [] []
[2025-05-26 15:50:32] SlimMonoLogger.INFO: Cron ran at: 26-05-2025 03:50:32 PM [] []
[2025-05-26 15:55:32] SlimMonoLogger.INFO: Cron ran at: 26-05-2025 03:55:32 PM [] []
[2025-05-26 16:00:36] SlimMonoLogger.INFO: Cron ran at: 26-05-2025 04:00:36 PM [] []
[2025-05-26 16:05:33] SlimMonoLogger.INFO: Cron ran at: 26-05-2025 04:05:33 PM [] []
[2025-05-26 16:10:37] SlimMonoLogger.INFO: Cron ran at: 26-05-2025 04:10:37 PM [] []
[2025-05-26 16:15:31] SlimMonoLogger.INFO: Cron ran at: 26-05-2025 04:15:31 PM [] []
[2025-05-26 16:20:34] SlimMonoLogger.INFO: Cron ran at: 26-05-2025 04:20:34 PM [] []
[2025-05-26 16:25:37] SlimMonoLogger.INFO: Cron ran at: 26-05-2025 04:25:37 PM [] []
[2025-05-26 16:30:32] SlimMonoLogger.INFO: Cron ran at: 26-05-2025 04:30:32 PM [] []
[2025-05-26 16:35:30] SlimMonoLogger.INFO: Cron ran at: 26-05-2025 04:35:30 PM [] []
[2025-05-26 16:40:33] SlimMonoLogger.INFO: Cron ran at: 26-05-2025 04:40:33 PM [] []
[2025-05-26 16:45:35] SlimMonoLogger.INFO: Cron ran at: 26-05-2025 04:45:35 PM [] []
[2025-05-26 16:50:36] SlimMonoLogger.INFO: Cron ran at: 26-05-2025 04:50:36 PM [] []
[2025-05-26 16:55:33] SlimMonoLogger.INFO: Cron ran at: 26-05-2025 04:55:33 PM [] []
[2025-05-26 17:00:39] SlimMonoLogger.INFO: Cron ran at: 26-05-2025 05:00:39 PM [] []
[2025-05-26 17:05:38] SlimMonoLogger.INFO: Cron ran at: 26-05-2025 05:05:38 PM [] []
[2025-05-26 17:10:34] SlimMonoLogger.INFO: Cron ran at: 26-05-2025 05:10:34 PM [] []
[2025-05-26 17:15:34] SlimMonoLogger.INFO: Cron ran at: 26-05-2025 05:15:34 PM [] []
[2025-05-26 17:20:35] SlimMonoLogger.INFO: Cron ran at: 26-05-2025 05:20:35 PM [] []
[2025-05-26 17:25:36] SlimMonoLogger.INFO: Cron ran at: 26-05-2025 05:25:36 PM [] []
[2025-05-26 17:30:43] SlimMonoLogger.INFO: Cron ran at: 26-05-2025 05:30:43 PM [] []
[2025-05-26 17:35:39] SlimMonoLogger.INFO: Cron ran at: 26-05-2025 05:35:39 PM [] []
[2025-05-26 17:40:39] SlimMonoLogger.INFO: Cron ran at: 26-05-2025 05:40:39 PM [] []
[2025-05-26 17:45:37] SlimMonoLogger.INFO: Cron ran at: 26-05-2025 05:45:37 PM [] []
[2025-05-26 17:50:41] SlimMonoLogger.INFO: Cron ran at: 26-05-2025 05:50:41 PM [] []
[2025-05-26 17:55:40] SlimMonoLogger.INFO: Cron ran at: 26-05-2025 05:55:40 PM [] []
[2025-05-26 18:00:41] SlimMonoLogger.INFO: Cron ran at: 26-05-2025 06:00:41 PM [] []
[2025-05-26 18:05:44] SlimMonoLogger.INFO: Cron ran at: 26-05-2025 06:05:44 PM [] []
[2025-05-26 18:10:33] SlimMonoLogger.INFO: Cron ran at: 26-05-2025 06:10:33 PM [] []
[2025-05-26 18:15:34] SlimMonoLogger.INFO: Cron ran at: 26-05-2025 06:15:34 PM [] []
[2025-05-26 18:20:36] SlimMonoLogger.INFO: Cron ran at: 26-05-2025 06:20:36 PM [] []
[2025-05-26 18:25:34] SlimMonoLogger.INFO: Cron ran at: 26-05-2025 06:25:34 PM [] []
[2025-05-26 18:30:34] SlimMonoLogger.INFO: Cron ran at: 26-05-2025 06:30:34 PM [] []
[2025-05-26 18:35:32] SlimMonoLogger.INFO: Cron ran at: 26-05-2025 06:35:32 PM [] []
[2025-05-26 18:40:33] SlimMonoLogger.INFO: Cron ran at: 26-05-2025 06:40:33 PM [] []
[2025-05-26 18:45:33] SlimMonoLogger.INFO: Cron ran at: 26-05-2025 06:45:33 PM [] []
[2025-05-26 18:50:35] SlimMonoLogger.INFO: Cron ran at: 26-05-2025 06:50:35 PM [] []
[2025-05-26 18:55:34] SlimMonoLogger.INFO: Cron ran at: 26-05-2025 06:55:34 PM [] []
[2025-05-26 19:00:36] SlimMonoLogger.INFO: Cron ran at: 26-05-2025 07:00:36 PM [] []
[2025-05-26 19:05:41] SlimMonoLogger.INFO: Cron ran at: 26-05-2025 07:05:41 PM [] []
[2025-05-26 19:10:36] SlimMonoLogger.INFO: Cron ran at: 26-05-2025 07:10:36 PM [] []
[2025-05-26 19:15:36] SlimMonoLogger.INFO: Cron ran at: 26-05-2025 07:15:36 PM [] []
[2025-05-26 19:20:38] SlimMonoLogger.INFO: Cron ran at: 26-05-2025 07:20:38 PM [] []
[2025-05-26 19:25:33] SlimMonoLogger.INFO: Cron ran at: 26-05-2025 07:25:33 PM [] []
[2025-05-26 19:30:34] SlimMonoLogger.INFO: Cron ran at: 26-05-2025 07:30:34 PM [] []
[2025-05-26 19:35:35] SlimMonoLogger.INFO: Cron ran at: 26-05-2025 07:35:35 PM [] []
[2025-05-26 19:40:36] SlimMonoLogger.INFO: Cron ran at: 26-05-2025 07:40:36 PM [] []
[2025-05-26 19:45:39] SlimMonoLogger.INFO: Cron ran at: 26-05-2025 07:45:39 PM [] []
[2025-05-26 19:50:32] SlimMonoLogger.INFO: Cron ran at: 26-05-2025 07:50:32 PM [] []
[2025-05-26 19:55:39] SlimMonoLogger.INFO: Cron ran at: 26-05-2025 07:55:39 PM [] []
[2025-05-26 20:00:40] SlimMonoLogger.INFO: Cron ran at: 26-05-2025 08:00:40 PM [] []
[2025-05-26 20:05:38] SlimMonoLogger.INFO: Cron ran at: 26-05-2025 08:05:38 PM [] []
[2025-05-26 20:10:43] SlimMonoLogger.INFO: Cron ran at: 26-05-2025 08:10:43 PM [] []
[2025-05-26 20:15:45] SlimMonoLogger.INFO: Cron ran at: 26-05-2025 08:15:45 PM [] []
[2025-05-26 20:20:34] SlimMonoLogger.INFO: Cron ran at: 26-05-2025 08:20:34 PM [] []
[2025-05-26 20:25:35] SlimMonoLogger.INFO: Cron ran at: 26-05-2025 08:25:35 PM [] []
[2025-05-26 20:30:34] SlimMonoLogger.INFO: Cron ran at: 26-05-2025 08:30:34 PM [] []
[2025-05-26 20:35:36] SlimMonoLogger.INFO: Cron ran at: 26-05-2025 08:35:36 PM [] []
[2025-05-26 20:40:35] SlimMonoLogger.INFO: Cron ran at: 26-05-2025 08:40:35 PM [] []
[2025-05-26 20:45:35] SlimMonoLogger.INFO: Cron ran at: 26-05-2025 08:45:35 PM [] []
[2025-05-26 20:50:38] SlimMonoLogger.INFO: Cron ran at: 26-05-2025 08:50:38 PM [] []
[2025-05-26 20:55:32] SlimMonoLogger.INFO: Cron ran at: 26-05-2025 08:55:32 PM [] []
[2025-05-26 21:00:38] SlimMonoLogger.INFO: Cron ran at: 26-05-2025 09:00:38 PM [] []
[2025-05-26 21:05:34] SlimMonoLogger.INFO: Cron ran at: 26-05-2025 09:05:34 PM [] []
[2025-05-26 21:10:37] SlimMonoLogger.INFO: Cron ran at: 26-05-2025 09:10:37 PM [] []
[2025-05-26 21:15:41] SlimMonoLogger.INFO: Cron ran at: 26-05-2025 09:15:41 PM [] []
[2025-05-26 21:20:33] SlimMonoLogger.INFO: Cron ran at: 26-05-2025 09:20:33 PM [] []
[2025-05-26 21:25:33] SlimMonoLogger.INFO: Cron ran at: 26-05-2025 09:25:33 PM [] []
[2025-05-26 21:30:37] SlimMonoLogger.INFO: Cron ran at: 26-05-2025 09:30:37 PM [] []
[2025-05-26 21:35:33] SlimMonoLogger.INFO: Cron ran at: 26-05-2025 09:35:33 PM [] []
[2025-05-26 21:40:35] SlimMonoLogger.INFO: Cron ran at: 26-05-2025 09:40:35 PM [] []
[2025-05-26 21:45:38] SlimMonoLogger.INFO: Cron ran at: 26-05-2025 09:45:38 PM [] []
[2025-05-26 21:50:35] SlimMonoLogger.INFO: Cron ran at: 26-05-2025 09:50:35 PM [] []
[2025-05-26 21:55:33] SlimMonoLogger.INFO: Cron ran at: 26-05-2025 09:55:33 PM [] []
[2025-05-26 22:00:35] SlimMonoLogger.INFO: Cron ran at: 26-05-2025 10:00:35 PM [] []
[2025-05-26 22:05:36] SlimMonoLogger.INFO: Cron ran at: 26-05-2025 10:05:36 PM [] []
[2025-05-26 22:10:35] SlimMonoLogger.INFO: Cron ran at: 26-05-2025 10:10:35 PM [] []
[2025-05-26 22:15:35] SlimMonoLogger.INFO: Cron ran at: 26-05-2025 10:15:35 PM [] []
[2025-05-26 22:20:35] SlimMonoLogger.INFO: Cron ran at: 26-05-2025 10:20:35 PM [] []
[2025-05-26 22:25:34] SlimMonoLogger.INFO: Cron ran at: 26-05-2025 10:25:34 PM [] []
[2025-05-26 22:30:39] SlimMonoLogger.INFO: Cron ran at: 26-05-2025 10:30:39 PM [] []
[2025-05-26 22:35:36] SlimMonoLogger.INFO: Cron ran at: 26-05-2025 10:35:36 PM [] []
[2025-05-26 22:40:36] SlimMonoLogger.INFO: Cron ran at: 26-05-2025 10:40:36 PM [] []
[2025-05-26 22:45:37] SlimMonoLogger.INFO: Cron ran at: 26-05-2025 10:45:37 PM [] []
[2025-05-26 22:50:43] SlimMonoLogger.INFO: Cron ran at: 26-05-2025 10:50:43 PM [] []
[2025-05-26 22:55:38] SlimMonoLogger.INFO: Cron ran at: 26-05-2025 10:55:38 PM [] []
[2025-05-26 23:00:41] SlimMonoLogger.INFO: Cron ran at: 26-05-2025 11:00:41 PM [] []
[2025-05-26 23:05:35] SlimMonoLogger.INFO: Cron ran at: 26-05-2025 11:05:35 PM [] []
[2025-05-26 23:10:33] SlimMonoLogger.INFO: Cron ran at: 26-05-2025 11:10:33 PM [] []
[2025-05-26 23:15:35] SlimMonoLogger.INFO: Cron ran at: 26-05-2025 11:15:35 PM [] []
[2025-05-26 23:20:35] SlimMonoLogger.INFO: Cron ran at: 26-05-2025 11:20:35 PM [] []
[2025-05-26 23:25:37] SlimMonoLogger.INFO: Cron ran at: 26-05-2025 11:25:37 PM [] []
[2025-05-26 23:30:32] SlimMonoLogger.INFO: Cron ran at: 26-05-2025 11:30:32 PM [] []
[2025-05-26 23:35:39] SlimMonoLogger.INFO: Cron ran at: 26-05-2025 11:35:39 PM [] []
[2025-05-26 23:40:34] SlimMonoLogger.INFO: Cron ran at: 26-05-2025 11:40:34 PM [] []
[2025-05-26 23:45:33] SlimMonoLogger.INFO: Cron ran at: 26-05-2025 11:45:33 PM [] []
[2025-05-26 23:50:31] SlimMonoLogger.INFO: Cron ran at: 26-05-2025 11:50:31 PM [] []
[2025-05-26 23:55:31] SlimMonoLogger.INFO: Cron ran at: 26-05-2025 11:55:31 PM [] []
[2025-05-27 00:00:33] SlimMonoLogger.INFO: Cron ran at: 27-05-2025 12:00:33 AM [] []
[2025-05-27 00:05:31] SlimMonoLogger.INFO: Cron ran at: 27-05-2025 12:05:31 AM [] []
[2025-05-27 00:10:30] SlimMonoLogger.INFO: Cron ran at: 27-05-2025 12:10:30 AM [] []
[2025-05-27 00:15:32] SlimMonoLogger.INFO: Cron ran at: 27-05-2025 12:15:32 AM [] []
[2025-05-27 00:20:32] SlimMonoLogger.INFO: Cron ran at: 27-05-2025 12:20:32 AM [] []
[2025-05-27 00:25:30] SlimMonoLogger.INFO: Cron ran at: 27-05-2025 12:25:30 AM [] []
[2025-05-27 00:30:31] SlimMonoLogger.INFO: Cron ran at: 27-05-2025 12:30:31 AM [] []
[2025-05-27 00:35:31] SlimMonoLogger.INFO: Cron ran at: 27-05-2025 12:35:31 AM [] []
[2025-05-26 22:40:29] SlimMonoLogger.CRITICAL: PDOException: SQLSTATE[08004] [1040] Too many connections in /home/latihtal/public_html/agregator1/src/framework/PDO/Database.php:34
Stack trace:
#0 /home/latihtal/public_html/agregator1/src/framework/PDO/Database.php(34): PDO->__construct()
#1 /home/latihtal/public_html/agregator1/src/dependencies.php(76): Slim\PDO\Database->__construct()
#2 /home/latihtal/public_html/agregator1/src/framework/Helper/Set.php(231): {closure}()
#3 /home/latihtal/public_html/agregator1/src/framework/Helper/Set.php(88): Slim\Helper\Set->Slim\Helper\{closure}()
#4 /home/latihtal/public_html/agregator1/src/framework/Slim.php(232): Slim\Helper\Set->get()
#5 /home/latihtal/public_html/agregator1/src/models/Model.php(176): Slim\Slim->__get()
#6 /home/latihtal/public_html/agregator1/src/models/OptionModel.php(180): spark\models\Model->select()
#7 /home/latihtal/public_html/agregator1/src/models/OptionModel.php(40): spark\models\OptionModel->autoloadOptions()
#8 /home/latihtal/public_html/agregator1/src/dependencies.php(99): spark\models\OptionModel->__construct()
#9 /home/latihtal/public_html/agregator1/src/framework/Helper/Set.php(231): {closure}()
#10 /home/latihtal/public_html/agregator1/src/framework/Helper/Set.php(88): Slim\Helper\Set->Slim\Helper\{closure}()
#11 /home/latihtal/public_html/agregator1/src/framework/Slim.php(232): Slim\Helper\Set->get()
#12 /home/latihtal/public_html/agregator1/src/drivers/Views/ThemeManager.php(34): Slim\Slim->__get()
#13 /home/latihtal/public_html/agregator1/src/dependencies.php(142): spark\drivers\Views\ThemeManager->initEngine()
#14 /home/latihtal/public_html/agregator1/src/bootstrap.php(68): require('/home/latihtal/...')
#15 /home/latihtal/public_html/agregator1/index.php(4): require('/home/latihtal/...')
#16 {main} [] []
[2025-05-27 00:45:33] SlimMonoLogger.INFO: Cron ran at: 27-05-2025 12:45:33 AM [] []
[2025-05-27 00:50:32] SlimMonoLogger.INFO: Cron ran at: 27-05-2025 12:50:32 AM [] []
[2025-05-27 00:55:30] SlimMonoLogger.INFO: Cron ran at: 27-05-2025 12:55:30 AM [] []
[2025-05-27 01:00:33] SlimMonoLogger.INFO: Cron ran at: 27-05-2025 01:00:33 AM [] []
[2025-05-27 01:05:31] SlimMonoLogger.INFO: Cron ran at: 27-05-2025 01:05:31 AM [] []
[2025-05-27 01:10:28] SlimMonoLogger.INFO: Cron ran at: 27-05-2025 01:10:28 AM [] []
[2025-05-27 01:15:32] SlimMonoLogger.INFO: Cron ran at: 27-05-2025 01:15:32 AM [] []
[2025-05-27 01:20:31] SlimMonoLogger.INFO: Cron ran at: 27-05-2025 01:20:31 AM [] []
[2025-05-27 01:25:31] SlimMonoLogger.INFO: Cron ran at: 27-05-2025 01:25:31 AM [] []
[2025-05-27 01:30:34] SlimMonoLogger.INFO: Cron ran at: 27-05-2025 01:30:34 AM [] []
[2025-05-27 01:35:33] SlimMonoLogger.INFO: Cron ran at: 27-05-2025 01:35:33 AM [] []
[2025-05-27 01:40:29] SlimMonoLogger.INFO: Cron ran at: 27-05-2025 01:40:29 AM [] []
[2025-05-27 01:45:30] SlimMonoLogger.INFO: Cron ran at: 27-05-2025 01:45:30 AM [] []
[2025-05-27 01:50:35] SlimMonoLogger.INFO: Cron ran at: 27-05-2025 01:50:35 AM [] []
[2025-05-27 01:55:30] SlimMonoLogger.INFO: Cron ran at: 27-05-2025 01:55:30 AM [] []
