[2026-01-26 01:01:15] SlimMonoLogger.INFO: Cron ran at: 26-01-2026 01:01:15 AM [] []
[2026-01-26 01:06:11] SlimMonoLogger.INFO: Cron ran at: 26-01-2026 01:06:11 AM [] []
[2026-01-26 01:11:19] SlimMonoLogger.INFO: Cron ran at: 26-01-2026 01:11:19 AM [] []
[2026-01-26 01:16:13] SlimMonoLogger.INFO: Cron ran at: 26-01-2026 01:16:13 AM [] []
[2026-01-26 01:21:12] SlimMonoLogger.INFO: Cron ran at: 26-01-2026 01:21:12 AM [] []
[2026-01-26 01:26:12] SlimMonoLogger.INFO: Cron ran at: 26-01-2026 01:26:12 AM [] []
[2026-01-26 01:31:10] SlimMonoLogger.INFO: Cron ran at: 26-01-2026 01:31:10 AM [] []
[2026-01-26 01:36:11] SlimMonoLogger.INFO: Cron ran at: 26-01-2026 01:36:11 AM [] []
[2026-01-26 01:41:14] SlimMonoLogger.INFO: Cron ran at: 26-01-2026 01:41:14 AM [] []
[2026-01-26 01:46:15] SlimMonoLogger.INFO: Cron ran at: 26-01-2026 01:46:15 AM [] []
[2026-01-26 01:51:15] SlimMonoLogger.INFO: Cron ran at: 26-01-2026 01:51:15 AM [] []
[2026-01-26 01:56:14] SlimMonoLogger.INFO: Cron ran at: 26-01-2026 01:56:14 AM [] []
[2026-01-26 02:01:22] SlimMonoLogger.INFO: Cron ran at: 26-01-2026 02:01:22 AM [] []
[2026-01-26 02:06:14] SlimMonoLogger.INFO: Cron ran at: 26-01-2026 02:06:14 AM [] []
[2026-01-26 02:11:15] SlimMonoLogger.INFO: Cron ran at: 26-01-2026 02:11:15 AM [] []
[2026-01-26 02:16:15] SlimMonoLogger.INFO: Cron ran at: 26-01-2026 02:16:15 AM [] []
[2026-01-26 02:21:13] SlimMonoLogger.INFO: Cron ran at: 26-01-2026 02:21:13 AM [] []
[2026-01-26 02:26:09] SlimMonoLogger.INFO: Cron ran at: 26-01-2026 02:26:09 AM [] []
[2026-01-26 02:31:16] SlimMonoLogger.INFO: Cron ran at: 26-01-2026 02:31:16 AM [] []
[2026-01-26 02:36:13] SlimMonoLogger.INFO: Cron ran at: 26-01-2026 02:36:13 AM [] []
[2026-01-26 02:41:12] SlimMonoLogger.INFO: Cron ran at: 26-01-2026 02:41:12 AM [] []
[2026-01-26 02:46:19] SlimMonoLogger.INFO: Cron ran at: 26-01-2026 02:46:19 AM [] []
[2026-01-26 02:51:14] SlimMonoLogger.INFO: Cron ran at: 26-01-2026 02:51:14 AM [] []
[2026-01-26 02:56:17] SlimMonoLogger.INFO: Cron ran at: 26-01-2026 02:56:17 AM [] []
[2026-01-26 03:01:17] SlimMonoLogger.INFO: Cron ran at: 26-01-2026 03:01:17 AM [] []
[2026-01-26 03:06:42] SlimMonoLogger.INFO: Cron ran at: 26-01-2026 03:06:42 AM [] []
[2026-01-26 03:11:19] SlimMonoLogger.INFO: Cron ran at: 26-01-2026 03:11:19 AM [] []
[2026-01-26 03:16:15] SlimMonoLogger.INFO: Cron ran at: 26-01-2026 03:16:15 AM [] []
[2026-01-26 03:21:16] SlimMonoLogger.INFO: Cron ran at: 26-01-2026 03:21:16 AM [] []
[2026-01-26 03:26:13] SlimMonoLogger.INFO: Cron ran at: 26-01-2026 03:26:13 AM [] []
[2026-01-26 03:31:17] SlimMonoLogger.INFO: Cron ran at: 26-01-2026 03:31:17 AM [] []
[2026-01-26 03:36:12] SlimMonoLogger.INFO: Cron ran at: 26-01-2026 03:36:12 AM [] []
[2026-01-26 03:41:15] SlimMonoLogger.INFO: Cron ran at: 26-01-2026 03:41:15 AM [] []
[2026-01-26 03:46:18] SlimMonoLogger.INFO: Cron ran at: 26-01-2026 03:46:18 AM [] []
[2026-01-26 03:51:13] SlimMonoLogger.INFO: Cron ran at: 26-01-2026 03:51:13 AM [] []
[2026-01-26 03:56:12] SlimMonoLogger.INFO: Cron ran at: 26-01-2026 03:56:12 AM [] []
[2026-01-26 04:01:22] SlimMonoLogger.INFO: Cron ran at: 26-01-2026 04:01:22 AM [] []
[2026-01-26 04:06:15] SlimMonoLogger.INFO: Cron ran at: 26-01-2026 04:06:15 AM [] []
[2026-01-26 04:11:16] SlimMonoLogger.INFO: Cron ran at: 26-01-2026 04:11:16 AM [] []
[2026-01-26 04:16:12] SlimMonoLogger.INFO: Cron ran at: 26-01-2026 04:16:12 AM [] []
[2026-01-26 04:21:21] SlimMonoLogger.INFO: Cron ran at: 26-01-2026 04:21:21 AM [] []
[2026-01-26 04:26:11] SlimMonoLogger.INFO: Cron ran at: 26-01-2026 04:26:11 AM [] []
[2026-01-26 04:31:20] SlimMonoLogger.INFO: Cron ran at: 26-01-2026 04:31:20 AM [] []
[2026-01-26 04:36:06] SlimMonoLogger.INFO: Cron ran at: 26-01-2026 04:36:06 AM [] []
[2026-01-26 04:41:13] SlimMonoLogger.INFO: Cron ran at: 26-01-2026 04:41:13 AM [] []
[2026-01-26 04:46:16] SlimMonoLogger.INFO: Cron ran at: 26-01-2026 04:46:16 AM [] []
[2026-01-26 04:51:14] SlimMonoLogger.INFO: Cron ran at: 26-01-2026 04:51:14 AM [] []
[2026-01-26 04:56:12] SlimMonoLogger.INFO: Cron ran at: 26-01-2026 04:56:12 AM [] []
[2026-01-26 05:01:14] SlimMonoLogger.INFO: Cron ran at: 26-01-2026 05:01:14 AM [] []
[2026-01-26 05:06:13] SlimMonoLogger.INFO: Cron ran at: 26-01-2026 05:06:13 AM [] []
[2026-01-26 05:11:15] SlimMonoLogger.INFO: Cron ran at: 26-01-2026 05:11:15 AM [] []
[2026-01-26 05:16:11] SlimMonoLogger.INFO: Cron ran at: 26-01-2026 05:16:11 AM [] []
[2026-01-26 05:21:16] SlimMonoLogger.INFO: Cron ran at: 26-01-2026 05:21:16 AM [] []
[2026-01-26 05:26:13] SlimMonoLogger.INFO: Cron ran at: 26-01-2026 05:26:13 AM [] []
[2026-01-26 05:31:14] SlimMonoLogger.INFO: Cron ran at: 26-01-2026 05:31:14 AM [] []
[2026-01-26 05:36:10] SlimMonoLogger.INFO: Cron ran at: 26-01-2026 05:36:10 AM [] []
[2026-01-26 05:41:12] SlimMonoLogger.INFO: Cron ran at: 26-01-2026 05:41:12 AM [] []
[2026-01-26 05:46:12] SlimMonoLogger.INFO: Cron ran at: 26-01-2026 05:46:12 AM [] []
[2026-01-26 05:51:11] SlimMonoLogger.INFO: Cron ran at: 26-01-2026 05:51:11 AM [] []
[2026-01-26 05:56:10] SlimMonoLogger.INFO: Cron ran at: 26-01-2026 05:56:10 AM [] []
[2026-01-26 06:01:16] SlimMonoLogger.INFO: Cron ran at: 26-01-2026 06:01:16 AM [] []
[2026-01-26 06:06:09] SlimMonoLogger.INFO: Cron ran at: 26-01-2026 06:06:09 AM [] []
[2026-01-26 06:11:14] SlimMonoLogger.INFO: Cron ran at: 26-01-2026 06:11:14 AM [] []
[2026-01-26 06:16:13] SlimMonoLogger.INFO: Cron ran at: 26-01-2026 06:16:13 AM [] []
[2026-01-26 06:21:10] SlimMonoLogger.INFO: Cron ran at: 26-01-2026 06:21:10 AM [] []
[2026-01-26 06:26:11] SlimMonoLogger.INFO: Cron ran at: 26-01-2026 06:26:11 AM [] []
[2026-01-26 06:31:16] SlimMonoLogger.INFO: Cron ran at: 26-01-2026 06:31:16 AM [] []
[2026-01-26 06:36:17] SlimMonoLogger.INFO: Cron ran at: 26-01-2026 06:36:17 AM [] []
[2026-01-26 06:41:10] SlimMonoLogger.INFO: Cron ran at: 26-01-2026 06:41:10 AM [] []
[2026-01-26 06:46:15] SlimMonoLogger.INFO: Cron ran at: 26-01-2026 06:46:15 AM [] []
[2026-01-26 06:51:14] SlimMonoLogger.INFO: Cron ran at: 26-01-2026 06:51:14 AM [] []
[2026-01-26 06:56:17] SlimMonoLogger.INFO: Cron ran at: 26-01-2026 06:56:17 AM [] []
[2026-01-26 07:01:16] SlimMonoLogger.INFO: Cron ran at: 26-01-2026 07:01:16 AM [] []
[2026-01-26 07:06:14] SlimMonoLogger.INFO: Cron ran at: 26-01-2026 07:06:14 AM [] []
[2026-01-26 07:11:16] SlimMonoLogger.INFO: Cron ran at: 26-01-2026 07:11:16 AM [] []
[2026-01-26 07:16:12] SlimMonoLogger.INFO: Cron ran at: 26-01-2026 07:16:12 AM [] []
[2026-01-26 07:21:15] SlimMonoLogger.INFO: Cron ran at: 26-01-2026 07:21:15 AM [] []
[2026-01-26 07:26:13] SlimMonoLogger.INFO: Cron ran at: 26-01-2026 07:26:13 AM [] []
[2026-01-26 07:31:21] SlimMonoLogger.INFO: Cron ran at: 26-01-2026 07:31:21 AM [] []
[2026-01-26 07:36:17] SlimMonoLogger.INFO: Cron ran at: 26-01-2026 07:36:17 AM [] []
[2026-01-26 07:41:18] SlimMonoLogger.INFO: Cron ran at: 26-01-2026 07:41:18 AM [] []
[2026-01-26 07:46:12] SlimMonoLogger.INFO: Cron ran at: 26-01-2026 07:46:12 AM [] []
[2026-01-26 07:51:12] SlimMonoLogger.INFO: Cron ran at: 26-01-2026 07:51:12 AM [] []
[2026-01-26 07:56:11] SlimMonoLogger.INFO: Cron ran at: 26-01-2026 07:56:11 AM [] []
[2026-01-26 08:01:22] SlimMonoLogger.INFO: Cron ran at: 26-01-2026 08:01:22 AM [] []
[2026-01-26 08:06:12] SlimMonoLogger.INFO: Cron ran at: 26-01-2026 08:06:12 AM [] []
[2026-01-26 08:11:15] SlimMonoLogger.INFO: Cron ran at: 26-01-2026 08:11:15 AM [] []
[2026-01-26 08:16:15] SlimMonoLogger.INFO: Cron ran at: 26-01-2026 08:16:15 AM [] []
[2026-01-26 08:21:15] SlimMonoLogger.INFO: Cron ran at: 26-01-2026 08:21:15 AM [] []
[2026-01-26 08:26:14] SlimMonoLogger.INFO: Cron ran at: 26-01-2026 08:26:14 AM [] []
[2026-01-26 08:31:15] SlimMonoLogger.INFO: Cron ran at: 26-01-2026 08:31:15 AM [] []
[2026-01-26 08:36:13] SlimMonoLogger.INFO: Cron ran at: 26-01-2026 08:36:13 AM [] []
[2026-01-26 08:46:26] SlimMonoLogger.INFO: Cron ran at: 26-01-2026 08:46:26 AM [] []
[2026-01-26 08:51:18] SlimMonoLogger.INFO: Cron ran at: 26-01-2026 08:51:18 AM [] []
[2026-01-26 08:56:09] SlimMonoLogger.INFO: Cron ran at: 26-01-2026 08:56:09 AM [] []
[2026-01-26 09:06:40] SlimMonoLogger.INFO: Cron ran at: 26-01-2026 09:06:40 AM [] []
[2026-01-26 09:11:21] SlimMonoLogger.INFO: Cron ran at: 26-01-2026 09:11:21 AM [] []
[2026-01-26 09:16:21] SlimMonoLogger.INFO: Cron ran at: 26-01-2026 09:16:21 AM [] []
[2026-01-26 09:21:24] SlimMonoLogger.INFO: Cron ran at: 26-01-2026 09:21:24 AM [] []
[2026-01-26 09:26:32] SlimMonoLogger.INFO: Cron ran at: 26-01-2026 09:26:32 AM [] []
[2026-01-26 09:31:15] SlimMonoLogger.INFO: Cron ran at: 26-01-2026 09:31:15 AM [] []
[2026-01-26 09:36:21] SlimMonoLogger.INFO: Cron ran at: 26-01-2026 09:36:21 AM [] []
[2026-01-26 09:41:12] SlimMonoLogger.INFO: Cron ran at: 26-01-2026 09:41:12 AM [] []
[2026-01-26 09:46:19] SlimMonoLogger.INFO: Cron ran at: 26-01-2026 09:46:19 AM [] []
[2026-01-26 09:51:13] SlimMonoLogger.INFO: Cron ran at: 26-01-2026 09:51:13 AM [] []
[2026-01-26 09:56:21] SlimMonoLogger.INFO: Cron ran at: 26-01-2026 09:56:21 AM [] []
[2026-01-26 10:06:28] SlimMonoLogger.INFO: Cron ran at: 26-01-2026 10:06:28 AM [] []
[2026-01-26 10:11:10] SlimMonoLogger.INFO: Cron ran at: 26-01-2026 10:11:10 AM [] []
[2026-01-26 10:16:11] SlimMonoLogger.INFO: Cron ran at: 26-01-2026 10:16:11 AM [] []
[2026-01-26 10:21:13] SlimMonoLogger.INFO: Cron ran at: 26-01-2026 10:21:13 AM [] []
[2026-01-26 10:26:16] SlimMonoLogger.INFO: Cron ran at: 26-01-2026 10:26:16 AM [] []
[2026-01-26 10:31:11] SlimMonoLogger.INFO: Cron ran at: 26-01-2026 10:31:11 AM [] []
[2026-01-26 10:36:16] SlimMonoLogger.INFO: Cron ran at: 26-01-2026 10:36:16 AM [] []
[2026-01-26 10:41:25] SlimMonoLogger.INFO: Cron ran at: 26-01-2026 10:41:25 AM [] []
[2026-01-26 10:46:25] SlimMonoLogger.INFO: Cron ran at: 26-01-2026 10:46:25 AM [] []
[2026-01-26 10:51:27] SlimMonoLogger.INFO: Cron ran at: 26-01-2026 10:51:27 AM [] []
[2026-01-26 10:56:14] SlimMonoLogger.INFO: Cron ran at: 26-01-2026 10:56:14 AM [] []
[2026-01-26 11:01:18] SlimMonoLogger.INFO: Cron ran at: 26-01-2026 11:01:18 AM [] []
[2026-01-26 11:06:13] SlimMonoLogger.INFO: Cron ran at: 26-01-2026 11:06:13 AM [] []
[2026-01-26 11:11:19] SlimMonoLogger.INFO: Cron ran at: 26-01-2026 11:11:19 AM [] []
[2026-01-26 11:16:20] SlimMonoLogger.INFO: Cron ran at: 26-01-2026 11:16:20 AM [] []
[2026-01-26 11:21:38] SlimMonoLogger.INFO: Cron ran at: 26-01-2026 11:21:38 AM [] []
[2026-01-26 11:26:30] SlimMonoLogger.INFO: Cron ran at: 26-01-2026 11:26:30 AM [] []
[2026-01-26 11:31:29] SlimMonoLogger.INFO: Cron ran at: 26-01-2026 11:31:29 AM [] []
[2026-01-26 11:36:18] SlimMonoLogger.INFO: Cron ran at: 26-01-2026 11:36:18 AM [] []
[2026-01-26 11:41:22] SlimMonoLogger.INFO: Cron ran at: 26-01-2026 11:41:22 AM [] []
[2026-01-26 11:46:24] SlimMonoLogger.INFO: Cron ran at: 26-01-2026 11:46:24 AM [] []
[2026-01-26 11:51:24] SlimMonoLogger.INFO: Cron ran at: 26-01-2026 11:51:24 AM [] []
[2026-01-26 11:56:26] SlimMonoLogger.INFO: Cron ran at: 26-01-2026 11:56:26 AM [] []
[2026-01-26 12:01:28] SlimMonoLogger.INFO: Cron ran at: 26-01-2026 12:01:28 PM [] []
[2026-01-26 12:06:17] SlimMonoLogger.INFO: Cron ran at: 26-01-2026 12:06:17 PM [] []
[2026-01-26 12:11:33] SlimMonoLogger.INFO: Cron ran at: 26-01-2026 12:11:33 PM [] []
[2026-01-26 12:16:29] SlimMonoLogger.INFO: Cron ran at: 26-01-2026 12:16:29 PM [] []
[2026-01-26 12:21:22] SlimMonoLogger.INFO: Cron ran at: 26-01-2026 12:21:22 PM [] []
[2026-01-26 12:26:21] SlimMonoLogger.INFO: Cron ran at: 26-01-2026 12:26:21 PM [] []
[2026-01-26 12:31:18] SlimMonoLogger.INFO: Cron ran at: 26-01-2026 12:31:18 PM [] []
[2026-01-26 12:36:14] SlimMonoLogger.INFO: Cron ran at: 26-01-2026 12:36:14 PM [] []
[2026-01-26 12:41:27] SlimMonoLogger.INFO: Cron ran at: 26-01-2026 12:41:27 PM [] []
[2026-01-26 12:46:20] SlimMonoLogger.INFO: Cron ran at: 26-01-2026 12:46:20 PM [] []
[2026-01-26 12:51:21] SlimMonoLogger.INFO: Cron ran at: 26-01-2026 12:51:21 PM [] []
[2026-01-26 12:56:14] SlimMonoLogger.INFO: Cron ran at: 26-01-2026 12:56:14 PM [] []
[2026-01-26 13:01:29] SlimMonoLogger.INFO: Cron ran at: 26-01-2026 01:01:29 PM [] []
[2026-01-26 13:06:12] SlimMonoLogger.INFO: Cron ran at: 26-01-2026 01:06:12 PM [] []
[2026-01-26 13:11:24] SlimMonoLogger.INFO: Cron ran at: 26-01-2026 01:11:24 PM [] []
[2026-01-26 13:16:27] SlimMonoLogger.INFO: Cron ran at: 26-01-2026 01:16:27 PM [] []
[2026-01-26 13:21:30] SlimMonoLogger.INFO: Cron ran at: 26-01-2026 01:21:30 PM [] []
[2026-01-26 13:26:31] SlimMonoLogger.INFO: Cron ran at: 26-01-2026 01:26:31 PM [] []
[2026-01-26 13:31:17] SlimMonoLogger.INFO: Cron ran at: 26-01-2026 01:31:17 PM [] []
[2026-01-26 13:36:18] SlimMonoLogger.INFO: Cron ran at: 26-01-2026 01:36:18 PM [] []
[2026-01-26 13:41:32] SlimMonoLogger.INFO: Cron ran at: 26-01-2026 01:41:32 PM [] []
[2026-01-26 13:46:16] SlimMonoLogger.INFO: Cron ran at: 26-01-2026 01:46:16 PM [] []
[2026-01-26 13:51:21] SlimMonoLogger.INFO: Cron ran at: 26-01-2026 01:51:21 PM [] []
[2026-01-26 13:56:17] SlimMonoLogger.INFO: Cron ran at: 26-01-2026 01:56:17 PM [] []
[2026-01-26 14:01:12] SlimMonoLogger.INFO: Cron ran at: 26-01-2026 02:01:12 PM [] []
[2026-01-26 14:06:27] SlimMonoLogger.INFO: Cron ran at: 26-01-2026 02:06:27 PM [] []
[2026-01-26 14:11:28] SlimMonoLogger.INFO: Cron ran at: 26-01-2026 02:11:28 PM [] []
[2026-01-26 14:16:21] SlimMonoLogger.INFO: Cron ran at: 26-01-2026 02:16:21 PM [] []
[2026-01-26 14:21:25] SlimMonoLogger.INFO: Cron ran at: 26-01-2026 02:21:25 PM [] []
[2026-01-26 14:26:19] SlimMonoLogger.INFO: Cron ran at: 26-01-2026 02:26:19 PM [] []
[2026-01-26 14:31:23] SlimMonoLogger.INFO: Cron ran at: 26-01-2026 02:31:23 PM [] []
[2026-01-26 14:36:19] SlimMonoLogger.INFO: Cron ran at: 26-01-2026 02:36:19 PM [] []
[2026-01-26 14:41:18] SlimMonoLogger.INFO: Cron ran at: 26-01-2026 02:41:18 PM [] []
[2026-01-26 14:46:26] SlimMonoLogger.INFO: Cron ran at: 26-01-2026 02:46:26 PM [] []
[2026-01-26 14:51:16] SlimMonoLogger.INFO: Cron ran at: 26-01-2026 02:51:16 PM [] []
[2026-01-26 14:56:17] SlimMonoLogger.INFO: Cron ran at: 26-01-2026 02:56:17 PM [] []
[2026-01-26 15:01:28] SlimMonoLogger.INFO: Cron ran at: 26-01-2026 03:01:28 PM [] []
[2026-01-26 15:06:24] SlimMonoLogger.INFO: Cron ran at: 26-01-2026 03:06:24 PM [] []
[2026-01-26 15:11:25] SlimMonoLogger.INFO: Cron ran at: 26-01-2026 03:11:25 PM [] []
[2026-01-26 15:16:28] SlimMonoLogger.INFO: Cron ran at: 26-01-2026 03:16:28 PM [] []
[2026-01-26 15:21:24] SlimMonoLogger.INFO: Cron ran at: 26-01-2026 03:21:24 PM [] []
[2026-01-26 15:26:15] SlimMonoLogger.INFO: Cron ran at: 26-01-2026 03:26:15 PM [] []
[2026-01-26 15:31:26] SlimMonoLogger.INFO: Cron ran at: 26-01-2026 03:31:26 PM [] []
[2026-01-26 15:36:14] SlimMonoLogger.INFO: Cron ran at: 26-01-2026 03:36:14 PM [] []
[2026-01-26 15:41:06] SlimMonoLogger.INFO: Cron ran at: 26-01-2026 03:41:06 PM [] []
[2026-01-26 15:46:17] SlimMonoLogger.INFO: Cron ran at: 26-01-2026 03:46:17 PM [] []
[2026-01-26 15:51:17] SlimMonoLogger.INFO: Cron ran at: 26-01-2026 03:51:17 PM [] []
[2026-01-26 15:56:08] SlimMonoLogger.INFO: Cron ran at: 26-01-2026 03:56:08 PM [] []
[2026-01-26 16:01:17] SlimMonoLogger.INFO: Cron ran at: 26-01-2026 04:01:17 PM [] []
[2026-01-26 16:06:19] SlimMonoLogger.INFO: Cron ran at: 26-01-2026 04:06:19 PM [] []
[2026-01-26 16:11:18] SlimMonoLogger.INFO: Cron ran at: 26-01-2026 04:11:18 PM [] []
[2026-01-26 16:16:30] SlimMonoLogger.INFO: Cron ran at: 26-01-2026 04:16:30 PM [] []
[2026-01-26 16:21:16] SlimMonoLogger.INFO: Cron ran at: 26-01-2026 04:21:16 PM [] []
[2026-01-26 16:26:22] SlimMonoLogger.INFO: Cron ran at: 26-01-2026 04:26:22 PM [] []
[2026-01-26 16:31:27] SlimMonoLogger.INFO: Cron ran at: 26-01-2026 04:31:27 PM [] []
[2026-01-26 16:36:09] SlimMonoLogger.INFO: Cron ran at: 26-01-2026 04:36:09 PM [] []
[2026-01-26 16:41:17] SlimMonoLogger.INFO: Cron ran at: 26-01-2026 04:41:17 PM [] []
[2026-01-26 16:46:25] SlimMonoLogger.INFO: Cron ran at: 26-01-2026 04:46:25 PM [] []
[2026-01-26 16:51:17] SlimMonoLogger.INFO: Cron ran at: 26-01-2026 04:51:17 PM [] []
[2026-01-26 16:56:12] SlimMonoLogger.INFO: Cron ran at: 26-01-2026 04:56:12 PM [] []
[2026-01-26 17:01:24] SlimMonoLogger.INFO: Cron ran at: 26-01-2026 05:01:24 PM [] []
[2026-01-26 17:06:18] SlimMonoLogger.INFO: Cron ran at: 26-01-2026 05:06:18 PM [] []
[2026-01-26 17:11:24] SlimMonoLogger.INFO: Cron ran at: 26-01-2026 05:11:24 PM [] []
[2026-01-26 17:16:29] SlimMonoLogger.INFO: Cron ran at: 26-01-2026 05:16:29 PM [] []
[2026-01-26 17:21:20] SlimMonoLogger.INFO: Cron ran at: 26-01-2026 05:21:20 PM [] []
[2026-01-26 17:26:30] SlimMonoLogger.INFO: Cron ran at: 26-01-2026 05:26:30 PM [] []
[2026-01-26 17:31:29] SlimMonoLogger.INFO: Cron ran at: 26-01-2026 05:31:29 PM [] []
[2026-01-26 17:36:22] SlimMonoLogger.INFO: Cron ran at: 26-01-2026 05:36:22 PM [] []
[2026-01-26 17:41:21] SlimMonoLogger.INFO: Cron ran at: 26-01-2026 05:41:21 PM [] []
[2026-01-26 17:46:17] SlimMonoLogger.INFO: Cron ran at: 26-01-2026 05:46:17 PM [] []
[2026-01-26 17:51:20] SlimMonoLogger.INFO: Cron ran at: 26-01-2026 05:51:20 PM [] []
[2026-01-26 17:56:31] SlimMonoLogger.INFO: Cron ran at: 26-01-2026 05:56:31 PM [] []
[2026-01-26 18:01:28] SlimMonoLogger.INFO: Cron ran at: 26-01-2026 06:01:28 PM [] []
[2026-01-26 18:06:14] SlimMonoLogger.INFO: Cron ran at: 26-01-2026 06:06:14 PM [] []
[2026-01-26 18:11:19] SlimMonoLogger.INFO: Cron ran at: 26-01-2026 06:11:19 PM [] []
[2026-01-26 18:16:22] SlimMonoLogger.INFO: Cron ran at: 26-01-2026 06:16:22 PM [] []
[2026-01-26 18:21:33] SlimMonoLogger.INFO: Cron ran at: 26-01-2026 06:21:33 PM [] []
[2026-01-26 18:26:15] SlimMonoLogger.INFO: Cron ran at: 26-01-2026 06:26:15 PM [] []
[2026-01-26 18:31:22] SlimMonoLogger.INFO: Cron ran at: 26-01-2026 06:31:22 PM [] []
[2026-01-26 18:36:19] SlimMonoLogger.INFO: Cron ran at: 26-01-2026 06:36:19 PM [] []
[2026-01-26 18:41:14] SlimMonoLogger.INFO: Cron ran at: 26-01-2026 06:41:14 PM [] []
[2026-01-26 18:46:20] SlimMonoLogger.INFO: Cron ran at: 26-01-2026 06:46:20 PM [] []
[2026-01-26 18:51:20] SlimMonoLogger.INFO: Cron ran at: 26-01-2026 06:51:20 PM [] []
[2026-01-26 18:56:19] SlimMonoLogger.INFO: Cron ran at: 26-01-2026 06:56:19 PM [] []
[2026-01-26 19:01:07] SlimMonoLogger.INFO: Cron ran at: 26-01-2026 07:01:07 PM [] []
[2026-01-26 19:06:10] SlimMonoLogger.INFO: Cron ran at: 26-01-2026 07:06:10 PM [] []
[2026-01-26 19:11:14] SlimMonoLogger.INFO: Cron ran at: 26-01-2026 07:11:14 PM [] []
[2026-01-26 19:16:28] SlimMonoLogger.INFO: Cron ran at: 26-01-2026 07:16:28 PM [] []
[2026-01-26 19:21:19] SlimMonoLogger.INFO: Cron ran at: 26-01-2026 07:21:19 PM [] []
[2026-01-26 19:26:21] SlimMonoLogger.INFO: Cron ran at: 26-01-2026 07:26:21 PM [] []
[2026-01-26 19:31:20] SlimMonoLogger.INFO: Cron ran at: 26-01-2026 07:31:20 PM [] []
[2026-01-26 19:36:11] SlimMonoLogger.INFO: Cron ran at: 26-01-2026 07:36:11 PM [] []
[2026-01-26 19:41:16] SlimMonoLogger.INFO: Cron ran at: 26-01-2026 07:41:16 PM [] []
[2026-01-26 19:46:11] SlimMonoLogger.INFO: Cron ran at: 26-01-2026 07:46:11 PM [] []
[2026-01-26 19:51:22] SlimMonoLogger.INFO: Cron ran at: 26-01-2026 07:51:22 PM [] []
[2026-01-26 19:56:15] SlimMonoLogger.INFO: Cron ran at: 26-01-2026 07:56:15 PM [] []
[2026-01-26 20:01:22] SlimMonoLogger.INFO: Cron ran at: 26-01-2026 08:01:22 PM [] []
[2026-01-26 20:06:18] SlimMonoLogger.INFO: Cron ran at: 26-01-2026 08:06:18 PM [] []
[2026-01-26 20:11:17] SlimMonoLogger.INFO: Cron ran at: 26-01-2026 08:11:17 PM [] []
[2026-01-26 20:16:20] SlimMonoLogger.INFO: Cron ran at: 26-01-2026 08:16:20 PM [] []
[2026-01-26 20:21:24] SlimMonoLogger.INFO: Cron ran at: 26-01-2026 08:21:24 PM [] []
[2026-01-26 20:26:25] SlimMonoLogger.INFO: Cron ran at: 26-01-2026 08:26:25 PM [] []
[2026-01-26 20:31:27] SlimMonoLogger.INFO: Cron ran at: 26-01-2026 08:31:27 PM [] []
[2026-01-26 20:36:16] SlimMonoLogger.INFO: Cron ran at: 26-01-2026 08:36:16 PM [] []
[2026-01-26 20:41:30] SlimMonoLogger.INFO: Cron ran at: 26-01-2026 08:41:30 PM [] []
[2026-01-26 20:51:39] SlimMonoLogger.INFO: Cron ran at: 26-01-2026 08:51:39 PM [] []
[2026-01-26 20:54:24] SlimMonoLogger.ERROR: Requests_Exception: cURL error 28: Operation timed out after 500000 milliseconds with 132 bytes received in /home/latihtal/public_html/agregator1/src/vendor/rmccue/requests/library/Requests/Transport/cURL.php:422
Stack trace:
#0 /home/latihtal/public_html/agregator1/src/vendor/rmccue/requests/library/Requests/Transport/cURL.php(177): Requests_Transport_cURL->process_response()
#1 /home/latihtal/public_html/agregator1/src/vendor/rmccue/requests/library/Requests.php(379): Requests_Transport_cURL->request()
#2 /home/latihtal/public_html/agregator1/src/vendor/rmccue/requests/library/Requests/Session.php(205): Requests::request()
#3 /home/latihtal/public_html/agregator1/src/vendor/rmccue/requests/library/Requests/Session.php(132): Requests_Session->request()
#4 /home/latihtal/public_html/agregator1/src/drivers/Http/RssImporter.php(144): Requests_Session->get()
#5 /home/latihtal/public_html/agregator1/src/controllers/Dashboard/DashboardFeedsController.php(534): spark\drivers\Http\RssImporter->fetchPosts()
#6 /home/latihtal/public_html/agregator1/src/controllers/Site/SiteController.php(722): spark\controllers\Dashboard\DashboardFeedsController::importFeedPosts()
#7 [internal function]: spark\controllers\Site\SiteController->runTasks()
#8 /home/latihtal/public_html/agregator1/src/framework/Route.php(173): call_user_func_array()
#9 [internal function]: Slim\Route->Slim\{closure}()
#10 /home/latihtal/public_html/agregator1/src/framework/Route.php(468): call_user_func_array()
#11 /home/latihtal/public_html/agregator1/src/framework/Slim.php(1364): Slim\Route->dispatch()
#12 /home/latihtal/public_html/agregator1/src/framework/Middleware/Flash.php(85): Slim\Slim->call()
#13 /home/latihtal/public_html/agregator1/src/framework/Middleware/MethodOverride.php(92): Slim\Middleware\Flash->call()
#14 /home/latihtal/public_html/agregator1/src/middlewares/CsrfGuard/CsrfGuard.php(47): Slim\Middleware\MethodOverride->call()
#15 /home/latihtal/public_html/agregator1/src/framework/Middleware/PrettyExceptions.php(67): spark\middlewares\CsrfGuard\CsrfGuard->call()
#16 /home/latihtal/public_html/agregator1/src/framework/Slim.php(1308): Slim\Middleware\PrettyExceptions->call()
#17 /home/latihtal/public_html/agregator1/index.php(6): Slim\Slim->run()
#18 {main} [] []
[2026-01-26 20:56:26] SlimMonoLogger.INFO: Cron ran at: 26-01-2026 08:56:26 PM [] []
[2026-01-26 21:03:01] SlimMonoLogger.ERROR: Requests_Exception: cURL error 28: Operation timed out after 500006 milliseconds with 7385 bytes received in /home/latihtal/public_html/agregator1/src/vendor/rmccue/requests/library/Requests/Transport/cURL.php:422
Stack trace:
#0 /home/latihtal/public_html/agregator1/src/vendor/rmccue/requests/library/Requests/Transport/cURL.php(177): Requests_Transport_cURL->process_response()
#1 /home/latihtal/public_html/agregator1/src/vendor/rmccue/requests/library/Requests.php(379): Requests_Transport_cURL->request()
#2 /home/latihtal/public_html/agregator1/src/vendor/rmccue/requests/library/Requests/Session.php(205): Requests::request()
#3 /home/latihtal/public_html/agregator1/src/vendor/rmccue/requests/library/Requests/Session.php(132): Requests_Session->request()
#4 /home/latihtal/public_html/agregator1/src/drivers/Http/RssImporter.php(144): Requests_Session->get()
#5 /home/latihtal/public_html/agregator1/src/controllers/Dashboard/DashboardFeedsController.php(534): spark\drivers\Http\RssImporter->fetchPosts()
#6 /home/latihtal/public_html/agregator1/src/controllers/Site/SiteController.php(722): spark\controllers\Dashboard\DashboardFeedsController::importFeedPosts()
#7 [internal function]: spark\controllers\Site\SiteController->runTasks()
#8 /home/latihtal/public_html/agregator1/src/framework/Route.php(173): call_user_func_array()
#9 [internal function]: Slim\Route->Slim\{closure}()
#10 /home/latihtal/public_html/agregator1/src/framework/Route.php(468): call_user_func_array()
#11 /home/latihtal/public_html/agregator1/src/framework/Slim.php(1364): Slim\Route->dispatch()
#12 /home/latihtal/public_html/agregator1/src/framework/Middleware/Flash.php(85): Slim\Slim->call()
#13 /home/latihtal/public_html/agregator1/src/framework/Middleware/MethodOverride.php(92): Slim\Middleware\Flash->call()
#14 /home/latihtal/public_html/agregator1/src/middlewares/CsrfGuard/CsrfGuard.php(47): Slim\Middleware\MethodOverride->call()
#15 /home/latihtal/public_html/agregator1/src/framework/Middleware/PrettyExceptions.php(67): spark\middlewares\CsrfGuard\CsrfGuard->call()
#16 /home/latihtal/public_html/agregator1/src/framework/Slim.php(1308): Slim\Middleware\PrettyExceptions->call()
#17 /home/latihtal/public_html/agregator1/index.php(6): Slim\Slim->run()
#18 {main} [] []
[2026-01-26 21:03:46] SlimMonoLogger.INFO: Cron ran at: 26-01-2026 09:03:46 PM [] []
[2026-01-26 21:09:33] SlimMonoLogger.ERROR: Requests_Exception: cURL error 28: Operation timed out after 500001 milliseconds with 8037 bytes received in /home/latihtal/public_html/agregator1/src/vendor/rmccue/requests/library/Requests/Transport/cURL.php:422
Stack trace:
#0 /home/latihtal/public_html/agregator1/src/vendor/rmccue/requests/library/Requests/Transport/cURL.php(177): Requests_Transport_cURL->process_response()
#1 /home/latihtal/public_html/agregator1/src/vendor/rmccue/requests/library/Requests.php(379): Requests_Transport_cURL->request()
#2 /home/latihtal/public_html/agregator1/src/vendor/rmccue/requests/library/Requests/Session.php(205): Requests::request()
#3 /home/latihtal/public_html/agregator1/src/vendor/rmccue/requests/library/Requests/Session.php(132): Requests_Session->request()
#4 /home/latihtal/public_html/agregator1/src/drivers/Http/RssImporter.php(144): Requests_Session->get()
#5 /home/latihtal/public_html/agregator1/src/controllers/Dashboard/DashboardFeedsController.php(534): spark\drivers\Http\RssImporter->fetchPosts()
#6 /home/latihtal/public_html/agregator1/src/controllers/Site/SiteController.php(722): spark\controllers\Dashboard\DashboardFeedsController::importFeedPosts()
#7 [internal function]: spark\controllers\Site\SiteController->runTasks()
#8 /home/latihtal/public_html/agregator1/src/framework/Route.php(173): call_user_func_array()
#9 [internal function]: Slim\Route->Slim\{closure}()
#10 /home/latihtal/public_html/agregator1/src/framework/Route.php(468): call_user_func_array()
#11 /home/latihtal/public_html/agregator1/src/framework/Slim.php(1364): Slim\Route->dispatch()
#12 /home/latihtal/public_html/agregator1/src/framework/Middleware/Flash.php(85): Slim\Slim->call()
#13 /home/latihtal/public_html/agregator1/src/framework/Middleware/MethodOverride.php(92): Slim\Middleware\Flash->call()
#14 /home/latihtal/public_html/agregator1/src/middlewares/CsrfGuard/CsrfGuard.php(47): Slim\Middleware\MethodOverride->call()
#15 /home/latihtal/public_html/agregator1/src/framework/Middleware/PrettyExceptions.php(67): spark\middlewares\CsrfGuard\CsrfGuard->call()
#16 /home/latihtal/public_html/agregator1/src/framework/Slim.php(1308): Slim\Middleware\PrettyExceptions->call()
#17 /home/latihtal/public_html/agregator1/index.php(6): Slim\Slim->run()
#18 {main} [] []
[2026-01-26 21:09:49] SlimMonoLogger.INFO: Cron ran at: 26-01-2026 09:09:49 PM [] []
[2026-01-26 21:11:21] SlimMonoLogger.INFO: Cron ran at: 26-01-2026 09:11:21 PM [] []
[2026-01-26 21:14:07] SlimMonoLogger.ERROR: Requests_Exception: cURL error 28: Operation timed out after 500001 milliseconds with 2868 bytes received in /home/latihtal/public_html/agregator1/src/vendor/rmccue/requests/library/Requests/Transport/cURL.php:422
Stack trace:
#0 /home/latihtal/public_html/agregator1/src/vendor/rmccue/requests/library/Requests/Transport/cURL.php(177): Requests_Transport_cURL->process_response()
#1 /home/latihtal/public_html/agregator1/src/vendor/rmccue/requests/library/Requests.php(379): Requests_Transport_cURL->request()
#2 /home/latihtal/public_html/agregator1/src/vendor/rmccue/requests/library/Requests/Session.php(205): Requests::request()
#3 /home/latihtal/public_html/agregator1/src/vendor/rmccue/requests/library/Requests/Session.php(132): Requests_Session->request()
#4 /home/latihtal/public_html/agregator1/src/drivers/Http/RssImporter.php(144): Requests_Session->get()
#5 /home/latihtal/public_html/agregator1/src/controllers/Dashboard/DashboardFeedsController.php(534): spark\drivers\Http\RssImporter->fetchPosts()
#6 /home/latihtal/public_html/agregator1/src/controllers/Site/SiteController.php(722): spark\controllers\Dashboard\DashboardFeedsController::importFeedPosts()
#7 [internal function]: spark\controllers\Site\SiteController->runTasks()
#8 /home/latihtal/public_html/agregator1/src/framework/Route.php(173): call_user_func_array()
#9 [internal function]: Slim\Route->Slim\{closure}()
#10 /home/latihtal/public_html/agregator1/src/framework/Route.php(468): call_user_func_array()
#11 /home/latihtal/public_html/agregator1/src/framework/Slim.php(1364): Slim\Route->dispatch()
#12 /home/latihtal/public_html/agregator1/src/framework/Middleware/Flash.php(85): Slim\Slim->call()
#13 /home/latihtal/public_html/agregator1/src/framework/Middleware/MethodOverride.php(92): Slim\Middleware\Flash->call()
#14 /home/latihtal/public_html/agregator1/src/middlewares/CsrfGuard/CsrfGuard.php(47): Slim\Middleware\MethodOverride->call()
#15 /home/latihtal/public_html/agregator1/src/framework/Middleware/PrettyExceptions.php(67): spark\middlewares\CsrfGuard\CsrfGuard->call()
#16 /home/latihtal/public_html/agregator1/src/framework/Slim.php(1308): Slim\Middleware\PrettyExceptions->call()
#17 /home/latihtal/public_html/agregator1/index.php(6): Slim\Slim->run()
#18 {main} [] []
[2026-01-26 21:14:42] SlimMonoLogger.INFO: Cron ran at: 26-01-2026 09:14:42 PM [] []
[2026-01-26 21:16:18] SlimMonoLogger.INFO: Cron ran at: 26-01-2026 09:16:18 PM [] []
[2026-01-26 21:21:13] SlimMonoLogger.INFO: Cron ran at: 26-01-2026 09:21:13 PM [] []
[2026-01-26 21:26:09] SlimMonoLogger.INFO: Cron ran at: 26-01-2026 09:26:09 PM [] []
[2026-01-26 21:31:17] SlimMonoLogger.INFO: Cron ran at: 26-01-2026 09:31:17 PM [] []
[2026-01-26 21:36:19] SlimMonoLogger.INFO: Cron ran at: 26-01-2026 09:36:19 PM [] []
[2026-01-26 21:41:20] SlimMonoLogger.INFO: Cron ran at: 26-01-2026 09:41:20 PM [] []
[2026-01-26 21:46:17] SlimMonoLogger.INFO: Cron ran at: 26-01-2026 09:46:17 PM [] []
[2026-01-26 21:51:15] SlimMonoLogger.INFO: Cron ran at: 26-01-2026 09:51:15 PM [] []
[2026-01-26 21:56:20] SlimMonoLogger.INFO: Cron ran at: 26-01-2026 09:56:20 PM [] []
[2026-01-26 22:01:28] SlimMonoLogger.INFO: Cron ran at: 26-01-2026 10:01:28 PM [] []
[2026-01-26 22:06:19] SlimMonoLogger.INFO: Cron ran at: 26-01-2026 10:06:19 PM [] []
[2026-01-26 22:11:30] SlimMonoLogger.INFO: Cron ran at: 26-01-2026 10:11:30 PM [] []
[2026-01-26 22:16:18] SlimMonoLogger.INFO: Cron ran at: 26-01-2026 10:16:18 PM [] []
[2026-01-26 22:21:21] SlimMonoLogger.INFO: Cron ran at: 26-01-2026 10:21:21 PM [] []
[2026-01-26 22:26:23] SlimMonoLogger.INFO: Cron ran at: 26-01-2026 10:26:23 PM [] []
[2026-01-26 22:31:26] SlimMonoLogger.INFO: Cron ran at: 26-01-2026 10:31:26 PM [] []
[2026-01-26 22:36:15] SlimMonoLogger.INFO: Cron ran at: 26-01-2026 10:36:15 PM [] []
[2026-01-26 22:41:16] SlimMonoLogger.INFO: Cron ran at: 26-01-2026 10:41:16 PM [] []
[2026-01-26 22:46:27] SlimMonoLogger.INFO: Cron ran at: 26-01-2026 10:46:27 PM [] []
[2026-01-26 22:51:17] SlimMonoLogger.INFO: Cron ran at: 26-01-2026 10:51:17 PM [] []
[2026-01-26 22:56:09] SlimMonoLogger.INFO: Cron ran at: 26-01-2026 10:56:09 PM [] []
[2026-01-26 23:01:18] SlimMonoLogger.INFO: Cron ran at: 26-01-2026 11:01:18 PM [] []
[2026-01-26 23:06:16] SlimMonoLogger.INFO: Cron ran at: 26-01-2026 11:06:16 PM [] []
[2026-01-26 23:11:19] SlimMonoLogger.INFO: Cron ran at: 26-01-2026 11:11:19 PM [] []
[2026-01-26 23:16:19] SlimMonoLogger.INFO: Cron ran at: 26-01-2026 11:16:19 PM [] []
[2026-01-26 23:21:17] SlimMonoLogger.INFO: Cron ran at: 26-01-2026 11:21:17 PM [] []
[2026-01-26 23:26:17] SlimMonoLogger.INFO: Cron ran at: 26-01-2026 11:26:17 PM [] []
[2026-01-26 23:31:19] SlimMonoLogger.INFO: Cron ran at: 26-01-2026 11:31:19 PM [] []
[2026-01-26 23:36:23] SlimMonoLogger.INFO: Cron ran at: 26-01-2026 11:36:23 PM [] []
[2026-01-26 23:41:18] SlimMonoLogger.INFO: Cron ran at: 26-01-2026 11:41:18 PM [] []
[2026-01-26 23:46:13] SlimMonoLogger.INFO: Cron ran at: 26-01-2026 11:46:13 PM [] []
[2026-01-26 23:51:15] SlimMonoLogger.INFO: Cron ran at: 26-01-2026 11:51:15 PM [] []
[2026-01-26 23:56:19] SlimMonoLogger.INFO: Cron ran at: 26-01-2026 11:56:19 PM [] []
[2026-01-27 00:01:16] SlimMonoLogger.INFO: Cron ran at: 27-01-2026 12:01:16 AM [] []
[2026-01-27 00:06:29] SlimMonoLogger.INFO: Cron ran at: 27-01-2026 12:06:29 AM [] []
[2026-01-27 00:11:26] SlimMonoLogger.INFO: Cron ran at: 27-01-2026 12:11:26 AM [] []
[2026-01-27 00:16:20] SlimMonoLogger.INFO: Cron ran at: 27-01-2026 12:16:20 AM [] []
[2026-01-27 00:21:29] SlimMonoLogger.INFO: Cron ran at: 27-01-2026 12:21:29 AM [] []
[2026-01-27 00:26:34] SlimMonoLogger.INFO: Cron ran at: 27-01-2026 12:26:34 AM [] []
[2026-01-27 00:31:34] SlimMonoLogger.INFO: Cron ran at: 27-01-2026 12:31:34 AM [] []
[2026-01-27 00:36:19] SlimMonoLogger.INFO: Cron ran at: 27-01-2026 12:36:19 AM [] []
[2026-01-27 00:41:14] SlimMonoLogger.INFO: Cron ran at: 27-01-2026 12:41:14 AM [] []
[2026-01-27 00:46:26] SlimMonoLogger.INFO: Cron ran at: 27-01-2026 12:46:26 AM [] []
[2026-01-27 00:51:31] SlimMonoLogger.INFO: Cron ran at: 27-01-2026 12:51:31 AM [] []
[2026-01-27 00:56:27] SlimMonoLogger.INFO: Cron ran at: 27-01-2026 12:56:27 AM [] []
