[2026-02-26 01:02:20] SlimMonoLogger.INFO: Cron ran at: 26-02-2026 01:02:20 AM [] []
[2026-02-26 01:07:44] SlimMonoLogger.INFO: Cron ran at: 26-02-2026 01:07:44 AM [] []
[2026-02-26 01:11:48] SlimMonoLogger.INFO: Cron ran at: 26-02-2026 01:11:48 AM [] []
[2026-02-26 01:16:28] SlimMonoLogger.INFO: Cron ran at: 26-02-2026 01:16:28 AM [] []
[2026-02-26 01:21:34] SlimMonoLogger.INFO: Cron ran at: 26-02-2026 01:21:34 AM [] []
[2026-02-26 01:26:44] SlimMonoLogger.INFO: Cron ran at: 26-02-2026 01:26:44 AM [] []
[2026-02-26 01:31:39] SlimMonoLogger.INFO: Cron ran at: 26-02-2026 01:31:39 AM [] []
[2026-02-26 01:36:49] SlimMonoLogger.INFO: Cron ran at: 26-02-2026 01:36:49 AM [] []
[2026-02-26 01:41:50] SlimMonoLogger.INFO: Cron ran at: 26-02-2026 01:41:50 AM [] []
[2026-02-26 01:46:40] SlimMonoLogger.INFO: Cron ran at: 26-02-2026 01:46:40 AM [] []
[2026-02-26 01:51:36] SlimMonoLogger.INFO: Cron ran at: 26-02-2026 01:51:36 AM [] []
[2026-02-26 01:56:47] SlimMonoLogger.INFO: Cron ran at: 26-02-2026 01:56:47 AM [] []
[2026-02-26 02:01:50] SlimMonoLogger.INFO: Cron ran at: 26-02-2026 02:01:50 AM [] []
[2026-02-26 02:06:27] SlimMonoLogger.INFO: Cron ran at: 26-02-2026 02:06:27 AM [] []
[2026-02-26 02:11:49] SlimMonoLogger.INFO: Cron ran at: 26-02-2026 02:11:49 AM [] []
[2026-02-26 02:16:43] SlimMonoLogger.INFO: Cron ran at: 26-02-2026 02:16:43 AM [] []
[2026-02-26 02:21:30] SlimMonoLogger.INFO: Cron ran at: 26-02-2026 02:21:30 AM [] []
[2026-02-26 02:26:42] SlimMonoLogger.INFO: Cron ran at: 26-02-2026 02:26:42 AM [] []
[2026-02-26 02:31:46] SlimMonoLogger.INFO: Cron ran at: 26-02-2026 02:31:46 AM [] []
[2026-02-26 02:36:29] SlimMonoLogger.INFO: Cron ran at: 26-02-2026 02:36:29 AM [] []
[2026-02-26 02:41:31] SlimMonoLogger.INFO: Cron ran at: 26-02-2026 02:41:31 AM [] []
[2026-02-26 02:46:53] SlimMonoLogger.INFO: Cron ran at: 26-02-2026 02:46:53 AM [] []
[2026-02-26 02:51:29] SlimMonoLogger.INFO: Cron ran at: 26-02-2026 02:51:29 AM [] []
[2026-02-26 02:56:33] SlimMonoLogger.INFO: Cron ran at: 26-02-2026 02:56:33 AM [] []
[2026-02-26 03:01:46] SlimMonoLogger.INFO: Cron ran at: 26-02-2026 03:01:46 AM [] []
[2026-02-26 03:06:31] SlimMonoLogger.INFO: Cron ran at: 26-02-2026 03:06:31 AM [] []
[2026-02-26 03:11:38] SlimMonoLogger.INFO: Cron ran at: 26-02-2026 03:11:38 AM [] []
[2026-02-26 03:16:33] SlimMonoLogger.INFO: Cron ran at: 26-02-2026 03:16:33 AM [] []
[2026-02-26 03:21:36] SlimMonoLogger.INFO: Cron ran at: 26-02-2026 03:21:36 AM [] []
[2026-02-26 03:26:31] SlimMonoLogger.INFO: Cron ran at: 26-02-2026 03:26:31 AM [] []
[2026-02-26 03:31:36] SlimMonoLogger.INFO: Cron ran at: 26-02-2026 03:31:36 AM [] []
[2026-02-26 03:36:59] SlimMonoLogger.INFO: Cron ran at: 26-02-2026 03:36:59 AM [] []
[2026-02-26 03:41:37] SlimMonoLogger.INFO: Cron ran at: 26-02-2026 03:41:37 AM [] []
[2026-02-26 03:46:35] SlimMonoLogger.INFO: Cron ran at: 26-02-2026 03:46:35 AM [] []
[2026-02-26 03:51:35] SlimMonoLogger.INFO: Cron ran at: 26-02-2026 03:51:35 AM [] []
[2026-02-26 03:56:47] SlimMonoLogger.INFO: Cron ran at: 26-02-2026 03:56:47 AM [] []
[2026-02-26 04:01:40] SlimMonoLogger.INFO: Cron ran at: 26-02-2026 04:01:40 AM [] []
[2026-02-26 04:06:39] SlimMonoLogger.INFO: Cron ran at: 26-02-2026 04:06:39 AM [] []
[2026-02-26 04:11:35] SlimMonoLogger.INFO: Cron ran at: 26-02-2026 04:11:35 AM [] []
[2026-02-26 04:16:34] SlimMonoLogger.INFO: Cron ran at: 26-02-2026 04:16:34 AM [] []
[2026-02-26 04:21:31] SlimMonoLogger.INFO: Cron ran at: 26-02-2026 04:21:31 AM [] []
[2026-02-26 04:26:35] SlimMonoLogger.INFO: Cron ran at: 26-02-2026 04:26:35 AM [] []
[2026-02-26 04:31:48] SlimMonoLogger.INFO: Cron ran at: 26-02-2026 04:31:48 AM [] []
[2026-02-26 04:36:35] SlimMonoLogger.INFO: Cron ran at: 26-02-2026 04:36:35 AM [] []
[2026-02-26 04:41:30] SlimMonoLogger.INFO: Cron ran at: 26-02-2026 04:41:30 AM [] []
[2026-02-26 04:46:29] SlimMonoLogger.INFO: Cron ran at: 26-02-2026 04:46:29 AM [] []
[2026-02-26 04:51:32] SlimMonoLogger.INFO: Cron ran at: 26-02-2026 04:51:32 AM [] []
[2026-02-26 04:56:35] SlimMonoLogger.INFO: Cron ran at: 26-02-2026 04:56:35 AM [] []
[2026-02-26 05:01:39] SlimMonoLogger.INFO: Cron ran at: 26-02-2026 05:01:39 AM [] []
[2026-02-26 05:06:32] SlimMonoLogger.INFO: Cron ran at: 26-02-2026 05:06:32 AM [] []
[2026-02-26 05:11:44] SlimMonoLogger.INFO: Cron ran at: 26-02-2026 05:11:44 AM [] []
[2026-02-26 05:16:45] SlimMonoLogger.INFO: Cron ran at: 26-02-2026 05:16:45 AM [] []
[2026-02-26 05:21:37] SlimMonoLogger.INFO: Cron ran at: 26-02-2026 05:21:37 AM [] []
[2026-02-26 05:26:26] SlimMonoLogger.INFO: Cron ran at: 26-02-2026 05:26:26 AM [] []
[2026-02-26 05:31:36] SlimMonoLogger.INFO: Cron ran at: 26-02-2026 05:31:36 AM [] []
[2026-02-26 05:36:29] SlimMonoLogger.INFO: Cron ran at: 26-02-2026 05:36:29 AM [] []
[2026-02-26 05:41:37] SlimMonoLogger.INFO: Cron ran at: 26-02-2026 05:41:37 AM [] []
[2026-02-26 05:46:32] SlimMonoLogger.INFO: Cron ran at: 26-02-2026 05:46:32 AM [] []
[2026-02-26 05:51:37] SlimMonoLogger.INFO: Cron ran at: 26-02-2026 05:51:37 AM [] []
[2026-02-26 05:56:40] SlimMonoLogger.INFO: Cron ran at: 26-02-2026 05:56:40 AM [] []
[2026-02-26 06:01:48] SlimMonoLogger.INFO: Cron ran at: 26-02-2026 06:01:48 AM [] []
[2026-02-26 06:06:40] SlimMonoLogger.INFO: Cron ran at: 26-02-2026 06:06:40 AM [] []
[2026-02-26 06:11:40] SlimMonoLogger.INFO: Cron ran at: 26-02-2026 06:11:40 AM [] []
[2026-02-26 06:16:26] SlimMonoLogger.INFO: Cron ran at: 26-02-2026 06:16:26 AM [] []
[2026-02-26 06:21:35] SlimMonoLogger.INFO: Cron ran at: 26-02-2026 06:21:35 AM [] []
[2026-02-26 06:26:25] SlimMonoLogger.INFO: Cron ran at: 26-02-2026 06:26:25 AM [] []
[2026-02-26 06:31:45] SlimMonoLogger.INFO: Cron ran at: 26-02-2026 06:31:45 AM [] []
[2026-02-26 06:36:37] SlimMonoLogger.INFO: Cron ran at: 26-02-2026 06:36:37 AM [] []
[2026-02-26 06:41:38] SlimMonoLogger.INFO: Cron ran at: 26-02-2026 06:41:38 AM [] []
[2026-02-26 06:46:27] SlimMonoLogger.INFO: Cron ran at: 26-02-2026 06:46:27 AM [] []
[2026-02-26 06:51:30] SlimMonoLogger.INFO: Cron ran at: 26-02-2026 06:51:30 AM [] []
[2026-02-26 06:56:29] SlimMonoLogger.INFO: Cron ran at: 26-02-2026 06:56:29 AM [] []
[2026-02-26 07:01:37] SlimMonoLogger.INFO: Cron ran at: 26-02-2026 07:01:37 AM [] []
[2026-02-26 07:06:20] SlimMonoLogger.INFO: Cron ran at: 26-02-2026 07:06:20 AM [] []
[2026-02-26 07:11:25] SlimMonoLogger.INFO: Cron ran at: 26-02-2026 07:11:25 AM [] []
[2026-02-26 07:16:34] SlimMonoLogger.INFO: Cron ran at: 26-02-2026 07:16:34 AM [] []
[2026-02-26 07:26:17] SlimMonoLogger.INFO: Cron ran at: 26-02-2026 07:26:17 AM [] []
[2026-02-26 07:27:44] SlimMonoLogger.INFO: Cron ran at: 26-02-2026 07:27:44 AM [] []
[2026-02-26 07:31:44] SlimMonoLogger.INFO: Cron ran at: 26-02-2026 07:31:44 AM [] []
[2026-02-26 07:36:34] SlimMonoLogger.INFO: Cron ran at: 26-02-2026 07:36:34 AM [] []
[2026-02-26 07:41:31] SlimMonoLogger.INFO: Cron ran at: 26-02-2026 07:41:31 AM [] []
[2026-02-26 07:46:22] SlimMonoLogger.INFO: Cron ran at: 26-02-2026 07:46:22 AM [] []
[2026-02-26 07:51:19] SlimMonoLogger.INFO: Cron ran at: 26-02-2026 07:51:19 AM [] []
[2026-02-26 07:56:20] SlimMonoLogger.INFO: Cron ran at: 26-02-2026 07:56:20 AM [] []
[2026-02-26 08:01:41] SlimMonoLogger.INFO: Cron ran at: 26-02-2026 08:01:41 AM [] []
[2026-02-26 08:06:25] SlimMonoLogger.INFO: Cron ran at: 26-02-2026 08:06:25 AM [] []
[2026-02-26 08:11:34] SlimMonoLogger.INFO: Cron ran at: 26-02-2026 08:11:34 AM [] []
[2026-02-26 08:16:33] SlimMonoLogger.INFO: Cron ran at: 26-02-2026 08:16:33 AM [] []
[2026-02-26 08:21:40] SlimMonoLogger.INFO: Cron ran at: 26-02-2026 08:21:40 AM [] []
[2026-02-26 08:26:36] SlimMonoLogger.INFO: Cron ran at: 26-02-2026 08:26:36 AM [] []
[2026-02-26 08:31:36] SlimMonoLogger.INFO: Cron ran at: 26-02-2026 08:31:36 AM [] []
[2026-02-26 08:36:28] SlimMonoLogger.INFO: Cron ran at: 26-02-2026 08:36:28 AM [] []
[2026-02-26 08:41:44] SlimMonoLogger.INFO: Cron ran at: 26-02-2026 08:41:44 AM [] []
[2026-02-26 08:51:40] SlimMonoLogger.INFO: Cron ran at: 26-02-2026 08:51:40 AM [] []
[2026-02-26 08:56:27] SlimMonoLogger.INFO: Cron ran at: 26-02-2026 08:56:27 AM [] []
[2026-02-26 09:07:20] SlimMonoLogger.INFO: Cron ran at: 26-02-2026 09:07:20 AM [] []
[2026-02-26 09:11:47] SlimMonoLogger.INFO: Cron ran at: 26-02-2026 09:11:47 AM [] []
[2026-02-26 09:16:36] SlimMonoLogger.INFO: Cron ran at: 26-02-2026 09:16:36 AM [] []
[2026-02-26 09:21:35] SlimMonoLogger.INFO: Cron ran at: 26-02-2026 09:21:35 AM [] []
[2026-02-26 09:26:52] SlimMonoLogger.INFO: Cron ran at: 26-02-2026 09:26:52 AM [] []
[2026-02-26 09:31:53] SlimMonoLogger.INFO: Cron ran at: 26-02-2026 09:31:53 AM [] []
[2026-02-26 09:36:34] SlimMonoLogger.INFO: Cron ran at: 26-02-2026 09:36:34 AM [] []
[2026-02-26 09:41:31] SlimMonoLogger.INFO: Cron ran at: 26-02-2026 09:41:31 AM [] []
[2026-02-26 09:46:36] SlimMonoLogger.INFO: Cron ran at: 26-02-2026 09:46:36 AM [] []
[2026-02-26 09:51:45] SlimMonoLogger.INFO: Cron ran at: 26-02-2026 09:51:45 AM [] []
[2026-02-26 09:56:40] SlimMonoLogger.INFO: Cron ran at: 26-02-2026 09:56:40 AM [] []
[2026-02-26 10:01:48] SlimMonoLogger.INFO: Cron ran at: 26-02-2026 10:01:48 AM [] []
[2026-02-26 10:06:46] SlimMonoLogger.INFO: Cron ran at: 26-02-2026 10:06:46 AM [] []
[2026-02-26 10:17:34] SlimMonoLogger.INFO: Cron ran at: 26-02-2026 10:17:34 AM [] []
[2026-02-26 10:18:33] SlimMonoLogger.ERROR: Requests_Exception: cURL error 28: Operation timed out after 500000 milliseconds with 29927 bytes received in /home/latihtal/public_html/agregator1/src/vendor/rmccue/requests/library/Requests/Transport/cURL.php:422
Stack trace:
#0 /home/latihtal/public_html/agregator1/src/vendor/rmccue/requests/library/Requests/Transport/cURL.php(177): Requests_Transport_cURL->process_response()
#1 /home/latihtal/public_html/agregator1/src/vendor/rmccue/requests/library/Requests.php(379): Requests_Transport_cURL->request()
#2 /home/latihtal/public_html/agregator1/src/vendor/rmccue/requests/library/Requests/Session.php(205): Requests::request()
#3 /home/latihtal/public_html/agregator1/src/vendor/rmccue/requests/library/Requests/Session.php(132): Requests_Session->request()
#4 /home/latihtal/public_html/agregator1/src/drivers/Http/RssImporter.php(144): Requests_Session->get()
#5 /home/latihtal/public_html/agregator1/src/controllers/Dashboard/DashboardFeedsController.php(534): spark\drivers\Http\RssImporter->fetchPosts()
#6 /home/latihtal/public_html/agregator1/src/controllers/Site/SiteController.php(722): spark\controllers\Dashboard\DashboardFeedsController::importFeedPosts()
#7 [internal function]: spark\controllers\Site\SiteController->runTasks()
#8 /home/latihtal/public_html/agregator1/src/framework/Route.php(173): call_user_func_array()
#9 [internal function]: Slim\Route->Slim\{closure}()
#10 /home/latihtal/public_html/agregator1/src/framework/Route.php(468): call_user_func_array()
#11 /home/latihtal/public_html/agregator1/src/framework/Slim.php(1364): Slim\Route->dispatch()
#12 /home/latihtal/public_html/agregator1/src/framework/Middleware/Flash.php(85): Slim\Slim->call()
#13 /home/latihtal/public_html/agregator1/src/framework/Middleware/MethodOverride.php(92): Slim\Middleware\Flash->call()
#14 /home/latihtal/public_html/agregator1/src/middlewares/CsrfGuard/CsrfGuard.php(47): Slim\Middleware\MethodOverride->call()
#15 /home/latihtal/public_html/agregator1/src/framework/Middleware/PrettyExceptions.php(67): spark\middlewares\CsrfGuard\CsrfGuard->call()
#16 /home/latihtal/public_html/agregator1/src/framework/Slim.php(1308): Slim\Middleware\PrettyExceptions->call()
#17 /home/latihtal/public_html/agregator1/index.php(6): Slim\Slim->run()
#18 {main} [] []
[2026-02-26 10:20:45] SlimMonoLogger.INFO: Cron ran at: 26-02-2026 10:20:45 AM [] []
[2026-02-26 10:21:55] SlimMonoLogger.INFO: Cron ran at: 26-02-2026 10:21:55 AM [] []
[2026-02-26 10:26:50] SlimMonoLogger.INFO: Cron ran at: 26-02-2026 10:26:50 AM [] []
[2026-02-26 10:31:51] SlimMonoLogger.INFO: Cron ran at: 26-02-2026 10:31:51 AM [] []
[2026-02-26 10:36:48] SlimMonoLogger.INFO: Cron ran at: 26-02-2026 10:36:48 AM [] []
[2026-02-26 10:42:10] SlimMonoLogger.INFO: Cron ran at: 26-02-2026 10:42:10 AM [] []
[2026-02-26 10:47:03] SlimMonoLogger.INFO: Cron ran at: 26-02-2026 10:47:03 AM [] []
[2026-02-26 10:52:28] SlimMonoLogger.INFO: Cron ran at: 26-02-2026 10:52:28 AM [] []
[2026-02-26 10:57:24] SlimMonoLogger.INFO: Cron ran at: 26-02-2026 10:57:24 AM [] []
[2026-02-26 11:02:13] SlimMonoLogger.INFO: Cron ran at: 26-02-2026 11:02:13 AM [] []
[2026-02-26 11:06:41] SlimMonoLogger.INFO: Cron ran at: 26-02-2026 11:06:41 AM [] []
[2026-02-26 11:11:38] SlimMonoLogger.INFO: Cron ran at: 26-02-2026 11:11:38 AM [] []
[2026-02-26 11:16:43] SlimMonoLogger.INFO: Cron ran at: 26-02-2026 11:16:43 AM [] []
[2026-02-26 11:21:44] SlimMonoLogger.INFO: Cron ran at: 26-02-2026 11:21:44 AM [] []
[2026-02-26 11:26:39] SlimMonoLogger.INFO: Cron ran at: 26-02-2026 11:26:39 AM [] []
[2026-02-26 11:31:46] SlimMonoLogger.INFO: Cron ran at: 26-02-2026 11:31:46 AM [] []
[2026-02-26 11:38:01] SlimMonoLogger.INFO: Cron ran at: 26-02-2026 11:38:01 AM [] []
[2026-02-26 11:41:46] SlimMonoLogger.INFO: Cron ran at: 26-02-2026 11:41:46 AM [] []
[2026-02-26 11:46:33] SlimMonoLogger.INFO: Cron ran at: 26-02-2026 11:46:33 AM [] []
[2026-02-26 11:53:21] SlimMonoLogger.INFO: Cron ran at: 26-02-2026 11:53:21 AM [] []
[2026-02-26 11:56:35] SlimMonoLogger.INFO: Cron ran at: 26-02-2026 11:56:35 AM [] []
[2026-02-26 12:01:40] SlimMonoLogger.INFO: Cron ran at: 26-02-2026 12:01:40 PM [] []
[2026-02-26 12:06:35] SlimMonoLogger.INFO: Cron ran at: 26-02-2026 12:06:35 PM [] []
[2026-02-26 12:11:46] SlimMonoLogger.INFO: Cron ran at: 26-02-2026 12:11:46 PM [] []
[2026-02-26 12:16:39] SlimMonoLogger.INFO: Cron ran at: 26-02-2026 12:16:39 PM [] []
[2026-02-26 12:21:46] SlimMonoLogger.INFO: Cron ran at: 26-02-2026 12:21:46 PM [] []
[2026-02-26 12:27:02] SlimMonoLogger.INFO: Cron ran at: 26-02-2026 12:27:02 PM [] []
[2026-02-26 12:31:40] SlimMonoLogger.INFO: Cron ran at: 26-02-2026 12:31:40 PM [] []
[2026-02-26 12:36:35] SlimMonoLogger.INFO: Cron ran at: 26-02-2026 12:36:35 PM [] []
[2026-02-26 12:41:44] SlimMonoLogger.INFO: Cron ran at: 26-02-2026 12:41:44 PM [] []
[2026-02-26 12:46:43] SlimMonoLogger.INFO: Cron ran at: 26-02-2026 12:46:43 PM [] []
[2026-02-26 12:51:37] SlimMonoLogger.INFO: Cron ran at: 26-02-2026 12:51:37 PM [] []
[2026-02-26 12:56:38] SlimMonoLogger.INFO: Cron ran at: 26-02-2026 12:56:38 PM [] []
[2026-02-26 13:01:42] SlimMonoLogger.INFO: Cron ran at: 26-02-2026 01:01:42 PM [] []
[2026-02-26 13:06:39] SlimMonoLogger.INFO: Cron ran at: 26-02-2026 01:06:39 PM [] []
[2026-02-26 13:11:40] SlimMonoLogger.INFO: Cron ran at: 26-02-2026 01:11:40 PM [] []
[2026-02-26 13:16:42] SlimMonoLogger.INFO: Cron ran at: 26-02-2026 01:16:42 PM [] []
[2026-02-26 13:21:51] SlimMonoLogger.INFO: Cron ran at: 26-02-2026 01:21:51 PM [] []
[2026-02-26 13:26:44] SlimMonoLogger.INFO: Cron ran at: 26-02-2026 01:26:44 PM [] []
[2026-02-26 13:31:29] SlimMonoLogger.INFO: Cron ran at: 26-02-2026 01:31:29 PM [] []
[2026-02-26 13:36:31] SlimMonoLogger.INFO: Cron ran at: 26-02-2026 01:36:31 PM [] []
[2026-02-26 13:41:40] SlimMonoLogger.INFO: Cron ran at: 26-02-2026 01:41:40 PM [] []
[2026-02-26 13:46:39] SlimMonoLogger.INFO: Cron ran at: 26-02-2026 01:46:39 PM [] []
[2026-02-26 13:51:41] SlimMonoLogger.INFO: Cron ran at: 26-02-2026 01:51:41 PM [] []
[2026-02-26 13:56:45] SlimMonoLogger.INFO: Cron ran at: 26-02-2026 01:56:45 PM [] []
[2026-02-26 14:01:54] SlimMonoLogger.INFO: Cron ran at: 26-02-2026 02:01:54 PM [] []
[2026-02-26 14:06:33] SlimMonoLogger.INFO: Cron ran at: 26-02-2026 02:06:33 PM [] []
[2026-02-26 14:11:37] SlimMonoLogger.INFO: Cron ran at: 26-02-2026 02:11:37 PM [] []
[2026-02-26 14:16:35] SlimMonoLogger.INFO: Cron ran at: 26-02-2026 02:16:35 PM [] []
[2026-02-26 14:22:08] SlimMonoLogger.INFO: Cron ran at: 26-02-2026 02:22:08 PM [] []
[2026-02-26 14:26:42] SlimMonoLogger.INFO: Cron ran at: 26-02-2026 02:26:42 PM [] []
[2026-02-26 14:31:46] SlimMonoLogger.INFO: Cron ran at: 26-02-2026 02:31:46 PM [] []
[2026-02-26 14:36:45] SlimMonoLogger.INFO: Cron ran at: 26-02-2026 02:36:45 PM [] []
[2026-02-26 14:41:34] SlimMonoLogger.INFO: Cron ran at: 26-02-2026 02:41:34 PM [] []
[2026-02-26 14:46:43] SlimMonoLogger.INFO: Cron ran at: 26-02-2026 02:46:43 PM [] []
[2026-02-26 14:51:40] SlimMonoLogger.INFO: Cron ran at: 26-02-2026 02:51:40 PM [] []
[2026-02-26 14:56:35] SlimMonoLogger.INFO: Cron ran at: 26-02-2026 02:56:35 PM [] []
[2026-02-26 15:01:42] SlimMonoLogger.INFO: Cron ran at: 26-02-2026 03:01:42 PM [] []
[2026-02-26 15:06:44] SlimMonoLogger.INFO: Cron ran at: 26-02-2026 03:06:44 PM [] []
[2026-02-26 15:11:36] SlimMonoLogger.INFO: Cron ran at: 26-02-2026 03:11:36 PM [] []
[2026-02-26 15:16:41] SlimMonoLogger.INFO: Cron ran at: 26-02-2026 03:16:41 PM [] []
[2026-02-26 15:21:45] SlimMonoLogger.INFO: Cron ran at: 26-02-2026 03:21:45 PM [] []
[2026-02-26 15:26:37] SlimMonoLogger.INFO: Cron ran at: 26-02-2026 03:26:37 PM [] []
[2026-02-26 15:32:03] SlimMonoLogger.INFO: Cron ran at: 26-02-2026 03:32:03 PM [] []
[2026-02-26 15:36:32] SlimMonoLogger.INFO: Cron ran at: 26-02-2026 03:36:32 PM [] []
[2026-02-26 15:47:28] SlimMonoLogger.INFO: Cron ran at: 26-02-2026 03:47:28 PM [] []
[2026-02-26 15:49:20] SlimMonoLogger.ERROR: Requests_Exception: cURL error 28: Operation timed out after 500001 milliseconds with 15824 bytes received in /home/latihtal/public_html/agregator1/src/vendor/rmccue/requests/library/Requests/Transport/cURL.php:422
Stack trace:
#0 /home/latihtal/public_html/agregator1/src/vendor/rmccue/requests/library/Requests/Transport/cURL.php(177): Requests_Transport_cURL->process_response()
#1 /home/latihtal/public_html/agregator1/src/vendor/rmccue/requests/library/Requests.php(379): Requests_Transport_cURL->request()
#2 /home/latihtal/public_html/agregator1/src/vendor/rmccue/requests/library/Requests/Session.php(205): Requests::request()
#3 /home/latihtal/public_html/agregator1/src/vendor/rmccue/requests/library/Requests/Session.php(132): Requests_Session->request()
#4 /home/latihtal/public_html/agregator1/src/drivers/Http/RssImporter.php(144): Requests_Session->get()
#5 /home/latihtal/public_html/agregator1/src/controllers/Dashboard/DashboardFeedsController.php(534): spark\drivers\Http\RssImporter->fetchPosts()
#6 /home/latihtal/public_html/agregator1/src/controllers/Site/SiteController.php(722): spark\controllers\Dashboard\DashboardFeedsController::importFeedPosts()
#7 [internal function]: spark\controllers\Site\SiteController->runTasks()
#8 /home/latihtal/public_html/agregator1/src/framework/Route.php(173): call_user_func_array()
#9 [internal function]: Slim\Route->Slim\{closure}()
#10 /home/latihtal/public_html/agregator1/src/framework/Route.php(468): call_user_func_array()
#11 /home/latihtal/public_html/agregator1/src/framework/Slim.php(1364): Slim\Route->dispatch()
#12 /home/latihtal/public_html/agregator1/src/framework/Middleware/Flash.php(85): Slim\Slim->call()
#13 /home/latihtal/public_html/agregator1/src/framework/Middleware/MethodOverride.php(92): Slim\Middleware\Flash->call()
#14 /home/latihtal/public_html/agregator1/src/middlewares/CsrfGuard/CsrfGuard.php(47): Slim\Middleware\MethodOverride->call()
#15 /home/latihtal/public_html/agregator1/src/framework/Middleware/PrettyExceptions.php(67): spark\middlewares\CsrfGuard\CsrfGuard->call()
#16 /home/latihtal/public_html/agregator1/src/framework/Slim.php(1308): Slim\Middleware\PrettyExceptions->call()
#17 /home/latihtal/public_html/agregator1/index.php(6): Slim\Slim->run()
#18 {main} [] []
[2026-02-26 15:50:17] SlimMonoLogger.INFO: Cron ran at: 26-02-2026 03:50:17 PM [] []
[2026-02-26 15:52:13] SlimMonoLogger.INFO: Cron ran at: 26-02-2026 03:52:13 PM [] []
[2026-02-26 15:56:33] SlimMonoLogger.INFO: Cron ran at: 26-02-2026 03:56:33 PM [] []
[2026-02-26 16:01:45] SlimMonoLogger.INFO: Cron ran at: 26-02-2026 04:01:45 PM [] []
[2026-02-26 16:06:43] SlimMonoLogger.INFO: Cron ran at: 26-02-2026 04:06:43 PM [] []
[2026-02-26 16:11:32] SlimMonoLogger.INFO: Cron ran at: 26-02-2026 04:11:32 PM [] []
[2026-02-26 16:16:44] SlimMonoLogger.INFO: Cron ran at: 26-02-2026 04:16:44 PM [] []
[2026-02-26 16:21:33] SlimMonoLogger.INFO: Cron ran at: 26-02-2026 04:21:33 PM [] []
[2026-02-26 16:26:52] SlimMonoLogger.INFO: Cron ran at: 26-02-2026 04:26:52 PM [] []
[2026-02-26 16:31:33] SlimMonoLogger.INFO: Cron ran at: 26-02-2026 04:31:33 PM [] []
[2026-02-26 16:36:45] SlimMonoLogger.INFO: Cron ran at: 26-02-2026 04:36:45 PM [] []
[2026-02-26 16:41:25] SlimMonoLogger.INFO: Cron ran at: 26-02-2026 04:41:25 PM [] []
[2026-02-26 16:46:54] SlimMonoLogger.INFO: Cron ran at: 26-02-2026 04:46:54 PM [] []
[2026-02-26 16:51:36] SlimMonoLogger.INFO: Cron ran at: 26-02-2026 04:51:36 PM [] []
[2026-02-26 16:56:53] SlimMonoLogger.INFO: Cron ran at: 26-02-2026 04:56:53 PM [] []
[2026-02-26 17:02:04] SlimMonoLogger.INFO: Cron ran at: 26-02-2026 05:02:04 PM [] []
[2026-02-26 17:06:49] SlimMonoLogger.INFO: Cron ran at: 26-02-2026 05:06:49 PM [] []
[2026-02-26 17:11:48] SlimMonoLogger.INFO: Cron ran at: 26-02-2026 05:11:48 PM [] []
[2026-02-26 17:16:47] SlimMonoLogger.INFO: Cron ran at: 26-02-2026 05:16:47 PM [] []
[2026-02-26 17:21:35] SlimMonoLogger.INFO: Cron ran at: 26-02-2026 05:21:35 PM [] []
[2026-02-26 17:26:27] SlimMonoLogger.INFO: Cron ran at: 26-02-2026 05:26:27 PM [] []
[2026-02-26 17:31:40] SlimMonoLogger.INFO: Cron ran at: 26-02-2026 05:31:40 PM [] []
[2026-02-26 17:36:54] SlimMonoLogger.INFO: Cron ran at: 26-02-2026 05:36:54 PM [] []
[2026-02-26 17:42:09] SlimMonoLogger.INFO: Cron ran at: 26-02-2026 05:42:09 PM [] []
[2026-02-26 17:46:30] SlimMonoLogger.INFO: Cron ran at: 26-02-2026 05:46:30 PM [] []
[2026-02-26 17:51:33] SlimMonoLogger.INFO: Cron ran at: 26-02-2026 05:51:33 PM [] []
[2026-02-26 17:56:35] SlimMonoLogger.INFO: Cron ran at: 26-02-2026 05:56:35 PM [] []
[2026-02-26 18:02:16] SlimMonoLogger.INFO: Cron ran at: 26-02-2026 06:02:16 PM [] []
[2026-02-26 18:07:32] SlimMonoLogger.INFO: Cron ran at: 26-02-2026 06:07:32 PM [] []
[2026-02-26 18:11:30] SlimMonoLogger.INFO: Cron ran at: 26-02-2026 06:11:30 PM [] []
[2026-02-26 18:16:27] SlimMonoLogger.INFO: Cron ran at: 26-02-2026 06:16:27 PM [] []
[2026-02-26 18:21:42] SlimMonoLogger.INFO: Cron ran at: 26-02-2026 06:21:42 PM [] []
[2026-02-26 18:26:46] SlimMonoLogger.INFO: Cron ran at: 26-02-2026 06:26:46 PM [] []
[2026-02-26 18:31:48] SlimMonoLogger.INFO: Cron ran at: 26-02-2026 06:31:48 PM [] []
[2026-02-26 18:36:35] SlimMonoLogger.INFO: Cron ran at: 26-02-2026 06:36:35 PM [] []
[2026-02-26 18:41:47] SlimMonoLogger.INFO: Cron ran at: 26-02-2026 06:41:47 PM [] []
[2026-02-26 18:46:53] SlimMonoLogger.INFO: Cron ran at: 26-02-2026 06:46:53 PM [] []
[2026-02-26 18:51:28] SlimMonoLogger.INFO: Cron ran at: 26-02-2026 06:51:28 PM [] []
[2026-02-26 18:56:27] SlimMonoLogger.INFO: Cron ran at: 26-02-2026 06:56:27 PM [] []
[2026-02-26 19:01:36] SlimMonoLogger.INFO: Cron ran at: 26-02-2026 07:01:36 PM [] []
[2026-02-26 19:06:39] SlimMonoLogger.INFO: Cron ran at: 26-02-2026 07:06:39 PM [] []
[2026-02-26 19:11:40] SlimMonoLogger.INFO: Cron ran at: 26-02-2026 07:11:40 PM [] []
[2026-02-26 19:16:31] SlimMonoLogger.INFO: Cron ran at: 26-02-2026 07:16:31 PM [] []
[2026-02-26 19:21:32] SlimMonoLogger.INFO: Cron ran at: 26-02-2026 07:21:32 PM [] []
[2026-02-26 19:26:36] SlimMonoLogger.INFO: Cron ran at: 26-02-2026 07:26:36 PM [] []
[2026-02-26 19:31:47] SlimMonoLogger.INFO: Cron ran at: 26-02-2026 07:31:47 PM [] []
[2026-02-26 19:36:33] SlimMonoLogger.INFO: Cron ran at: 26-02-2026 07:36:33 PM [] []
[2026-02-26 19:41:47] SlimMonoLogger.INFO: Cron ran at: 26-02-2026 07:41:47 PM [] []
[2026-02-26 19:46:41] SlimMonoLogger.INFO: Cron ran at: 26-02-2026 07:46:41 PM [] []
[2026-02-26 19:51:35] SlimMonoLogger.INFO: Cron ran at: 26-02-2026 07:51:35 PM [] []
[2026-02-26 19:56:40] SlimMonoLogger.INFO: Cron ran at: 26-02-2026 07:56:40 PM [] []
[2026-02-26 20:01:54] SlimMonoLogger.INFO: Cron ran at: 26-02-2026 08:01:54 PM [] []
[2026-02-26 20:06:48] SlimMonoLogger.INFO: Cron ran at: 26-02-2026 08:06:48 PM [] []
[2026-02-26 20:11:44] SlimMonoLogger.INFO: Cron ran at: 26-02-2026 08:11:44 PM [] []
[2026-02-26 20:16:52] SlimMonoLogger.INFO: Cron ran at: 26-02-2026 08:16:52 PM [] []
[2026-02-26 20:21:47] SlimMonoLogger.INFO: Cron ran at: 26-02-2026 08:21:47 PM [] []
[2026-02-26 20:26:39] SlimMonoLogger.INFO: Cron ran at: 26-02-2026 08:26:39 PM [] []
[2026-02-26 20:31:47] SlimMonoLogger.INFO: Cron ran at: 26-02-2026 08:31:47 PM [] []
[2026-02-26 20:36:54] SlimMonoLogger.INFO: Cron ran at: 26-02-2026 08:36:54 PM [] []
[2026-02-26 20:41:58] SlimMonoLogger.INFO: Cron ran at: 26-02-2026 08:41:58 PM [] []
[2026-02-26 20:46:50] SlimMonoLogger.INFO: Cron ran at: 26-02-2026 08:46:50 PM [] []
[2026-02-26 20:51:57] SlimMonoLogger.INFO: Cron ran at: 26-02-2026 08:51:57 PM [] []
[2026-02-26 20:56:31] SlimMonoLogger.INFO: Cron ran at: 26-02-2026 08:56:31 PM [] []
[2026-02-26 21:01:54] SlimMonoLogger.INFO: Cron ran at: 26-02-2026 09:01:54 PM [] []
[2026-02-26 21:06:33] SlimMonoLogger.INFO: Cron ran at: 26-02-2026 09:06:33 PM [] []
[2026-02-26 21:11:33] SlimMonoLogger.INFO: Cron ran at: 26-02-2026 09:11:33 PM [] []
[2026-02-26 21:16:28] SlimMonoLogger.INFO: Cron ran at: 26-02-2026 09:16:28 PM [] []
[2026-02-26 21:21:39] SlimMonoLogger.INFO: Cron ran at: 26-02-2026 09:21:39 PM [] []
[2026-02-26 21:26:40] SlimMonoLogger.INFO: Cron ran at: 26-02-2026 09:26:40 PM [] []
[2026-02-26 21:31:37] SlimMonoLogger.INFO: Cron ran at: 26-02-2026 09:31:37 PM [] []
[2026-02-26 21:36:22] SlimMonoLogger.INFO: Cron ran at: 26-02-2026 09:36:22 PM [] []
[2026-02-26 21:41:39] SlimMonoLogger.INFO: Cron ran at: 26-02-2026 09:41:39 PM [] []
[2026-02-26 21:46:42] SlimMonoLogger.INFO: Cron ran at: 26-02-2026 09:46:42 PM [] []
[2026-02-26 21:51:56] SlimMonoLogger.INFO: Cron ran at: 26-02-2026 09:51:56 PM [] []
[2026-02-26 21:56:31] SlimMonoLogger.INFO: Cron ran at: 26-02-2026 09:56:31 PM [] []
[2026-02-26 22:01:47] SlimMonoLogger.INFO: Cron ran at: 26-02-2026 10:01:47 PM [] []
[2026-02-26 22:11:44] SlimMonoLogger.INFO: Cron ran at: 26-02-2026 10:11:44 PM [] []
[2026-02-26 22:13:43] SlimMonoLogger.ERROR: Requests_Exception: cURL error 28: Connection timed out after 500000 milliseconds in /home/latihtal/public_html/agregator1/src/vendor/rmccue/requests/library/Requests/Transport/cURL.php:422
Stack trace:
#0 /home/latihtal/public_html/agregator1/src/vendor/rmccue/requests/library/Requests/Transport/cURL.php(177): Requests_Transport_cURL->process_response()
#1 /home/latihtal/public_html/agregator1/src/vendor/rmccue/requests/library/Requests.php(379): Requests_Transport_cURL->request()
#2 /home/latihtal/public_html/agregator1/src/vendor/rmccue/requests/library/Requests/Session.php(205): Requests::request()
#3 /home/latihtal/public_html/agregator1/src/vendor/rmccue/requests/library/Requests/Session.php(132): Requests_Session->request()
#4 /home/latihtal/public_html/agregator1/src/drivers/Http/RssImporter.php(144): Requests_Session->get()
#5 /home/latihtal/public_html/agregator1/src/controllers/Dashboard/DashboardFeedsController.php(534): spark\drivers\Http\RssImporter->fetchPosts()
#6 /home/latihtal/public_html/agregator1/src/controllers/Site/SiteController.php(722): spark\controllers\Dashboard\DashboardFeedsController::importFeedPosts()
#7 [internal function]: spark\controllers\Site\SiteController->runTasks()
#8 /home/latihtal/public_html/agregator1/src/framework/Route.php(173): call_user_func_array()
#9 [internal function]: Slim\Route->Slim\{closure}()
#10 /home/latihtal/public_html/agregator1/src/framework/Route.php(468): call_user_func_array()
#11 /home/latihtal/public_html/agregator1/src/framework/Slim.php(1364): Slim\Route->dispatch()
#12 /home/latihtal/public_html/agregator1/src/framework/Middleware/Flash.php(85): Slim\Slim->call()
#13 /home/latihtal/public_html/agregator1/src/framework/Middleware/MethodOverride.php(92): Slim\Middleware\Flash->call()
#14 /home/latihtal/public_html/agregator1/src/middlewares/CsrfGuard/CsrfGuard.php(47): Slim\Middleware\MethodOverride->call()
#15 /home/latihtal/public_html/agregator1/src/framework/Middleware/PrettyExceptions.php(67): spark\middlewares\CsrfGuard\CsrfGuard->call()
#16 /home/latihtal/public_html/agregator1/src/framework/Slim.php(1308): Slim\Middleware\PrettyExceptions->call()
#17 /home/latihtal/public_html/agregator1/index.php(6): Slim\Slim->run()
#18 {main} [] []
[2026-02-26 22:15:10] SlimMonoLogger.INFO: Cron ran at: 26-02-2026 10:15:10 PM [] []
[2026-02-26 22:16:43] SlimMonoLogger.INFO: Cron ran at: 26-02-2026 10:16:43 PM [] []
[2026-02-26 22:21:41] SlimMonoLogger.INFO: Cron ran at: 26-02-2026 10:21:41 PM [] []
[2026-02-26 22:26:32] SlimMonoLogger.INFO: Cron ran at: 26-02-2026 10:26:32 PM [] []
[2026-02-26 22:31:43] SlimMonoLogger.INFO: Cron ran at: 26-02-2026 10:31:43 PM [] []
[2026-02-26 22:36:49] SlimMonoLogger.INFO: Cron ran at: 26-02-2026 10:36:49 PM [] []
[2026-02-26 22:41:49] SlimMonoLogger.INFO: Cron ran at: 26-02-2026 10:41:49 PM [] []
[2026-02-26 22:46:36] SlimMonoLogger.INFO: Cron ran at: 26-02-2026 10:46:36 PM [] []
[2026-02-26 22:51:29] SlimMonoLogger.INFO: Cron ran at: 26-02-2026 10:51:29 PM [] []
[2026-02-26 22:56:33] SlimMonoLogger.INFO: Cron ran at: 26-02-2026 10:56:33 PM [] []
[2026-02-26 23:01:47] SlimMonoLogger.INFO: Cron ran at: 26-02-2026 11:01:47 PM [] []
[2026-02-26 23:06:27] SlimMonoLogger.INFO: Cron ran at: 26-02-2026 11:06:27 PM [] []
[2026-02-26 23:11:35] SlimMonoLogger.INFO: Cron ran at: 26-02-2026 11:11:35 PM [] []
[2026-02-26 23:16:56] SlimMonoLogger.INFO: Cron ran at: 26-02-2026 11:16:56 PM [] []
[2026-02-26 23:21:52] SlimMonoLogger.INFO: Cron ran at: 26-02-2026 11:21:52 PM [] []
[2026-02-26 23:26:39] SlimMonoLogger.INFO: Cron ran at: 26-02-2026 11:26:39 PM [] []
[2026-02-26 23:31:47] SlimMonoLogger.INFO: Cron ran at: 26-02-2026 11:31:47 PM [] []
[2026-02-26 23:36:56] SlimMonoLogger.INFO: Cron ran at: 26-02-2026 11:36:56 PM [] []
[2026-02-26 23:41:40] SlimMonoLogger.INFO: Cron ran at: 26-02-2026 11:41:40 PM [] []
[2026-02-26 23:46:34] SlimMonoLogger.INFO: Cron ran at: 26-02-2026 11:46:34 PM [] []
[2026-02-26 23:51:41] SlimMonoLogger.INFO: Cron ran at: 26-02-2026 11:51:41 PM [] []
[2026-02-26 23:56:36] SlimMonoLogger.INFO: Cron ran at: 26-02-2026 11:56:36 PM [] []
[2026-02-27 00:01:43] SlimMonoLogger.INFO: Cron ran at: 27-02-2026 12:01:43 AM [] []
[2026-02-27 00:06:53] SlimMonoLogger.INFO: Cron ran at: 27-02-2026 12:06:53 AM [] []
[2026-02-27 00:11:29] SlimMonoLogger.INFO: Cron ran at: 27-02-2026 12:11:29 AM [] []
[2026-02-27 00:16:27] SlimMonoLogger.INFO: Cron ran at: 27-02-2026 12:16:27 AM [] []
[2026-02-27 00:21:40] SlimMonoLogger.INFO: Cron ran at: 27-02-2026 12:21:40 AM [] []
[2026-02-27 00:26:25] SlimMonoLogger.INFO: Cron ran at: 27-02-2026 12:26:25 AM [] []
[2026-02-27 00:31:46] SlimMonoLogger.INFO: Cron ran at: 27-02-2026 12:31:46 AM [] []
[2026-02-27 00:36:29] SlimMonoLogger.INFO: Cron ran at: 27-02-2026 12:36:29 AM [] []
[2026-02-27 00:41:43] SlimMonoLogger.INFO: Cron ran at: 27-02-2026 12:41:43 AM [] []
[2026-02-27 00:46:32] SlimMonoLogger.INFO: Cron ran at: 27-02-2026 12:46:32 AM [] []
[2026-02-27 00:51:31] SlimMonoLogger.INFO: Cron ran at: 27-02-2026 12:51:31 AM [] []
[2026-02-27 00:56:37] SlimMonoLogger.INFO: Cron ran at: 27-02-2026 12:56:37 AM [] []
