[2026-02-27 01:01:45] SlimMonoLogger.INFO: Cron ran at: 27-02-2026 01:01:45 AM [] []
[2026-02-27 01:06:47] SlimMonoLogger.INFO: Cron ran at: 27-02-2026 01:06:47 AM [] []
[2026-02-27 01:11:28] SlimMonoLogger.INFO: Cron ran at: 27-02-2026 01:11:28 AM [] []
[2026-02-27 01:16:40] SlimMonoLogger.INFO: Cron ran at: 27-02-2026 01:16:40 AM [] []
[2026-02-27 01:21:59] SlimMonoLogger.INFO: Cron ran at: 27-02-2026 01:21:59 AM [] []
[2026-02-27 01:26:45] SlimMonoLogger.INFO: Cron ran at: 27-02-2026 01:26:45 AM [] []
[2026-02-27 01:31:32] SlimMonoLogger.INFO: Cron ran at: 27-02-2026 01:31:32 AM [] []
[2026-02-27 01:36:29] SlimMonoLogger.INFO: Cron ran at: 27-02-2026 01:36:29 AM [] []
[2026-02-27 01:41:32] SlimMonoLogger.INFO: Cron ran at: 27-02-2026 01:41:32 AM [] []
[2026-02-27 01:46:28] SlimMonoLogger.INFO: Cron ran at: 27-02-2026 01:46:28 AM [] []
[2026-02-27 01:51:33] SlimMonoLogger.INFO: Cron ran at: 27-02-2026 01:51:33 AM [] []
[2026-02-27 01:56:31] SlimMonoLogger.INFO: Cron ran at: 27-02-2026 01:56:31 AM [] []
[2026-02-27 02:01:52] SlimMonoLogger.INFO: Cron ran at: 27-02-2026 02:01:52 AM [] []
[2026-02-27 02:06:33] SlimMonoLogger.INFO: Cron ran at: 27-02-2026 02:06:33 AM [] []
[2026-02-27 02:11:30] SlimMonoLogger.INFO: Cron ran at: 27-02-2026 02:11:30 AM [] []
[2026-02-27 02:16:36] SlimMonoLogger.INFO: Cron ran at: 27-02-2026 02:16:36 AM [] []
[2026-02-27 02:21:42] SlimMonoLogger.INFO: Cron ran at: 27-02-2026 02:21:42 AM [] []
[2026-02-27 02:26:30] SlimMonoLogger.INFO: Cron ran at: 27-02-2026 02:26:30 AM [] []
[2026-02-27 02:36:29] SlimMonoLogger.INFO: Cron ran at: 27-02-2026 02:36:29 AM [] []
[2026-02-27 02:39:10] SlimMonoLogger.ERROR: Requests_Exception: cURL error 28: Connection timed out after 500005 milliseconds in /home/latihtal/public_html/agregator1/src/vendor/rmccue/requests/library/Requests/Transport/cURL.php:422
Stack trace:
#0 /home/latihtal/public_html/agregator1/src/vendor/rmccue/requests/library/Requests/Transport/cURL.php(177): Requests_Transport_cURL->process_response()
#1 /home/latihtal/public_html/agregator1/src/vendor/rmccue/requests/library/Requests.php(379): Requests_Transport_cURL->request()
#2 /home/latihtal/public_html/agregator1/src/vendor/rmccue/requests/library/Requests/Session.php(205): Requests::request()
#3 /home/latihtal/public_html/agregator1/src/vendor/rmccue/requests/library/Requests/Session.php(132): Requests_Session->request()
#4 /home/latihtal/public_html/agregator1/src/drivers/Http/RssImporter.php(144): Requests_Session->get()
#5 /home/latihtal/public_html/agregator1/src/controllers/Dashboard/DashboardFeedsController.php(534): spark\drivers\Http\RssImporter->fetchPosts()
#6 /home/latihtal/public_html/agregator1/src/controllers/Site/SiteController.php(722): spark\controllers\Dashboard\DashboardFeedsController::importFeedPosts()
#7 [internal function]: spark\controllers\Site\SiteController->runTasks()
#8 /home/latihtal/public_html/agregator1/src/framework/Route.php(173): call_user_func_array()
#9 [internal function]: Slim\Route->Slim\{closure}()
#10 /home/latihtal/public_html/agregator1/src/framework/Route.php(468): call_user_func_array()
#11 /home/latihtal/public_html/agregator1/src/framework/Slim.php(1364): Slim\Route->dispatch()
#12 /home/latihtal/public_html/agregator1/src/framework/Middleware/Flash.php(85): Slim\Slim->call()
#13 /home/latihtal/public_html/agregator1/src/framework/Middleware/MethodOverride.php(92): Slim\Middleware\Flash->call()
#14 /home/latihtal/public_html/agregator1/src/middlewares/CsrfGuard/CsrfGuard.php(47): Slim\Middleware\MethodOverride->call()
#15 /home/latihtal/public_html/agregator1/src/framework/Middleware/PrettyExceptions.php(67): spark\middlewares\CsrfGuard\CsrfGuard->call()
#16 /home/latihtal/public_html/agregator1/src/framework/Slim.php(1308): Slim\Middleware\PrettyExceptions->call()
#17 /home/latihtal/public_html/agregator1/index.php(6): Slim\Slim->run()
#18 {main} [] []
[2026-02-27 02:40:09] SlimMonoLogger.INFO: Cron ran at: 27-02-2026 02:40:09 AM [] []
[2026-02-27 02:41:33] SlimMonoLogger.INFO: Cron ran at: 27-02-2026 02:41:33 AM [] []
[2026-02-27 02:46:32] SlimMonoLogger.INFO: Cron ran at: 27-02-2026 02:46:32 AM [] []
[2026-02-27 02:51:44] SlimMonoLogger.INFO: Cron ran at: 27-02-2026 02:51:44 AM [] []
[2026-02-27 02:56:44] SlimMonoLogger.INFO: Cron ran at: 27-02-2026 02:56:44 AM [] []
[2026-02-27 03:01:45] SlimMonoLogger.INFO: Cron ran at: 27-02-2026 03:01:45 AM [] []
[2026-02-27 03:06:29] SlimMonoLogger.INFO: Cron ran at: 27-02-2026 03:06:29 AM [] []
[2026-02-27 03:11:24] SlimMonoLogger.INFO: Cron ran at: 27-02-2026 03:11:24 AM [] []
[2026-02-27 03:16:48] SlimMonoLogger.INFO: Cron ran at: 27-02-2026 03:16:48 AM [] []
[2026-02-27 03:21:27] SlimMonoLogger.INFO: Cron ran at: 27-02-2026 03:21:27 AM [] []
[2026-02-27 03:26:37] SlimMonoLogger.INFO: Cron ran at: 27-02-2026 03:26:37 AM [] []
[2026-02-27 03:31:44] SlimMonoLogger.INFO: Cron ran at: 27-02-2026 03:31:44 AM [] []
[2026-02-27 03:36:53] SlimMonoLogger.INFO: Cron ran at: 27-02-2026 03:36:53 AM [] []
[2026-02-27 03:41:39] SlimMonoLogger.INFO: Cron ran at: 27-02-2026 03:41:39 AM [] []
[2026-02-27 03:46:38] SlimMonoLogger.INFO: Cron ran at: 27-02-2026 03:46:38 AM [] []
[2026-02-27 03:51:39] SlimMonoLogger.INFO: Cron ran at: 27-02-2026 03:51:39 AM [] []
[2026-02-27 03:56:36] SlimMonoLogger.INFO: Cron ran at: 27-02-2026 03:56:36 AM [] []
[2026-02-27 04:01:46] SlimMonoLogger.INFO: Cron ran at: 27-02-2026 04:01:46 AM [] []
[2026-02-27 04:06:33] SlimMonoLogger.INFO: Cron ran at: 27-02-2026 04:06:33 AM [] []
[2026-02-27 04:11:45] SlimMonoLogger.INFO: Cron ran at: 27-02-2026 04:11:45 AM [] []
[2026-02-27 04:16:38] SlimMonoLogger.INFO: Cron ran at: 27-02-2026 04:16:38 AM [] []
[2026-02-27 04:21:41] SlimMonoLogger.INFO: Cron ran at: 27-02-2026 04:21:41 AM [] []
[2026-02-27 04:26:25] SlimMonoLogger.INFO: Cron ran at: 27-02-2026 04:26:25 AM [] []
[2026-02-27 04:31:46] SlimMonoLogger.INFO: Cron ran at: 27-02-2026 04:31:46 AM [] []
[2026-02-27 04:36:33] SlimMonoLogger.INFO: Cron ran at: 27-02-2026 04:36:33 AM [] []
[2026-02-27 04:41:36] SlimMonoLogger.INFO: Cron ran at: 27-02-2026 04:41:36 AM [] []
[2026-02-27 04:46:34] SlimMonoLogger.INFO: Cron ran at: 27-02-2026 04:46:34 AM [] []
[2026-02-27 04:51:26] SlimMonoLogger.INFO: Cron ran at: 27-02-2026 04:51:26 AM [] []
[2026-02-27 04:56:17] SlimMonoLogger.INFO: Cron ran at: 27-02-2026 04:56:17 AM [] []
[2026-02-27 05:01:33] SlimMonoLogger.INFO: Cron ran at: 27-02-2026 05:01:33 AM [] []
[2026-02-27 05:06:25] SlimMonoLogger.INFO: Cron ran at: 27-02-2026 05:06:25 AM [] []
[2026-02-27 05:11:36] SlimMonoLogger.INFO: Cron ran at: 27-02-2026 05:11:36 AM [] []
[2026-02-27 05:16:26] SlimMonoLogger.INFO: Cron ran at: 27-02-2026 05:16:26 AM [] []
[2026-02-27 05:21:38] SlimMonoLogger.INFO: Cron ran at: 27-02-2026 05:21:38 AM [] []
[2026-02-27 05:26:32] SlimMonoLogger.INFO: Cron ran at: 27-02-2026 05:26:32 AM [] []
[2026-02-27 05:31:48] SlimMonoLogger.INFO: Cron ran at: 27-02-2026 05:31:48 AM [] []
[2026-02-27 05:36:33] SlimMonoLogger.INFO: Cron ran at: 27-02-2026 05:36:33 AM [] []
[2026-02-27 05:41:30] SlimMonoLogger.INFO: Cron ran at: 27-02-2026 05:41:30 AM [] []
[2026-02-27 05:46:31] SlimMonoLogger.INFO: Cron ran at: 27-02-2026 05:46:31 AM [] []
[2026-02-27 05:51:27] SlimMonoLogger.INFO: Cron ran at: 27-02-2026 05:51:27 AM [] []
[2026-02-27 05:57:13] SlimMonoLogger.INFO: Cron ran at: 27-02-2026 05:57:13 AM [] []
[2026-02-27 06:01:41] SlimMonoLogger.INFO: Cron ran at: 27-02-2026 06:01:41 AM [] []
[2026-02-27 06:06:41] SlimMonoLogger.INFO: Cron ran at: 27-02-2026 06:06:41 AM [] []
[2026-02-27 06:11:37] SlimMonoLogger.INFO: Cron ran at: 27-02-2026 06:11:37 AM [] []
[2026-02-27 06:16:32] SlimMonoLogger.INFO: Cron ran at: 27-02-2026 06:16:32 AM [] []
[2026-02-27 06:21:31] SlimMonoLogger.INFO: Cron ran at: 27-02-2026 06:21:31 AM [] []
[2026-02-27 06:26:25] SlimMonoLogger.INFO: Cron ran at: 27-02-2026 06:26:25 AM [] []
[2026-02-27 06:31:30] SlimMonoLogger.INFO: Cron ran at: 27-02-2026 06:31:30 AM [] []
[2026-02-27 06:36:22] SlimMonoLogger.INFO: Cron ran at: 27-02-2026 06:36:22 AM [] []
[2026-02-27 06:41:30] SlimMonoLogger.INFO: Cron ran at: 27-02-2026 06:41:30 AM [] []
[2026-02-27 06:46:34] SlimMonoLogger.INFO: Cron ran at: 27-02-2026 06:46:34 AM [] []
[2026-02-27 06:51:31] SlimMonoLogger.INFO: Cron ran at: 27-02-2026 06:51:31 AM [] []
[2026-02-27 06:56:31] SlimMonoLogger.INFO: Cron ran at: 27-02-2026 06:56:31 AM [] []
[2026-02-27 07:01:44] SlimMonoLogger.INFO: Cron ran at: 27-02-2026 07:01:44 AM [] []
[2026-02-27 07:06:25] SlimMonoLogger.INFO: Cron ran at: 27-02-2026 07:06:25 AM [] []
[2026-02-27 07:11:27] SlimMonoLogger.INFO: Cron ran at: 27-02-2026 07:11:27 AM [] []
[2026-02-27 07:16:31] SlimMonoLogger.INFO: Cron ran at: 27-02-2026 07:16:31 AM [] []
[2026-02-27 07:21:29] SlimMonoLogger.INFO: Cron ran at: 27-02-2026 07:21:29 AM [] []
[2026-02-27 07:26:36] SlimMonoLogger.INFO: Cron ran at: 27-02-2026 07:26:36 AM [] []
[2026-02-27 07:32:00] SlimMonoLogger.INFO: Cron ran at: 27-02-2026 07:32:00 AM [] []
[2026-02-27 07:36:51] SlimMonoLogger.INFO: Cron ran at: 27-02-2026 07:36:51 AM [] []
[2026-02-27 07:41:49] SlimMonoLogger.INFO: Cron ran at: 27-02-2026 07:41:49 AM [] []
[2026-02-27 07:46:46] SlimMonoLogger.INFO: Cron ran at: 27-02-2026 07:46:46 AM [] []
[2026-02-27 07:51:33] SlimMonoLogger.INFO: Cron ran at: 27-02-2026 07:51:33 AM [] []
[2026-02-27 07:56:23] SlimMonoLogger.INFO: Cron ran at: 27-02-2026 07:56:23 AM [] []
[2026-02-27 08:01:34] SlimMonoLogger.INFO: Cron ran at: 27-02-2026 08:01:34 AM [] []
[2026-02-27 08:06:32] SlimMonoLogger.INFO: Cron ran at: 27-02-2026 08:06:32 AM [] []
[2026-02-27 08:11:36] SlimMonoLogger.INFO: Cron ran at: 27-02-2026 08:11:36 AM [] []
[2026-02-27 08:16:42] SlimMonoLogger.INFO: Cron ran at: 27-02-2026 08:16:42 AM [] []
[2026-02-27 08:21:32] SlimMonoLogger.INFO: Cron ran at: 27-02-2026 08:21:32 AM [] []
[2026-02-27 08:26:31] SlimMonoLogger.INFO: Cron ran at: 27-02-2026 08:26:31 AM [] []
[2026-02-27 08:31:36] SlimMonoLogger.INFO: Cron ran at: 27-02-2026 08:31:36 AM [] []
[2026-02-27 08:36:26] SlimMonoLogger.INFO: Cron ran at: 27-02-2026 08:36:26 AM [] []
[2026-02-27 08:41:56] SlimMonoLogger.INFO: Cron ran at: 27-02-2026 08:41:56 AM [] []
[2026-02-27 08:52:03] SlimMonoLogger.INFO: Cron ran at: 27-02-2026 08:52:03 AM [] []
[2026-02-27 08:56:29] SlimMonoLogger.INFO: Cron ran at: 27-02-2026 08:56:29 AM [] []
[2026-02-27 09:02:11] SlimMonoLogger.INFO: Cron ran at: 27-02-2026 09:02:11 AM [] []
[2026-02-27 09:07:15] SlimMonoLogger.INFO: Cron ran at: 27-02-2026 09:07:15 AM [] []
[2026-02-27 09:11:48] SlimMonoLogger.INFO: Cron ran at: 27-02-2026 09:11:48 AM [] []
[2026-02-27 09:17:13] SlimMonoLogger.INFO: Cron ran at: 27-02-2026 09:17:13 AM [] []
[2026-02-27 09:21:58] SlimMonoLogger.INFO: Cron ran at: 27-02-2026 09:21:58 AM [] []
[2026-02-27 09:26:58] SlimMonoLogger.INFO: Cron ran at: 27-02-2026 09:26:58 AM [] []
[2026-02-27 09:32:05] SlimMonoLogger.INFO: Cron ran at: 27-02-2026 09:32:05 AM [] []
[2026-02-27 09:36:49] SlimMonoLogger.INFO: Cron ran at: 27-02-2026 09:36:49 AM [] []
[2026-02-27 09:46:53] SlimMonoLogger.INFO: Cron ran at: 27-02-2026 09:46:53 AM [] []
[2026-02-27 09:51:42] SlimMonoLogger.INFO: Cron ran at: 27-02-2026 09:51:42 AM [] []
[2026-02-27 09:56:41] SlimMonoLogger.INFO: Cron ran at: 27-02-2026 09:56:41 AM [] []
[2026-02-27 10:07:05] SlimMonoLogger.INFO: Cron ran at: 27-02-2026 10:07:05 AM [] []
[2026-02-27 10:11:53] SlimMonoLogger.INFO: Cron ran at: 27-02-2026 10:11:53 AM [] []
[2026-02-27 10:16:57] SlimMonoLogger.INFO: Cron ran at: 27-02-2026 10:16:57 AM [] []
[2026-02-27 10:21:50] SlimMonoLogger.INFO: Cron ran at: 27-02-2026 10:21:50 AM [] []
[2026-02-27 10:26:46] SlimMonoLogger.INFO: Cron ran at: 27-02-2026 10:26:46 AM [] []
[2026-02-27 10:31:44] SlimMonoLogger.INFO: Cron ran at: 27-02-2026 10:31:44 AM [] []
[2026-02-27 10:36:41] SlimMonoLogger.INFO: Cron ran at: 27-02-2026 10:36:41 AM [] []
[2026-02-27 10:41:39] SlimMonoLogger.INFO: Cron ran at: 27-02-2026 10:41:39 AM [] []
[2026-02-27 10:46:58] SlimMonoLogger.INFO: Cron ran at: 27-02-2026 10:46:58 AM [] []
[2026-02-27 10:51:38] SlimMonoLogger.INFO: Cron ran at: 27-02-2026 10:51:38 AM [] []
[2026-02-27 10:56:40] SlimMonoLogger.INFO: Cron ran at: 27-02-2026 10:56:40 AM [] []
[2026-02-27 11:02:00] SlimMonoLogger.INFO: Cron ran at: 27-02-2026 11:02:00 AM [] []
[2026-02-27 11:06:48] SlimMonoLogger.INFO: Cron ran at: 27-02-2026 11:06:48 AM [] []
[2026-02-27 11:11:35] SlimMonoLogger.INFO: Cron ran at: 27-02-2026 11:11:35 AM [] []
[2026-02-27 11:16:36] SlimMonoLogger.INFO: Cron ran at: 27-02-2026 11:16:36 AM [] []
[2026-02-27 11:21:39] SlimMonoLogger.INFO: Cron ran at: 27-02-2026 11:21:39 AM [] []
[2026-02-27 11:26:27] SlimMonoLogger.INFO: Cron ran at: 27-02-2026 11:26:27 AM [] []
[2026-02-27 11:31:54] SlimMonoLogger.INFO: Cron ran at: 27-02-2026 11:31:54 AM [] []
[2026-02-27 11:36:49] SlimMonoLogger.INFO: Cron ran at: 27-02-2026 11:36:49 AM [] []
[2026-02-27 11:41:33] SlimMonoLogger.INFO: Cron ran at: 27-02-2026 11:41:33 AM [] []
[2026-02-27 11:46:48] SlimMonoLogger.INFO: Cron ran at: 27-02-2026 11:46:48 AM [] []
[2026-02-27 11:51:51] SlimMonoLogger.INFO: Cron ran at: 27-02-2026 11:51:51 AM [] []
[2026-02-27 11:56:51] SlimMonoLogger.INFO: Cron ran at: 27-02-2026 11:56:51 AM [] []
[2026-02-27 12:01:55] SlimMonoLogger.INFO: Cron ran at: 27-02-2026 12:01:55 PM [] []
[2026-02-27 12:07:43] SlimMonoLogger.INFO: Cron ran at: 27-02-2026 12:07:43 PM [] []
[2026-02-27 08:10:56] SlimMonoLogger.INFO: Cron ran at: 27-02-2026 08:10:56 AM [] []
[2026-02-27 08:16:02] SlimMonoLogger.INFO: Cron ran at: 27-02-2026 08:16:02 AM [] []
[2026-02-27 08:20:59] SlimMonoLogger.INFO: Cron ran at: 27-02-2026 08:20:59 AM [] []
[2026-02-27 08:26:05] SlimMonoLogger.INFO: Cron ran at: 27-02-2026 08:26:05 AM [] []
[2026-02-27 12:30:45] SlimMonoLogger.INFO: Cron ran at: 27-02-2026 12:30:45 PM [] []
[2026-02-27 12:31:30] SlimMonoLogger.INFO: Cron ran at: 27-02-2026 12:31:30 PM [] []
[2026-02-27 12:36:50] SlimMonoLogger.INFO: Cron ran at: 27-02-2026 12:36:50 PM [] []
[2026-02-27 12:41:21] SlimMonoLogger.INFO: Cron ran at: 27-02-2026 12:41:21 PM [] []
[2026-02-27 12:46:21] SlimMonoLogger.INFO: Cron ran at: 27-02-2026 12:46:21 PM [] []
[2026-02-27 12:51:26] SlimMonoLogger.INFO: Cron ran at: 27-02-2026 12:51:26 PM [] []
[2026-02-27 12:56:25] SlimMonoLogger.INFO: Cron ran at: 27-02-2026 12:56:25 PM [] []
[2026-02-27 13:01:28] SlimMonoLogger.INFO: Cron ran at: 27-02-2026 01:01:28 PM [] []
[2026-02-27 13:06:31] SlimMonoLogger.INFO: Cron ran at: 27-02-2026 01:06:31 PM [] []
[2026-02-27 13:11:25] SlimMonoLogger.INFO: Cron ran at: 27-02-2026 01:11:25 PM [] []
[2026-02-27 13:16:33] SlimMonoLogger.INFO: Cron ran at: 27-02-2026 01:16:33 PM [] []
[2026-02-27 13:21:27] SlimMonoLogger.INFO: Cron ran at: 27-02-2026 01:21:27 PM [] []
[2026-02-27 13:26:38] SlimMonoLogger.INFO: Cron ran at: 27-02-2026 01:26:38 PM [] []
[2026-02-27 13:31:18] SlimMonoLogger.INFO: Cron ran at: 27-02-2026 01:31:18 PM [] []
[2026-02-27 13:36:32] SlimMonoLogger.INFO: Cron ran at: 27-02-2026 01:36:32 PM [] []
[2026-02-27 13:41:23] SlimMonoLogger.INFO: Cron ran at: 27-02-2026 01:41:23 PM [] []
[2026-02-27 13:47:57] SlimMonoLogger.INFO: Cron ran at: 27-02-2026 01:47:57 PM [] []
[2026-02-27 13:52:34] SlimMonoLogger.INFO: Cron ran at: 27-02-2026 01:52:34 PM [] []
[2026-02-27 13:57:04] SlimMonoLogger.INFO: Cron ran at: 27-02-2026 01:57:04 PM [] []
[2026-02-27 14:01:20] SlimMonoLogger.INFO: Cron ran at: 27-02-2026 02:01:20 PM [] []
[2026-02-27 14:06:22] SlimMonoLogger.INFO: Cron ran at: 27-02-2026 02:06:22 PM [] []
[2026-02-27 14:11:24] SlimMonoLogger.INFO: Cron ran at: 27-02-2026 02:11:24 PM [] []
[2026-02-27 14:16:21] SlimMonoLogger.INFO: Cron ran at: 27-02-2026 02:16:21 PM [] []
[2026-02-27 14:21:33] SlimMonoLogger.INFO: Cron ran at: 27-02-2026 02:21:33 PM [] []
[2026-02-27 14:26:21] SlimMonoLogger.INFO: Cron ran at: 27-02-2026 02:26:21 PM [] []
[2026-02-27 14:31:12] SlimMonoLogger.INFO: Cron ran at: 27-02-2026 02:31:12 PM [] []
[2026-02-27 14:36:24] SlimMonoLogger.INFO: Cron ran at: 27-02-2026 02:36:24 PM [] []
[2026-02-27 14:41:27] SlimMonoLogger.INFO: Cron ran at: 27-02-2026 02:41:27 PM [] []
[2026-02-27 14:46:35] SlimMonoLogger.INFO: Cron ran at: 27-02-2026 02:46:35 PM [] []
[2026-02-27 14:51:21] SlimMonoLogger.INFO: Cron ran at: 27-02-2026 02:51:21 PM [] []
[2026-02-27 14:56:33] SlimMonoLogger.INFO: Cron ran at: 27-02-2026 02:56:33 PM [] []
[2026-02-27 15:01:45] SlimMonoLogger.INFO: Cron ran at: 27-02-2026 03:01:45 PM [] []
[2026-02-27 15:06:26] SlimMonoLogger.INFO: Cron ran at: 27-02-2026 03:06:26 PM [] []
[2026-02-27 15:11:26] SlimMonoLogger.INFO: Cron ran at: 27-02-2026 03:11:26 PM [] []
[2026-02-27 15:16:28] SlimMonoLogger.INFO: Cron ran at: 27-02-2026 03:16:28 PM [] []
[2026-02-27 15:21:39] SlimMonoLogger.INFO: Cron ran at: 27-02-2026 03:21:39 PM [] []
[2026-02-27 15:26:30] SlimMonoLogger.INFO: Cron ran at: 27-02-2026 03:26:30 PM [] []
[2026-02-27 15:31:37] SlimMonoLogger.INFO: Cron ran at: 27-02-2026 03:31:37 PM [] []
[2026-02-27 15:36:20] SlimMonoLogger.INFO: Cron ran at: 27-02-2026 03:36:20 PM [] []
[2026-02-27 15:41:27] SlimMonoLogger.INFO: Cron ran at: 27-02-2026 03:41:27 PM [] []
[2026-02-27 15:46:26] SlimMonoLogger.INFO: Cron ran at: 27-02-2026 03:46:26 PM [] []
[2026-02-27 15:51:26] SlimMonoLogger.INFO: Cron ran at: 27-02-2026 03:51:26 PM [] []
[2026-02-27 15:56:19] SlimMonoLogger.INFO: Cron ran at: 27-02-2026 03:56:19 PM [] []
[2026-02-27 16:01:29] SlimMonoLogger.INFO: Cron ran at: 27-02-2026 04:01:29 PM [] []
[2026-02-27 16:06:35] SlimMonoLogger.INFO: Cron ran at: 27-02-2026 04:06:35 PM [] []
[2026-02-27 16:11:38] SlimMonoLogger.INFO: Cron ran at: 27-02-2026 04:11:38 PM [] []
[2026-02-27 16:16:21] SlimMonoLogger.INFO: Cron ran at: 27-02-2026 04:16:21 PM [] []
[2026-02-27 16:21:26] SlimMonoLogger.INFO: Cron ran at: 27-02-2026 04:21:26 PM [] []
[2026-02-27 16:26:24] SlimMonoLogger.INFO: Cron ran at: 27-02-2026 04:26:24 PM [] []
[2026-02-27 16:31:13] SlimMonoLogger.INFO: Cron ran at: 27-02-2026 04:31:13 PM [] []
[2026-02-27 16:36:17] SlimMonoLogger.INFO: Cron ran at: 27-02-2026 04:36:17 PM [] []
[2026-02-27 16:41:31] SlimMonoLogger.INFO: Cron ran at: 27-02-2026 04:41:31 PM [] []
[2026-02-27 16:46:23] SlimMonoLogger.INFO: Cron ran at: 27-02-2026 04:46:23 PM [] []
[2026-02-27 16:51:40] SlimMonoLogger.INFO: Cron ran at: 27-02-2026 04:51:40 PM [] []
[2026-02-27 16:56:24] SlimMonoLogger.INFO: Cron ran at: 27-02-2026 04:56:24 PM [] []
[2026-02-27 17:01:34] SlimMonoLogger.INFO: Cron ran at: 27-02-2026 05:01:34 PM [] []
[2026-02-27 17:06:14] SlimMonoLogger.INFO: Cron ran at: 27-02-2026 05:06:14 PM [] []
[2026-02-27 17:11:18] SlimMonoLogger.INFO: Cron ran at: 27-02-2026 05:11:18 PM [] []
[2026-02-27 17:16:28] SlimMonoLogger.INFO: Cron ran at: 27-02-2026 05:16:28 PM [] []
[2026-02-27 17:21:33] SlimMonoLogger.INFO: Cron ran at: 27-02-2026 05:21:33 PM [] []
[2026-02-27 17:26:38] SlimMonoLogger.INFO: Cron ran at: 27-02-2026 05:26:38 PM [] []
[2026-02-27 17:31:35] SlimMonoLogger.INFO: Cron ran at: 27-02-2026 05:31:35 PM [] []
[2026-02-27 17:36:31] SlimMonoLogger.INFO: Cron ran at: 27-02-2026 05:36:31 PM [] []
[2026-02-27 17:41:24] SlimMonoLogger.INFO: Cron ran at: 27-02-2026 05:41:24 PM [] []
[2026-02-27 17:46:31] SlimMonoLogger.INFO: Cron ran at: 27-02-2026 05:46:31 PM [] []
[2026-02-27 17:51:34] SlimMonoLogger.INFO: Cron ran at: 27-02-2026 05:51:34 PM [] []
[2026-02-27 17:56:34] SlimMonoLogger.INFO: Cron ran at: 27-02-2026 05:56:34 PM [] []
[2026-02-27 18:01:35] SlimMonoLogger.INFO: Cron ran at: 27-02-2026 06:01:35 PM [] []
[2026-02-27 18:06:31] SlimMonoLogger.INFO: Cron ran at: 27-02-2026 06:06:31 PM [] []
[2026-02-27 18:11:50] SlimMonoLogger.INFO: Cron ran at: 27-02-2026 06:11:50 PM [] []
[2026-02-27 18:16:23] SlimMonoLogger.INFO: Cron ran at: 27-02-2026 06:16:23 PM [] []
[2026-02-27 18:21:14] SlimMonoLogger.INFO: Cron ran at: 27-02-2026 06:21:14 PM [] []
[2026-02-27 18:26:32] SlimMonoLogger.INFO: Cron ran at: 27-02-2026 06:26:32 PM [] []
[2026-02-27 18:31:22] SlimMonoLogger.INFO: Cron ran at: 27-02-2026 06:31:22 PM [] []
[2026-02-27 18:36:37] SlimMonoLogger.INFO: Cron ran at: 27-02-2026 06:36:37 PM [] []
[2026-02-27 18:41:44] SlimMonoLogger.INFO: Cron ran at: 27-02-2026 06:41:44 PM [] []
[2026-02-27 18:46:35] SlimMonoLogger.INFO: Cron ran at: 27-02-2026 06:46:35 PM [] []
[2026-02-27 18:51:16] SlimMonoLogger.INFO: Cron ran at: 27-02-2026 06:51:16 PM [] []
[2026-02-27 18:56:26] SlimMonoLogger.INFO: Cron ran at: 27-02-2026 06:56:26 PM [] []
[2026-02-27 19:01:38] SlimMonoLogger.INFO: Cron ran at: 27-02-2026 07:01:38 PM [] []
[2026-02-27 19:06:19] SlimMonoLogger.INFO: Cron ran at: 27-02-2026 07:06:19 PM [] []
[2026-02-27 19:11:44] SlimMonoLogger.INFO: Cron ran at: 27-02-2026 07:11:44 PM [] []
[2026-02-27 19:16:21] SlimMonoLogger.INFO: Cron ran at: 27-02-2026 07:16:21 PM [] []
[2026-02-27 19:21:21] SlimMonoLogger.INFO: Cron ran at: 27-02-2026 07:21:21 PM [] []
[2026-02-27 19:26:33] SlimMonoLogger.INFO: Cron ran at: 27-02-2026 07:26:33 PM [] []
[2026-02-27 19:31:33] SlimMonoLogger.INFO: Cron ran at: 27-02-2026 07:31:33 PM [] []
[2026-02-27 19:36:22] SlimMonoLogger.INFO: Cron ran at: 27-02-2026 07:36:22 PM [] []
[2026-02-27 19:41:27] SlimMonoLogger.INFO: Cron ran at: 27-02-2026 07:41:27 PM [] []
[2026-02-27 19:46:33] SlimMonoLogger.INFO: Cron ran at: 27-02-2026 07:46:33 PM [] []
[2026-02-27 19:51:31] SlimMonoLogger.INFO: Cron ran at: 27-02-2026 07:51:31 PM [] []
[2026-02-27 19:56:19] SlimMonoLogger.INFO: Cron ran at: 27-02-2026 07:56:19 PM [] []
[2026-02-27 20:01:37] SlimMonoLogger.INFO: Cron ran at: 27-02-2026 08:01:37 PM [] []
[2026-02-27 20:06:16] SlimMonoLogger.INFO: Cron ran at: 27-02-2026 08:06:16 PM [] []
[2026-02-27 20:11:27] SlimMonoLogger.INFO: Cron ran at: 27-02-2026 08:11:27 PM [] []
[2026-02-27 20:16:24] SlimMonoLogger.INFO: Cron ran at: 27-02-2026 08:16:24 PM [] []
[2026-02-27 20:21:35] SlimMonoLogger.INFO: Cron ran at: 27-02-2026 08:21:35 PM [] []
[2026-02-27 20:26:22] SlimMonoLogger.INFO: Cron ran at: 27-02-2026 08:26:22 PM [] []
[2026-02-27 20:31:27] SlimMonoLogger.INFO: Cron ran at: 27-02-2026 08:31:27 PM [] []
[2026-02-27 20:36:30] SlimMonoLogger.INFO: Cron ran at: 27-02-2026 08:36:30 PM [] []
[2026-02-27 20:41:23] SlimMonoLogger.INFO: Cron ran at: 27-02-2026 08:41:23 PM [] []
[2026-02-27 20:46:40] SlimMonoLogger.INFO: Cron ran at: 27-02-2026 08:46:40 PM [] []
[2026-02-27 20:51:25] SlimMonoLogger.INFO: Cron ran at: 27-02-2026 08:51:25 PM [] []
[2026-02-27 20:56:22] SlimMonoLogger.INFO: Cron ran at: 27-02-2026 08:56:22 PM [] []
[2026-02-27 21:01:34] SlimMonoLogger.INFO: Cron ran at: 27-02-2026 09:01:34 PM [] []
[2026-02-27 21:06:24] SlimMonoLogger.INFO: Cron ran at: 27-02-2026 09:06:24 PM [] []
[2026-02-27 21:11:38] SlimMonoLogger.INFO: Cron ran at: 27-02-2026 09:11:38 PM [] []
[2026-02-27 21:16:38] SlimMonoLogger.INFO: Cron ran at: 27-02-2026 09:16:38 PM [] []
[2026-02-27 21:21:31] SlimMonoLogger.INFO: Cron ran at: 27-02-2026 09:21:31 PM [] []
[2026-02-27 21:26:25] SlimMonoLogger.INFO: Cron ran at: 27-02-2026 09:26:25 PM [] []
[2026-02-27 21:31:29] SlimMonoLogger.INFO: Cron ran at: 27-02-2026 09:31:29 PM [] []
[2026-02-27 21:36:12] SlimMonoLogger.INFO: Cron ran at: 27-02-2026 09:36:12 PM [] []
[2026-02-27 21:41:13] SlimMonoLogger.INFO: Cron ran at: 27-02-2026 09:41:13 PM [] []
[2026-02-27 21:46:19] SlimMonoLogger.INFO: Cron ran at: 27-02-2026 09:46:19 PM [] []
[2026-02-27 21:51:20] SlimMonoLogger.INFO: Cron ran at: 27-02-2026 09:51:20 PM [] []
[2026-02-27 21:56:26] SlimMonoLogger.INFO: Cron ran at: 27-02-2026 09:56:26 PM [] []
[2026-02-27 22:01:26] SlimMonoLogger.INFO: Cron ran at: 27-02-2026 10:01:26 PM [] []
[2026-02-27 22:06:18] SlimMonoLogger.INFO: Cron ran at: 27-02-2026 10:06:18 PM [] []
[2026-02-27 22:11:16] SlimMonoLogger.INFO: Cron ran at: 27-02-2026 10:11:16 PM [] []
[2026-02-27 22:16:20] SlimMonoLogger.INFO: Cron ran at: 27-02-2026 10:16:20 PM [] []
[2026-02-27 22:21:13] SlimMonoLogger.INFO: Cron ran at: 27-02-2026 10:21:13 PM [] []
[2026-02-27 22:26:25] SlimMonoLogger.INFO: Cron ran at: 27-02-2026 10:26:25 PM [] []
[2026-02-27 22:31:29] SlimMonoLogger.INFO: Cron ran at: 27-02-2026 10:31:29 PM [] []
[2026-02-27 22:36:29] SlimMonoLogger.INFO: Cron ran at: 27-02-2026 10:36:29 PM [] []
[2026-02-27 22:41:23] SlimMonoLogger.INFO: Cron ran at: 27-02-2026 10:41:23 PM [] []
[2026-02-27 22:46:17] SlimMonoLogger.INFO: Cron ran at: 27-02-2026 10:46:17 PM [] []
[2026-02-27 22:51:13] SlimMonoLogger.INFO: Cron ran at: 27-02-2026 10:51:13 PM [] []
[2026-02-27 22:56:25] SlimMonoLogger.INFO: Cron ran at: 27-02-2026 10:56:25 PM [] []
[2026-02-27 23:01:26] SlimMonoLogger.INFO: Cron ran at: 27-02-2026 11:01:26 PM [] []
[2026-02-27 23:06:31] SlimMonoLogger.INFO: Cron ran at: 27-02-2026 11:06:31 PM [] []
[2026-02-27 23:11:16] SlimMonoLogger.INFO: Cron ran at: 27-02-2026 11:11:16 PM [] []
[2026-02-27 23:16:17] SlimMonoLogger.INFO: Cron ran at: 27-02-2026 11:16:17 PM [] []
[2026-02-27 23:21:20] SlimMonoLogger.INFO: Cron ran at: 27-02-2026 11:21:20 PM [] []
[2026-02-27 23:26:22] SlimMonoLogger.INFO: Cron ran at: 27-02-2026 11:26:22 PM [] []
[2026-02-27 23:31:25] SlimMonoLogger.INFO: Cron ran at: 27-02-2026 11:31:25 PM [] []
[2026-02-27 23:36:22] SlimMonoLogger.INFO: Cron ran at: 27-02-2026 11:36:22 PM [] []
[2026-02-27 23:41:16] SlimMonoLogger.INFO: Cron ran at: 27-02-2026 11:41:16 PM [] []
[2026-02-27 23:46:17] SlimMonoLogger.INFO: Cron ran at: 27-02-2026 11:46:17 PM [] []
[2026-02-27 23:51:15] SlimMonoLogger.INFO: Cron ran at: 27-02-2026 11:51:15 PM [] []
[2026-02-27 23:56:51] SlimMonoLogger.INFO: Cron ran at: 27-02-2026 11:56:51 PM [] []
[2026-02-28 00:01:29] SlimMonoLogger.INFO: Cron ran at: 28-02-2026 12:01:29 AM [] []
[2026-02-28 00:06:14] SlimMonoLogger.INFO: Cron ran at: 28-02-2026 12:06:14 AM [] []
[2026-02-28 00:11:19] SlimMonoLogger.INFO: Cron ran at: 28-02-2026 12:11:19 AM [] []
[2026-02-28 00:16:24] SlimMonoLogger.INFO: Cron ran at: 28-02-2026 12:16:24 AM [] []
[2026-02-28 00:21:34] SlimMonoLogger.INFO: Cron ran at: 28-02-2026 12:21:34 AM [] []
[2026-02-28 00:26:28] SlimMonoLogger.INFO: Cron ran at: 28-02-2026 12:26:28 AM [] []
[2026-02-28 00:31:25] SlimMonoLogger.INFO: Cron ran at: 28-02-2026 12:31:25 AM [] []
[2026-02-28 00:36:19] SlimMonoLogger.INFO: Cron ran at: 28-02-2026 12:36:19 AM [] []
[2026-02-28 00:41:24] SlimMonoLogger.INFO: Cron ran at: 28-02-2026 12:41:24 AM [] []
[2026-02-28 00:46:18] SlimMonoLogger.INFO: Cron ran at: 28-02-2026 12:46:18 AM [] []
[2026-02-28 00:51:19] SlimMonoLogger.INFO: Cron ran at: 28-02-2026 12:51:19 AM [] []
[2026-02-28 00:56:30] SlimMonoLogger.INFO: Cron ran at: 28-02-2026 12:56:30 AM [] []
