[2026-01-27 01:01:24] SlimMonoLogger.INFO: Cron ran at: 27-01-2026 01:01:24 AM [] []
[2026-01-27 01:06:15] SlimMonoLogger.INFO: Cron ran at: 27-01-2026 01:06:15 AM [] []
[2026-01-27 01:11:22] SlimMonoLogger.INFO: Cron ran at: 27-01-2026 01:11:22 AM [] []
[2026-01-27 01:16:18] SlimMonoLogger.INFO: Cron ran at: 27-01-2026 01:16:18 AM [] []
[2026-01-27 01:21:20] SlimMonoLogger.INFO: Cron ran at: 27-01-2026 01:21:20 AM [] []
[2026-01-27 01:26:23] SlimMonoLogger.INFO: Cron ran at: 27-01-2026 01:26:23 AM [] []
[2026-01-27 01:31:28] SlimMonoLogger.INFO: Cron ran at: 27-01-2026 01:31:28 AM [] []
[2026-01-27 01:36:20] SlimMonoLogger.INFO: Cron ran at: 27-01-2026 01:36:20 AM [] []
[2026-01-27 01:41:19] SlimMonoLogger.INFO: Cron ran at: 27-01-2026 01:41:19 AM [] []
[2026-01-27 01:46:22] SlimMonoLogger.INFO: Cron ran at: 27-01-2026 01:46:22 AM [] []
[2026-01-27 01:51:18] SlimMonoLogger.INFO: Cron ran at: 27-01-2026 01:51:18 AM [] []
[2026-01-27 01:56:24] SlimMonoLogger.INFO: Cron ran at: 27-01-2026 01:56:24 AM [] []
[2026-01-27 02:01:20] SlimMonoLogger.INFO: Cron ran at: 27-01-2026 02:01:20 AM [] []
[2026-01-27 02:06:16] SlimMonoLogger.INFO: Cron ran at: 27-01-2026 02:06:16 AM [] []
[2026-01-27 02:11:22] SlimMonoLogger.INFO: Cron ran at: 27-01-2026 02:11:22 AM [] []
[2026-01-27 02:16:23] SlimMonoLogger.INFO: Cron ran at: 27-01-2026 02:16:23 AM [] []
[2026-01-27 02:21:22] SlimMonoLogger.INFO: Cron ran at: 27-01-2026 02:21:22 AM [] []
[2026-01-27 02:26:24] SlimMonoLogger.INFO: Cron ran at: 27-01-2026 02:26:24 AM [] []
[2026-01-27 02:31:29] SlimMonoLogger.INFO: Cron ran at: 27-01-2026 02:31:29 AM [] []
[2026-01-27 02:36:23] SlimMonoLogger.INFO: Cron ran at: 27-01-2026 02:36:23 AM [] []
[2026-01-27 02:41:15] SlimMonoLogger.INFO: Cron ran at: 27-01-2026 02:41:15 AM [] []
[2026-01-27 02:46:22] SlimMonoLogger.INFO: Cron ran at: 27-01-2026 02:46:22 AM [] []
[2026-01-27 02:51:14] SlimMonoLogger.INFO: Cron ran at: 27-01-2026 02:51:14 AM [] []
[2026-01-27 02:56:18] SlimMonoLogger.INFO: Cron ran at: 27-01-2026 02:56:18 AM [] []
[2026-01-27 03:01:27] SlimMonoLogger.INFO: Cron ran at: 27-01-2026 03:01:27 AM [] []
[2026-01-27 02:05:17] SlimMonoLogger.CRITICAL: PDOException: SQLSTATE[HY000] [1040] Too many connections in /home/latihtal/public_html/agregator1/src/framework/PDO/Database.php:34
Stack trace:
#0 /home/latihtal/public_html/agregator1/src/framework/PDO/Database.php(34): PDO->__construct()
#1 /home/latihtal/public_html/agregator1/src/dependencies.php(73): Slim\PDO\Database->__construct()
#2 /home/latihtal/public_html/agregator1/src/framework/Helper/Set.php(231): {closure}()
#3 /home/latihtal/public_html/agregator1/src/framework/Helper/Set.php(88): Slim\Helper\Set->Slim\Helper\{closure}()
#4 /home/latihtal/public_html/agregator1/src/framework/Slim.php(232): Slim\Helper\Set->get()
#5 /home/latihtal/public_html/agregator1/src/models/Model.php(176): Slim\Slim->__get()
#6 /home/latihtal/public_html/agregator1/src/models/OptionModel.php(180): spark\models\Model->select()
#7 /home/latihtal/public_html/agregator1/src/models/OptionModel.php(40): spark\models\OptionModel->autoloadOptions()
#8 /home/latihtal/public_html/agregator1/src/dependencies.php(99): spark\models\OptionModel->__construct()
#9 /home/latihtal/public_html/agregator1/src/framework/Helper/Set.php(231): {closure}()
#10 /home/latihtal/public_html/agregator1/src/framework/Helper/Set.php(88): Slim\Helper\Set->Slim\Helper\{closure}()
#11 /home/latihtal/public_html/agregator1/src/framework/Slim.php(232): Slim\Helper\Set->get()
#12 /home/latihtal/public_html/agregator1/src/drivers/Views/ThemeManager.php(34): Slim\Slim->__get()
#13 /home/latihtal/public_html/agregator1/src/dependencies.php(142): spark\drivers\Views\ThemeManager->initEngine()
#14 /home/latihtal/public_html/agregator1/src/bootstrap.php(68): require('/home/latihtal/...')
#15 /home/latihtal/public_html/agregator1/index.php(4): require('/home/latihtal/...')
#16 {main} [] []
[2026-01-27 03:11:25] SlimMonoLogger.INFO: Cron ran at: 27-01-2026 03:11:25 AM [] []
[2026-01-27 03:16:25] SlimMonoLogger.INFO: Cron ran at: 27-01-2026 03:16:25 AM [] []
[2026-01-27 03:21:39] SlimMonoLogger.INFO: Cron ran at: 27-01-2026 03:21:39 AM [] []
[2026-01-27 03:26:29] SlimMonoLogger.INFO: Cron ran at: 27-01-2026 03:26:29 AM [] []
[2026-01-27 03:31:37] SlimMonoLogger.INFO: Cron ran at: 27-01-2026 03:31:37 AM [] []
[2026-01-27 03:36:29] SlimMonoLogger.INFO: Cron ran at: 27-01-2026 03:36:29 AM [] []
[2026-01-27 03:41:35] SlimMonoLogger.INFO: Cron ran at: 27-01-2026 03:41:35 AM [] []
[2026-01-27 03:46:20] SlimMonoLogger.INFO: Cron ran at: 27-01-2026 03:46:20 AM [] []
[2026-01-27 03:51:20] SlimMonoLogger.INFO: Cron ran at: 27-01-2026 03:51:20 AM [] []
[2026-01-27 03:56:22] SlimMonoLogger.INFO: Cron ran at: 27-01-2026 03:56:22 AM [] []
[2026-01-27 04:01:28] SlimMonoLogger.INFO: Cron ran at: 27-01-2026 04:01:28 AM [] []
[2026-01-27 04:06:19] SlimMonoLogger.INFO: Cron ran at: 27-01-2026 04:06:19 AM [] []
[2026-01-27 04:11:09] SlimMonoLogger.INFO: Cron ran at: 27-01-2026 04:11:09 AM [] []
[2026-01-27 04:16:13] SlimMonoLogger.INFO: Cron ran at: 27-01-2026 04:16:13 AM [] []
[2026-01-27 04:21:11] SlimMonoLogger.INFO: Cron ran at: 27-01-2026 04:21:11 AM [] []
[2026-01-27 04:26:08] SlimMonoLogger.INFO: Cron ran at: 27-01-2026 04:26:08 AM [] []
[2026-01-27 04:31:18] SlimMonoLogger.INFO: Cron ran at: 27-01-2026 04:31:18 AM [] []
[2026-01-27 04:36:08] SlimMonoLogger.INFO: Cron ran at: 27-01-2026 04:36:08 AM [] []
[2026-01-27 04:41:14] SlimMonoLogger.INFO: Cron ran at: 27-01-2026 04:41:14 AM [] []
[2026-01-27 04:46:08] SlimMonoLogger.INFO: Cron ran at: 27-01-2026 04:46:08 AM [] []
[2026-01-27 04:51:13] SlimMonoLogger.INFO: Cron ran at: 27-01-2026 04:51:13 AM [] []
[2026-01-27 04:56:07] SlimMonoLogger.INFO: Cron ran at: 27-01-2026 04:56:07 AM [] []
[2026-01-27 05:01:15] SlimMonoLogger.INFO: Cron ran at: 27-01-2026 05:01:15 AM [] []
[2026-01-27 05:06:10] SlimMonoLogger.INFO: Cron ran at: 27-01-2026 05:06:10 AM [] []
[2026-01-27 05:11:13] SlimMonoLogger.INFO: Cron ran at: 27-01-2026 05:11:13 AM [] []
[2026-01-27 05:16:13] SlimMonoLogger.INFO: Cron ran at: 27-01-2026 05:16:13 AM [] []
[2026-01-27 05:21:14] SlimMonoLogger.INFO: Cron ran at: 27-01-2026 05:21:14 AM [] []
[2026-01-27 05:26:23] SlimMonoLogger.INFO: Cron ran at: 27-01-2026 05:26:23 AM [] []
[2026-01-27 05:31:26] SlimMonoLogger.INFO: Cron ran at: 27-01-2026 05:31:26 AM [] []
[2026-01-27 05:36:21] SlimMonoLogger.INFO: Cron ran at: 27-01-2026 05:36:21 AM [] []
[2026-01-27 05:41:09] SlimMonoLogger.INFO: Cron ran at: 27-01-2026 05:41:09 AM [] []
[2026-01-27 05:46:09] SlimMonoLogger.INFO: Cron ran at: 27-01-2026 05:46:09 AM [] []
[2026-01-27 05:51:10] SlimMonoLogger.INFO: Cron ran at: 27-01-2026 05:51:10 AM [] []
[2026-01-27 05:56:11] SlimMonoLogger.INFO: Cron ran at: 27-01-2026 05:56:11 AM [] []
[2026-01-27 06:01:14] SlimMonoLogger.INFO: Cron ran at: 27-01-2026 06:01:14 AM [] []
[2026-01-27 06:06:09] SlimMonoLogger.INFO: Cron ran at: 27-01-2026 06:06:09 AM [] []
[2026-01-27 06:11:21] SlimMonoLogger.INFO: Cron ran at: 27-01-2026 06:11:21 AM [] []
[2026-01-27 06:17:41] SlimMonoLogger.INFO: Cron ran at: 27-01-2026 06:17:41 AM [] []
[2026-01-27 06:21:07] SlimMonoLogger.INFO: Cron ran at: 27-01-2026 06:21:07 AM [] []
[2026-01-27 06:26:16] SlimMonoLogger.INFO: Cron ran at: 27-01-2026 06:26:16 AM [] []
[2026-01-27 06:31:24] SlimMonoLogger.INFO: Cron ran at: 27-01-2026 06:31:24 AM [] []
[2026-01-27 06:36:17] SlimMonoLogger.INFO: Cron ran at: 27-01-2026 06:36:17 AM [] []
[2026-01-27 06:41:13] SlimMonoLogger.INFO: Cron ran at: 27-01-2026 06:41:13 AM [] []
[2026-01-27 06:46:14] SlimMonoLogger.INFO: Cron ran at: 27-01-2026 06:46:14 AM [] []
[2026-01-27 06:51:08] SlimMonoLogger.INFO: Cron ran at: 27-01-2026 06:51:08 AM [] []
[2026-01-27 06:56:05] SlimMonoLogger.INFO: Cron ran at: 27-01-2026 06:56:05 AM [] []
[2026-01-27 07:01:18] SlimMonoLogger.INFO: Cron ran at: 27-01-2026 07:01:18 AM [] []
[2026-01-27 07:06:16] SlimMonoLogger.INFO: Cron ran at: 27-01-2026 07:06:16 AM [] []
[2026-01-27 07:11:13] SlimMonoLogger.INFO: Cron ran at: 27-01-2026 07:11:13 AM [] []
[2026-01-27 07:16:11] SlimMonoLogger.INFO: Cron ran at: 27-01-2026 07:16:11 AM [] []
[2026-01-27 07:21:11] SlimMonoLogger.INFO: Cron ran at: 27-01-2026 07:21:11 AM [] []
[2026-01-27 07:26:19] SlimMonoLogger.INFO: Cron ran at: 27-01-2026 07:26:19 AM [] []
[2026-01-27 07:31:14] SlimMonoLogger.INFO: Cron ran at: 27-01-2026 07:31:14 AM [] []
[2026-01-27 07:36:10] SlimMonoLogger.INFO: Cron ran at: 27-01-2026 07:36:10 AM [] []
[2026-01-27 07:41:07] SlimMonoLogger.INFO: Cron ran at: 27-01-2026 07:41:07 AM [] []
[2026-01-27 07:46:09] SlimMonoLogger.INFO: Cron ran at: 27-01-2026 07:46:09 AM [] []
[2026-01-27 07:51:17] SlimMonoLogger.INFO: Cron ran at: 27-01-2026 07:51:17 AM [] []
[2026-01-27 07:56:05] SlimMonoLogger.INFO: Cron ran at: 27-01-2026 07:56:05 AM [] []
[2026-01-27 08:01:05] SlimMonoLogger.INFO: Cron ran at: 27-01-2026 08:01:05 AM [] []
[2026-01-27 08:06:09] SlimMonoLogger.INFO: Cron ran at: 27-01-2026 08:06:09 AM [] []
[2026-01-27 08:11:10] SlimMonoLogger.INFO: Cron ran at: 27-01-2026 08:11:10 AM [] []
[2026-01-27 08:16:24] SlimMonoLogger.INFO: Cron ran at: 27-01-2026 08:16:24 AM [] []
[2026-01-27 08:21:17] SlimMonoLogger.INFO: Cron ran at: 27-01-2026 08:21:17 AM [] []
[2026-01-27 08:26:16] SlimMonoLogger.INFO: Cron ran at: 27-01-2026 08:26:16 AM [] []
[2026-01-27 08:31:14] SlimMonoLogger.INFO: Cron ran at: 27-01-2026 08:31:14 AM [] []
[2026-01-27 08:36:19] SlimMonoLogger.INFO: Cron ran at: 27-01-2026 08:36:19 AM [] []
[2026-01-27 08:41:37] SlimMonoLogger.INFO: Cron ran at: 27-01-2026 08:41:37 AM [] []
[2026-01-27 08:56:37] SlimMonoLogger.INFO: Cron ran at: 27-01-2026 08:56:37 AM [] []
[2026-01-27 09:01:22] SlimMonoLogger.INFO: Cron ran at: 27-01-2026 09:01:22 AM [] []
[2026-01-27 09:06:14] SlimMonoLogger.INFO: Cron ran at: 27-01-2026 09:06:14 AM [] []
[2026-01-27 09:11:13] SlimMonoLogger.INFO: Cron ran at: 27-01-2026 09:11:13 AM [] []
[2026-01-27 09:16:32] SlimMonoLogger.INFO: Cron ran at: 27-01-2026 09:16:32 AM [] []
[2026-01-27 09:21:15] SlimMonoLogger.INFO: Cron ran at: 27-01-2026 09:21:15 AM [] []
[2026-01-27 09:26:30] SlimMonoLogger.INFO: Cron ran at: 27-01-2026 09:26:30 AM [] []
[2026-01-27 09:31:40] SlimMonoLogger.INFO: Cron ran at: 27-01-2026 09:31:40 AM [] []
[2026-01-27 09:36:13] SlimMonoLogger.INFO: Cron ran at: 27-01-2026 09:36:13 AM [] []
[2026-01-27 09:46:35] SlimMonoLogger.INFO: Cron ran at: 27-01-2026 09:46:35 AM [] []
[2026-01-27 09:51:24] SlimMonoLogger.INFO: Cron ran at: 27-01-2026 09:51:24 AM [] []
[2026-01-27 09:56:23] SlimMonoLogger.INFO: Cron ran at: 27-01-2026 09:56:23 AM [] []
[2026-01-27 10:06:35] SlimMonoLogger.INFO: Cron ran at: 27-01-2026 10:06:35 AM [] []
[2026-01-27 10:11:22] SlimMonoLogger.INFO: Cron ran at: 27-01-2026 10:11:22 AM [] []
[2026-01-27 10:16:22] SlimMonoLogger.INFO: Cron ran at: 27-01-2026 10:16:22 AM [] []
[2026-01-27 10:21:24] SlimMonoLogger.INFO: Cron ran at: 27-01-2026 10:21:24 AM [] []
[2026-01-27 10:26:34] SlimMonoLogger.INFO: Cron ran at: 27-01-2026 10:26:34 AM [] []
[2026-01-27 10:31:25] SlimMonoLogger.INFO: Cron ran at: 27-01-2026 10:31:25 AM [] []
[2026-01-27 10:36:18] SlimMonoLogger.INFO: Cron ran at: 27-01-2026 10:36:18 AM [] []
[2026-01-27 10:41:26] SlimMonoLogger.INFO: Cron ran at: 27-01-2026 10:41:26 AM [] []
[2026-01-27 10:46:24] SlimMonoLogger.INFO: Cron ran at: 27-01-2026 10:46:24 AM [] []
[2026-01-27 10:51:13] SlimMonoLogger.INFO: Cron ran at: 27-01-2026 10:51:13 AM [] []
[2026-01-27 10:56:15] SlimMonoLogger.INFO: Cron ran at: 27-01-2026 10:56:15 AM [] []
[2026-01-27 11:31:58] SlimMonoLogger.INFO: Cron ran at: 27-01-2026 11:31:58 AM [] []
[2026-01-27 11:36:14] SlimMonoLogger.INFO: Cron ran at: 27-01-2026 11:36:14 AM [] []
[2026-01-27 11:41:30] SlimMonoLogger.INFO: Cron ran at: 27-01-2026 11:41:30 AM [] []
[2026-01-27 11:46:21] SlimMonoLogger.INFO: Cron ran at: 27-01-2026 11:46:21 AM [] []
[2026-01-27 11:51:18] SlimMonoLogger.INFO: Cron ran at: 27-01-2026 11:51:18 AM [] []
[2026-01-27 11:56:21] SlimMonoLogger.INFO: Cron ran at: 27-01-2026 11:56:21 AM [] []
[2026-01-27 12:01:26] SlimMonoLogger.INFO: Cron ran at: 27-01-2026 12:01:26 PM [] []
[2026-01-27 12:06:24] SlimMonoLogger.INFO: Cron ran at: 27-01-2026 12:06:24 PM [] []
[2026-01-27 12:11:29] SlimMonoLogger.INFO: Cron ran at: 27-01-2026 12:11:29 PM [] []
[2026-01-27 12:16:17] SlimMonoLogger.INFO: Cron ran at: 27-01-2026 12:16:17 PM [] []
[2026-01-27 12:21:16] SlimMonoLogger.INFO: Cron ran at: 27-01-2026 12:21:16 PM [] []
[2026-01-27 12:26:25] SlimMonoLogger.INFO: Cron ran at: 27-01-2026 12:26:25 PM [] []
[2026-01-27 12:31:26] SlimMonoLogger.INFO: Cron ran at: 27-01-2026 12:31:26 PM [] []
[2026-01-27 12:36:26] SlimMonoLogger.INFO: Cron ran at: 27-01-2026 12:36:26 PM [] []
[2026-01-27 12:41:26] SlimMonoLogger.INFO: Cron ran at: 27-01-2026 12:41:26 PM [] []
[2026-01-27 12:46:27] SlimMonoLogger.INFO: Cron ran at: 27-01-2026 12:46:27 PM [] []
[2026-01-27 12:51:18] SlimMonoLogger.INFO: Cron ran at: 27-01-2026 12:51:18 PM [] []
[2026-01-27 12:56:19] SlimMonoLogger.INFO: Cron ran at: 27-01-2026 12:56:19 PM [] []
[2026-01-27 13:01:31] SlimMonoLogger.INFO: Cron ran at: 27-01-2026 01:01:31 PM [] []
[2026-01-27 13:06:26] SlimMonoLogger.INFO: Cron ran at: 27-01-2026 01:06:26 PM [] []
[2026-01-27 13:11:26] SlimMonoLogger.INFO: Cron ran at: 27-01-2026 01:11:26 PM [] []
[2026-01-27 13:16:32] SlimMonoLogger.INFO: Cron ran at: 27-01-2026 01:16:32 PM [] []
[2026-01-27 13:21:26] SlimMonoLogger.INFO: Cron ran at: 27-01-2026 01:21:26 PM [] []
[2026-01-27 13:26:27] SlimMonoLogger.INFO: Cron ran at: 27-01-2026 01:26:27 PM [] []
[2026-01-27 13:31:29] SlimMonoLogger.INFO: Cron ran at: 27-01-2026 01:31:29 PM [] []
[2026-01-27 13:36:16] SlimMonoLogger.INFO: Cron ran at: 27-01-2026 01:36:16 PM [] []
[2026-01-27 13:41:19] SlimMonoLogger.INFO: Cron ran at: 27-01-2026 01:41:19 PM [] []
[2026-01-27 13:46:24] SlimMonoLogger.INFO: Cron ran at: 27-01-2026 01:46:24 PM [] []
[2026-01-27 13:51:23] SlimMonoLogger.INFO: Cron ran at: 27-01-2026 01:51:23 PM [] []
[2026-01-27 13:56:25] SlimMonoLogger.INFO: Cron ran at: 27-01-2026 01:56:25 PM [] []
[2026-01-27 14:01:39] SlimMonoLogger.INFO: Cron ran at: 27-01-2026 02:01:39 PM [] []
[2026-01-27 14:06:20] SlimMonoLogger.INFO: Cron ran at: 27-01-2026 02:06:20 PM [] []
[2026-01-27 14:11:42] SlimMonoLogger.INFO: Cron ran at: 27-01-2026 02:11:42 PM [] []
[2026-01-27 14:16:25] SlimMonoLogger.INFO: Cron ran at: 27-01-2026 02:16:25 PM [] []
[2026-01-27 14:21:24] SlimMonoLogger.INFO: Cron ran at: 27-01-2026 02:21:24 PM [] []
[2026-01-27 14:26:20] SlimMonoLogger.INFO: Cron ran at: 27-01-2026 02:26:20 PM [] []
[2026-01-27 14:31:27] SlimMonoLogger.INFO: Cron ran at: 27-01-2026 02:31:27 PM [] []
[2026-01-27 14:36:21] SlimMonoLogger.INFO: Cron ran at: 27-01-2026 02:36:21 PM [] []
[2026-01-27 14:41:26] SlimMonoLogger.INFO: Cron ran at: 27-01-2026 02:41:26 PM [] []
[2026-01-27 14:46:22] SlimMonoLogger.INFO: Cron ran at: 27-01-2026 02:46:22 PM [] []
[2026-01-27 14:51:18] SlimMonoLogger.INFO: Cron ran at: 27-01-2026 02:51:18 PM [] []
[2026-01-27 14:56:20] SlimMonoLogger.INFO: Cron ran at: 27-01-2026 02:56:20 PM [] []
[2026-01-27 15:01:21] SlimMonoLogger.INFO: Cron ran at: 27-01-2026 03:01:21 PM [] []
[2026-01-27 15:06:18] SlimMonoLogger.INFO: Cron ran at: 27-01-2026 03:06:18 PM [] []
[2026-01-27 15:11:23] SlimMonoLogger.INFO: Cron ran at: 27-01-2026 03:11:23 PM [] []
[2026-01-27 15:16:12] SlimMonoLogger.INFO: Cron ran at: 27-01-2026 03:16:12 PM [] []
[2026-01-27 15:21:27] SlimMonoLogger.INFO: Cron ran at: 27-01-2026 03:21:27 PM [] []
[2026-01-27 15:26:25] SlimMonoLogger.INFO: Cron ran at: 27-01-2026 03:26:25 PM [] []
[2026-01-27 15:31:22] SlimMonoLogger.INFO: Cron ran at: 27-01-2026 03:31:22 PM [] []
[2026-01-27 15:36:14] SlimMonoLogger.INFO: Cron ran at: 27-01-2026 03:36:14 PM [] []
[2026-01-27 15:41:11] SlimMonoLogger.INFO: Cron ran at: 27-01-2026 03:41:11 PM [] []
[2026-01-27 15:46:16] SlimMonoLogger.INFO: Cron ran at: 27-01-2026 03:46:16 PM [] []
[2026-01-27 15:51:26] SlimMonoLogger.INFO: Cron ran at: 27-01-2026 03:51:26 PM [] []
[2026-01-27 15:56:21] SlimMonoLogger.INFO: Cron ran at: 27-01-2026 03:56:21 PM [] []
[2026-01-27 16:01:26] SlimMonoLogger.INFO: Cron ran at: 27-01-2026 04:01:26 PM [] []
[2026-01-27 16:06:19] SlimMonoLogger.INFO: Cron ran at: 27-01-2026 04:06:19 PM [] []
[2026-01-27 16:11:26] SlimMonoLogger.INFO: Cron ran at: 27-01-2026 04:11:26 PM [] []
[2026-01-27 16:16:26] SlimMonoLogger.INFO: Cron ran at: 27-01-2026 04:16:26 PM [] []
[2026-01-27 16:21:25] SlimMonoLogger.INFO: Cron ran at: 27-01-2026 04:21:25 PM [] []
[2026-01-27 16:26:20] SlimMonoLogger.INFO: Cron ran at: 27-01-2026 04:26:20 PM [] []
[2026-01-27 16:31:33] SlimMonoLogger.INFO: Cron ran at: 27-01-2026 04:31:33 PM [] []
[2026-01-27 16:36:29] SlimMonoLogger.INFO: Cron ran at: 27-01-2026 04:36:29 PM [] []
[2026-01-27 16:41:26] SlimMonoLogger.INFO: Cron ran at: 27-01-2026 04:41:26 PM [] []
[2026-01-27 16:46:28] SlimMonoLogger.INFO: Cron ran at: 27-01-2026 04:46:28 PM [] []
[2026-01-27 16:51:26] SlimMonoLogger.INFO: Cron ran at: 27-01-2026 04:51:26 PM [] []
[2026-01-27 16:56:29] SlimMonoLogger.INFO: Cron ran at: 27-01-2026 04:56:29 PM [] []
[2026-01-27 17:01:31] SlimMonoLogger.INFO: Cron ran at: 27-01-2026 05:01:31 PM [] []
[2026-01-27 17:06:30] SlimMonoLogger.INFO: Cron ran at: 27-01-2026 05:06:30 PM [] []
[2026-01-27 17:11:28] SlimMonoLogger.INFO: Cron ran at: 27-01-2026 05:11:28 PM [] []
[2026-01-27 17:16:30] SlimMonoLogger.INFO: Cron ran at: 27-01-2026 05:16:30 PM [] []
[2026-01-27 17:21:46] SlimMonoLogger.INFO: Cron ran at: 27-01-2026 05:21:46 PM [] []
[2026-01-27 17:26:36] SlimMonoLogger.INFO: Cron ran at: 27-01-2026 05:26:36 PM [] []
[2026-01-27 17:31:40] SlimMonoLogger.INFO: Cron ran at: 27-01-2026 05:31:40 PM [] []
[2026-01-27 17:36:36] SlimMonoLogger.INFO: Cron ran at: 27-01-2026 05:36:36 PM [] []
[2026-01-27 17:41:29] SlimMonoLogger.INFO: Cron ran at: 27-01-2026 05:41:29 PM [] []
[2026-01-27 17:46:21] SlimMonoLogger.INFO: Cron ran at: 27-01-2026 05:46:21 PM [] []
[2026-01-27 17:51:23] SlimMonoLogger.INFO: Cron ran at: 27-01-2026 05:51:23 PM [] []
[2026-01-27 17:56:24] SlimMonoLogger.INFO: Cron ran at: 27-01-2026 05:56:24 PM [] []
[2026-01-27 18:01:32] SlimMonoLogger.INFO: Cron ran at: 27-01-2026 06:01:32 PM [] []
[2026-01-27 18:06:17] SlimMonoLogger.INFO: Cron ran at: 27-01-2026 06:06:17 PM [] []
[2026-01-27 18:11:23] SlimMonoLogger.INFO: Cron ran at: 27-01-2026 06:11:23 PM [] []
[2026-01-27 18:16:31] SlimMonoLogger.INFO: Cron ran at: 27-01-2026 06:16:31 PM [] []
[2026-01-27 18:21:24] SlimMonoLogger.INFO: Cron ran at: 27-01-2026 06:21:24 PM [] []
[2026-01-27 18:26:25] SlimMonoLogger.INFO: Cron ran at: 27-01-2026 06:26:25 PM [] []
[2026-01-27 18:31:31] SlimMonoLogger.INFO: Cron ran at: 27-01-2026 06:31:31 PM [] []
[2026-01-27 18:36:24] SlimMonoLogger.INFO: Cron ran at: 27-01-2026 06:36:24 PM [] []
[2026-01-27 18:41:28] SlimMonoLogger.INFO: Cron ran at: 27-01-2026 06:41:28 PM [] []
[2026-01-27 18:46:23] SlimMonoLogger.INFO: Cron ran at: 27-01-2026 06:46:23 PM [] []
[2026-01-27 18:51:34] SlimMonoLogger.INFO: Cron ran at: 27-01-2026 06:51:34 PM [] []
[2026-01-27 18:56:27] SlimMonoLogger.INFO: Cron ran at: 27-01-2026 06:56:27 PM [] []
[2026-01-27 19:01:33] SlimMonoLogger.INFO: Cron ran at: 27-01-2026 07:01:33 PM [] []
[2026-01-27 19:06:24] SlimMonoLogger.INFO: Cron ran at: 27-01-2026 07:06:24 PM [] []
[2026-01-27 19:11:26] SlimMonoLogger.INFO: Cron ran at: 27-01-2026 07:11:26 PM [] []
[2026-01-27 19:16:20] SlimMonoLogger.INFO: Cron ran at: 27-01-2026 07:16:20 PM [] []
[2026-01-27 19:21:32] SlimMonoLogger.INFO: Cron ran at: 27-01-2026 07:21:32 PM [] []
[2026-01-27 19:26:26] SlimMonoLogger.INFO: Cron ran at: 27-01-2026 07:26:26 PM [] []
[2026-01-27 19:31:32] SlimMonoLogger.INFO: Cron ran at: 27-01-2026 07:31:32 PM [] []
[2026-01-27 19:36:21] SlimMonoLogger.INFO: Cron ran at: 27-01-2026 07:36:21 PM [] []
[2026-01-27 19:41:28] SlimMonoLogger.INFO: Cron ran at: 27-01-2026 07:41:28 PM [] []
[2026-01-27 19:46:23] SlimMonoLogger.INFO: Cron ran at: 27-01-2026 07:46:23 PM [] []
[2026-01-27 19:51:28] SlimMonoLogger.INFO: Cron ran at: 27-01-2026 07:51:28 PM [] []
[2026-01-27 19:56:25] SlimMonoLogger.INFO: Cron ran at: 27-01-2026 07:56:25 PM [] []
[2026-01-27 20:01:34] SlimMonoLogger.INFO: Cron ran at: 27-01-2026 08:01:34 PM [] []
[2026-01-27 20:06:28] SlimMonoLogger.INFO: Cron ran at: 27-01-2026 08:06:28 PM [] []
[2026-01-27 20:11:35] SlimMonoLogger.INFO: Cron ran at: 27-01-2026 08:11:35 PM [] []
[2026-01-27 20:16:27] SlimMonoLogger.INFO: Cron ran at: 27-01-2026 08:16:27 PM [] []
[2026-01-27 20:21:21] SlimMonoLogger.INFO: Cron ran at: 27-01-2026 08:21:21 PM [] []
[2026-01-27 20:26:24] SlimMonoLogger.INFO: Cron ran at: 27-01-2026 08:26:24 PM [] []
[2026-01-27 20:31:48] SlimMonoLogger.INFO: Cron ran at: 27-01-2026 08:31:48 PM [] []
[2026-01-27 20:36:30] SlimMonoLogger.INFO: Cron ran at: 27-01-2026 08:36:30 PM [] []
[2026-01-27 20:41:32] SlimMonoLogger.INFO: Cron ran at: 27-01-2026 08:41:32 PM [] []
[2026-01-27 20:46:36] SlimMonoLogger.INFO: Cron ran at: 27-01-2026 08:46:36 PM [] []
[2026-01-27 20:51:26] SlimMonoLogger.INFO: Cron ran at: 27-01-2026 08:51:26 PM [] []
[2026-01-27 20:56:30] SlimMonoLogger.INFO: Cron ran at: 27-01-2026 08:56:30 PM [] []
[2026-01-27 21:01:28] SlimMonoLogger.INFO: Cron ran at: 27-01-2026 09:01:28 PM [] []
[2026-01-27 21:06:31] SlimMonoLogger.INFO: Cron ran at: 27-01-2026 09:06:31 PM [] []
[2026-01-27 21:11:28] SlimMonoLogger.INFO: Cron ran at: 27-01-2026 09:11:28 PM [] []
[2026-01-27 21:16:35] SlimMonoLogger.INFO: Cron ran at: 27-01-2026 09:16:35 PM [] []
[2026-01-27 21:26:25] SlimMonoLogger.INFO: Cron ran at: 27-01-2026 09:26:25 PM [] []
[2026-01-27 21:29:40] SlimMonoLogger.ERROR: Requests_Exception: cURL error 28: Operation timed out after 500001 milliseconds with 2954 bytes received in /home/latihtal/public_html/agregator1/src/vendor/rmccue/requests/library/Requests/Transport/cURL.php:422
Stack trace:
#0 /home/latihtal/public_html/agregator1/src/vendor/rmccue/requests/library/Requests/Transport/cURL.php(177): Requests_Transport_cURL->process_response()
#1 /home/latihtal/public_html/agregator1/src/vendor/rmccue/requests/library/Requests.php(379): Requests_Transport_cURL->request()
#2 /home/latihtal/public_html/agregator1/src/vendor/rmccue/requests/library/Requests/Session.php(205): Requests::request()
#3 /home/latihtal/public_html/agregator1/src/vendor/rmccue/requests/library/Requests/Session.php(132): Requests_Session->request()
#4 /home/latihtal/public_html/agregator1/src/drivers/Http/RssImporter.php(144): Requests_Session->get()
#5 /home/latihtal/public_html/agregator1/src/controllers/Dashboard/DashboardFeedsController.php(534): spark\drivers\Http\RssImporter->fetchPosts()
#6 /home/latihtal/public_html/agregator1/src/controllers/Site/SiteController.php(722): spark\controllers\Dashboard\DashboardFeedsController::importFeedPosts()
#7 [internal function]: spark\controllers\Site\SiteController->runTasks()
#8 /home/latihtal/public_html/agregator1/src/framework/Route.php(173): call_user_func_array()
#9 [internal function]: Slim\Route->Slim\{closure}()
#10 /home/latihtal/public_html/agregator1/src/framework/Route.php(468): call_user_func_array()
#11 /home/latihtal/public_html/agregator1/src/framework/Slim.php(1364): Slim\Route->dispatch()
#12 /home/latihtal/public_html/agregator1/src/framework/Middleware/Flash.php(85): Slim\Slim->call()
#13 /home/latihtal/public_html/agregator1/src/framework/Middleware/MethodOverride.php(92): Slim\Middleware\Flash->call()
#14 /home/latihtal/public_html/agregator1/src/middlewares/CsrfGuard/CsrfGuard.php(47): Slim\Middleware\MethodOverride->call()
#15 /home/latihtal/public_html/agregator1/src/framework/Middleware/PrettyExceptions.php(67): spark\middlewares\CsrfGuard\CsrfGuard->call()
#16 /home/latihtal/public_html/agregator1/src/framework/Slim.php(1308): Slim\Middleware\PrettyExceptions->call()
#17 /home/latihtal/public_html/agregator1/index.php(6): Slim\Slim->run()
#18 {main} [] []
[2026-01-27 21:30:05] SlimMonoLogger.INFO: Cron ran at: 27-01-2026 09:30:05 PM [] []
[2026-01-27 21:31:28] SlimMonoLogger.INFO: Cron ran at: 27-01-2026 09:31:28 PM [] []
[2026-01-27 21:36:34] SlimMonoLogger.INFO: Cron ran at: 27-01-2026 09:36:34 PM [] []
[2026-01-27 21:41:29] SlimMonoLogger.INFO: Cron ran at: 27-01-2026 09:41:29 PM [] []
[2026-01-27 21:46:24] SlimMonoLogger.INFO: Cron ran at: 27-01-2026 09:46:24 PM [] []
[2026-01-27 21:51:22] SlimMonoLogger.INFO: Cron ran at: 27-01-2026 09:51:22 PM [] []
[2026-01-27 21:56:26] SlimMonoLogger.INFO: Cron ran at: 27-01-2026 09:56:26 PM [] []
[2026-01-27 22:01:38] SlimMonoLogger.INFO: Cron ran at: 27-01-2026 10:01:38 PM [] []
[2026-01-27 22:06:25] SlimMonoLogger.INFO: Cron ran at: 27-01-2026 10:06:25 PM [] []
[2026-01-27 22:11:33] SlimMonoLogger.INFO: Cron ran at: 27-01-2026 10:11:33 PM [] []
[2026-01-27 22:16:24] SlimMonoLogger.INFO: Cron ran at: 27-01-2026 10:16:24 PM [] []
[2026-01-27 22:21:21] SlimMonoLogger.INFO: Cron ran at: 27-01-2026 10:21:21 PM [] []
[2026-01-27 22:26:26] SlimMonoLogger.INFO: Cron ran at: 27-01-2026 10:26:26 PM [] []
[2026-01-27 22:31:23] SlimMonoLogger.INFO: Cron ran at: 27-01-2026 10:31:23 PM [] []
[2026-01-27 22:36:14] SlimMonoLogger.INFO: Cron ran at: 27-01-2026 10:36:14 PM [] []
[2026-01-27 22:41:21] SlimMonoLogger.INFO: Cron ran at: 27-01-2026 10:41:21 PM [] []
[2026-01-27 22:46:19] SlimMonoLogger.INFO: Cron ran at: 27-01-2026 10:46:19 PM [] []
[2026-01-27 22:51:28] SlimMonoLogger.INFO: Cron ran at: 27-01-2026 10:51:28 PM [] []
[2026-01-27 22:56:30] SlimMonoLogger.INFO: Cron ran at: 27-01-2026 10:56:30 PM [] []
[2026-01-27 23:01:25] SlimMonoLogger.INFO: Cron ran at: 27-01-2026 11:01:25 PM [] []
[2026-01-27 23:06:16] SlimMonoLogger.INFO: Cron ran at: 27-01-2026 11:06:16 PM [] []
[2026-01-27 23:11:29] SlimMonoLogger.INFO: Cron ran at: 27-01-2026 11:11:29 PM [] []
[2026-01-27 23:21:18] SlimMonoLogger.INFO: Cron ran at: 27-01-2026 11:21:18 PM [] []
[2026-01-27 23:23:54] SlimMonoLogger.ERROR: Requests_Exception: cURL error 28: Operation timed out after 500002 milliseconds with 16123 bytes received in /home/latihtal/public_html/agregator1/src/vendor/rmccue/requests/library/Requests/Transport/cURL.php:422
Stack trace:
#0 /home/latihtal/public_html/agregator1/src/vendor/rmccue/requests/library/Requests/Transport/cURL.php(177): Requests_Transport_cURL->process_response()
#1 /home/latihtal/public_html/agregator1/src/vendor/rmccue/requests/library/Requests.php(379): Requests_Transport_cURL->request()
#2 /home/latihtal/public_html/agregator1/src/vendor/rmccue/requests/library/Requests/Session.php(205): Requests::request()
#3 /home/latihtal/public_html/agregator1/src/vendor/rmccue/requests/library/Requests/Session.php(132): Requests_Session->request()
#4 /home/latihtal/public_html/agregator1/src/drivers/Http/RssImporter.php(144): Requests_Session->get()
#5 /home/latihtal/public_html/agregator1/src/controllers/Dashboard/DashboardFeedsController.php(534): spark\drivers\Http\RssImporter->fetchPosts()
#6 /home/latihtal/public_html/agregator1/src/controllers/Site/SiteController.php(722): spark\controllers\Dashboard\DashboardFeedsController::importFeedPosts()
#7 [internal function]: spark\controllers\Site\SiteController->runTasks()
#8 /home/latihtal/public_html/agregator1/src/framework/Route.php(173): call_user_func_array()
#9 [internal function]: Slim\Route->Slim\{closure}()
#10 /home/latihtal/public_html/agregator1/src/framework/Route.php(468): call_user_func_array()
#11 /home/latihtal/public_html/agregator1/src/framework/Slim.php(1364): Slim\Route->dispatch()
#12 /home/latihtal/public_html/agregator1/src/framework/Middleware/Flash.php(85): Slim\Slim->call()
#13 /home/latihtal/public_html/agregator1/src/framework/Middleware/MethodOverride.php(92): Slim\Middleware\Flash->call()
#14 /home/latihtal/public_html/agregator1/src/middlewares/CsrfGuard/CsrfGuard.php(47): Slim\Middleware\MethodOverride->call()
#15 /home/latihtal/public_html/agregator1/src/framework/Middleware/PrettyExceptions.php(67): spark\middlewares\CsrfGuard\CsrfGuard->call()
#16 /home/latihtal/public_html/agregator1/src/framework/Slim.php(1308): Slim\Middleware\PrettyExceptions->call()
#17 /home/latihtal/public_html/agregator1/index.php(6): Slim\Slim->run()
#18 {main} [] []
[2026-01-27 23:24:39] SlimMonoLogger.INFO: Cron ran at: 27-01-2026 11:24:39 PM [] []
[2026-01-27 23:26:12] SlimMonoLogger.INFO: Cron ran at: 27-01-2026 11:26:12 PM [] []
[2026-01-27 23:31:22] SlimMonoLogger.INFO: Cron ran at: 27-01-2026 11:31:22 PM [] []
[2026-01-27 23:36:17] SlimMonoLogger.INFO: Cron ran at: 27-01-2026 11:36:17 PM [] []
[2026-01-27 23:41:22] SlimMonoLogger.INFO: Cron ran at: 27-01-2026 11:41:22 PM [] []
[2026-01-27 23:46:20] SlimMonoLogger.INFO: Cron ran at: 27-01-2026 11:46:20 PM [] []
[2026-01-27 23:51:16] SlimMonoLogger.INFO: Cron ran at: 27-01-2026 11:51:16 PM [] []
[2026-01-27 23:56:15] SlimMonoLogger.INFO: Cron ran at: 27-01-2026 11:56:15 PM [] []
[2026-01-28 00:01:21] SlimMonoLogger.INFO: Cron ran at: 28-01-2026 12:01:21 AM [] []
[2026-01-28 00:06:15] SlimMonoLogger.INFO: Cron ran at: 28-01-2026 12:06:15 AM [] []
[2026-01-28 00:11:17] SlimMonoLogger.INFO: Cron ran at: 28-01-2026 12:11:17 AM [] []
[2026-01-28 00:16:17] SlimMonoLogger.INFO: Cron ran at: 28-01-2026 12:16:17 AM [] []
[2026-01-28 00:21:20] SlimMonoLogger.INFO: Cron ran at: 28-01-2026 12:21:20 AM [] []
[2026-01-28 00:26:23] SlimMonoLogger.INFO: Cron ran at: 28-01-2026 12:26:23 AM [] []
[2026-01-28 00:31:19] SlimMonoLogger.INFO: Cron ran at: 28-01-2026 12:31:19 AM [] []
[2026-01-28 00:36:13] SlimMonoLogger.INFO: Cron ran at: 28-01-2026 12:36:13 AM [] []
[2026-01-28 00:41:17] SlimMonoLogger.INFO: Cron ran at: 28-01-2026 12:41:17 AM [] []
[2026-01-28 00:46:16] SlimMonoLogger.INFO: Cron ran at: 28-01-2026 12:46:16 AM [] []
[2026-01-28 00:51:26] SlimMonoLogger.INFO: Cron ran at: 28-01-2026 12:51:26 AM [] []
[2026-01-28 00:56:19] SlimMonoLogger.INFO: Cron ran at: 28-01-2026 12:56:19 AM [] []
