[2025-02-28 01:00:41] SlimMonoLogger.INFO: Cron ran at: 28-02-2025 01:00:41 AM [] []
[2025-02-28 01:05:33] SlimMonoLogger.INFO: Cron ran at: 28-02-2025 01:05:33 AM [] []
[2025-02-28 01:10:34] SlimMonoLogger.INFO: Cron ran at: 28-02-2025 01:10:34 AM [] []
[2025-02-28 01:15:35] SlimMonoLogger.INFO: Cron ran at: 28-02-2025 01:15:35 AM [] []
[2025-02-28 01:20:31] SlimMonoLogger.INFO: Cron ran at: 28-02-2025 01:20:31 AM [] []
[2025-02-28 01:25:29] SlimMonoLogger.INFO: Cron ran at: 28-02-2025 01:25:29 AM [] []
[2025-02-28 01:30:29] SlimMonoLogger.INFO: Cron ran at: 28-02-2025 01:30:29 AM [] []
[2025-02-28 01:35:41] SlimMonoLogger.INFO: Cron ran at: 28-02-2025 01:35:41 AM [] []
[2025-02-28 01:40:29] SlimMonoLogger.INFO: Cron ran at: 28-02-2025 01:40:29 AM [] []
[2025-02-28 01:45:29] SlimMonoLogger.INFO: Cron ran at: 28-02-2025 01:45:29 AM [] []
[2025-02-28 01:50:33] SlimMonoLogger.INFO: Cron ran at: 28-02-2025 01:50:33 AM [] []
[2025-02-28 01:55:31] SlimMonoLogger.INFO: Cron ran at: 28-02-2025 01:55:31 AM [] []
[2025-02-28 02:00:30] SlimMonoLogger.INFO: Cron ran at: 28-02-2025 02:00:30 AM [] []
[2025-02-28 02:05:32] SlimMonoLogger.INFO: Cron ran at: 28-02-2025 02:05:32 AM [] []
[2025-02-28 02:10:29] SlimMonoLogger.INFO: Cron ran at: 28-02-2025 02:10:29 AM [] []
[2025-02-28 02:15:39] SlimMonoLogger.INFO: Cron ran at: 28-02-2025 02:15:39 AM [] []
[2025-02-28 02:20:35] SlimMonoLogger.INFO: Cron ran at: 28-02-2025 02:20:35 AM [] []
[2025-02-28 02:25:46] SlimMonoLogger.INFO: Cron ran at: 28-02-2025 02:25:46 AM [] []
[2025-02-28 02:30:56] SlimMonoLogger.INFO: Cron ran at: 28-02-2025 02:30:56 AM [] []
[2025-02-28 02:35:38] SlimMonoLogger.INFO: Cron ran at: 28-02-2025 02:35:38 AM [] []
[2025-02-28 02:40:40] SlimMonoLogger.INFO: Cron ran at: 28-02-2025 02:40:40 AM [] []
[2025-02-28 02:45:36] SlimMonoLogger.INFO: Cron ran at: 28-02-2025 02:45:36 AM [] []
[2025-02-28 02:50:39] SlimMonoLogger.INFO: Cron ran at: 28-02-2025 02:50:39 AM [] []
[2025-02-28 02:55:33] SlimMonoLogger.INFO: Cron ran at: 28-02-2025 02:55:33 AM [] []
[2025-02-28 03:00:49] SlimMonoLogger.INFO: Cron ran at: 28-02-2025 03:00:49 AM [] []
[2025-02-28 03:05:32] SlimMonoLogger.INFO: Cron ran at: 28-02-2025 03:05:32 AM [] []
[2025-02-28 03:10:31] SlimMonoLogger.INFO: Cron ran at: 28-02-2025 03:10:31 AM [] []
[2025-02-28 03:15:43] SlimMonoLogger.INFO: Cron ran at: 28-02-2025 03:15:43 AM [] []
[2025-02-28 03:20:34] SlimMonoLogger.INFO: Cron ran at: 28-02-2025 03:20:34 AM [] []
[2025-02-28 03:25:34] SlimMonoLogger.INFO: Cron ran at: 28-02-2025 03:25:34 AM [] []
[2025-02-28 03:30:35] SlimMonoLogger.INFO: Cron ran at: 28-02-2025 03:30:35 AM [] []
[2025-02-28 03:35:30] SlimMonoLogger.INFO: Cron ran at: 28-02-2025 03:35:30 AM [] []
[2025-02-28 03:40:35] SlimMonoLogger.INFO: Cron ran at: 28-02-2025 03:40:35 AM [] []
[2025-02-28 03:45:37] SlimMonoLogger.INFO: Cron ran at: 28-02-2025 03:45:37 AM [] []
[2025-02-28 03:50:46] SlimMonoLogger.INFO: Cron ran at: 28-02-2025 03:50:46 AM [] []
[2025-02-28 03:55:46] SlimMonoLogger.INFO: Cron ran at: 28-02-2025 03:55:46 AM [] []
[2025-02-28 04:00:39] SlimMonoLogger.INFO: Cron ran at: 28-02-2025 04:00:39 AM [] []
[2025-02-28 04:05:34] SlimMonoLogger.INFO: Cron ran at: 28-02-2025 04:05:34 AM [] []
[2025-02-28 04:10:36] SlimMonoLogger.INFO: Cron ran at: 28-02-2025 04:10:36 AM [] []
[2025-02-28 04:15:36] SlimMonoLogger.INFO: Cron ran at: 28-02-2025 04:15:36 AM [] []
[2025-02-28 04:20:41] SlimMonoLogger.INFO: Cron ran at: 28-02-2025 04:20:41 AM [] []
[2025-02-28 04:25:32] SlimMonoLogger.INFO: Cron ran at: 28-02-2025 04:25:32 AM [] []
[2025-02-28 04:30:37] SlimMonoLogger.INFO: Cron ran at: 28-02-2025 04:30:37 AM [] []
[2025-02-28 04:35:26] SlimMonoLogger.INFO: Cron ran at: 28-02-2025 04:35:26 AM [] []
[2025-02-28 04:40:31] SlimMonoLogger.INFO: Cron ran at: 28-02-2025 04:40:31 AM [] []
[2025-02-28 04:45:35] SlimMonoLogger.INFO: Cron ran at: 28-02-2025 04:45:35 AM [] []
[2025-02-28 04:50:34] SlimMonoLogger.INFO: Cron ran at: 28-02-2025 04:50:34 AM [] []
[2025-02-28 04:55:37] SlimMonoLogger.INFO: Cron ran at: 28-02-2025 04:55:37 AM [] []
[2025-02-28 05:00:40] SlimMonoLogger.INFO: Cron ran at: 28-02-2025 05:00:40 AM [] []
[2025-02-28 05:05:39] SlimMonoLogger.INFO: Cron ran at: 28-02-2025 05:05:39 AM [] []
[2025-02-28 05:10:35] SlimMonoLogger.INFO: Cron ran at: 28-02-2025 05:10:35 AM [] []
[2025-02-28 05:15:36] SlimMonoLogger.INFO: Cron ran at: 28-02-2025 05:15:36 AM [] []
[2025-02-28 05:20:34] SlimMonoLogger.INFO: Cron ran at: 28-02-2025 05:20:34 AM [] []
[2025-02-28 05:25:38] SlimMonoLogger.INFO: Cron ran at: 28-02-2025 05:25:38 AM [] []
[2025-02-28 05:30:35] SlimMonoLogger.INFO: Cron ran at: 28-02-2025 05:30:35 AM [] []
[2025-02-28 05:35:35] SlimMonoLogger.INFO: Cron ran at: 28-02-2025 05:35:35 AM [] []
[2025-02-28 05:40:41] SlimMonoLogger.INFO: Cron ran at: 28-02-2025 05:40:41 AM [] []
[2025-02-28 05:45:42] SlimMonoLogger.INFO: Cron ran at: 28-02-2025 05:45:42 AM [] []
[2025-02-28 05:50:40] SlimMonoLogger.INFO: Cron ran at: 28-02-2025 05:50:39 AM [] []
[2025-02-28 05:55:46] SlimMonoLogger.INFO: Cron ran at: 28-02-2025 05:55:46 AM [] []
[2025-02-28 06:00:40] SlimMonoLogger.INFO: Cron ran at: 28-02-2025 06:00:40 AM [] []
[2025-02-28 06:05:33] SlimMonoLogger.INFO: Cron ran at: 28-02-2025 06:05:33 AM [] []
[2025-02-28 06:10:37] SlimMonoLogger.INFO: Cron ran at: 28-02-2025 06:10:37 AM [] []
[2025-02-28 06:15:40] SlimMonoLogger.INFO: Cron ran at: 28-02-2025 06:15:40 AM [] []
[2025-02-28 06:20:27] SlimMonoLogger.INFO: Cron ran at: 28-02-2025 06:20:27 AM [] []
[2025-02-28 06:25:38] SlimMonoLogger.INFO: Cron ran at: 28-02-2025 06:25:38 AM [] []
[2025-02-28 06:30:34] SlimMonoLogger.INFO: Cron ran at: 28-02-2025 06:30:33 AM [] []
[2025-02-28 06:35:32] SlimMonoLogger.INFO: Cron ran at: 28-02-2025 06:35:32 AM [] []
[2025-02-28 06:40:33] SlimMonoLogger.INFO: Cron ran at: 28-02-2025 06:40:33 AM [] []
[2025-02-28 06:45:35] SlimMonoLogger.INFO: Cron ran at: 28-02-2025 06:45:35 AM [] []
[2025-02-28 06:50:32] SlimMonoLogger.INFO: Cron ran at: 28-02-2025 06:50:32 AM [] []
[2025-02-28 06:55:30] SlimMonoLogger.INFO: Cron ran at: 28-02-2025 06:55:30 AM [] []
[2025-02-28 07:00:34] SlimMonoLogger.INFO: Cron ran at: 28-02-2025 07:00:34 AM [] []
[2025-02-28 07:05:37] SlimMonoLogger.INFO: Cron ran at: 28-02-2025 07:05:37 AM [] []
[2025-02-28 07:10:30] SlimMonoLogger.INFO: Cron ran at: 28-02-2025 07:10:30 AM [] []
[2025-02-28 07:15:35] SlimMonoLogger.INFO: Cron ran at: 28-02-2025 07:15:35 AM [] []
[2025-02-28 07:20:31] SlimMonoLogger.INFO: Cron ran at: 28-02-2025 07:20:31 AM [] []
[2025-02-28 07:25:43] SlimMonoLogger.INFO: Cron ran at: 28-02-2025 07:25:43 AM [] []
[2025-02-28 07:30:39] SlimMonoLogger.INFO: Cron ran at: 28-02-2025 07:30:39 AM [] []
[2025-02-28 07:35:32] SlimMonoLogger.INFO: Cron ran at: 28-02-2025 07:35:32 AM [] []
[2025-02-28 07:40:33] SlimMonoLogger.INFO: Cron ran at: 28-02-2025 07:40:33 AM [] []
[2025-02-28 07:45:44] SlimMonoLogger.INFO: Cron ran at: 28-02-2025 07:45:44 AM [] []
[2025-02-28 07:50:35] SlimMonoLogger.INFO: Cron ran at: 28-02-2025 07:50:35 AM [] []
[2025-02-28 07:55:37] SlimMonoLogger.INFO: Cron ran at: 28-02-2025 07:55:37 AM [] []
[2025-02-28 08:00:43] SlimMonoLogger.INFO: Cron ran at: 28-02-2025 08:00:43 AM [] []
[2025-02-28 08:05:35] SlimMonoLogger.INFO: Cron ran at: 28-02-2025 08:05:35 AM [] []
[2025-02-28 08:10:38] SlimMonoLogger.INFO: Cron ran at: 28-02-2025 08:10:38 AM [] []
[2025-02-28 08:15:51] SlimMonoLogger.INFO: Cron ran at: 28-02-2025 08:15:51 AM [] []
[2025-02-28 08:20:46] SlimMonoLogger.INFO: Cron ran at: 28-02-2025 08:20:46 AM [] []
[2025-02-28 08:25:58] SlimMonoLogger.INFO: Cron ran at: 28-02-2025 08:25:58 AM [] []
[2025-02-28 08:30:41] SlimMonoLogger.INFO: Cron ran at: 28-02-2025 08:30:41 AM [] []
[2025-02-28 08:35:47] SlimMonoLogger.INFO: Cron ran at: 28-02-2025 08:35:47 AM [] []
[2025-02-28 08:41:01] SlimMonoLogger.INFO: Cron ran at: 28-02-2025 08:41:01 AM [] []
[2025-02-28 08:45:48] SlimMonoLogger.INFO: Cron ran at: 28-02-2025 08:45:48 AM [] []
[2025-02-28 08:50:38] SlimMonoLogger.INFO: Cron ran at: 28-02-2025 08:50:38 AM [] []
[2025-02-28 08:55:46] SlimMonoLogger.INFO: Cron ran at: 28-02-2025 08:55:46 AM [] []
[2025-02-28 09:01:11] SlimMonoLogger.INFO: Cron ran at: 28-02-2025 09:01:11 AM [] []
[2025-02-28 09:06:13] SlimMonoLogger.INFO: Cron ran at: 28-02-2025 09:06:13 AM [] []
[2025-02-28 09:10:50] SlimMonoLogger.INFO: Cron ran at: 28-02-2025 09:10:50 AM [] []
[2025-02-28 09:15:40] SlimMonoLogger.INFO: Cron ran at: 28-02-2025 09:15:40 AM [] []
[2025-02-28 09:20:44] SlimMonoLogger.INFO: Cron ran at: 28-02-2025 09:20:44 AM [] []
[2025-02-28 09:25:50] SlimMonoLogger.INFO: Cron ran at: 28-02-2025 09:25:50 AM [] []
[2025-02-28 09:30:51] SlimMonoLogger.INFO: Cron ran at: 28-02-2025 09:30:51 AM [] []
[2025-02-28 09:35:50] SlimMonoLogger.INFO: Cron ran at: 28-02-2025 09:35:50 AM [] []
[2025-02-28 09:40:43] SlimMonoLogger.INFO: Cron ran at: 28-02-2025 09:40:43 AM [] []
[2025-02-28 09:45:59] SlimMonoLogger.INFO: Cron ran at: 28-02-2025 09:45:59 AM [] []
[2025-02-28 09:50:51] SlimMonoLogger.INFO: Cron ran at: 28-02-2025 09:50:51 AM [] []
[2025-02-28 09:55:37] SlimMonoLogger.INFO: Cron ran at: 28-02-2025 09:55:37 AM [] []
[2025-02-28 10:00:50] SlimMonoLogger.INFO: Cron ran at: 28-02-2025 10:00:50 AM [] []
[2025-02-28 10:05:47] SlimMonoLogger.INFO: Cron ran at: 28-02-2025 10:05:47 AM [] []
[2025-02-28 10:10:43] SlimMonoLogger.INFO: Cron ran at: 28-02-2025 10:10:43 AM [] []
[2025-02-28 10:15:41] SlimMonoLogger.INFO: Cron ran at: 28-02-2025 10:15:41 AM [] []
[2025-02-28 10:20:49] SlimMonoLogger.INFO: Cron ran at: 28-02-2025 10:20:49 AM [] []
[2025-02-28 10:25:50] SlimMonoLogger.INFO: Cron ran at: 28-02-2025 10:25:50 AM [] []
[2025-02-28 10:30:46] SlimMonoLogger.INFO: Cron ran at: 28-02-2025 10:30:46 AM [] []
[2025-02-28 10:35:42] SlimMonoLogger.INFO: Cron ran at: 28-02-2025 10:35:42 AM [] []
[2025-02-28 10:40:40] SlimMonoLogger.INFO: Cron ran at: 28-02-2025 10:40:40 AM [] []
[2025-02-28 10:45:45] SlimMonoLogger.INFO: Cron ran at: 28-02-2025 10:45:45 AM [] []
[2025-02-28 10:50:46] SlimMonoLogger.INFO: Cron ran at: 28-02-2025 10:50:46 AM [] []
[2025-02-28 10:55:53] SlimMonoLogger.INFO: Cron ran at: 28-02-2025 10:55:53 AM [] []
[2025-02-28 11:00:58] SlimMonoLogger.INFO: Cron ran at: 28-02-2025 11:00:58 AM [] []
[2025-02-28 11:05:40] SlimMonoLogger.INFO: Cron ran at: 28-02-2025 11:05:40 AM [] []
[2025-02-28 11:10:42] SlimMonoLogger.INFO: Cron ran at: 28-02-2025 11:10:42 AM [] []
[2025-02-28 11:15:40] SlimMonoLogger.INFO: Cron ran at: 28-02-2025 11:15:40 AM [] []
[2025-02-28 11:20:54] SlimMonoLogger.INFO: Cron ran at: 28-02-2025 11:20:54 AM [] []
[2025-02-28 11:25:44] SlimMonoLogger.INFO: Cron ran at: 28-02-2025 11:25:44 AM [] []
[2025-02-28 11:30:44] SlimMonoLogger.INFO: Cron ran at: 28-02-2025 11:30:44 AM [] []
[2025-02-28 11:35:45] SlimMonoLogger.INFO: Cron ran at: 28-02-2025 11:35:45 AM [] []
[2025-02-28 11:40:45] SlimMonoLogger.INFO: Cron ran at: 28-02-2025 11:40:45 AM [] []
[2025-02-28 11:45:35] SlimMonoLogger.INFO: Cron ran at: 28-02-2025 11:45:35 AM [] []
[2025-02-28 11:50:52] SlimMonoLogger.INFO: Cron ran at: 28-02-2025 11:50:52 AM [] []
[2025-02-28 11:55:42] SlimMonoLogger.INFO: Cron ran at: 28-02-2025 11:55:42 AM [] []
[2025-02-28 12:00:42] SlimMonoLogger.INFO: Cron ran at: 28-02-2025 12:00:42 PM [] []
[2025-02-28 12:06:11] SlimMonoLogger.INFO: Cron ran at: 28-02-2025 12:06:11 PM [] []
[2025-02-28 12:10:35] SlimMonoLogger.INFO: Cron ran at: 28-02-2025 12:10:35 PM [] []
[2025-02-28 12:15:43] SlimMonoLogger.INFO: Cron ran at: 28-02-2025 12:15:43 PM [] []
[2025-02-28 12:20:40] SlimMonoLogger.INFO: Cron ran at: 28-02-2025 12:20:40 PM [] []
[2025-02-28 12:26:12] SlimMonoLogger.INFO: Cron ran at: 28-02-2025 12:26:12 PM [] []
[2025-02-28 12:30:46] SlimMonoLogger.INFO: Cron ran at: 28-02-2025 12:30:46 PM [] []
[2025-02-28 12:35:37] SlimMonoLogger.INFO: Cron ran at: 28-02-2025 12:35:37 PM [] []
[2025-02-28 12:40:43] SlimMonoLogger.INFO: Cron ran at: 28-02-2025 12:40:43 PM [] []
[2025-02-28 12:45:40] SlimMonoLogger.INFO: Cron ran at: 28-02-2025 12:45:40 PM [] []
[2025-02-28 12:50:38] SlimMonoLogger.INFO: Cron ran at: 28-02-2025 12:50:38 PM [] []
[2025-02-28 12:55:38] SlimMonoLogger.INFO: Cron ran at: 28-02-2025 12:55:38 PM [] []
[2025-02-28 13:00:52] SlimMonoLogger.INFO: Cron ran at: 28-02-2025 01:00:52 PM [] []
[2025-02-28 13:05:39] SlimMonoLogger.INFO: Cron ran at: 28-02-2025 01:05:39 PM [] []
[2025-02-28 13:10:41] SlimMonoLogger.INFO: Cron ran at: 28-02-2025 01:10:41 PM [] []
[2025-02-28 13:15:54] SlimMonoLogger.INFO: Cron ran at: 28-02-2025 01:15:54 PM [] []
[2025-02-28 13:20:34] SlimMonoLogger.INFO: Cron ran at: 28-02-2025 01:20:34 PM [] []
[2025-02-28 13:25:33] SlimMonoLogger.INFO: Cron ran at: 28-02-2025 01:25:33 PM [] []
[2025-02-28 13:30:39] SlimMonoLogger.INFO: Cron ran at: 28-02-2025 01:30:39 PM [] []
[2025-02-28 13:35:37] SlimMonoLogger.INFO: Cron ran at: 28-02-2025 01:35:37 PM [] []
[2025-02-28 13:40:37] SlimMonoLogger.INFO: Cron ran at: 28-02-2025 01:40:37 PM [] []
[2025-02-28 13:45:33] SlimMonoLogger.INFO: Cron ran at: 28-02-2025 01:45:33 PM [] []
[2025-02-28 13:50:36] SlimMonoLogger.INFO: Cron ran at: 28-02-2025 01:50:36 PM [] []
[2025-02-28 13:55:52] SlimMonoLogger.INFO: Cron ran at: 28-02-2025 01:55:52 PM [] []
[2025-02-28 14:00:49] SlimMonoLogger.INFO: Cron ran at: 28-02-2025 02:00:49 PM [] []
[2025-02-28 14:05:39] SlimMonoLogger.INFO: Cron ran at: 28-02-2025 02:05:39 PM [] []
[2025-02-28 14:10:39] SlimMonoLogger.INFO: Cron ran at: 28-02-2025 02:10:39 PM [] []
[2025-02-28 14:17:45] SlimMonoLogger.INFO: Cron ran at: 28-02-2025 02:17:45 PM [] []
[2025-02-28 14:22:58] SlimMonoLogger.INFO: Cron ran at: 28-02-2025 02:22:58 PM [] []
[2025-02-28 14:25:35] SlimMonoLogger.INFO: Cron ran at: 28-02-2025 02:25:35 PM [] []
[2025-02-28 14:30:33] SlimMonoLogger.INFO: Cron ran at: 28-02-2025 02:30:33 PM [] []
[2025-02-28 14:37:54] SlimMonoLogger.INFO: Cron ran at: 28-02-2025 02:37:54 PM [] []
[2025-02-28 14:40:37] SlimMonoLogger.INFO: Cron ran at: 28-02-2025 02:40:37 PM [] []
[2025-02-28 14:47:53] SlimMonoLogger.INFO: Cron ran at: 28-02-2025 02:47:53 PM [] []
[2025-02-28 14:50:44] SlimMonoLogger.INFO: Cron ran at: 28-02-2025 02:50:44 PM [] []
[2025-02-28 14:55:35] SlimMonoLogger.INFO: Cron ran at: 28-02-2025 02:55:35 PM [] []
[2025-02-28 15:02:57] SlimMonoLogger.INFO: Cron ran at: 28-02-2025 03:02:57 PM [] []
[2025-02-28 15:07:51] SlimMonoLogger.INFO: Cron ran at: 28-02-2025 03:07:51 PM [] []
[2025-02-28 15:10:36] SlimMonoLogger.INFO: Cron ran at: 28-02-2025 03:10:36 PM [] []
[2025-02-28 15:15:47] SlimMonoLogger.INFO: Cron ran at: 28-02-2025 03:15:47 PM [] []
[2025-02-28 15:28:39] SlimMonoLogger.ERROR: Requests_Exception: cURL error 28: Connection timed out after 500004 milliseconds in /home/latihtal/public_html/agregator1/src/vendor/rmccue/requests/library/Requests/Transport/cURL.php:422
Stack trace:
#0 /home/latihtal/public_html/agregator1/src/vendor/rmccue/requests/library/Requests/Transport/cURL.php(177): Requests_Transport_cURL->process_response()
#1 /home/latihtal/public_html/agregator1/src/vendor/rmccue/requests/library/Requests.php(379): Requests_Transport_cURL->request()
#2 /home/latihtal/public_html/agregator1/src/vendor/rmccue/requests/library/Requests/Session.php(205): Requests::request()
#3 /home/latihtal/public_html/agregator1/src/vendor/rmccue/requests/library/Requests/Session.php(132): Requests_Session->request()
#4 /home/latihtal/public_html/agregator1/src/drivers/Http/RssImporter.php(144): Requests_Session->get()
#5 /home/latihtal/public_html/agregator1/src/controllers/Dashboard/DashboardFeedsController.php(534): spark\drivers\Http\RssImporter->fetchPosts()
#6 /home/latihtal/public_html/agregator1/src/controllers/Site/SiteController.php(722): spark\controllers\Dashboard\DashboardFeedsController::importFeedPosts()
#7 [internal function]: spark\controllers\Site\SiteController->runTasks()
#8 /home/latihtal/public_html/agregator1/src/framework/Route.php(173): call_user_func_array()
#9 [internal function]: Slim\Route->Slim\{closure}()
#10 /home/latihtal/public_html/agregator1/src/framework/Route.php(468): call_user_func_array()
#11 /home/latihtal/public_html/agregator1/src/framework/Slim.php(1364): Slim\Route->dispatch()
#12 /home/latihtal/public_html/agregator1/src/framework/Middleware/Flash.php(85): Slim\Slim->call()
#13 /home/latihtal/public_html/agregator1/src/framework/Middleware/MethodOverride.php(92): Slim\Middleware\Flash->call()
#14 /home/latihtal/public_html/agregator1/src/middlewares/CsrfGuard/CsrfGuard.php(47): Slim\Middleware\MethodOverride->call()
#15 /home/latihtal/public_html/agregator1/src/framework/Middleware/PrettyExceptions.php(67): spark\middlewares\CsrfGuard\CsrfGuard->call()
#16 /home/latihtal/public_html/agregator1/src/framework/Slim.php(1308): Slim\Middleware\PrettyExceptions->call()
#17 /home/latihtal/public_html/agregator1/index.php(6): Slim\Slim->run()
#18 {main} [] []
[2025-02-28 15:29:02] SlimMonoLogger.INFO: Cron ran at: 28-02-2025 03:29:02 PM [] []
[2025-02-28 15:30:36] SlimMonoLogger.INFO: Cron ran at: 28-02-2025 03:30:36 PM [] []
[2025-02-28 15:33:37] SlimMonoLogger.ERROR: Requests_Exception: cURL error 28: Connection timed out after 500002 milliseconds in /home/latihtal/public_html/agregator1/src/vendor/rmccue/requests/library/Requests/Transport/cURL.php:422
Stack trace:
#0 /home/latihtal/public_html/agregator1/src/vendor/rmccue/requests/library/Requests/Transport/cURL.php(177): Requests_Transport_cURL->process_response()
#1 /home/latihtal/public_html/agregator1/src/vendor/rmccue/requests/library/Requests.php(379): Requests_Transport_cURL->request()
#2 /home/latihtal/public_html/agregator1/src/vendor/rmccue/requests/library/Requests/Session.php(205): Requests::request()
#3 /home/latihtal/public_html/agregator1/src/vendor/rmccue/requests/library/Requests/Session.php(132): Requests_Session->request()
#4 /home/latihtal/public_html/agregator1/src/drivers/Http/RssImporter.php(144): Requests_Session->get()
#5 /home/latihtal/public_html/agregator1/src/controllers/Dashboard/DashboardFeedsController.php(534): spark\drivers\Http\RssImporter->fetchPosts()
#6 /home/latihtal/public_html/agregator1/src/controllers/Site/SiteController.php(722): spark\controllers\Dashboard\DashboardFeedsController::importFeedPosts()
#7 [internal function]: spark\controllers\Site\SiteController->runTasks()
#8 /home/latihtal/public_html/agregator1/src/framework/Route.php(173): call_user_func_array()
#9 [internal function]: Slim\Route->Slim\{closure}()
#10 /home/latihtal/public_html/agregator1/src/framework/Route.php(468): call_user_func_array()
#11 /home/latihtal/public_html/agregator1/src/framework/Slim.php(1364): Slim\Route->dispatch()
#12 /home/latihtal/public_html/agregator1/src/framework/Middleware/Flash.php(85): Slim\Slim->call()
#13 /home/latihtal/public_html/agregator1/src/framework/Middleware/MethodOverride.php(92): Slim\Middleware\Flash->call()
#14 /home/latihtal/public_html/agregator1/src/middlewares/CsrfGuard/CsrfGuard.php(47): Slim\Middleware\MethodOverride->call()
#15 /home/latihtal/public_html/agregator1/src/framework/Middleware/PrettyExceptions.php(67): spark\middlewares\CsrfGuard\CsrfGuard->call()
#16 /home/latihtal/public_html/agregator1/src/framework/Slim.php(1308): Slim\Middleware\PrettyExceptions->call()
#17 /home/latihtal/public_html/agregator1/index.php(6): Slim\Slim->run()
#18 {main} [] []
[2025-02-28 15:34:03] SlimMonoLogger.INFO: Cron ran at: 28-02-2025 03:34:03 PM [] []
[2025-02-28 15:35:37] SlimMonoLogger.INFO: Cron ran at: 28-02-2025 03:35:37 PM [] []
[2025-02-28 15:40:35] SlimMonoLogger.INFO: Cron ran at: 28-02-2025 03:40:35 PM [] []
[2025-02-28 15:45:32] SlimMonoLogger.INFO: Cron ran at: 28-02-2025 03:45:32 PM [] []
[2025-02-28 15:50:41] SlimMonoLogger.INFO: Cron ran at: 28-02-2025 03:50:41 PM [] []
[2025-02-28 15:55:46] SlimMonoLogger.INFO: Cron ran at: 28-02-2025 03:55:46 PM [] []
[2025-02-28 16:05:42] SlimMonoLogger.INFO: Cron ran at: 28-02-2025 04:05:42 PM [] []
[2025-02-28 16:08:41] SlimMonoLogger.ERROR: Requests_Exception: cURL error 28: Connection timed out after 500006 milliseconds in /home/latihtal/public_html/agregator1/src/vendor/rmccue/requests/library/Requests/Transport/cURL.php:422
Stack trace:
#0 /home/latihtal/public_html/agregator1/src/vendor/rmccue/requests/library/Requests/Transport/cURL.php(177): Requests_Transport_cURL->process_response()
#1 /home/latihtal/public_html/agregator1/src/vendor/rmccue/requests/library/Requests.php(379): Requests_Transport_cURL->request()
#2 /home/latihtal/public_html/agregator1/src/vendor/rmccue/requests/library/Requests/Session.php(205): Requests::request()
#3 /home/latihtal/public_html/agregator1/src/vendor/rmccue/requests/library/Requests/Session.php(132): Requests_Session->request()
#4 /home/latihtal/public_html/agregator1/src/drivers/Http/RssImporter.php(144): Requests_Session->get()
#5 /home/latihtal/public_html/agregator1/src/controllers/Dashboard/DashboardFeedsController.php(534): spark\drivers\Http\RssImporter->fetchPosts()
#6 /home/latihtal/public_html/agregator1/src/controllers/Site/SiteController.php(722): spark\controllers\Dashboard\DashboardFeedsController::importFeedPosts()
#7 [internal function]: spark\controllers\Site\SiteController->runTasks()
#8 /home/latihtal/public_html/agregator1/src/framework/Route.php(173): call_user_func_array()
#9 [internal function]: Slim\Route->Slim\{closure}()
#10 /home/latihtal/public_html/agregator1/src/framework/Route.php(468): call_user_func_array()
#11 /home/latihtal/public_html/agregator1/src/framework/Slim.php(1364): Slim\Route->dispatch()
#12 /home/latihtal/public_html/agregator1/src/framework/Middleware/Flash.php(85): Slim\Slim->call()
#13 /home/latihtal/public_html/agregator1/src/framework/Middleware/MethodOverride.php(92): Slim\Middleware\Flash->call()
#14 /home/latihtal/public_html/agregator1/src/middlewares/CsrfGuard/CsrfGuard.php(47): Slim\Middleware\MethodOverride->call()
#15 /home/latihtal/public_html/agregator1/src/framework/Middleware/PrettyExceptions.php(67): spark\middlewares\CsrfGuard\CsrfGuard->call()
#16 /home/latihtal/public_html/agregator1/src/framework/Slim.php(1308): Slim\Middleware\PrettyExceptions->call()
#17 /home/latihtal/public_html/agregator1/index.php(6): Slim\Slim->run()
#18 {main} [] []
[2025-02-28 16:09:04] SlimMonoLogger.INFO: Cron ran at: 28-02-2025 04:09:04 PM [] []
[2025-02-28 16:13:01] SlimMonoLogger.INFO: Cron ran at: 28-02-2025 04:13:01 PM [] []
[2025-02-28 16:15:39] SlimMonoLogger.INFO: Cron ran at: 28-02-2025 04:15:39 PM [] []
[2025-02-28 16:20:40] SlimMonoLogger.INFO: Cron ran at: 28-02-2025 04:20:40 PM [] []
[2025-02-28 16:25:31] SlimMonoLogger.INFO: Cron ran at: 28-02-2025 04:25:31 PM [] []
[2025-02-28 16:30:45] SlimMonoLogger.INFO: Cron ran at: 28-02-2025 04:30:45 PM [] []
[2025-02-28 16:35:40] SlimMonoLogger.INFO: Cron ran at: 28-02-2025 04:35:40 PM [] []
[2025-02-28 16:40:42] SlimMonoLogger.INFO: Cron ran at: 28-02-2025 04:40:42 PM [] []
[2025-02-28 16:45:33] SlimMonoLogger.INFO: Cron ran at: 28-02-2025 04:45:33 PM [] []
[2025-02-28 16:50:33] SlimMonoLogger.INFO: Cron ran at: 28-02-2025 04:50:33 PM [] []
[2025-02-28 16:55:34] SlimMonoLogger.INFO: Cron ran at: 28-02-2025 04:55:34 PM [] []
[2025-02-28 17:00:43] SlimMonoLogger.INFO: Cron ran at: 28-02-2025 05:00:43 PM [] []
[2025-02-28 17:05:35] SlimMonoLogger.INFO: Cron ran at: 28-02-2025 05:05:35 PM [] []
[2025-02-28 17:10:41] SlimMonoLogger.INFO: Cron ran at: 28-02-2025 05:10:41 PM [] []
[2025-02-28 17:15:40] SlimMonoLogger.INFO: Cron ran at: 28-02-2025 05:15:40 PM [] []
[2025-02-28 17:20:37] SlimMonoLogger.INFO: Cron ran at: 28-02-2025 05:20:37 PM [] []
[2025-02-28 17:25:40] SlimMonoLogger.INFO: Cron ran at: 28-02-2025 05:25:40 PM [] []
[2025-02-28 17:30:41] SlimMonoLogger.INFO: Cron ran at: 28-02-2025 05:30:41 PM [] []
[2025-02-28 17:35:36] SlimMonoLogger.INFO: Cron ran at: 28-02-2025 05:35:36 PM [] []
[2025-02-28 17:40:43] SlimMonoLogger.INFO: Cron ran at: 28-02-2025 05:40:43 PM [] []
[2025-02-28 17:45:45] SlimMonoLogger.INFO: Cron ran at: 28-02-2025 05:45:45 PM [] []
[2025-02-28 17:50:41] SlimMonoLogger.INFO: Cron ran at: 28-02-2025 05:50:41 PM [] []
[2025-02-28 17:55:31] SlimMonoLogger.INFO: Cron ran at: 28-02-2025 05:55:31 PM [] []
[2025-02-28 18:00:34] SlimMonoLogger.INFO: Cron ran at: 28-02-2025 06:00:34 PM [] []
[2025-02-28 18:05:33] SlimMonoLogger.INFO: Cron ran at: 28-02-2025 06:05:33 PM [] []
[2025-02-28 18:10:36] SlimMonoLogger.INFO: Cron ran at: 28-02-2025 06:10:36 PM [] []
[2025-02-28 18:15:37] SlimMonoLogger.INFO: Cron ran at: 28-02-2025 06:15:37 PM [] []
[2025-02-28 18:20:33] SlimMonoLogger.INFO: Cron ran at: 28-02-2025 06:20:33 PM [] []
[2025-02-28 18:25:34] SlimMonoLogger.INFO: Cron ran at: 28-02-2025 06:25:34 PM [] []
[2025-02-28 18:30:33] SlimMonoLogger.INFO: Cron ran at: 28-02-2025 06:30:33 PM [] []
[2025-02-28 18:35:37] SlimMonoLogger.INFO: Cron ran at: 28-02-2025 06:35:37 PM [] []
[2025-02-28 18:40:36] SlimMonoLogger.INFO: Cron ran at: 28-02-2025 06:40:36 PM [] []
[2025-02-28 18:45:28] SlimMonoLogger.INFO: Cron ran at: 28-02-2025 06:45:28 PM [] []
[2025-02-28 18:50:27] SlimMonoLogger.INFO: Cron ran at: 28-02-2025 06:50:27 PM [] []
[2025-02-28 18:55:35] SlimMonoLogger.INFO: Cron ran at: 28-02-2025 06:55:35 PM [] []
[2025-02-28 19:00:38] SlimMonoLogger.INFO: Cron ran at: 28-02-2025 07:00:38 PM [] []
[2025-02-28 19:05:45] SlimMonoLogger.INFO: Cron ran at: 28-02-2025 07:05:45 PM [] []
[2025-02-28 19:10:32] SlimMonoLogger.INFO: Cron ran at: 28-02-2025 07:10:32 PM [] []
[2025-02-28 19:15:33] SlimMonoLogger.INFO: Cron ran at: 28-02-2025 07:15:33 PM [] []
[2025-02-28 19:20:36] SlimMonoLogger.INFO: Cron ran at: 28-02-2025 07:20:36 PM [] []
[2025-02-28 19:25:29] SlimMonoLogger.INFO: Cron ran at: 28-02-2025 07:25:29 PM [] []
[2025-02-28 19:30:47] SlimMonoLogger.INFO: Cron ran at: 28-02-2025 07:30:47 PM [] []
[2025-02-28 19:35:34] SlimMonoLogger.INFO: Cron ran at: 28-02-2025 07:35:34 PM [] []
[2025-02-28 19:40:35] SlimMonoLogger.INFO: Cron ran at: 28-02-2025 07:40:35 PM [] []
[2025-02-28 19:45:38] SlimMonoLogger.INFO: Cron ran at: 28-02-2025 07:45:38 PM [] []
[2025-02-28 19:50:38] SlimMonoLogger.INFO: Cron ran at: 28-02-2025 07:50:38 PM [] []
[2025-02-28 19:55:37] SlimMonoLogger.INFO: Cron ran at: 28-02-2025 07:55:37 PM [] []
[2025-02-28 20:00:50] SlimMonoLogger.INFO: Cron ran at: 28-02-2025 08:00:50 PM [] []
[2025-02-28 20:05:40] SlimMonoLogger.INFO: Cron ran at: 28-02-2025 08:05:40 PM [] []
[2025-02-28 20:10:38] SlimMonoLogger.INFO: Cron ran at: 28-02-2025 08:10:38 PM [] []
[2025-02-28 20:15:30] SlimMonoLogger.INFO: Cron ran at: 28-02-2025 08:15:30 PM [] []
[2025-02-28 20:20:36] SlimMonoLogger.INFO: Cron ran at: 28-02-2025 08:20:36 PM [] []
[2025-02-28 20:25:32] SlimMonoLogger.INFO: Cron ran at: 28-02-2025 08:25:32 PM [] []
[2025-02-28 20:30:52] SlimMonoLogger.INFO: Cron ran at: 28-02-2025 08:30:52 PM [] []
[2025-02-28 20:35:41] SlimMonoLogger.INFO: Cron ran at: 28-02-2025 08:35:41 PM [] []
[2025-02-28 20:40:39] SlimMonoLogger.INFO: Cron ran at: 28-02-2025 08:40:39 PM [] []
[2025-02-28 20:45:38] SlimMonoLogger.INFO: Cron ran at: 28-02-2025 08:45:38 PM [] []
[2025-02-28 20:50:39] SlimMonoLogger.INFO: Cron ran at: 28-02-2025 08:50:39 PM [] []
[2025-02-28 20:55:35] SlimMonoLogger.INFO: Cron ran at: 28-02-2025 08:55:35 PM [] []
[2025-02-28 21:00:40] SlimMonoLogger.INFO: Cron ran at: 28-02-2025 09:00:40 PM [] []
[2025-02-28 21:05:38] SlimMonoLogger.INFO: Cron ran at: 28-02-2025 09:05:38 PM [] []
[2025-02-28 21:10:42] SlimMonoLogger.INFO: Cron ran at: 28-02-2025 09:10:42 PM [] []
[2025-02-28 21:15:38] SlimMonoLogger.INFO: Cron ran at: 28-02-2025 09:15:38 PM [] []
[2025-02-28 21:20:32] SlimMonoLogger.INFO: Cron ran at: 28-02-2025 09:20:32 PM [] []
[2025-02-28 21:25:40] SlimMonoLogger.INFO: Cron ran at: 28-02-2025 09:25:40 PM [] []
[2025-02-28 21:30:31] SlimMonoLogger.INFO: Cron ran at: 28-02-2025 09:30:31 PM [] []
[2025-02-28 21:35:40] SlimMonoLogger.INFO: Cron ran at: 28-02-2025 09:35:40 PM [] []
[2025-02-28 21:40:36] SlimMonoLogger.INFO: Cron ran at: 28-02-2025 09:40:36 PM [] []
[2025-02-28 21:45:40] SlimMonoLogger.INFO: Cron ran at: 28-02-2025 09:45:40 PM [] []
[2025-02-28 21:50:40] SlimMonoLogger.INFO: Cron ran at: 28-02-2025 09:50:40 PM [] []
[2025-02-28 21:55:40] SlimMonoLogger.INFO: Cron ran at: 28-02-2025 09:55:40 PM [] []
[2025-02-28 22:00:34] SlimMonoLogger.INFO: Cron ran at: 28-02-2025 10:00:34 PM [] []
[2025-02-28 22:05:47] SlimMonoLogger.INFO: Cron ran at: 28-02-2025 10:05:47 PM [] []
[2025-02-28 22:10:28] SlimMonoLogger.INFO: Cron ran at: 28-02-2025 10:10:28 PM [] []
[2025-02-28 22:15:41] SlimMonoLogger.INFO: Cron ran at: 28-02-2025 10:15:41 PM [] []
[2025-02-28 22:20:12] SlimMonoLogger.ERROR: PDOException: SQLSTATE[HY000]: General error: 2013 Lost connection to server during query in /home/latihtal/public_html/agregator1/src/framework/PDO/Statement/StatementContainer.php:518
Stack trace:
#0 /home/latihtal/public_html/agregator1/src/framework/PDO/Statement/StatementContainer.php(518): PDO->prepare()
#1 /home/latihtal/public_html/agregator1/src/framework/PDO/Statement/StatementContainer.php(428): Slim\PDO\Statement\StatementContainer->getStatement()
#2 /home/latihtal/public_html/agregator1/src/framework/PDO/Statement/SelectStatement.php(411): Slim\PDO\Statement\StatementContainer->execute()
#3 /home/latihtal/public_html/agregator1/src/controllers/frontend_task.php(16): Slim\PDO\Statement\SelectStatement->execute()
#4 /home/latihtal/public_html/agregator1/src/controllers/Controller.php(78): require('/home/latihtal/...')
#5 /home/latihtal/public_html/agregator1/src/controllers/Site/SiteController.php(38): spark\controllers\Controller->__construct()
#6 /home/latihtal/public_html/agregator1/src/framework/Route.php(171): spark\controllers\Site\SiteController->__construct()
#7 [internal function]: Slim\Route->Slim\{closure}()
#8 /home/latihtal/public_html/agregator1/src/framework/Route.php(468): call_user_func_array()
#9 /home/latihtal/public_html/agregator1/src/framework/Slim.php(1364): Slim\Route->dispatch()
#10 /home/latihtal/public_html/agregator1/src/framework/Middleware/Flash.php(85): Slim\Slim->call()
#11 /home/latihtal/public_html/agregator1/src/framework/Middleware/MethodOverride.php(92): Slim\Middleware\Flash->call()
#12 /home/latihtal/public_html/agregator1/src/middlewares/CsrfGuard/CsrfGuard.php(47): Slim\Middleware\MethodOverride->call()
#13 /home/latihtal/public_html/agregator1/src/framework/Middleware/PrettyExceptions.php(67): spark\middlewares\CsrfGuard\CsrfGuard->call()
#14 /home/latihtal/public_html/agregator1/src/framework/Slim.php(1308): Slim\Middleware\PrettyExceptions->call()
#15 /home/latihtal/public_html/agregator1/index.php(6): Slim\Slim->run()
#16 {main} [] []
[2025-02-28 22:25:33] SlimMonoLogger.INFO: Cron ran at: 28-02-2025 10:25:33 PM [] []
[2025-02-28 22:30:30] SlimMonoLogger.INFO: Cron ran at: 28-02-2025 10:30:30 PM [] []
[2025-02-28 22:35:29] SlimMonoLogger.INFO: Cron ran at: 28-02-2025 10:35:29 PM [] []
[2025-02-28 22:40:30] SlimMonoLogger.INFO: Cron ran at: 28-02-2025 10:40:30 PM [] []
[2025-02-28 22:45:35] SlimMonoLogger.INFO: Cron ran at: 28-02-2025 10:45:35 PM [] []
[2025-02-28 22:50:34] SlimMonoLogger.INFO: Cron ran at: 28-02-2025 10:50:34 PM [] []
[2025-02-28 22:55:34] SlimMonoLogger.INFO: Cron ran at: 28-02-2025 10:55:34 PM [] []
[2025-02-28 23:00:37] SlimMonoLogger.INFO: Cron ran at: 28-02-2025 11:00:37 PM [] []
[2025-02-28 23:05:33] SlimMonoLogger.INFO: Cron ran at: 28-02-2025 11:05:33 PM [] []
[2025-02-28 23:10:34] SlimMonoLogger.INFO: Cron ran at: 28-02-2025 11:10:34 PM [] []
[2025-02-28 23:15:39] SlimMonoLogger.INFO: Cron ran at: 28-02-2025 11:15:39 PM [] []
[2025-02-28 23:20:34] SlimMonoLogger.INFO: Cron ran at: 28-02-2025 11:20:34 PM [] []
[2025-02-28 23:25:31] SlimMonoLogger.INFO: Cron ran at: 28-02-2025 11:25:31 PM [] []
[2025-02-28 23:30:43] SlimMonoLogger.INFO: Cron ran at: 28-02-2025 11:30:43 PM [] []
[2025-02-28 23:35:37] SlimMonoLogger.INFO: Cron ran at: 28-02-2025 11:35:37 PM [] []
[2025-02-28 23:40:30] SlimMonoLogger.INFO: Cron ran at: 28-02-2025 11:40:30 PM [] []
[2025-02-28 23:45:30] SlimMonoLogger.INFO: Cron ran at: 28-02-2025 11:45:30 PM [] []
[2025-02-28 23:50:30] SlimMonoLogger.INFO: Cron ran at: 28-02-2025 11:50:30 PM [] []
[2025-02-28 23:55:29] SlimMonoLogger.INFO: Cron ran at: 28-02-2025 11:55:29 PM [] []
[2025-03-01 00:00:37] SlimMonoLogger.INFO: Cron ran at: 01-03-2025 12:00:37 AM [] []
[2025-03-01 00:05:31] SlimMonoLogger.INFO: Cron ran at: 01-03-2025 12:05:31 AM [] []
[2025-03-01 00:10:38] SlimMonoLogger.INFO: Cron ran at: 01-03-2025 12:10:38 AM [] []
[2025-03-01 00:15:32] SlimMonoLogger.INFO: Cron ran at: 01-03-2025 12:15:32 AM [] []
[2025-03-01 00:20:38] SlimMonoLogger.INFO: Cron ran at: 01-03-2025 12:20:38 AM [] []
[2025-03-01 00:25:31] SlimMonoLogger.INFO: Cron ran at: 01-03-2025 12:25:31 AM [] []
[2025-03-01 00:30:38] SlimMonoLogger.INFO: Cron ran at: 01-03-2025 12:30:38 AM [] []
[2025-03-01 00:35:37] SlimMonoLogger.INFO: Cron ran at: 01-03-2025 12:35:37 AM [] []
[2025-03-01 00:40:36] SlimMonoLogger.INFO: Cron ran at: 01-03-2025 12:40:36 AM [] []
[2025-03-01 00:45:41] SlimMonoLogger.INFO: Cron ran at: 01-03-2025 12:45:41 AM [] []
[2025-03-01 00:50:39] SlimMonoLogger.INFO: Cron ran at: 01-03-2025 12:50:39 AM [] []
[2025-03-01 00:55:39] SlimMonoLogger.INFO: Cron ran at: 01-03-2025 12:55:39 AM [] []
