[2025-03-28 01:00:32] SlimMonoLogger.INFO: Cron ran at: 28-03-2025 01:00:32 AM [] []
[2025-03-28 01:05:31] SlimMonoLogger.INFO: Cron ran at: 28-03-2025 01:05:31 AM [] []
[2025-03-28 01:10:29] SlimMonoLogger.INFO: Cron ran at: 28-03-2025 01:10:29 AM [] []
[2025-03-28 01:15:45] SlimMonoLogger.INFO: Cron ran at: 28-03-2025 01:15:45 AM [] []
[2025-03-28 01:20:10] SlimMonoLogger.ERROR: Requests_Exception: cURL error 56: Recv failure: Connection reset by peer in /home/latihtal/public_html/agregator1/src/vendor/rmccue/requests/library/Requests/Transport/cURL.php:422
Stack trace:
#0 /home/latihtal/public_html/agregator1/src/vendor/rmccue/requests/library/Requests/Transport/cURL.php(177): Requests_Transport_cURL->process_response()
#1 /home/latihtal/public_html/agregator1/src/vendor/rmccue/requests/library/Requests.php(379): Requests_Transport_cURL->request()
#2 /home/latihtal/public_html/agregator1/src/vendor/rmccue/requests/library/Requests/Session.php(205): Requests::request()
#3 /home/latihtal/public_html/agregator1/src/vendor/rmccue/requests/library/Requests/Session.php(132): Requests_Session->request()
#4 /home/latihtal/public_html/agregator1/src/drivers/Http/RssImporter.php(144): Requests_Session->get()
#5 /home/latihtal/public_html/agregator1/src/controllers/Dashboard/DashboardFeedsController.php(534): spark\drivers\Http\RssImporter->fetchPosts()
#6 /home/latihtal/public_html/agregator1/src/controllers/Site/SiteController.php(722): spark\controllers\Dashboard\DashboardFeedsController::importFeedPosts()
#7 [internal function]: spark\controllers\Site\SiteController->runTasks()
#8 /home/latihtal/public_html/agregator1/src/framework/Route.php(173): call_user_func_array()
#9 [internal function]: Slim\Route->Slim\{closure}()
#10 /home/latihtal/public_html/agregator1/src/framework/Route.php(468): call_user_func_array()
#11 /home/latihtal/public_html/agregator1/src/framework/Slim.php(1364): Slim\Route->dispatch()
#12 /home/latihtal/public_html/agregator1/src/framework/Middleware/Flash.php(85): Slim\Slim->call()
#13 /home/latihtal/public_html/agregator1/src/framework/Middleware/MethodOverride.php(92): Slim\Middleware\Flash->call()
#14 /home/latihtal/public_html/agregator1/src/middlewares/CsrfGuard/CsrfGuard.php(47): Slim\Middleware\MethodOverride->call()
#15 /home/latihtal/public_html/agregator1/src/framework/Middleware/PrettyExceptions.php(67): spark\middlewares\CsrfGuard\CsrfGuard->call()
#16 /home/latihtal/public_html/agregator1/src/framework/Slim.php(1308): Slim\Middleware\PrettyExceptions->call()
#17 /home/latihtal/public_html/agregator1/index.php(6): Slim\Slim->run()
#18 {main} [] []
[2025-03-28 01:20:37] SlimMonoLogger.INFO: Cron ran at: 28-03-2025 01:20:37 AM [] []
[2025-03-28 01:25:28] SlimMonoLogger.INFO: Cron ran at: 28-03-2025 01:25:28 AM [] []
[2025-03-28 01:30:34] SlimMonoLogger.INFO: Cron ran at: 28-03-2025 01:30:34 AM [] []
[2025-03-28 01:35:25] SlimMonoLogger.INFO: Cron ran at: 28-03-2025 01:35:25 AM [] []
[2025-03-28 01:40:30] SlimMonoLogger.INFO: Cron ran at: 28-03-2025 01:40:30 AM [] []
[2025-03-28 01:47:28] SlimMonoLogger.ERROR: Requests_Exception: cURL error 28: Failed to connect to antropol.mk port 443 after 130589 ms: Could not connect to server in /home/latihtal/public_html/agregator1/src/vendor/rmccue/requests/library/Requests/Transport/cURL.php:422
Stack trace:
#0 /home/latihtal/public_html/agregator1/src/vendor/rmccue/requests/library/Requests/Transport/cURL.php(177): Requests_Transport_cURL->process_response()
#1 /home/latihtal/public_html/agregator1/src/vendor/rmccue/requests/library/Requests.php(379): Requests_Transport_cURL->request()
#2 /home/latihtal/public_html/agregator1/src/vendor/rmccue/requests/library/Requests/Session.php(205): Requests::request()
#3 /home/latihtal/public_html/agregator1/src/vendor/rmccue/requests/library/Requests/Session.php(132): Requests_Session->request()
#4 /home/latihtal/public_html/agregator1/src/drivers/Http/RssImporter.php(144): Requests_Session->get()
#5 /home/latihtal/public_html/agregator1/src/controllers/Dashboard/DashboardFeedsController.php(534): spark\drivers\Http\RssImporter->fetchPosts()
#6 /home/latihtal/public_html/agregator1/src/controllers/Site/SiteController.php(722): spark\controllers\Dashboard\DashboardFeedsController::importFeedPosts()
#7 [internal function]: spark\controllers\Site\SiteController->runTasks()
#8 /home/latihtal/public_html/agregator1/src/framework/Route.php(173): call_user_func_array()
#9 [internal function]: Slim\Route->Slim\{closure}()
#10 /home/latihtal/public_html/agregator1/src/framework/Route.php(468): call_user_func_array()
#11 /home/latihtal/public_html/agregator1/src/framework/Slim.php(1364): Slim\Route->dispatch()
#12 /home/latihtal/public_html/agregator1/src/framework/Middleware/Flash.php(85): Slim\Slim->call()
#13 /home/latihtal/public_html/agregator1/src/framework/Middleware/MethodOverride.php(92): Slim\Middleware\Flash->call()
#14 /home/latihtal/public_html/agregator1/src/middlewares/CsrfGuard/CsrfGuard.php(47): Slim\Middleware\MethodOverride->call()
#15 /home/latihtal/public_html/agregator1/src/framework/Middleware/PrettyExceptions.php(67): spark\middlewares\CsrfGuard\CsrfGuard->call()
#16 /home/latihtal/public_html/agregator1/src/framework/Slim.php(1308): Slim\Middleware\PrettyExceptions->call()
#17 /home/latihtal/public_html/agregator1/index.php(6): Slim\Slim->run()
#18 {main} [] []
[2025-03-28 01:47:43] SlimMonoLogger.INFO: Cron ran at: 28-03-2025 01:47:43 AM [] []
[2025-03-28 01:50:31] SlimMonoLogger.INFO: Cron ran at: 28-03-2025 01:50:31 AM [] []
[2025-03-28 01:55:57] SlimMonoLogger.INFO: Cron ran at: 28-03-2025 01:55:57 AM [] []
[2025-03-28 02:00:34] SlimMonoLogger.INFO: Cron ran at: 28-03-2025 02:00:34 AM [] []
[2025-03-28 02:07:24] SlimMonoLogger.ERROR: Requests_Exception: cURL error 28: Failed to connect to antropol.mk port 443 after 132374 ms: Could not connect to server in /home/latihtal/public_html/agregator1/src/vendor/rmccue/requests/library/Requests/Transport/cURL.php:422
Stack trace:
#0 /home/latihtal/public_html/agregator1/src/vendor/rmccue/requests/library/Requests/Transport/cURL.php(177): Requests_Transport_cURL->process_response()
#1 /home/latihtal/public_html/agregator1/src/vendor/rmccue/requests/library/Requests.php(379): Requests_Transport_cURL->request()
#2 /home/latihtal/public_html/agregator1/src/vendor/rmccue/requests/library/Requests/Session.php(205): Requests::request()
#3 /home/latihtal/public_html/agregator1/src/vendor/rmccue/requests/library/Requests/Session.php(132): Requests_Session->request()
#4 /home/latihtal/public_html/agregator1/src/drivers/Http/RssImporter.php(144): Requests_Session->get()
#5 /home/latihtal/public_html/agregator1/src/controllers/Dashboard/DashboardFeedsController.php(534): spark\drivers\Http\RssImporter->fetchPosts()
#6 /home/latihtal/public_html/agregator1/src/controllers/Site/SiteController.php(722): spark\controllers\Dashboard\DashboardFeedsController::importFeedPosts()
#7 [internal function]: spark\controllers\Site\SiteController->runTasks()
#8 /home/latihtal/public_html/agregator1/src/framework/Route.php(173): call_user_func_array()
#9 [internal function]: Slim\Route->Slim\{closure}()
#10 /home/latihtal/public_html/agregator1/src/framework/Route.php(468): call_user_func_array()
#11 /home/latihtal/public_html/agregator1/src/framework/Slim.php(1364): Slim\Route->dispatch()
#12 /home/latihtal/public_html/agregator1/src/framework/Middleware/Flash.php(85): Slim\Slim->call()
#13 /home/latihtal/public_html/agregator1/src/framework/Middleware/MethodOverride.php(92): Slim\Middleware\Flash->call()
#14 /home/latihtal/public_html/agregator1/src/middlewares/CsrfGuard/CsrfGuard.php(47): Slim\Middleware\MethodOverride->call()
#15 /home/latihtal/public_html/agregator1/src/framework/Middleware/PrettyExceptions.php(67): spark\middlewares\CsrfGuard\CsrfGuard->call()
#16 /home/latihtal/public_html/agregator1/src/framework/Slim.php(1308): Slim\Middleware\PrettyExceptions->call()
#17 /home/latihtal/public_html/agregator1/index.php(6): Slim\Slim->run()
#18 {main} [] []
[2025-03-28 02:07:41] SlimMonoLogger.INFO: Cron ran at: 28-03-2025 02:07:41 AM [] []
[2025-03-28 02:10:40] SlimMonoLogger.INFO: Cron ran at: 28-03-2025 02:10:40 AM [] []
[2025-03-28 02:15:35] SlimMonoLogger.INFO: Cron ran at: 28-03-2025 02:15:35 AM [] []
[2025-03-28 02:20:34] SlimMonoLogger.INFO: Cron ran at: 28-03-2025 02:20:34 AM [] []
[2025-03-28 02:25:29] SlimMonoLogger.INFO: Cron ran at: 28-03-2025 02:25:29 AM [] []
[2025-03-28 02:30:28] SlimMonoLogger.INFO: Cron ran at: 28-03-2025 02:30:28 AM [] []
[2025-03-28 02:35:30] SlimMonoLogger.INFO: Cron ran at: 28-03-2025 02:35:30 AM [] []
[2025-03-28 02:40:33] SlimMonoLogger.INFO: Cron ran at: 28-03-2025 02:40:33 AM [] []
[2025-03-28 02:45:43] SlimMonoLogger.INFO: Cron ran at: 28-03-2025 02:45:43 AM [] []
[2025-03-28 02:50:33] SlimMonoLogger.INFO: Cron ran at: 28-03-2025 02:50:33 AM [] []
[2025-03-28 02:55:41] SlimMonoLogger.INFO: Cron ran at: 28-03-2025 02:55:41 AM [] []
[2025-03-28 03:02:25] SlimMonoLogger.ERROR: Requests_Exception: cURL error 28: Failed to connect to antropol.mk port 443 after 131778 ms: Could not connect to server in /home/latihtal/public_html/agregator1/src/vendor/rmccue/requests/library/Requests/Transport/cURL.php:422
Stack trace:
#0 /home/latihtal/public_html/agregator1/src/vendor/rmccue/requests/library/Requests/Transport/cURL.php(177): Requests_Transport_cURL->process_response()
#1 /home/latihtal/public_html/agregator1/src/vendor/rmccue/requests/library/Requests.php(379): Requests_Transport_cURL->request()
#2 /home/latihtal/public_html/agregator1/src/vendor/rmccue/requests/library/Requests/Session.php(205): Requests::request()
#3 /home/latihtal/public_html/agregator1/src/vendor/rmccue/requests/library/Requests/Session.php(132): Requests_Session->request()
#4 /home/latihtal/public_html/agregator1/src/drivers/Http/RssImporter.php(144): Requests_Session->get()
#5 /home/latihtal/public_html/agregator1/src/controllers/Dashboard/DashboardFeedsController.php(534): spark\drivers\Http\RssImporter->fetchPosts()
#6 /home/latihtal/public_html/agregator1/src/controllers/Site/SiteController.php(722): spark\controllers\Dashboard\DashboardFeedsController::importFeedPosts()
#7 [internal function]: spark\controllers\Site\SiteController->runTasks()
#8 /home/latihtal/public_html/agregator1/src/framework/Route.php(173): call_user_func_array()
#9 [internal function]: Slim\Route->Slim\{closure}()
#10 /home/latihtal/public_html/agregator1/src/framework/Route.php(468): call_user_func_array()
#11 /home/latihtal/public_html/agregator1/src/framework/Slim.php(1364): Slim\Route->dispatch()
#12 /home/latihtal/public_html/agregator1/src/framework/Middleware/Flash.php(85): Slim\Slim->call()
#13 /home/latihtal/public_html/agregator1/src/framework/Middleware/MethodOverride.php(92): Slim\Middleware\Flash->call()
#14 /home/latihtal/public_html/agregator1/src/middlewares/CsrfGuard/CsrfGuard.php(47): Slim\Middleware\MethodOverride->call()
#15 /home/latihtal/public_html/agregator1/src/framework/Middleware/PrettyExceptions.php(67): spark\middlewares\CsrfGuard\CsrfGuard->call()
#16 /home/latihtal/public_html/agregator1/src/framework/Slim.php(1308): Slim\Middleware\PrettyExceptions->call()
#17 /home/latihtal/public_html/agregator1/index.php(6): Slim\Slim->run()
#18 {main} [] []
[2025-03-28 03:02:40] SlimMonoLogger.INFO: Cron ran at: 28-03-2025 03:02:40 AM [] []
[2025-03-28 03:05:45] SlimMonoLogger.INFO: Cron ran at: 28-03-2025 03:05:45 AM [] []
[2025-03-28 03:10:28] SlimMonoLogger.INFO: Cron ran at: 28-03-2025 03:10:28 AM [] []
[2025-03-28 03:15:39] SlimMonoLogger.INFO: Cron ran at: 28-03-2025 03:15:39 AM [] []
[2025-03-28 03:20:45] SlimMonoLogger.INFO: Cron ran at: 28-03-2025 03:20:45 AM [] []
[2025-03-28 03:25:44] SlimMonoLogger.INFO: Cron ran at: 28-03-2025 03:25:44 AM [] []
[2025-03-28 03:30:55] SlimMonoLogger.INFO: Cron ran at: 28-03-2025 03:30:55 AM [] []
[2025-03-28 03:35:52] SlimMonoLogger.INFO: Cron ran at: 28-03-2025 03:35:52 AM [] []
[2025-03-28 03:41:03] SlimMonoLogger.INFO: Cron ran at: 28-03-2025 03:41:03 AM [] []
[2025-03-28 03:45:32] SlimMonoLogger.INFO: Cron ran at: 28-03-2025 03:45:32 AM [] []
[2025-03-28 03:50:32] SlimMonoLogger.INFO: Cron ran at: 28-03-2025 03:50:32 AM [] []
[2025-03-28 03:56:04] SlimMonoLogger.INFO: Cron ran at: 28-03-2025 03:56:04 AM [] []
[2025-03-28 04:00:35] SlimMonoLogger.INFO: Cron ran at: 28-03-2025 04:00:35 AM [] []
[2025-03-28 04:05:36] SlimMonoLogger.INFO: Cron ran at: 28-03-2025 04:05:36 AM [] []
[2025-03-28 04:10:34] SlimMonoLogger.INFO: Cron ran at: 28-03-2025 04:10:34 AM [] []
[2025-03-28 04:15:30] SlimMonoLogger.INFO: Cron ran at: 28-03-2025 04:15:30 AM [] []
[2025-03-28 04:20:30] SlimMonoLogger.INFO: Cron ran at: 28-03-2025 04:20:30 AM [] []
[2025-03-28 04:25:34] SlimMonoLogger.INFO: Cron ran at: 28-03-2025 04:25:34 AM [] []
[2025-03-28 04:30:36] SlimMonoLogger.INFO: Cron ran at: 28-03-2025 04:30:36 AM [] []
[2025-03-28 04:35:30] SlimMonoLogger.INFO: Cron ran at: 28-03-2025 04:35:30 AM [] []
[2025-03-28 04:40:38] SlimMonoLogger.INFO: Cron ran at: 28-03-2025 04:40:38 AM [] []
[2025-03-28 04:45:27] SlimMonoLogger.INFO: Cron ran at: 28-03-2025 04:45:27 AM [] []
[2025-03-28 04:50:33] SlimMonoLogger.INFO: Cron ran at: 28-03-2025 04:50:33 AM [] []
[2025-03-28 04:55:29] SlimMonoLogger.INFO: Cron ran at: 28-03-2025 04:55:29 AM [] []
[2025-03-28 05:00:36] SlimMonoLogger.INFO: Cron ran at: 28-03-2025 05:00:36 AM [] []
[2025-03-28 05:05:36] SlimMonoLogger.INFO: Cron ran at: 28-03-2025 05:05:36 AM [] []
[2025-03-28 05:10:28] SlimMonoLogger.INFO: Cron ran at: 28-03-2025 05:10:28 AM [] []
[2025-03-28 05:15:29] SlimMonoLogger.INFO: Cron ran at: 28-03-2025 05:15:29 AM [] []
[2025-03-28 05:20:30] SlimMonoLogger.INFO: Cron ran at: 28-03-2025 05:20:30 AM [] []
[2025-03-28 05:25:32] SlimMonoLogger.INFO: Cron ran at: 28-03-2025 05:25:32 AM [] []
[2025-03-28 05:30:30] SlimMonoLogger.INFO: Cron ran at: 28-03-2025 05:30:30 AM [] []
[2025-03-28 05:35:31] SlimMonoLogger.INFO: Cron ran at: 28-03-2025 05:35:31 AM [] []
[2025-03-28 05:40:27] SlimMonoLogger.INFO: Cron ran at: 28-03-2025 05:40:27 AM [] []
[2025-03-28 05:45:31] SlimMonoLogger.INFO: Cron ran at: 28-03-2025 05:45:31 AM [] []
[2025-03-28 05:50:26] SlimMonoLogger.INFO: Cron ran at: 28-03-2025 05:50:26 AM [] []
[2025-03-28 05:55:25] SlimMonoLogger.INFO: Cron ran at: 28-03-2025 05:55:25 AM [] []
[2025-03-28 06:00:35] SlimMonoLogger.INFO: Cron ran at: 28-03-2025 06:00:35 AM [] []
[2025-03-28 06:05:26] SlimMonoLogger.INFO: Cron ran at: 28-03-2025 06:05:26 AM [] []
[2025-03-28 06:10:23] SlimMonoLogger.INFO: Cron ran at: 28-03-2025 06:10:23 AM [] []
[2025-03-28 06:15:24] SlimMonoLogger.INFO: Cron ran at: 28-03-2025 06:15:24 AM [] []
[2025-03-28 06:20:25] SlimMonoLogger.INFO: Cron ran at: 28-03-2025 06:20:25 AM [] []
[2025-03-28 06:25:28] SlimMonoLogger.INFO: Cron ran at: 28-03-2025 06:25:28 AM [] []
[2025-03-28 06:30:27] SlimMonoLogger.INFO: Cron ran at: 28-03-2025 06:30:27 AM [] []
[2025-03-28 06:35:27] SlimMonoLogger.INFO: Cron ran at: 28-03-2025 06:35:27 AM [] []
[2025-03-28 06:40:27] SlimMonoLogger.INFO: Cron ran at: 28-03-2025 06:40:27 AM [] []
[2025-03-28 06:45:26] SlimMonoLogger.INFO: Cron ran at: 28-03-2025 06:45:26 AM [] []
[2025-03-28 06:50:29] SlimMonoLogger.INFO: Cron ran at: 28-03-2025 06:50:29 AM [] []
[2025-03-28 06:55:26] SlimMonoLogger.INFO: Cron ran at: 28-03-2025 06:55:26 AM [] []
[2025-03-28 07:00:31] SlimMonoLogger.INFO: Cron ran at: 28-03-2025 07:00:31 AM [] []
[2025-03-28 07:05:29] SlimMonoLogger.INFO: Cron ran at: 28-03-2025 07:05:29 AM [] []
[2025-03-28 07:10:30] SlimMonoLogger.INFO: Cron ran at: 28-03-2025 07:10:30 AM [] []
[2025-03-28 07:15:32] SlimMonoLogger.INFO: Cron ran at: 28-03-2025 07:15:32 AM [] []
[2025-03-28 07:20:30] SlimMonoLogger.INFO: Cron ran at: 28-03-2025 07:20:30 AM [] []
[2025-03-28 07:25:27] SlimMonoLogger.INFO: Cron ran at: 28-03-2025 07:25:27 AM [] []
[2025-03-28 07:30:32] SlimMonoLogger.INFO: Cron ran at: 28-03-2025 07:30:32 AM [] []
[2025-03-28 07:35:31] SlimMonoLogger.INFO: Cron ran at: 28-03-2025 07:35:31 AM [] []
[2025-03-28 07:40:29] SlimMonoLogger.INFO: Cron ran at: 28-03-2025 07:40:29 AM [] []
[2025-03-28 07:45:29] SlimMonoLogger.INFO: Cron ran at: 28-03-2025 07:45:29 AM [] []
[2025-03-28 07:50:30] SlimMonoLogger.INFO: Cron ran at: 28-03-2025 07:50:30 AM [] []
[2025-03-28 07:55:26] SlimMonoLogger.INFO: Cron ran at: 28-03-2025 07:55:26 AM [] []
[2025-03-28 08:00:29] SlimMonoLogger.INFO: Cron ran at: 28-03-2025 08:00:29 AM [] []
[2025-03-28 08:05:28] SlimMonoLogger.INFO: Cron ran at: 28-03-2025 08:05:28 AM [] []
[2025-03-28 08:10:29] SlimMonoLogger.INFO: Cron ran at: 28-03-2025 08:10:29 AM [] []
[2025-03-28 08:15:30] SlimMonoLogger.INFO: Cron ran at: 28-03-2025 08:15:30 AM [] []
[2025-03-28 08:20:25] SlimMonoLogger.INFO: Cron ran at: 28-03-2025 08:20:25 AM [] []
[2025-03-28 08:25:29] SlimMonoLogger.INFO: Cron ran at: 28-03-2025 08:25:29 AM [] []
[2025-03-28 08:30:35] SlimMonoLogger.INFO: Cron ran at: 28-03-2025 08:30:35 AM [] []
[2025-03-28 08:35:29] SlimMonoLogger.INFO: Cron ran at: 28-03-2025 08:35:29 AM [] []
[2025-03-28 08:45:37] SlimMonoLogger.INFO: Cron ran at: 28-03-2025 08:45:37 AM [] []
[2025-03-28 08:50:26] SlimMonoLogger.INFO: Cron ran at: 28-03-2025 08:50:26 AM [] []
[2025-03-28 08:55:29] SlimMonoLogger.INFO: Cron ran at: 28-03-2025 08:55:29 AM [] []
[2025-03-28 09:00:31] SlimMonoLogger.INFO: Cron ran at: 28-03-2025 09:00:31 AM [] []
[2025-03-28 09:05:32] SlimMonoLogger.INFO: Cron ran at: 28-03-2025 09:05:32 AM [] []
[2025-03-28 09:10:32] SlimMonoLogger.INFO: Cron ran at: 28-03-2025 09:10:32 AM [] []
[2025-03-28 09:15:35] SlimMonoLogger.INFO: Cron ran at: 28-03-2025 09:15:35 AM [] []
[2025-03-28 09:20:39] SlimMonoLogger.INFO: Cron ran at: 28-03-2025 09:20:39 AM [] []
[2025-03-28 09:25:38] SlimMonoLogger.INFO: Cron ran at: 28-03-2025 09:25:38 AM [] []
[2025-03-28 09:30:31] SlimMonoLogger.INFO: Cron ran at: 28-03-2025 09:30:31 AM [] []
[2025-03-28 09:35:34] SlimMonoLogger.INFO: Cron ran at: 28-03-2025 09:35:34 AM [] []
[2025-03-28 09:40:33] SlimMonoLogger.INFO: Cron ran at: 28-03-2025 09:40:33 AM [] []
[2025-03-28 09:45:33] SlimMonoLogger.INFO: Cron ran at: 28-03-2025 09:45:33 AM [] []
[2025-03-28 09:50:31] SlimMonoLogger.INFO: Cron ran at: 28-03-2025 09:50:31 AM [] []
[2025-03-28 09:55:39] SlimMonoLogger.INFO: Cron ran at: 28-03-2025 09:55:39 AM [] []
[2025-03-28 10:00:38] SlimMonoLogger.INFO: Cron ran at: 28-03-2025 10:00:38 AM [] []
[2025-03-28 10:05:34] SlimMonoLogger.INFO: Cron ran at: 28-03-2025 10:05:34 AM [] []
[2025-03-28 10:10:32] SlimMonoLogger.INFO: Cron ran at: 28-03-2025 10:10:32 AM [] []
[2025-03-28 10:15:28] SlimMonoLogger.INFO: Cron ran at: 28-03-2025 10:15:28 AM [] []
[2025-03-28 10:20:35] SlimMonoLogger.INFO: Cron ran at: 28-03-2025 10:20:35 AM [] []
[2025-03-28 10:25:31] SlimMonoLogger.INFO: Cron ran at: 28-03-2025 10:25:31 AM [] []
[2025-03-28 10:30:38] SlimMonoLogger.INFO: Cron ran at: 28-03-2025 10:30:38 AM [] []
[2025-03-28 10:35:29] SlimMonoLogger.INFO: Cron ran at: 28-03-2025 10:35:29 AM [] []
[2025-03-28 10:40:32] SlimMonoLogger.INFO: Cron ran at: 28-03-2025 10:40:32 AM [] []
[2025-03-28 10:45:29] SlimMonoLogger.INFO: Cron ran at: 28-03-2025 10:45:29 AM [] []
[2025-03-28 10:50:30] SlimMonoLogger.INFO: Cron ran at: 28-03-2025 10:50:30 AM [] []
[2025-03-28 10:55:30] SlimMonoLogger.INFO: Cron ran at: 28-03-2025 10:55:30 AM [] []
[2025-03-28 11:00:37] SlimMonoLogger.INFO: Cron ran at: 28-03-2025 11:00:37 AM [] []
[2025-03-28 11:05:32] SlimMonoLogger.INFO: Cron ran at: 28-03-2025 11:05:32 AM [] []
[2025-03-28 11:10:32] SlimMonoLogger.INFO: Cron ran at: 28-03-2025 11:10:32 AM [] []
[2025-03-28 11:15:32] SlimMonoLogger.INFO: Cron ran at: 28-03-2025 11:15:32 AM [] []
[2025-03-28 11:20:30] SlimMonoLogger.INFO: Cron ran at: 28-03-2025 11:20:30 AM [] []
[2025-03-28 11:25:36] SlimMonoLogger.INFO: Cron ran at: 28-03-2025 11:25:36 AM [] []
[2025-03-28 11:30:50] SlimMonoLogger.INFO: Cron ran at: 28-03-2025 11:30:50 AM [] []
[2025-03-28 11:35:36] SlimMonoLogger.INFO: Cron ran at: 28-03-2025 11:35:36 AM [] []
[2025-03-28 11:40:33] SlimMonoLogger.INFO: Cron ran at: 28-03-2025 11:40:33 AM [] []
[2025-03-28 11:45:29] SlimMonoLogger.INFO: Cron ran at: 28-03-2025 11:45:29 AM [] []
[2025-03-28 11:50:36] SlimMonoLogger.INFO: Cron ran at: 28-03-2025 11:50:36 AM [] []
[2025-03-28 11:55:32] SlimMonoLogger.INFO: Cron ran at: 28-03-2025 11:55:32 AM [] []
[2025-03-28 12:00:41] SlimMonoLogger.INFO: Cron ran at: 28-03-2025 12:00:41 PM [] []
[2025-03-28 12:05:29] SlimMonoLogger.INFO: Cron ran at: 28-03-2025 12:05:29 PM [] []
[2025-03-28 12:10:29] SlimMonoLogger.INFO: Cron ran at: 28-03-2025 12:10:29 PM [] []
[2025-03-28 12:15:33] SlimMonoLogger.INFO: Cron ran at: 28-03-2025 12:15:33 PM [] []
[2025-03-28 12:20:31] SlimMonoLogger.INFO: Cron ran at: 28-03-2025 12:20:31 PM [] []
[2025-03-28 12:25:34] SlimMonoLogger.INFO: Cron ran at: 28-03-2025 12:25:34 PM [] []
[2025-03-28 12:30:58] SlimMonoLogger.INFO: Cron ran at: 28-03-2025 12:30:58 PM [] []
[2025-03-28 12:35:30] SlimMonoLogger.INFO: Cron ran at: 28-03-2025 12:35:30 PM [] []
[2025-03-28 12:40:46] SlimMonoLogger.INFO: Cron ran at: 28-03-2025 12:40:46 PM [] []
[2025-03-28 12:45:35] SlimMonoLogger.INFO: Cron ran at: 28-03-2025 12:45:35 PM [] []
[2025-03-28 12:50:40] SlimMonoLogger.INFO: Cron ran at: 28-03-2025 12:50:40 PM [] []
[2025-03-28 12:55:34] SlimMonoLogger.INFO: Cron ran at: 28-03-2025 12:55:34 PM [] []
[2025-03-28 13:00:41] SlimMonoLogger.INFO: Cron ran at: 28-03-2025 01:00:41 PM [] []
[2025-03-28 13:05:39] SlimMonoLogger.INFO: Cron ran at: 28-03-2025 01:05:39 PM [] []
[2025-03-28 13:10:33] SlimMonoLogger.INFO: Cron ran at: 28-03-2025 01:10:33 PM [] []
[2025-03-28 13:15:35] SlimMonoLogger.INFO: Cron ran at: 28-03-2025 01:15:35 PM [] []
[2025-03-28 13:22:20] SlimMonoLogger.ERROR: Requests_Exception: cURL error 28: Failed to connect to antropol.mk port 443 after 128659 ms: Could not connect to server in /home/latihtal/public_html/agregator1/src/vendor/rmccue/requests/library/Requests/Transport/cURL.php:422
Stack trace:
#0 /home/latihtal/public_html/agregator1/src/vendor/rmccue/requests/library/Requests/Transport/cURL.php(177): Requests_Transport_cURL->process_response()
#1 /home/latihtal/public_html/agregator1/src/vendor/rmccue/requests/library/Requests.php(379): Requests_Transport_cURL->request()
#2 /home/latihtal/public_html/agregator1/src/vendor/rmccue/requests/library/Requests/Session.php(205): Requests::request()
#3 /home/latihtal/public_html/agregator1/src/vendor/rmccue/requests/library/Requests/Session.php(132): Requests_Session->request()
#4 /home/latihtal/public_html/agregator1/src/drivers/Http/RssImporter.php(144): Requests_Session->get()
#5 /home/latihtal/public_html/agregator1/src/controllers/Dashboard/DashboardFeedsController.php(534): spark\drivers\Http\RssImporter->fetchPosts()
#6 /home/latihtal/public_html/agregator1/src/controllers/Site/SiteController.php(722): spark\controllers\Dashboard\DashboardFeedsController::importFeedPosts()
#7 [internal function]: spark\controllers\Site\SiteController->runTasks()
#8 /home/latihtal/public_html/agregator1/src/framework/Route.php(173): call_user_func_array()
#9 [internal function]: Slim\Route->Slim\{closure}()
#10 /home/latihtal/public_html/agregator1/src/framework/Route.php(468): call_user_func_array()
#11 /home/latihtal/public_html/agregator1/src/framework/Slim.php(1364): Slim\Route->dispatch()
#12 /home/latihtal/public_html/agregator1/src/framework/Middleware/Flash.php(85): Slim\Slim->call()
#13 /home/latihtal/public_html/agregator1/src/framework/Middleware/MethodOverride.php(92): Slim\Middleware\Flash->call()
#14 /home/latihtal/public_html/agregator1/src/middlewares/CsrfGuard/CsrfGuard.php(47): Slim\Middleware\MethodOverride->call()
#15 /home/latihtal/public_html/agregator1/src/framework/Middleware/PrettyExceptions.php(67): spark\middlewares\CsrfGuard\CsrfGuard->call()
#16 /home/latihtal/public_html/agregator1/src/framework/Slim.php(1308): Slim\Middleware\PrettyExceptions->call()
#17 /home/latihtal/public_html/agregator1/index.php(6): Slim\Slim->run()
#18 {main} [] []
[2025-03-28 13:22:39] SlimMonoLogger.INFO: Cron ran at: 28-03-2025 01:22:39 PM [] []
[2025-03-28 13:25:30] SlimMonoLogger.INFO: Cron ran at: 28-03-2025 01:25:30 PM [] []
[2025-03-28 13:31:00] SlimMonoLogger.INFO: Cron ran at: 28-03-2025 01:31:00 PM [] []
[2025-03-28 13:36:08] SlimMonoLogger.INFO: Cron ran at: 28-03-2025 01:36:08 PM [] []
[2025-03-28 13:40:32] SlimMonoLogger.INFO: Cron ran at: 28-03-2025 01:40:32 PM [] []
[2025-03-28 13:45:55] SlimMonoLogger.INFO: Cron ran at: 28-03-2025 01:45:55 PM [] []
[2025-03-28 13:50:38] SlimMonoLogger.INFO: Cron ran at: 28-03-2025 01:50:38 PM [] []
[2025-03-28 13:55:32] SlimMonoLogger.INFO: Cron ran at: 28-03-2025 01:55:32 PM [] []
[2025-03-28 14:00:44] SlimMonoLogger.INFO: Cron ran at: 28-03-2025 02:00:44 PM [] []
[2025-03-28 14:05:34] SlimMonoLogger.INFO: Cron ran at: 28-03-2025 02:05:34 PM [] []
[2025-03-28 14:10:39] SlimMonoLogger.INFO: Cron ran at: 28-03-2025 02:10:39 PM [] []
[2025-03-28 14:15:32] SlimMonoLogger.INFO: Cron ran at: 28-03-2025 02:15:32 PM [] []
[2025-03-28 14:20:35] SlimMonoLogger.INFO: Cron ran at: 28-03-2025 02:20:35 PM [] []
[2025-03-28 14:25:39] SlimMonoLogger.INFO: Cron ran at: 28-03-2025 02:25:39 PM [] []
[2025-03-28 14:30:39] SlimMonoLogger.INFO: Cron ran at: 28-03-2025 02:30:39 PM [] []
[2025-03-28 14:35:39] SlimMonoLogger.INFO: Cron ran at: 28-03-2025 02:35:39 PM [] []
[2025-03-28 14:40:39] SlimMonoLogger.INFO: Cron ran at: 28-03-2025 02:40:39 PM [] []
[2025-03-28 14:45:42] SlimMonoLogger.INFO: Cron ran at: 28-03-2025 02:45:42 PM [] []
[2025-03-28 14:50:45] SlimMonoLogger.INFO: Cron ran at: 28-03-2025 02:50:45 PM [] []
[2025-03-28 14:55:35] SlimMonoLogger.INFO: Cron ran at: 28-03-2025 02:55:35 PM [] []
[2025-03-28 15:01:06] SlimMonoLogger.INFO: Cron ran at: 28-03-2025 03:01:06 PM [] []
[2025-03-28 15:05:37] SlimMonoLogger.INFO: Cron ran at: 28-03-2025 03:05:37 PM [] []
[2025-03-28 15:10:36] SlimMonoLogger.INFO: Cron ran at: 28-03-2025 03:10:36 PM [] []
[2025-03-28 15:15:39] SlimMonoLogger.INFO: Cron ran at: 28-03-2025 03:15:39 PM [] []
[2025-03-28 15:20:30] SlimMonoLogger.INFO: Cron ran at: 28-03-2025 03:20:30 PM [] []
[2025-03-28 15:25:28] SlimMonoLogger.INFO: Cron ran at: 28-03-2025 03:25:28 PM [] []
[2025-03-28 15:30:35] SlimMonoLogger.INFO: Cron ran at: 28-03-2025 03:30:35 PM [] []
[2025-03-28 15:35:32] SlimMonoLogger.INFO: Cron ran at: 28-03-2025 03:35:32 PM [] []
[2025-03-28 15:40:32] SlimMonoLogger.INFO: Cron ran at: 28-03-2025 03:40:32 PM [] []
[2025-03-28 15:45:31] SlimMonoLogger.INFO: Cron ran at: 28-03-2025 03:45:31 PM [] []
[2025-03-28 15:50:33] SlimMonoLogger.INFO: Cron ran at: 28-03-2025 03:50:33 PM [] []
[2025-03-28 15:55:35] SlimMonoLogger.INFO: Cron ran at: 28-03-2025 03:55:35 PM [] []
[2025-03-28 16:00:34] SlimMonoLogger.INFO: Cron ran at: 28-03-2025 04:00:34 PM [] []
[2025-03-28 16:05:44] SlimMonoLogger.INFO: Cron ran at: 28-03-2025 04:05:44 PM [] []
[2025-03-28 16:10:28] SlimMonoLogger.INFO: Cron ran at: 28-03-2025 04:10:28 PM [] []
[2025-03-28 16:15:38] SlimMonoLogger.INFO: Cron ran at: 28-03-2025 04:15:38 PM [] []
[2025-03-28 16:20:35] SlimMonoLogger.INFO: Cron ran at: 28-03-2025 04:20:35 PM [] []
[2025-03-28 16:25:28] SlimMonoLogger.INFO: Cron ran at: 28-03-2025 04:25:28 PM [] []
[2025-03-28 16:30:38] SlimMonoLogger.INFO: Cron ran at: 28-03-2025 04:30:38 PM [] []
[2025-03-28 16:35:44] SlimMonoLogger.INFO: Cron ran at: 28-03-2025 04:35:44 PM [] []
[2025-03-28 16:40:34] SlimMonoLogger.INFO: Cron ran at: 28-03-2025 04:40:34 PM [] []
[2025-03-28 16:45:34] SlimMonoLogger.INFO: Cron ran at: 28-03-2025 04:45:34 PM [] []
[2025-03-28 16:50:27] SlimMonoLogger.INFO: Cron ran at: 28-03-2025 04:50:27 PM [] []
[2025-03-28 16:55:29] SlimMonoLogger.INFO: Cron ran at: 28-03-2025 04:55:29 PM [] []
[2025-03-28 17:00:32] SlimMonoLogger.INFO: Cron ran at: 28-03-2025 05:00:32 PM [] []
[2025-03-28 17:05:36] SlimMonoLogger.INFO: Cron ran at: 28-03-2025 05:05:36 PM [] []
[2025-03-28 17:12:07] SlimMonoLogger.INFO: Cron ran at: 28-03-2025 05:12:07 PM [] []
[2025-03-28 17:15:37] SlimMonoLogger.INFO: Cron ran at: 28-03-2025 05:15:37 PM [] []
[2025-03-28 17:20:32] SlimMonoLogger.INFO: Cron ran at: 28-03-2025 05:20:32 PM [] []
[2025-03-28 17:25:29] SlimMonoLogger.INFO: Cron ran at: 28-03-2025 05:25:29 PM [] []
[2025-03-28 17:32:24] SlimMonoLogger.ERROR: Requests_Exception: cURL error 28: Failed to connect to antropol.mk port 443 after 132191 ms: Could not connect to server in /home/latihtal/public_html/agregator1/src/vendor/rmccue/requests/library/Requests/Transport/cURL.php:422
Stack trace:
#0 /home/latihtal/public_html/agregator1/src/vendor/rmccue/requests/library/Requests/Transport/cURL.php(177): Requests_Transport_cURL->process_response()
#1 /home/latihtal/public_html/agregator1/src/vendor/rmccue/requests/library/Requests.php(379): Requests_Transport_cURL->request()
#2 /home/latihtal/public_html/agregator1/src/vendor/rmccue/requests/library/Requests/Session.php(205): Requests::request()
#3 /home/latihtal/public_html/agregator1/src/vendor/rmccue/requests/library/Requests/Session.php(132): Requests_Session->request()
#4 /home/latihtal/public_html/agregator1/src/drivers/Http/RssImporter.php(144): Requests_Session->get()
#5 /home/latihtal/public_html/agregator1/src/controllers/Dashboard/DashboardFeedsController.php(534): spark\drivers\Http\RssImporter->fetchPosts()
#6 /home/latihtal/public_html/agregator1/src/controllers/Site/SiteController.php(722): spark\controllers\Dashboard\DashboardFeedsController::importFeedPosts()
#7 [internal function]: spark\controllers\Site\SiteController->runTasks()
#8 /home/latihtal/public_html/agregator1/src/framework/Route.php(173): call_user_func_array()
#9 [internal function]: Slim\Route->Slim\{closure}()
#10 /home/latihtal/public_html/agregator1/src/framework/Route.php(468): call_user_func_array()
#11 /home/latihtal/public_html/agregator1/src/framework/Slim.php(1364): Slim\Route->dispatch()
#12 /home/latihtal/public_html/agregator1/src/framework/Middleware/Flash.php(85): Slim\Slim->call()
#13 /home/latihtal/public_html/agregator1/src/framework/Middleware/MethodOverride.php(92): Slim\Middleware\Flash->call()
#14 /home/latihtal/public_html/agregator1/src/middlewares/CsrfGuard/CsrfGuard.php(47): Slim\Middleware\MethodOverride->call()
#15 /home/latihtal/public_html/agregator1/src/framework/Middleware/PrettyExceptions.php(67): spark\middlewares\CsrfGuard\CsrfGuard->call()
#16 /home/latihtal/public_html/agregator1/src/framework/Slim.php(1308): Slim\Middleware\PrettyExceptions->call()
#17 /home/latihtal/public_html/agregator1/index.php(6): Slim\Slim->run()
#18 {main} [] []
[2025-03-28 17:32:41] SlimMonoLogger.INFO: Cron ran at: 28-03-2025 05:32:41 PM [] []
[2025-03-28 17:35:37] SlimMonoLogger.INFO: Cron ran at: 28-03-2025 05:35:37 PM [] []
[2025-03-28 17:40:30] SlimMonoLogger.INFO: Cron ran at: 28-03-2025 05:40:30 PM [] []
[2025-03-28 17:45:33] SlimMonoLogger.INFO: Cron ran at: 28-03-2025 05:45:33 PM [] []
[2025-03-28 17:50:30] SlimMonoLogger.INFO: Cron ran at: 28-03-2025 05:50:30 PM [] []
[2025-03-28 17:55:29] SlimMonoLogger.INFO: Cron ran at: 28-03-2025 05:55:29 PM [] []
[2025-03-28 18:00:34] SlimMonoLogger.INFO: Cron ran at: 28-03-2025 06:00:34 PM [] []
[2025-03-28 18:05:31] SlimMonoLogger.INFO: Cron ran at: 28-03-2025 06:05:31 PM [] []
[2025-03-28 18:10:29] SlimMonoLogger.INFO: Cron ran at: 28-03-2025 06:10:29 PM [] []
[2025-03-28 18:15:34] SlimMonoLogger.INFO: Cron ran at: 28-03-2025 06:15:34 PM [] []
[2025-03-28 18:20:30] SlimMonoLogger.INFO: Cron ran at: 28-03-2025 06:20:30 PM [] []
[2025-03-28 18:26:07] SlimMonoLogger.INFO: Cron ran at: 28-03-2025 06:26:07 PM [] []
[2025-03-28 18:30:30] SlimMonoLogger.INFO: Cron ran at: 28-03-2025 06:30:30 PM [] []
[2025-03-28 18:35:59] SlimMonoLogger.INFO: Cron ran at: 28-03-2025 06:35:59 PM [] []
[2025-03-28 18:40:32] SlimMonoLogger.INFO: Cron ran at: 28-03-2025 06:40:32 PM [] []
[2025-03-28 18:45:35] SlimMonoLogger.INFO: Cron ran at: 28-03-2025 06:45:35 PM [] []
[2025-03-28 18:50:27] SlimMonoLogger.INFO: Cron ran at: 28-03-2025 06:50:27 PM [] []
[2025-03-28 18:55:45] SlimMonoLogger.INFO: Cron ran at: 28-03-2025 06:55:45 PM [] []
[2025-03-28 19:00:40] SlimMonoLogger.INFO: Cron ran at: 28-03-2025 07:00:40 PM [] []
[2025-03-28 19:05:40] SlimMonoLogger.INFO: Cron ran at: 28-03-2025 07:05:40 PM [] []
[2025-03-28 19:10:29] SlimMonoLogger.INFO: Cron ran at: 28-03-2025 07:10:29 PM [] []
[2025-03-28 19:15:35] SlimMonoLogger.INFO: Cron ran at: 28-03-2025 07:15:35 PM [] []
[2025-03-28 19:20:34] SlimMonoLogger.INFO: Cron ran at: 28-03-2025 07:20:34 PM [] []
[2025-03-28 19:25:37] SlimMonoLogger.INFO: Cron ran at: 28-03-2025 07:25:37 PM [] []
[2025-03-28 19:31:12] SlimMonoLogger.INFO: Cron ran at: 28-03-2025 07:31:12 PM [] []
[2025-03-28 19:36:06] SlimMonoLogger.INFO: Cron ran at: 28-03-2025 07:36:06 PM [] []
[2025-03-28 19:40:43] SlimMonoLogger.INFO: Cron ran at: 28-03-2025 07:40:43 PM [] []
[2025-03-28 19:45:49] SlimMonoLogger.INFO: Cron ran at: 28-03-2025 07:45:49 PM [] []
[2025-03-28 19:50:40] SlimMonoLogger.INFO: Cron ran at: 28-03-2025 07:50:40 PM [] []
[2025-03-28 19:55:34] SlimMonoLogger.INFO: Cron ran at: 28-03-2025 07:55:34 PM [] []
[2025-03-28 20:00:50] SlimMonoLogger.INFO: Cron ran at: 28-03-2025 08:00:50 PM [] []
[2025-03-28 20:05:39] SlimMonoLogger.INFO: Cron ran at: 28-03-2025 08:05:39 PM [] []
[2025-03-28 20:10:40] SlimMonoLogger.INFO: Cron ran at: 28-03-2025 08:10:40 PM [] []
[2025-03-28 20:15:34] SlimMonoLogger.INFO: Cron ran at: 28-03-2025 08:15:34 PM [] []
[2025-03-28 20:20:43] SlimMonoLogger.INFO: Cron ran at: 28-03-2025 08:20:43 PM [] []
[2025-03-28 20:25:33] SlimMonoLogger.INFO: Cron ran at: 28-03-2025 08:25:33 PM [] []
[2025-03-28 20:30:36] SlimMonoLogger.INFO: Cron ran at: 28-03-2025 08:30:36 PM [] []
[2025-03-28 20:35:32] SlimMonoLogger.INFO: Cron ran at: 28-03-2025 08:35:32 PM [] []
[2025-03-28 20:40:32] SlimMonoLogger.INFO: Cron ran at: 28-03-2025 08:40:32 PM [] []
[2025-03-28 20:45:36] SlimMonoLogger.INFO: Cron ran at: 28-03-2025 08:45:36 PM [] []
[2025-03-28 20:50:31] SlimMonoLogger.INFO: Cron ran at: 28-03-2025 08:50:31 PM [] []
[2025-03-28 20:55:52] SlimMonoLogger.INFO: Cron ran at: 28-03-2025 08:55:52 PM [] []
[2025-03-28 21:00:52] SlimMonoLogger.INFO: Cron ran at: 28-03-2025 09:00:52 PM [] []
[2025-03-28 21:05:40] SlimMonoLogger.INFO: Cron ran at: 28-03-2025 09:05:40 PM [] []
[2025-03-28 21:10:38] SlimMonoLogger.INFO: Cron ran at: 28-03-2025 09:10:38 PM [] []
[2025-03-28 21:15:59] SlimMonoLogger.INFO: Cron ran at: 28-03-2025 09:15:59 PM [] []
[2025-03-28 21:20:52] SlimMonoLogger.INFO: Cron ran at: 28-03-2025 09:20:52 PM [] []
[2025-03-28 21:25:31] SlimMonoLogger.INFO: Cron ran at: 28-03-2025 09:25:31 PM [] []
[2025-03-28 21:30:32] SlimMonoLogger.INFO: Cron ran at: 28-03-2025 09:30:32 PM [] []
[2025-03-28 21:35:33] SlimMonoLogger.INFO: Cron ran at: 28-03-2025 09:35:33 PM [] []
[2025-03-28 21:40:51] SlimMonoLogger.INFO: Cron ran at: 28-03-2025 09:40:51 PM [] []
[2025-03-28 21:45:26] SlimMonoLogger.INFO: Cron ran at: 28-03-2025 09:45:26 PM [] []
[2025-03-28 21:50:48] SlimMonoLogger.INFO: Cron ran at: 28-03-2025 09:50:48 PM [] []
[2025-03-28 21:55:29] SlimMonoLogger.INFO: Cron ran at: 28-03-2025 09:55:29 PM [] []
[2025-03-28 22:00:41] SlimMonoLogger.INFO: Cron ran at: 28-03-2025 10:00:41 PM [] []
[2025-03-28 22:05:32] SlimMonoLogger.INFO: Cron ran at: 28-03-2025 10:05:32 PM [] []
[2025-03-28 22:10:34] SlimMonoLogger.INFO: Cron ran at: 28-03-2025 10:10:34 PM [] []
[2025-03-28 22:15:26] SlimMonoLogger.INFO: Cron ran at: 28-03-2025 10:15:26 PM [] []
[2025-03-28 22:20:46] SlimMonoLogger.INFO: Cron ran at: 28-03-2025 10:20:46 PM [] []
[2025-03-28 22:25:33] SlimMonoLogger.INFO: Cron ran at: 28-03-2025 10:25:33 PM [] []
[2025-03-28 22:30:51] SlimMonoLogger.INFO: Cron ran at: 28-03-2025 10:30:51 PM [] []
[2025-03-28 22:35:31] SlimMonoLogger.INFO: Cron ran at: 28-03-2025 10:35:31 PM [] []
[2025-03-28 22:42:28] SlimMonoLogger.ERROR: Requests_Exception: cURL error 28: Failed to connect to antropol.mk port 443 after 131895 ms: Could not connect to server in /home/latihtal/public_html/agregator1/src/vendor/rmccue/requests/library/Requests/Transport/cURL.php:422
Stack trace:
#0 /home/latihtal/public_html/agregator1/src/vendor/rmccue/requests/library/Requests/Transport/cURL.php(177): Requests_Transport_cURL->process_response()
#1 /home/latihtal/public_html/agregator1/src/vendor/rmccue/requests/library/Requests.php(379): Requests_Transport_cURL->request()
#2 /home/latihtal/public_html/agregator1/src/vendor/rmccue/requests/library/Requests/Session.php(205): Requests::request()
#3 /home/latihtal/public_html/agregator1/src/vendor/rmccue/requests/library/Requests/Session.php(132): Requests_Session->request()
#4 /home/latihtal/public_html/agregator1/src/drivers/Http/RssImporter.php(144): Requests_Session->get()
#5 /home/latihtal/public_html/agregator1/src/controllers/Dashboard/DashboardFeedsController.php(534): spark\drivers\Http\RssImporter->fetchPosts()
#6 /home/latihtal/public_html/agregator1/src/controllers/Site/SiteController.php(722): spark\controllers\Dashboard\DashboardFeedsController::importFeedPosts()
#7 [internal function]: spark\controllers\Site\SiteController->runTasks()
#8 /home/latihtal/public_html/agregator1/src/framework/Route.php(173): call_user_func_array()
#9 [internal function]: Slim\Route->Slim\{closure}()
#10 /home/latihtal/public_html/agregator1/src/framework/Route.php(468): call_user_func_array()
#11 /home/latihtal/public_html/agregator1/src/framework/Slim.php(1364): Slim\Route->dispatch()
#12 /home/latihtal/public_html/agregator1/src/framework/Middleware/Flash.php(85): Slim\Slim->call()
#13 /home/latihtal/public_html/agregator1/src/framework/Middleware/MethodOverride.php(92): Slim\Middleware\Flash->call()
#14 /home/latihtal/public_html/agregator1/src/middlewares/CsrfGuard/CsrfGuard.php(47): Slim\Middleware\MethodOverride->call()
#15 /home/latihtal/public_html/agregator1/src/framework/Middleware/PrettyExceptions.php(67): spark\middlewares\CsrfGuard\CsrfGuard->call()
#16 /home/latihtal/public_html/agregator1/src/framework/Slim.php(1308): Slim\Middleware\PrettyExceptions->call()
#17 /home/latihtal/public_html/agregator1/index.php(6): Slim\Slim->run()
#18 {main} [] []
[2025-03-28 22:42:45] SlimMonoLogger.INFO: Cron ran at: 28-03-2025 10:42:45 PM [] []
[2025-03-28 22:45:40] SlimMonoLogger.INFO: Cron ran at: 28-03-2025 10:45:40 PM [] []
[2025-03-28 22:51:14] SlimMonoLogger.INFO: Cron ran at: 28-03-2025 10:51:14 PM [] []
[2025-03-28 22:55:33] SlimMonoLogger.INFO: Cron ran at: 28-03-2025 10:55:33 PM [] []
[2025-03-28 23:00:35] SlimMonoLogger.INFO: Cron ran at: 28-03-2025 11:00:35 PM [] []
[2025-03-28 23:05:32] SlimMonoLogger.INFO: Cron ran at: 28-03-2025 11:05:32 PM [] []
[2025-03-28 23:10:39] SlimMonoLogger.INFO: Cron ran at: 28-03-2025 11:10:39 PM [] []
[2025-03-28 23:16:10] SlimMonoLogger.INFO: Cron ran at: 28-03-2025 11:16:10 PM [] []
[2025-03-28 23:21:03] SlimMonoLogger.INFO: Cron ran at: 28-03-2025 11:21:03 PM [] []
[2025-03-28 23:25:21] SlimMonoLogger.INFO: Cron ran at: 28-03-2025 11:25:21 PM [] []
[2025-03-28 23:30:36] SlimMonoLogger.INFO: Cron ran at: 28-03-2025 11:30:36 PM [] []
[2025-03-28 23:35:44] SlimMonoLogger.INFO: Cron ran at: 28-03-2025 11:35:44 PM [] []
[2025-03-28 23:40:34] SlimMonoLogger.INFO: Cron ran at: 28-03-2025 11:40:34 PM [] []
[2025-03-28 23:45:25] SlimMonoLogger.INFO: Cron ran at: 28-03-2025 11:45:25 PM [] []
[2025-03-28 23:50:22] SlimMonoLogger.INFO: Cron ran at: 28-03-2025 11:50:22 PM [] []
[2025-03-28 23:55:24] SlimMonoLogger.INFO: Cron ran at: 28-03-2025 11:55:24 PM [] []
[2025-03-29 00:00:22] SlimMonoLogger.INFO: Cron ran at: 29-03-2025 12:00:22 AM [] []
[2025-03-29 00:05:22] SlimMonoLogger.INFO: Cron ran at: 29-03-2025 12:05:22 AM [] []
[2025-03-29 00:10:28] SlimMonoLogger.INFO: Cron ran at: 29-03-2025 12:10:28 AM [] []
[2025-03-29 00:15:21] SlimMonoLogger.INFO: Cron ran at: 29-03-2025 12:15:21 AM [] []
[2025-03-29 00:20:42] SlimMonoLogger.INFO: Cron ran at: 29-03-2025 12:20:42 AM [] []
[2025-03-29 00:25:44] SlimMonoLogger.INFO: Cron ran at: 29-03-2025 12:25:44 AM [] []
[2025-03-29 00:30:40] SlimMonoLogger.INFO: Cron ran at: 29-03-2025 12:30:40 AM [] []
[2025-03-29 00:35:35] SlimMonoLogger.INFO: Cron ran at: 29-03-2025 12:35:35 AM [] []
[2025-03-29 00:40:35] SlimMonoLogger.INFO: Cron ran at: 29-03-2025 12:40:35 AM [] []
[2025-03-29 00:45:42] SlimMonoLogger.INFO: Cron ran at: 29-03-2025 12:45:42 AM [] []
[2025-03-29 00:50:33] SlimMonoLogger.INFO: Cron ran at: 29-03-2025 12:50:33 AM [] []
[2025-03-29 00:55:39] SlimMonoLogger.INFO: Cron ran at: 29-03-2025 12:55:39 AM [] []
