[2025-05-29 02:00:35] SlimMonoLogger.INFO: Cron ran at: 29-05-2025 02:00:35 AM [] []
[2025-05-29 02:05:32] SlimMonoLogger.INFO: Cron ran at: 29-05-2025 02:05:32 AM [] []
[2025-05-29 02:10:34] SlimMonoLogger.INFO: Cron ran at: 29-05-2025 02:10:34 AM [] []
[2025-05-29 02:15:36] SlimMonoLogger.INFO: Cron ran at: 29-05-2025 02:15:36 AM [] []
[2025-05-29 02:20:32] SlimMonoLogger.INFO: Cron ran at: 29-05-2025 02:20:32 AM [] []
[2025-05-29 02:25:35] SlimMonoLogger.INFO: Cron ran at: 29-05-2025 02:25:35 AM [] []
[2025-05-29 02:30:34] SlimMonoLogger.INFO: Cron ran at: 29-05-2025 02:30:34 AM [] []
[2025-05-29 02:35:30] SlimMonoLogger.INFO: Cron ran at: 29-05-2025 02:35:30 AM [] []
[2025-05-29 02:40:33] SlimMonoLogger.INFO: Cron ran at: 29-05-2025 02:40:33 AM [] []
[2025-05-29 02:45:32] SlimMonoLogger.INFO: Cron ran at: 29-05-2025 02:45:32 AM [] []
[2025-05-29 02:50:33] SlimMonoLogger.INFO: Cron ran at: 29-05-2025 02:50:33 AM [] []
[2025-05-29 02:55:34] SlimMonoLogger.INFO: Cron ran at: 29-05-2025 02:55:34 AM [] []
[2025-05-29 03:00:37] SlimMonoLogger.INFO: Cron ran at: 29-05-2025 03:00:37 AM [] []
[2025-05-29 03:05:33] SlimMonoLogger.INFO: Cron ran at: 29-05-2025 03:05:33 AM [] []
[2025-05-29 03:10:32] SlimMonoLogger.INFO: Cron ran at: 29-05-2025 03:10:32 AM [] []
[2025-05-29 03:15:32] SlimMonoLogger.INFO: Cron ran at: 29-05-2025 03:15:32 AM [] []
[2025-05-29 03:20:33] SlimMonoLogger.INFO: Cron ran at: 29-05-2025 03:20:33 AM [] []
[2025-05-29 03:25:36] SlimMonoLogger.INFO: Cron ran at: 29-05-2025 03:25:36 AM [] []
[2025-05-29 03:30:35] SlimMonoLogger.INFO: Cron ran at: 29-05-2025 03:30:35 AM [] []
[2025-05-29 03:35:35] SlimMonoLogger.INFO: Cron ran at: 29-05-2025 03:35:35 AM [] []
[2025-05-29 03:40:30] SlimMonoLogger.INFO: Cron ran at: 29-05-2025 03:40:30 AM [] []
[2025-05-29 03:45:32] SlimMonoLogger.INFO: Cron ran at: 29-05-2025 03:45:32 AM [] []
[2025-05-29 03:50:32] SlimMonoLogger.INFO: Cron ran at: 29-05-2025 03:50:32 AM [] []
[2025-05-29 03:55:30] SlimMonoLogger.INFO: Cron ran at: 29-05-2025 03:55:30 AM [] []
[2025-05-29 04:00:33] SlimMonoLogger.INFO: Cron ran at: 29-05-2025 04:00:33 AM [] []
[2025-05-29 04:05:33] SlimMonoLogger.INFO: Cron ran at: 29-05-2025 04:05:33 AM [] []
[2025-05-29 04:10:31] SlimMonoLogger.INFO: Cron ran at: 29-05-2025 04:10:31 AM [] []
[2025-05-29 04:15:35] SlimMonoLogger.INFO: Cron ran at: 29-05-2025 04:15:35 AM [] []
[2025-05-29 04:20:32] SlimMonoLogger.INFO: Cron ran at: 29-05-2025 04:20:32 AM [] []
[2025-05-29 04:25:30] SlimMonoLogger.INFO: Cron ran at: 29-05-2025 04:25:30 AM [] []
[2025-05-29 04:30:34] SlimMonoLogger.INFO: Cron ran at: 29-05-2025 04:30:34 AM [] []
[2025-05-29 04:35:32] SlimMonoLogger.INFO: Cron ran at: 29-05-2025 04:35:32 AM [] []
[2025-05-29 04:40:33] SlimMonoLogger.INFO: Cron ran at: 29-05-2025 04:40:33 AM [] []
[2025-05-29 04:45:37] SlimMonoLogger.INFO: Cron ran at: 29-05-2025 04:45:37 AM [] []
[2025-05-29 04:50:32] SlimMonoLogger.INFO: Cron ran at: 29-05-2025 04:50:32 AM [] []
[2025-05-29 04:55:33] SlimMonoLogger.INFO: Cron ran at: 29-05-2025 04:55:33 AM [] []
[2025-05-29 05:00:36] SlimMonoLogger.INFO: Cron ran at: 29-05-2025 05:00:36 AM [] []
[2025-05-29 05:05:30] SlimMonoLogger.INFO: Cron ran at: 29-05-2025 05:05:30 AM [] []
[2025-05-29 05:10:34] SlimMonoLogger.INFO: Cron ran at: 29-05-2025 05:10:34 AM [] []
[2025-05-29 05:15:31] SlimMonoLogger.INFO: Cron ran at: 29-05-2025 05:15:31 AM [] []
[2025-05-29 05:20:47] SlimMonoLogger.INFO: Cron ran at: 29-05-2025 05:20:47 AM [] []
[2025-05-29 05:25:37] SlimMonoLogger.INFO: Cron ran at: 29-05-2025 05:25:37 AM [] []
[2025-05-29 05:30:37] SlimMonoLogger.INFO: Cron ran at: 29-05-2025 05:30:37 AM [] []
[2025-05-29 05:35:35] SlimMonoLogger.INFO: Cron ran at: 29-05-2025 05:35:35 AM [] []
[2025-05-29 05:40:33] SlimMonoLogger.INFO: Cron ran at: 29-05-2025 05:40:33 AM [] []
[2025-05-29 05:45:37] SlimMonoLogger.INFO: Cron ran at: 29-05-2025 05:45:37 AM [] []
[2025-05-29 05:50:30] SlimMonoLogger.INFO: Cron ran at: 29-05-2025 05:50:30 AM [] []
[2025-05-29 05:55:31] SlimMonoLogger.INFO: Cron ran at: 29-05-2025 05:55:31 AM [] []
[2025-05-29 06:00:41] SlimMonoLogger.INFO: Cron ran at: 29-05-2025 06:00:41 AM [] []
[2025-05-29 06:05:33] SlimMonoLogger.INFO: Cron ran at: 29-05-2025 06:05:33 AM [] []
[2025-05-29 06:10:31] SlimMonoLogger.INFO: Cron ran at: 29-05-2025 06:10:31 AM [] []
[2025-05-29 06:15:34] SlimMonoLogger.INFO: Cron ran at: 29-05-2025 06:15:34 AM [] []
[2025-05-29 06:20:33] SlimMonoLogger.INFO: Cron ran at: 29-05-2025 06:20:33 AM [] []
[2025-05-29 06:25:31] SlimMonoLogger.INFO: Cron ran at: 29-05-2025 06:25:31 AM [] []
[2025-05-29 06:30:36] SlimMonoLogger.INFO: Cron ran at: 29-05-2025 06:30:36 AM [] []
[2025-05-29 06:35:31] SlimMonoLogger.INFO: Cron ran at: 29-05-2025 06:35:31 AM [] []
[2025-05-29 06:40:37] SlimMonoLogger.INFO: Cron ran at: 29-05-2025 06:40:37 AM [] []
[2025-05-29 06:45:35] SlimMonoLogger.INFO: Cron ran at: 29-05-2025 06:45:35 AM [] []
[2025-05-29 06:50:33] SlimMonoLogger.INFO: Cron ran at: 29-05-2025 06:50:33 AM [] []
[2025-05-29 06:55:36] SlimMonoLogger.INFO: Cron ran at: 29-05-2025 06:55:36 AM [] []
[2025-05-29 07:00:39] SlimMonoLogger.INFO: Cron ran at: 29-05-2025 07:00:39 AM [] []
[2025-05-29 07:05:35] SlimMonoLogger.INFO: Cron ran at: 29-05-2025 07:05:35 AM [] []
[2025-05-29 07:10:34] SlimMonoLogger.INFO: Cron ran at: 29-05-2025 07:10:34 AM [] []
[2025-05-29 07:15:39] SlimMonoLogger.INFO: Cron ran at: 29-05-2025 07:15:39 AM [] []
[2025-05-29 07:20:34] SlimMonoLogger.INFO: Cron ran at: 29-05-2025 07:20:34 AM [] []
[2025-05-29 07:25:34] SlimMonoLogger.INFO: Cron ran at: 29-05-2025 07:25:34 AM [] []
[2025-05-29 07:30:34] SlimMonoLogger.INFO: Cron ran at: 29-05-2025 07:30:34 AM [] []
[2025-05-29 07:35:31] SlimMonoLogger.INFO: Cron ran at: 29-05-2025 07:35:31 AM [] []
[2025-05-29 07:40:35] SlimMonoLogger.INFO: Cron ran at: 29-05-2025 07:40:35 AM [] []
[2025-05-29 07:45:38] SlimMonoLogger.INFO: Cron ran at: 29-05-2025 07:45:38 AM [] []
[2025-05-29 07:50:42] SlimMonoLogger.INFO: Cron ran at: 29-05-2025 07:50:42 AM [] []
[2025-05-29 07:55:40] SlimMonoLogger.INFO: Cron ran at: 29-05-2025 07:55:40 AM [] []
[2025-05-29 08:00:45] SlimMonoLogger.INFO: Cron ran at: 29-05-2025 08:00:45 AM [] []
[2025-05-29 08:05:38] SlimMonoLogger.INFO: Cron ran at: 29-05-2025 08:05:38 AM [] []
[2025-05-29 08:10:33] SlimMonoLogger.INFO: Cron ran at: 29-05-2025 08:10:33 AM [] []
[2025-05-29 08:15:40] SlimMonoLogger.INFO: Cron ran at: 29-05-2025 08:15:40 AM [] []
[2025-05-29 08:20:34] SlimMonoLogger.INFO: Cron ran at: 29-05-2025 08:20:34 AM [] []
[2025-05-29 08:25:40] SlimMonoLogger.INFO: Cron ran at: 29-05-2025 08:25:40 AM [] []
[2025-05-29 08:30:41] SlimMonoLogger.INFO: Cron ran at: 29-05-2025 08:30:41 AM [] []
[2025-05-29 08:35:44] SlimMonoLogger.INFO: Cron ran at: 29-05-2025 08:35:44 AM [] []
[2025-05-29 08:40:43] SlimMonoLogger.INFO: Cron ran at: 29-05-2025 08:40:43 AM [] []
[2025-05-29 08:45:44] SlimMonoLogger.INFO: Cron ran at: 29-05-2025 08:45:44 AM [] []
[2025-05-29 08:50:40] SlimMonoLogger.INFO: Cron ran at: 29-05-2025 08:50:40 AM [] []
[2025-05-29 08:55:39] SlimMonoLogger.INFO: Cron ran at: 29-05-2025 08:55:39 AM [] []
[2025-05-29 09:00:42] SlimMonoLogger.INFO: Cron ran at: 29-05-2025 09:00:42 AM [] []
[2025-05-29 09:05:36] SlimMonoLogger.INFO: Cron ran at: 29-05-2025 09:05:36 AM [] []
[2025-05-29 09:10:39] SlimMonoLogger.INFO: Cron ran at: 29-05-2025 09:10:39 AM [] []
[2025-05-29 09:15:40] SlimMonoLogger.INFO: Cron ran at: 29-05-2025 09:15:40 AM [] []
[2025-05-29 09:20:35] SlimMonoLogger.INFO: Cron ran at: 29-05-2025 09:20:35 AM [] []
[2025-05-29 09:25:33] SlimMonoLogger.INFO: Cron ran at: 29-05-2025 09:25:33 AM [] []
[2025-05-29 09:30:40] SlimMonoLogger.INFO: Cron ran at: 29-05-2025 09:30:40 AM [] []
[2025-05-29 09:35:35] SlimMonoLogger.INFO: Cron ran at: 29-05-2025 09:35:35 AM [] []
[2025-05-29 09:45:36] SlimMonoLogger.INFO: Cron ran at: 29-05-2025 09:45:36 AM [] []
[2025-05-29 09:50:37] SlimMonoLogger.INFO: Cron ran at: 29-05-2025 09:50:37 AM [] []
[2025-05-29 09:55:34] SlimMonoLogger.INFO: Cron ran at: 29-05-2025 09:55:34 AM [] []
[2025-05-29 10:00:42] SlimMonoLogger.INFO: Cron ran at: 29-05-2025 10:00:42 AM [] []
[2025-05-29 10:05:31] SlimMonoLogger.INFO: Cron ran at: 29-05-2025 10:05:31 AM [] []
[2025-05-29 10:10:32] SlimMonoLogger.INFO: Cron ran at: 29-05-2025 10:10:32 AM [] []
[2025-05-29 10:15:39] SlimMonoLogger.INFO: Cron ran at: 29-05-2025 10:15:39 AM [] []
[2025-05-29 10:20:36] SlimMonoLogger.INFO: Cron ran at: 29-05-2025 10:20:36 AM [] []
[2025-05-29 10:25:35] SlimMonoLogger.INFO: Cron ran at: 29-05-2025 10:25:35 AM [] []
[2025-05-29 10:30:37] SlimMonoLogger.INFO: Cron ran at: 29-05-2025 10:30:37 AM [] []
[2025-05-29 10:35:31] SlimMonoLogger.INFO: Cron ran at: 29-05-2025 10:35:31 AM [] []
[2025-05-29 10:40:32] SlimMonoLogger.INFO: Cron ran at: 29-05-2025 10:40:32 AM [] []
[2025-05-29 10:45:36] SlimMonoLogger.INFO: Cron ran at: 29-05-2025 10:45:36 AM [] []
[2025-05-29 10:50:34] SlimMonoLogger.INFO: Cron ran at: 29-05-2025 10:50:34 AM [] []
[2025-05-29 10:55:36] SlimMonoLogger.INFO: Cron ran at: 29-05-2025 10:55:36 AM [] []
[2025-05-29 11:00:37] SlimMonoLogger.INFO: Cron ran at: 29-05-2025 11:00:37 AM [] []
[2025-05-29 11:05:37] SlimMonoLogger.INFO: Cron ran at: 29-05-2025 11:05:37 AM [] []
[2025-05-29 11:10:38] SlimMonoLogger.INFO: Cron ran at: 29-05-2025 11:10:38 AM [] []
[2025-05-29 11:15:34] SlimMonoLogger.INFO: Cron ran at: 29-05-2025 11:15:34 AM [] []
[2025-05-29 11:20:33] SlimMonoLogger.INFO: Cron ran at: 29-05-2025 11:20:33 AM [] []
[2025-05-29 11:25:30] SlimMonoLogger.INFO: Cron ran at: 29-05-2025 11:25:30 AM [] []
[2025-05-29 11:30:31] SlimMonoLogger.INFO: Cron ran at: 29-05-2025 11:30:31 AM [] []
[2025-05-29 11:35:38] SlimMonoLogger.INFO: Cron ran at: 29-05-2025 11:35:38 AM [] []
[2025-05-29 11:40:32] SlimMonoLogger.INFO: Cron ran at: 29-05-2025 11:40:32 AM [] []
[2025-05-29 11:45:31] SlimMonoLogger.INFO: Cron ran at: 29-05-2025 11:45:31 AM [] []
[2025-05-29 11:50:35] SlimMonoLogger.INFO: Cron ran at: 29-05-2025 11:50:35 AM [] []
[2025-05-29 11:55:28] SlimMonoLogger.INFO: Cron ran at: 29-05-2025 11:55:28 AM [] []
[2025-05-29 12:00:34] SlimMonoLogger.INFO: Cron ran at: 29-05-2025 12:00:34 PM [] []
[2025-05-29 12:05:33] SlimMonoLogger.INFO: Cron ran at: 29-05-2025 12:05:33 PM [] []
[2025-05-29 12:10:43] SlimMonoLogger.INFO: Cron ran at: 29-05-2025 12:10:43 PM [] []
[2025-05-29 12:15:33] SlimMonoLogger.INFO: Cron ran at: 29-05-2025 12:15:33 PM [] []
[2025-05-29 12:20:31] SlimMonoLogger.INFO: Cron ran at: 29-05-2025 12:20:31 PM [] []
[2025-05-29 12:25:30] SlimMonoLogger.INFO: Cron ran at: 29-05-2025 12:25:30 PM [] []
[2025-05-29 12:30:45] SlimMonoLogger.INFO: Cron ran at: 29-05-2025 12:30:45 PM [] []
[2025-05-29 12:35:35] SlimMonoLogger.INFO: Cron ran at: 29-05-2025 12:35:35 PM [] []
[2025-05-29 12:40:54] SlimMonoLogger.INFO: Cron ran at: 29-05-2025 12:40:54 PM [] []
[2025-05-29 12:45:43] SlimMonoLogger.INFO: Cron ran at: 29-05-2025 12:45:43 PM [] []
[2025-05-29 12:50:36] SlimMonoLogger.INFO: Cron ran at: 29-05-2025 12:50:36 PM [] []
[2025-05-29 12:55:34] SlimMonoLogger.INFO: Cron ran at: 29-05-2025 12:55:34 PM [] []
[2025-05-29 13:00:39] SlimMonoLogger.INFO: Cron ran at: 29-05-2025 01:00:39 PM [] []
[2025-05-29 13:05:36] SlimMonoLogger.INFO: Cron ran at: 29-05-2025 01:05:36 PM [] []
[2025-05-29 13:10:32] SlimMonoLogger.INFO: Cron ran at: 29-05-2025 01:10:32 PM [] []
[2025-05-29 13:15:33] SlimMonoLogger.INFO: Cron ran at: 29-05-2025 01:15:33 PM [] []
[2025-05-29 13:20:30] SlimMonoLogger.INFO: Cron ran at: 29-05-2025 01:20:30 PM [] []
[2025-05-29 13:25:32] SlimMonoLogger.INFO: Cron ran at: 29-05-2025 01:25:32 PM [] []
[2025-05-29 13:30:36] SlimMonoLogger.INFO: Cron ran at: 29-05-2025 01:30:36 PM [] []
[2025-05-29 13:35:32] SlimMonoLogger.INFO: Cron ran at: 29-05-2025 01:35:32 PM [] []
[2025-05-29 13:40:34] SlimMonoLogger.INFO: Cron ran at: 29-05-2025 01:40:34 PM [] []
[2025-05-29 13:45:38] SlimMonoLogger.INFO: Cron ran at: 29-05-2025 01:45:38 PM [] []
[2025-05-29 13:50:35] SlimMonoLogger.INFO: Cron ran at: 29-05-2025 01:50:35 PM [] []
[2025-05-29 13:55:39] SlimMonoLogger.INFO: Cron ran at: 29-05-2025 01:55:39 PM [] []
[2025-05-29 14:00:34] SlimMonoLogger.INFO: Cron ran at: 29-05-2025 02:00:34 PM [] []
[2025-05-29 14:05:33] SlimMonoLogger.INFO: Cron ran at: 29-05-2025 02:05:33 PM [] []
[2025-05-29 14:10:34] SlimMonoLogger.INFO: Cron ran at: 29-05-2025 02:10:34 PM [] []
[2025-05-29 14:15:38] SlimMonoLogger.INFO: Cron ran at: 29-05-2025 02:15:38 PM [] []
[2025-05-29 14:20:32] SlimMonoLogger.INFO: Cron ran at: 29-05-2025 02:20:32 PM [] []
[2025-05-29 14:25:36] SlimMonoLogger.INFO: Cron ran at: 29-05-2025 02:25:36 PM [] []
[2025-05-29 14:30:42] SlimMonoLogger.INFO: Cron ran at: 29-05-2025 02:30:42 PM [] []
[2025-05-29 14:35:44] SlimMonoLogger.INFO: Cron ran at: 29-05-2025 02:35:44 PM [] []
[2025-05-29 14:40:36] SlimMonoLogger.INFO: Cron ran at: 29-05-2025 02:40:36 PM [] []
[2025-05-29 14:45:32] SlimMonoLogger.INFO: Cron ran at: 29-05-2025 02:45:32 PM [] []
[2025-05-29 14:50:40] SlimMonoLogger.INFO: Cron ran at: 29-05-2025 02:50:40 PM [] []
[2025-05-29 14:55:27] SlimMonoLogger.ERROR: Requests_Exception: cURL error 52: Empty reply from server in /home/latihtal/public_html/agregator1/src/vendor/rmccue/requests/library/Requests/Transport/cURL.php:422
Stack trace:
#0 /home/latihtal/public_html/agregator1/src/vendor/rmccue/requests/library/Requests/Transport/cURL.php(177): Requests_Transport_cURL->process_response()
#1 /home/latihtal/public_html/agregator1/src/vendor/rmccue/requests/library/Requests.php(379): Requests_Transport_cURL->request()
#2 /home/latihtal/public_html/agregator1/src/vendor/rmccue/requests/library/Requests/Session.php(205): Requests::request()
#3 /home/latihtal/public_html/agregator1/src/vendor/rmccue/requests/library/Requests/Session.php(132): Requests_Session->request()
#4 /home/latihtal/public_html/agregator1/src/drivers/Http/RssImporter.php(144): Requests_Session->get()
#5 /home/latihtal/public_html/agregator1/src/controllers/Dashboard/DashboardFeedsController.php(534): spark\drivers\Http\RssImporter->fetchPosts()
#6 /home/latihtal/public_html/agregator1/src/controllers/Site/SiteController.php(722): spark\controllers\Dashboard\DashboardFeedsController::importFeedPosts()
#7 [internal function]: spark\controllers\Site\SiteController->runTasks()
#8 /home/latihtal/public_html/agregator1/src/framework/Route.php(173): call_user_func_array()
#9 [internal function]: Slim\Route->Slim\{closure}()
#10 /home/latihtal/public_html/agregator1/src/framework/Route.php(468): call_user_func_array()
#11 /home/latihtal/public_html/agregator1/src/framework/Slim.php(1364): Slim\Route->dispatch()
#12 /home/latihtal/public_html/agregator1/src/framework/Middleware/Flash.php(85): Slim\Slim->call()
#13 /home/latihtal/public_html/agregator1/src/framework/Middleware/MethodOverride.php(92): Slim\Middleware\Flash->call()
#14 /home/latihtal/public_html/agregator1/src/middlewares/CsrfGuard/CsrfGuard.php(47): Slim\Middleware\MethodOverride->call()
#15 /home/latihtal/public_html/agregator1/src/framework/Middleware/PrettyExceptions.php(67): spark\middlewares\CsrfGuard\CsrfGuard->call()
#16 /home/latihtal/public_html/agregator1/src/framework/Slim.php(1308): Slim\Middleware\PrettyExceptions->call()
#17 /home/latihtal/public_html/agregator1/index.php(6): Slim\Slim->run()
#18 {main} [] []
[2025-05-29 14:55:37] SlimMonoLogger.INFO: Cron ran at: 29-05-2025 02:55:37 PM [] []
[2025-05-29 15:00:36] SlimMonoLogger.INFO: Cron ran at: 29-05-2025 03:00:36 PM [] []
[2025-05-29 15:05:33] SlimMonoLogger.INFO: Cron ran at: 29-05-2025 03:05:33 PM [] []
[2025-05-29 15:10:30] SlimMonoLogger.INFO: Cron ran at: 29-05-2025 03:10:30 PM [] []
[2025-05-29 15:15:34] SlimMonoLogger.INFO: Cron ran at: 29-05-2025 03:15:34 PM [] []
[2025-05-29 15:20:32] SlimMonoLogger.INFO: Cron ran at: 29-05-2025 03:20:32 PM [] []
[2025-05-29 15:25:31] SlimMonoLogger.INFO: Cron ran at: 29-05-2025 03:25:31 PM [] []
[2025-05-29 15:30:33] SlimMonoLogger.INFO: Cron ran at: 29-05-2025 03:30:33 PM [] []
[2025-05-29 15:35:31] SlimMonoLogger.INFO: Cron ran at: 29-05-2025 03:35:31 PM [] []
[2025-05-29 15:40:33] SlimMonoLogger.INFO: Cron ran at: 29-05-2025 03:40:33 PM [] []
[2025-05-29 15:45:33] SlimMonoLogger.INFO: Cron ran at: 29-05-2025 03:45:33 PM [] []
[2025-05-29 15:50:33] SlimMonoLogger.INFO: Cron ran at: 29-05-2025 03:50:33 PM [] []
[2025-05-29 15:55:34] SlimMonoLogger.INFO: Cron ran at: 29-05-2025 03:55:34 PM [] []
[2025-05-29 16:00:38] SlimMonoLogger.INFO: Cron ran at: 29-05-2025 04:00:38 PM [] []
[2025-05-29 16:05:34] SlimMonoLogger.INFO: Cron ran at: 29-05-2025 04:05:34 PM [] []
[2025-05-29 16:10:35] SlimMonoLogger.INFO: Cron ran at: 29-05-2025 04:10:35 PM [] []
[2025-05-29 16:15:43] SlimMonoLogger.INFO: Cron ran at: 29-05-2025 04:15:43 PM [] []
[2025-05-29 16:20:32] SlimMonoLogger.INFO: Cron ran at: 29-05-2025 04:20:32 PM [] []
[2025-05-29 16:25:32] SlimMonoLogger.INFO: Cron ran at: 29-05-2025 04:25:32 PM [] []
[2025-05-29 16:30:33] SlimMonoLogger.INFO: Cron ran at: 29-05-2025 04:30:33 PM [] []
[2025-05-29 16:35:36] SlimMonoLogger.INFO: Cron ran at: 29-05-2025 04:35:36 PM [] []
[2025-05-29 16:40:34] SlimMonoLogger.INFO: Cron ran at: 29-05-2025 04:40:34 PM [] []
[2025-05-29 16:45:33] SlimMonoLogger.INFO: Cron ran at: 29-05-2025 04:45:33 PM [] []
[2025-05-29 16:50:33] SlimMonoLogger.INFO: Cron ran at: 29-05-2025 04:50:33 PM [] []
[2025-05-29 16:55:40] SlimMonoLogger.INFO: Cron ran at: 29-05-2025 04:55:40 PM [] []
[2025-05-29 17:00:39] SlimMonoLogger.INFO: Cron ran at: 29-05-2025 05:00:39 PM [] []
[2025-05-29 17:05:33] SlimMonoLogger.INFO: Cron ran at: 29-05-2025 05:05:33 PM [] []
[2025-05-29 17:10:35] SlimMonoLogger.INFO: Cron ran at: 29-05-2025 05:10:35 PM [] []
[2025-05-29 17:15:38] SlimMonoLogger.INFO: Cron ran at: 29-05-2025 05:15:38 PM [] []
[2025-05-29 17:20:34] SlimMonoLogger.INFO: Cron ran at: 29-05-2025 05:20:34 PM [] []
[2025-05-29 17:25:39] SlimMonoLogger.INFO: Cron ran at: 29-05-2025 05:25:39 PM [] []
[2025-05-29 17:30:39] SlimMonoLogger.INFO: Cron ran at: 29-05-2025 05:30:39 PM [] []
[2025-05-29 17:35:36] SlimMonoLogger.INFO: Cron ran at: 29-05-2025 05:35:36 PM [] []
[2025-05-29 17:40:31] SlimMonoLogger.INFO: Cron ran at: 29-05-2025 05:40:31 PM [] []
[2025-05-29 17:45:31] SlimMonoLogger.INFO: Cron ran at: 29-05-2025 05:45:31 PM [] []
[2025-05-29 17:50:31] SlimMonoLogger.INFO: Cron ran at: 29-05-2025 05:50:31 PM [] []
[2025-05-29 17:55:32] SlimMonoLogger.INFO: Cron ran at: 29-05-2025 05:55:32 PM [] []
[2025-05-29 18:00:34] SlimMonoLogger.INFO: Cron ran at: 29-05-2025 06:00:34 PM [] []
[2025-05-29 18:05:35] SlimMonoLogger.INFO: Cron ran at: 29-05-2025 06:05:35 PM [] []
[2025-05-29 18:10:29] SlimMonoLogger.INFO: Cron ran at: 29-05-2025 06:10:29 PM [] []
[2025-05-29 18:15:31] SlimMonoLogger.INFO: Cron ran at: 29-05-2025 06:15:31 PM [] []
[2025-05-29 18:20:30] SlimMonoLogger.INFO: Cron ran at: 29-05-2025 06:20:30 PM [] []
[2025-05-29 18:25:28] SlimMonoLogger.INFO: Cron ran at: 29-05-2025 06:25:28 PM [] []
[2025-05-29 18:30:38] SlimMonoLogger.INFO: Cron ran at: 29-05-2025 06:30:38 PM [] []
[2025-05-29 18:35:33] SlimMonoLogger.INFO: Cron ran at: 29-05-2025 06:35:33 PM [] []
[2025-05-29 18:40:40] SlimMonoLogger.INFO: Cron ran at: 29-05-2025 06:40:40 PM [] []
[2025-05-29 18:45:35] SlimMonoLogger.INFO: Cron ran at: 29-05-2025 06:45:35 PM [] []
[2025-05-29 18:50:31] SlimMonoLogger.INFO: Cron ran at: 29-05-2025 06:50:31 PM [] []
[2025-05-29 18:55:28] SlimMonoLogger.INFO: Cron ran at: 29-05-2025 06:55:28 PM [] []
[2025-05-29 19:00:31] SlimMonoLogger.INFO: Cron ran at: 29-05-2025 07:00:31 PM [] []
[2025-05-29 19:05:33] SlimMonoLogger.INFO: Cron ran at: 29-05-2025 07:05:33 PM [] []
[2025-05-29 19:10:30] SlimMonoLogger.INFO: Cron ran at: 29-05-2025 07:10:30 PM [] []
[2025-05-29 19:15:30] SlimMonoLogger.INFO: Cron ran at: 29-05-2025 07:15:30 PM [] []
[2025-05-29 19:20:30] SlimMonoLogger.INFO: Cron ran at: 29-05-2025 07:20:30 PM [] []
[2025-05-29 19:25:30] SlimMonoLogger.INFO: Cron ran at: 29-05-2025 07:25:30 PM [] []
[2025-05-29 19:30:31] SlimMonoLogger.INFO: Cron ran at: 29-05-2025 07:30:31 PM [] []
[2025-05-29 19:35:31] SlimMonoLogger.INFO: Cron ran at: 29-05-2025 07:35:31 PM [] []
[2025-05-29 19:40:31] SlimMonoLogger.INFO: Cron ran at: 29-05-2025 07:40:31 PM [] []
[2025-05-29 19:45:35] SlimMonoLogger.INFO: Cron ran at: 29-05-2025 07:45:35 PM [] []
[2025-05-29 19:50:30] SlimMonoLogger.INFO: Cron ran at: 29-05-2025 07:50:30 PM [] []
[2025-05-29 19:55:30] SlimMonoLogger.INFO: Cron ran at: 29-05-2025 07:55:30 PM [] []
[2025-05-29 20:00:32] SlimMonoLogger.INFO: Cron ran at: 29-05-2025 08:00:32 PM [] []
[2025-05-29 20:05:31] SlimMonoLogger.INFO: Cron ran at: 29-05-2025 08:05:31 PM [] []
[2025-05-29 20:10:35] SlimMonoLogger.INFO: Cron ran at: 29-05-2025 08:10:35 PM [] []
[2025-05-29 20:15:33] SlimMonoLogger.INFO: Cron ran at: 29-05-2025 08:15:33 PM [] []
[2025-05-29 20:20:36] SlimMonoLogger.INFO: Cron ran at: 29-05-2025 08:20:36 PM [] []
[2025-05-29 20:25:34] SlimMonoLogger.INFO: Cron ran at: 29-05-2025 08:25:34 PM [] []
[2025-05-29 20:30:41] SlimMonoLogger.INFO: Cron ran at: 29-05-2025 08:30:41 PM [] []
[2025-05-29 20:35:38] SlimMonoLogger.INFO: Cron ran at: 29-05-2025 08:35:38 PM [] []
[2025-05-29 20:40:44] SlimMonoLogger.INFO: Cron ran at: 29-05-2025 08:40:44 PM [] []
[2025-05-29 20:45:39] SlimMonoLogger.INFO: Cron ran at: 29-05-2025 08:45:39 PM [] []
[2025-05-29 20:50:35] SlimMonoLogger.INFO: Cron ran at: 29-05-2025 08:50:35 PM [] []
[2025-05-29 20:55:39] SlimMonoLogger.INFO: Cron ran at: 29-05-2025 08:55:39 PM [] []
[2025-05-29 21:00:44] SlimMonoLogger.INFO: Cron ran at: 29-05-2025 09:00:44 PM [] []
[2025-05-29 21:05:39] SlimMonoLogger.INFO: Cron ran at: 29-05-2025 09:05:39 PM [] []
[2025-05-29 21:10:30] SlimMonoLogger.INFO: Cron ran at: 29-05-2025 09:10:30 PM [] []
[2025-05-29 21:15:35] SlimMonoLogger.INFO: Cron ran at: 29-05-2025 09:15:35 PM [] []
[2025-05-29 21:20:33] SlimMonoLogger.INFO: Cron ran at: 29-05-2025 09:20:33 PM [] []
[2025-05-29 21:25:32] SlimMonoLogger.INFO: Cron ran at: 29-05-2025 09:25:32 PM [] []
[2025-05-29 21:30:39] SlimMonoLogger.INFO: Cron ran at: 29-05-2025 09:30:39 PM [] []
[2025-05-29 21:35:34] SlimMonoLogger.INFO: Cron ran at: 29-05-2025 09:35:34 PM [] []
[2025-05-29 21:40:36] SlimMonoLogger.INFO: Cron ran at: 29-05-2025 09:40:36 PM [] []
[2025-05-29 21:45:34] SlimMonoLogger.INFO: Cron ran at: 29-05-2025 09:45:34 PM [] []
[2025-05-29 21:50:30] SlimMonoLogger.INFO: Cron ran at: 29-05-2025 09:50:30 PM [] []
[2025-05-29 21:55:35] SlimMonoLogger.INFO: Cron ran at: 29-05-2025 09:55:35 PM [] []
[2025-05-29 22:00:39] SlimMonoLogger.INFO: Cron ran at: 29-05-2025 10:00:39 PM [] []
[2025-05-29 22:05:35] SlimMonoLogger.INFO: Cron ran at: 29-05-2025 10:05:35 PM [] []
[2025-05-29 22:10:33] SlimMonoLogger.INFO: Cron ran at: 29-05-2025 10:10:33 PM [] []
[2025-05-29 22:15:40] SlimMonoLogger.INFO: Cron ran at: 29-05-2025 10:15:40 PM [] []
[2025-05-29 22:20:35] SlimMonoLogger.INFO: Cron ran at: 29-05-2025 10:20:35 PM [] []
[2025-05-29 22:25:34] SlimMonoLogger.INFO: Cron ran at: 29-05-2025 10:25:34 PM [] []
[2025-05-29 22:30:34] SlimMonoLogger.INFO: Cron ran at: 29-05-2025 10:30:34 PM [] []
[2025-05-29 22:35:33] SlimMonoLogger.INFO: Cron ran at: 29-05-2025 10:35:33 PM [] []
[2025-05-29 22:40:33] SlimMonoLogger.INFO: Cron ran at: 29-05-2025 10:40:33 PM [] []
[2025-05-29 22:45:33] SlimMonoLogger.INFO: Cron ran at: 29-05-2025 10:45:33 PM [] []
[2025-05-29 22:50:32] SlimMonoLogger.INFO: Cron ran at: 29-05-2025 10:50:32 PM [] []
[2025-05-29 22:55:31] SlimMonoLogger.INFO: Cron ran at: 29-05-2025 10:55:31 PM [] []
[2025-05-29 23:00:39] SlimMonoLogger.INFO: Cron ran at: 29-05-2025 11:00:39 PM [] []
[2025-05-29 23:05:35] SlimMonoLogger.INFO: Cron ran at: 29-05-2025 11:05:35 PM [] []
[2025-05-29 23:10:35] SlimMonoLogger.INFO: Cron ran at: 29-05-2025 11:10:35 PM [] []
[2025-05-29 23:15:34] SlimMonoLogger.INFO: Cron ran at: 29-05-2025 11:15:34 PM [] []
[2025-05-29 23:20:30] SlimMonoLogger.INFO: Cron ran at: 29-05-2025 11:20:30 PM [] []
[2025-05-29 23:25:32] SlimMonoLogger.INFO: Cron ran at: 29-05-2025 11:25:32 PM [] []
[2025-05-29 23:30:35] SlimMonoLogger.INFO: Cron ran at: 29-05-2025 11:30:35 PM [] []
[2025-05-29 23:35:32] SlimMonoLogger.INFO: Cron ran at: 29-05-2025 11:35:32 PM [] []
[2025-05-29 23:40:33] SlimMonoLogger.INFO: Cron ran at: 29-05-2025 11:40:33 PM [] []
[2025-05-29 23:45:31] SlimMonoLogger.INFO: Cron ran at: 29-05-2025 11:45:31 PM [] []
[2025-05-29 23:50:34] SlimMonoLogger.INFO: Cron ran at: 29-05-2025 11:50:34 PM [] []
[2025-05-29 23:55:33] SlimMonoLogger.INFO: Cron ran at: 29-05-2025 11:55:33 PM [] []
[2025-05-30 00:00:43] SlimMonoLogger.INFO: Cron ran at: 30-05-2025 12:00:43 AM [] []
[2025-05-30 00:05:30] SlimMonoLogger.INFO: Cron ran at: 30-05-2025 12:05:30 AM [] []
[2025-05-30 00:10:31] SlimMonoLogger.INFO: Cron ran at: 30-05-2025 12:10:31 AM [] []
[2025-05-30 00:15:30] SlimMonoLogger.INFO: Cron ran at: 30-05-2025 12:15:30 AM [] []
[2025-05-30 00:20:32] SlimMonoLogger.INFO: Cron ran at: 30-05-2025 12:20:32 AM [] []
[2025-05-30 00:25:31] SlimMonoLogger.INFO: Cron ran at: 30-05-2025 12:25:31 AM [] []
[2025-05-30 00:30:39] SlimMonoLogger.INFO: Cron ran at: 30-05-2025 12:30:39 AM [] []
[2025-05-30 00:35:32] SlimMonoLogger.INFO: Cron ran at: 30-05-2025 12:35:32 AM [] []
[2025-05-30 00:40:30] SlimMonoLogger.INFO: Cron ran at: 30-05-2025 12:40:30 AM [] []
[2025-05-30 00:45:34] SlimMonoLogger.INFO: Cron ran at: 30-05-2025 12:45:34 AM [] []
[2025-05-30 00:50:34] SlimMonoLogger.INFO: Cron ran at: 30-05-2025 12:50:34 AM [] []
[2025-05-30 00:55:33] SlimMonoLogger.INFO: Cron ran at: 30-05-2025 12:55:33 AM [] []
[2025-05-30 01:00:37] SlimMonoLogger.INFO: Cron ran at: 30-05-2025 01:00:37 AM [] []
[2025-05-30 01:05:32] SlimMonoLogger.INFO: Cron ran at: 30-05-2025 01:05:32 AM [] []
[2025-05-30 01:10:32] SlimMonoLogger.INFO: Cron ran at: 30-05-2025 01:10:32 AM [] []
[2025-05-30 01:15:33] SlimMonoLogger.INFO: Cron ran at: 30-05-2025 01:15:33 AM [] []
[2025-05-30 01:20:29] SlimMonoLogger.INFO: Cron ran at: 30-05-2025 01:20:29 AM [] []
[2025-05-30 01:25:31] SlimMonoLogger.INFO: Cron ran at: 30-05-2025 01:25:31 AM [] []
[2025-05-30 01:30:33] SlimMonoLogger.INFO: Cron ran at: 30-05-2025 01:30:33 AM [] []
[2025-05-30 01:35:33] SlimMonoLogger.INFO: Cron ran at: 30-05-2025 01:35:33 AM [] []
[2025-05-30 01:40:34] SlimMonoLogger.INFO: Cron ran at: 30-05-2025 01:40:34 AM [] []
[2025-05-30 01:45:32] SlimMonoLogger.INFO: Cron ran at: 30-05-2025 01:45:32 AM [] []
[2025-05-30 01:50:33] SlimMonoLogger.INFO: Cron ran at: 30-05-2025 01:50:33 AM [] []
[2025-05-30 01:55:33] SlimMonoLogger.INFO: Cron ran at: 30-05-2025 01:55:33 AM [] []
