[2026-01-29 01:01:13] SlimMonoLogger.INFO: Cron ran at: 29-01-2026 01:01:13 AM [] []
[2026-01-29 01:06:12] SlimMonoLogger.INFO: Cron ran at: 29-01-2026 01:06:12 AM [] []
[2026-01-29 01:11:09] SlimMonoLogger.INFO: Cron ran at: 29-01-2026 01:11:09 AM [] []
[2026-01-29 01:16:12] SlimMonoLogger.INFO: Cron ran at: 29-01-2026 01:16:12 AM [] []
[2026-01-29 01:21:16] SlimMonoLogger.INFO: Cron ran at: 29-01-2026 01:21:16 AM [] []
[2026-01-29 01:26:12] SlimMonoLogger.INFO: Cron ran at: 29-01-2026 01:26:12 AM [] []
[2026-01-29 01:31:12] SlimMonoLogger.INFO: Cron ran at: 29-01-2026 01:31:12 AM [] []
[2026-01-29 01:36:09] SlimMonoLogger.INFO: Cron ran at: 29-01-2026 01:36:09 AM [] []
[2026-01-29 01:41:06] SlimMonoLogger.INFO: Cron ran at: 29-01-2026 01:41:06 AM [] []
[2026-01-29 01:46:09] SlimMonoLogger.INFO: Cron ran at: 29-01-2026 01:46:09 AM [] []
[2026-01-29 01:51:07] SlimMonoLogger.INFO: Cron ran at: 29-01-2026 01:51:07 AM [] []
[2026-01-29 01:56:07] SlimMonoLogger.INFO: Cron ran at: 29-01-2026 01:56:07 AM [] []
[2026-01-29 02:01:11] SlimMonoLogger.INFO: Cron ran at: 29-01-2026 02:01:11 AM [] []
[2026-01-29 02:06:11] SlimMonoLogger.INFO: Cron ran at: 29-01-2026 02:06:11 AM [] []
[2026-01-29 02:11:14] SlimMonoLogger.INFO: Cron ran at: 29-01-2026 02:11:14 AM [] []
[2026-01-29 02:16:17] SlimMonoLogger.INFO: Cron ran at: 29-01-2026 02:16:17 AM [] []
[2026-01-29 02:21:22] SlimMonoLogger.INFO: Cron ran at: 29-01-2026 02:21:22 AM [] []
[2026-01-29 02:26:18] SlimMonoLogger.INFO: Cron ran at: 29-01-2026 02:26:18 AM [] []
[2026-01-29 02:31:21] SlimMonoLogger.INFO: Cron ran at: 29-01-2026 02:31:21 AM [] []
[2026-01-29 02:41:11] SlimMonoLogger.INFO: Cron ran at: 29-01-2026 02:41:11 AM [] []
[2026-01-29 02:44:13] SlimMonoLogger.ERROR: Requests_Exception: cURL error 28: Operation timed out after 500001 milliseconds with 0 bytes received in /home/latihtal/public_html/agregator1/src/vendor/rmccue/requests/library/Requests/Transport/cURL.php:422
Stack trace:
#0 /home/latihtal/public_html/agregator1/src/vendor/rmccue/requests/library/Requests/Transport/cURL.php(177): Requests_Transport_cURL->process_response()
#1 /home/latihtal/public_html/agregator1/src/vendor/rmccue/requests/library/Requests.php(379): Requests_Transport_cURL->request()
#2 /home/latihtal/public_html/agregator1/src/vendor/rmccue/requests/library/Requests/Session.php(205): Requests::request()
#3 /home/latihtal/public_html/agregator1/src/vendor/rmccue/requests/library/Requests/Session.php(132): Requests_Session->request()
#4 /home/latihtal/public_html/agregator1/src/drivers/Http/RssImporter.php(144): Requests_Session->get()
#5 /home/latihtal/public_html/agregator1/src/controllers/Dashboard/DashboardFeedsController.php(534): spark\drivers\Http\RssImporter->fetchPosts()
#6 /home/latihtal/public_html/agregator1/src/controllers/Site/SiteController.php(722): spark\controllers\Dashboard\DashboardFeedsController::importFeedPosts()
#7 [internal function]: spark\controllers\Site\SiteController->runTasks()
#8 /home/latihtal/public_html/agregator1/src/framework/Route.php(173): call_user_func_array()
#9 [internal function]: Slim\Route->Slim\{closure}()
#10 /home/latihtal/public_html/agregator1/src/framework/Route.php(468): call_user_func_array()
#11 /home/latihtal/public_html/agregator1/src/framework/Slim.php(1364): Slim\Route->dispatch()
#12 /home/latihtal/public_html/agregator1/src/framework/Middleware/Flash.php(85): Slim\Slim->call()
#13 /home/latihtal/public_html/agregator1/src/framework/Middleware/MethodOverride.php(92): Slim\Middleware\Flash->call()
#14 /home/latihtal/public_html/agregator1/src/middlewares/CsrfGuard/CsrfGuard.php(47): Slim\Middleware\MethodOverride->call()
#15 /home/latihtal/public_html/agregator1/src/framework/Middleware/PrettyExceptions.php(67): spark\middlewares\CsrfGuard\CsrfGuard->call()
#16 /home/latihtal/public_html/agregator1/src/framework/Slim.php(1308): Slim\Middleware\PrettyExceptions->call()
#17 /home/latihtal/public_html/agregator1/index.php(6): Slim\Slim->run()
#18 {main} [] []
[2026-01-29 02:44:37] SlimMonoLogger.INFO: Cron ran at: 29-01-2026 02:44:37 AM [] []
[2026-01-29 02:45:59] SlimMonoLogger.ERROR: Requests_Exception: cURL error 56: Recv failure: Connection reset by peer in /home/latihtal/public_html/agregator1/src/vendor/rmccue/requests/library/Requests/Transport/cURL.php:422
Stack trace:
#0 /home/latihtal/public_html/agregator1/src/vendor/rmccue/requests/library/Requests/Transport/cURL.php(177): Requests_Transport_cURL->process_response()
#1 /home/latihtal/public_html/agregator1/src/vendor/rmccue/requests/library/Requests.php(379): Requests_Transport_cURL->request()
#2 /home/latihtal/public_html/agregator1/src/vendor/rmccue/requests/library/Requests/Session.php(205): Requests::request()
#3 /home/latihtal/public_html/agregator1/src/vendor/rmccue/requests/library/Requests/Session.php(132): Requests_Session->request()
#4 /home/latihtal/public_html/agregator1/src/drivers/Http/RssImporter.php(144): Requests_Session->get()
#5 /home/latihtal/public_html/agregator1/src/controllers/Dashboard/DashboardFeedsController.php(534): spark\drivers\Http\RssImporter->fetchPosts()
#6 /home/latihtal/public_html/agregator1/src/controllers/Site/SiteController.php(722): spark\controllers\Dashboard\DashboardFeedsController::importFeedPosts()
#7 [internal function]: spark\controllers\Site\SiteController->runTasks()
#8 /home/latihtal/public_html/agregator1/src/framework/Route.php(173): call_user_func_array()
#9 [internal function]: Slim\Route->Slim\{closure}()
#10 /home/latihtal/public_html/agregator1/src/framework/Route.php(468): call_user_func_array()
#11 /home/latihtal/public_html/agregator1/src/framework/Slim.php(1364): Slim\Route->dispatch()
#12 /home/latihtal/public_html/agregator1/src/framework/Middleware/Flash.php(85): Slim\Slim->call()
#13 /home/latihtal/public_html/agregator1/src/framework/Middleware/MethodOverride.php(92): Slim\Middleware\Flash->call()
#14 /home/latihtal/public_html/agregator1/src/middlewares/CsrfGuard/CsrfGuard.php(47): Slim\Middleware\MethodOverride->call()
#15 /home/latihtal/public_html/agregator1/src/framework/Middleware/PrettyExceptions.php(67): spark\middlewares\CsrfGuard\CsrfGuard->call()
#16 /home/latihtal/public_html/agregator1/src/framework/Slim.php(1308): Slim\Middleware\PrettyExceptions->call()
#17 /home/latihtal/public_html/agregator1/index.php(6): Slim\Slim->run()
#18 {main} [] []
[2026-01-29 02:46:37] SlimMonoLogger.INFO: Cron ran at: 29-01-2026 02:46:37 AM [] []
[2026-01-29 02:51:05] SlimMonoLogger.INFO: Cron ran at: 29-01-2026 02:51:05 AM [] []
[2026-01-29 02:56:05] SlimMonoLogger.INFO: Cron ran at: 29-01-2026 02:56:05 AM [] []
[2026-01-29 03:01:16] SlimMonoLogger.INFO: Cron ran at: 29-01-2026 03:01:16 AM [] []
[2026-01-29 03:06:07] SlimMonoLogger.INFO: Cron ran at: 29-01-2026 03:06:07 AM [] []
[2026-01-29 03:11:10] SlimMonoLogger.INFO: Cron ran at: 29-01-2026 03:11:10 AM [] []
[2026-01-29 03:16:13] SlimMonoLogger.INFO: Cron ran at: 29-01-2026 03:16:13 AM [] []
[2026-01-29 03:21:11] SlimMonoLogger.INFO: Cron ran at: 29-01-2026 03:21:11 AM [] []
[2026-01-29 03:26:11] SlimMonoLogger.INFO: Cron ran at: 29-01-2026 03:26:11 AM [] []
[2026-01-29 03:31:12] SlimMonoLogger.INFO: Cron ran at: 29-01-2026 03:31:12 AM [] []
[2026-01-29 03:36:09] SlimMonoLogger.INFO: Cron ran at: 29-01-2026 03:36:09 AM [] []
[2026-01-29 03:41:09] SlimMonoLogger.INFO: Cron ran at: 29-01-2026 03:41:09 AM [] []
[2026-01-29 03:46:13] SlimMonoLogger.INFO: Cron ran at: 29-01-2026 03:46:13 AM [] []
[2026-01-29 03:51:08] SlimMonoLogger.INFO: Cron ran at: 29-01-2026 03:51:08 AM [] []
[2026-01-29 03:56:09] SlimMonoLogger.INFO: Cron ran at: 29-01-2026 03:56:09 AM [] []
[2026-01-29 04:01:11] SlimMonoLogger.INFO: Cron ran at: 29-01-2026 04:01:11 AM [] []
[2026-01-29 04:06:15] SlimMonoLogger.INFO: Cron ran at: 29-01-2026 04:06:15 AM [] []
[2026-01-29 04:11:07] SlimMonoLogger.INFO: Cron ran at: 29-01-2026 04:11:07 AM [] []
[2026-01-29 04:16:09] SlimMonoLogger.INFO: Cron ran at: 29-01-2026 04:16:09 AM [] []
[2026-01-29 04:21:07] SlimMonoLogger.INFO: Cron ran at: 29-01-2026 04:21:07 AM [] []
[2026-01-29 04:26:06] SlimMonoLogger.INFO: Cron ran at: 29-01-2026 04:26:06 AM [] []
[2026-01-29 04:32:26] SlimMonoLogger.INFO: Cron ran at: 29-01-2026 04:32:26 AM [] []
[2026-01-29 04:36:05] SlimMonoLogger.INFO: Cron ran at: 29-01-2026 04:36:05 AM [] []
[2026-01-29 04:41:05] SlimMonoLogger.INFO: Cron ran at: 29-01-2026 04:41:05 AM [] []
[2026-01-29 04:46:15] SlimMonoLogger.INFO: Cron ran at: 29-01-2026 04:46:15 AM [] []
[2026-01-29 04:51:11] SlimMonoLogger.INFO: Cron ran at: 29-01-2026 04:51:11 AM [] []
[2026-01-29 04:56:07] SlimMonoLogger.INFO: Cron ran at: 29-01-2026 04:56:07 AM [] []
[2026-01-29 05:01:08] SlimMonoLogger.INFO: Cron ran at: 29-01-2026 05:01:08 AM [] []
[2026-01-29 05:06:08] SlimMonoLogger.INFO: Cron ran at: 29-01-2026 05:06:08 AM [] []
[2026-01-29 05:11:10] SlimMonoLogger.INFO: Cron ran at: 29-01-2026 05:11:10 AM [] []
[2026-01-29 05:16:08] SlimMonoLogger.INFO: Cron ran at: 29-01-2026 05:16:08 AM [] []
[2026-01-29 05:21:09] SlimMonoLogger.INFO: Cron ran at: 29-01-2026 05:21:09 AM [] []
[2026-01-29 05:26:06] SlimMonoLogger.INFO: Cron ran at: 29-01-2026 05:26:06 AM [] []
[2026-01-29 05:31:51] SlimMonoLogger.INFO: Cron ran at: 29-01-2026 05:31:51 AM [] []
[2026-01-29 05:36:09] SlimMonoLogger.INFO: Cron ran at: 29-01-2026 05:36:09 AM [] []
[2026-01-29 05:41:05] SlimMonoLogger.INFO: Cron ran at: 29-01-2026 05:41:05 AM [] []
[2026-01-29 05:46:05] SlimMonoLogger.INFO: Cron ran at: 29-01-2026 05:46:05 AM [] []
[2026-01-29 05:51:05] SlimMonoLogger.INFO: Cron ran at: 29-01-2026 05:51:05 AM [] []
[2026-01-29 05:56:02] SlimMonoLogger.INFO: Cron ran at: 29-01-2026 05:56:02 AM [] []
[2026-01-29 06:01:13] SlimMonoLogger.INFO: Cron ran at: 29-01-2026 06:01:13 AM [] []
[2026-01-29 06:06:05] SlimMonoLogger.INFO: Cron ran at: 29-01-2026 06:06:05 AM [] []
[2026-01-29 06:11:03] SlimMonoLogger.ERROR: Requests_Exception: cURL error 56: Recv failure: Connection reset by peer in /home/latihtal/public_html/agregator1/src/vendor/rmccue/requests/library/Requests/Transport/cURL.php:422
Stack trace:
#0 /home/latihtal/public_html/agregator1/src/vendor/rmccue/requests/library/Requests/Transport/cURL.php(177): Requests_Transport_cURL->process_response()
#1 /home/latihtal/public_html/agregator1/src/vendor/rmccue/requests/library/Requests.php(379): Requests_Transport_cURL->request()
#2 /home/latihtal/public_html/agregator1/src/vendor/rmccue/requests/library/Requests/Session.php(205): Requests::request()
#3 /home/latihtal/public_html/agregator1/src/vendor/rmccue/requests/library/Requests/Session.php(132): Requests_Session->request()
#4 /home/latihtal/public_html/agregator1/src/drivers/Http/RssImporter.php(144): Requests_Session->get()
#5 /home/latihtal/public_html/agregator1/src/controllers/Dashboard/DashboardFeedsController.php(534): spark\drivers\Http\RssImporter->fetchPosts()
#6 /home/latihtal/public_html/agregator1/src/controllers/Site/SiteController.php(722): spark\controllers\Dashboard\DashboardFeedsController::importFeedPosts()
#7 [internal function]: spark\controllers\Site\SiteController->runTasks()
#8 /home/latihtal/public_html/agregator1/src/framework/Route.php(173): call_user_func_array()
#9 [internal function]: Slim\Route->Slim\{closure}()
#10 /home/latihtal/public_html/agregator1/src/framework/Route.php(468): call_user_func_array()
#11 /home/latihtal/public_html/agregator1/src/framework/Slim.php(1364): Slim\Route->dispatch()
#12 /home/latihtal/public_html/agregator1/src/framework/Middleware/Flash.php(85): Slim\Slim->call()
#13 /home/latihtal/public_html/agregator1/src/framework/Middleware/MethodOverride.php(92): Slim\Middleware\Flash->call()
#14 /home/latihtal/public_html/agregator1/src/middlewares/CsrfGuard/CsrfGuard.php(47): Slim\Middleware\MethodOverride->call()
#15 /home/latihtal/public_html/agregator1/src/framework/Middleware/PrettyExceptions.php(67): spark\middlewares\CsrfGuard\CsrfGuard->call()
#16 /home/latihtal/public_html/agregator1/src/framework/Slim.php(1308): Slim\Middleware\PrettyExceptions->call()
#17 /home/latihtal/public_html/agregator1/index.php(6): Slim\Slim->run()
#18 {main} [] []
[2026-01-29 06:11:46] SlimMonoLogger.INFO: Cron ran at: 29-01-2026 06:11:46 AM [] []
[2026-01-29 06:16:07] SlimMonoLogger.INFO: Cron ran at: 29-01-2026 06:16:07 AM [] []
[2026-01-29 06:21:08] SlimMonoLogger.INFO: Cron ran at: 29-01-2026 06:21:08 AM [] []
[2026-01-29 06:26:10] SlimMonoLogger.INFO: Cron ran at: 29-01-2026 06:26:10 AM [] []
[2026-01-29 06:31:18] SlimMonoLogger.INFO: Cron ran at: 29-01-2026 06:31:18 AM [] []
[2026-01-29 06:36:16] SlimMonoLogger.INFO: Cron ran at: 29-01-2026 06:36:16 AM [] []
[2026-01-29 06:41:11] SlimMonoLogger.INFO: Cron ran at: 29-01-2026 06:41:11 AM [] []
[2026-01-29 06:51:12] SlimMonoLogger.INFO: Cron ran at: 29-01-2026 06:51:12 AM [] []
[2026-01-29 06:54:05] SlimMonoLogger.ERROR: Requests_Exception: cURL error 28: Operation timed out after 500002 milliseconds with 16157 bytes received in /home/latihtal/public_html/agregator1/src/vendor/rmccue/requests/library/Requests/Transport/cURL.php:422
Stack trace:
#0 /home/latihtal/public_html/agregator1/src/vendor/rmccue/requests/library/Requests/Transport/cURL.php(177): Requests_Transport_cURL->process_response()
#1 /home/latihtal/public_html/agregator1/src/vendor/rmccue/requests/library/Requests.php(379): Requests_Transport_cURL->request()
#2 /home/latihtal/public_html/agregator1/src/vendor/rmccue/requests/library/Requests/Session.php(205): Requests::request()
#3 /home/latihtal/public_html/agregator1/src/vendor/rmccue/requests/library/Requests/Session.php(132): Requests_Session->request()
#4 /home/latihtal/public_html/agregator1/src/drivers/Http/RssImporter.php(144): Requests_Session->get()
#5 /home/latihtal/public_html/agregator1/src/controllers/Dashboard/DashboardFeedsController.php(534): spark\drivers\Http\RssImporter->fetchPosts()
#6 /home/latihtal/public_html/agregator1/src/controllers/Site/SiteController.php(722): spark\controllers\Dashboard\DashboardFeedsController::importFeedPosts()
#7 [internal function]: spark\controllers\Site\SiteController->runTasks()
#8 /home/latihtal/public_html/agregator1/src/framework/Route.php(173): call_user_func_array()
#9 [internal function]: Slim\Route->Slim\{closure}()
#10 /home/latihtal/public_html/agregator1/src/framework/Route.php(468): call_user_func_array()
#11 /home/latihtal/public_html/agregator1/src/framework/Slim.php(1364): Slim\Route->dispatch()
#12 /home/latihtal/public_html/agregator1/src/framework/Middleware/Flash.php(85): Slim\Slim->call()
#13 /home/latihtal/public_html/agregator1/src/framework/Middleware/MethodOverride.php(92): Slim\Middleware\Flash->call()
#14 /home/latihtal/public_html/agregator1/src/middlewares/CsrfGuard/CsrfGuard.php(47): Slim\Middleware\MethodOverride->call()
#15 /home/latihtal/public_html/agregator1/src/framework/Middleware/PrettyExceptions.php(67): spark\middlewares\CsrfGuard\CsrfGuard->call()
#16 /home/latihtal/public_html/agregator1/src/framework/Slim.php(1308): Slim\Middleware\PrettyExceptions->call()
#17 /home/latihtal/public_html/agregator1/index.php(6): Slim\Slim->run()
#18 {main} [] []
[2026-01-29 06:54:35] SlimMonoLogger.INFO: Cron ran at: 29-01-2026 06:54:35 AM [] []
[2026-01-29 06:56:07] SlimMonoLogger.INFO: Cron ran at: 29-01-2026 06:56:07 AM [] []
[2026-01-29 07:01:10] SlimMonoLogger.INFO: Cron ran at: 29-01-2026 07:01:10 AM [] []
[2026-01-29 07:06:09] SlimMonoLogger.INFO: Cron ran at: 29-01-2026 07:06:09 AM [] []
[2026-01-29 07:11:09] SlimMonoLogger.INFO: Cron ran at: 29-01-2026 07:11:09 AM [] []
[2026-01-29 07:16:13] SlimMonoLogger.INFO: Cron ran at: 29-01-2026 07:16:13 AM [] []
[2026-01-29 07:21:16] SlimMonoLogger.INFO: Cron ran at: 29-01-2026 07:21:16 AM [] []
[2026-01-29 07:26:23] SlimMonoLogger.INFO: Cron ran at: 29-01-2026 07:26:23 AM [] []
[2026-01-29 07:31:11] SlimMonoLogger.INFO: Cron ran at: 29-01-2026 07:31:11 AM [] []
[2026-01-29 07:36:16] SlimMonoLogger.INFO: Cron ran at: 29-01-2026 07:36:16 AM [] []
[2026-01-29 07:41:15] SlimMonoLogger.INFO: Cron ran at: 29-01-2026 07:41:15 AM [] []
[2026-01-29 07:46:12] SlimMonoLogger.INFO: Cron ran at: 29-01-2026 07:46:12 AM [] []
[2026-01-29 07:51:08] SlimMonoLogger.INFO: Cron ran at: 29-01-2026 07:51:08 AM [] []
[2026-01-29 07:56:09] SlimMonoLogger.INFO: Cron ran at: 29-01-2026 07:56:09 AM [] []
[2026-01-29 08:01:13] SlimMonoLogger.INFO: Cron ran at: 29-01-2026 08:01:13 AM [] []
[2026-01-29 08:06:10] SlimMonoLogger.INFO: Cron ran at: 29-01-2026 08:06:10 AM [] []
[2026-01-29 08:11:10] SlimMonoLogger.INFO: Cron ran at: 29-01-2026 08:11:10 AM [] []
[2026-01-29 08:16:08] SlimMonoLogger.INFO: Cron ran at: 29-01-2026 08:16:08 AM [] []
[2026-01-29 08:21:16] SlimMonoLogger.INFO: Cron ran at: 29-01-2026 08:21:16 AM [] []
[2026-01-29 08:26:07] SlimMonoLogger.INFO: Cron ran at: 29-01-2026 08:26:07 AM [] []
[2026-01-29 08:31:15] SlimMonoLogger.INFO: Cron ran at: 29-01-2026 08:31:15 AM [] []
[2026-01-29 08:36:17] SlimMonoLogger.INFO: Cron ran at: 29-01-2026 08:36:17 AM [] []
[2026-01-29 08:46:24] SlimMonoLogger.INFO: Cron ran at: 29-01-2026 08:46:24 AM [] []
[2026-01-29 08:51:20] SlimMonoLogger.INFO: Cron ran at: 29-01-2026 08:51:20 AM [] []
[2026-01-29 08:56:12] SlimMonoLogger.INFO: Cron ran at: 29-01-2026 08:56:12 AM [] []
[2026-01-29 09:01:17] SlimMonoLogger.INFO: Cron ran at: 29-01-2026 09:01:17 AM [] []
[2026-01-29 09:06:10] SlimMonoLogger.INFO: Cron ran at: 29-01-2026 09:06:10 AM [] []
[2026-01-29 09:11:25] SlimMonoLogger.INFO: Cron ran at: 29-01-2026 09:11:25 AM [] []
[2026-01-29 09:16:16] SlimMonoLogger.INFO: Cron ran at: 29-01-2026 09:16:16 AM [] []
[2026-01-29 09:21:22] SlimMonoLogger.INFO: Cron ran at: 29-01-2026 09:21:22 AM [] []
[2026-01-29 09:26:14] SlimMonoLogger.INFO: Cron ran at: 29-01-2026 09:26:14 AM [] []
[2026-01-29 09:31:17] SlimMonoLogger.INFO: Cron ran at: 29-01-2026 09:31:17 AM [] []
[2026-01-29 09:36:22] SlimMonoLogger.INFO: Cron ran at: 29-01-2026 09:36:22 AM [] []
[2026-01-29 09:46:30] SlimMonoLogger.INFO: Cron ran at: 29-01-2026 09:46:30 AM [] []
[2026-01-29 09:51:18] SlimMonoLogger.INFO: Cron ran at: 29-01-2026 09:51:18 AM [] []
[2026-01-29 09:56:05] SlimMonoLogger.INFO: Cron ran at: 29-01-2026 09:56:05 AM [] []
[2026-01-29 10:01:26] SlimMonoLogger.INFO: Cron ran at: 29-01-2026 10:01:26 AM [] []
[2026-01-29 10:06:16] SlimMonoLogger.INFO: Cron ran at: 29-01-2026 10:06:16 AM [] []
[2026-01-29 10:11:20] SlimMonoLogger.INFO: Cron ran at: 29-01-2026 10:11:20 AM [] []
[2026-01-29 10:16:18] SlimMonoLogger.INFO: Cron ran at: 29-01-2026 10:16:18 AM [] []
[2026-01-29 10:21:35] SlimMonoLogger.ERROR: Requests_Exception: cURL error 52: Empty reply from server in /home/latihtal/public_html/agregator1/src/vendor/rmccue/requests/library/Requests/Transport/cURL.php:422
Stack trace:
#0 /home/latihtal/public_html/agregator1/src/vendor/rmccue/requests/library/Requests/Transport/cURL.php(177): Requests_Transport_cURL->process_response()
#1 /home/latihtal/public_html/agregator1/src/vendor/rmccue/requests/library/Requests.php(379): Requests_Transport_cURL->request()
#2 /home/latihtal/public_html/agregator1/src/vendor/rmccue/requests/library/Requests/Session.php(205): Requests::request()
#3 /home/latihtal/public_html/agregator1/src/vendor/rmccue/requests/library/Requests/Session.php(132): Requests_Session->request()
#4 /home/latihtal/public_html/agregator1/src/drivers/Http/RssImporter.php(144): Requests_Session->get()
#5 /home/latihtal/public_html/agregator1/src/controllers/Dashboard/DashboardFeedsController.php(534): spark\drivers\Http\RssImporter->fetchPosts()
#6 /home/latihtal/public_html/agregator1/src/controllers/Site/SiteController.php(722): spark\controllers\Dashboard\DashboardFeedsController::importFeedPosts()
#7 [internal function]: spark\controllers\Site\SiteController->runTasks()
#8 /home/latihtal/public_html/agregator1/src/framework/Route.php(173): call_user_func_array()
#9 [internal function]: Slim\Route->Slim\{closure}()
#10 /home/latihtal/public_html/agregator1/src/framework/Route.php(468): call_user_func_array()
#11 /home/latihtal/public_html/agregator1/src/framework/Slim.php(1364): Slim\Route->dispatch()
#12 /home/latihtal/public_html/agregator1/src/framework/Middleware/Flash.php(85): Slim\Slim->call()
#13 /home/latihtal/public_html/agregator1/src/framework/Middleware/MethodOverride.php(92): Slim\Middleware\Flash->call()
#14 /home/latihtal/public_html/agregator1/src/middlewares/CsrfGuard/CsrfGuard.php(47): Slim\Middleware\MethodOverride->call()
#15 /home/latihtal/public_html/agregator1/src/framework/Middleware/PrettyExceptions.php(67): spark\middlewares\CsrfGuard\CsrfGuard->call()
#16 /home/latihtal/public_html/agregator1/src/framework/Slim.php(1308): Slim\Middleware\PrettyExceptions->call()
#17 /home/latihtal/public_html/agregator1/index.php(6): Slim\Slim->run()
#18 {main} [] []
[2026-01-29 10:22:20] SlimMonoLogger.INFO: Cron ran at: 29-01-2026 10:22:20 AM [] []
[2026-01-29 10:26:18] SlimMonoLogger.INFO: Cron ran at: 29-01-2026 10:26:18 AM [] []
[2026-01-29 10:31:23] SlimMonoLogger.INFO: Cron ran at: 29-01-2026 10:31:23 AM [] []
[2026-01-29 10:36:15] SlimMonoLogger.INFO: Cron ran at: 29-01-2026 10:36:15 AM [] []
[2026-01-29 10:41:30] SlimMonoLogger.INFO: Cron ran at: 29-01-2026 10:41:30 AM [] []
[2026-01-29 10:46:15] SlimMonoLogger.INFO: Cron ran at: 29-01-2026 10:46:15 AM [] []
[2026-01-29 10:51:26] SlimMonoLogger.INFO: Cron ran at: 29-01-2026 10:51:26 AM [] []
[2026-01-29 10:56:16] SlimMonoLogger.INFO: Cron ran at: 29-01-2026 10:56:16 AM [] []
[2026-01-29 11:01:33] SlimMonoLogger.INFO: Cron ran at: 29-01-2026 11:01:33 AM [] []
[2026-01-29 11:06:25] SlimMonoLogger.INFO: Cron ran at: 29-01-2026 11:06:25 AM [] []
[2026-01-29 11:11:21] SlimMonoLogger.INFO: Cron ran at: 29-01-2026 11:11:21 AM [] []
[2026-01-29 11:18:28] SlimMonoLogger.INFO: Cron ran at: 29-01-2026 11:18:28 AM [] []
[2026-01-29 11:21:14] SlimMonoLogger.INFO: Cron ran at: 29-01-2026 11:21:14 AM [] []
[2026-01-29 11:26:18] SlimMonoLogger.INFO: Cron ran at: 29-01-2026 11:26:18 AM [] []
[2026-01-29 11:36:23] SlimMonoLogger.INFO: Cron ran at: 29-01-2026 11:36:23 AM [] []
[2026-01-29 11:39:25] SlimMonoLogger.ERROR: Requests_Exception: cURL error 28: Operation timed out after 500001 milliseconds with 0 bytes received in /home/latihtal/public_html/agregator1/src/vendor/rmccue/requests/library/Requests/Transport/cURL.php:422
Stack trace:
#0 /home/latihtal/public_html/agregator1/src/vendor/rmccue/requests/library/Requests/Transport/cURL.php(177): Requests_Transport_cURL->process_response()
#1 /home/latihtal/public_html/agregator1/src/vendor/rmccue/requests/library/Requests.php(379): Requests_Transport_cURL->request()
#2 /home/latihtal/public_html/agregator1/src/vendor/rmccue/requests/library/Requests/Session.php(205): Requests::request()
#3 /home/latihtal/public_html/agregator1/src/vendor/rmccue/requests/library/Requests/Session.php(132): Requests_Session->request()
#4 /home/latihtal/public_html/agregator1/src/drivers/Http/RssImporter.php(144): Requests_Session->get()
#5 /home/latihtal/public_html/agregator1/src/controllers/Dashboard/DashboardFeedsController.php(534): spark\drivers\Http\RssImporter->fetchPosts()
#6 /home/latihtal/public_html/agregator1/src/controllers/Site/SiteController.php(722): spark\controllers\Dashboard\DashboardFeedsController::importFeedPosts()
#7 [internal function]: spark\controllers\Site\SiteController->runTasks()
#8 /home/latihtal/public_html/agregator1/src/framework/Route.php(173): call_user_func_array()
#9 [internal function]: Slim\Route->Slim\{closure}()
#10 /home/latihtal/public_html/agregator1/src/framework/Route.php(468): call_user_func_array()
#11 /home/latihtal/public_html/agregator1/src/framework/Slim.php(1364): Slim\Route->dispatch()
#12 /home/latihtal/public_html/agregator1/src/framework/Middleware/Flash.php(85): Slim\Slim->call()
#13 /home/latihtal/public_html/agregator1/src/framework/Middleware/MethodOverride.php(92): Slim\Middleware\Flash->call()
#14 /home/latihtal/public_html/agregator1/src/middlewares/CsrfGuard/CsrfGuard.php(47): Slim\Middleware\MethodOverride->call()
#15 /home/latihtal/public_html/agregator1/src/framework/Middleware/PrettyExceptions.php(67): spark\middlewares\CsrfGuard\CsrfGuard->call()
#16 /home/latihtal/public_html/agregator1/src/framework/Slim.php(1308): Slim\Middleware\PrettyExceptions->call()
#17 /home/latihtal/public_html/agregator1/index.php(6): Slim\Slim->run()
#18 {main} [] []
[2026-01-29 11:39:54] SlimMonoLogger.INFO: Cron ran at: 29-01-2026 11:39:54 AM [] []
[2026-01-29 11:41:32] SlimMonoLogger.INFO: Cron ran at: 29-01-2026 11:41:32 AM [] []
[2026-01-29 11:46:08] SlimMonoLogger.INFO: Cron ran at: 29-01-2026 11:46:08 AM [] []
[2026-01-29 11:51:26] SlimMonoLogger.INFO: Cron ran at: 29-01-2026 11:51:26 AM [] []
[2026-01-29 11:56:14] SlimMonoLogger.INFO: Cron ran at: 29-01-2026 11:56:14 AM [] []
[2026-01-29 12:01:21] SlimMonoLogger.INFO: Cron ran at: 29-01-2026 12:01:21 PM [] []
[2026-01-29 12:06:30] SlimMonoLogger.INFO: Cron ran at: 29-01-2026 12:06:30 PM [] []
[2026-01-29 12:11:24] SlimMonoLogger.INFO: Cron ran at: 29-01-2026 12:11:24 PM [] []
[2026-01-29 12:16:24] SlimMonoLogger.INFO: Cron ran at: 29-01-2026 12:16:24 PM [] []
[2026-01-29 12:21:10] SlimMonoLogger.ERROR: Requests_Exception: cURL error 56: Recv failure: Connection reset by peer in /home/latihtal/public_html/agregator1/src/vendor/rmccue/requests/library/Requests/Transport/cURL.php:422
Stack trace:
#0 /home/latihtal/public_html/agregator1/src/vendor/rmccue/requests/library/Requests/Transport/cURL.php(177): Requests_Transport_cURL->process_response()
#1 /home/latihtal/public_html/agregator1/src/vendor/rmccue/requests/library/Requests.php(379): Requests_Transport_cURL->request()
#2 /home/latihtal/public_html/agregator1/src/vendor/rmccue/requests/library/Requests/Session.php(205): Requests::request()
#3 /home/latihtal/public_html/agregator1/src/vendor/rmccue/requests/library/Requests/Session.php(132): Requests_Session->request()
#4 /home/latihtal/public_html/agregator1/src/drivers/Http/RssImporter.php(144): Requests_Session->get()
#5 /home/latihtal/public_html/agregator1/src/controllers/Dashboard/DashboardFeedsController.php(534): spark\drivers\Http\RssImporter->fetchPosts()
#6 /home/latihtal/public_html/agregator1/src/controllers/Site/SiteController.php(722): spark\controllers\Dashboard\DashboardFeedsController::importFeedPosts()
#7 [internal function]: spark\controllers\Site\SiteController->runTasks()
#8 /home/latihtal/public_html/agregator1/src/framework/Route.php(173): call_user_func_array()
#9 [internal function]: Slim\Route->Slim\{closure}()
#10 /home/latihtal/public_html/agregator1/src/framework/Route.php(468): call_user_func_array()
#11 /home/latihtal/public_html/agregator1/src/framework/Slim.php(1364): Slim\Route->dispatch()
#12 /home/latihtal/public_html/agregator1/src/framework/Middleware/Flash.php(85): Slim\Slim->call()
#13 /home/latihtal/public_html/agregator1/src/framework/Middleware/MethodOverride.php(92): Slim\Middleware\Flash->call()
#14 /home/latihtal/public_html/agregator1/src/middlewares/CsrfGuard/CsrfGuard.php(47): Slim\Middleware\MethodOverride->call()
#15 /home/latihtal/public_html/agregator1/src/framework/Middleware/PrettyExceptions.php(67): spark\middlewares\CsrfGuard\CsrfGuard->call()
#16 /home/latihtal/public_html/agregator1/src/framework/Slim.php(1308): Slim\Middleware\PrettyExceptions->call()
#17 /home/latihtal/public_html/agregator1/index.php(6): Slim\Slim->run()
#18 {main} [] []
[2026-01-29 12:22:03] SlimMonoLogger.INFO: Cron ran at: 29-01-2026 12:22:03 PM [] []
[2026-01-29 12:26:23] SlimMonoLogger.INFO: Cron ran at: 29-01-2026 12:26:23 PM [] []
[2026-01-29 12:31:17] SlimMonoLogger.INFO: Cron ran at: 29-01-2026 12:31:17 PM [] []
[2026-01-29 12:36:29] SlimMonoLogger.INFO: Cron ran at: 29-01-2026 12:36:29 PM [] []
[2026-01-29 12:41:24] SlimMonoLogger.INFO: Cron ran at: 29-01-2026 12:41:24 PM [] []
[2026-01-29 12:46:25] SlimMonoLogger.INFO: Cron ran at: 29-01-2026 12:46:25 PM [] []
[2026-01-29 12:51:23] SlimMonoLogger.INFO: Cron ran at: 29-01-2026 12:51:23 PM [] []
[2026-01-29 12:56:16] SlimMonoLogger.INFO: Cron ran at: 29-01-2026 12:56:16 PM [] []
[2026-01-29 13:01:25] SlimMonoLogger.INFO: Cron ran at: 29-01-2026 01:01:25 PM [] []
[2026-01-29 13:06:19] SlimMonoLogger.INFO: Cron ran at: 29-01-2026 01:06:19 PM [] []
[2026-01-29 13:11:22] SlimMonoLogger.INFO: Cron ran at: 29-01-2026 01:11:22 PM [] []
[2026-01-29 13:16:25] SlimMonoLogger.INFO: Cron ran at: 29-01-2026 01:16:25 PM [] []
[2026-01-29 13:21:19] SlimMonoLogger.INFO: Cron ran at: 29-01-2026 01:21:19 PM [] []
[2026-01-29 13:26:19] SlimMonoLogger.INFO: Cron ran at: 29-01-2026 01:26:19 PM [] []
[2026-01-29 13:31:21] SlimMonoLogger.INFO: Cron ran at: 29-01-2026 01:31:21 PM [] []
[2026-01-29 13:36:54] SlimMonoLogger.ERROR: Requests_Exception: cURL error 52: Empty reply from server in /home/latihtal/public_html/agregator1/src/vendor/rmccue/requests/library/Requests/Transport/cURL.php:422
Stack trace:
#0 /home/latihtal/public_html/agregator1/src/vendor/rmccue/requests/library/Requests/Transport/cURL.php(177): Requests_Transport_cURL->process_response()
#1 /home/latihtal/public_html/agregator1/src/vendor/rmccue/requests/library/Requests.php(379): Requests_Transport_cURL->request()
#2 /home/latihtal/public_html/agregator1/src/vendor/rmccue/requests/library/Requests/Session.php(205): Requests::request()
#3 /home/latihtal/public_html/agregator1/src/vendor/rmccue/requests/library/Requests/Session.php(132): Requests_Session->request()
#4 /home/latihtal/public_html/agregator1/src/drivers/Http/RssImporter.php(144): Requests_Session->get()
#5 /home/latihtal/public_html/agregator1/src/controllers/Dashboard/DashboardFeedsController.php(534): spark\drivers\Http\RssImporter->fetchPosts()
#6 /home/latihtal/public_html/agregator1/src/controllers/Site/SiteController.php(722): spark\controllers\Dashboard\DashboardFeedsController::importFeedPosts()
#7 [internal function]: spark\controllers\Site\SiteController->runTasks()
#8 /home/latihtal/public_html/agregator1/src/framework/Route.php(173): call_user_func_array()
#9 [internal function]: Slim\Route->Slim\{closure}()
#10 /home/latihtal/public_html/agregator1/src/framework/Route.php(468): call_user_func_array()
#11 /home/latihtal/public_html/agregator1/src/framework/Slim.php(1364): Slim\Route->dispatch()
#12 /home/latihtal/public_html/agregator1/src/framework/Middleware/Flash.php(85): Slim\Slim->call()
#13 /home/latihtal/public_html/agregator1/src/framework/Middleware/MethodOverride.php(92): Slim\Middleware\Flash->call()
#14 /home/latihtal/public_html/agregator1/src/middlewares/CsrfGuard/CsrfGuard.php(47): Slim\Middleware\MethodOverride->call()
#15 /home/latihtal/public_html/agregator1/src/framework/Middleware/PrettyExceptions.php(67): spark\middlewares\CsrfGuard\CsrfGuard->call()
#16 /home/latihtal/public_html/agregator1/src/framework/Slim.php(1308): Slim\Middleware\PrettyExceptions->call()
#17 /home/latihtal/public_html/agregator1/index.php(6): Slim\Slim->run()
#18 {main} [] []
[2026-01-29 13:37:21] SlimMonoLogger.INFO: Cron ran at: 29-01-2026 01:37:21 PM [] []
[2026-01-29 13:41:20] SlimMonoLogger.INFO: Cron ran at: 29-01-2026 01:41:20 PM [] []
[2026-01-29 13:46:24] SlimMonoLogger.INFO: Cron ran at: 29-01-2026 01:46:24 PM [] []
[2026-01-29 13:51:24] SlimMonoLogger.INFO: Cron ran at: 29-01-2026 01:51:24 PM [] []
[2026-01-29 13:56:30] SlimMonoLogger.INFO: Cron ran at: 29-01-2026 01:56:30 PM [] []
[2026-01-29 14:01:23] SlimMonoLogger.INFO: Cron ran at: 29-01-2026 02:01:23 PM [] []
[2026-01-29 14:06:28] SlimMonoLogger.INFO: Cron ran at: 29-01-2026 02:06:28 PM [] []
[2026-01-29 14:11:13] SlimMonoLogger.INFO: Cron ran at: 29-01-2026 02:11:13 PM [] []
[2026-01-29 14:16:28] SlimMonoLogger.INFO: Cron ran at: 29-01-2026 02:16:28 PM [] []
[2026-01-29 14:21:32] SlimMonoLogger.INFO: Cron ran at: 29-01-2026 02:21:32 PM [] []
[2026-01-29 14:26:22] SlimMonoLogger.INFO: Cron ran at: 29-01-2026 02:26:22 PM [] []
[2026-01-29 14:31:31] SlimMonoLogger.INFO: Cron ran at: 29-01-2026 02:31:31 PM [] []
[2026-01-29 14:36:20] SlimMonoLogger.INFO: Cron ran at: 29-01-2026 02:36:20 PM [] []
[2026-01-29 14:41:23] SlimMonoLogger.INFO: Cron ran at: 29-01-2026 02:41:23 PM [] []
[2026-01-29 14:46:19] SlimMonoLogger.INFO: Cron ran at: 29-01-2026 02:46:19 PM [] []
[2026-01-29 14:51:17] SlimMonoLogger.INFO: Cron ran at: 29-01-2026 02:51:17 PM [] []
[2026-01-29 14:56:14] SlimMonoLogger.INFO: Cron ran at: 29-01-2026 02:56:14 PM [] []
[2026-01-29 15:01:20] SlimMonoLogger.INFO: Cron ran at: 29-01-2026 03:01:20 PM [] []
[2026-01-29 15:06:22] SlimMonoLogger.INFO: Cron ran at: 29-01-2026 03:06:22 PM [] []
[2026-01-29 15:11:18] SlimMonoLogger.INFO: Cron ran at: 29-01-2026 03:11:18 PM [] []
[2026-01-29 15:16:20] SlimMonoLogger.INFO: Cron ran at: 29-01-2026 03:16:20 PM [] []
[2026-01-29 15:21:25] SlimMonoLogger.INFO: Cron ran at: 29-01-2026 03:21:25 PM [] []
[2026-01-29 15:26:26] SlimMonoLogger.INFO: Cron ran at: 29-01-2026 03:26:26 PM [] []
[2026-01-29 15:31:27] SlimMonoLogger.INFO: Cron ran at: 29-01-2026 03:31:27 PM [] []
[2026-01-29 15:41:30] SlimMonoLogger.INFO: Cron ran at: 29-01-2026 03:41:30 PM [] []
[2026-01-29 15:44:12] SlimMonoLogger.ERROR: Requests_Exception: cURL error 28: Operation timed out after 500000 milliseconds with 0 bytes received in /home/latihtal/public_html/agregator1/src/vendor/rmccue/requests/library/Requests/Transport/cURL.php:422
Stack trace:
#0 /home/latihtal/public_html/agregator1/src/vendor/rmccue/requests/library/Requests/Transport/cURL.php(177): Requests_Transport_cURL->process_response()
#1 /home/latihtal/public_html/agregator1/src/vendor/rmccue/requests/library/Requests.php(379): Requests_Transport_cURL->request()
#2 /home/latihtal/public_html/agregator1/src/vendor/rmccue/requests/library/Requests/Session.php(205): Requests::request()
#3 /home/latihtal/public_html/agregator1/src/vendor/rmccue/requests/library/Requests/Session.php(132): Requests_Session->request()
#4 /home/latihtal/public_html/agregator1/src/drivers/Http/RssImporter.php(144): Requests_Session->get()
#5 /home/latihtal/public_html/agregator1/src/controllers/Dashboard/DashboardFeedsController.php(534): spark\drivers\Http\RssImporter->fetchPosts()
#6 /home/latihtal/public_html/agregator1/src/controllers/Site/SiteController.php(722): spark\controllers\Dashboard\DashboardFeedsController::importFeedPosts()
#7 [internal function]: spark\controllers\Site\SiteController->runTasks()
#8 /home/latihtal/public_html/agregator1/src/framework/Route.php(173): call_user_func_array()
#9 [internal function]: Slim\Route->Slim\{closure}()
#10 /home/latihtal/public_html/agregator1/src/framework/Route.php(468): call_user_func_array()
#11 /home/latihtal/public_html/agregator1/src/framework/Slim.php(1364): Slim\Route->dispatch()
#12 /home/latihtal/public_html/agregator1/src/framework/Middleware/Flash.php(85): Slim\Slim->call()
#13 /home/latihtal/public_html/agregator1/src/framework/Middleware/MethodOverride.php(92): Slim\Middleware\Flash->call()
#14 /home/latihtal/public_html/agregator1/src/middlewares/CsrfGuard/CsrfGuard.php(47): Slim\Middleware\MethodOverride->call()
#15 /home/latihtal/public_html/agregator1/src/framework/Middleware/PrettyExceptions.php(67): spark\middlewares\CsrfGuard\CsrfGuard->call()
#16 /home/latihtal/public_html/agregator1/src/framework/Slim.php(1308): Slim\Middleware\PrettyExceptions->call()
#17 /home/latihtal/public_html/agregator1/index.php(6): Slim\Slim->run()
#18 {main} [] []
[2026-01-29 15:44:45] SlimMonoLogger.INFO: Cron ran at: 29-01-2026 03:44:45 PM [] []
[2026-01-29 15:46:16] SlimMonoLogger.INFO: Cron ran at: 29-01-2026 03:46:16 PM [] []
[2026-01-29 15:51:24] SlimMonoLogger.INFO: Cron ran at: 29-01-2026 03:51:24 PM [] []
[2026-01-29 15:56:18] SlimMonoLogger.INFO: Cron ran at: 29-01-2026 03:56:18 PM [] []
[2026-01-29 16:01:25] SlimMonoLogger.INFO: Cron ran at: 29-01-2026 04:01:25 PM [] []
[2026-01-29 16:06:15] SlimMonoLogger.INFO: Cron ran at: 29-01-2026 04:06:15 PM [] []
[2026-01-29 16:11:17] SlimMonoLogger.INFO: Cron ran at: 29-01-2026 04:11:17 PM [] []
[2026-01-29 16:16:26] SlimMonoLogger.INFO: Cron ran at: 29-01-2026 04:16:26 PM [] []
[2026-01-29 16:21:28] SlimMonoLogger.INFO: Cron ran at: 29-01-2026 04:21:28 PM [] []
[2026-01-29 16:26:19] SlimMonoLogger.INFO: Cron ran at: 29-01-2026 04:26:19 PM [] []
[2026-01-29 16:31:26] SlimMonoLogger.INFO: Cron ran at: 29-01-2026 04:31:26 PM [] []
[2026-01-29 16:36:09] SlimMonoLogger.INFO: Cron ran at: 29-01-2026 04:36:09 PM [] []
[2026-01-29 16:41:11] SlimMonoLogger.INFO: Cron ran at: 29-01-2026 04:41:11 PM [] []
[2026-01-29 16:46:25] SlimMonoLogger.INFO: Cron ran at: 29-01-2026 04:46:25 PM [] []
[2026-01-29 16:51:15] SlimMonoLogger.INFO: Cron ran at: 29-01-2026 04:51:15 PM [] []
[2026-01-29 16:56:30] SlimMonoLogger.INFO: Cron ran at: 29-01-2026 04:56:30 PM [] []
[2026-01-29 17:01:16] SlimMonoLogger.INFO: Cron ran at: 29-01-2026 05:01:16 PM [] []
[2026-01-29 17:06:19] SlimMonoLogger.INFO: Cron ran at: 29-01-2026 05:06:19 PM [] []
[2026-01-29 17:11:18] SlimMonoLogger.INFO: Cron ran at: 29-01-2026 05:11:18 PM [] []
[2026-01-29 17:16:17] SlimMonoLogger.INFO: Cron ran at: 29-01-2026 05:16:17 PM [] []
[2026-01-29 17:21:23] SlimMonoLogger.INFO: Cron ran at: 29-01-2026 05:21:23 PM [] []
[2026-01-29 17:26:11] SlimMonoLogger.INFO: Cron ran at: 29-01-2026 05:26:11 PM [] []
[2026-01-29 17:31:21] SlimMonoLogger.INFO: Cron ran at: 29-01-2026 05:31:21 PM [] []
[2026-01-29 17:36:16] SlimMonoLogger.INFO: Cron ran at: 29-01-2026 05:36:16 PM [] []
[2026-01-29 17:41:18] SlimMonoLogger.INFO: Cron ran at: 29-01-2026 05:41:18 PM [] []
[2026-01-29 17:46:20] SlimMonoLogger.INFO: Cron ran at: 29-01-2026 05:46:20 PM [] []
[2026-01-29 17:51:19] SlimMonoLogger.INFO: Cron ran at: 29-01-2026 05:51:19 PM [] []
[2026-01-29 17:56:20] SlimMonoLogger.INFO: Cron ran at: 29-01-2026 05:56:20 PM [] []
[2026-01-29 18:01:27] SlimMonoLogger.INFO: Cron ran at: 29-01-2026 06:01:27 PM [] []
[2026-01-29 18:06:29] SlimMonoLogger.INFO: Cron ran at: 29-01-2026 06:06:29 PM [] []
[2026-01-29 18:11:19] SlimMonoLogger.INFO: Cron ran at: 29-01-2026 06:11:19 PM [] []
[2026-01-29 18:16:21] SlimMonoLogger.INFO: Cron ran at: 29-01-2026 06:16:21 PM [] []
[2026-01-29 18:21:20] SlimMonoLogger.INFO: Cron ran at: 29-01-2026 06:21:20 PM [] []
[2026-01-29 18:26:20] SlimMonoLogger.INFO: Cron ran at: 29-01-2026 06:26:20 PM [] []
[2026-01-29 18:31:20] SlimMonoLogger.INFO: Cron ran at: 29-01-2026 06:31:20 PM [] []
[2026-01-29 18:36:19] SlimMonoLogger.INFO: Cron ran at: 29-01-2026 06:36:19 PM [] []
[2026-01-29 18:41:23] SlimMonoLogger.INFO: Cron ran at: 29-01-2026 06:41:23 PM [] []
[2026-01-29 18:46:18] SlimMonoLogger.INFO: Cron ran at: 29-01-2026 06:46:18 PM [] []
[2026-01-29 18:51:16] SlimMonoLogger.INFO: Cron ran at: 29-01-2026 06:51:16 PM [] []
[2026-01-29 18:56:21] SlimMonoLogger.INFO: Cron ran at: 29-01-2026 06:56:21 PM [] []
[2026-01-29 19:01:15] SlimMonoLogger.INFO: Cron ran at: 29-01-2026 07:01:15 PM [] []
[2026-01-29 19:06:25] SlimMonoLogger.INFO: Cron ran at: 29-01-2026 07:06:25 PM [] []
[2026-01-29 19:11:33] SlimMonoLogger.INFO: Cron ran at: 29-01-2026 07:11:33 PM [] []
[2026-01-29 19:16:16] SlimMonoLogger.INFO: Cron ran at: 29-01-2026 07:16:16 PM [] []
[2026-01-29 19:21:41] SlimMonoLogger.INFO: Cron ran at: 29-01-2026 07:21:41 PM [] []
[2026-01-29 19:26:41] SlimMonoLogger.INFO: Cron ran at: 29-01-2026 07:26:41 PM [] []
[2026-01-29 19:31:27] SlimMonoLogger.INFO: Cron ran at: 29-01-2026 07:31:27 PM [] []
[2026-01-29 19:36:18] SlimMonoLogger.INFO: Cron ran at: 29-01-2026 07:36:18 PM [] []
[2026-01-29 19:41:22] SlimMonoLogger.INFO: Cron ran at: 29-01-2026 07:41:22 PM [] []
[2026-01-29 19:46:18] SlimMonoLogger.INFO: Cron ran at: 29-01-2026 07:46:18 PM [] []
[2026-01-29 19:51:21] SlimMonoLogger.INFO: Cron ran at: 29-01-2026 07:51:21 PM [] []
[2026-01-29 19:56:14] SlimMonoLogger.INFO: Cron ran at: 29-01-2026 07:56:14 PM [] []
[2026-01-29 20:01:40] SlimMonoLogger.INFO: Cron ran at: 29-01-2026 08:01:40 PM [] []
[2026-01-29 20:06:31] SlimMonoLogger.INFO: Cron ran at: 29-01-2026 08:06:31 PM [] []
[2026-01-29 20:11:13] SlimMonoLogger.INFO: Cron ran at: 29-01-2026 08:11:13 PM [] []
[2026-01-29 20:16:22] SlimMonoLogger.INFO: Cron ran at: 29-01-2026 08:16:22 PM [] []
[2026-01-29 20:21:37] SlimMonoLogger.INFO: Cron ran at: 29-01-2026 08:21:37 PM [] []
[2026-01-29 20:26:28] SlimMonoLogger.INFO: Cron ran at: 29-01-2026 08:26:28 PM [] []
[2026-01-29 20:31:23] SlimMonoLogger.INFO: Cron ran at: 29-01-2026 08:31:23 PM [] []
[2026-01-29 20:36:28] SlimMonoLogger.INFO: Cron ran at: 29-01-2026 08:36:28 PM [] []
[2026-01-29 20:41:41] SlimMonoLogger.INFO: Cron ran at: 29-01-2026 08:41:41 PM [] []
[2026-01-29 20:46:24] SlimMonoLogger.INFO: Cron ran at: 29-01-2026 08:46:24 PM [] []
[2026-01-29 20:51:28] SlimMonoLogger.INFO: Cron ran at: 29-01-2026 08:51:28 PM [] []
[2026-01-29 20:56:30] SlimMonoLogger.INFO: Cron ran at: 29-01-2026 08:56:30 PM [] []
[2026-01-29 21:01:31] SlimMonoLogger.INFO: Cron ran at: 29-01-2026 09:01:31 PM [] []
[2026-01-29 21:06:16] SlimMonoLogger.INFO: Cron ran at: 29-01-2026 09:06:16 PM [] []
[2026-01-29 21:11:18] SlimMonoLogger.INFO: Cron ran at: 29-01-2026 09:11:18 PM [] []
[2026-01-29 21:16:24] SlimMonoLogger.INFO: Cron ran at: 29-01-2026 09:16:24 PM [] []
[2026-01-29 21:21:20] SlimMonoLogger.INFO: Cron ran at: 29-01-2026 09:21:20 PM [] []
[2026-01-29 21:26:14] SlimMonoLogger.INFO: Cron ran at: 29-01-2026 09:26:14 PM [] []
[2026-01-29 21:31:24] SlimMonoLogger.INFO: Cron ran at: 29-01-2026 09:31:24 PM [] []
[2026-01-29 21:36:17] SlimMonoLogger.INFO: Cron ran at: 29-01-2026 09:36:17 PM [] []
[2026-01-29 21:41:16] SlimMonoLogger.INFO: Cron ran at: 29-01-2026 09:41:16 PM [] []
[2026-01-29 21:46:24] SlimMonoLogger.INFO: Cron ran at: 29-01-2026 09:46:24 PM [] []
[2026-01-29 21:51:49] SlimMonoLogger.INFO: Cron ran at: 29-01-2026 09:51:49 PM [] []
[2026-01-29 21:56:20] SlimMonoLogger.INFO: Cron ran at: 29-01-2026 09:56:20 PM [] []
[2026-01-29 22:01:17] SlimMonoLogger.INFO: Cron ran at: 29-01-2026 10:01:17 PM [] []
[2026-01-29 22:06:19] SlimMonoLogger.INFO: Cron ran at: 29-01-2026 10:06:19 PM [] []
[2026-01-29 22:11:30] SlimMonoLogger.INFO: Cron ran at: 29-01-2026 10:11:30 PM [] []
[2026-01-29 22:16:12] SlimMonoLogger.INFO: Cron ran at: 29-01-2026 10:16:12 PM [] []
[2026-01-29 22:21:26] SlimMonoLogger.INFO: Cron ran at: 29-01-2026 10:21:26 PM [] []
[2026-01-29 22:26:17] SlimMonoLogger.INFO: Cron ran at: 29-01-2026 10:26:17 PM [] []
[2026-01-29 22:31:22] SlimMonoLogger.INFO: Cron ran at: 29-01-2026 10:31:22 PM [] []
[2026-01-29 22:36:20] SlimMonoLogger.INFO: Cron ran at: 29-01-2026 10:36:20 PM [] []
[2026-01-29 22:41:16] SlimMonoLogger.INFO: Cron ran at: 29-01-2026 10:41:16 PM [] []
[2026-01-29 22:46:20] SlimMonoLogger.INFO: Cron ran at: 29-01-2026 10:46:20 PM [] []
[2026-01-29 22:51:19] SlimMonoLogger.INFO: Cron ran at: 29-01-2026 10:51:19 PM [] []
[2026-01-29 22:56:18] SlimMonoLogger.INFO: Cron ran at: 29-01-2026 10:56:18 PM [] []
[2026-01-29 23:01:15] SlimMonoLogger.INFO: Cron ran at: 29-01-2026 11:01:15 PM [] []
[2026-01-29 23:06:12] SlimMonoLogger.INFO: Cron ran at: 29-01-2026 11:06:12 PM [] []
[2026-01-29 23:11:29] SlimMonoLogger.INFO: Cron ran at: 29-01-2026 11:11:29 PM [] []
[2026-01-29 23:16:19] SlimMonoLogger.INFO: Cron ran at: 29-01-2026 11:16:19 PM [] []
[2026-01-29 23:21:23] SlimMonoLogger.INFO: Cron ran at: 29-01-2026 11:21:23 PM [] []
[2026-01-29 23:26:21] SlimMonoLogger.INFO: Cron ran at: 29-01-2026 11:26:21 PM [] []
[2026-01-29 23:31:30] SlimMonoLogger.INFO: Cron ran at: 29-01-2026 11:31:30 PM [] []
[2026-01-29 23:36:27] SlimMonoLogger.INFO: Cron ran at: 29-01-2026 11:36:27 PM [] []
[2026-01-29 23:41:23] SlimMonoLogger.INFO: Cron ran at: 29-01-2026 11:41:23 PM [] []
[2026-01-29 23:46:20] SlimMonoLogger.INFO: Cron ran at: 29-01-2026 11:46:20 PM [] []
[2026-01-29 23:51:16] SlimMonoLogger.INFO: Cron ran at: 29-01-2026 11:51:16 PM [] []
[2026-01-29 23:56:17] SlimMonoLogger.INFO: Cron ran at: 29-01-2026 11:56:17 PM [] []
[2026-01-30 00:01:20] SlimMonoLogger.INFO: Cron ran at: 30-01-2026 12:01:20 AM [] []
[2026-01-30 00:06:28] SlimMonoLogger.INFO: Cron ran at: 30-01-2026 12:06:28 AM [] []
[2026-01-30 00:11:41] SlimMonoLogger.INFO: Cron ran at: 30-01-2026 12:11:41 AM [] []
[2026-01-30 00:16:19] SlimMonoLogger.INFO: Cron ran at: 30-01-2026 12:16:19 AM [] []
[2026-01-30 00:21:26] SlimMonoLogger.INFO: Cron ran at: 30-01-2026 12:21:26 AM [] []
[2026-01-30 00:26:23] SlimMonoLogger.INFO: Cron ran at: 30-01-2026 12:26:23 AM [] []
[2026-01-30 00:31:25] SlimMonoLogger.INFO: Cron ran at: 30-01-2026 12:31:25 AM [] []
[2026-01-30 00:36:26] SlimMonoLogger.INFO: Cron ran at: 30-01-2026 12:36:26 AM [] []
[2026-01-30 00:41:10] SlimMonoLogger.INFO: Cron ran at: 30-01-2026 12:41:10 AM [] []
[2026-01-30 00:46:16] SlimMonoLogger.INFO: Cron ran at: 30-01-2026 12:46:16 AM [] []
[2026-01-30 00:51:14] SlimMonoLogger.INFO: Cron ran at: 30-01-2026 12:51:14 AM [] []
[2026-01-30 00:56:30] SlimMonoLogger.INFO: Cron ran at: 30-01-2026 12:56:30 AM [] []
