[2025-06-29 02:00:31] SlimMonoLogger.INFO: Cron ran at: 29-06-2025 02:00:31 AM [] []
[2025-06-29 02:05:24] SlimMonoLogger.INFO: Cron ran at: 29-06-2025 02:05:24 AM [] []
[2025-06-29 02:10:27] SlimMonoLogger.INFO: Cron ran at: 29-06-2025 02:10:27 AM [] []
[2025-06-29 02:15:24] SlimMonoLogger.INFO: Cron ran at: 29-06-2025 02:15:24 AM [] []
[2025-06-29 02:20:24] SlimMonoLogger.INFO: Cron ran at: 29-06-2025 02:20:24 AM [] []
[2025-06-29 02:25:22] SlimMonoLogger.INFO: Cron ran at: 29-06-2025 02:25:22 AM [] []
[2025-06-29 02:30:25] SlimMonoLogger.INFO: Cron ran at: 29-06-2025 02:30:25 AM [] []
[2025-06-29 02:35:25] SlimMonoLogger.INFO: Cron ran at: 29-06-2025 02:35:25 AM [] []
[2025-06-29 02:40:23] SlimMonoLogger.INFO: Cron ran at: 29-06-2025 02:40:23 AM [] []
[2025-06-29 02:45:26] SlimMonoLogger.INFO: Cron ran at: 29-06-2025 02:45:26 AM [] []
[2025-06-29 02:50:23] SlimMonoLogger.INFO: Cron ran at: 29-06-2025 02:50:23 AM [] []
[2025-06-29 02:55:23] SlimMonoLogger.INFO: Cron ran at: 29-06-2025 02:55:23 AM [] []
[2025-06-29 03:00:25] SlimMonoLogger.INFO: Cron ran at: 29-06-2025 03:00:25 AM [] []
[2025-06-29 03:05:25] SlimMonoLogger.INFO: Cron ran at: 29-06-2025 03:05:25 AM [] []
[2025-06-29 03:10:25] SlimMonoLogger.INFO: Cron ran at: 29-06-2025 03:10:25 AM [] []
[2025-06-29 03:15:26] SlimMonoLogger.INFO: Cron ran at: 29-06-2025 03:15:26 AM [] []
[2025-06-29 03:20:24] SlimMonoLogger.INFO: Cron ran at: 29-06-2025 03:20:24 AM [] []
[2025-06-29 03:25:23] SlimMonoLogger.INFO: Cron ran at: 29-06-2025 03:25:23 AM [] []
[2025-06-29 03:30:26] SlimMonoLogger.INFO: Cron ran at: 29-06-2025 03:30:26 AM [] []
[2025-06-29 03:35:26] SlimMonoLogger.INFO: Cron ran at: 29-06-2025 03:35:26 AM [] []
[2025-06-29 03:40:26] SlimMonoLogger.INFO: Cron ran at: 29-06-2025 03:40:26 AM [] []
[2025-06-29 03:45:24] SlimMonoLogger.INFO: Cron ran at: 29-06-2025 03:45:24 AM [] []
[2025-06-29 03:50:25] SlimMonoLogger.INFO: Cron ran at: 29-06-2025 03:50:25 AM [] []
[2025-06-29 03:55:25] SlimMonoLogger.INFO: Cron ran at: 29-06-2025 03:55:25 AM [] []
[2025-06-29 04:00:26] SlimMonoLogger.INFO: Cron ran at: 29-06-2025 04:00:26 AM [] []
[2025-06-29 04:05:35] SlimMonoLogger.INFO: Cron ran at: 29-06-2025 04:05:35 AM [] []
[2025-06-29 04:10:34] SlimMonoLogger.INFO: Cron ran at: 29-06-2025 04:10:34 AM [] []
[2025-06-29 04:15:40] SlimMonoLogger.INFO: Cron ran at: 29-06-2025 04:15:40 AM [] []
[2025-06-29 04:20:40] SlimMonoLogger.INFO: Cron ran at: 29-06-2025 04:20:40 AM [] []
[2025-06-29 04:25:35] SlimMonoLogger.INFO: Cron ran at: 29-06-2025 04:25:35 AM [] []
[2025-06-29 04:31:14] SlimMonoLogger.INFO: Cron ran at: 29-06-2025 04:31:14 AM [] []
[2025-06-29 04:35:40] SlimMonoLogger.INFO: Cron ran at: 29-06-2025 04:35:40 AM [] []
[2025-06-29 04:40:36] SlimMonoLogger.INFO: Cron ran at: 29-06-2025 04:40:36 AM [] []
[2025-06-29 04:45:31] SlimMonoLogger.INFO: Cron ran at: 29-06-2025 04:45:31 AM [] []
[2025-06-29 04:50:32] SlimMonoLogger.INFO: Cron ran at: 29-06-2025 04:50:32 AM [] []
[2025-06-29 04:55:39] SlimMonoLogger.INFO: Cron ran at: 29-06-2025 04:55:39 AM [] []
[2025-06-29 05:00:37] SlimMonoLogger.INFO: Cron ran at: 29-06-2025 05:00:37 AM [] []
[2025-06-29 05:05:45] SlimMonoLogger.INFO: Cron ran at: 29-06-2025 05:05:45 AM [] []
[2025-06-29 05:10:37] SlimMonoLogger.INFO: Cron ran at: 29-06-2025 05:10:37 AM [] []
[2025-06-29 05:15:33] SlimMonoLogger.INFO: Cron ran at: 29-06-2025 05:15:33 AM [] []
[2025-06-29 05:20:35] SlimMonoLogger.INFO: Cron ran at: 29-06-2025 05:20:35 AM [] []
[2025-06-29 05:25:28] SlimMonoLogger.INFO: Cron ran at: 29-06-2025 05:25:28 AM [] []
[2025-06-29 05:30:37] SlimMonoLogger.INFO: Cron ran at: 29-06-2025 05:30:37 AM [] []
[2025-06-29 05:35:30] SlimMonoLogger.INFO: Cron ran at: 29-06-2025 05:35:30 AM [] []
[2025-06-29 05:40:31] SlimMonoLogger.INFO: Cron ran at: 29-06-2025 05:40:31 AM [] []
[2025-06-29 05:45:40] SlimMonoLogger.INFO: Cron ran at: 29-06-2025 05:45:40 AM [] []
[2025-06-29 05:50:31] SlimMonoLogger.INFO: Cron ran at: 29-06-2025 05:50:31 AM [] []
[2025-06-29 05:55:35] SlimMonoLogger.INFO: Cron ran at: 29-06-2025 05:55:35 AM [] []
[2025-06-29 06:00:43] SlimMonoLogger.INFO: Cron ran at: 29-06-2025 06:00:43 AM [] []
[2025-06-29 06:05:34] SlimMonoLogger.INFO: Cron ran at: 29-06-2025 06:05:34 AM [] []
[2025-06-29 06:10:30] SlimMonoLogger.INFO: Cron ran at: 29-06-2025 06:10:30 AM [] []
[2025-06-29 06:15:28] SlimMonoLogger.INFO: Cron ran at: 29-06-2025 06:15:28 AM [] []
[2025-06-29 06:20:32] SlimMonoLogger.INFO: Cron ran at: 29-06-2025 06:20:32 AM [] []
[2025-06-29 06:25:30] SlimMonoLogger.INFO: Cron ran at: 29-06-2025 06:25:30 AM [] []
[2025-06-29 06:30:32] SlimMonoLogger.INFO: Cron ran at: 29-06-2025 06:30:32 AM [] []
[2025-06-29 06:35:31] SlimMonoLogger.INFO: Cron ran at: 29-06-2025 06:35:31 AM [] []
[2025-06-29 06:40:32] SlimMonoLogger.INFO: Cron ran at: 29-06-2025 06:40:32 AM [] []
[2025-06-29 06:45:32] SlimMonoLogger.INFO: Cron ran at: 29-06-2025 06:45:32 AM [] []
[2025-06-29 06:50:34] SlimMonoLogger.INFO: Cron ran at: 29-06-2025 06:50:34 AM [] []
[2025-06-29 06:55:31] SlimMonoLogger.INFO: Cron ran at: 29-06-2025 06:55:31 AM [] []
[2025-06-29 07:00:28] SlimMonoLogger.INFO: Cron ran at: 29-06-2025 07:00:28 AM [] []
[2025-06-29 07:05:27] SlimMonoLogger.INFO: Cron ran at: 29-06-2025 07:05:27 AM [] []
[2025-06-29 07:10:24] SlimMonoLogger.INFO: Cron ran at: 29-06-2025 07:10:24 AM [] []
[2025-06-29 07:15:27] SlimMonoLogger.INFO: Cron ran at: 29-06-2025 07:15:27 AM [] []
[2025-06-29 07:20:24] SlimMonoLogger.INFO: Cron ran at: 29-06-2025 07:20:24 AM [] []
[2025-06-29 07:25:25] SlimMonoLogger.INFO: Cron ran at: 29-06-2025 07:25:25 AM [] []
[2025-06-29 07:30:24] SlimMonoLogger.INFO: Cron ran at: 29-06-2025 07:30:24 AM [] []
[2025-06-29 07:35:23] SlimMonoLogger.INFO: Cron ran at: 29-06-2025 07:35:23 AM [] []
[2025-06-29 07:40:24] SlimMonoLogger.INFO: Cron ran at: 29-06-2025 07:40:24 AM [] []
[2025-06-29 07:45:25] SlimMonoLogger.INFO: Cron ran at: 29-06-2025 07:45:25 AM [] []
[2025-06-29 07:50:24] SlimMonoLogger.INFO: Cron ran at: 29-06-2025 07:50:24 AM [] []
[2025-06-29 07:55:28] SlimMonoLogger.INFO: Cron ran at: 29-06-2025 07:55:28 AM [] []
[2025-06-29 08:00:27] SlimMonoLogger.INFO: Cron ran at: 29-06-2025 08:00:27 AM [] []
[2025-06-29 08:05:24] SlimMonoLogger.INFO: Cron ran at: 29-06-2025 08:05:24 AM [] []
[2025-06-29 08:10:26] SlimMonoLogger.INFO: Cron ran at: 29-06-2025 08:10:26 AM [] []
[2025-06-29 08:15:26] SlimMonoLogger.INFO: Cron ran at: 29-06-2025 08:15:26 AM [] []
[2025-06-29 08:20:29] SlimMonoLogger.INFO: Cron ran at: 29-06-2025 08:20:29 AM [] []
[2025-06-29 08:25:26] SlimMonoLogger.INFO: Cron ran at: 29-06-2025 08:25:26 AM [] []
[2025-06-29 08:30:29] SlimMonoLogger.INFO: Cron ran at: 29-06-2025 08:30:29 AM [] []
[2025-06-29 08:35:30] SlimMonoLogger.INFO: Cron ran at: 29-06-2025 08:35:30 AM [] []
[2025-06-29 08:40:33] SlimMonoLogger.INFO: Cron ran at: 29-06-2025 08:40:33 AM [] []
[2025-06-29 08:45:38] SlimMonoLogger.INFO: Cron ran at: 29-06-2025 08:45:38 AM [] []
[2025-06-29 08:50:25] SlimMonoLogger.INFO: Cron ran at: 29-06-2025 08:50:25 AM [] []
[2025-06-29 08:55:27] SlimMonoLogger.INFO: Cron ran at: 29-06-2025 08:55:27 AM [] []
[2025-06-29 09:00:39] SlimMonoLogger.INFO: Cron ran at: 29-06-2025 09:00:39 AM [] []
[2025-06-29 09:05:26] SlimMonoLogger.INFO: Cron ran at: 29-06-2025 09:05:26 AM [] []
[2025-06-29 09:10:32] SlimMonoLogger.INFO: Cron ran at: 29-06-2025 09:10:32 AM [] []
[2025-06-29 09:15:36] SlimMonoLogger.INFO: Cron ran at: 29-06-2025 09:15:36 AM [] []
[2025-06-29 09:20:26] SlimMonoLogger.INFO: Cron ran at: 29-06-2025 09:20:26 AM [] []
[2025-06-29 09:25:26] SlimMonoLogger.INFO: Cron ran at: 29-06-2025 09:25:26 AM [] []
[2025-06-29 09:30:29] SlimMonoLogger.INFO: Cron ran at: 29-06-2025 09:30:29 AM [] []
[2025-06-29 09:35:25] SlimMonoLogger.INFO: Cron ran at: 29-06-2025 09:35:25 AM [] []
[2025-06-29 09:40:28] SlimMonoLogger.INFO: Cron ran at: 29-06-2025 09:40:28 AM [] []
[2025-06-29 09:45:28] SlimMonoLogger.INFO: Cron ran at: 29-06-2025 09:45:28 AM [] []
[2025-06-29 09:50:33] SlimMonoLogger.INFO: Cron ran at: 29-06-2025 09:50:33 AM [] []
[2025-06-29 09:55:34] SlimMonoLogger.INFO: Cron ran at: 29-06-2025 09:55:34 AM [] []
[2025-06-29 10:00:34] SlimMonoLogger.INFO: Cron ran at: 29-06-2025 10:00:34 AM [] []
[2025-06-29 10:05:25] SlimMonoLogger.INFO: Cron ran at: 29-06-2025 10:05:25 AM [] []
[2025-06-29 10:10:24] SlimMonoLogger.INFO: Cron ran at: 29-06-2025 10:10:24 AM [] []
[2025-06-29 10:15:48] SlimMonoLogger.INFO: Cron ran at: 29-06-2025 10:15:48 AM [] []
[2025-06-29 10:20:26] SlimMonoLogger.INFO: Cron ran at: 29-06-2025 10:20:26 AM [] []
[2025-06-29 10:25:24] SlimMonoLogger.INFO: Cron ran at: 29-06-2025 10:25:24 AM [] []
[2025-06-29 10:30:36] SlimMonoLogger.INFO: Cron ran at: 29-06-2025 10:30:36 AM [] []
[2025-06-29 10:35:27] SlimMonoLogger.INFO: Cron ran at: 29-06-2025 10:35:27 AM [] []
[2025-06-29 10:40:33] SlimMonoLogger.INFO: Cron ran at: 29-06-2025 10:40:33 AM [] []
[2025-06-29 10:45:28] SlimMonoLogger.INFO: Cron ran at: 29-06-2025 10:45:28 AM [] []
[2025-06-29 10:50:28] SlimMonoLogger.INFO: Cron ran at: 29-06-2025 10:50:28 AM [] []
[2025-06-29 10:55:32] SlimMonoLogger.INFO: Cron ran at: 29-06-2025 10:55:32 AM [] []
[2025-06-29 11:00:36] SlimMonoLogger.INFO: Cron ran at: 29-06-2025 11:00:36 AM [] []
[2025-06-29 11:05:24] SlimMonoLogger.INFO: Cron ran at: 29-06-2025 11:05:24 AM [] []
[2025-06-29 11:10:26] SlimMonoLogger.INFO: Cron ran at: 29-06-2025 11:10:26 AM [] []
[2025-06-29 11:15:30] SlimMonoLogger.INFO: Cron ran at: 29-06-2025 11:15:30 AM [] []
[2025-06-29 11:20:24] SlimMonoLogger.INFO: Cron ran at: 29-06-2025 11:20:24 AM [] []
[2025-06-29 11:25:26] SlimMonoLogger.INFO: Cron ran at: 29-06-2025 11:25:26 AM [] []
[2025-06-29 11:30:28] SlimMonoLogger.INFO: Cron ran at: 29-06-2025 11:30:28 AM [] []
[2025-06-29 11:35:23] SlimMonoLogger.INFO: Cron ran at: 29-06-2025 11:35:23 AM [] []
[2025-06-29 11:40:27] SlimMonoLogger.INFO: Cron ran at: 29-06-2025 11:40:27 AM [] []
[2025-06-29 11:45:25] SlimMonoLogger.INFO: Cron ran at: 29-06-2025 11:45:25 AM [] []
[2025-06-29 11:50:26] SlimMonoLogger.INFO: Cron ran at: 29-06-2025 11:50:26 AM [] []
[2025-06-29 11:55:25] SlimMonoLogger.INFO: Cron ran at: 29-06-2025 11:55:25 AM [] []
[2025-06-29 12:00:37] SlimMonoLogger.INFO: Cron ran at: 29-06-2025 12:00:37 PM [] []
[2025-06-29 12:05:28] SlimMonoLogger.INFO: Cron ran at: 29-06-2025 12:05:28 PM [] []
[2025-06-29 12:10:27] SlimMonoLogger.INFO: Cron ran at: 29-06-2025 12:10:27 PM [] []
[2025-06-29 12:15:28] SlimMonoLogger.INFO: Cron ran at: 29-06-2025 12:15:28 PM [] []
[2025-06-29 12:20:25] SlimMonoLogger.INFO: Cron ran at: 29-06-2025 12:20:25 PM [] []
[2025-06-29 12:25:22] SlimMonoLogger.INFO: Cron ran at: 29-06-2025 12:25:22 PM [] []
[2025-06-29 12:30:31] SlimMonoLogger.INFO: Cron ran at: 29-06-2025 12:30:31 PM [] []
[2025-06-29 12:35:26] SlimMonoLogger.INFO: Cron ran at: 29-06-2025 12:35:26 PM [] []
[2025-06-29 12:40:28] SlimMonoLogger.INFO: Cron ran at: 29-06-2025 12:40:28 PM [] []
[2025-06-29 12:45:31] SlimMonoLogger.INFO: Cron ran at: 29-06-2025 12:45:31 PM [] []
[2025-06-29 12:50:27] SlimMonoLogger.INFO: Cron ran at: 29-06-2025 12:50:27 PM [] []
[2025-06-29 12:55:21] SlimMonoLogger.INFO: Cron ran at: 29-06-2025 12:55:21 PM [] []
[2025-06-29 13:00:30] SlimMonoLogger.INFO: Cron ran at: 29-06-2025 01:00:30 PM [] []
[2025-06-29 13:05:22] SlimMonoLogger.INFO: Cron ran at: 29-06-2025 01:05:22 PM [] []
[2025-06-29 13:10:31] SlimMonoLogger.INFO: Cron ran at: 29-06-2025 01:10:31 PM [] []
[2025-06-29 13:15:33] SlimMonoLogger.INFO: Cron ran at: 29-06-2025 01:15:33 PM [] []
[2025-06-29 13:20:29] SlimMonoLogger.INFO: Cron ran at: 29-06-2025 01:20:29 PM [] []
[2025-06-29 13:25:28] SlimMonoLogger.INFO: Cron ran at: 29-06-2025 01:25:28 PM [] []
[2025-06-29 13:30:38] SlimMonoLogger.INFO: Cron ran at: 29-06-2025 01:30:38 PM [] []
[2025-06-29 13:35:34] SlimMonoLogger.INFO: Cron ran at: 29-06-2025 01:35:34 PM [] []
[2025-06-29 13:40:33] SlimMonoLogger.INFO: Cron ran at: 29-06-2025 01:40:33 PM [] []
[2025-06-29 13:45:35] SlimMonoLogger.INFO: Cron ran at: 29-06-2025 01:45:35 PM [] []
[2025-06-29 13:50:30] SlimMonoLogger.INFO: Cron ran at: 29-06-2025 01:50:30 PM [] []
[2025-06-29 13:55:35] SlimMonoLogger.INFO: Cron ran at: 29-06-2025 01:55:35 PM [] []
[2025-06-29 14:00:35] SlimMonoLogger.INFO: Cron ran at: 29-06-2025 02:00:35 PM [] []
[2025-06-29 14:05:32] SlimMonoLogger.INFO: Cron ran at: 29-06-2025 02:05:32 PM [] []
[2025-06-29 14:10:38] SlimMonoLogger.INFO: Cron ran at: 29-06-2025 02:10:38 PM [] []
[2025-06-29 14:15:35] SlimMonoLogger.INFO: Cron ran at: 29-06-2025 02:15:35 PM [] []
[2025-06-29 14:20:31] SlimMonoLogger.INFO: Cron ran at: 29-06-2025 02:20:31 PM [] []
[2025-06-29 14:25:32] SlimMonoLogger.INFO: Cron ran at: 29-06-2025 02:25:32 PM [] []
[2025-06-29 14:30:39] SlimMonoLogger.INFO: Cron ran at: 29-06-2025 02:30:39 PM [] []
[2025-06-29 14:35:33] SlimMonoLogger.INFO: Cron ran at: 29-06-2025 02:35:33 PM [] []
[2025-06-29 14:40:24] SlimMonoLogger.INFO: Cron ran at: 29-06-2025 02:40:24 PM [] []
[2025-06-29 14:45:27] SlimMonoLogger.INFO: Cron ran at: 29-06-2025 02:45:27 PM [] []
[2025-06-29 14:50:29] SlimMonoLogger.INFO: Cron ran at: 29-06-2025 02:50:29 PM [] []
[2025-06-29 14:55:37] SlimMonoLogger.INFO: Cron ran at: 29-06-2025 02:55:37 PM [] []
[2025-06-29 15:00:34] SlimMonoLogger.INFO: Cron ran at: 29-06-2025 03:00:34 PM [] []
[2025-06-29 15:05:35] SlimMonoLogger.INFO: Cron ran at: 29-06-2025 03:05:35 PM [] []
[2025-06-29 15:10:34] SlimMonoLogger.INFO: Cron ran at: 29-06-2025 03:10:34 PM [] []
[2025-06-29 15:15:29] SlimMonoLogger.INFO: Cron ran at: 29-06-2025 03:15:29 PM [] []
[2025-06-29 15:20:27] SlimMonoLogger.INFO: Cron ran at: 29-06-2025 03:20:27 PM [] []
[2025-06-29 15:25:27] SlimMonoLogger.INFO: Cron ran at: 29-06-2025 03:25:27 PM [] []
[2025-06-29 15:30:35] SlimMonoLogger.INFO: Cron ran at: 29-06-2025 03:30:35 PM [] []
[2025-06-29 15:35:26] SlimMonoLogger.INFO: Cron ran at: 29-06-2025 03:35:26 PM [] []
[2025-06-29 15:40:27] SlimMonoLogger.INFO: Cron ran at: 29-06-2025 03:40:27 PM [] []
[2025-06-29 15:45:40] SlimMonoLogger.INFO: Cron ran at: 29-06-2025 03:45:40 PM [] []
[2025-06-29 15:50:26] SlimMonoLogger.INFO: Cron ran at: 29-06-2025 03:50:26 PM [] []
[2025-06-29 15:55:24] SlimMonoLogger.INFO: Cron ran at: 29-06-2025 03:55:24 PM [] []
[2025-06-29 16:00:30] SlimMonoLogger.INFO: Cron ran at: 29-06-2025 04:00:30 PM [] []
[2025-06-29 16:05:35] SlimMonoLogger.INFO: Cron ran at: 29-06-2025 04:05:35 PM [] []
[2025-06-29 16:10:31] SlimMonoLogger.INFO: Cron ran at: 29-06-2025 04:10:31 PM [] []
[2025-06-29 16:15:26] SlimMonoLogger.INFO: Cron ran at: 29-06-2025 04:15:26 PM [] []
[2025-06-29 16:20:28] SlimMonoLogger.INFO: Cron ran at: 29-06-2025 04:20:28 PM [] []
[2025-06-29 16:25:35] SlimMonoLogger.INFO: Cron ran at: 29-06-2025 04:25:35 PM [] []
[2025-06-29 16:30:35] SlimMonoLogger.INFO: Cron ran at: 29-06-2025 04:30:35 PM [] []
[2025-06-29 16:35:26] SlimMonoLogger.INFO: Cron ran at: 29-06-2025 04:35:26 PM [] []
[2025-06-29 16:40:41] SlimMonoLogger.INFO: Cron ran at: 29-06-2025 04:40:41 PM [] []
[2025-06-29 16:45:28] SlimMonoLogger.INFO: Cron ran at: 29-06-2025 04:45:28 PM [] []
[2025-06-29 16:50:31] SlimMonoLogger.INFO: Cron ran at: 29-06-2025 04:50:31 PM [] []
[2025-06-29 16:55:26] SlimMonoLogger.INFO: Cron ran at: 29-06-2025 04:55:26 PM [] []
[2025-06-29 17:00:29] SlimMonoLogger.INFO: Cron ran at: 29-06-2025 05:00:29 PM [] []
[2025-06-29 17:05:25] SlimMonoLogger.INFO: Cron ran at: 29-06-2025 05:05:25 PM [] []
[2025-06-29 17:10:25] SlimMonoLogger.INFO: Cron ran at: 29-06-2025 05:10:25 PM [] []
[2025-06-29 17:15:33] SlimMonoLogger.INFO: Cron ran at: 29-06-2025 05:15:33 PM [] []
[2025-06-29 17:20:26] SlimMonoLogger.INFO: Cron ran at: 29-06-2025 05:20:26 PM [] []
[2025-06-29 17:25:25] SlimMonoLogger.INFO: Cron ran at: 29-06-2025 05:25:25 PM [] []
[2025-06-29 17:30:37] SlimMonoLogger.INFO: Cron ran at: 29-06-2025 05:30:37 PM [] []
[2025-06-29 17:35:29] SlimMonoLogger.INFO: Cron ran at: 29-06-2025 05:35:29 PM [] []
[2025-06-29 17:40:35] SlimMonoLogger.INFO: Cron ran at: 29-06-2025 05:40:35 PM [] []
[2025-06-29 17:45:28] SlimMonoLogger.INFO: Cron ran at: 29-06-2025 05:45:28 PM [] []
[2025-06-29 17:50:26] SlimMonoLogger.INFO: Cron ran at: 29-06-2025 05:50:26 PM [] []
[2025-06-29 17:55:30] SlimMonoLogger.INFO: Cron ran at: 29-06-2025 05:55:30 PM [] []
[2025-06-29 18:00:40] SlimMonoLogger.INFO: Cron ran at: 29-06-2025 06:00:40 PM [] []
[2025-06-29 18:05:26] SlimMonoLogger.INFO: Cron ran at: 29-06-2025 06:05:26 PM [] []
[2025-06-29 18:10:24] SlimMonoLogger.INFO: Cron ran at: 29-06-2025 06:10:24 PM [] []
[2025-06-29 18:15:27] SlimMonoLogger.INFO: Cron ran at: 29-06-2025 06:15:27 PM [] []
[2025-06-29 18:20:24] SlimMonoLogger.INFO: Cron ran at: 29-06-2025 06:20:24 PM [] []
[2025-06-29 18:25:36] SlimMonoLogger.INFO: Cron ran at: 29-06-2025 06:25:36 PM [] []
[2025-06-29 18:30:28] SlimMonoLogger.INFO: Cron ran at: 29-06-2025 06:30:28 PM [] []
[2025-06-29 18:35:26] SlimMonoLogger.INFO: Cron ran at: 29-06-2025 06:35:26 PM [] []
[2025-06-29 18:40:25] SlimMonoLogger.INFO: Cron ran at: 29-06-2025 06:40:25 PM [] []
[2025-06-29 18:50:24] SlimMonoLogger.INFO: Cron ran at: 29-06-2025 06:50:24 PM [] []
[2025-06-29 18:53:43] SlimMonoLogger.ERROR: Requests_Exception: cURL error 28: Operation timed out after 500001 milliseconds with 0 bytes received in /home/latihtal/public_html/agregator1/src/vendor/rmccue/requests/library/Requests/Transport/cURL.php:422
Stack trace:
#0 /home/latihtal/public_html/agregator1/src/vendor/rmccue/requests/library/Requests/Transport/cURL.php(177): Requests_Transport_cURL->process_response()
#1 /home/latihtal/public_html/agregator1/src/vendor/rmccue/requests/library/Requests.php(379): Requests_Transport_cURL->request()
#2 /home/latihtal/public_html/agregator1/src/vendor/rmccue/requests/library/Requests/Session.php(205): Requests::request()
#3 /home/latihtal/public_html/agregator1/src/vendor/rmccue/requests/library/Requests/Session.php(132): Requests_Session->request()
#4 /home/latihtal/public_html/agregator1/src/drivers/Http/RssImporter.php(144): Requests_Session->get()
#5 /home/latihtal/public_html/agregator1/src/controllers/Dashboard/DashboardFeedsController.php(534): spark\drivers\Http\RssImporter->fetchPosts()
#6 /home/latihtal/public_html/agregator1/src/controllers/Site/SiteController.php(722): spark\controllers\Dashboard\DashboardFeedsController::importFeedPosts()
#7 [internal function]: spark\controllers\Site\SiteController->runTasks()
#8 /home/latihtal/public_html/agregator1/src/framework/Route.php(173): call_user_func_array()
#9 [internal function]: Slim\Route->Slim\{closure}()
#10 /home/latihtal/public_html/agregator1/src/framework/Route.php(468): call_user_func_array()
#11 /home/latihtal/public_html/agregator1/src/framework/Slim.php(1364): Slim\Route->dispatch()
#12 /home/latihtal/public_html/agregator1/src/framework/Middleware/Flash.php(85): Slim\Slim->call()
#13 /home/latihtal/public_html/agregator1/src/framework/Middleware/MethodOverride.php(92): Slim\Middleware\Flash->call()
#14 /home/latihtal/public_html/agregator1/src/middlewares/CsrfGuard/CsrfGuard.php(47): Slim\Middleware\MethodOverride->call()
#15 /home/latihtal/public_html/agregator1/src/framework/Middleware/PrettyExceptions.php(67): spark\middlewares\CsrfGuard\CsrfGuard->call()
#16 /home/latihtal/public_html/agregator1/src/framework/Slim.php(1308): Slim\Middleware\PrettyExceptions->call()
#17 /home/latihtal/public_html/agregator1/index.php(6): Slim\Slim->run()
#18 {main} [] []
[2025-06-29 18:53:44] SlimMonoLogger.INFO: Cron ran at: 29-06-2025 06:53:44 PM [] []
[2025-06-29 18:55:25] SlimMonoLogger.INFO: Cron ran at: 29-06-2025 06:55:25 PM [] []
[2025-06-29 19:00:31] SlimMonoLogger.INFO: Cron ran at: 29-06-2025 07:00:31 PM [] []
[2025-06-29 19:05:29] SlimMonoLogger.INFO: Cron ran at: 29-06-2025 07:05:29 PM [] []
[2025-06-29 19:10:28] SlimMonoLogger.INFO: Cron ran at: 29-06-2025 07:10:28 PM [] []
[2025-06-29 19:15:24] SlimMonoLogger.INFO: Cron ran at: 29-06-2025 07:15:24 PM [] []
[2025-06-29 19:20:24] SlimMonoLogger.INFO: Cron ran at: 29-06-2025 07:20:24 PM [] []
[2025-06-29 19:25:24] SlimMonoLogger.INFO: Cron ran at: 29-06-2025 07:25:24 PM [] []
[2025-06-29 19:30:27] SlimMonoLogger.INFO: Cron ran at: 29-06-2025 07:30:27 PM [] []
[2025-06-29 19:35:28] SlimMonoLogger.INFO: Cron ran at: 29-06-2025 07:35:28 PM [] []
[2025-06-29 19:40:28] SlimMonoLogger.INFO: Cron ran at: 29-06-2025 07:40:28 PM [] []
[2025-06-29 19:45:32] SlimMonoLogger.INFO: Cron ran at: 29-06-2025 07:45:32 PM [] []
[2025-06-29 19:50:24] SlimMonoLogger.INFO: Cron ran at: 29-06-2025 07:50:24 PM [] []
[2025-06-29 19:55:32] SlimMonoLogger.INFO: Cron ran at: 29-06-2025 07:55:32 PM [] []
[2025-06-29 20:00:40] SlimMonoLogger.INFO: Cron ran at: 29-06-2025 08:00:40 PM [] []
[2025-06-29 20:05:26] SlimMonoLogger.INFO: Cron ran at: 29-06-2025 08:05:26 PM [] []
[2025-06-29 20:10:25] SlimMonoLogger.INFO: Cron ran at: 29-06-2025 08:10:25 PM [] []
[2025-06-29 20:15:27] SlimMonoLogger.INFO: Cron ran at: 29-06-2025 08:15:27 PM [] []
[2025-06-29 20:20:24] SlimMonoLogger.INFO: Cron ran at: 29-06-2025 08:20:24 PM [] []
[2025-06-29 20:25:32] SlimMonoLogger.INFO: Cron ran at: 29-06-2025 08:25:32 PM [] []
[2025-06-29 20:30:41] SlimMonoLogger.INFO: Cron ran at: 29-06-2025 08:30:41 PM [] []
[2025-06-29 20:35:31] SlimMonoLogger.INFO: Cron ran at: 29-06-2025 08:35:31 PM [] []
[2025-06-29 20:40:32] SlimMonoLogger.INFO: Cron ran at: 29-06-2025 08:40:32 PM [] []
[2025-06-29 20:45:26] SlimMonoLogger.INFO: Cron ran at: 29-06-2025 08:45:26 PM [] []
[2025-06-29 20:50:25] SlimMonoLogger.INFO: Cron ran at: 29-06-2025 08:50:25 PM [] []
[2025-06-29 20:55:23] SlimMonoLogger.INFO: Cron ran at: 29-06-2025 08:55:23 PM [] []
[2025-06-29 21:00:26] SlimMonoLogger.INFO: Cron ran at: 29-06-2025 09:00:26 PM [] []
[2025-06-29 21:05:28] SlimMonoLogger.INFO: Cron ran at: 29-06-2025 09:05:28 PM [] []
[2025-06-29 21:10:30] SlimMonoLogger.INFO: Cron ran at: 29-06-2025 09:10:30 PM [] []
[2025-06-29 21:15:25] SlimMonoLogger.INFO: Cron ran at: 29-06-2025 09:15:25 PM [] []
[2025-06-29 21:20:28] SlimMonoLogger.INFO: Cron ran at: 29-06-2025 09:20:28 PM [] []
[2025-06-29 21:25:23] SlimMonoLogger.INFO: Cron ran at: 29-06-2025 09:25:23 PM [] []
[2025-06-29 21:30:23] SlimMonoLogger.INFO: Cron ran at: 29-06-2025 09:30:23 PM [] []
[2025-06-29 21:35:28] SlimMonoLogger.INFO: Cron ran at: 29-06-2025 09:35:28 PM [] []
[2025-06-29 21:40:25] SlimMonoLogger.INFO: Cron ran at: 29-06-2025 09:40:25 PM [] []
[2025-06-29 21:45:27] SlimMonoLogger.INFO: Cron ran at: 29-06-2025 09:45:27 PM [] []
[2025-06-29 21:50:24] SlimMonoLogger.INFO: Cron ran at: 29-06-2025 09:50:24 PM [] []
[2025-06-29 21:55:31] SlimMonoLogger.INFO: Cron ran at: 29-06-2025 09:55:31 PM [] []
[2025-06-29 22:00:32] SlimMonoLogger.INFO: Cron ran at: 29-06-2025 10:00:32 PM [] []
[2025-06-29 22:05:33] SlimMonoLogger.INFO: Cron ran at: 29-06-2025 10:05:33 PM [] []
[2025-06-29 22:10:37] SlimMonoLogger.INFO: Cron ran at: 29-06-2025 10:10:37 PM [] []
[2025-06-29 22:15:29] SlimMonoLogger.INFO: Cron ran at: 29-06-2025 10:15:29 PM [] []
[2025-06-29 22:20:37] SlimMonoLogger.INFO: Cron ran at: 29-06-2025 10:20:37 PM [] []
[2025-06-29 22:25:29] SlimMonoLogger.INFO: Cron ran at: 29-06-2025 10:25:29 PM [] []
[2025-06-29 22:30:28] SlimMonoLogger.INFO: Cron ran at: 29-06-2025 10:30:28 PM [] []
[2025-06-29 22:35:26] SlimMonoLogger.INFO: Cron ran at: 29-06-2025 10:35:26 PM [] []
[2025-06-29 22:40:29] SlimMonoLogger.INFO: Cron ran at: 29-06-2025 10:40:29 PM [] []
[2025-06-29 22:45:27] SlimMonoLogger.INFO: Cron ran at: 29-06-2025 10:45:27 PM [] []
[2025-06-29 22:50:32] SlimMonoLogger.INFO: Cron ran at: 29-06-2025 10:50:32 PM [] []
[2025-06-29 22:55:25] SlimMonoLogger.INFO: Cron ran at: 29-06-2025 10:55:25 PM [] []
[2025-06-29 23:00:31] SlimMonoLogger.INFO: Cron ran at: 29-06-2025 11:00:31 PM [] []
[2025-06-29 23:05:25] SlimMonoLogger.INFO: Cron ran at: 29-06-2025 11:05:25 PM [] []
[2025-06-29 23:10:26] SlimMonoLogger.INFO: Cron ran at: 29-06-2025 11:10:26 PM [] []
[2025-06-29 23:15:31] SlimMonoLogger.INFO: Cron ran at: 29-06-2025 11:15:31 PM [] []
[2025-06-29 23:20:30] SlimMonoLogger.INFO: Cron ran at: 29-06-2025 11:20:30 PM [] []
[2025-06-29 23:25:25] SlimMonoLogger.INFO: Cron ran at: 29-06-2025 11:25:25 PM [] []
[2025-06-29 23:30:31] SlimMonoLogger.INFO: Cron ran at: 29-06-2025 11:30:31 PM [] []
[2025-06-29 23:35:25] SlimMonoLogger.INFO: Cron ran at: 29-06-2025 11:35:25 PM [] []
[2025-06-29 23:40:23] SlimMonoLogger.INFO: Cron ran at: 29-06-2025 11:40:23 PM [] []
[2025-06-29 23:45:27] SlimMonoLogger.INFO: Cron ran at: 29-06-2025 11:45:27 PM [] []
[2025-06-29 23:50:27] SlimMonoLogger.INFO: Cron ran at: 29-06-2025 11:50:27 PM [] []
[2025-06-29 23:55:26] SlimMonoLogger.INFO: Cron ran at: 29-06-2025 11:55:26 PM [] []
[2025-06-30 00:00:30] SlimMonoLogger.INFO: Cron ran at: 30-06-2025 12:00:30 AM [] []
[2025-06-30 00:05:26] SlimMonoLogger.INFO: Cron ran at: 30-06-2025 12:05:26 AM [] []
[2025-06-30 00:10:25] SlimMonoLogger.INFO: Cron ran at: 30-06-2025 12:10:25 AM [] []
[2025-06-30 00:15:32] SlimMonoLogger.INFO: Cron ran at: 30-06-2025 12:15:32 AM [] []
[2025-06-30 00:20:37] SlimMonoLogger.INFO: Cron ran at: 30-06-2025 12:20:37 AM [] []
[2025-06-30 00:25:33] SlimMonoLogger.INFO: Cron ran at: 30-06-2025 12:25:33 AM [] []
[2025-06-30 00:30:33] SlimMonoLogger.INFO: Cron ran at: 30-06-2025 12:30:33 AM [] []
[2025-06-30 00:35:59] SlimMonoLogger.INFO: Cron ran at: 30-06-2025 12:35:59 AM [] []
[2025-06-30 00:40:36] SlimMonoLogger.INFO: Cron ran at: 30-06-2025 12:40:36 AM [] []
[2025-06-30 00:45:29] SlimMonoLogger.INFO: Cron ran at: 30-06-2025 12:45:29 AM [] []
[2025-06-30 00:50:34] SlimMonoLogger.INFO: Cron ran at: 30-06-2025 12:50:34 AM [] []
[2025-06-30 00:55:32] SlimMonoLogger.INFO: Cron ran at: 30-06-2025 12:55:32 AM [] []
[2025-06-30 01:00:38] SlimMonoLogger.INFO: Cron ran at: 30-06-2025 01:00:38 AM [] []
[2025-06-30 01:05:33] SlimMonoLogger.INFO: Cron ran at: 30-06-2025 01:05:33 AM [] []
[2025-06-30 01:10:33] SlimMonoLogger.INFO: Cron ran at: 30-06-2025 01:10:33 AM [] []
[2025-06-30 01:15:28] SlimMonoLogger.INFO: Cron ran at: 30-06-2025 01:15:28 AM [] []
[2025-06-30 01:20:25] SlimMonoLogger.INFO: Cron ran at: 30-06-2025 01:20:25 AM [] []
[2025-06-30 01:25:28] SlimMonoLogger.INFO: Cron ran at: 30-06-2025 01:25:28 AM [] []
[2025-06-30 01:30:27] SlimMonoLogger.INFO: Cron ran at: 30-06-2025 01:30:27 AM [] []
[2025-06-30 01:35:26] SlimMonoLogger.INFO: Cron ran at: 30-06-2025 01:35:26 AM [] []
[2025-06-30 01:40:27] SlimMonoLogger.INFO: Cron ran at: 30-06-2025 01:40:27 AM [] []
[2025-06-30 01:45:35] SlimMonoLogger.INFO: Cron ran at: 30-06-2025 01:45:35 AM [] []
[2025-06-30 01:50:27] SlimMonoLogger.INFO: Cron ran at: 30-06-2025 01:50:27 AM [] []
[2025-06-30 01:55:27] SlimMonoLogger.INFO: Cron ran at: 30-06-2025 01:55:27 AM [] []
