[2025-08-29 02:00:35] SlimMonoLogger.INFO: Cron ran at: 29-08-2025 02:00:35 AM [] []
[2025-08-29 02:05:27] SlimMonoLogger.INFO: Cron ran at: 29-08-2025 02:05:27 AM [] []
[2025-08-29 02:10:24] SlimMonoLogger.INFO: Cron ran at: 29-08-2025 02:10:24 AM [] []
[2025-08-29 02:15:27] SlimMonoLogger.INFO: Cron ran at: 29-08-2025 02:15:27 AM [] []
[2025-08-29 02:20:26] SlimMonoLogger.INFO: Cron ran at: 29-08-2025 02:20:26 AM [] []
[2025-08-29 02:25:24] SlimMonoLogger.INFO: Cron ran at: 29-08-2025 02:25:24 AM [] []
[2025-08-29 02:30:24] SlimMonoLogger.INFO: Cron ran at: 29-08-2025 02:30:24 AM [] []
[2025-08-29 02:35:24] SlimMonoLogger.INFO: Cron ran at: 29-08-2025 02:35:24 AM [] []
[2025-08-29 02:40:23] SlimMonoLogger.INFO: Cron ran at: 29-08-2025 02:40:23 AM [] []
[2025-08-29 02:45:25] SlimMonoLogger.INFO: Cron ran at: 29-08-2025 02:45:25 AM [] []
[2025-08-29 02:50:37] SlimMonoLogger.INFO: Cron ran at: 29-08-2025 02:50:37 AM [] []
[2025-08-29 02:55:26] SlimMonoLogger.INFO: Cron ran at: 29-08-2025 02:55:26 AM [] []
[2025-08-29 03:00:24] SlimMonoLogger.INFO: Cron ran at: 29-08-2025 03:00:24 AM [] []
[2025-08-29 03:05:29] SlimMonoLogger.INFO: Cron ran at: 29-08-2025 03:05:29 AM [] []
[2025-08-29 03:10:26] SlimMonoLogger.INFO: Cron ran at: 29-08-2025 03:10:26 AM [] []
[2025-08-29 03:15:23] SlimMonoLogger.INFO: Cron ran at: 29-08-2025 03:15:23 AM [] []
[2025-08-29 03:20:22] SlimMonoLogger.INFO: Cron ran at: 29-08-2025 03:20:22 AM [] []
[2025-08-29 03:25:25] SlimMonoLogger.INFO: Cron ran at: 29-08-2025 03:25:25 AM [] []
[2025-08-29 03:30:24] SlimMonoLogger.INFO: Cron ran at: 29-08-2025 03:30:24 AM [] []
[2025-08-29 03:35:25] SlimMonoLogger.INFO: Cron ran at: 29-08-2025 03:35:25 AM [] []
[2025-08-29 03:40:28] SlimMonoLogger.INFO: Cron ran at: 29-08-2025 03:40:28 AM [] []
[2025-08-29 03:45:23] SlimMonoLogger.INFO: Cron ran at: 29-08-2025 03:45:23 AM [] []
[2025-08-29 03:50:24] SlimMonoLogger.INFO: Cron ran at: 29-08-2025 03:50:24 AM [] []
[2025-08-29 03:55:24] SlimMonoLogger.INFO: Cron ran at: 29-08-2025 03:55:24 AM [] []
[2025-08-29 04:00:26] SlimMonoLogger.INFO: Cron ran at: 29-08-2025 04:00:26 AM [] []
[2025-08-29 04:05:27] SlimMonoLogger.INFO: Cron ran at: 29-08-2025 04:05:27 AM [] []
[2025-08-29 04:10:36] SlimMonoLogger.INFO: Cron ran at: 29-08-2025 04:10:36 AM [] []
[2025-08-29 04:15:26] SlimMonoLogger.INFO: Cron ran at: 29-08-2025 04:15:26 AM [] []
[2025-08-29 04:20:29] SlimMonoLogger.INFO: Cron ran at: 29-08-2025 04:20:29 AM [] []
[2025-08-29 04:25:24] SlimMonoLogger.INFO: Cron ran at: 29-08-2025 04:25:24 AM [] []
[2025-08-29 04:30:26] SlimMonoLogger.INFO: Cron ran at: 29-08-2025 04:30:26 AM [] []
[2025-08-29 04:35:25] SlimMonoLogger.INFO: Cron ran at: 29-08-2025 04:35:25 AM [] []
[2025-08-29 04:40:25] SlimMonoLogger.INFO: Cron ran at: 29-08-2025 04:40:25 AM [] []
[2025-08-29 04:45:30] SlimMonoLogger.INFO: Cron ran at: 29-08-2025 04:45:30 AM [] []
[2025-08-29 04:50:24] SlimMonoLogger.INFO: Cron ran at: 29-08-2025 04:50:24 AM [] []
[2025-08-29 04:55:25] SlimMonoLogger.INFO: Cron ran at: 29-08-2025 04:55:25 AM [] []
[2025-08-29 05:00:29] SlimMonoLogger.INFO: Cron ran at: 29-08-2025 05:00:29 AM [] []
[2025-08-29 05:05:24] SlimMonoLogger.INFO: Cron ran at: 29-08-2025 05:05:24 AM [] []
[2025-08-29 05:10:30] SlimMonoLogger.INFO: Cron ran at: 29-08-2025 05:10:30 AM [] []
[2025-08-29 05:15:26] SlimMonoLogger.INFO: Cron ran at: 29-08-2025 05:15:26 AM [] []
[2025-08-29 05:20:27] SlimMonoLogger.INFO: Cron ran at: 29-08-2025 05:20:27 AM [] []
[2025-08-29 05:25:27] SlimMonoLogger.INFO: Cron ran at: 29-08-2025 05:25:27 AM [] []
[2025-08-29 05:30:27] SlimMonoLogger.INFO: Cron ran at: 29-08-2025 05:30:27 AM [] []
[2025-08-29 05:35:23] SlimMonoLogger.INFO: Cron ran at: 29-08-2025 05:35:23 AM [] []
[2025-08-29 05:40:26] SlimMonoLogger.INFO: Cron ran at: 29-08-2025 05:40:26 AM [] []
[2025-08-29 05:45:27] SlimMonoLogger.INFO: Cron ran at: 29-08-2025 05:45:27 AM [] []
[2025-08-29 05:50:25] SlimMonoLogger.INFO: Cron ran at: 29-08-2025 05:50:25 AM [] []
[2025-08-29 05:55:24] SlimMonoLogger.INFO: Cron ran at: 29-08-2025 05:55:24 AM [] []
[2025-08-29 06:00:40] SlimMonoLogger.INFO: Cron ran at: 29-08-2025 06:00:40 AM [] []
[2025-08-29 06:05:25] SlimMonoLogger.INFO: Cron ran at: 29-08-2025 06:05:25 AM [] []
[2025-08-29 06:10:28] SlimMonoLogger.INFO: Cron ran at: 29-08-2025 06:10:28 AM [] []
[2025-08-29 06:15:37] SlimMonoLogger.INFO: Cron ran at: 29-08-2025 06:15:37 AM [] []
[2025-08-29 06:20:25] SlimMonoLogger.INFO: Cron ran at: 29-08-2025 06:20:25 AM [] []
[2025-08-29 06:25:27] SlimMonoLogger.INFO: Cron ran at: 29-08-2025 06:25:27 AM [] []
[2025-08-29 06:30:30] SlimMonoLogger.INFO: Cron ran at: 29-08-2025 06:30:30 AM [] []
[2025-08-29 06:35:24] SlimMonoLogger.INFO: Cron ran at: 29-08-2025 06:35:24 AM [] []
[2025-08-29 06:40:25] SlimMonoLogger.INFO: Cron ran at: 29-08-2025 06:40:25 AM [] []
[2025-08-29 06:45:24] SlimMonoLogger.INFO: Cron ran at: 29-08-2025 06:45:24 AM [] []
[2025-08-29 06:50:24] SlimMonoLogger.INFO: Cron ran at: 29-08-2025 06:50:24 AM [] []
[2025-08-29 06:55:26] SlimMonoLogger.INFO: Cron ran at: 29-08-2025 06:55:26 AM [] []
[2025-08-29 07:00:28] SlimMonoLogger.INFO: Cron ran at: 29-08-2025 07:00:28 AM [] []
[2025-08-29 07:05:25] SlimMonoLogger.INFO: Cron ran at: 29-08-2025 07:05:25 AM [] []
[2025-08-29 07:10:25] SlimMonoLogger.INFO: Cron ran at: 29-08-2025 07:10:25 AM [] []
[2025-08-29 07:15:25] SlimMonoLogger.INFO: Cron ran at: 29-08-2025 07:15:25 AM [] []
[2025-08-29 07:20:24] SlimMonoLogger.INFO: Cron ran at: 29-08-2025 07:20:24 AM [] []
[2025-08-29 07:25:24] SlimMonoLogger.INFO: Cron ran at: 29-08-2025 07:25:24 AM [] []
[2025-08-29 07:30:26] SlimMonoLogger.INFO: Cron ran at: 29-08-2025 07:30:26 AM [] []
[2025-08-29 07:35:27] SlimMonoLogger.INFO: Cron ran at: 29-08-2025 07:35:27 AM [] []
[2025-08-29 07:40:25] SlimMonoLogger.INFO: Cron ran at: 29-08-2025 07:40:25 AM [] []
[2025-08-29 07:45:30] SlimMonoLogger.INFO: Cron ran at: 29-08-2025 07:45:30 AM [] []
[2025-08-29 07:50:25] SlimMonoLogger.INFO: Cron ran at: 29-08-2025 07:50:25 AM [] []
[2025-08-29 07:55:23] SlimMonoLogger.INFO: Cron ran at: 29-08-2025 07:55:23 AM [] []
[2025-08-29 08:00:25] SlimMonoLogger.INFO: Cron ran at: 29-08-2025 08:00:25 AM [] []
[2025-08-29 08:05:26] SlimMonoLogger.INFO: Cron ran at: 29-08-2025 08:05:26 AM [] []
[2025-08-29 08:10:27] SlimMonoLogger.INFO: Cron ran at: 29-08-2025 08:10:27 AM [] []
[2025-08-29 08:15:28] SlimMonoLogger.INFO: Cron ran at: 29-08-2025 08:15:28 AM [] []
[2025-08-29 08:20:24] SlimMonoLogger.INFO: Cron ran at: 29-08-2025 08:20:24 AM [] []
[2025-08-29 08:25:28] SlimMonoLogger.INFO: Cron ran at: 29-08-2025 08:25:28 AM [] []
[2025-08-29 08:30:27] SlimMonoLogger.INFO: Cron ran at: 29-08-2025 08:30:27 AM [] []
[2025-08-29 08:35:31] SlimMonoLogger.INFO: Cron ran at: 29-08-2025 08:35:31 AM [] []
[2025-08-29 08:40:31] SlimMonoLogger.INFO: Cron ran at: 29-08-2025 08:40:31 AM [] []
[2025-08-29 08:45:33] SlimMonoLogger.INFO: Cron ran at: 29-08-2025 08:45:33 AM [] []
[2025-08-29 08:50:37] SlimMonoLogger.INFO: Cron ran at: 29-08-2025 08:50:37 AM [] []
[2025-08-29 08:55:30] SlimMonoLogger.INFO: Cron ran at: 29-08-2025 08:55:30 AM [] []
[2025-08-29 09:00:35] SlimMonoLogger.INFO: Cron ran at: 29-08-2025 09:00:35 AM [] []
[2025-08-29 09:05:35] SlimMonoLogger.INFO: Cron ran at: 29-08-2025 09:05:35 AM [] []
[2025-08-29 09:10:32] SlimMonoLogger.INFO: Cron ran at: 29-08-2025 09:10:32 AM [] []
[2025-08-29 09:15:39] SlimMonoLogger.INFO: Cron ran at: 29-08-2025 09:15:39 AM [] []
[2025-08-29 09:20:37] SlimMonoLogger.INFO: Cron ran at: 29-08-2025 09:20:37 AM [] []
[2025-08-29 09:25:31] SlimMonoLogger.INFO: Cron ran at: 29-08-2025 09:25:31 AM [] []
[2025-08-29 09:30:31] SlimMonoLogger.INFO: Cron ran at: 29-08-2025 09:30:31 AM [] []
[2025-08-29 09:35:34] SlimMonoLogger.INFO: Cron ran at: 29-08-2025 09:35:34 AM [] []
[2025-08-29 09:40:30] SlimMonoLogger.INFO: Cron ran at: 29-08-2025 09:40:30 AM [] []
[2025-08-29 09:45:28] SlimMonoLogger.INFO: Cron ran at: 29-08-2025 09:45:28 AM [] []
[2025-08-29 09:50:29] SlimMonoLogger.INFO: Cron ran at: 29-08-2025 09:50:29 AM [] []
[2025-08-29 09:55:31] SlimMonoLogger.INFO: Cron ran at: 29-08-2025 09:55:31 AM [] []
[2025-08-29 10:00:33] SlimMonoLogger.INFO: Cron ran at: 29-08-2025 10:00:33 AM [] []
[2025-08-29 10:05:32] SlimMonoLogger.INFO: Cron ran at: 29-08-2025 10:05:32 AM [] []
[2025-08-29 10:10:28] SlimMonoLogger.INFO: Cron ran at: 29-08-2025 10:10:28 AM [] []
[2025-08-29 10:15:28] SlimMonoLogger.INFO: Cron ran at: 29-08-2025 10:15:28 AM [] []
[2025-08-29 10:20:33] SlimMonoLogger.INFO: Cron ran at: 29-08-2025 10:20:33 AM [] []
[2025-08-29 10:25:28] SlimMonoLogger.INFO: Cron ran at: 29-08-2025 10:25:28 AM [] []
[2025-08-29 10:30:32] SlimMonoLogger.INFO: Cron ran at: 29-08-2025 10:30:32 AM [] []
[2025-08-29 10:35:27] SlimMonoLogger.INFO: Cron ran at: 29-08-2025 10:35:27 AM [] []
[2025-08-29 10:40:25] SlimMonoLogger.INFO: Cron ran at: 29-08-2025 10:40:25 AM [] []
[2025-08-29 10:45:30] SlimMonoLogger.INFO: Cron ran at: 29-08-2025 10:45:30 AM [] []
[2025-08-29 10:50:33] SlimMonoLogger.INFO: Cron ran at: 29-08-2025 10:50:33 AM [] []
[2025-08-29 10:55:31] SlimMonoLogger.INFO: Cron ran at: 29-08-2025 10:55:31 AM [] []
[2025-08-29 11:00:40] SlimMonoLogger.INFO: Cron ran at: 29-08-2025 11:00:40 AM [] []
[2025-08-29 11:05:28] SlimMonoLogger.INFO: Cron ran at: 29-08-2025 11:05:28 AM [] []
[2025-08-29 11:10:41] SlimMonoLogger.INFO: Cron ran at: 29-08-2025 11:10:41 AM [] []
[2025-08-29 11:15:32] SlimMonoLogger.INFO: Cron ran at: 29-08-2025 11:15:32 AM [] []
[2025-08-29 11:20:35] SlimMonoLogger.INFO: Cron ran at: 29-08-2025 11:20:35 AM [] []
[2025-08-29 11:25:33] SlimMonoLogger.INFO: Cron ran at: 29-08-2025 11:25:33 AM [] []
[2025-08-29 11:30:31] SlimMonoLogger.INFO: Cron ran at: 29-08-2025 11:30:31 AM [] []
[2025-08-29 11:35:34] SlimMonoLogger.INFO: Cron ran at: 29-08-2025 11:35:34 AM [] []
[2025-08-29 11:40:32] SlimMonoLogger.INFO: Cron ran at: 29-08-2025 11:40:32 AM [] []
[2025-08-29 11:45:30] SlimMonoLogger.INFO: Cron ran at: 29-08-2025 11:45:29 AM [] []
[2025-08-29 11:50:31] SlimMonoLogger.INFO: Cron ran at: 29-08-2025 11:50:31 AM [] []
[2025-08-29 11:55:28] SlimMonoLogger.INFO: Cron ran at: 29-08-2025 11:55:28 AM [] []
[2025-08-29 12:00:30] SlimMonoLogger.INFO: Cron ran at: 29-08-2025 12:00:30 PM [] []
[2025-08-29 12:05:31] SlimMonoLogger.INFO: Cron ran at: 29-08-2025 12:05:31 PM [] []
[2025-08-29 12:10:25] SlimMonoLogger.INFO: Cron ran at: 29-08-2025 12:10:25 PM [] []
[2025-08-29 12:15:29] SlimMonoLogger.INFO: Cron ran at: 29-08-2025 12:15:29 PM [] []
[2025-08-29 12:20:34] SlimMonoLogger.INFO: Cron ran at: 29-08-2025 12:20:34 PM [] []
[2025-08-29 12:25:29] SlimMonoLogger.INFO: Cron ran at: 29-08-2025 12:25:29 PM [] []
[2025-08-29 12:30:33] SlimMonoLogger.INFO: Cron ran at: 29-08-2025 12:30:33 PM [] []
[2025-08-29 12:35:28] SlimMonoLogger.INFO: Cron ran at: 29-08-2025 12:35:28 PM [] []
[2025-08-29 12:40:34] SlimMonoLogger.INFO: Cron ran at: 29-08-2025 12:40:34 PM [] []
[2025-08-29 12:45:33] SlimMonoLogger.INFO: Cron ran at: 29-08-2025 12:45:33 PM [] []
[2025-08-29 12:50:37] SlimMonoLogger.INFO: Cron ran at: 29-08-2025 12:50:37 PM [] []
[2025-08-29 12:55:34] SlimMonoLogger.INFO: Cron ran at: 29-08-2025 12:55:34 PM [] []
[2025-08-29 13:00:31] SlimMonoLogger.INFO: Cron ran at: 29-08-2025 01:00:31 PM [] []
[2025-08-29 13:05:29] SlimMonoLogger.INFO: Cron ran at: 29-08-2025 01:05:29 PM [] []
[2025-08-29 13:10:29] SlimMonoLogger.INFO: Cron ran at: 29-08-2025 01:10:29 PM [] []
[2025-08-29 13:15:31] SlimMonoLogger.INFO: Cron ran at: 29-08-2025 01:15:31 PM [] []
[2025-08-29 13:20:27] SlimMonoLogger.INFO: Cron ran at: 29-08-2025 01:20:27 PM [] []
[2025-08-29 13:25:32] SlimMonoLogger.INFO: Cron ran at: 29-08-2025 01:25:32 PM [] []
[2025-08-29 13:30:30] SlimMonoLogger.INFO: Cron ran at: 29-08-2025 01:30:30 PM [] []
[2025-08-29 13:35:29] SlimMonoLogger.INFO: Cron ran at: 29-08-2025 01:35:29 PM [] []
[2025-08-29 13:40:29] SlimMonoLogger.INFO: Cron ran at: 29-08-2025 01:40:29 PM [] []
[2025-08-29 13:45:32] SlimMonoLogger.INFO: Cron ran at: 29-08-2025 01:45:32 PM [] []
[2025-08-29 13:50:27] SlimMonoLogger.INFO: Cron ran at: 29-08-2025 01:50:27 PM [] []
[2025-08-29 13:55:30] SlimMonoLogger.INFO: Cron ran at: 29-08-2025 01:55:30 PM [] []
[2025-08-29 14:00:32] SlimMonoLogger.INFO: Cron ran at: 29-08-2025 02:00:32 PM [] []
[2025-08-29 14:05:28] SlimMonoLogger.INFO: Cron ran at: 29-08-2025 02:05:28 PM [] []
[2025-08-29 14:10:32] SlimMonoLogger.INFO: Cron ran at: 29-08-2025 02:10:32 PM [] []
[2025-08-29 14:15:33] SlimMonoLogger.INFO: Cron ran at: 29-08-2025 02:15:33 PM [] []
[2025-08-29 14:20:28] SlimMonoLogger.INFO: Cron ran at: 29-08-2025 02:20:28 PM [] []
[2025-08-29 14:25:45] SlimMonoLogger.INFO: Cron ran at: 29-08-2025 02:25:45 PM [] []
[2025-08-29 14:30:39] SlimMonoLogger.INFO: Cron ran at: 29-08-2025 02:30:39 PM [] []
[2025-08-29 14:35:33] SlimMonoLogger.INFO: Cron ran at: 29-08-2025 02:35:33 PM [] []
[2025-08-29 14:40:38] SlimMonoLogger.INFO: Cron ran at: 29-08-2025 02:40:38 PM [] []
[2025-08-29 14:45:38] SlimMonoLogger.INFO: Cron ran at: 29-08-2025 02:45:38 PM [] []
[2025-08-29 14:50:28] SlimMonoLogger.INFO: Cron ran at: 29-08-2025 02:50:28 PM [] []
[2025-08-29 14:55:27] SlimMonoLogger.INFO: Cron ran at: 29-08-2025 02:55:27 PM [] []
[2025-08-29 15:00:46] SlimMonoLogger.INFO: Cron ran at: 29-08-2025 03:00:46 PM [] []
[2025-08-29 15:05:38] SlimMonoLogger.INFO: Cron ran at: 29-08-2025 03:05:38 PM [] []
[2025-08-29 15:10:32] SlimMonoLogger.INFO: Cron ran at: 29-08-2025 03:10:32 PM [] []
[2025-08-29 15:15:30] SlimMonoLogger.INFO: Cron ran at: 29-08-2025 03:15:30 PM [] []
[2025-08-29 15:20:28] SlimMonoLogger.INFO: Cron ran at: 29-08-2025 03:20:28 PM [] []
[2025-08-29 15:25:28] SlimMonoLogger.INFO: Cron ran at: 29-08-2025 03:25:28 PM [] []
[2025-08-29 15:30:35] SlimMonoLogger.INFO: Cron ran at: 29-08-2025 03:30:35 PM [] []
[2025-08-29 15:35:34] SlimMonoLogger.INFO: Cron ran at: 29-08-2025 03:35:34 PM [] []
[2025-08-29 15:40:34] SlimMonoLogger.INFO: Cron ran at: 29-08-2025 03:40:34 PM [] []
[2025-08-29 15:45:31] SlimMonoLogger.INFO: Cron ran at: 29-08-2025 03:45:31 PM [] []
[2025-08-29 15:50:31] SlimMonoLogger.INFO: Cron ran at: 29-08-2025 03:50:31 PM [] []
[2025-08-29 15:55:30] SlimMonoLogger.INFO: Cron ran at: 29-08-2025 03:55:30 PM [] []
[2025-08-29 16:00:34] SlimMonoLogger.INFO: Cron ran at: 29-08-2025 04:00:34 PM [] []
[2025-08-29 16:05:30] SlimMonoLogger.INFO: Cron ran at: 29-08-2025 04:05:30 PM [] []
[2025-08-29 16:10:29] SlimMonoLogger.INFO: Cron ran at: 29-08-2025 04:10:29 PM [] []
[2025-08-29 16:15:28] SlimMonoLogger.INFO: Cron ran at: 29-08-2025 04:15:28 PM [] []
[2025-08-29 16:20:31] SlimMonoLogger.INFO: Cron ran at: 29-08-2025 04:20:31 PM [] []
[2025-08-29 16:25:32] SlimMonoLogger.INFO: Cron ran at: 29-08-2025 04:25:32 PM [] []
[2025-08-29 16:30:47] SlimMonoLogger.INFO: Cron ran at: 29-08-2025 04:30:47 PM [] []
[2025-08-29 16:35:33] SlimMonoLogger.INFO: Cron ran at: 29-08-2025 04:35:33 PM [] []
[2025-08-29 16:40:33] SlimMonoLogger.INFO: Cron ran at: 29-08-2025 04:40:33 PM [] []
[2025-08-29 16:45:38] SlimMonoLogger.INFO: Cron ran at: 29-08-2025 04:45:38 PM [] []
[2025-08-29 16:50:34] SlimMonoLogger.INFO: Cron ran at: 29-08-2025 04:50:34 PM [] []
[2025-08-29 16:55:29] SlimMonoLogger.INFO: Cron ran at: 29-08-2025 04:55:29 PM [] []
[2025-08-29 17:00:32] SlimMonoLogger.INFO: Cron ran at: 29-08-2025 05:00:32 PM [] []
[2025-08-29 17:05:29] SlimMonoLogger.INFO: Cron ran at: 29-08-2025 05:05:29 PM [] []
[2025-08-29 17:10:32] SlimMonoLogger.INFO: Cron ran at: 29-08-2025 05:10:32 PM [] []
[2025-08-29 17:15:33] SlimMonoLogger.INFO: Cron ran at: 29-08-2025 05:15:33 PM [] []
[2025-08-29 17:20:26] SlimMonoLogger.INFO: Cron ran at: 29-08-2025 05:20:26 PM [] []
[2025-08-29 17:25:26] SlimMonoLogger.INFO: Cron ran at: 29-08-2025 05:25:26 PM [] []
[2025-08-29 17:30:26] SlimMonoLogger.INFO: Cron ran at: 29-08-2025 05:30:26 PM [] []
[2025-08-29 17:35:30] SlimMonoLogger.INFO: Cron ran at: 29-08-2025 05:35:30 PM [] []
[2025-08-29 17:40:29] SlimMonoLogger.INFO: Cron ran at: 29-08-2025 05:40:29 PM [] []
[2025-08-29 17:45:27] SlimMonoLogger.INFO: Cron ran at: 29-08-2025 05:45:27 PM [] []
[2025-08-29 17:50:25] SlimMonoLogger.INFO: Cron ran at: 29-08-2025 05:50:25 PM [] []
[2025-08-29 17:55:26] SlimMonoLogger.INFO: Cron ran at: 29-08-2025 05:55:26 PM [] []
[2025-08-29 18:00:33] SlimMonoLogger.INFO: Cron ran at: 29-08-2025 06:00:33 PM [] []
[2025-08-29 18:05:34] SlimMonoLogger.INFO: Cron ran at: 29-08-2025 06:05:34 PM [] []
[2025-08-29 18:10:25] SlimMonoLogger.INFO: Cron ran at: 29-08-2025 06:10:25 PM [] []
[2025-08-29 18:15:28] SlimMonoLogger.INFO: Cron ran at: 29-08-2025 06:15:28 PM [] []
[2025-08-29 18:20:26] SlimMonoLogger.INFO: Cron ran at: 29-08-2025 06:20:26 PM [] []
[2025-08-29 18:25:28] SlimMonoLogger.INFO: Cron ran at: 29-08-2025 06:25:28 PM [] []
[2025-08-29 18:30:33] SlimMonoLogger.INFO: Cron ran at: 29-08-2025 06:30:33 PM [] []
[2025-08-29 18:35:29] SlimMonoLogger.INFO: Cron ran at: 29-08-2025 06:35:29 PM [] []
[2025-08-29 18:40:29] SlimMonoLogger.INFO: Cron ran at: 29-08-2025 06:40:29 PM [] []
[2025-08-29 16:45:15] SlimMonoLogger.CRITICAL: PDOException: SQLSTATE[HY000] [1040] Too many connections in /home/latihtal/public_html/agregator1/src/framework/PDO/Database.php:34
Stack trace:
#0 /home/latihtal/public_html/agregator1/src/framework/PDO/Database.php(34): PDO->__construct()
#1 /home/latihtal/public_html/agregator1/src/dependencies.php(73): Slim\PDO\Database->__construct()
#2 /home/latihtal/public_html/agregator1/src/framework/Helper/Set.php(231): {closure}()
#3 /home/latihtal/public_html/agregator1/src/framework/Helper/Set.php(88): Slim\Helper\Set->Slim\Helper\{closure}()
#4 /home/latihtal/public_html/agregator1/src/framework/Slim.php(232): Slim\Helper\Set->get()
#5 /home/latihtal/public_html/agregator1/src/models/Model.php(176): Slim\Slim->__get()
#6 /home/latihtal/public_html/agregator1/src/models/OptionModel.php(180): spark\models\Model->select()
#7 /home/latihtal/public_html/agregator1/src/models/OptionModel.php(40): spark\models\OptionModel->autoloadOptions()
#8 /home/latihtal/public_html/agregator1/src/dependencies.php(99): spark\models\OptionModel->__construct()
#9 /home/latihtal/public_html/agregator1/src/framework/Helper/Set.php(231): {closure}()
#10 /home/latihtal/public_html/agregator1/src/framework/Helper/Set.php(88): Slim\Helper\Set->Slim\Helper\{closure}()
#11 /home/latihtal/public_html/agregator1/src/framework/Slim.php(232): Slim\Helper\Set->get()
#12 /home/latihtal/public_html/agregator1/src/drivers/Views/ThemeManager.php(34): Slim\Slim->__get()
#13 /home/latihtal/public_html/agregator1/src/dependencies.php(142): spark\drivers\Views\ThemeManager->initEngine()
#14 /home/latihtal/public_html/agregator1/src/bootstrap.php(68): require('/home/latihtal/...')
#15 /home/latihtal/public_html/agregator1/index.php(4): require('/home/latihtal/...')
#16 {main} [] []
[2025-08-29 18:50:34] SlimMonoLogger.INFO: Cron ran at: 29-08-2025 06:50:34 PM [] []
[2025-08-29 18:55:36] SlimMonoLogger.INFO: Cron ran at: 29-08-2025 06:55:36 PM [] []
[2025-08-29 19:00:33] SlimMonoLogger.INFO: Cron ran at: 29-08-2025 07:00:33 PM [] []
[2025-08-29 19:05:29] SlimMonoLogger.INFO: Cron ran at: 29-08-2025 07:05:29 PM [] []
[2025-08-29 19:10:27] SlimMonoLogger.INFO: Cron ran at: 29-08-2025 07:10:27 PM [] []
[2025-08-29 19:15:30] SlimMonoLogger.INFO: Cron ran at: 29-08-2025 07:15:30 PM [] []
[2025-08-29 19:20:29] SlimMonoLogger.INFO: Cron ran at: 29-08-2025 07:20:29 PM [] []
[2025-08-29 19:25:35] SlimMonoLogger.INFO: Cron ran at: 29-08-2025 07:25:35 PM [] []
[2025-08-29 19:30:32] SlimMonoLogger.INFO: Cron ran at: 29-08-2025 07:30:32 PM [] []
[2025-08-29 19:35:32] SlimMonoLogger.INFO: Cron ran at: 29-08-2025 07:35:32 PM [] []
[2025-08-29 19:40:29] SlimMonoLogger.INFO: Cron ran at: 29-08-2025 07:40:29 PM [] []
[2025-08-29 19:45:33] SlimMonoLogger.INFO: Cron ran at: 29-08-2025 07:45:33 PM [] []
[2025-08-29 19:50:27] SlimMonoLogger.INFO: Cron ran at: 29-08-2025 07:50:27 PM [] []
[2025-08-29 19:55:31] SlimMonoLogger.INFO: Cron ran at: 29-08-2025 07:55:31 PM [] []
[2025-08-29 20:00:37] SlimMonoLogger.INFO: Cron ran at: 29-08-2025 08:00:37 PM [] []
[2025-08-29 20:05:37] SlimMonoLogger.INFO: Cron ran at: 29-08-2025 08:05:37 PM [] []
[2025-08-29 20:10:33] SlimMonoLogger.INFO: Cron ran at: 29-08-2025 08:10:33 PM [] []
[2025-08-29 20:15:30] SlimMonoLogger.INFO: Cron ran at: 29-08-2025 08:15:30 PM [] []
[2025-08-29 20:20:25] SlimMonoLogger.INFO: Cron ran at: 29-08-2025 08:20:25 PM [] []
[2025-08-29 20:25:25] SlimMonoLogger.INFO: Cron ran at: 29-08-2025 08:25:25 PM [] []
[2025-08-29 20:30:34] SlimMonoLogger.INFO: Cron ran at: 29-08-2025 08:30:34 PM [] []
[2025-08-29 20:35:35] SlimMonoLogger.INFO: Cron ran at: 29-08-2025 08:35:35 PM [] []
[2025-08-29 20:40:37] SlimMonoLogger.INFO: Cron ran at: 29-08-2025 08:40:37 PM [] []
[2025-08-29 20:45:53] SlimMonoLogger.INFO: Cron ran at: 29-08-2025 08:45:53 PM [] []
[2025-08-29 20:50:40] SlimMonoLogger.INFO: Cron ran at: 29-08-2025 08:50:40 PM [] []
[2025-08-29 20:55:34] SlimMonoLogger.INFO: Cron ran at: 29-08-2025 08:55:34 PM [] []
[2025-08-29 21:00:33] SlimMonoLogger.INFO: Cron ran at: 29-08-2025 09:00:33 PM [] []
[2025-08-29 21:05:38] SlimMonoLogger.INFO: Cron ran at: 29-08-2025 09:05:38 PM [] []
[2025-08-29 21:10:33] SlimMonoLogger.INFO: Cron ran at: 29-08-2025 09:10:33 PM [] []
[2025-08-29 21:15:31] SlimMonoLogger.INFO: Cron ran at: 29-08-2025 09:15:31 PM [] []
[2025-08-29 21:20:29] SlimMonoLogger.INFO: Cron ran at: 29-08-2025 09:20:29 PM [] []
[2025-08-29 21:25:29] SlimMonoLogger.INFO: Cron ran at: 29-08-2025 09:25:29 PM [] []
[2025-08-29 21:30:35] SlimMonoLogger.INFO: Cron ran at: 29-08-2025 09:30:35 PM [] []
[2025-08-29 21:35:40] SlimMonoLogger.INFO: Cron ran at: 29-08-2025 09:35:40 PM [] []
[2025-08-29 21:40:35] SlimMonoLogger.INFO: Cron ran at: 29-08-2025 09:40:35 PM [] []
[2025-08-29 21:45:33] SlimMonoLogger.INFO: Cron ran at: 29-08-2025 09:45:33 PM [] []
[2025-08-29 21:50:31] SlimMonoLogger.INFO: Cron ran at: 29-08-2025 09:50:31 PM [] []
[2025-08-29 21:55:30] SlimMonoLogger.INFO: Cron ran at: 29-08-2025 09:55:30 PM [] []
[2025-08-29 22:00:35] SlimMonoLogger.INFO: Cron ran at: 29-08-2025 10:00:35 PM [] []
[2025-08-29 22:05:33] SlimMonoLogger.INFO: Cron ran at: 29-08-2025 10:05:33 PM [] []
[2025-08-29 22:10:29] SlimMonoLogger.INFO: Cron ran at: 29-08-2025 10:10:29 PM [] []
[2025-08-29 22:15:36] SlimMonoLogger.INFO: Cron ran at: 29-08-2025 10:15:36 PM [] []
[2025-08-29 22:20:33] SlimMonoLogger.INFO: Cron ran at: 29-08-2025 10:20:33 PM [] []
[2025-08-29 22:25:29] SlimMonoLogger.INFO: Cron ran at: 29-08-2025 10:25:29 PM [] []
[2025-08-29 22:30:29] SlimMonoLogger.INFO: Cron ran at: 29-08-2025 10:30:29 PM [] []
[2025-08-29 22:35:33] SlimMonoLogger.INFO: Cron ran at: 29-08-2025 10:35:33 PM [] []
[2025-08-29 22:40:26] SlimMonoLogger.INFO: Cron ran at: 29-08-2025 10:40:26 PM [] []
[2025-08-29 22:45:35] SlimMonoLogger.INFO: Cron ran at: 29-08-2025 10:45:35 PM [] []
[2025-08-29 22:50:31] SlimMonoLogger.INFO: Cron ran at: 29-08-2025 10:50:31 PM [] []
[2025-08-29 22:55:27] SlimMonoLogger.INFO: Cron ran at: 29-08-2025 10:55:27 PM [] []
[2025-08-29 23:00:30] SlimMonoLogger.INFO: Cron ran at: 29-08-2025 11:00:30 PM [] []
[2025-08-29 23:05:28] SlimMonoLogger.INFO: Cron ran at: 29-08-2025 11:05:28 PM [] []
[2025-08-29 23:10:31] SlimMonoLogger.INFO: Cron ran at: 29-08-2025 11:10:31 PM [] []
[2025-08-29 23:15:30] SlimMonoLogger.INFO: Cron ran at: 29-08-2025 11:15:30 PM [] []
[2025-08-29 23:20:33] SlimMonoLogger.INFO: Cron ran at: 29-08-2025 11:20:33 PM [] []
[2025-08-29 23:25:28] SlimMonoLogger.INFO: Cron ran at: 29-08-2025 11:25:28 PM [] []
[2025-08-29 23:30:28] SlimMonoLogger.INFO: Cron ran at: 29-08-2025 11:30:28 PM [] []
[2025-08-29 23:35:29] SlimMonoLogger.INFO: Cron ran at: 29-08-2025 11:35:29 PM [] []
[2025-08-29 23:40:26] SlimMonoLogger.INFO: Cron ran at: 29-08-2025 11:40:26 PM [] []
[2025-08-29 23:45:27] SlimMonoLogger.INFO: Cron ran at: 29-08-2025 11:45:27 PM [] []
[2025-08-29 23:50:27] SlimMonoLogger.INFO: Cron ran at: 29-08-2025 11:50:27 PM [] []
[2025-08-29 23:55:24] SlimMonoLogger.INFO: Cron ran at: 29-08-2025 11:55:24 PM [] []
[2025-08-30 00:00:26] SlimMonoLogger.INFO: Cron ran at: 30-08-2025 12:00:26 AM [] []
[2025-08-30 00:05:27] SlimMonoLogger.INFO: Cron ran at: 30-08-2025 12:05:27 AM [] []
[2025-08-30 00:10:43] SlimMonoLogger.INFO: Cron ran at: 30-08-2025 12:10:43 AM [] []
[2025-08-30 00:15:29] SlimMonoLogger.INFO: Cron ran at: 30-08-2025 12:15:29 AM [] []
[2025-08-30 00:20:32] SlimMonoLogger.INFO: Cron ran at: 30-08-2025 12:20:32 AM [] []
[2025-08-30 00:25:29] SlimMonoLogger.INFO: Cron ran at: 30-08-2025 12:25:29 AM [] []
[2025-08-30 00:30:31] SlimMonoLogger.INFO: Cron ran at: 30-08-2025 12:30:31 AM [] []
[2025-08-30 00:35:32] SlimMonoLogger.INFO: Cron ran at: 30-08-2025 12:35:32 AM [] []
[2025-08-30 00:40:32] SlimMonoLogger.INFO: Cron ran at: 30-08-2025 12:40:32 AM [] []
[2025-08-30 00:45:34] SlimMonoLogger.INFO: Cron ran at: 30-08-2025 12:45:34 AM [] []
[2025-08-30 00:50:29] SlimMonoLogger.INFO: Cron ran at: 30-08-2025 12:50:29 AM [] []
[2025-08-30 00:55:31] SlimMonoLogger.INFO: Cron ran at: 30-08-2025 12:55:31 AM [] []
[2025-08-30 01:00:33] SlimMonoLogger.INFO: Cron ran at: 30-08-2025 01:00:33 AM [] []
[2025-08-30 01:05:36] SlimMonoLogger.INFO: Cron ran at: 30-08-2025 01:05:36 AM [] []
[2025-08-30 01:10:28] SlimMonoLogger.INFO: Cron ran at: 30-08-2025 01:10:28 AM [] []
[2025-08-30 01:15:33] SlimMonoLogger.INFO: Cron ran at: 30-08-2025 01:15:33 AM [] []
[2025-08-30 01:20:30] SlimMonoLogger.INFO: Cron ran at: 30-08-2025 01:20:30 AM [] []
[2025-08-30 01:25:28] SlimMonoLogger.INFO: Cron ran at: 30-08-2025 01:25:28 AM [] []
[2025-08-30 01:30:38] SlimMonoLogger.INFO: Cron ran at: 30-08-2025 01:30:38 AM [] []
[2025-08-30 01:35:33] SlimMonoLogger.INFO: Cron ran at: 30-08-2025 01:35:33 AM [] []
[2025-08-30 01:40:31] SlimMonoLogger.INFO: Cron ran at: 30-08-2025 01:40:31 AM [] []
[2025-08-30 01:45:29] SlimMonoLogger.INFO: Cron ran at: 30-08-2025 01:45:29 AM [] []
[2025-08-30 01:50:30] SlimMonoLogger.INFO: Cron ran at: 30-08-2025 01:50:30 AM [] []
[2025-08-30 01:55:31] SlimMonoLogger.INFO: Cron ran at: 30-08-2025 01:55:31 AM [] []
