[2025-11-29 01:00:58] SlimMonoLogger.INFO: Cron ran at: 29-11-2025 01:00:58 AM [] []
[2025-11-29 01:05:54] SlimMonoLogger.INFO: Cron ran at: 29-11-2025 01:05:54 AM [] []
[2025-11-29 01:10:56] SlimMonoLogger.INFO: Cron ran at: 29-11-2025 01:10:56 AM [] []
[2025-11-29 01:15:53] SlimMonoLogger.INFO: Cron ran at: 29-11-2025 01:15:53 AM [] []
[2025-11-29 01:20:53] SlimMonoLogger.INFO: Cron ran at: 29-11-2025 01:20:53 AM [] []
[2025-11-29 01:25:54] SlimMonoLogger.INFO: Cron ran at: 29-11-2025 01:25:54 AM [] []
[2025-11-29 01:30:53] SlimMonoLogger.INFO: Cron ran at: 29-11-2025 01:30:53 AM [] []
[2025-11-29 01:35:50] SlimMonoLogger.INFO: Cron ran at: 29-11-2025 01:35:50 AM [] []
[2025-11-29 01:40:49] SlimMonoLogger.INFO: Cron ran at: 29-11-2025 01:40:49 AM [] []
[2025-11-29 01:45:51] SlimMonoLogger.INFO: Cron ran at: 29-11-2025 01:45:51 AM [] []
[2025-11-29 01:50:50] SlimMonoLogger.INFO: Cron ran at: 29-11-2025 01:50:50 AM [] []
[2025-11-29 01:56:00] SlimMonoLogger.INFO: Cron ran at: 29-11-2025 01:56:00 AM [] []
[2025-11-29 02:00:57] SlimMonoLogger.INFO: Cron ran at: 29-11-2025 02:00:57 AM [] []
[2025-11-29 02:05:57] SlimMonoLogger.INFO: Cron ran at: 29-11-2025 02:05:57 AM [] []
[2025-11-29 02:11:09] SlimMonoLogger.INFO: Cron ran at: 29-11-2025 02:11:09 AM [] []
[2025-11-29 02:15:53] SlimMonoLogger.INFO: Cron ran at: 29-11-2025 02:15:53 AM [] []
[2025-11-29 02:20:51] SlimMonoLogger.INFO: Cron ran at: 29-11-2025 02:20:51 AM [] []
[2025-11-29 02:25:52] SlimMonoLogger.INFO: Cron ran at: 29-11-2025 02:25:52 AM [] []
[2025-11-29 02:30:55] SlimMonoLogger.INFO: Cron ran at: 29-11-2025 02:30:55 AM [] []
[2025-11-29 02:35:50] SlimMonoLogger.INFO: Cron ran at: 29-11-2025 02:35:50 AM [] []
[2025-11-29 02:40:50] SlimMonoLogger.INFO: Cron ran at: 29-11-2025 02:40:50 AM [] []
[2025-11-29 02:45:54] SlimMonoLogger.INFO: Cron ran at: 29-11-2025 02:45:54 AM [] []
[2025-11-29 02:50:56] SlimMonoLogger.INFO: Cron ran at: 29-11-2025 02:50:56 AM [] []
[2025-11-29 02:55:54] SlimMonoLogger.INFO: Cron ran at: 29-11-2025 02:55:54 AM [] []
[2025-11-29 03:00:54] SlimMonoLogger.INFO: Cron ran at: 29-11-2025 03:00:54 AM [] []
[2025-11-29 03:05:52] SlimMonoLogger.INFO: Cron ran at: 29-11-2025 03:05:52 AM [] []
[2025-11-29 03:10:50] SlimMonoLogger.INFO: Cron ran at: 29-11-2025 03:10:50 AM [] []
[2025-11-29 03:15:56] SlimMonoLogger.INFO: Cron ran at: 29-11-2025 03:15:56 AM [] []
[2025-11-29 03:20:53] SlimMonoLogger.INFO: Cron ran at: 29-11-2025 03:20:53 AM [] []
[2025-11-29 03:25:52] SlimMonoLogger.INFO: Cron ran at: 29-11-2025 03:25:52 AM [] []
[2025-11-29 03:30:53] SlimMonoLogger.INFO: Cron ran at: 29-11-2025 03:30:53 AM [] []
[2025-11-29 03:35:50] SlimMonoLogger.INFO: Cron ran at: 29-11-2025 03:35:50 AM [] []
[2025-11-29 03:40:54] SlimMonoLogger.INFO: Cron ran at: 29-11-2025 03:40:54 AM [] []
[2025-11-29 03:45:53] SlimMonoLogger.INFO: Cron ran at: 29-11-2025 03:45:53 AM [] []
[2025-11-29 03:50:53] SlimMonoLogger.INFO: Cron ran at: 29-11-2025 03:50:53 AM [] []
[2025-11-29 03:55:55] SlimMonoLogger.INFO: Cron ran at: 29-11-2025 03:55:55 AM [] []
[2025-11-29 04:00:57] SlimMonoLogger.INFO: Cron ran at: 29-11-2025 04:00:57 AM [] []
[2025-11-29 04:05:58] SlimMonoLogger.INFO: Cron ran at: 29-11-2025 04:05:58 AM [] []
[2025-11-29 04:10:51] SlimMonoLogger.INFO: Cron ran at: 29-11-2025 04:10:51 AM [] []
[2025-11-29 04:15:51] SlimMonoLogger.INFO: Cron ran at: 29-11-2025 04:15:51 AM [] []
[2025-11-29 04:20:52] SlimMonoLogger.INFO: Cron ran at: 29-11-2025 04:20:52 AM [] []
[2025-11-29 04:25:54] SlimMonoLogger.INFO: Cron ran at: 29-11-2025 04:25:54 AM [] []
[2025-11-29 04:30:58] SlimMonoLogger.INFO: Cron ran at: 29-11-2025 04:30:58 AM [] []
[2025-11-29 04:35:53] SlimMonoLogger.INFO: Cron ran at: 29-11-2025 04:35:53 AM [] []
[2025-11-29 04:40:54] SlimMonoLogger.INFO: Cron ran at: 29-11-2025 04:40:54 AM [] []
[2025-11-29 04:45:52] SlimMonoLogger.INFO: Cron ran at: 29-11-2025 04:45:52 AM [] []
[2025-11-29 04:50:53] SlimMonoLogger.INFO: Cron ran at: 29-11-2025 04:50:53 AM [] []
[2025-11-29 04:55:49] SlimMonoLogger.INFO: Cron ran at: 29-11-2025 04:55:49 AM [] []
[2025-11-29 05:00:57] SlimMonoLogger.INFO: Cron ran at: 29-11-2025 05:00:57 AM [] []
[2025-11-29 05:05:51] SlimMonoLogger.INFO: Cron ran at: 29-11-2025 05:05:51 AM [] []
[2025-11-29 05:10:55] SlimMonoLogger.INFO: Cron ran at: 29-11-2025 05:10:55 AM [] []
[2025-11-29 05:15:51] SlimMonoLogger.INFO: Cron ran at: 29-11-2025 05:15:51 AM [] []
[2025-11-29 05:20:52] SlimMonoLogger.INFO: Cron ran at: 29-11-2025 05:20:52 AM [] []
[2025-11-29 05:25:53] SlimMonoLogger.INFO: Cron ran at: 29-11-2025 05:25:53 AM [] []
[2025-11-29 05:30:58] SlimMonoLogger.INFO: Cron ran at: 29-11-2025 05:30:58 AM [] []
[2025-11-29 05:35:54] SlimMonoLogger.INFO: Cron ran at: 29-11-2025 05:35:54 AM [] []
[2025-11-29 05:40:52] SlimMonoLogger.INFO: Cron ran at: 29-11-2025 05:40:52 AM [] []
[2025-11-29 05:45:54] SlimMonoLogger.INFO: Cron ran at: 29-11-2025 05:45:54 AM [] []
[2025-11-29 05:50:51] SlimMonoLogger.INFO: Cron ran at: 29-11-2025 05:50:51 AM [] []
[2025-11-29 05:55:52] SlimMonoLogger.INFO: Cron ran at: 29-11-2025 05:55:52 AM [] []
[2025-11-29 06:00:57] SlimMonoLogger.INFO: Cron ran at: 29-11-2025 06:00:57 AM [] []
[2025-11-29 06:05:54] SlimMonoLogger.INFO: Cron ran at: 29-11-2025 06:05:54 AM [] []
[2025-11-29 06:10:53] SlimMonoLogger.INFO: Cron ran at: 29-11-2025 06:10:53 AM [] []
[2025-11-29 06:15:52] SlimMonoLogger.INFO: Cron ran at: 29-11-2025 06:15:52 AM [] []
[2025-11-29 06:20:51] SlimMonoLogger.INFO: Cron ran at: 29-11-2025 06:20:51 AM [] []
[2025-11-29 06:25:52] SlimMonoLogger.INFO: Cron ran at: 29-11-2025 06:25:52 AM [] []
[2025-11-29 06:30:53] SlimMonoLogger.INFO: Cron ran at: 29-11-2025 06:30:53 AM [] []
[2025-11-29 06:35:49] SlimMonoLogger.INFO: Cron ran at: 29-11-2025 06:35:49 AM [] []
[2025-11-29 06:40:50] SlimMonoLogger.INFO: Cron ran at: 29-11-2025 06:40:50 AM [] []
[2025-11-29 06:45:56] SlimMonoLogger.INFO: Cron ran at: 29-11-2025 06:45:56 AM [] []
[2025-11-29 06:50:52] SlimMonoLogger.INFO: Cron ran at: 29-11-2025 06:50:52 AM [] []
[2025-11-29 06:55:52] SlimMonoLogger.INFO: Cron ran at: 29-11-2025 06:55:52 AM [] []
[2025-11-29 07:00:53] SlimMonoLogger.INFO: Cron ran at: 29-11-2025 07:00:53 AM [] []
[2025-11-29 07:05:51] SlimMonoLogger.INFO: Cron ran at: 29-11-2025 07:05:51 AM [] []
[2025-11-29 07:10:55] SlimMonoLogger.INFO: Cron ran at: 29-11-2025 07:10:55 AM [] []
[2025-11-29 07:15:53] SlimMonoLogger.INFO: Cron ran at: 29-11-2025 07:15:53 AM [] []
[2025-11-29 07:20:50] SlimMonoLogger.INFO: Cron ran at: 29-11-2025 07:20:50 AM [] []
[2025-11-29 07:25:55] SlimMonoLogger.INFO: Cron ran at: 29-11-2025 07:25:55 AM [] []
[2025-11-29 07:30:58] SlimMonoLogger.INFO: Cron ran at: 29-11-2025 07:30:58 AM [] []
[2025-11-29 07:35:51] SlimMonoLogger.INFO: Cron ran at: 29-11-2025 07:35:51 AM [] []
[2025-11-29 07:40:52] SlimMonoLogger.INFO: Cron ran at: 29-11-2025 07:40:52 AM [] []
[2025-11-29 07:45:56] SlimMonoLogger.INFO: Cron ran at: 29-11-2025 07:45:56 AM [] []
[2025-11-29 07:50:51] SlimMonoLogger.INFO: Cron ran at: 29-11-2025 07:50:51 AM [] []
[2025-11-29 07:55:51] SlimMonoLogger.INFO: Cron ran at: 29-11-2025 07:55:51 AM [] []
[2025-11-29 08:01:06] SlimMonoLogger.INFO: Cron ran at: 29-11-2025 08:01:06 AM [] []
[2025-11-29 08:05:55] SlimMonoLogger.INFO: Cron ran at: 29-11-2025 08:05:55 AM [] []
[2025-11-29 08:11:03] SlimMonoLogger.INFO: Cron ran at: 29-11-2025 08:11:03 AM [] []
[2025-11-29 08:16:00] SlimMonoLogger.INFO: Cron ran at: 29-11-2025 08:16:00 AM [] []
[2025-11-29 08:20:54] SlimMonoLogger.INFO: Cron ran at: 29-11-2025 08:20:54 AM [] []
[2025-11-29 08:25:51] SlimMonoLogger.INFO: Cron ran at: 29-11-2025 08:25:51 AM [] []
[2025-11-29 08:30:55] SlimMonoLogger.INFO: Cron ran at: 29-11-2025 08:30:55 AM [] []
[2025-11-29 08:35:54] SlimMonoLogger.INFO: Cron ran at: 29-11-2025 08:35:54 AM [] []
[2025-11-29 08:45:55] SlimMonoLogger.INFO: Cron ran at: 29-11-2025 08:45:55 AM [] []
[2025-11-29 08:51:07] SlimMonoLogger.INFO: Cron ran at: 29-11-2025 08:51:07 AM [] []
[2025-11-29 08:56:01] SlimMonoLogger.INFO: Cron ran at: 29-11-2025 08:56:01 AM [] []
[2025-11-29 09:06:04] SlimMonoLogger.INFO: Cron ran at: 29-11-2025 09:06:04 AM [] []
[2025-11-29 09:11:00] SlimMonoLogger.INFO: Cron ran at: 29-11-2025 09:11:00 AM [] []
[2025-11-29 09:16:02] SlimMonoLogger.INFO: Cron ran at: 29-11-2025 09:16:02 AM [] []
[2025-11-29 09:21:02] SlimMonoLogger.INFO: Cron ran at: 29-11-2025 09:21:02 AM [] []
[2025-11-29 09:26:03] SlimMonoLogger.INFO: Cron ran at: 29-11-2025 09:26:03 AM [] []
[2025-11-29 09:30:55] SlimMonoLogger.INFO: Cron ran at: 29-11-2025 09:30:55 AM [] []
[2025-11-29 09:35:57] SlimMonoLogger.INFO: Cron ran at: 29-11-2025 09:35:57 AM [] []
[2025-11-29 09:45:54] SlimMonoLogger.INFO: Cron ran at: 29-11-2025 09:45:54 AM [] []
[2025-11-29 09:50:59] SlimMonoLogger.INFO: Cron ran at: 29-11-2025 09:50:59 AM [] []
[2025-11-29 09:55:52] SlimMonoLogger.INFO: Cron ran at: 29-11-2025 09:55:52 AM [] []
[2025-11-29 10:06:01] SlimMonoLogger.INFO: Cron ran at: 29-11-2025 10:06:01 AM [] []
[2025-11-29 10:10:53] SlimMonoLogger.INFO: Cron ran at: 29-11-2025 10:10:53 AM [] []
[2025-11-29 10:15:55] SlimMonoLogger.INFO: Cron ran at: 29-11-2025 10:15:55 AM [] []
[2025-11-29 10:20:52] SlimMonoLogger.INFO: Cron ran at: 29-11-2025 10:20:52 AM [] []
[2025-11-29 10:25:56] SlimMonoLogger.INFO: Cron ran at: 29-11-2025 10:25:56 AM [] []
[2025-11-29 10:31:08] SlimMonoLogger.INFO: Cron ran at: 29-11-2025 10:31:08 AM [] []
[2025-11-29 10:35:53] SlimMonoLogger.INFO: Cron ran at: 29-11-2025 10:35:53 AM [] []
[2025-11-29 10:41:01] SlimMonoLogger.INFO: Cron ran at: 29-11-2025 10:41:01 AM [] []
[2025-11-29 10:46:02] SlimMonoLogger.INFO: Cron ran at: 29-11-2025 10:46:02 AM [] []
[2025-11-29 10:51:05] SlimMonoLogger.INFO: Cron ran at: 29-11-2025 10:51:05 AM [] []
[2025-11-29 10:55:56] SlimMonoLogger.INFO: Cron ran at: 29-11-2025 10:55:56 AM [] []
[2025-11-29 11:01:00] SlimMonoLogger.INFO: Cron ran at: 29-11-2025 11:01:00 AM [] []
[2025-11-29 11:05:59] SlimMonoLogger.INFO: Cron ran at: 29-11-2025 11:05:59 AM [] []
[2025-11-29 11:11:00] SlimMonoLogger.INFO: Cron ran at: 29-11-2025 11:11:00 AM [] []
[2025-11-29 11:16:02] SlimMonoLogger.INFO: Cron ran at: 29-11-2025 11:16:02 AM [] []
[2025-11-29 11:21:15] SlimMonoLogger.INFO: Cron ran at: 29-11-2025 11:21:15 AM [] []
[2025-11-29 11:26:00] SlimMonoLogger.INFO: Cron ran at: 29-11-2025 11:26:00 AM [] []
[2025-11-29 11:31:13] SlimMonoLogger.INFO: Cron ran at: 29-11-2025 11:31:13 AM [] []
[2025-11-29 11:36:08] SlimMonoLogger.INFO: Cron ran at: 29-11-2025 11:36:08 AM [] []
[2025-11-29 11:40:53] SlimMonoLogger.INFO: Cron ran at: 29-11-2025 11:40:53 AM [] []
[2025-11-29 11:46:00] SlimMonoLogger.INFO: Cron ran at: 29-11-2025 11:46:00 AM [] []
[2025-11-29 11:50:52] SlimMonoLogger.INFO: Cron ran at: 29-11-2025 11:50:52 AM [] []
[2025-11-29 11:55:58] SlimMonoLogger.INFO: Cron ran at: 29-11-2025 11:55:58 AM [] []
[2025-11-29 12:00:59] SlimMonoLogger.INFO: Cron ran at: 29-11-2025 12:00:59 PM [] []
[2025-11-29 12:05:51] SlimMonoLogger.INFO: Cron ran at: 29-11-2025 12:05:51 PM [] []
[2025-11-29 12:10:53] SlimMonoLogger.INFO: Cron ran at: 29-11-2025 12:10:53 PM [] []
[2025-11-29 12:15:54] SlimMonoLogger.INFO: Cron ran at: 29-11-2025 12:15:54 PM [] []
[2025-11-29 12:20:54] SlimMonoLogger.INFO: Cron ran at: 29-11-2025 12:20:54 PM [] []
[2025-11-29 12:25:49] SlimMonoLogger.INFO: Cron ran at: 29-11-2025 12:25:49 PM [] []
[2025-11-29 12:30:51] SlimMonoLogger.INFO: Cron ran at: 29-11-2025 12:30:51 PM [] []
[2025-11-29 12:35:50] SlimMonoLogger.INFO: Cron ran at: 29-11-2025 12:35:50 PM [] []
[2025-11-29 12:40:51] SlimMonoLogger.INFO: Cron ran at: 29-11-2025 12:40:51 PM [] []
[2025-11-29 12:45:53] SlimMonoLogger.INFO: Cron ran at: 29-11-2025 12:45:53 PM [] []
[2025-11-29 12:50:50] SlimMonoLogger.INFO: Cron ran at: 29-11-2025 12:50:50 PM [] []
[2025-11-29 12:55:53] SlimMonoLogger.INFO: Cron ran at: 29-11-2025 12:55:53 PM [] []
[2025-11-29 13:00:48] SlimMonoLogger.INFO: Cron ran at: 29-11-2025 01:00:48 PM [] []
[2025-11-29 13:05:50] SlimMonoLogger.INFO: Cron ran at: 29-11-2025 01:05:50 PM [] []
[2025-11-29 13:10:56] SlimMonoLogger.INFO: Cron ran at: 29-11-2025 01:10:56 PM [] []
[2025-11-29 13:15:52] SlimMonoLogger.INFO: Cron ran at: 29-11-2025 01:15:52 PM [] []
[2025-11-29 13:20:53] SlimMonoLogger.INFO: Cron ran at: 29-11-2025 01:20:53 PM [] []
[2025-11-29 13:25:58] SlimMonoLogger.INFO: Cron ran at: 29-11-2025 01:25:58 PM [] []
[2025-11-29 13:30:57] SlimMonoLogger.INFO: Cron ran at: 29-11-2025 01:30:57 PM [] []
[2025-11-29 13:35:58] SlimMonoLogger.INFO: Cron ran at: 29-11-2025 01:35:58 PM [] []
[2025-11-29 13:40:52] SlimMonoLogger.INFO: Cron ran at: 29-11-2025 01:40:52 PM [] []
[2025-11-29 13:45:48] SlimMonoLogger.INFO: Cron ran at: 29-11-2025 01:45:48 PM [] []
[2025-11-29 13:50:51] SlimMonoLogger.INFO: Cron ran at: 29-11-2025 01:50:51 PM [] []
[2025-11-29 13:55:48] SlimMonoLogger.INFO: Cron ran at: 29-11-2025 01:55:48 PM [] []
[2025-11-29 14:00:56] SlimMonoLogger.INFO: Cron ran at: 29-11-2025 02:00:56 PM [] []
[2025-11-29 14:05:51] SlimMonoLogger.INFO: Cron ran at: 29-11-2025 02:05:51 PM [] []
[2025-11-29 14:10:51] SlimMonoLogger.INFO: Cron ran at: 29-11-2025 02:10:51 PM [] []
[2025-11-29 14:16:02] SlimMonoLogger.INFO: Cron ran at: 29-11-2025 02:16:02 PM [] []
[2025-11-29 14:20:54] SlimMonoLogger.INFO: Cron ran at: 29-11-2025 02:20:54 PM [] []
[2025-11-29 14:25:59] SlimMonoLogger.INFO: Cron ran at: 29-11-2025 02:25:59 PM [] []
[2025-11-29 14:30:49] SlimMonoLogger.INFO: Cron ran at: 29-11-2025 02:30:49 PM [] []
[2025-11-29 14:35:48] SlimMonoLogger.INFO: Cron ran at: 29-11-2025 02:35:48 PM [] []
[2025-11-29 14:40:50] SlimMonoLogger.INFO: Cron ran at: 29-11-2025 02:40:50 PM [] []
[2025-11-29 14:46:01] SlimMonoLogger.INFO: Cron ran at: 29-11-2025 02:46:01 PM [] []
[2025-11-29 14:50:57] SlimMonoLogger.INFO: Cron ran at: 29-11-2025 02:50:57 PM [] []
[2025-11-29 14:55:45] SlimMonoLogger.INFO: Cron ran at: 29-11-2025 02:55:45 PM [] []
[2025-11-29 15:00:53] SlimMonoLogger.INFO: Cron ran at: 29-11-2025 03:00:53 PM [] []
[2025-11-29 15:05:48] SlimMonoLogger.INFO: Cron ran at: 29-11-2025 03:05:48 PM [] []
[2025-11-29 15:10:46] SlimMonoLogger.INFO: Cron ran at: 29-11-2025 03:10:46 PM [] []
[2025-11-29 15:15:50] SlimMonoLogger.INFO: Cron ran at: 29-11-2025 03:15:50 PM [] []
[2025-11-29 15:20:50] SlimMonoLogger.INFO: Cron ran at: 29-11-2025 03:20:50 PM [] []
[2025-11-29 15:25:46] SlimMonoLogger.INFO: Cron ran at: 29-11-2025 03:25:46 PM [] []
[2025-11-29 15:30:52] SlimMonoLogger.INFO: Cron ran at: 29-11-2025 03:30:52 PM [] []
[2025-11-29 15:35:48] SlimMonoLogger.INFO: Cron ran at: 29-11-2025 03:35:48 PM [] []
[2025-11-29 15:40:45] SlimMonoLogger.INFO: Cron ran at: 29-11-2025 03:40:45 PM [] []
[2025-11-29 15:45:56] SlimMonoLogger.INFO: Cron ran at: 29-11-2025 03:45:56 PM [] []
[2025-11-29 15:50:51] SlimMonoLogger.INFO: Cron ran at: 29-11-2025 03:50:51 PM [] []
[2025-11-29 15:55:49] SlimMonoLogger.INFO: Cron ran at: 29-11-2025 03:55:49 PM [] []
[2025-11-29 16:00:54] SlimMonoLogger.INFO: Cron ran at: 29-11-2025 04:00:54 PM [] []
[2025-11-29 16:05:48] SlimMonoLogger.INFO: Cron ran at: 29-11-2025 04:05:48 PM [] []
[2025-11-29 16:10:48] SlimMonoLogger.INFO: Cron ran at: 29-11-2025 04:10:48 PM [] []
[2025-11-29 16:15:51] SlimMonoLogger.INFO: Cron ran at: 29-11-2025 04:15:51 PM [] []
[2025-11-29 16:20:57] SlimMonoLogger.INFO: Cron ran at: 29-11-2025 04:20:57 PM [] []
[2025-11-29 16:25:55] SlimMonoLogger.INFO: Cron ran at: 29-11-2025 04:25:55 PM [] []
[2025-11-29 16:30:52] SlimMonoLogger.INFO: Cron ran at: 29-11-2025 04:30:52 PM [] []
[2025-11-29 16:35:50] SlimMonoLogger.INFO: Cron ran at: 29-11-2025 04:35:50 PM [] []
[2025-11-29 16:40:50] SlimMonoLogger.INFO: Cron ran at: 29-11-2025 04:40:50 PM [] []
[2025-11-29 16:45:57] SlimMonoLogger.INFO: Cron ran at: 29-11-2025 04:45:57 PM [] []
[2025-11-29 16:50:49] SlimMonoLogger.INFO: Cron ran at: 29-11-2025 04:50:49 PM [] []
[2025-11-29 16:55:50] SlimMonoLogger.INFO: Cron ran at: 29-11-2025 04:55:50 PM [] []
[2025-11-29 17:00:47] SlimMonoLogger.INFO: Cron ran at: 29-11-2025 05:00:47 PM [] []
[2025-11-29 17:05:48] SlimMonoLogger.INFO: Cron ran at: 29-11-2025 05:05:48 PM [] []
[2025-11-29 17:10:51] SlimMonoLogger.INFO: Cron ran at: 29-11-2025 05:10:51 PM [] []
[2025-11-29 17:15:51] SlimMonoLogger.INFO: Cron ran at: 29-11-2025 05:15:51 PM [] []
[2025-11-29 17:20:52] SlimMonoLogger.INFO: Cron ran at: 29-11-2025 05:20:52 PM [] []
[2025-11-29 17:25:45] SlimMonoLogger.INFO: Cron ran at: 29-11-2025 05:25:45 PM [] []
[2025-11-29 17:30:51] SlimMonoLogger.INFO: Cron ran at: 29-11-2025 05:30:51 PM [] []
[2025-11-29 17:35:47] SlimMonoLogger.INFO: Cron ran at: 29-11-2025 05:35:47 PM [] []
[2025-11-29 17:40:52] SlimMonoLogger.INFO: Cron ran at: 29-11-2025 05:40:52 PM [] []
[2025-11-29 17:46:08] SlimMonoLogger.INFO: Cron ran at: 29-11-2025 05:46:08 PM [] []
[2025-11-29 17:50:48] SlimMonoLogger.INFO: Cron ran at: 29-11-2025 05:50:48 PM [] []
[2025-11-29 17:55:49] SlimMonoLogger.INFO: Cron ran at: 29-11-2025 05:55:49 PM [] []
[2025-11-29 18:00:53] SlimMonoLogger.INFO: Cron ran at: 29-11-2025 06:00:53 PM [] []
[2025-11-29 18:05:51] SlimMonoLogger.INFO: Cron ran at: 29-11-2025 06:05:51 PM [] []
[2025-11-29 18:10:49] SlimMonoLogger.INFO: Cron ran at: 29-11-2025 06:10:49 PM [] []
[2025-11-29 18:15:50] SlimMonoLogger.INFO: Cron ran at: 29-11-2025 06:15:50 PM [] []
[2025-11-29 18:20:58] SlimMonoLogger.INFO: Cron ran at: 29-11-2025 06:20:58 PM [] []
[2025-11-29 18:25:50] SlimMonoLogger.INFO: Cron ran at: 29-11-2025 06:25:50 PM [] []
[2025-11-29 18:30:55] SlimMonoLogger.INFO: Cron ran at: 29-11-2025 06:30:55 PM [] []
[2025-11-29 18:35:51] SlimMonoLogger.INFO: Cron ran at: 29-11-2025 06:35:51 PM [] []
[2025-11-29 18:40:50] SlimMonoLogger.INFO: Cron ran at: 29-11-2025 06:40:50 PM [] []
[2025-11-29 18:45:47] SlimMonoLogger.INFO: Cron ran at: 29-11-2025 06:45:47 PM [] []
[2025-11-29 18:50:48] SlimMonoLogger.INFO: Cron ran at: 29-11-2025 06:50:48 PM [] []
[2025-11-29 18:55:55] SlimMonoLogger.INFO: Cron ran at: 29-11-2025 06:55:55 PM [] []
[2025-11-29 19:00:54] SlimMonoLogger.INFO: Cron ran at: 29-11-2025 07:00:54 PM [] []
[2025-11-29 19:05:49] SlimMonoLogger.INFO: Cron ran at: 29-11-2025 07:05:49 PM [] []
[2025-11-29 19:10:54] SlimMonoLogger.INFO: Cron ran at: 29-11-2025 07:10:54 PM [] []
[2025-11-29 19:15:58] SlimMonoLogger.INFO: Cron ran at: 29-11-2025 07:15:58 PM [] []
[2025-11-29 19:20:58] SlimMonoLogger.INFO: Cron ran at: 29-11-2025 07:20:58 PM [] []
[2025-11-29 19:25:54] SlimMonoLogger.INFO: Cron ran at: 29-11-2025 07:25:54 PM [] []
[2025-11-29 19:30:55] SlimMonoLogger.INFO: Cron ran at: 29-11-2025 07:30:55 PM [] []
[2025-11-29 19:35:52] SlimMonoLogger.INFO: Cron ran at: 29-11-2025 07:35:52 PM [] []
[2025-11-29 19:40:48] SlimMonoLogger.INFO: Cron ran at: 29-11-2025 07:40:48 PM [] []
[2025-11-29 19:45:56] SlimMonoLogger.INFO: Cron ran at: 29-11-2025 07:45:56 PM [] []
[2025-11-29 19:50:54] SlimMonoLogger.INFO: Cron ran at: 29-11-2025 07:50:54 PM [] []
[2025-11-29 19:55:50] SlimMonoLogger.INFO: Cron ran at: 29-11-2025 07:55:50 PM [] []
[2025-11-29 20:00:59] SlimMonoLogger.INFO: Cron ran at: 29-11-2025 08:00:59 PM [] []
[2025-11-29 20:05:52] SlimMonoLogger.INFO: Cron ran at: 29-11-2025 08:05:52 PM [] []
[2025-11-29 20:10:56] SlimMonoLogger.INFO: Cron ran at: 29-11-2025 08:10:56 PM [] []
[2025-11-29 20:16:02] SlimMonoLogger.INFO: Cron ran at: 29-11-2025 08:16:02 PM [] []
[2025-11-29 20:20:55] SlimMonoLogger.INFO: Cron ran at: 29-11-2025 08:20:55 PM [] []
[2025-11-29 20:25:59] SlimMonoLogger.INFO: Cron ran at: 29-11-2025 08:25:59 PM [] []
[2025-11-29 20:31:08] SlimMonoLogger.INFO: Cron ran at: 29-11-2025 08:31:08 PM [] []
[2025-11-29 20:36:16] SlimMonoLogger.INFO: Cron ran at: 29-11-2025 08:36:16 PM [] []
[2025-11-29 20:41:02] SlimMonoLogger.INFO: Cron ran at: 29-11-2025 08:41:02 PM [] []
[2025-11-29 20:45:50] SlimMonoLogger.INFO: Cron ran at: 29-11-2025 08:45:50 PM [] []
[2025-11-29 20:50:47] SlimMonoLogger.INFO: Cron ran at: 29-11-2025 08:50:47 PM [] []
[2025-11-29 20:55:48] SlimMonoLogger.INFO: Cron ran at: 29-11-2025 08:55:48 PM [] []
[2025-11-29 21:00:55] SlimMonoLogger.INFO: Cron ran at: 29-11-2025 09:00:55 PM [] []
[2025-11-29 21:05:46] SlimMonoLogger.INFO: Cron ran at: 29-11-2025 09:05:46 PM [] []
[2025-11-29 21:10:56] SlimMonoLogger.INFO: Cron ran at: 29-11-2025 09:10:56 PM [] []
[2025-11-29 21:16:01] SlimMonoLogger.INFO: Cron ran at: 29-11-2025 09:16:01 PM [] []
[2025-11-29 21:21:01] SlimMonoLogger.INFO: Cron ran at: 29-11-2025 09:21:01 PM [] []
[2025-11-29 21:26:02] SlimMonoLogger.INFO: Cron ran at: 29-11-2025 09:26:02 PM [] []
[2025-11-29 21:31:01] SlimMonoLogger.INFO: Cron ran at: 29-11-2025 09:31:01 PM [] []
[2025-11-29 21:35:53] SlimMonoLogger.INFO: Cron ran at: 29-11-2025 09:35:53 PM [] []
[2025-11-29 21:40:46] SlimMonoLogger.INFO: Cron ran at: 29-11-2025 09:40:46 PM [] []
[2025-11-29 21:50:53] SlimMonoLogger.INFO: Cron ran at: 29-11-2025 09:50:53 PM [] []
[2025-11-29 21:54:07] SlimMonoLogger.ERROR: Requests_Exception: cURL error 28: Operation timed out after 500000 milliseconds with 0 bytes received in /home/latihtal/public_html/agregator1/src/vendor/rmccue/requests/library/Requests/Transport/cURL.php:422
Stack trace:
#0 /home/latihtal/public_html/agregator1/src/vendor/rmccue/requests/library/Requests/Transport/cURL.php(177): Requests_Transport_cURL->process_response()
#1 /home/latihtal/public_html/agregator1/src/vendor/rmccue/requests/library/Requests.php(379): Requests_Transport_cURL->request()
#2 /home/latihtal/public_html/agregator1/src/vendor/rmccue/requests/library/Requests/Session.php(205): Requests::request()
#3 /home/latihtal/public_html/agregator1/src/vendor/rmccue/requests/library/Requests/Session.php(132): Requests_Session->request()
#4 /home/latihtal/public_html/agregator1/src/drivers/Http/RssImporter.php(144): Requests_Session->get()
#5 /home/latihtal/public_html/agregator1/src/controllers/Dashboard/DashboardFeedsController.php(534): spark\drivers\Http\RssImporter->fetchPosts()
#6 /home/latihtal/public_html/agregator1/src/controllers/Site/SiteController.php(722): spark\controllers\Dashboard\DashboardFeedsController::importFeedPosts()
#7 [internal function]: spark\controllers\Site\SiteController->runTasks()
#8 /home/latihtal/public_html/agregator1/src/framework/Route.php(173): call_user_func_array()
#9 [internal function]: Slim\Route->Slim\{closure}()
#10 /home/latihtal/public_html/agregator1/src/framework/Route.php(468): call_user_func_array()
#11 /home/latihtal/public_html/agregator1/src/framework/Slim.php(1364): Slim\Route->dispatch()
#12 /home/latihtal/public_html/agregator1/src/framework/Middleware/Flash.php(85): Slim\Slim->call()
#13 /home/latihtal/public_html/agregator1/src/framework/Middleware/MethodOverride.php(92): Slim\Middleware\Flash->call()
#14 /home/latihtal/public_html/agregator1/src/middlewares/CsrfGuard/CsrfGuard.php(47): Slim\Middleware\MethodOverride->call()
#15 /home/latihtal/public_html/agregator1/src/framework/Middleware/PrettyExceptions.php(67): spark\middlewares\CsrfGuard\CsrfGuard->call()
#16 /home/latihtal/public_html/agregator1/src/framework/Slim.php(1308): Slim\Middleware\PrettyExceptions->call()
#17 /home/latihtal/public_html/agregator1/index.php(6): Slim\Slim->run()
#18 {main} [] []
[2025-11-29 21:54:14] SlimMonoLogger.INFO: Cron ran at: 29-11-2025 09:54:14 PM [] []
[2025-11-29 21:55:48] SlimMonoLogger.INFO: Cron ran at: 29-11-2025 09:55:48 PM [] []
[2025-11-29 22:00:57] SlimMonoLogger.INFO: Cron ran at: 29-11-2025 10:00:57 PM [] []
[2025-11-29 22:05:51] SlimMonoLogger.INFO: Cron ran at: 29-11-2025 10:05:51 PM [] []
[2025-11-29 22:10:56] SlimMonoLogger.INFO: Cron ran at: 29-11-2025 10:10:56 PM [] []
[2025-11-29 22:16:01] SlimMonoLogger.INFO: Cron ran at: 29-11-2025 10:16:01 PM [] []
[2025-11-29 22:20:55] SlimMonoLogger.INFO: Cron ran at: 29-11-2025 10:20:55 PM [] []
[2025-11-29 22:25:50] SlimMonoLogger.INFO: Cron ran at: 29-11-2025 10:25:50 PM [] []
[2025-11-29 22:31:12] SlimMonoLogger.INFO: Cron ran at: 29-11-2025 10:31:12 PM [] []
[2025-11-29 22:35:49] SlimMonoLogger.INFO: Cron ran at: 29-11-2025 10:35:49 PM [] []
[2025-11-29 22:40:47] SlimMonoLogger.INFO: Cron ran at: 29-11-2025 10:40:47 PM [] []
[2025-11-29 22:45:48] SlimMonoLogger.INFO: Cron ran at: 29-11-2025 10:45:48 PM [] []
[2025-11-29 22:50:43] SlimMonoLogger.INFO: Cron ran at: 29-11-2025 10:50:43 PM [] []
[2025-11-29 22:55:53] SlimMonoLogger.INFO: Cron ran at: 29-11-2025 10:55:53 PM [] []
[2025-11-29 23:00:49] SlimMonoLogger.INFO: Cron ran at: 29-11-2025 11:00:49 PM [] []
[2025-11-29 23:05:52] SlimMonoLogger.INFO: Cron ran at: 29-11-2025 11:05:52 PM [] []
[2025-11-29 23:10:47] SlimMonoLogger.INFO: Cron ran at: 29-11-2025 11:10:47 PM [] []
[2025-11-29 23:15:53] SlimMonoLogger.INFO: Cron ran at: 29-11-2025 11:15:53 PM [] []
[2025-11-29 23:20:47] SlimMonoLogger.INFO: Cron ran at: 29-11-2025 11:20:47 PM [] []
[2025-11-29 23:25:51] SlimMonoLogger.INFO: Cron ran at: 29-11-2025 11:25:51 PM [] []
[2025-11-29 23:30:56] SlimMonoLogger.INFO: Cron ran at: 29-11-2025 11:30:56 PM [] []
[2025-11-29 23:35:48] SlimMonoLogger.INFO: Cron ran at: 29-11-2025 11:35:48 PM [] []
[2025-11-29 23:40:47] SlimMonoLogger.INFO: Cron ran at: 29-11-2025 11:40:47 PM [] []
[2025-11-29 23:45:46] SlimMonoLogger.INFO: Cron ran at: 29-11-2025 11:45:46 PM [] []
[2025-11-29 23:50:48] SlimMonoLogger.INFO: Cron ran at: 29-11-2025 11:50:48 PM [] []
[2025-11-29 23:55:46] SlimMonoLogger.INFO: Cron ran at: 29-11-2025 11:55:46 PM [] []
[2025-11-30 00:00:47] SlimMonoLogger.INFO: Cron ran at: 30-11-2025 12:00:47 AM [] []
[2025-11-30 00:05:45] SlimMonoLogger.INFO: Cron ran at: 30-11-2025 12:05:45 AM [] []
[2025-11-30 00:10:49] SlimMonoLogger.INFO: Cron ran at: 30-11-2025 12:10:49 AM [] []
[2025-11-30 00:15:44] SlimMonoLogger.INFO: Cron ran at: 30-11-2025 12:15:44 AM [] []
[2025-11-30 00:20:48] SlimMonoLogger.INFO: Cron ran at: 30-11-2025 12:20:48 AM [] []
[2025-11-30 00:25:46] SlimMonoLogger.INFO: Cron ran at: 30-11-2025 12:25:46 AM [] []
[2025-11-30 00:30:49] SlimMonoLogger.INFO: Cron ran at: 30-11-2025 12:30:49 AM [] []
[2025-11-30 00:35:46] SlimMonoLogger.INFO: Cron ran at: 30-11-2025 12:35:46 AM [] []
[2025-11-30 00:40:46] SlimMonoLogger.INFO: Cron ran at: 30-11-2025 12:40:46 AM [] []
[2025-11-30 00:45:45] SlimMonoLogger.INFO: Cron ran at: 30-11-2025 12:45:45 AM [] []
[2025-11-30 00:50:49] SlimMonoLogger.INFO: Cron ran at: 30-11-2025 12:50:49 AM [] []
[2025-11-30 00:55:47] SlimMonoLogger.INFO: Cron ran at: 30-11-2025 12:55:47 AM [] []
