[2025-03-30 01:00:37] SlimMonoLogger.INFO: Cron ran at: 30-03-2025 01:00:37 AM [] []
[2025-03-30 01:05:35] SlimMonoLogger.INFO: Cron ran at: 30-03-2025 01:05:35 AM [] []
[2025-03-30 01:10:29] SlimMonoLogger.INFO: Cron ran at: 30-03-2025 01:10:29 AM [] []
[2025-03-30 01:15:37] SlimMonoLogger.INFO: Cron ran at: 30-03-2025 01:15:37 AM [] []
[2025-03-30 01:20:29] SlimMonoLogger.INFO: Cron ran at: 30-03-2025 01:20:29 AM [] []
[2025-03-30 01:25:46] SlimMonoLogger.INFO: Cron ran at: 30-03-2025 01:25:46 AM [] []
[2025-03-30 01:30:34] SlimMonoLogger.INFO: Cron ran at: 30-03-2025 01:30:34 AM [] []
[2025-03-30 01:35:29] SlimMonoLogger.INFO: Cron ran at: 30-03-2025 01:35:29 AM [] []
[2025-03-30 01:40:38] SlimMonoLogger.INFO: Cron ran at: 30-03-2025 01:40:38 AM [] []
[2025-03-30 01:45:36] SlimMonoLogger.INFO: Cron ran at: 30-03-2025 01:45:36 AM [] []
[2025-03-30 01:50:42] SlimMonoLogger.INFO: Cron ran at: 30-03-2025 01:50:42 AM [] []
[2025-03-30 01:55:33] SlimMonoLogger.INFO: Cron ran at: 30-03-2025 01:55:33 AM [] []
[2025-03-30 03:00:34] SlimMonoLogger.INFO: Cron ran at: 30-03-2025 03:00:34 AM [] []
[2025-03-30 03:05:33] SlimMonoLogger.INFO: Cron ran at: 30-03-2025 03:05:33 AM [] []
[2025-03-30 03:10:27] SlimMonoLogger.INFO: Cron ran at: 30-03-2025 03:10:27 AM [] []
[2025-03-30 03:15:27] SlimMonoLogger.INFO: Cron ran at: 30-03-2025 03:15:27 AM [] []
[2025-03-30 03:20:27] SlimMonoLogger.INFO: Cron ran at: 30-03-2025 03:20:27 AM [] []
[2025-03-30 03:25:33] SlimMonoLogger.INFO: Cron ran at: 30-03-2025 03:25:33 AM [] []
[2025-03-30 03:30:37] SlimMonoLogger.INFO: Cron ran at: 30-03-2025 03:30:37 AM [] []
[2025-03-30 03:37:26] SlimMonoLogger.ERROR: Requests_Exception: cURL error 28: Failed to connect to antropol.mk port 443 after 131765 ms: Could not connect to server in /home/latihtal/public_html/agregator1/src/vendor/rmccue/requests/library/Requests/Transport/cURL.php:422
Stack trace:
#0 /home/latihtal/public_html/agregator1/src/vendor/rmccue/requests/library/Requests/Transport/cURL.php(177): Requests_Transport_cURL->process_response()
#1 /home/latihtal/public_html/agregator1/src/vendor/rmccue/requests/library/Requests.php(379): Requests_Transport_cURL->request()
#2 /home/latihtal/public_html/agregator1/src/vendor/rmccue/requests/library/Requests/Session.php(205): Requests::request()
#3 /home/latihtal/public_html/agregator1/src/vendor/rmccue/requests/library/Requests/Session.php(132): Requests_Session->request()
#4 /home/latihtal/public_html/agregator1/src/drivers/Http/RssImporter.php(144): Requests_Session->get()
#5 /home/latihtal/public_html/agregator1/src/controllers/Dashboard/DashboardFeedsController.php(534): spark\drivers\Http\RssImporter->fetchPosts()
#6 /home/latihtal/public_html/agregator1/src/controllers/Site/SiteController.php(722): spark\controllers\Dashboard\DashboardFeedsController::importFeedPosts()
#7 [internal function]: spark\controllers\Site\SiteController->runTasks()
#8 /home/latihtal/public_html/agregator1/src/framework/Route.php(173): call_user_func_array()
#9 [internal function]: Slim\Route->Slim\{closure}()
#10 /home/latihtal/public_html/agregator1/src/framework/Route.php(468): call_user_func_array()
#11 /home/latihtal/public_html/agregator1/src/framework/Slim.php(1364): Slim\Route->dispatch()
#12 /home/latihtal/public_html/agregator1/src/framework/Middleware/Flash.php(85): Slim\Slim->call()
#13 /home/latihtal/public_html/agregator1/src/framework/Middleware/MethodOverride.php(92): Slim\Middleware\Flash->call()
#14 /home/latihtal/public_html/agregator1/src/middlewares/CsrfGuard/CsrfGuard.php(47): Slim\Middleware\MethodOverride->call()
#15 /home/latihtal/public_html/agregator1/src/framework/Middleware/PrettyExceptions.php(67): spark\middlewares\CsrfGuard\CsrfGuard->call()
#16 /home/latihtal/public_html/agregator1/src/framework/Slim.php(1308): Slim\Middleware\PrettyExceptions->call()
#17 /home/latihtal/public_html/agregator1/index.php(6): Slim\Slim->run()
#18 {main} [] []
[2025-03-30 03:37:40] SlimMonoLogger.INFO: Cron ran at: 30-03-2025 03:37:40 AM [] []
[2025-03-30 03:40:38] SlimMonoLogger.INFO: Cron ran at: 30-03-2025 03:40:38 AM [] []
[2025-03-30 03:45:30] SlimMonoLogger.INFO: Cron ran at: 30-03-2025 03:45:30 AM [] []
[2025-03-30 03:50:41] SlimMonoLogger.INFO: Cron ran at: 30-03-2025 03:50:41 AM [] []
[2025-03-30 03:55:28] SlimMonoLogger.INFO: Cron ran at: 30-03-2025 03:55:28 AM [] []
[2025-03-30 04:00:33] SlimMonoLogger.INFO: Cron ran at: 30-03-2025 04:00:33 AM [] []
[2025-03-30 04:05:33] SlimMonoLogger.INFO: Cron ran at: 30-03-2025 04:05:33 AM [] []
[2025-03-30 04:10:28] SlimMonoLogger.INFO: Cron ran at: 30-03-2025 04:10:28 AM [] []
[2025-03-30 04:15:36] SlimMonoLogger.INFO: Cron ran at: 30-03-2025 04:15:36 AM [] []
[2025-03-30 04:20:31] SlimMonoLogger.INFO: Cron ran at: 30-03-2025 04:20:31 AM [] []
[2025-03-30 04:25:33] SlimMonoLogger.INFO: Cron ran at: 30-03-2025 04:25:33 AM [] []
[2025-03-30 04:30:30] SlimMonoLogger.INFO: Cron ran at: 30-03-2025 04:30:30 AM [] []
[2025-03-30 04:35:26] SlimMonoLogger.INFO: Cron ran at: 30-03-2025 04:35:26 AM [] []
[2025-03-30 04:40:28] SlimMonoLogger.INFO: Cron ran at: 30-03-2025 04:40:28 AM [] []
[2025-03-30 04:45:32] SlimMonoLogger.INFO: Cron ran at: 30-03-2025 04:45:32 AM [] []
[2025-03-30 04:50:28] SlimMonoLogger.INFO: Cron ran at: 30-03-2025 04:50:28 AM [] []
[2025-03-30 04:57:30] SlimMonoLogger.ERROR: Requests_Exception: cURL error 28: Failed to connect to antropol.mk port 443 after 129058 ms: Could not connect to server in /home/latihtal/public_html/agregator1/src/vendor/rmccue/requests/library/Requests/Transport/cURL.php:422
Stack trace:
#0 /home/latihtal/public_html/agregator1/src/vendor/rmccue/requests/library/Requests/Transport/cURL.php(177): Requests_Transport_cURL->process_response()
#1 /home/latihtal/public_html/agregator1/src/vendor/rmccue/requests/library/Requests.php(379): Requests_Transport_cURL->request()
#2 /home/latihtal/public_html/agregator1/src/vendor/rmccue/requests/library/Requests/Session.php(205): Requests::request()
#3 /home/latihtal/public_html/agregator1/src/vendor/rmccue/requests/library/Requests/Session.php(132): Requests_Session->request()
#4 /home/latihtal/public_html/agregator1/src/drivers/Http/RssImporter.php(144): Requests_Session->get()
#5 /home/latihtal/public_html/agregator1/src/controllers/Dashboard/DashboardFeedsController.php(534): spark\drivers\Http\RssImporter->fetchPosts()
#6 /home/latihtal/public_html/agregator1/src/controllers/Site/SiteController.php(722): spark\controllers\Dashboard\DashboardFeedsController::importFeedPosts()
#7 [internal function]: spark\controllers\Site\SiteController->runTasks()
#8 /home/latihtal/public_html/agregator1/src/framework/Route.php(173): call_user_func_array()
#9 [internal function]: Slim\Route->Slim\{closure}()
#10 /home/latihtal/public_html/agregator1/src/framework/Route.php(468): call_user_func_array()
#11 /home/latihtal/public_html/agregator1/src/framework/Slim.php(1364): Slim\Route->dispatch()
#12 /home/latihtal/public_html/agregator1/src/framework/Middleware/Flash.php(85): Slim\Slim->call()
#13 /home/latihtal/public_html/agregator1/src/framework/Middleware/MethodOverride.php(92): Slim\Middleware\Flash->call()
#14 /home/latihtal/public_html/agregator1/src/middlewares/CsrfGuard/CsrfGuard.php(47): Slim\Middleware\MethodOverride->call()
#15 /home/latihtal/public_html/agregator1/src/framework/Middleware/PrettyExceptions.php(67): spark\middlewares\CsrfGuard\CsrfGuard->call()
#16 /home/latihtal/public_html/agregator1/src/framework/Slim.php(1308): Slim\Middleware\PrettyExceptions->call()
#17 /home/latihtal/public_html/agregator1/index.php(6): Slim\Slim->run()
#18 {main} [] []
[2025-03-30 04:57:45] SlimMonoLogger.INFO: Cron ran at: 30-03-2025 04:57:45 AM [] []
[2025-03-30 05:00:38] SlimMonoLogger.INFO: Cron ran at: 30-03-2025 05:00:38 AM [] []
[2025-03-30 05:05:41] SlimMonoLogger.INFO: Cron ran at: 30-03-2025 05:05:41 AM [] []
[2025-03-30 05:10:33] SlimMonoLogger.INFO: Cron ran at: 30-03-2025 05:10:33 AM [] []
[2025-03-30 05:15:32] SlimMonoLogger.INFO: Cron ran at: 30-03-2025 05:15:32 AM [] []
[2025-03-30 05:20:59] SlimMonoLogger.INFO: Cron ran at: 30-03-2025 05:20:59 AM [] []
[2025-03-30 05:25:28] SlimMonoLogger.INFO: Cron ran at: 30-03-2025 05:25:28 AM [] []
[2025-03-30 05:30:33] SlimMonoLogger.INFO: Cron ran at: 30-03-2025 05:30:33 AM [] []
[2025-03-30 05:35:35] SlimMonoLogger.INFO: Cron ran at: 30-03-2025 05:35:35 AM [] []
[2025-03-30 05:40:27] SlimMonoLogger.INFO: Cron ran at: 30-03-2025 05:40:27 AM [] []
[2025-03-30 05:45:27] SlimMonoLogger.INFO: Cron ran at: 30-03-2025 05:45:27 AM [] []
[2025-03-30 05:50:26] SlimMonoLogger.INFO: Cron ran at: 30-03-2025 05:50:26 AM [] []
[2025-03-30 05:55:26] SlimMonoLogger.INFO: Cron ran at: 30-03-2025 05:55:26 AM [] []
[2025-03-30 06:00:31] SlimMonoLogger.INFO: Cron ran at: 30-03-2025 06:00:31 AM [] []
[2025-03-30 06:05:26] SlimMonoLogger.INFO: Cron ran at: 30-03-2025 06:05:26 AM [] []
[2025-03-30 06:10:27] SlimMonoLogger.INFO: Cron ran at: 30-03-2025 06:10:27 AM [] []
[2025-03-30 06:15:28] SlimMonoLogger.INFO: Cron ran at: 30-03-2025 06:15:28 AM [] []
[2025-03-30 06:20:27] SlimMonoLogger.INFO: Cron ran at: 30-03-2025 06:20:27 AM [] []
[2025-03-30 06:25:29] SlimMonoLogger.INFO: Cron ran at: 30-03-2025 06:25:29 AM [] []
[2025-03-30 06:30:29] SlimMonoLogger.INFO: Cron ran at: 30-03-2025 06:30:29 AM [] []
[2025-03-30 06:35:27] SlimMonoLogger.INFO: Cron ran at: 30-03-2025 06:35:27 AM [] []
[2025-03-30 06:40:29] SlimMonoLogger.INFO: Cron ran at: 30-03-2025 06:40:29 AM [] []
[2025-03-30 06:45:26] SlimMonoLogger.INFO: Cron ran at: 30-03-2025 06:45:26 AM [] []
[2025-03-30 06:50:28] SlimMonoLogger.INFO: Cron ran at: 30-03-2025 06:50:28 AM [] []
[2025-03-30 06:55:29] SlimMonoLogger.INFO: Cron ran at: 30-03-2025 06:55:29 AM [] []
[2025-03-30 07:00:31] SlimMonoLogger.INFO: Cron ran at: 30-03-2025 07:00:31 AM [] []
[2025-03-30 07:05:29] SlimMonoLogger.INFO: Cron ran at: 30-03-2025 07:05:29 AM [] []
[2025-03-30 07:10:32] SlimMonoLogger.INFO: Cron ran at: 30-03-2025 07:10:32 AM [] []
[2025-03-30 07:17:03] SlimMonoLogger.INFO: Cron ran at: 30-03-2025 07:17:03 AM [] []
[2025-03-30 07:20:27] SlimMonoLogger.INFO: Cron ran at: 30-03-2025 07:20:27 AM [] []
[2025-03-30 07:25:27] SlimMonoLogger.INFO: Cron ran at: 30-03-2025 07:25:27 AM [] []
[2025-03-30 07:30:28] SlimMonoLogger.INFO: Cron ran at: 30-03-2025 07:30:28 AM [] []
[2025-03-30 07:35:25] SlimMonoLogger.INFO: Cron ran at: 30-03-2025 07:35:25 AM [] []
[2025-03-30 07:40:28] SlimMonoLogger.INFO: Cron ran at: 30-03-2025 07:40:28 AM [] []
[2025-03-30 07:45:29] SlimMonoLogger.INFO: Cron ran at: 30-03-2025 07:45:29 AM [] []
[2025-03-30 07:50:29] SlimMonoLogger.INFO: Cron ran at: 30-03-2025 07:50:29 AM [] []
[2025-03-30 07:55:25] SlimMonoLogger.INFO: Cron ran at: 30-03-2025 07:55:25 AM [] []
[2025-03-30 08:00:27] SlimMonoLogger.INFO: Cron ran at: 30-03-2025 08:00:27 AM [] []
[2025-03-30 08:05:30] SlimMonoLogger.INFO: Cron ran at: 30-03-2025 08:05:30 AM [] []
[2025-03-30 08:10:30] SlimMonoLogger.INFO: Cron ran at: 30-03-2025 08:10:30 AM [] []
[2025-03-30 08:15:30] SlimMonoLogger.INFO: Cron ran at: 30-03-2025 08:15:30 AM [] []
[2025-03-30 08:20:32] SlimMonoLogger.INFO: Cron ran at: 30-03-2025 08:20:32 AM [] []
[2025-03-30 08:25:44] SlimMonoLogger.INFO: Cron ran at: 30-03-2025 08:25:44 AM [] []
[2025-03-30 08:30:27] SlimMonoLogger.INFO: Cron ran at: 30-03-2025 08:30:27 AM [] []
[2025-03-30 08:35:28] SlimMonoLogger.INFO: Cron ran at: 30-03-2025 08:35:28 AM [] []
[2025-03-30 08:40:32] SlimMonoLogger.INFO: Cron ran at: 30-03-2025 08:40:32 AM [] []
[2025-03-30 08:45:34] SlimMonoLogger.INFO: Cron ran at: 30-03-2025 08:45:34 AM [] []
[2025-03-30 08:50:32] SlimMonoLogger.INFO: Cron ran at: 30-03-2025 08:50:32 AM [] []
[2025-03-30 08:55:28] SlimMonoLogger.INFO: Cron ran at: 30-03-2025 08:55:28 AM [] []
[2025-03-30 09:00:31] SlimMonoLogger.INFO: Cron ran at: 30-03-2025 09:00:31 AM [] []
[2025-03-30 09:05:34] SlimMonoLogger.INFO: Cron ran at: 30-03-2025 09:05:34 AM [] []
[2025-03-30 09:10:34] SlimMonoLogger.INFO: Cron ran at: 30-03-2025 09:10:34 AM [] []
[2025-03-30 09:15:36] SlimMonoLogger.INFO: Cron ran at: 30-03-2025 09:15:36 AM [] []
[2025-03-30 09:20:36] SlimMonoLogger.INFO: Cron ran at: 30-03-2025 09:20:36 AM [] []
[2025-03-30 09:25:35] SlimMonoLogger.INFO: Cron ran at: 30-03-2025 09:25:35 AM [] []
[2025-03-30 09:30:36] SlimMonoLogger.INFO: Cron ran at: 30-03-2025 09:30:36 AM [] []
[2025-03-30 09:35:34] SlimMonoLogger.INFO: Cron ran at: 30-03-2025 09:35:34 AM [] []
[2025-03-30 09:40:31] SlimMonoLogger.INFO: Cron ran at: 30-03-2025 09:40:31 AM [] []
[2025-03-30 09:45:38] SlimMonoLogger.INFO: Cron ran at: 30-03-2025 09:45:38 AM [] []
[2025-03-30 09:50:35] SlimMonoLogger.INFO: Cron ran at: 30-03-2025 09:50:35 AM [] []
[2025-03-30 09:55:35] SlimMonoLogger.INFO: Cron ran at: 30-03-2025 09:55:35 AM [] []
[2025-03-30 10:00:50] SlimMonoLogger.INFO: Cron ran at: 30-03-2025 10:00:50 AM [] []
[2025-03-30 10:05:39] SlimMonoLogger.INFO: Cron ran at: 30-03-2025 10:05:39 AM [] []
[2025-03-30 10:10:33] SlimMonoLogger.INFO: Cron ran at: 30-03-2025 10:10:33 AM [] []
[2025-03-30 10:15:32] SlimMonoLogger.INFO: Cron ran at: 30-03-2025 10:15:32 AM [] []
[2025-03-30 10:20:34] SlimMonoLogger.INFO: Cron ran at: 30-03-2025 10:20:34 AM [] []
[2025-03-30 10:25:30] SlimMonoLogger.INFO: Cron ran at: 30-03-2025 10:25:30 AM [] []
[2025-03-30 10:30:30] SlimMonoLogger.INFO: Cron ran at: 30-03-2025 10:30:30 AM [] []
[2025-03-30 10:35:52] SlimMonoLogger.INFO: Cron ran at: 30-03-2025 10:35:52 AM [] []
[2025-03-30 10:41:47] SlimMonoLogger.INFO: Cron ran at: 30-03-2025 10:41:47 AM [] []
[2025-03-30 10:45:31] SlimMonoLogger.INFO: Cron ran at: 30-03-2025 10:45:31 AM [] []
[2025-03-30 10:50:29] SlimMonoLogger.INFO: Cron ran at: 30-03-2025 10:50:29 AM [] []
[2025-03-30 10:55:30] SlimMonoLogger.INFO: Cron ran at: 30-03-2025 10:55:30 AM [] []
[2025-03-30 11:00:37] SlimMonoLogger.INFO: Cron ran at: 30-03-2025 11:00:37 AM [] []
[2025-03-30 11:05:30] SlimMonoLogger.INFO: Cron ran at: 30-03-2025 11:05:30 AM [] []
[2025-03-30 11:10:28] SlimMonoLogger.INFO: Cron ran at: 30-03-2025 11:10:28 AM [] []
[2025-03-30 11:15:32] SlimMonoLogger.INFO: Cron ran at: 30-03-2025 11:15:32 AM [] []
[2025-03-30 11:20:31] SlimMonoLogger.INFO: Cron ran at: 30-03-2025 11:20:31 AM [] []
[2025-03-30 11:25:28] SlimMonoLogger.INFO: Cron ran at: 30-03-2025 11:25:28 AM [] []
[2025-03-30 11:30:34] SlimMonoLogger.INFO: Cron ran at: 30-03-2025 11:30:34 AM [] []
[2025-03-30 11:35:33] SlimMonoLogger.INFO: Cron ran at: 30-03-2025 11:35:33 AM [] []
[2025-03-30 11:40:26] SlimMonoLogger.INFO: Cron ran at: 30-03-2025 11:40:26 AM [] []
[2025-03-30 11:45:29] SlimMonoLogger.INFO: Cron ran at: 30-03-2025 11:45:29 AM [] []
[2025-03-30 11:50:35] SlimMonoLogger.INFO: Cron ran at: 30-03-2025 11:50:35 AM [] []
[2025-03-30 11:55:40] SlimMonoLogger.INFO: Cron ran at: 30-03-2025 11:55:40 AM [] []
[2025-03-30 12:00:34] SlimMonoLogger.INFO: Cron ran at: 30-03-2025 12:00:34 PM [] []
[2025-03-30 12:05:36] SlimMonoLogger.INFO: Cron ran at: 30-03-2025 12:05:36 PM [] []
[2025-03-30 12:10:32] SlimMonoLogger.INFO: Cron ran at: 30-03-2025 12:10:32 PM [] []
[2025-03-30 12:15:46] SlimMonoLogger.INFO: Cron ran at: 30-03-2025 12:15:46 PM [] []
[2025-03-30 12:20:28] SlimMonoLogger.INFO: Cron ran at: 30-03-2025 12:20:28 PM [] []
[2025-03-30 12:25:27] SlimMonoLogger.INFO: Cron ran at: 30-03-2025 12:25:27 PM [] []
[2025-03-30 12:30:28] SlimMonoLogger.INFO: Cron ran at: 30-03-2025 12:30:28 PM [] []
[2025-03-30 12:39:31] SlimMonoLogger.INFO: Cron ran at: 30-03-2025 12:39:31 PM [] []
[2025-03-30 12:41:31] SlimMonoLogger.INFO: Cron ran at: 30-03-2025 12:41:31 PM [] []
[2025-03-30 12:45:34] SlimMonoLogger.INFO: Cron ran at: 30-03-2025 12:45:34 PM [] []
[2025-03-30 12:50:34] SlimMonoLogger.INFO: Cron ran at: 30-03-2025 12:50:34 PM [] []
[2025-03-30 12:55:33] SlimMonoLogger.INFO: Cron ran at: 30-03-2025 12:55:33 PM [] []
[2025-03-30 13:00:30] SlimMonoLogger.INFO: Cron ran at: 30-03-2025 01:00:30 PM [] []
[2025-03-30 13:05:37] SlimMonoLogger.INFO: Cron ran at: 30-03-2025 01:05:37 PM [] []
[2025-03-30 13:10:32] SlimMonoLogger.INFO: Cron ran at: 30-03-2025 01:10:32 PM [] []
[2025-03-30 13:15:33] SlimMonoLogger.INFO: Cron ran at: 30-03-2025 01:15:33 PM [] []
[2025-03-30 13:20:32] SlimMonoLogger.INFO: Cron ran at: 30-03-2025 01:20:32 PM [] []
[2025-03-30 13:25:32] SlimMonoLogger.INFO: Cron ran at: 30-03-2025 01:25:32 PM [] []
[2025-03-30 13:30:39] SlimMonoLogger.INFO: Cron ran at: 30-03-2025 01:30:39 PM [] []
[2025-03-30 13:35:28] SlimMonoLogger.INFO: Cron ran at: 30-03-2025 01:35:28 PM [] []
[2025-03-30 13:40:29] SlimMonoLogger.INFO: Cron ran at: 30-03-2025 01:40:29 PM [] []
[2025-03-30 13:45:32] SlimMonoLogger.INFO: Cron ran at: 30-03-2025 01:45:32 PM [] []
[2025-03-30 13:50:28] SlimMonoLogger.INFO: Cron ran at: 30-03-2025 01:50:28 PM [] []
[2025-03-30 13:55:28] SlimMonoLogger.INFO: Cron ran at: 30-03-2025 01:55:28 PM [] []
[2025-03-30 14:00:28] SlimMonoLogger.INFO: Cron ran at: 30-03-2025 02:00:28 PM [] []
[2025-03-30 14:05:30] SlimMonoLogger.INFO: Cron ran at: 30-03-2025 02:05:30 PM [] []
[2025-03-30 14:10:31] SlimMonoLogger.INFO: Cron ran at: 30-03-2025 02:10:31 PM [] []
[2025-03-30 14:15:26] SlimMonoLogger.INFO: Cron ran at: 30-03-2025 02:15:26 PM [] []
[2025-03-30 14:20:26] SlimMonoLogger.INFO: Cron ran at: 30-03-2025 02:20:26 PM [] []
[2025-03-30 14:25:27] SlimMonoLogger.INFO: Cron ran at: 30-03-2025 02:25:27 PM [] []
[2025-03-30 14:30:33] SlimMonoLogger.INFO: Cron ran at: 30-03-2025 02:30:33 PM [] []
[2025-03-30 14:35:44] SlimMonoLogger.INFO: Cron ran at: 30-03-2025 02:35:44 PM [] []
[2025-03-30 14:41:28] SlimMonoLogger.INFO: Cron ran at: 30-03-2025 02:41:28 PM [] []
[2025-03-30 14:45:29] SlimMonoLogger.INFO: Cron ran at: 30-03-2025 02:45:29 PM [] []
[2025-03-30 14:50:25] SlimMonoLogger.INFO: Cron ran at: 30-03-2025 02:50:25 PM [] []
[2025-03-30 14:55:29] SlimMonoLogger.INFO: Cron ran at: 30-03-2025 02:55:29 PM [] []
[2025-03-30 15:00:39] SlimMonoLogger.INFO: Cron ran at: 30-03-2025 03:00:39 PM [] []
[2025-03-30 15:05:42] SlimMonoLogger.INFO: Cron ran at: 30-03-2025 03:05:42 PM [] []
[2025-03-30 15:10:37] SlimMonoLogger.INFO: Cron ran at: 30-03-2025 03:10:37 PM [] []
[2025-03-30 15:15:26] SlimMonoLogger.INFO: Cron ran at: 30-03-2025 03:15:26 PM [] []
[2025-03-30 15:20:32] SlimMonoLogger.INFO: Cron ran at: 30-03-2025 03:20:32 PM [] []
[2025-03-30 15:25:27] SlimMonoLogger.INFO: Cron ran at: 30-03-2025 03:25:27 PM [] []
[2025-03-30 15:30:36] SlimMonoLogger.INFO: Cron ran at: 30-03-2025 03:30:36 PM [] []
[2025-03-30 15:35:27] SlimMonoLogger.INFO: Cron ran at: 30-03-2025 03:35:27 PM [] []
[2025-03-30 15:40:34] SlimMonoLogger.INFO: Cron ran at: 30-03-2025 03:40:34 PM [] []
[2025-03-30 15:45:27] SlimMonoLogger.INFO: Cron ran at: 30-03-2025 03:45:27 PM [] []
[2025-03-30 15:50:39] SlimMonoLogger.INFO: Cron ran at: 30-03-2025 03:50:39 PM [] []
[2025-03-30 15:55:26] SlimMonoLogger.INFO: Cron ran at: 30-03-2025 03:55:26 PM [] []
[2025-03-30 16:00:33] SlimMonoLogger.INFO: Cron ran at: 30-03-2025 04:00:33 PM [] []
[2025-03-30 16:05:28] SlimMonoLogger.INFO: Cron ran at: 30-03-2025 04:05:28 PM [] []
[2025-03-30 16:10:40] SlimMonoLogger.INFO: Cron ran at: 30-03-2025 04:10:40 PM [] []
[2025-03-30 16:15:30] SlimMonoLogger.INFO: Cron ran at: 30-03-2025 04:15:30 PM [] []
[2025-03-30 16:20:25] SlimMonoLogger.INFO: Cron ran at: 30-03-2025 04:20:25 PM [] []
[2025-03-30 16:25:34] SlimMonoLogger.INFO: Cron ran at: 30-03-2025 04:25:34 PM [] []
[2025-03-30 16:31:24] SlimMonoLogger.INFO: Cron ran at: 30-03-2025 04:31:24 PM [] []
[2025-03-30 16:36:14] SlimMonoLogger.INFO: Cron ran at: 30-03-2025 04:36:14 PM [] []
[2025-03-30 16:40:31] SlimMonoLogger.INFO: Cron ran at: 30-03-2025 04:40:31 PM [] []
[2025-03-30 16:45:31] SlimMonoLogger.INFO: Cron ran at: 30-03-2025 04:45:31 PM [] []
[2025-03-30 16:50:35] SlimMonoLogger.INFO: Cron ran at: 30-03-2025 04:50:35 PM [] []
[2025-03-30 16:55:31] SlimMonoLogger.INFO: Cron ran at: 30-03-2025 04:55:31 PM [] []
[2025-03-30 17:00:43] SlimMonoLogger.INFO: Cron ran at: 30-03-2025 05:00:43 PM [] []
[2025-03-30 17:05:38] SlimMonoLogger.INFO: Cron ran at: 30-03-2025 05:05:38 PM [] []
[2025-03-30 17:10:57] SlimMonoLogger.INFO: Cron ran at: 30-03-2025 05:10:57 PM [] []
[2025-03-30 17:16:11] SlimMonoLogger.INFO: Cron ran at: 30-03-2025 05:16:11 PM [] []
[2025-03-30 17:20:59] SlimMonoLogger.INFO: Cron ran at: 30-03-2025 05:20:59 PM [] []
[2025-03-30 17:26:00] SlimMonoLogger.INFO: Cron ran at: 30-03-2025 05:26:00 PM [] []
[2025-03-30 17:30:56] SlimMonoLogger.INFO: Cron ran at: 30-03-2025 05:30:56 PM [] []
[2025-03-30 17:36:32] SlimMonoLogger.INFO: Cron ran at: 30-03-2025 05:36:32 PM [] []
[2025-03-30 17:40:37] SlimMonoLogger.INFO: Cron ran at: 30-03-2025 05:40:37 PM [] []
[2025-03-30 17:45:52] SlimMonoLogger.INFO: Cron ran at: 30-03-2025 05:45:52 PM [] []
[2025-03-30 17:51:00] SlimMonoLogger.INFO: Cron ran at: 30-03-2025 05:51:00 PM [] []
[2025-03-30 17:55:50] SlimMonoLogger.INFO: Cron ran at: 30-03-2025 05:55:50 PM [] []
[2025-03-30 18:00:51] SlimMonoLogger.ERROR: Requests_Exception: cURL error 56: Recv failure: Connection reset by peer in /home/latihtal/public_html/agregator1/src/vendor/rmccue/requests/library/Requests/Transport/cURL.php:422
Stack trace:
#0 /home/latihtal/public_html/agregator1/src/vendor/rmccue/requests/library/Requests/Transport/cURL.php(177): Requests_Transport_cURL->process_response()
#1 /home/latihtal/public_html/agregator1/src/vendor/rmccue/requests/library/Requests.php(379): Requests_Transport_cURL->request()
#2 /home/latihtal/public_html/agregator1/src/vendor/rmccue/requests/library/Requests/Session.php(205): Requests::request()
#3 /home/latihtal/public_html/agregator1/src/vendor/rmccue/requests/library/Requests/Session.php(132): Requests_Session->request()
#4 /home/latihtal/public_html/agregator1/src/drivers/Http/RssImporter.php(144): Requests_Session->get()
#5 /home/latihtal/public_html/agregator1/src/controllers/Dashboard/DashboardFeedsController.php(534): spark\drivers\Http\RssImporter->fetchPosts()
#6 /home/latihtal/public_html/agregator1/src/controllers/Site/SiteController.php(722): spark\controllers\Dashboard\DashboardFeedsController::importFeedPosts()
#7 [internal function]: spark\controllers\Site\SiteController->runTasks()
#8 /home/latihtal/public_html/agregator1/src/framework/Route.php(173): call_user_func_array()
#9 [internal function]: Slim\Route->Slim\{closure}()
#10 /home/latihtal/public_html/agregator1/src/framework/Route.php(468): call_user_func_array()
#11 /home/latihtal/public_html/agregator1/src/framework/Slim.php(1364): Slim\Route->dispatch()
#12 /home/latihtal/public_html/agregator1/src/framework/Middleware/Flash.php(85): Slim\Slim->call()
#13 /home/latihtal/public_html/agregator1/src/framework/Middleware/MethodOverride.php(92): Slim\Middleware\Flash->call()
#14 /home/latihtal/public_html/agregator1/src/middlewares/CsrfGuard/CsrfGuard.php(47): Slim\Middleware\MethodOverride->call()
#15 /home/latihtal/public_html/agregator1/src/framework/Middleware/PrettyExceptions.php(67): spark\middlewares\CsrfGuard\CsrfGuard->call()
#16 /home/latihtal/public_html/agregator1/src/framework/Slim.php(1308): Slim\Middleware\PrettyExceptions->call()
#17 /home/latihtal/public_html/agregator1/index.php(6): Slim\Slim->run()
#18 {main} [] []
[2025-03-30 18:01:06] SlimMonoLogger.INFO: Cron ran at: 30-03-2025 06:01:06 PM [] []
[2025-03-30 18:05:51] SlimMonoLogger.INFO: Cron ran at: 30-03-2025 06:05:51 PM [] []
[2025-03-30 18:10:41] SlimMonoLogger.INFO: Cron ran at: 30-03-2025 06:10:41 PM [] []
[2025-03-30 18:16:06] SlimMonoLogger.INFO: Cron ran at: 30-03-2025 06:16:06 PM [] []
[2025-03-30 18:21:10] SlimMonoLogger.INFO: Cron ran at: 30-03-2025 06:21:10 PM [] []
[2025-03-30 18:25:51] SlimMonoLogger.INFO: Cron ran at: 30-03-2025 06:25:51 PM [] []
[2025-03-30 18:31:13] SlimMonoLogger.INFO: Cron ran at: 30-03-2025 06:31:13 PM [] []
[2025-03-30 18:35:33] SlimMonoLogger.INFO: Cron ran at: 30-03-2025 06:35:33 PM [] []
[2025-03-30 18:40:30] SlimMonoLogger.INFO: Cron ran at: 30-03-2025 06:40:30 PM [] []
[2025-03-30 18:45:28] SlimMonoLogger.INFO: Cron ran at: 30-03-2025 06:45:28 PM [] []
[2025-03-30 18:50:26] SlimMonoLogger.INFO: Cron ran at: 30-03-2025 06:50:26 PM [] []
[2025-03-30 18:55:41] SlimMonoLogger.INFO: Cron ran at: 30-03-2025 06:55:41 PM [] []
[2025-03-30 19:01:22] SlimMonoLogger.INFO: Cron ran at: 30-03-2025 07:01:22 PM [] []
[2025-03-30 19:05:30] SlimMonoLogger.INFO: Cron ran at: 30-03-2025 07:05:30 PM [] []
[2025-03-30 19:10:37] SlimMonoLogger.INFO: Cron ran at: 30-03-2025 07:10:37 PM [] []
[2025-03-30 19:15:32] SlimMonoLogger.INFO: Cron ran at: 30-03-2025 07:15:32 PM [] []
[2025-03-30 19:20:30] SlimMonoLogger.INFO: Cron ran at: 30-03-2025 07:20:30 PM [] []
[2025-03-30 19:25:28] SlimMonoLogger.INFO: Cron ran at: 30-03-2025 07:25:28 PM [] []
[2025-03-30 19:33:00] SlimMonoLogger.INFO: Cron ran at: 30-03-2025 07:33:00 PM [] []
[2025-03-30 19:36:22] SlimMonoLogger.INFO: Cron ran at: 30-03-2025 07:36:22 PM [] []
[2025-03-30 19:40:36] SlimMonoLogger.INFO: Cron ran at: 30-03-2025 07:40:36 PM [] []
[2025-03-30 19:45:40] SlimMonoLogger.INFO: Cron ran at: 30-03-2025 07:45:40 PM [] []
[2025-03-30 19:50:35] SlimMonoLogger.INFO: Cron ran at: 30-03-2025 07:50:35 PM [] []
[2025-03-30 19:55:40] SlimMonoLogger.INFO: Cron ran at: 30-03-2025 07:55:40 PM [] []
[2025-03-30 20:00:40] SlimMonoLogger.INFO: Cron ran at: 30-03-2025 08:00:40 PM [] []
[2025-03-30 20:05:28] SlimMonoLogger.INFO: Cron ran at: 30-03-2025 08:05:28 PM [] []
[2025-03-30 20:10:37] SlimMonoLogger.INFO: Cron ran at: 30-03-2025 08:10:37 PM [] []
[2025-03-30 20:15:36] SlimMonoLogger.INFO: Cron ran at: 30-03-2025 08:15:36 PM [] []
[2025-03-30 20:20:30] SlimMonoLogger.INFO: Cron ran at: 30-03-2025 08:20:30 PM [] []
[2025-03-30 20:25:34] SlimMonoLogger.INFO: Cron ran at: 30-03-2025 08:25:34 PM [] []
[2025-03-30 20:30:36] SlimMonoLogger.INFO: Cron ran at: 30-03-2025 08:30:36 PM [] []
[2025-03-30 20:35:51] SlimMonoLogger.INFO: Cron ran at: 30-03-2025 08:35:51 PM [] []
[2025-03-30 20:40:56] SlimMonoLogger.INFO: Cron ran at: 30-03-2025 08:40:56 PM [] []
[2025-03-30 20:46:08] SlimMonoLogger.INFO: Cron ran at: 30-03-2025 08:46:08 PM [] []
[2025-03-30 20:51:00] SlimMonoLogger.INFO: Cron ran at: 30-03-2025 08:51:00 PM [] []
[2025-03-30 20:55:42] SlimMonoLogger.INFO: Cron ran at: 30-03-2025 08:55:42 PM [] []
[2025-03-30 21:00:40] SlimMonoLogger.INFO: Cron ran at: 30-03-2025 09:00:40 PM [] []
[2025-03-30 21:05:44] SlimMonoLogger.INFO: Cron ran at: 30-03-2025 09:05:44 PM [] []
[2025-03-30 21:10:48] SlimMonoLogger.INFO: Cron ran at: 30-03-2025 09:10:48 PM [] []
[2025-03-30 21:15:31] SlimMonoLogger.INFO: Cron ran at: 30-03-2025 09:15:31 PM [] []
[2025-03-30 21:20:40] SlimMonoLogger.INFO: Cron ran at: 30-03-2025 09:20:40 PM [] []
[2025-03-30 21:25:35] SlimMonoLogger.INFO: Cron ran at: 30-03-2025 09:25:35 PM [] []
[2025-03-30 21:30:39] SlimMonoLogger.INFO: Cron ran at: 30-03-2025 09:30:39 PM [] []
[2025-03-30 21:35:43] SlimMonoLogger.INFO: Cron ran at: 30-03-2025 09:35:43 PM [] []
[2025-03-30 21:40:31] SlimMonoLogger.INFO: Cron ran at: 30-03-2025 09:40:31 PM [] []
[2025-03-30 21:45:36] SlimMonoLogger.INFO: Cron ran at: 30-03-2025 09:45:36 PM [] []
[2025-03-30 21:50:30] SlimMonoLogger.INFO: Cron ran at: 30-03-2025 09:50:30 PM [] []
[2025-03-30 21:55:31] SlimMonoLogger.INFO: Cron ran at: 30-03-2025 09:55:31 PM [] []
[2025-03-30 22:00:32] SlimMonoLogger.INFO: Cron ran at: 30-03-2025 10:00:32 PM [] []
[2025-03-30 22:05:30] SlimMonoLogger.INFO: Cron ran at: 30-03-2025 10:05:30 PM [] []
[2025-03-30 22:10:39] SlimMonoLogger.INFO: Cron ran at: 30-03-2025 10:10:39 PM [] []
[2025-03-30 22:15:30] SlimMonoLogger.INFO: Cron ran at: 30-03-2025 10:15:30 PM [] []
[2025-03-30 22:20:30] SlimMonoLogger.INFO: Cron ran at: 30-03-2025 10:20:30 PM [] []
[2025-03-30 22:25:33] SlimMonoLogger.INFO: Cron ran at: 30-03-2025 10:25:33 PM [] []
[2025-03-30 22:30:34] SlimMonoLogger.INFO: Cron ran at: 30-03-2025 10:30:34 PM [] []
[2025-03-30 22:35:28] SlimMonoLogger.INFO: Cron ran at: 30-03-2025 10:35:28 PM [] []
[2025-03-30 22:40:29] SlimMonoLogger.INFO: Cron ran at: 30-03-2025 10:40:29 PM [] []
[2025-03-30 22:45:28] SlimMonoLogger.INFO: Cron ran at: 30-03-2025 10:45:28 PM [] []
[2025-03-30 22:50:29] SlimMonoLogger.INFO: Cron ran at: 30-03-2025 10:50:29 PM [] []
[2025-03-30 22:55:28] SlimMonoLogger.INFO: Cron ran at: 30-03-2025 10:55:28 PM [] []
[2025-03-30 23:00:50] SlimMonoLogger.INFO: Cron ran at: 30-03-2025 11:00:50 PM [] []
[2025-03-30 23:05:29] SlimMonoLogger.INFO: Cron ran at: 30-03-2025 11:05:29 PM [] []
[2025-03-30 23:10:27] SlimMonoLogger.INFO: Cron ran at: 30-03-2025 11:10:27 PM [] []
[2025-03-30 23:15:31] SlimMonoLogger.INFO: Cron ran at: 30-03-2025 11:15:31 PM [] []
[2025-03-30 23:20:29] SlimMonoLogger.INFO: Cron ran at: 30-03-2025 11:20:29 PM [] []
[2025-03-30 23:25:25] SlimMonoLogger.INFO: Cron ran at: 30-03-2025 11:25:25 PM [] []
[2025-03-30 23:30:30] SlimMonoLogger.INFO: Cron ran at: 30-03-2025 11:30:30 PM [] []
[2025-03-30 23:35:34] SlimMonoLogger.INFO: Cron ran at: 30-03-2025 11:35:34 PM [] []
[2025-03-30 23:40:27] SlimMonoLogger.INFO: Cron ran at: 30-03-2025 11:40:27 PM [] []
[2025-03-30 23:45:26] SlimMonoLogger.INFO: Cron ran at: 30-03-2025 11:45:26 PM [] []
[2025-03-30 23:50:27] SlimMonoLogger.INFO: Cron ran at: 30-03-2025 11:50:27 PM [] []
[2025-03-30 23:55:25] SlimMonoLogger.INFO: Cron ran at: 30-03-2025 11:55:25 PM [] []
[2025-03-31 00:00:29] SlimMonoLogger.INFO: Cron ran at: 31-03-2025 12:00:29 AM [] []
[2025-03-31 00:05:32] SlimMonoLogger.INFO: Cron ran at: 31-03-2025 12:05:32 AM [] []
[2025-03-31 00:10:27] SlimMonoLogger.INFO: Cron ran at: 31-03-2025 12:10:27 AM [] []
[2025-03-31 00:15:26] SlimMonoLogger.INFO: Cron ran at: 31-03-2025 12:15:26 AM [] []
[2025-03-31 00:20:23] SlimMonoLogger.INFO: Cron ran at: 31-03-2025 12:20:23 AM [] []
[2025-03-31 00:25:26] SlimMonoLogger.INFO: Cron ran at: 31-03-2025 12:25:26 AM [] []
[2025-03-31 00:30:30] SlimMonoLogger.INFO: Cron ran at: 31-03-2025 12:30:30 AM [] []
[2025-03-31 00:35:26] SlimMonoLogger.INFO: Cron ran at: 31-03-2025 12:35:26 AM [] []
[2025-03-31 00:40:26] SlimMonoLogger.INFO: Cron ran at: 31-03-2025 12:40:26 AM [] []
[2025-03-31 00:45:27] SlimMonoLogger.INFO: Cron ran at: 31-03-2025 12:45:27 AM [] []
[2025-03-31 00:50:32] SlimMonoLogger.INFO: Cron ran at: 31-03-2025 12:50:32 AM [] []
[2025-03-31 00:55:30] SlimMonoLogger.INFO: Cron ran at: 31-03-2025 12:55:30 AM [] []
[2025-03-31 01:00:26] SlimMonoLogger.INFO: Cron ran at: 31-03-2025 01:00:26 AM [] []
[2025-03-31 01:05:24] SlimMonoLogger.INFO: Cron ran at: 31-03-2025 01:05:24 AM [] []
[2025-03-31 01:10:25] SlimMonoLogger.INFO: Cron ran at: 31-03-2025 01:10:25 AM [] []
[2025-03-31 01:15:23] SlimMonoLogger.INFO: Cron ran at: 31-03-2025 01:15:23 AM [] []
[2025-03-31 01:20:24] SlimMonoLogger.INFO: Cron ran at: 31-03-2025 01:20:24 AM [] []
[2025-03-31 01:25:24] SlimMonoLogger.INFO: Cron ran at: 31-03-2025 01:25:24 AM [] []
[2025-03-31 01:30:29] SlimMonoLogger.INFO: Cron ran at: 31-03-2025 01:30:29 AM [] []
[2025-03-31 01:35:32] SlimMonoLogger.INFO: Cron ran at: 31-03-2025 01:35:32 AM [] []
[2025-03-31 01:40:33] SlimMonoLogger.INFO: Cron ran at: 31-03-2025 01:40:33 AM [] []
[2025-03-31 01:45:34] SlimMonoLogger.INFO: Cron ran at: 31-03-2025 01:45:34 AM [] []
[2025-03-31 01:50:35] SlimMonoLogger.INFO: Cron ran at: 31-03-2025 01:50:35 AM [] []
[2025-03-31 01:55:32] SlimMonoLogger.INFO: Cron ran at: 31-03-2025 01:55:32 AM [] []
