[2025-05-30 02:00:33] SlimMonoLogger.INFO: Cron ran at: 30-05-2025 02:00:33 AM [] []
[2025-05-30 02:05:37] SlimMonoLogger.INFO: Cron ran at: 30-05-2025 02:05:37 AM [] []
[2025-05-30 02:10:33] SlimMonoLogger.INFO: Cron ran at: 30-05-2025 02:10:33 AM [] []
[2025-05-30 02:15:34] SlimMonoLogger.INFO: Cron ran at: 30-05-2025 02:15:34 AM [] []
[2025-05-30 02:20:34] SlimMonoLogger.INFO: Cron ran at: 30-05-2025 02:20:34 AM [] []
[2025-05-30 02:25:32] SlimMonoLogger.INFO: Cron ran at: 30-05-2025 02:25:32 AM [] []
[2025-05-30 02:30:29] SlimMonoLogger.INFO: Cron ran at: 30-05-2025 02:30:29 AM [] []
[2025-05-30 02:35:31] SlimMonoLogger.INFO: Cron ran at: 30-05-2025 02:35:31 AM [] []
[2025-05-30 02:40:32] SlimMonoLogger.INFO: Cron ran at: 30-05-2025 02:40:32 AM [] []
[2025-05-30 02:45:33] SlimMonoLogger.INFO: Cron ran at: 30-05-2025 02:45:33 AM [] []
[2025-05-30 02:50:32] SlimMonoLogger.INFO: Cron ran at: 30-05-2025 02:50:32 AM [] []
[2025-05-30 02:55:32] SlimMonoLogger.INFO: Cron ran at: 30-05-2025 02:55:32 AM [] []
[2025-05-30 03:00:34] SlimMonoLogger.INFO: Cron ran at: 30-05-2025 03:00:34 AM [] []
[2025-05-30 03:05:31] SlimMonoLogger.INFO: Cron ran at: 30-05-2025 03:05:31 AM [] []
[2025-05-30 03:10:31] SlimMonoLogger.INFO: Cron ran at: 30-05-2025 03:10:31 AM [] []
[2025-05-30 03:15:33] SlimMonoLogger.INFO: Cron ran at: 30-05-2025 03:15:33 AM [] []
[2025-05-30 03:20:33] SlimMonoLogger.INFO: Cron ran at: 30-05-2025 03:20:33 AM [] []
[2025-05-30 03:25:32] SlimMonoLogger.INFO: Cron ran at: 30-05-2025 03:25:32 AM [] []
[2025-05-30 03:30:37] SlimMonoLogger.INFO: Cron ran at: 30-05-2025 03:30:37 AM [] []
[2025-05-30 03:35:35] SlimMonoLogger.INFO: Cron ran at: 30-05-2025 03:35:35 AM [] []
[2025-05-30 03:40:31] SlimMonoLogger.INFO: Cron ran at: 30-05-2025 03:40:31 AM [] []
[2025-05-30 03:45:33] SlimMonoLogger.INFO: Cron ran at: 30-05-2025 03:45:33 AM [] []
[2025-05-30 03:50:33] SlimMonoLogger.INFO: Cron ran at: 30-05-2025 03:50:33 AM [] []
[2025-05-30 03:55:30] SlimMonoLogger.INFO: Cron ran at: 30-05-2025 03:55:30 AM [] []
[2025-05-30 04:00:34] SlimMonoLogger.INFO: Cron ran at: 30-05-2025 04:00:34 AM [] []
[2025-05-30 04:05:29] SlimMonoLogger.INFO: Cron ran at: 30-05-2025 04:05:29 AM [] []
[2025-05-30 04:10:31] SlimMonoLogger.INFO: Cron ran at: 30-05-2025 04:10:31 AM [] []
[2025-05-30 04:15:30] SlimMonoLogger.INFO: Cron ran at: 30-05-2025 04:15:30 AM [] []
[2025-05-30 04:20:29] SlimMonoLogger.INFO: Cron ran at: 30-05-2025 04:20:29 AM [] []
[2025-05-30 04:25:30] SlimMonoLogger.INFO: Cron ran at: 30-05-2025 04:25:30 AM [] []
[2025-05-30 04:32:20] SlimMonoLogger.ERROR: Requests_Exception: cURL error 18: transfer closed with outstanding read data remaining in /home/latihtal/public_html/agregator1/src/vendor/rmccue/requests/library/Requests/Transport/cURL.php:422
Stack trace:
#0 /home/latihtal/public_html/agregator1/src/vendor/rmccue/requests/library/Requests/Transport/cURL.php(177): Requests_Transport_cURL->process_response()
#1 /home/latihtal/public_html/agregator1/src/vendor/rmccue/requests/library/Requests.php(379): Requests_Transport_cURL->request()
#2 /home/latihtal/public_html/agregator1/src/vendor/rmccue/requests/library/Requests/Session.php(205): Requests::request()
#3 /home/latihtal/public_html/agregator1/src/vendor/rmccue/requests/library/Requests/Session.php(132): Requests_Session->request()
#4 /home/latihtal/public_html/agregator1/src/drivers/Http/RssImporter.php(144): Requests_Session->get()
#5 /home/latihtal/public_html/agregator1/src/controllers/Dashboard/DashboardFeedsController.php(534): spark\drivers\Http\RssImporter->fetchPosts()
#6 /home/latihtal/public_html/agregator1/src/controllers/Site/SiteController.php(722): spark\controllers\Dashboard\DashboardFeedsController::importFeedPosts()
#7 [internal function]: spark\controllers\Site\SiteController->runTasks()
#8 /home/latihtal/public_html/agregator1/src/framework/Route.php(173): call_user_func_array()
#9 [internal function]: Slim\Route->Slim\{closure}()
#10 /home/latihtal/public_html/agregator1/src/framework/Route.php(468): call_user_func_array()
#11 /home/latihtal/public_html/agregator1/src/framework/Slim.php(1364): Slim\Route->dispatch()
#12 /home/latihtal/public_html/agregator1/src/framework/Middleware/Flash.php(85): Slim\Slim->call()
#13 /home/latihtal/public_html/agregator1/src/framework/Middleware/MethodOverride.php(92): Slim\Middleware\Flash->call()
#14 /home/latihtal/public_html/agregator1/src/middlewares/CsrfGuard/CsrfGuard.php(47): Slim\Middleware\MethodOverride->call()
#15 /home/latihtal/public_html/agregator1/src/framework/Middleware/PrettyExceptions.php(67): spark\middlewares\CsrfGuard\CsrfGuard->call()
#16 /home/latihtal/public_html/agregator1/src/framework/Slim.php(1308): Slim\Middleware\PrettyExceptions->call()
#17 /home/latihtal/public_html/agregator1/index.php(6): Slim\Slim->run()
#18 {main} [] []
[2025-05-30 04:32:28] SlimMonoLogger.INFO: Cron ran at: 30-05-2025 04:32:28 AM [] []
[2025-05-30 04:35:41] SlimMonoLogger.INFO: Cron ran at: 30-05-2025 04:35:41 AM [] []
[2025-05-30 04:40:32] SlimMonoLogger.INFO: Cron ran at: 30-05-2025 04:40:32 AM [] []
[2025-05-30 04:45:31] SlimMonoLogger.INFO: Cron ran at: 30-05-2025 04:45:31 AM [] []
[2025-05-30 04:50:30] SlimMonoLogger.INFO: Cron ran at: 30-05-2025 04:50:30 AM [] []
[2025-05-30 04:55:30] SlimMonoLogger.INFO: Cron ran at: 30-05-2025 04:55:30 AM [] []
[2025-05-30 05:00:33] SlimMonoLogger.INFO: Cron ran at: 30-05-2025 05:00:33 AM [] []
[2025-05-30 05:05:31] SlimMonoLogger.INFO: Cron ran at: 30-05-2025 05:05:31 AM [] []
[2025-05-30 05:10:30] SlimMonoLogger.INFO: Cron ran at: 30-05-2025 05:10:30 AM [] []
[2025-05-30 05:15:32] SlimMonoLogger.INFO: Cron ran at: 30-05-2025 05:15:32 AM [] []
[2025-05-30 05:20:34] SlimMonoLogger.INFO: Cron ran at: 30-05-2025 05:20:34 AM [] []
[2025-05-30 05:25:28] SlimMonoLogger.INFO: Cron ran at: 30-05-2025 05:25:28 AM [] []
[2025-05-30 05:30:34] SlimMonoLogger.INFO: Cron ran at: 30-05-2025 05:30:34 AM [] []
[2025-05-30 05:35:31] SlimMonoLogger.INFO: Cron ran at: 30-05-2025 05:35:31 AM [] []
[2025-05-30 05:40:32] SlimMonoLogger.INFO: Cron ran at: 30-05-2025 05:40:32 AM [] []
[2025-05-30 05:45:30] SlimMonoLogger.INFO: Cron ran at: 30-05-2025 05:45:30 AM [] []
[2025-05-30 05:50:30] SlimMonoLogger.INFO: Cron ran at: 30-05-2025 05:50:30 AM [] []
[2025-05-30 05:55:30] SlimMonoLogger.INFO: Cron ran at: 30-05-2025 05:55:30 AM [] []
[2025-05-30 06:00:33] SlimMonoLogger.INFO: Cron ran at: 30-05-2025 06:00:33 AM [] []
[2025-05-30 06:05:29] SlimMonoLogger.INFO: Cron ran at: 30-05-2025 06:05:29 AM [] []
[2025-05-30 06:10:31] SlimMonoLogger.INFO: Cron ran at: 30-05-2025 06:10:31 AM [] []
[2025-05-30 06:15:31] SlimMonoLogger.INFO: Cron ran at: 30-05-2025 06:15:31 AM [] []
[2025-05-30 06:20:32] SlimMonoLogger.INFO: Cron ran at: 30-05-2025 06:20:32 AM [] []
[2025-05-30 06:25:29] SlimMonoLogger.INFO: Cron ran at: 30-05-2025 06:25:29 AM [] []
[2025-05-30 06:30:30] SlimMonoLogger.INFO: Cron ran at: 30-05-2025 06:30:30 AM [] []
[2025-05-30 06:35:30] SlimMonoLogger.INFO: Cron ran at: 30-05-2025 06:35:30 AM [] []
[2025-05-30 06:40:30] SlimMonoLogger.INFO: Cron ran at: 30-05-2025 06:40:30 AM [] []
[2025-05-30 06:45:34] SlimMonoLogger.INFO: Cron ran at: 30-05-2025 06:45:34 AM [] []
[2025-05-30 06:50:32] SlimMonoLogger.INFO: Cron ran at: 30-05-2025 06:50:32 AM [] []
[2025-05-30 06:55:31] SlimMonoLogger.INFO: Cron ran at: 30-05-2025 06:55:31 AM [] []
[2025-05-30 07:00:35] SlimMonoLogger.INFO: Cron ran at: 30-05-2025 07:00:35 AM [] []
[2025-05-30 07:05:31] SlimMonoLogger.INFO: Cron ran at: 30-05-2025 07:05:31 AM [] []
[2025-05-30 07:10:32] SlimMonoLogger.INFO: Cron ran at: 30-05-2025 07:10:32 AM [] []
[2025-05-30 07:15:31] SlimMonoLogger.INFO: Cron ran at: 30-05-2025 07:15:31 AM [] []
[2025-05-30 07:20:30] SlimMonoLogger.INFO: Cron ran at: 30-05-2025 07:20:30 AM [] []
[2025-05-30 07:25:30] SlimMonoLogger.INFO: Cron ran at: 30-05-2025 07:25:30 AM [] []
[2025-05-30 07:30:35] SlimMonoLogger.INFO: Cron ran at: 30-05-2025 07:30:35 AM [] []
[2025-05-30 07:35:31] SlimMonoLogger.INFO: Cron ran at: 30-05-2025 07:35:31 AM [] []
[2025-05-30 07:40:30] SlimMonoLogger.INFO: Cron ran at: 30-05-2025 07:40:30 AM [] []
[2025-05-30 07:45:31] SlimMonoLogger.INFO: Cron ran at: 30-05-2025 07:45:31 AM [] []
[2025-05-30 07:50:30] SlimMonoLogger.INFO: Cron ran at: 30-05-2025 07:50:30 AM [] []
[2025-05-30 07:55:28] SlimMonoLogger.INFO: Cron ran at: 30-05-2025 07:55:28 AM [] []
[2025-05-30 08:00:35] SlimMonoLogger.INFO: Cron ran at: 30-05-2025 08:00:35 AM [] []
[2025-05-30 08:05:41] SlimMonoLogger.INFO: Cron ran at: 30-05-2025 08:05:41 AM [] []
[2025-05-30 08:10:31] SlimMonoLogger.INFO: Cron ran at: 30-05-2025 08:10:31 AM [] []
[2025-05-30 08:15:39] SlimMonoLogger.INFO: Cron ran at: 30-05-2025 08:15:39 AM [] []
[2025-05-30 08:20:32] SlimMonoLogger.INFO: Cron ran at: 30-05-2025 08:20:32 AM [] []
[2025-05-30 08:25:31] SlimMonoLogger.INFO: Cron ran at: 30-05-2025 08:25:31 AM [] []
[2025-05-30 08:30:38] SlimMonoLogger.INFO: Cron ran at: 30-05-2025 08:30:38 AM [] []
[2025-05-30 08:35:37] SlimMonoLogger.INFO: Cron ran at: 30-05-2025 08:35:37 AM [] []
[2025-05-30 08:40:34] SlimMonoLogger.INFO: Cron ran at: 30-05-2025 08:40:34 AM [] []
[2025-05-30 08:45:39] SlimMonoLogger.INFO: Cron ran at: 30-05-2025 08:45:39 AM [] []
[2025-05-30 08:50:34] SlimMonoLogger.INFO: Cron ran at: 30-05-2025 08:50:34 AM [] []
[2025-05-30 08:55:40] SlimMonoLogger.INFO: Cron ran at: 30-05-2025 08:55:40 AM [] []
[2025-05-30 09:00:35] SlimMonoLogger.INFO: Cron ran at: 30-05-2025 09:00:35 AM [] []
[2025-05-30 09:05:38] SlimMonoLogger.INFO: Cron ran at: 30-05-2025 09:05:38 AM [] []
[2025-05-30 09:10:34] SlimMonoLogger.INFO: Cron ran at: 30-05-2025 09:10:34 AM [] []
[2025-05-30 09:15:30] SlimMonoLogger.INFO: Cron ran at: 30-05-2025 09:15:30 AM [] []
[2025-05-30 09:20:34] SlimMonoLogger.INFO: Cron ran at: 30-05-2025 09:20:34 AM [] []
[2025-05-30 09:25:35] SlimMonoLogger.INFO: Cron ran at: 30-05-2025 09:25:35 AM [] []
[2025-05-30 09:30:39] SlimMonoLogger.INFO: Cron ran at: 30-05-2025 09:30:39 AM [] []
[2025-05-30 09:35:36] SlimMonoLogger.INFO: Cron ran at: 30-05-2025 09:35:36 AM [] []
[2025-05-30 09:40:32] SlimMonoLogger.INFO: Cron ran at: 30-05-2025 09:40:32 AM [] []
[2025-05-30 09:45:33] SlimMonoLogger.INFO: Cron ran at: 30-05-2025 09:45:33 AM [] []
[2025-05-30 09:50:35] SlimMonoLogger.INFO: Cron ran at: 30-05-2025 09:50:35 AM [] []
[2025-05-30 09:55:32] SlimMonoLogger.INFO: Cron ran at: 30-05-2025 09:55:32 AM [] []
[2025-05-30 10:00:33] SlimMonoLogger.INFO: Cron ran at: 30-05-2025 10:00:33 AM [] []
[2025-05-30 10:05:31] SlimMonoLogger.INFO: Cron ran at: 30-05-2025 10:05:31 AM [] []
[2025-05-30 10:10:35] SlimMonoLogger.INFO: Cron ran at: 30-05-2025 10:10:35 AM [] []
[2025-05-30 10:15:35] SlimMonoLogger.INFO: Cron ran at: 30-05-2025 10:15:35 AM [] []
[2025-05-30 10:20:29] SlimMonoLogger.INFO: Cron ran at: 30-05-2025 10:20:29 AM [] []
[2025-05-30 10:25:32] SlimMonoLogger.INFO: Cron ran at: 30-05-2025 10:25:32 AM [] []
[2025-05-30 10:30:32] SlimMonoLogger.INFO: Cron ran at: 30-05-2025 10:30:32 AM [] []
[2025-05-30 10:35:32] SlimMonoLogger.INFO: Cron ran at: 30-05-2025 10:35:32 AM [] []
[2025-05-30 10:40:30] SlimMonoLogger.INFO: Cron ran at: 30-05-2025 10:40:30 AM [] []
[2025-05-30 10:45:34] SlimMonoLogger.INFO: Cron ran at: 30-05-2025 10:45:34 AM [] []
[2025-05-30 10:50:33] SlimMonoLogger.INFO: Cron ran at: 30-05-2025 10:50:33 AM [] []
[2025-05-30 10:55:32] SlimMonoLogger.INFO: Cron ran at: 30-05-2025 10:55:32 AM [] []
[2025-05-30 11:00:32] SlimMonoLogger.INFO: Cron ran at: 30-05-2025 11:00:32 AM [] []
[2025-05-30 11:05:32] SlimMonoLogger.INFO: Cron ran at: 30-05-2025 11:05:32 AM [] []
[2025-05-30 11:10:32] SlimMonoLogger.INFO: Cron ran at: 30-05-2025 11:10:32 AM [] []
[2025-05-30 11:15:34] SlimMonoLogger.INFO: Cron ran at: 30-05-2025 11:15:34 AM [] []
[2025-05-30 11:20:32] SlimMonoLogger.INFO: Cron ran at: 30-05-2025 11:20:32 AM [] []
[2025-05-30 11:25:35] SlimMonoLogger.INFO: Cron ran at: 30-05-2025 11:25:35 AM [] []
[2025-05-30 11:30:32] SlimMonoLogger.INFO: Cron ran at: 30-05-2025 11:30:32 AM [] []
[2025-05-30 11:35:35] SlimMonoLogger.INFO: Cron ran at: 30-05-2025 11:35:35 AM [] []
[2025-05-30 11:40:31] SlimMonoLogger.INFO: Cron ran at: 30-05-2025 11:40:31 AM [] []
[2025-05-30 11:45:36] SlimMonoLogger.INFO: Cron ran at: 30-05-2025 11:45:36 AM [] []
[2025-05-30 11:50:41] SlimMonoLogger.INFO: Cron ran at: 30-05-2025 11:50:41 AM [] []
[2025-05-30 11:55:30] SlimMonoLogger.INFO: Cron ran at: 30-05-2025 11:55:30 AM [] []
[2025-05-30 12:00:33] SlimMonoLogger.INFO: Cron ran at: 30-05-2025 12:00:33 PM [] []
[2025-05-30 12:05:37] SlimMonoLogger.INFO: Cron ran at: 30-05-2025 12:05:37 PM [] []
[2025-05-30 12:10:30] SlimMonoLogger.INFO: Cron ran at: 30-05-2025 12:10:30 PM [] []
[2025-05-30 12:15:32] SlimMonoLogger.INFO: Cron ran at: 30-05-2025 12:15:32 PM [] []
[2025-05-30 12:20:33] SlimMonoLogger.INFO: Cron ran at: 30-05-2025 12:20:33 PM [] []
[2025-05-30 12:25:30] SlimMonoLogger.INFO: Cron ran at: 30-05-2025 12:25:30 PM [] []
[2025-05-30 12:30:35] SlimMonoLogger.INFO: Cron ran at: 30-05-2025 12:30:35 PM [] []
[2025-05-30 12:35:35] SlimMonoLogger.INFO: Cron ran at: 30-05-2025 12:35:35 PM [] []
[2025-05-30 12:40:45] SlimMonoLogger.INFO: Cron ran at: 30-05-2025 12:40:45 PM [] []
[2025-05-30 12:45:34] SlimMonoLogger.INFO: Cron ran at: 30-05-2025 12:45:34 PM [] []
[2025-05-30 12:50:32] SlimMonoLogger.INFO: Cron ran at: 30-05-2025 12:50:32 PM [] []
[2025-05-30 12:55:40] SlimMonoLogger.INFO: Cron ran at: 30-05-2025 12:55:40 PM [] []
[2025-05-30 13:00:34] SlimMonoLogger.INFO: Cron ran at: 30-05-2025 01:00:34 PM [] []
[2025-05-30 13:05:32] SlimMonoLogger.INFO: Cron ran at: 30-05-2025 01:05:32 PM [] []
[2025-05-30 13:10:31] SlimMonoLogger.INFO: Cron ran at: 30-05-2025 01:10:31 PM [] []
[2025-05-30 13:15:33] SlimMonoLogger.INFO: Cron ran at: 30-05-2025 01:15:33 PM [] []
[2025-05-30 13:20:30] SlimMonoLogger.INFO: Cron ran at: 30-05-2025 01:20:30 PM [] []
[2025-05-30 13:25:32] SlimMonoLogger.INFO: Cron ran at: 30-05-2025 01:25:32 PM [] []
[2025-05-30 13:30:37] SlimMonoLogger.INFO: Cron ran at: 30-05-2025 01:30:37 PM [] []
[2025-05-30 13:35:35] SlimMonoLogger.INFO: Cron ran at: 30-05-2025 01:35:35 PM [] []
[2025-05-30 13:40:36] SlimMonoLogger.INFO: Cron ran at: 30-05-2025 01:40:36 PM [] []
[2025-05-30 13:45:35] SlimMonoLogger.INFO: Cron ran at: 30-05-2025 01:45:35 PM [] []
[2025-05-30 13:50:31] SlimMonoLogger.INFO: Cron ran at: 30-05-2025 01:50:31 PM [] []
[2025-05-30 13:55:36] SlimMonoLogger.INFO: Cron ran at: 30-05-2025 01:55:36 PM [] []
[2025-05-30 14:00:36] SlimMonoLogger.INFO: Cron ran at: 30-05-2025 02:00:36 PM [] []
[2025-05-30 14:05:34] SlimMonoLogger.INFO: Cron ran at: 30-05-2025 02:05:34 PM [] []
[2025-05-30 14:10:31] SlimMonoLogger.INFO: Cron ran at: 30-05-2025 02:10:31 PM [] []
[2025-05-30 14:15:32] SlimMonoLogger.INFO: Cron ran at: 30-05-2025 02:15:32 PM [] []
[2025-05-30 14:20:32] SlimMonoLogger.INFO: Cron ran at: 30-05-2025 02:20:32 PM [] []
[2025-05-30 14:25:34] SlimMonoLogger.INFO: Cron ran at: 30-05-2025 02:25:34 PM [] []
[2025-05-30 14:30:32] SlimMonoLogger.INFO: Cron ran at: 30-05-2025 02:30:32 PM [] []
[2025-05-30 14:35:34] SlimMonoLogger.INFO: Cron ran at: 30-05-2025 02:35:34 PM [] []
[2025-05-30 14:40:31] SlimMonoLogger.INFO: Cron ran at: 30-05-2025 02:40:31 PM [] []
[2025-05-30 14:45:36] SlimMonoLogger.INFO: Cron ran at: 30-05-2025 02:45:36 PM [] []
[2025-05-30 14:50:33] SlimMonoLogger.INFO: Cron ran at: 30-05-2025 02:50:33 PM [] []
[2025-05-30 14:55:33] SlimMonoLogger.INFO: Cron ran at: 30-05-2025 02:55:33 PM [] []
[2025-05-30 15:00:35] SlimMonoLogger.INFO: Cron ran at: 30-05-2025 03:00:35 PM [] []
[2025-05-30 15:05:33] SlimMonoLogger.INFO: Cron ran at: 30-05-2025 03:05:33 PM [] []
[2025-05-30 15:10:30] SlimMonoLogger.INFO: Cron ran at: 30-05-2025 03:10:30 PM [] []
[2025-05-30 15:15:33] SlimMonoLogger.INFO: Cron ran at: 30-05-2025 03:15:33 PM [] []
[2025-05-30 15:20:31] SlimMonoLogger.INFO: Cron ran at: 30-05-2025 03:20:31 PM [] []
[2025-05-30 15:25:36] SlimMonoLogger.INFO: Cron ran at: 30-05-2025 03:25:36 PM [] []
[2025-05-30 15:30:36] SlimMonoLogger.INFO: Cron ran at: 30-05-2025 03:30:36 PM [] []
[2025-05-30 15:35:32] SlimMonoLogger.INFO: Cron ran at: 30-05-2025 03:35:32 PM [] []
[2025-05-30 15:40:31] SlimMonoLogger.INFO: Cron ran at: 30-05-2025 03:40:31 PM [] []
[2025-05-30 15:45:30] SlimMonoLogger.INFO: Cron ran at: 30-05-2025 03:45:30 PM [] []
[2025-05-30 15:50:32] SlimMonoLogger.INFO: Cron ran at: 30-05-2025 03:50:32 PM [] []
[2025-05-30 15:55:30] SlimMonoLogger.INFO: Cron ran at: 30-05-2025 03:55:30 PM [] []
[2025-05-30 16:00:37] SlimMonoLogger.INFO: Cron ran at: 30-05-2025 04:00:37 PM [] []
[2025-05-30 16:05:38] SlimMonoLogger.INFO: Cron ran at: 30-05-2025 04:05:38 PM [] []
[2025-05-30 16:10:35] SlimMonoLogger.INFO: Cron ran at: 30-05-2025 04:10:35 PM [] []
[2025-05-30 16:15:33] SlimMonoLogger.INFO: Cron ran at: 30-05-2025 04:15:33 PM [] []
[2025-05-30 16:20:34] SlimMonoLogger.INFO: Cron ran at: 30-05-2025 04:20:34 PM [] []
[2025-05-30 16:25:32] SlimMonoLogger.INFO: Cron ran at: 30-05-2025 04:25:32 PM [] []
[2025-05-30 16:30:41] SlimMonoLogger.INFO: Cron ran at: 30-05-2025 04:30:41 PM [] []
[2025-05-30 16:35:36] SlimMonoLogger.INFO: Cron ran at: 30-05-2025 04:35:36 PM [] []
[2025-05-30 16:40:34] SlimMonoLogger.INFO: Cron ran at: 30-05-2025 04:40:34 PM [] []
[2025-05-30 16:45:30] SlimMonoLogger.INFO: Cron ran at: 30-05-2025 04:45:30 PM [] []
[2025-05-30 16:50:30] SlimMonoLogger.INFO: Cron ran at: 30-05-2025 04:50:30 PM [] []
[2025-05-30 16:55:33] SlimMonoLogger.INFO: Cron ran at: 30-05-2025 04:55:33 PM [] []
[2025-05-30 17:00:38] SlimMonoLogger.INFO: Cron ran at: 30-05-2025 05:00:38 PM [] []
[2025-05-30 17:05:31] SlimMonoLogger.INFO: Cron ran at: 30-05-2025 05:05:31 PM [] []
[2025-05-30 17:10:34] SlimMonoLogger.INFO: Cron ran at: 30-05-2025 05:10:34 PM [] []
[2025-05-30 17:15:30] SlimMonoLogger.INFO: Cron ran at: 30-05-2025 05:15:30 PM [] []
[2025-05-30 17:20:30] SlimMonoLogger.INFO: Cron ran at: 30-05-2025 05:20:30 PM [] []
[2025-05-30 17:25:31] SlimMonoLogger.INFO: Cron ran at: 30-05-2025 05:25:31 PM [] []
[2025-05-30 17:30:32] SlimMonoLogger.INFO: Cron ran at: 30-05-2025 05:30:32 PM [] []
[2025-05-30 17:35:38] SlimMonoLogger.INFO: Cron ran at: 30-05-2025 05:35:38 PM [] []
[2025-05-30 17:40:32] SlimMonoLogger.INFO: Cron ran at: 30-05-2025 05:40:32 PM [] []
[2025-05-30 17:45:34] SlimMonoLogger.INFO: Cron ran at: 30-05-2025 05:45:34 PM [] []
[2025-05-30 17:50:32] SlimMonoLogger.INFO: Cron ran at: 30-05-2025 05:50:32 PM [] []
[2025-05-30 17:55:31] SlimMonoLogger.INFO: Cron ran at: 30-05-2025 05:55:31 PM [] []
[2025-05-30 18:00:33] SlimMonoLogger.INFO: Cron ran at: 30-05-2025 06:00:33 PM [] []
[2025-05-30 18:05:34] SlimMonoLogger.INFO: Cron ran at: 30-05-2025 06:05:34 PM [] []
[2025-05-30 18:10:30] SlimMonoLogger.INFO: Cron ran at: 30-05-2025 06:10:30 PM [] []
[2025-05-30 18:15:31] SlimMonoLogger.INFO: Cron ran at: 30-05-2025 06:15:31 PM [] []
[2025-05-30 18:20:32] SlimMonoLogger.INFO: Cron ran at: 30-05-2025 06:20:32 PM [] []
[2025-05-30 18:25:35] SlimMonoLogger.INFO: Cron ran at: 30-05-2025 06:25:35 PM [] []
[2025-05-30 18:30:36] SlimMonoLogger.INFO: Cron ran at: 30-05-2025 06:30:36 PM [] []
[2025-05-30 18:35:36] SlimMonoLogger.INFO: Cron ran at: 30-05-2025 06:35:36 PM [] []
[2025-05-30 18:40:34] SlimMonoLogger.INFO: Cron ran at: 30-05-2025 06:40:34 PM [] []
[2025-05-30 18:45:35] SlimMonoLogger.INFO: Cron ran at: 30-05-2025 06:45:35 PM [] []
[2025-05-30 18:50:34] SlimMonoLogger.INFO: Cron ran at: 30-05-2025 06:50:34 PM [] []
[2025-05-30 18:55:32] SlimMonoLogger.INFO: Cron ran at: 30-05-2025 06:55:32 PM [] []
[2025-05-30 19:00:41] SlimMonoLogger.INFO: Cron ran at: 30-05-2025 07:00:41 PM [] []
[2025-05-30 19:05:33] SlimMonoLogger.INFO: Cron ran at: 30-05-2025 07:05:33 PM [] []
[2025-05-30 19:10:35] SlimMonoLogger.INFO: Cron ran at: 30-05-2025 07:10:35 PM [] []
[2025-05-30 19:15:35] SlimMonoLogger.INFO: Cron ran at: 30-05-2025 07:15:35 PM [] []
[2025-05-30 19:20:36] SlimMonoLogger.INFO: Cron ran at: 30-05-2025 07:20:36 PM [] []
[2025-05-30 19:25:32] SlimMonoLogger.INFO: Cron ran at: 30-05-2025 07:25:32 PM [] []
[2025-05-30 19:30:37] SlimMonoLogger.INFO: Cron ran at: 30-05-2025 07:30:37 PM [] []
[2025-05-30 19:35:36] SlimMonoLogger.INFO: Cron ran at: 30-05-2025 07:35:36 PM [] []
[2025-05-30 19:40:34] SlimMonoLogger.INFO: Cron ran at: 30-05-2025 07:40:34 PM [] []
[2025-05-30 19:45:36] SlimMonoLogger.INFO: Cron ran at: 30-05-2025 07:45:36 PM [] []
[2025-05-30 19:50:32] SlimMonoLogger.INFO: Cron ran at: 30-05-2025 07:50:32 PM [] []
[2025-05-30 19:55:33] SlimMonoLogger.INFO: Cron ran at: 30-05-2025 07:55:33 PM [] []
[2025-05-30 20:00:38] SlimMonoLogger.INFO: Cron ran at: 30-05-2025 08:00:38 PM [] []
[2025-05-30 20:05:35] SlimMonoLogger.INFO: Cron ran at: 30-05-2025 08:05:35 PM [] []
[2025-05-30 20:10:35] SlimMonoLogger.INFO: Cron ran at: 30-05-2025 08:10:35 PM [] []
[2025-05-30 20:15:37] SlimMonoLogger.INFO: Cron ran at: 30-05-2025 08:15:37 PM [] []
[2025-05-30 20:20:30] SlimMonoLogger.INFO: Cron ran at: 30-05-2025 08:20:30 PM [] []
[2025-05-30 20:25:32] SlimMonoLogger.INFO: Cron ran at: 30-05-2025 08:25:32 PM [] []
[2025-05-30 20:30:33] SlimMonoLogger.INFO: Cron ran at: 30-05-2025 08:30:33 PM [] []
[2025-05-30 20:35:33] SlimMonoLogger.INFO: Cron ran at: 30-05-2025 08:35:33 PM [] []
[2025-05-30 20:40:33] SlimMonoLogger.INFO: Cron ran at: 30-05-2025 08:40:33 PM [] []
[2025-05-30 20:45:35] SlimMonoLogger.INFO: Cron ran at: 30-05-2025 08:45:35 PM [] []
[2025-05-30 20:50:36] SlimMonoLogger.INFO: Cron ran at: 30-05-2025 08:50:36 PM [] []
[2025-05-30 20:55:33] SlimMonoLogger.INFO: Cron ran at: 30-05-2025 08:55:33 PM [] []
[2025-05-30 21:00:36] SlimMonoLogger.INFO: Cron ran at: 30-05-2025 09:00:36 PM [] []
[2025-05-30 21:05:37] SlimMonoLogger.INFO: Cron ran at: 30-05-2025 09:05:37 PM [] []
[2025-05-30 21:10:31] SlimMonoLogger.INFO: Cron ran at: 30-05-2025 09:10:31 PM [] []
[2025-05-30 21:15:34] SlimMonoLogger.INFO: Cron ran at: 30-05-2025 09:15:34 PM [] []
[2025-05-30 21:20:29] SlimMonoLogger.INFO: Cron ran at: 30-05-2025 09:20:29 PM [] []
[2025-05-30 21:25:32] SlimMonoLogger.INFO: Cron ran at: 30-05-2025 09:25:32 PM [] []
[2025-05-30 21:30:34] SlimMonoLogger.INFO: Cron ran at: 30-05-2025 09:30:34 PM [] []
[2025-05-30 21:35:35] SlimMonoLogger.INFO: Cron ran at: 30-05-2025 09:35:35 PM [] []
[2025-05-30 21:40:38] SlimMonoLogger.INFO: Cron ran at: 30-05-2025 09:40:38 PM [] []
[2025-05-30 21:45:35] SlimMonoLogger.INFO: Cron ran at: 30-05-2025 09:45:35 PM [] []
[2025-05-30 21:50:41] SlimMonoLogger.INFO: Cron ran at: 30-05-2025 09:50:41 PM [] []
[2025-05-30 21:55:31] SlimMonoLogger.INFO: Cron ran at: 30-05-2025 09:55:31 PM [] []
[2025-05-30 22:00:46] SlimMonoLogger.INFO: Cron ran at: 30-05-2025 10:00:46 PM [] []
[2025-05-30 22:05:30] SlimMonoLogger.INFO: Cron ran at: 30-05-2025 10:05:30 PM [] []
[2025-05-30 22:10:30] SlimMonoLogger.INFO: Cron ran at: 30-05-2025 10:10:30 PM [] []
[2025-05-30 22:15:33] SlimMonoLogger.INFO: Cron ran at: 30-05-2025 10:15:33 PM [] []
[2025-05-30 22:20:30] SlimMonoLogger.INFO: Cron ran at: 30-05-2025 10:20:30 PM [] []
[2025-05-30 22:25:34] SlimMonoLogger.INFO: Cron ran at: 30-05-2025 10:25:34 PM [] []
[2025-05-30 22:30:38] SlimMonoLogger.INFO: Cron ran at: 30-05-2025 10:30:38 PM [] []
[2025-05-30 22:35:32] SlimMonoLogger.INFO: Cron ran at: 30-05-2025 10:35:32 PM [] []
[2025-05-30 22:40:33] SlimMonoLogger.INFO: Cron ran at: 30-05-2025 10:40:33 PM [] []
[2025-05-30 22:45:33] SlimMonoLogger.INFO: Cron ran at: 30-05-2025 10:45:33 PM [] []
[2025-05-30 22:50:43] SlimMonoLogger.INFO: Cron ran at: 30-05-2025 10:50:43 PM [] []
[2025-05-30 22:55:34] SlimMonoLogger.INFO: Cron ran at: 30-05-2025 10:55:34 PM [] []
[2025-05-30 23:00:33] SlimMonoLogger.INFO: Cron ran at: 30-05-2025 11:00:33 PM [] []
[2025-05-30 23:05:30] SlimMonoLogger.INFO: Cron ran at: 30-05-2025 11:05:30 PM [] []
[2025-05-30 23:10:29] SlimMonoLogger.INFO: Cron ran at: 30-05-2025 11:10:29 PM [] []
[2025-05-30 23:15:32] SlimMonoLogger.INFO: Cron ran at: 30-05-2025 11:15:32 PM [] []
[2025-05-30 23:20:36] SlimMonoLogger.INFO: Cron ran at: 30-05-2025 11:20:36 PM [] []
[2025-05-30 23:25:32] SlimMonoLogger.INFO: Cron ran at: 30-05-2025 11:25:32 PM [] []
[2025-05-30 23:30:34] SlimMonoLogger.INFO: Cron ran at: 30-05-2025 11:30:34 PM [] []
[2025-05-30 23:35:31] SlimMonoLogger.INFO: Cron ran at: 30-05-2025 11:35:31 PM [] []
[2025-05-30 23:40:33] SlimMonoLogger.INFO: Cron ran at: 30-05-2025 11:40:33 PM [] []
[2025-05-30 23:45:33] SlimMonoLogger.INFO: Cron ran at: 30-05-2025 11:45:33 PM [] []
[2025-05-30 23:50:38] SlimMonoLogger.INFO: Cron ran at: 30-05-2025 11:50:38 PM [] []
[2025-05-30 23:55:28] SlimMonoLogger.INFO: Cron ran at: 30-05-2025 11:55:28 PM [] []
[2025-05-31 00:00:37] SlimMonoLogger.INFO: Cron ran at: 31-05-2025 12:00:37 AM [] []
[2025-05-31 00:05:28] SlimMonoLogger.INFO: Cron ran at: 31-05-2025 12:05:28 AM [] []
[2025-05-31 00:10:30] SlimMonoLogger.INFO: Cron ran at: 31-05-2025 12:10:30 AM [] []
[2025-05-31 00:15:30] SlimMonoLogger.INFO: Cron ran at: 31-05-2025 12:15:30 AM [] []
[2025-05-31 00:20:30] SlimMonoLogger.INFO: Cron ran at: 31-05-2025 12:20:30 AM [] []
[2025-05-31 00:25:30] SlimMonoLogger.INFO: Cron ran at: 31-05-2025 12:25:30 AM [] []
[2025-05-31 00:30:31] SlimMonoLogger.INFO: Cron ran at: 31-05-2025 12:30:31 AM [] []
[2025-05-31 00:35:28] SlimMonoLogger.INFO: Cron ran at: 31-05-2025 12:35:28 AM [] []
[2025-05-31 00:40:30] SlimMonoLogger.INFO: Cron ran at: 31-05-2025 12:40:30 AM [] []
[2025-05-31 00:45:29] SlimMonoLogger.INFO: Cron ran at: 31-05-2025 12:45:29 AM [] []
[2025-05-31 00:50:29] SlimMonoLogger.INFO: Cron ran at: 31-05-2025 12:50:29 AM [] []
[2025-05-31 00:55:27] SlimMonoLogger.INFO: Cron ran at: 31-05-2025 12:55:27 AM [] []
[2025-05-31 01:00:36] SlimMonoLogger.INFO: Cron ran at: 31-05-2025 01:00:36 AM [] []
[2025-05-31 01:05:29] SlimMonoLogger.INFO: Cron ran at: 31-05-2025 01:05:29 AM [] []
[2025-05-31 01:10:28] SlimMonoLogger.INFO: Cron ran at: 31-05-2025 01:10:28 AM [] []
[2025-05-31 01:15:29] SlimMonoLogger.INFO: Cron ran at: 31-05-2025 01:15:29 AM [] []
[2025-05-31 01:20:26] SlimMonoLogger.INFO: Cron ran at: 31-05-2025 01:20:26 AM [] []
[2025-05-31 01:25:28] SlimMonoLogger.INFO: Cron ran at: 31-05-2025 01:25:28 AM [] []
[2025-05-31 01:30:32] SlimMonoLogger.INFO: Cron ran at: 31-05-2025 01:30:32 AM [] []
[2025-05-31 01:35:30] SlimMonoLogger.INFO: Cron ran at: 31-05-2025 01:35:30 AM [] []
[2025-05-31 01:40:29] SlimMonoLogger.INFO: Cron ran at: 31-05-2025 01:40:29 AM [] []
[2025-05-31 01:45:30] SlimMonoLogger.INFO: Cron ran at: 31-05-2025 01:45:30 AM [] []
[2025-05-31 01:50:28] SlimMonoLogger.INFO: Cron ran at: 31-05-2025 01:50:28 AM [] []
[2025-05-31 01:55:29] SlimMonoLogger.INFO: Cron ran at: 31-05-2025 01:55:29 AM [] []
